144.76.22.236 - - [07/May/2018:00:00:02 +0200] "GET /tagesausflug-nach-volkach/feed/ HTTP/1.1" 200 556 www.fc-schnaittach.de "http://www.fc-schnaittach.de/tagesausflug-nach-volkach/comments/feed/" "Mozilla/5.0 (Windows; U; Windows NT 6.0; en-GB; rv:1.0; trendictionbot0.5.0; trendiction search; http://www.trendiction.de/bot; please let us know of any problems; web at trendiction.com) Gecko/20071127 Firefox/3.0.0.11" "-"
144.76.22.237 - - [07/May/2018:00:00:05 +0200] "GET /mitgliederversammlung-am-17-03/feed/ HTTP/1.1" 200 563 www.fc-schnaittach.de "-" "Mozilla/5.0 (Windows; U; Windows NT 6.0; en-GB; rv:1.0; trendictionbot0.5.0; trendiction search; http://www.trendiction.de/bot; please let us know of any problems; web at trendiction.com) Gecko/20071127 Firefox/3.0.0.11" "-"
157.55.39.4 - - [07/May/2018:00:01:30 +0200] "GET /bericht-LL-06-24.htm HTTP/1.1" 404 5784 www.fc-schnaittach.de "-" "Mozilla/5.0 (compatible; bingbot/2.0; +http://www.bing.com/bingbot.htm)" "-"
91.210.146.49 - - [07/May/2018:00:05:56 +0200] "POST /wp-login.php HTTP/1.1" 200 1311 www.fc-schnaittach.de "https://www.fc-schnaittach.de/wp-login.php" "Mozilla/5.0 (Windows NT 10.0; WOW64) AppleWebKit/537.36 (KHTML, like Gecko) Chrome/53.0.2785.143 Safari/537.36" "-"
91.210.146.49 - - [07/May/2018:00:05:56 +0200] "GET /wp-admin/ HTTP/1.1" 302 23 www.fc-schnaittach.de "https://www.fc-schnaittach.de/wp-admin/" "Mozilla/5.0 (Windows NT 10.0; WOW64) AppleWebKit/537.36 (KHTML, like Gecko) Chrome/53.0.2785.143 Safari/537.36" "-"
217.160.63.10 - - [07/May/2018:00:11:07 +0200] "POST /wp-cron.php?doing_wp_cron=1525644667.2621469497680664062500 HTTP/1.1" 200 23 www.fc-schnaittach.de "https://www.fc-schnaittach.de/wp-cron.php?doing_wp_cron=1525644667.2621469497680664062500" "WordPress/4.9.5; https://www.fc-schnaittach.de" "-"
144.76.22.235 - - [07/May/2018:00:11:07 +0200] "GET /jahresfahrt-der-wanderabteilung-3/feed/ HTTP/1.1" 200 565 www.fc-schnaittach.de "-" "Mozilla/5.0 (Windows; U; Windows NT 6.0; en-GB; rv:1.0; trendictionbot0.5.0; trendiction search; http://www.trendiction.de/bot; please let us know of any problems; web at trendiction.com) Gecko/20071127 Firefox/3.0.0.11" "-"
144.76.22.237 - - [07/May/2018:00:12:07 +0200] "GET /mitgliederversammlung-am-17-03/feed/ HTTP/1.1" 200 562 www.fc-schnaittach.de "-" "Mozilla/5.0 (Windows; U; Windows NT 6.0; en-GB; rv:1.0; trendictionbot0.5.0; trendiction search; http://www.trendiction.de/bot; please let us know of any problems; web at trendiction.com) Gecko/20071127 Firefox/3.0.0.11" "-"
157.55.39.4 - - [07/May/2018:00:15:08 +0200] "GET /wp-content/uploads/2015/08/IMG_6489.jpg HTTP/1.1" 200 134258 www.fc-schnaittach.de "-" "Mozilla/5.0 (compatible; bingbot/2.0; +http://www.bing.com/bingbot.htm)" "-"
91.210.146.49 - - [07/May/2018:00:19:47 +0200] "POST /wp-login.php HTTP/1.1" 200 1311 www.fc-schnaittach.de "https://www.fc-schnaittach.de/wp-login.php" "Mozilla/5.0 (Windows NT 10.0; WOW64) AppleWebKit/537.36 (KHTML, like Gecko) Chrome/53.0.2785.143 Safari/537.36" "-"
91.210.146.49 - - [07/May/2018:00:19:47 +0200] "GET /wp-admin/ HTTP/1.1" 302 23 www.fc-schnaittach.de "https://www.fc-schnaittach.de/wp-admin/" "Mozilla/5.0 (Windows NT 10.0; WOW64) AppleWebKit/537.36 (KHTML, like Gecko) Chrome/53.0.2785.143 Safari/537.36" "-"
178.137.165.61 - - [07/May/2018:00:23:14 +0200] "GET /karate-teilnahme-an-der-bezirksmeisterschaft-2015/ HTTP/1.1" 200 29806 www.fc-schnaittach.de "https://distonija.com/" "Mozilla/4.0 (compatible; MSIE 6.0; Windows NT 5.1; FREE; .NET CLR 1.1.4322)" "-"
217.160.63.10 - - [07/May/2018:00:23:15 +0200] "POST /wp-cron.php?doing_wp_cron=1525645395.1235589981079101562500 HTTP/1.1" 301 297 www.fc-schnaittach.de "http://www.fc-schnaittach.de/wp-cron.php?doing_wp_cron=1525645395.1235589981079101562500" "WordPress/4.9.5; https://www.fc-schnaittach.de" "-"
178.137.165.61 - - [07/May/2018:00:23:15 +0200] "GET /karate-teilnahme-an-der-bezirksmeisterschaft-2015/ HTTP/1.1" 200 29806 www.fc-schnaittach.de "https://distonija.com/" "Mozilla/4.0 (compatible; MSIE 6.0; Windows NT 5.1; FREE; .NET CLR 1.1.4322)" "-"
178.137.165.61 - - [07/May/2018:00:23:16 +0200] "GET /karate-teilnahme-an-der-bezirksmeisterschaft-2015/ HTTP/1.1" 200 29806 www.fc-schnaittach.de "https://distonija.com/" "Mozilla/4.0 (compatible; MSIE 6.0; Windows NT 5.1; FREE; .NET CLR 1.1.4322)" "-"
217.160.63.10 - - [07/May/2018:00:27:19 +0200] "POST /wp-cron.php?doing_wp_cron=1525645639.4664928913116455078125 HTTP/1.1" 301 297 www.fc-schnaittach.de "http://www.fc-schnaittach.de/wp-cron.php?doing_wp_cron=1525645639.4664928913116455078125" "WordPress/4.9.5; https://www.fc-schnaittach.de" "-"
146.185.223.202 - - [07/May/2018:00:27:19 +0200] "GET /der-1-fc-schnaittach-erhaelt-die-goldene-raute-des-bfv/ HTTP/1.1" 200 28920 www.fc-schnaittach.de "http://www.fc-schnaittach.de/der-1-fc-schnaittach-erhaelt-die-goldene-raute-des-bfv/" "Mozilla/5.0 (Windows NT 8.1; WOW64; rv:32.1) Gecko/20100101 Firefox/32.1" "-"
217.160.63.10 - - [07/May/2018:00:33:33 +0200] "POST /wp-cron.php?doing_wp_cron=1525646013.2215170860290527343750 HTTP/1.1" 200 23 www.fc-schnaittach.de "https://www.fc-schnaittach.de/wp-cron.php?doing_wp_cron=1525646013.2215170860290527343750" "WordPress/4.9.5; https://www.fc-schnaittach.de" "-"
91.210.146.49 - - [07/May/2018:00:33:33 +0200] "POST /wp-login.php HTTP/1.1" 200 1309 www.fc-schnaittach.de "https://www.fc-schnaittach.de/wp-login.php" "Mozilla/5.0 (Windows NT 10.0; WOW64) AppleWebKit/537.36 (KHTML, like Gecko) Chrome/53.0.2785.143 Safari/537.36" "-"
91.210.146.49 - - [07/May/2018:00:33:33 +0200] "GET /wp-admin/ HTTP/1.1" 302 23 www.fc-schnaittach.de "https://www.fc-schnaittach.de/wp-admin/" "Mozilla/5.0 (Windows NT 10.0; WOW64) AppleWebKit/537.36 (KHTML, like Gecko) Chrome/53.0.2785.143 Safari/537.36" "-"
66.249.64.202 - - [07/May/2018:00:46:55 +0200] "GET /sitemap-pt-post-2016-03.xml HTTP/1.1" 200 494 www.fc-schnaittach.de "-" "Mozilla/5.0 (compatible; Googlebot/2.1; +http://www.google.com/bot.html)" "-"
91.210.146.49 - - [07/May/2018:00:47:52 +0200] "POST /wp-login.php HTTP/1.1" 200 1311 www.fc-schnaittach.de "https://www.fc-schnaittach.de/wp-login.php" "Mozilla/5.0 (Windows NT 10.0; WOW64) AppleWebKit/537.36 (KHTML, like Gecko) Chrome/53.0.2785.143 Safari/537.36" "-"
91.210.146.49 - - [07/May/2018:00:47:53 +0200] "GET /wp-admin/ HTTP/1.1" 302 23 www.fc-schnaittach.de "https://www.fc-schnaittach.de/wp-admin/" "Mozilla/5.0 (Windows NT 10.0; WOW64) AppleWebKit/537.36 (KHTML, like Gecko) Chrome/53.0.2785.143 Safari/537.36" "-"
157.55.39.4 - - [07/May/2018:00:52:02 +0200] "GET /wp-content/uploads/2016/01/WF2016_3.jpg HTTP/1.1" 200 89219 www.fc-schnaittach.de "-" "Mozilla/5.0 (compatible; bingbot/2.0; +http://www.bing.com/bingbot.htm)" "-"
40.77.167.79 - - [07/May/2018:00:54:40 +0200] "GET /wp-content/uploads/2014/10/T_Goretzki-257x300.jpg HTTP/1.1" 200 21690 www.fc-schnaittach.de "-" "Mozilla/5.0 (compatible; bingbot/2.0; +http://www.bing.com/bingbot.htm)" "-"
207.46.13.36 - - [07/May/2018:00:57:59 +0200] "GET /category/news/page/2/ HTTP/1.1" 200 8846 www.fc-schnaittach.de "-" "Mozilla/5.0 (compatible; bingbot/2.0; +http://www.bing.com/bingbot.htm)" "-"
157.55.39.4 - - [07/May/2018:00:59:41 +0200] "GET /wp-content/uploads/2014/10/DSC03506-e1430394761925.jpg HTTP/1.1" 301 292 www.fc-schnaittach.de "-" "Mozilla/5.0 (compatible; bingbot/2.0; +http://www.bing.com/bingbot.htm)" "-"
157.55.39.4 - - [07/May/2018:00:59:42 +0200] "GET /wp-content/uploads/2014/10/DSC03506-e1430394761925.jpg HTTP/1.1" 200 107263 www.fc-schnaittach.de "-" "Mozilla/5.0 (compatible; bingbot/2.0; +http://www.bing.com/bingbot.htm)" "-"
91.210.146.49 - - [07/May/2018:01:01:29 +0200] "POST /wp-login.php HTTP/1.1" 200 1309 www.fc-schnaittach.de "https://www.fc-schnaittach.de/wp-login.php" "Mozilla/5.0 (Windows NT 10.0; WOW64) AppleWebKit/537.36 (KHTML, like Gecko) Chrome/53.0.2785.143 Safari/537.36" "-"
91.210.146.49 - - [07/May/2018:01:01:29 +0200] "GET /wp-admin/ HTTP/1.1" 302 23 www.fc-schnaittach.de "https://www.fc-schnaittach.de/wp-admin/" "Mozilla/5.0 (Windows NT 10.0; WOW64) AppleWebKit/537.36 (KHTML, like Gecko) Chrome/53.0.2785.143 Safari/537.36" "-"
157.55.39.4 - - [07/May/2018:01:11:49 +0200] "GET /wp-content/uploads/2014/10/P1160524.jpg HTTP/1.1" 200 435596 www.fc-schnaittach.de "-" "Mozilla/5.0 (compatible; bingbot/2.0; +http://www.bing.com/bingbot.htm)" "-"
217.160.63.10 - - [07/May/2018:01:14:04 +0200] "POST /wp-cron.php?doing_wp_cron=1525648444.8203470706939697265625 HTTP/1.1" 301 297 www.fc-schnaittach.de "http://www.fc-schnaittach.de/wp-cron.php?doing_wp_cron=1525648444.8203470706939697265625" "WordPress/4.9.5; https://www.fc-schnaittach.de" "-"
157.55.39.4 - - [07/May/2018:01:14:04 +0200] "GET /tischtennis/damen/ HTTP/1.1" 200 6810 www.fc-schnaittach.de "-" "Mozilla/5.0 (compatible; bingbot/2.0; +http://www.bing.com/bingbot.htm)" "-"
217.160.63.10 - - [07/May/2018:01:15:24 +0200] "POST /wp-cron.php?doing_wp_cron=1525648524.7175738811492919921875 HTTP/1.1" 200 23 www.fc-schnaittach.de "https://www.fc-schnaittach.de/wp-cron.php?doing_wp_cron=1525648524.7175738811492919921875" "WordPress/4.9.5; https://www.fc-schnaittach.de" "-"
91.210.146.49 - - [07/May/2018:01:15:24 +0200] "POST /wp-login.php HTTP/1.1" 200 1310 www.fc-schnaittach.de "https://www.fc-schnaittach.de/wp-login.php" "Mozilla/5.0 (Windows NT 10.0; WOW64) AppleWebKit/537.36 (KHTML, like Gecko) Chrome/53.0.2785.143 Safari/537.36" "-"
91.210.146.49 - - [07/May/2018:01:15:26 +0200] "GET /wp-admin/ HTTP/1.1" 302 23 www.fc-schnaittach.de "https://www.fc-schnaittach.de/wp-admin/" "Mozilla/5.0 (Windows NT 10.0; WOW64) AppleWebKit/537.36 (KHTML, like Gecko) Chrome/53.0.2785.143 Safari/537.36" "-"
157.55.39.4 - - [07/May/2018:01:16:24 +0200] "GET /wp-content/uploads/2015/03/Maria-Mularczyk.jpg HTTP/1.1" 301 284 www.fc-schnaittach.de "-" "Mozilla/5.0 (compatible; bingbot/2.0; +http://www.bing.com/bingbot.htm)" "-"
157.55.39.4 - - [07/May/2018:01:16:25 +0200] "GET /wp-content/uploads/2015/03/Maria-Mularczyk.jpg HTTP/1.1" 200 67334 www.fc-schnaittach.de "-" "Mozilla/5.0 (compatible; bingbot/2.0; +http://www.bing.com/bingbot.htm)" "-"
157.55.39.4 - - [07/May/2018:01:17:51 +0200] "GET /wp-content/uploads/2014/10/DSC03506-e1430394761925.jpg HTTP/1.1" 301 292 www.fc-schnaittach.de "-" "Mozilla/5.0 (compatible; bingbot/2.0; +http://www.bing.com/bingbot.htm)" "-"
157.55.39.4 - - [07/May/2018:01:17:52 +0200] "GET /wp-content/uploads/2014/10/DSC03506-e1430394761925.jpg HTTP/1.1" 200 107263 www.fc-schnaittach.de "-" "Mozilla/5.0 (compatible; bingbot/2.0; +http://www.bing.com/bingbot.htm)" "-"
5.255.251.17 - - [07/May/2018:01:19:07 +0200] "GET /robots.txt HTTP/1.1" 301 248 www.fc-schnaittach.de "-" "Mozilla/5.0 (compatible; YandexBot/3.0; +http://yandex.com/bots)" "-"
87.250.233.72 - - [07/May/2018:01:19:11 +0200] "GET /ansprechpartner/verein/ HTTP/1.1" 200 7101 www.fc-schnaittach.de "-" "Mozilla/5.0 (compatible; YandexBot/3.0; +http://yandex.com/bots)" "-"
91.210.146.49 - - [07/May/2018:01:29:37 +0200] "POST /wp-login.php HTTP/1.1" 200 1311 www.fc-schnaittach.de "https://www.fc-schnaittach.de/wp-login.php" "Mozilla/5.0 (Windows NT 10.0; WOW64) AppleWebKit/537.36 (KHTML, like Gecko) Chrome/53.0.2785.143 Safari/537.36" "-"
217.160.63.10 - - [07/May/2018:01:29:37 +0200] "POST /wp-cron.php?doing_wp_cron=1525649377.8410389423370361328125 HTTP/1.1" 200 23 www.fc-schnaittach.de "https://www.fc-schnaittach.de/wp-cron.php?doing_wp_cron=1525649377.8410389423370361328125" "WordPress/4.9.5; https://www.fc-schnaittach.de" "-"
217.160.63.10 - - [07/May/2018:01:29:38 +0200] "HEAD /wp-content/uploads/2018/04/Gel%C3%A4ndekarte_Homepage_1-1.png HTTP/1.1" 200 - www.fc-schnaittach.de "https://www.fc-schnaittach.de" "Mozilla/5.0 (compatible; MSIE 9.0; Windows NT 6.1; WOW64; Trident/5.0)" "-"
91.210.146.49 - - [07/May/2018:01:29:39 +0200] "GET /wp-admin/ HTTP/1.1" 302 23 www.fc-schnaittach.de "https://www.fc-schnaittach.de/wp-admin/" "Mozilla/5.0 (Windows NT 10.0; WOW64) AppleWebKit/537.36 (KHTML, like Gecko) Chrome/53.0.2785.143 Safari/537.36" "-"
217.160.63.10 - - [07/May/2018:01:29:40 +0200] "HEAD /wp-content/uploads/2018/04/Gel%C3%A4ndekarte_Homepage_1-1-1024x665.png HTTP/1.1" 200 - www.fc-schnaittach.de "https://www.fc-schnaittach.de" "Mozilla/5.0 (compatible; MSIE 9.0; Windows NT 6.1; WOW64; Trident/5.0)" "-"
87.250.233.75 - - [07/May/2018:01:29:43 +0200] "GET /?p=16 HTTP/1.1" 301 243 www.fc-schnaittach.de "-" "Mozilla/5.0 (compatible; YandexBot/3.0; +http://yandex.com/bots)" "-"
5.255.251.17 - - [07/May/2018:01:29:43 +0200] "GET /robots.txt HTTP/1.1" 200 35 www.fc-schnaittach.de "-" "Mozilla/5.0 (compatible; YandexBot/3.0; +http://yandex.com/bots)" "-"
87.250.233.75 - - [07/May/2018:01:29:47 +0200] "GET /?p=16 HTTP/1.1" 301 23 www.fc-schnaittach.de "-" "Mozilla/5.0 (compatible; YandexBot/3.0; +http://yandex.com/bots)" "-"
77.88.9.136 - - [07/May/2018:01:29:51 +0200] "GET /hauptverein/anfahrt/ HTTP/1.1" 200 6337 www.fc-schnaittach.de "-" "Mozilla/5.0 (compatible; YandexBot/3.0; +http://yandex.com/bots)" "-"
46.229.168.83 - - [07/May/2018:01:36:57 +0200] "GET /robots.txt HTTP/1.1" 301 248 www.fc-schnaittach.de "-" "Mozilla/5.0 (compatible; SemrushBot/1.2~bl; +http://www.semrush.com/bot.html)" "-"
46.229.168.83 - - [07/May/2018:01:36:57 +0200] "GET /robots.txt HTTP/1.1" 200 35 www.fc-schnaittach.de "-" "Mozilla/5.0 (compatible; SemrushBot/1.2~bl; +http://www.semrush.com/bot.html)" "-"
91.210.146.49 - - [07/May/2018:01:43:37 +0200] "POST /wp-login.php HTTP/1.1" 200 1311 www.fc-schnaittach.de "https://www.fc-schnaittach.de/wp-login.php" "Mozilla/5.0 (Windows NT 10.0; WOW64) AppleWebKit/537.36 (KHTML, like Gecko) Chrome/53.0.2785.143 Safari/537.36" "-"
91.210.146.49 - - [07/May/2018:01:43:37 +0200] "GET /wp-admin/ HTTP/1.1" 302 23 www.fc-schnaittach.de "https://www.fc-schnaittach.de/wp-admin/" "Mozilla/5.0 (Windows NT 10.0; WOW64) AppleWebKit/537.36 (KHTML, like Gecko) Chrome/53.0.2785.143 Safari/537.36" "-"
207.46.13.36 - - [07/May/2018:01:45:38 +0200] "GET /wp-content/uploads/2015/01/pic-05-300x225.jpg HTTP/1.1" 301 283 www.fc-schnaittach.de "-" "Mozilla/5.0 (compatible; bingbot/2.0; +http://www.bing.com/bingbot.htm)" "-"
207.46.13.36 - - [07/May/2018:01:45:39 +0200] "GET /wp-content/uploads/2015/01/pic-05-300x225.jpg HTTP/1.1" 200 24261 www.fc-schnaittach.de "-" "Mozilla/5.0 (compatible; bingbot/2.0; +http://www.bing.com/bingbot.htm)" "-"
54.152.26.10 - - [07/May/2018:01:46:21 +0200] "GET /wp-login.php HTTP/1.1" 200 1205 fc-schnaittach.de "https://www.google.com" "Mozilla/5.0 (Windows NT 6.1; WOW64; rv:36.0) Gecko/20100101 Firefox/36.0" "-"
54.152.26.10 - - [07/May/2018:01:46:33 +0200] "POST /wp-login.php HTTP/1.1" 200 1617 fc-schnaittach.de "https://www.google.com" "Mozilla/5.0 (Windows NT 6.1; WOW64; rv:36.0) Gecko/20100101 Firefox/36.0" "-"
66.249.64.205 - - [07/May/2018:01:48:38 +0200] "GET /fussball/2-mannschaft/tabelle_2/ HTTP/1.1" 200 196 www.fc-schnaittach.de "-" "Mozilla/5.0 (compatible; Googlebot/2.1; +http://www.google.com/bot.html)" "-"
66.249.64.207 - - [07/May/2018:01:50:20 +0200] "GET /fussball/1-mannschaft/dsc03506/ HTTP/1.1" 200 195 www.fc-schnaittach.de "-" "Mozilla/5.0 (compatible; Googlebot/2.1; +http://www.google.com/bot.html)" "-"
91.210.146.49 - - [07/May/2018:01:57:49 +0200] "POST /wp-login.php HTTP/1.1" 200 1311 www.fc-schnaittach.de "https://www.fc-schnaittach.de/wp-login.php" "Mozilla/5.0 (Windows NT 10.0; WOW64) AppleWebKit/537.36 (KHTML, like Gecko) Chrome/53.0.2785.143 Safari/537.36" "-"
91.210.146.49 - - [07/May/2018:01:57:50 +0200] "GET /wp-admin/ HTTP/1.1" 302 23 www.fc-schnaittach.de "https://www.fc-schnaittach.de/wp-admin/" "Mozilla/5.0 (Windows NT 10.0; WOW64) AppleWebKit/537.36 (KHTML, like Gecko) Chrome/53.0.2785.143 Safari/537.36" "-"
45.227.254.240 - - [07/May/2018:01:58:51 +0200] "POST /wp-login.php HTTP/1.1" 301 250 www.fc-schnaittach.de "http://www.fc-schnaittach.de/wp-login.php" "Mozilla/5.0 (Windows NT 6.3; WOW64) AppleWebKit/534.02.59 (KHTML, like Gecko) Chrome/57.5.9021.4859 Safari/534.42" "-"
45.227.254.240 - - [07/May/2018:01:59:03 +0200] "POST /wp-login.php HTTP/1.1" 301 250 www.fc-schnaittach.de "http://www.fc-schnaittach.de/wp-login.php" "Mozilla/5.0 (Windows NT 6.3; WOW64) AppleWebKit/534.02.59 (KHTML, like Gecko) Chrome/57.5.9021.4859 Safari/534.42" "-"
45.227.254.240 - - [07/May/2018:01:59:15 +0200] "GET /wp-login.php HTTP/1.1" 200 1205 www.fc-schnaittach.de "http://www.fc-schnaittach.de/wp-login.php" "Mozilla/5.0 (Windows NT 6.3; WOW64) AppleWebKit/534.02.59 (KHTML, like Gecko) Chrome/57.5.9021.4859 Safari/534.42" "-"
45.227.254.240 - - [07/May/2018:01:59:27 +0200] "GET /wp-login.php HTTP/1.1" 200 1205 www.fc-schnaittach.de "http://www.fc-schnaittach.de/wp-login.php" "Mozilla/5.0 (Windows NT 6.3; WOW64) AppleWebKit/534.02.59 (KHTML, like Gecko) Chrome/57.5.9021.4859 Safari/534.42" "-"
66.249.64.198 - - [07/May/2018:02:07:25 +0200] "GET /wp-content/plugins/feedzy-rss-feeds/css/feedzy-rss-feeds.css?ver=3.2.8 HTTP/1.1" 301 308 www.fc-schnaittach.de "http://www.fc-schnaittach.de/e3-jugend/" "Mozilla/5.0 (compatible; Googlebot/2.1; +http://www.google.com/bot.html)" "-"
66.249.64.200 - - [07/May/2018:02:07:26 +0200] "GET /wp-content/plugins/user-access-manager/assets/css/uamLoginForm.css?ver=2.1.10 HTTP/1.1" 301 315 www.fc-schnaittach.de "http://www.fc-schnaittach.de/e3-jugend/" "Mozilla/5.0 (compatible; Googlebot/2.1; +http://www.google.com/bot.html)" "-"
66.249.64.205 - - [07/May/2018:02:07:26 +0200] "GET /wp-content/plugins/feedzy-rss-feeds/css/feedzy-rss-feeds.css?ver=3.2.8 HTTP/1.1" 200 9822 www.fc-schnaittach.de "http://www.fc-schnaittach.de/e3-jugend/" "Mozilla/5.0 (compatible; Googlebot/2.1; +http://www.google.com/bot.html)" "-"
66.249.64.203 - - [07/May/2018:02:07:27 +0200] "GET /wp-content/plugins/user-access-manager/assets/css/uamLoginForm.css?ver=2.1.10 HTTP/1.1" 200 468 www.fc-schnaittach.de "http://www.fc-schnaittach.de/e3-jugend/" "Mozilla/5.0 (compatible; Googlebot/2.1; +http://www.google.com/bot.html)" "-"
94.180.115.153 - - [07/May/2018:02:09:11 +0200] "GET /wp-login.php HTTP/1.1" 301 250 fc-schnaittach.de "-" "Mozilla/5.0 (Windows NT 6.0; rv:34.0) Gecko/20100101 Firefox/34.0" "-"
157.55.39.4 - - [07/May/2018:02:09:15 +0200] "GET /wp-content/uploads/2015/06/20150613_115638-e1434303466851.jpg HTTP/1.1" 200 88987 www.fc-schnaittach.de "-" "Mozilla/5.0 (compatible; bingbot/2.0; +http://www.bing.com/bingbot.htm)" "-"
94.180.115.153 - - [07/May/2018:02:09:23 +0200] "GET /wp-login.php HTTP/1.1" 200 2793 www.fc-schnaittach.de "-" "Mozilla/5.0 (Windows NT 6.0; rv:34.0) Gecko/20100101 Firefox/34.0" "-"
157.55.39.4 - - [07/May/2018:02:09:35 +0200] "GET /wp-content/uploads/2016/11/Nadja-Hoyer.jpg HTTP/1.1" 301 280 www.fc-schnaittach.de "-" "Mozilla/5.0 (compatible; bingbot/2.0; +http://www.bing.com/bingbot.htm)" "-"
94.180.115.153 - - [07/May/2018:02:09:35 +0200] "POST /wp-login.php HTTP/1.1" 503 299 www.fc-schnaittach.de "https://www.fc-schnaittach.de/wp-login.php" "Mozilla/5.0 (Windows NT 6.0; rv:34.0) Gecko/20100101 Firefox/34.0" "-"
157.55.39.4 - - [07/May/2018:02:09:36 +0200] "GET /wp-content/uploads/2016/11/Nadja-Hoyer.jpg HTTP/1.1" 200 1059471 www.fc-schnaittach.de "-" "Mozilla/5.0 (compatible; bingbot/2.0; +http://www.bing.com/bingbot.htm)" "-"
91.210.146.49 - - [07/May/2018:02:11:38 +0200] "POST /wp-login.php HTTP/1.1" 200 1310 www.fc-schnaittach.de "https://www.fc-schnaittach.de/wp-login.php" "Mozilla/5.0 (Windows NT 10.0; WOW64) AppleWebKit/537.36 (KHTML, like Gecko) Chrome/53.0.2785.143 Safari/537.36" "-"
91.210.146.49 - - [07/May/2018:02:11:39 +0200] "GET /wp-admin/ HTTP/1.1" 302 23 www.fc-schnaittach.de "https://www.fc-schnaittach.de/wp-admin/" "Mozilla/5.0 (Windows NT 10.0; WOW64) AppleWebKit/537.36 (KHTML, like Gecko) Chrome/53.0.2785.143 Safari/537.36" "-"
109.110.35.51 - - [07/May/2018:02:16:49 +0200] "GET /wp-login.php HTTP/1.1" 301 250 fc-schnaittach.de "-" "Mozilla/5.0 (Windows NT 6.0; rv:34.0) Gecko/20100101 Firefox/34.0" "-"
109.110.35.51 - - [07/May/2018:02:17:01 +0200] "GET /wp-login.php HTTP/1.1" 200 2793 www.fc-schnaittach.de "-" "Mozilla/5.0 (Windows NT 6.0; rv:34.0) Gecko/20100101 Firefox/34.0" "-"
109.110.35.51 - - [07/May/2018:02:17:14 +0200] "POST /wp-login.php HTTP/1.1" 503 299 www.fc-schnaittach.de "https://www.fc-schnaittach.de/wp-login.php" "Mozilla/5.0 (Windows NT 6.0; rv:34.0) Gecko/20100101 Firefox/34.0" "-"
178.255.215.83 - - [07/May/2018:02:18:04 +0200] "GET /robots.txt HTTP/1.1" 301 248 www.fc-schnaittach.de "-" "Mozilla/5.0 (compatible; Exabot/3.0; +http://www.exabot.com/go/robot)" "-"
178.255.215.83 - - [07/May/2018:02:18:04 +0200] "GET /category/news/tischtennis/ HTTP/1.1" 200 6645 www.fc-schnaittach.de "-" "Mozilla/5.0 (compatible; Exabot/3.0; +http://www.exabot.com/go/robot)" "-"
66.249.64.207 - - [07/May/2018:02:18:54 +0200] "GET /unterstuetzt-unsere-mannschaften/ HTTP/1.1" 200 6439 www.fc-schnaittach.de "-" "Mozilla/5.0 (compatible; Googlebot/2.1; +http://www.google.com/bot.html)" "-"
77.220.213.173 - - [07/May/2018:02:21:39 +0200] "HEAD / HTTP/1.1" 301 - www.fc-schnaittach.de "https://top-instagram.info/v-set-popali-foto-obnazhennoy-alesi-kafelnikovoy/3782/" "Mozilla/6.0 (compatible; MSIE2.00; Windows 2005)" "-"
91.210.146.49 - - [07/May/2018:02:26:01 +0200] "POST /wp-login.php HTTP/1.1" 200 1311 www.fc-schnaittach.de "https://www.fc-schnaittach.de/wp-login.php" "Mozilla/5.0 (Windows NT 10.0; WOW64) AppleWebKit/537.36 (KHTML, like Gecko) Chrome/53.0.2785.143 Safari/537.36" "-"
217.160.63.10 - - [07/May/2018:02:26:02 +0200] "POST /wp-cron.php?doing_wp_cron=1525652762.0930449962615966796875 HTTP/1.1" 200 23 www.fc-schnaittach.de "https://www.fc-schnaittach.de/wp-cron.php?doing_wp_cron=1525652762.0930449962615966796875" "WordPress/4.9.5; https://www.fc-schnaittach.de" "-"
91.210.146.49 - - [07/May/2018:02:26:02 +0200] "GET /wp-admin/ HTTP/1.1" 302 23 www.fc-schnaittach.de "https://www.fc-schnaittach.de/wp-admin/" "Mozilla/5.0 (Windows NT 10.0; WOW64) AppleWebKit/537.36 (KHTML, like Gecko) Chrome/53.0.2785.143 Safari/537.36" "-"
195.9.165.232 - - [07/May/2018:02:26:40 +0200] "GET /wp-login.php HTTP/1.1" 301 250 fc-schnaittach.de "-" "Mozilla/5.0 (Windows NT 6.0; rv:34.0) Gecko/20100101 Firefox/34.0" "-"
185.236.130.56 - - [07/May/2018:02:26:47 +0200] "HEAD / HTTP/1.1" 301 - www.fc-schnaittach.de "https://hseipaa.kz/obuchenie/ekzamen" "Mozilla/6.0 (compatible; MSIE6.00; Windows 2002)" "-"
195.9.165.232 - - [07/May/2018:02:26:52 +0200] "GET /wp-login.php HTTP/1.1" 200 2793 www.fc-schnaittach.de "-" "Mozilla/5.0 (Windows NT 6.0; rv:34.0) Gecko/20100101 Firefox/34.0" "-"
195.9.165.232 - - [07/May/2018:02:27:04 +0200] "POST /wp-login.php HTTP/1.1" 503 299 www.fc-schnaittach.de "https://www.fc-schnaittach.de/wp-login.php" "Mozilla/5.0 (Windows NT 6.0; rv:34.0) Gecko/20100101 Firefox/34.0" "-"
66.249.64.207 - - [07/May/2018:02:28:20 +0200] "GET /loesungsfindung-fuer-das-ferientraining/ HTTP/1.1" 200 6283 www.fc-schnaittach.de "-" "Mozilla/5.0 (compatible; Googlebot/2.1; +http://www.google.com/bot.html)" "-"
194.87.236.223 - - [07/May/2018:02:28:31 +0200] "HEAD / HTTP/1.1" 301 - www.fc-schnaittach.de "http://remkompov.ru/kompyuternye-uslugi-odincovo.htm" "Mozilla/6.0 (compatible; MSIE6.00; Windows 2002)" "-"
194.87.94.251 - - [07/May/2018:02:28:32 +0200] "HEAD / HTTP/1.1" 301 - www.fc-schnaittach.de "https://leboard.ru/ru/otdyh_v_gostevyh_domah" "Mozilla/7.0 (compatible; MSIE7.00; Windows 2006)" "-"
66.249.64.205 - - [07/May/2018:02:32:22 +0200] "GET /maifeiertag-2017/ HTTP/1.1" 200 6781 www.fc-schnaittach.de "-" "Mozilla/5.0 (compatible; Googlebot/2.1; +http://www.google.com/bot.html)" "-"
207.46.13.36 - - [07/May/2018:02:34:33 +0200] "GET /wp-content/uploads/2016/12/IMG_9912.jpg HTTP/1.1" 301 277 www.fc-schnaittach.de "-" "Mozilla/5.0 (compatible; bingbot/2.0; +http://www.bing.com/bingbot.htm)" "-"
207.46.13.36 - - [07/May/2018:02:34:34 +0200] "GET /wp-content/uploads/2016/12/IMG_9912.jpg HTTP/1.1" 200 1300784 www.fc-schnaittach.de "-" "Mozilla/5.0 (compatible; bingbot/2.0; +http://www.bing.com/bingbot.htm)" "-"
207.46.13.36 - - [07/May/2018:02:34:43 +0200] "GET /wp-content/uploads/2016/01/Tagesablauf_FJ_2016.jpg HTTP/1.1" 301 288 www.fc-schnaittach.de "-" "Mozilla/5.0 (compatible; bingbot/2.0; +http://www.bing.com/bingbot.htm)" "-"
207.46.13.36 - - [07/May/2018:02:34:44 +0200] "GET /wp-content/uploads/2016/01/Tagesablauf_FJ_2016.jpg HTTP/1.1" 200 67326 www.fc-schnaittach.de "-" "Mozilla/5.0 (compatible; bingbot/2.0; +http://www.bing.com/bingbot.htm)" "-"
66.249.64.207 - - [07/May/2018:02:39:13 +0200] "GET /wp-content/plugins/feedzy-rss-feeds/css/feedzy-rss-feeds.css?ver=3.2.9 HTTP/1.1" 200 9822 www.fc-schnaittach.de "https://www.fc-schnaittach.de/author/kornek/" "Mozilla/5.0 (compatible; Googlebot/2.1; +http://www.google.com/bot.html)" "-"
91.210.146.49 - - [07/May/2018:02:39:55 +0200] "POST /wp-login.php HTTP/1.1" 200 1311 www.fc-schnaittach.de "https://www.fc-schnaittach.de/wp-login.php" "Mozilla/5.0 (Windows NT 10.0; WOW64) AppleWebKit/537.36 (KHTML, like Gecko) Chrome/53.0.2785.143 Safari/537.36" "-"
91.210.146.49 - - [07/May/2018:02:39:56 +0200] "GET /wp-admin/ HTTP/1.1" 302 23 www.fc-schnaittach.de "https://www.fc-schnaittach.de/wp-admin/" "Mozilla/5.0 (Windows NT 10.0; WOW64) AppleWebKit/537.36 (KHTML, like Gecko) Chrome/53.0.2785.143 Safari/537.36" "-"
192.42.116.13 - - [07/May/2018:02:40:10 +0200] "GET / HTTP/1.1" 301 238 fc-schnaittach.de "AfD-Verbotsverfahren_JETZT!" "AfD-Verbotsverfahren JETZT!" "-"
93.115.86.4 - - [07/May/2018:02:40:41 +0200] "GET / HTTP/1.1" 200 7739 www.fc-schnaittach.de "AfD-Verbotsverfahren_JETZT!" "AfD-Verbotsverfahren JETZT!" "-"
2a03:2880:2110:eff4:face:b00c:0:1 - - [07/May/2018:02:44:44 +0200] "GET /wp-content/uploads/2018/03/DIN_A6_Flyer_22.02.2018_1.png HTTP/1.1" 200 205587 www.fc-schnaittach.de "-" "facebookexternalhit/1.1 (+http://www.facebook.com/externalhit_uatext.php)" "-"
157.55.39.4 - - [07/May/2018:02:45:53 +0200] "GET /wp-content/uploads/2014/12/TT-Herren3.jpg HTTP/1.1" 301 279 www.fc-schnaittach.de "-" "Mozilla/5.0 (compatible; bingbot/2.0; +http://www.bing.com/bingbot.htm)" "-"
157.55.39.4 - - [07/May/2018:02:45:54 +0200] "GET /wp-content/uploads/2014/12/TT-Herren3.jpg HTTP/1.1" 200 90394 www.fc-schnaittach.de "-" "Mozilla/5.0 (compatible; bingbot/2.0; +http://www.bing.com/bingbot.htm)" "-"
157.55.39.138 - - [07/May/2018:02:47:17 +0200] "GET /wp-content/uploads/2014/12/tt-2017-300x201.jpg HTTP/1.1" 301 284 www.fc-schnaittach.de "-" "Mozilla/5.0 (compatible; bingbot/2.0; +http://www.bing.com/bingbot.htm)" "-"
157.55.39.138 - - [07/May/2018:02:47:20 +0200] "GET /wp-content/uploads/2014/12/tt-2017-300x201.jpg HTTP/1.1" 200 11440 www.fc-schnaittach.de "-" "Mozilla/5.0 (compatible; bingbot/2.0; +http://www.bing.com/bingbot.htm)" "-"
91.210.146.49 - - [07/May/2018:02:54:00 +0200] "POST /wp-login.php HTTP/1.1" 200 1311 www.fc-schnaittach.de "https://www.fc-schnaittach.de/wp-login.php" "Mozilla/5.0 (Windows NT 10.0; WOW64) AppleWebKit/537.36 (KHTML, like Gecko) Chrome/53.0.2785.143 Safari/537.36" "-"
91.210.146.49 - - [07/May/2018:02:54:01 +0200] "GET /wp-admin/ HTTP/1.1" 302 23 www.fc-schnaittach.de "https://www.fc-schnaittach.de/wp-admin/" "Mozilla/5.0 (Windows NT 10.0; WOW64) AppleWebKit/537.36 (KHTML, like Gecko) Chrome/53.0.2785.143 Safari/537.36" "-"
157.55.39.4 - - [07/May/2018:02:57:48 +0200] "GET /hauptverein/sportheim/ HTTP/1.1" 200 6362 www.fc-schnaittach.de "-" "Mozilla/5.0 (compatible; bingbot/2.0; +http://www.bing.com/bingbot.htm)" "-"
157.55.39.4 - - [07/May/2018:03:05:37 +0200] "GET /wp-content/uploads/2016/12/IMG_9912.jpg HTTP/1.1" 200 1300784 www.fc-schnaittach.de "-" "Mozilla/5.0 (compatible; bingbot/2.0; +http://www.bing.com/bingbot.htm)" "-"
66.249.64.207 - - [07/May/2018:03:06:10 +0200] "GET / HTTP/1.1" 200 7739 www.fc-schnaittach.de "-" "Mozilla/5.0 (Linux; Android 6.0.1; Nexus 5X Build/MMB29P) AppleWebKit/537.36 (KHTML, like Gecko) Chrome/41.0.2272.96 Mobile Safari/537.36 (compatible; Googlebot/2.1; +http://www.google.com/bot.html)" "-"
2a01:4f8:c0c:2333::2 - - [07/May/2018:03:07:40 +0200] "GET / HTTP/1.1" 301 238 www.fc-schnaittach.de "-" "Mozilla/5.0 (Windows NT 10.0; Win64; x64) AppleWebKit/537.36 (KHTML, like Gecko) Chrome/64.0.3282.186 Safari/537.36" "-"
2a01:4f8:c0c:2333::2 - - [07/May/2018:03:07:40 +0200] "GET / HTTP/1.1" 200 7739 www.fc-schnaittach.de "-" "Mozilla/5.0 (Windows NT 10.0; Win64; x64) AppleWebKit/537.36 (KHTML, like Gecko) Chrome/64.0.3282.186 Safari/537.36" "-"
2a01:4f8:c0c:2333::2 - - [07/May/2018:03:07:40 +0200] "GET /wp-content/plugins/contact-form-7/includes/css/styles.css?ver=5.0.1 HTTP/1.1" 200 1683 www.fc-schnaittach.de "https://www.fc-schnaittach.de/" "Mozilla/5.0 (Windows NT 10.0; Win64; x64) AppleWebKit/537.36 (KHTML, like Gecko) Chrome/64.0.3282.186 Safari/537.36" "-"
2a01:4f8:c0c:2333::2 - - [07/May/2018:03:07:40 +0200] "GET /wp-content/plugins/feedzy-rss-feeds/css/feedzy-rss-feeds.css?ver=3.2.10 HTTP/1.1" 200 9822 www.fc-schnaittach.de "https://www.fc-schnaittach.de/" "Mozilla/5.0 (Windows NT 10.0; Win64; x64) AppleWebKit/537.36 (KHTML, like Gecko) Chrome/64.0.3282.186 Safari/537.36" "-"
2a01:4f8:c0c:2333::2 - - [07/May/2018:03:07:40 +0200] "GET /wp-content/plugins/recently-updated-posts-widget/css/style.css?ver=4.9.5 HTTP/1.1" 200 45 www.fc-schnaittach.de "https://www.fc-schnaittach.de/" "Mozilla/5.0 (Windows NT 10.0; Win64; x64) AppleWebKit/537.36 (KHTML, like Gecko) Chrome/64.0.3282.186 Safari/537.36" "-"
2a01:4f8:c0c:2333::2 - - [07/May/2018:03:07:40 +0200] "GET /wp-content/plugins/user-access-manager/assets/css/uamLoginForm.css?ver=2.1.11 HTTP/1.1" 200 468 www.fc-schnaittach.de "https://www.fc-schnaittach.de/" "Mozilla/5.0 (Windows NT 10.0; Win64; x64) AppleWebKit/537.36 (KHTML, like Gecko) Chrome/64.0.3282.186 Safari/537.36" "-"
2a01:4f8:c0c:2333::2 - - [07/May/2018:03:07:40 +0200] "GET /wp-content/themes/fcs/css/jquery.smartmenus.bootstrap.css?ver=1418749976 HTTP/1.1" 200 3128 www.fc-schnaittach.de "https://www.fc-schnaittach.de/" "Mozilla/5.0 (Windows NT 10.0; Win64; x64) AppleWebKit/537.36 (KHTML, like Gecko) Chrome/64.0.3282.186 Safari/537.36" "-"
2a01:4f8:c0c:2333::2 - - [07/May/2018:03:07:41 +0200] "GET /wp-includes/js/jquery/jquery.js?ver=1.12.4 HTTP/1.1" 200 97184 www.fc-schnaittach.de "https://www.fc-schnaittach.de/" "Mozilla/5.0 (Windows NT 10.0; Win64; x64) AppleWebKit/537.36 (KHTML, like Gecko) Chrome/64.0.3282.186 Safari/537.36" "-"
2a01:4f8:c0c:2333::2 - - [07/May/2018:03:07:41 +0200] "GET /wp-includes/js/jquery/jquery-migrate.min.js?ver=1.4.1 HTTP/1.1" 200 10056 www.fc-schnaittach.de "https://www.fc-schnaittach.de/" "Mozilla/5.0 (Windows NT 10.0; Win64; x64) AppleWebKit/537.36 (KHTML, like Gecko) Chrome/64.0.3282.186 Safari/537.36" "-"
2a01:4f8:c0c:2333::2 - - [07/May/2018:03:07:41 +0200] "GET /wp-content/themes/fcs/style.css?ver=1460744932 HTTP/1.1" 200 22587 www.fc-schnaittach.de "https://www.fc-schnaittach.de/" "Mozilla/5.0 (Windows NT 10.0; Win64; x64) AppleWebKit/537.36 (KHTML, like Gecko) Chrome/64.0.3282.186 Safari/537.36" "-"
2a01:4f8:c0c:2333::2 - - [07/May/2018:03:07:41 +0200] "GET /wp-content/themes/fcs/js/fcs.js?ver=1442772175 HTTP/1.1" 200 5542 www.fc-schnaittach.de "https://www.fc-schnaittach.de/" "Mozilla/5.0 (Windows NT 10.0; Win64; x64) AppleWebKit/537.36 (KHTML, like Gecko) Chrome/64.0.3282.186 Safari/537.36" "-"
2a01:4f8:c0c:2333::2 - - [07/May/2018:03:07:41 +0200] "GET /wp-content/themes/fcs/js/jquery.smartmenus.min.js?ver=1418750004 HTTP/1.1" 200 22672 www.fc-schnaittach.de "https://www.fc-schnaittach.de/" "Mozilla/5.0 (Windows NT 10.0; Win64; x64) AppleWebKit/537.36 (KHTML, like Gecko) Chrome/64.0.3282.186 Safari/537.36" "-"
2a01:4f8:c0c:2333::2 - - [07/May/2018:03:07:41 +0200] "GET /wp-content/themes/fcs/images/production/FcsWappen.png?ver=1487205002 HTTP/1.1" 200 12482 www.fc-schnaittach.de "https://www.fc-schnaittach.de/" "Mozilla/5.0 (Windows NT 10.0; Win64; x64) AppleWebKit/537.36 (KHTML, like Gecko) Chrome/64.0.3282.186 Safari/537.36" "-"
2a01:4f8:c0c:2333::2 - - [07/May/2018:03:07:41 +0200] "GET /wp-content/plugins/contact-form-7/includes/js/scripts.js?ver=5.0.1 HTTP/1.1" 200 14551 www.fc-schnaittach.de "https://www.fc-schnaittach.de/" "Mozilla/5.0 (Windows NT 10.0; Win64; x64) AppleWebKit/537.36 (KHTML, like Gecko) Chrome/64.0.3282.186 Safari/537.36" "-"
2a01:4f8:c0c:2333::2 - - [07/May/2018:03:07:41 +0200] "GET /wp-includes/js/wp-embed.min.js?ver=4.9.5 HTTP/1.1" 200 1398 www.fc-schnaittach.de "https://www.fc-schnaittach.de/" "Mozilla/5.0 (Windows NT 10.0; Win64; x64) AppleWebKit/537.36 (KHTML, like Gecko) Chrome/64.0.3282.186 Safari/537.36" "-"
2a01:4f8:c0c:2333::2 - - [07/May/2018:03:07:41 +0200] "GET /wp-content/themes/fcs/js/jquery.smartmenus.bootstrap.min.js?ver=1418750004 HTTP/1.1" 200 1252 www.fc-schnaittach.de "https://www.fc-schnaittach.de/" "Mozilla/5.0 (Windows NT 10.0; Win64; x64) AppleWebKit/537.36 (KHTML, like Gecko) Chrome/64.0.3282.186 Safari/537.36" "-"
2a01:4f8:c0c:2333::2 - - [07/May/2018:03:07:41 +0200] "GET /wp-content/themes/fcs/images/production/Transparent.png?ver=1487205002 HTTP/1.1" 200 124 www.fc-schnaittach.de "https://www.fc-schnaittach.de/" "Mozilla/5.0 (Windows NT 10.0; Win64; x64) AppleWebKit/537.36 (KHTML, like Gecko) Chrome/64.0.3282.186 Safari/537.36" "-"
2a01:4f8:c0c:2333::2 - - [07/May/2018:03:07:41 +0200] "GET /wp-content/themes/fcs/images/production/FcsWappen.png HTTP/1.1" 200 12482 www.fc-schnaittach.de "https://www.fc-schnaittach.de/" "Mozilla/5.0 (Windows NT 10.0; Win64; x64) AppleWebKit/537.36 (KHTML, like Gecko) Chrome/64.0.3282.186 Safari/537.36" "-"
2a01:4f8:c0c:2333::2 - - [07/May/2018:03:07:41 +0200] "GET /wp-includes/js/wp-emoji-release.min.js?ver=4.9.5 HTTP/1.1" 200 11721 www.fc-schnaittach.de "https://www.fc-schnaittach.de/" "Mozilla/5.0 (Windows NT 10.0; Win64; x64) AppleWebKit/537.36 (KHTML, like Gecko) Chrome/64.0.3282.186 Safari/537.36" "-"
2a01:4f8:c0c:2333::2 - - [07/May/2018:03:07:41 +0200] "GET /wp-content/themes/fcs/images/production/Transparent.png HTTP/1.1" 200 124 www.fc-schnaittach.de "https://www.fc-schnaittach.de/" "Mozilla/5.0 (Windows NT 10.0; Win64; x64) AppleWebKit/537.36 (KHTML, like Gecko) Chrome/64.0.3282.186 Safari/537.36" "-"
2a01:4f8:c0c:2333::2 - - [07/May/2018:03:07:42 +0200] "GET /wp-content/themes/fcs/images/production/Tischtennis_Production.jpg?ver=1487205002 HTTP/1.1" 200 16063 www.fc-schnaittach.de "https://www.fc-schnaittach.de/" "Mozilla/5.0 (Windows NT 10.0; Win64; x64) AppleWebKit/537.36 (KHTML, like Gecko) Chrome/64.0.3282.186 Safari/537.36" "-"
2a01:4f8:c0c:2333::2 - - [07/May/2018:03:07:42 +0200] "GET /wp-content/themes/fcs/images/production/Fussball_Production.jpg?ver=1487205002 HTTP/1.1" 200 24902 www.fc-schnaittach.de "https://www.fc-schnaittach.de/" "Mozilla/5.0 (Windows NT 10.0; Win64; x64) AppleWebKit/537.36 (KHTML, like Gecko) Chrome/64.0.3282.186 Safari/537.36" "-"
2a01:4f8:c0c:2333::2 - - [07/May/2018:03:07:42 +0200] "GET /wp-content/uploads/2018/05/Small_Wall_1-300x300.jpg HTTP/1.1" 200 25990 www.fc-schnaittach.de "https://www.fc-schnaittach.de/" "Mozilla/5.0 (Windows NT 10.0; Win64; x64) AppleWebKit/537.36 (KHTML, like Gecko) Chrome/64.0.3282.186 Safari/537.36" "-"
2a01:4f8:c0c:2333::2 - - [07/May/2018:03:07:42 +0200] "GET /wp-content/themes/fcs/images/production/Budo_Production.jpg?ver=1487205003 HTTP/1.1" 200 9924 www.fc-schnaittach.de "https://www.fc-schnaittach.de/" "Mozilla/5.0 (Windows NT 10.0; Win64; x64) AppleWebKit/537.36 (KHTML, like Gecko) Chrome/64.0.3282.186 Safari/537.36" "-"
2a01:4f8:c0c:2333::2 - - [07/May/2018:03:07:42 +0200] "GET /wp-content/themes/fcs/images/production/WappenThumbnail.png HTTP/1.1" 200 13158 www.fc-schnaittach.de "https://www.fc-schnaittach.de/" "Mozilla/5.0 (Windows NT 10.0; Win64; x64) AppleWebKit/537.36 (KHTML, like Gecko) Chrome/64.0.3282.186 Safari/537.36" "-"
2a01:4f8:c0c:2333::2 - - [07/May/2018:03:07:42 +0200] "GET /wp-content/themes/fcs/images/production/Wandern_Production.jpg?ver=1487205003 HTTP/1.1" 200 16247 www.fc-schnaittach.de "https://www.fc-schnaittach.de/" "Mozilla/5.0 (Windows NT 10.0; Win64; x64) AppleWebKit/537.36 (KHTML, like Gecko) Chrome/64.0.3282.186 Safari/537.36" "-"
2a01:4f8:c0c:2333::2 - - [07/May/2018:03:07:42 +0200] "GET /wp-content/themes/fcs/images/production/Zumba_Production.jpg?ver=1487205003 HTTP/1.1" 200 54365 www.fc-schnaittach.de "https://www.fc-schnaittach.de/" "Mozilla/5.0 (Windows NT 10.0; Win64; x64) AppleWebKit/537.36 (KHTML, like Gecko) Chrome/64.0.3282.186 Safari/537.36" "-"
2a01:4f8:c0c:2333::2 - - [07/May/2018:03:07:42 +0200] "GET /wp-content/themes/fcs/images/production/Karate_Production.jpg?ver=1487205002 HTTP/1.1" 200 16055 www.fc-schnaittach.de "https://www.fc-schnaittach.de/" "Mozilla/5.0 (Windows NT 10.0; Win64; x64) AppleWebKit/537.36 (KHTML, like Gecko) Chrome/64.0.3282.186 Safari/537.36" "-"
66.249.64.207 - - [07/May/2018:03:08:05 +0200] "GET /favicon.ico HTTP/1.1" 200 3 www.fc-schnaittach.de "-" "Googlebot-Image/1.0" "-"
91.210.146.49 - - [07/May/2018:03:08:46 +0200] "POST /wp-login.php HTTP/1.1" 200 1311 www.fc-schnaittach.de "https://www.fc-schnaittach.de/wp-login.php" "Mozilla/5.0 (Windows NT 10.0; WOW64) AppleWebKit/537.36 (KHTML, like Gecko) Chrome/53.0.2785.143 Safari/537.36" "-"
91.210.146.49 - - [07/May/2018:03:08:47 +0200] "GET /wp-admin/ HTTP/1.1" 302 23 www.fc-schnaittach.de "https://www.fc-schnaittach.de/wp-admin/" "Mozilla/5.0 (Windows NT 10.0; WOW64) AppleWebKit/537.36 (KHTML, like Gecko) Chrome/53.0.2785.143 Safari/537.36" "-"
207.46.13.36 - - [07/May/2018:03:11:49 +0200] "GET /wp-content/uploads/2014/10/P1160518.jpg HTTP/1.1" 200 423482 www.fc-schnaittach.de "-" "Mozilla/5.0 (compatible; bingbot/2.0; +http://www.bing.com/bingbot.htm)" "-"
46.229.168.83 - - [07/May/2018:03:15:00 +0200] "GET /robots.txt HTTP/1.1" 301 248 fc-schnaittach.de "-" "Mozilla/5.0 (compatible; SemrushBot/1.2~bl; +http://www.semrush.com/bot.html)" "-"
46.229.168.83 - - [07/May/2018:03:15:01 +0200] "GET /robots.txt HTTP/1.1" 200 35 www.fc-schnaittach.de "-" "Mozilla/5.0 (compatible; SemrushBot/1.2~bl; +http://www.semrush.com/bot.html)" "-"
157.55.39.4 - - [07/May/2018:03:18:24 +0200] "GET /sitemap-pt-contactperson-2018-04.xml HTTP/1.1" 200 495 www.fc-schnaittach.de "-" "Mozilla/5.0 (compatible; bingbot/2.0; +http://www.bing.com/bingbot.htm)" "-"
217.160.63.10 - - [07/May/2018:03:23:17 +0200] "POST /wp-cron.php?doing_wp_cron=1525656197.5861129760742187500000 HTTP/1.1" 200 23 www.fc-schnaittach.de "https://www.fc-schnaittach.de/wp-cron.php?doing_wp_cron=1525656197.5861129760742187500000" "WordPress/4.9.5; https://www.fc-schnaittach.de" "-"
91.210.146.49 - - [07/May/2018:03:23:17 +0200] "POST /wp-login.php HTTP/1.1" 200 1311 www.fc-schnaittach.de "https://www.fc-schnaittach.de/wp-login.php" "Mozilla/5.0 (Windows NT 10.0; WOW64) AppleWebKit/537.36 (KHTML, like Gecko) Chrome/53.0.2785.143 Safari/537.36" "-"
91.210.146.49 - - [07/May/2018:03:23:18 +0200] "GET /wp-admin/ HTTP/1.1" 302 23 www.fc-schnaittach.de "https://www.fc-schnaittach.de/wp-admin/" "Mozilla/5.0 (Windows NT 10.0; WOW64) AppleWebKit/537.36 (KHTML, like Gecko) Chrome/53.0.2785.143 Safari/537.36" "-"
54.36.148.33 - - [07/May/2018:03:23:55 +0200] "GET /jahresfahrt-2015/ HTTP/1.1" 404 5784 www.fc-schnaittach.de "-" "Mozilla/5.0 (compatible; AhrefsBot/5.2; +http://ahrefs.com/robot/)" "-"
66.249.66.134 - - [07/May/2018:03:24:24 +0200] "GET /sitemap-pt-post-2017-03.xml HTTP/1.1" 200 597 www.fc-schnaittach.de "-" "Mozilla/5.0 (compatible; Googlebot/2.1; +http://www.google.com/bot.html)" "-"
157.55.39.4 - - [07/May/2018:03:28:29 +0200] "GET /wp-content/uploads/2015/08/IMG_6492.jpg HTTP/1.1" 200 80356 www.fc-schnaittach.de "-" "Mozilla/5.0 (compatible; bingbot/2.0; +http://www.bing.com/bingbot.htm)" "-"
157.55.39.58 - - [07/May/2018:03:28:45 +0200] "GET /wp-content/uploads/2015/03/Anna-Wysocki.jpg HTTP/1.1" 301 281 www.fc-schnaittach.de "-" "Mozilla/5.0 (compatible; bingbot/2.0; +http://www.bing.com/bingbot.htm)" "-"
157.55.39.58 - - [07/May/2018:03:28:46 +0200] "GET /wp-content/uploads/2015/03/Anna-Wysocki.jpg HTTP/1.1" 200 68468 www.fc-schnaittach.de "-" "Mozilla/5.0 (compatible; bingbot/2.0; +http://www.bing.com/bingbot.htm)" "-"
157.55.39.4 - - [07/May/2018:03:29:38 +0200] "GET /wp-content/uploads/2016/11/Amelie-Raum.jpg HTTP/1.1" 200 1075787 www.fc-schnaittach.de "-" "Mozilla/5.0 (compatible; bingbot/2.0; +http://www.bing.com/bingbot.htm)" "-"
207.46.13.36 - - [07/May/2018:03:30:05 +0200] "GET /wp-content/uploads/2017/09/SAM_1643.jpg HTTP/1.1" 200 3046418 www.fc-schnaittach.de "-" "Mozilla/5.0 (compatible; bingbot/2.0; +http://www.bing.com/bingbot.htm)" "-"
92.127.225.213 - - [07/May/2018:03:30:56 +0200] "GET /wp-login.php HTTP/1.1" 301 250 fc-schnaittach.de "-" "Mozilla/5.0 (Windows NT 6.0; rv:34.0) Gecko/20100101 Firefox/34.0" "-"
92.127.225.213 - - [07/May/2018:03:31:09 +0200] "GET /wp-login.php HTTP/1.1" 200 2793 www.fc-schnaittach.de "-" "Mozilla/5.0 (Windows NT 6.0; rv:34.0) Gecko/20100101 Firefox/34.0" "-"
92.127.225.213 - - [07/May/2018:03:31:21 +0200] "POST /wp-login.php HTTP/1.1" 503 299 www.fc-schnaittach.de "https://www.fc-schnaittach.de/wp-login.php" "Mozilla/5.0 (Windows NT 6.0; rv:34.0) Gecko/20100101 Firefox/34.0" "-"
157.55.39.4 - - [07/May/2018:03:31:37 +0200] "GET /wp-content/uploads/2014/10/DSC03509-e1430394744927.jpg HTTP/1.1" 301 292 www.fc-schnaittach.de "-" "Mozilla/5.0 (compatible; bingbot/2.0; +http://www.bing.com/bingbot.htm)" "-"
157.55.39.4 - - [07/May/2018:03:31:38 +0200] "GET /wp-content/uploads/2014/10/DSC03509-e1430394744927.jpg HTTP/1.1" 200 104513 www.fc-schnaittach.de "-" "Mozilla/5.0 (compatible; bingbot/2.0; +http://www.bing.com/bingbot.htm)" "-"
5.102.173.71 - - [07/May/2018:03:33:05 +0200] "GET /robots.txt HTTP/1.1" 200 35 www.fc-schnaittach.de "-" "Mozilla/5.0 (compatible; MojeekBot/0.6; +https://www.mojeek.com/bot.html)" "-"
5.102.173.71 - - [07/May/2018:03:33:05 +0200] "GET /guideline-ocr-dragon-run/ HTTP/1.1" 200 7336 www.fc-schnaittach.de "-" "Mozilla/5.0 (compatible; MojeekBot/0.6; +https://www.mojeek.com/bot.html)" "-"
91.210.146.49 - - [07/May/2018:03:37:48 +0200] "POST /wp-login.php HTTP/1.1" 200 1311 www.fc-schnaittach.de "https://www.fc-schnaittach.de/wp-login.php" "Mozilla/5.0 (Windows NT 10.0; WOW64) AppleWebKit/537.36 (KHTML, like Gecko) Chrome/53.0.2785.143 Safari/537.36" "-"
91.210.146.49 - - [07/May/2018:03:37:49 +0200] "GET /wp-admin/ HTTP/1.1" 302 23 www.fc-schnaittach.de "https://www.fc-schnaittach.de/wp-admin/" "Mozilla/5.0 (Windows NT 10.0; WOW64) AppleWebKit/537.36 (KHTML, like Gecko) Chrome/53.0.2785.143 Safari/537.36" "-"
66.249.66.153 - - [07/May/2018:03:48:12 +0200] "GET /wp-content/uploads/2016/11/Maria-Mularczyk.jpg HTTP/1.1" 304 - www.fc-schnaittach.de "-" "Googlebot-Image/1.0" "-"
91.210.146.49 - - [07/May/2018:03:52:32 +0200] "POST /wp-login.php HTTP/1.1" 200 1311 www.fc-schnaittach.de "https://www.fc-schnaittach.de/wp-login.php" "Mozilla/5.0 (Windows NT 10.0; WOW64) AppleWebKit/537.36 (KHTML, like Gecko) Chrome/53.0.2785.143 Safari/537.36" "-"
91.210.146.49 - - [07/May/2018:03:52:32 +0200] "GET /wp-admin/ HTTP/1.1" 302 23 www.fc-schnaittach.de "https://www.fc-schnaittach.de/wp-admin/" "Mozilla/5.0 (Windows NT 10.0; WOW64) AppleWebKit/537.36 (KHTML, like Gecko) Chrome/53.0.2785.143 Safari/537.36" "-"
157.55.39.4 - - [07/May/2018:03:52:40 +0200] "GET /wp-content/uploads/2015/08/IMG_6469-300x225.jpg HTTP/1.1" 301 285 www.fc-schnaittach.de "-" "Mozilla/5.0 (compatible; bingbot/2.0; +http://www.bing.com/bingbot.htm)" "-"
157.55.39.4 - - [07/May/2018:03:52:41 +0200] "GET /wp-content/uploads/2015/08/IMG_6469-300x225.jpg HTTP/1.1" 200 20524 www.fc-schnaittach.de "-" "Mozilla/5.0 (compatible; bingbot/2.0; +http://www.bing.com/bingbot.htm)" "-"
195.22.125.141 - - [07/May/2018:03:53:44 +0200] "GET / HTTP/1.1" 301 238 fc-schnaittach.de "AfD-Verbotsverfahren_JETZT!" "AfD-Verbotsverfahren JETZT!" "-"
167.99.134.21 - - [07/May/2018:03:53:55 +0200] "GET / HTTP/1.1" 200 7738 www.fc-schnaittach.de "AfD-Verbotsverfahren_JETZT!" "AfD-Verbotsverfahren JETZT!" "-"
40.77.167.88 - - [07/May/2018:03:54:44 +0200] "GET /wp-content/uploads/2016/11/Ramona-Dotzler.jpg HTTP/1.1" 200 1044523 www.fc-schnaittach.de "-" "Mozilla/5.0 (compatible; bingbot/2.0; +http://www.bing.com/bingbot.htm)" "-"
157.55.39.4 - - [07/May/2018:03:58:26 +0200] "GET /wp-content/uploads/2018/03/IMG_4287_rework2.jpg HTTP/1.1" 200 5509398 www.fc-schnaittach.de "-" "Mozilla/5.0 (compatible; bingbot/2.0; +http://www.bing.com/bingbot.htm)" "-"
65.55.210.68 - - [07/May/2018:03:58:55 +0200] "GET /wp-content/themes/fcs/style.css?ver=1460744932 HTTP/1.1" 200 22587 www.fc-schnaittach.de "-" "Mozilla/5.0 (Windows NT 6.1; WOW64) AppleWebKit/534+ (KHTML, like Gecko) BingPreview/1.0b" "-"
157.55.39.58 - - [07/May/2018:03:58:58 +0200] "GET /wp-content/uploads/2016/11/Johanna-Winkler.jpg HTTP/1.1" 301 284 www.fc-schnaittach.de "-" "Mozilla/5.0 (compatible; bingbot/2.0; +http://www.bing.com/bingbot.htm)" "-"
157.55.39.58 - - [07/May/2018:03:59:00 +0200] "GET /wp-content/uploads/2016/11/Johanna-Winkler.jpg HTTP/1.1" 200 861918 www.fc-schnaittach.de "-" "Mozilla/5.0 (compatible; bingbot/2.0; +http://www.bing.com/bingbot.htm)" "-"
91.210.146.49 - - [07/May/2018:04:06:36 +0200] "POST /wp-login.php HTTP/1.1" 200 1311 www.fc-schnaittach.de "https://www.fc-schnaittach.de/wp-login.php" "Mozilla/5.0 (Windows NT 10.0; WOW64) AppleWebKit/537.36 (KHTML, like Gecko) Chrome/53.0.2785.143 Safari/537.36" "-"
91.210.146.49 - - [07/May/2018:04:06:37 +0200] "GET /wp-admin/ HTTP/1.1" 302 23 www.fc-schnaittach.de "https://www.fc-schnaittach.de/wp-admin/" "Mozilla/5.0 (Windows NT 10.0; WOW64) AppleWebKit/537.36 (KHTML, like Gecko) Chrome/53.0.2785.143 Safari/537.36" "-"
66.249.66.151 - - [07/May/2018:04:09:50 +0200] "GET / HTTP/1.1" 200 7739 www.fc-schnaittach.de "-" "Mozilla/5.0 (compatible; Googlebot/2.1; +http://www.google.com/bot.html)" "-"
207.46.13.36 - - [07/May/2018:04:12:34 +0200] "GET /wp-content/uploads/2017/09/SAM_1643.jpg HTTP/1.1" 200 3046418 www.fc-schnaittach.de "-" "Mozilla/5.0 (compatible; bingbot/2.0; +http://www.bing.com/bingbot.htm)" "-"
207.46.13.36 - - [07/May/2018:04:17:39 +0200] "GET /sitemap-pt-page-2015-07.xml HTTP/1.1" 200 601 www.fc-schnaittach.de "-" "Mozilla/5.0 (compatible; bingbot/2.0; +http://www.bing.com/bingbot.htm)" "-"
207.46.13.36 - - [07/May/2018:04:18:05 +0200] "GET /wp-content/uploads/2014/12/2MannschaftGruppenbild.jpg HTTP/1.1" 301 291 www.fc-schnaittach.de "-" "Mozilla/5.0 (compatible; bingbot/2.0; +http://www.bing.com/bingbot.htm)" "-"
207.46.13.36 - - [07/May/2018:04:18:06 +0200] "GET /wp-content/uploads/2014/12/2MannschaftGruppenbild.jpg HTTP/1.1" 200 424077 www.fc-schnaittach.de "-" "Mozilla/5.0 (compatible; bingbot/2.0; +http://www.bing.com/bingbot.htm)" "-"
5.45.203.8 - - [07/May/2018:04:20:32 +0200] "GET /favicon.ico HTTP/1.1" 200 3 www.fc-schnaittach.de "-" "Mozilla/5.0 (compatible; YandexBot/3.0; +http://yandex.com/bots)" "-"
91.210.146.49 - - [07/May/2018:04:20:49 +0200] "POST /wp-login.php HTTP/1.1" 200 1311 www.fc-schnaittach.de "https://www.fc-schnaittach.de/wp-login.php" "Mozilla/5.0 (Windows NT 10.0; WOW64) AppleWebKit/537.36 (KHTML, like Gecko) Chrome/53.0.2785.143 Safari/537.36" "-"
91.210.146.49 - - [07/May/2018:04:20:50 +0200] "GET /wp-admin/ HTTP/1.1" 302 23 www.fc-schnaittach.de "https://www.fc-schnaittach.de/wp-admin/" "Mozilla/5.0 (Windows NT 10.0; WOW64) AppleWebKit/537.36 (KHTML, like Gecko) Chrome/53.0.2785.143 Safari/537.36" "-"
83.4.19.112 - - [07/May/2018:04:22:52 +0200] "GET /wp-content/themes/fcs/images/production/Fussball_Production.jpg?ver=1487205002 HTTP/1.1" 200 24902 www.fc-schnaittach.de "https://www.google.pl/" "Mozilla/5.0 (Windows NT 6.1; Win64; x64) AppleWebKit/537.36 (KHTML, like Gecko) Chrome/63.0.3239.84 Safari/537.36" "-"
66.249.66.151 - - [07/May/2018:04:30:51 +0200] "GET /wp-content/uploads/2018/04/Schuhe.png HTTP/1.1" 200 1951912 www.fc-schnaittach.de "-" "Googlebot-Image/1.0" "-"
77.220.214.180 - - [07/May/2018:04:32:53 +0200] "HEAD / HTTP/1.1" 301 - www.fc-schnaittach.de "https://clothing-deal.club/collections/clothing" "Mozilla/5.0 (compatible; MSIE3.00; Windows 2002)" "-"
217.160.63.10 - - [07/May/2018:04:34:10 +0200] "HEAD /wp-content/uploads/2015/06/WP_20150613_13_24_02_Pro-1024x577.jpg HTTP/1.1" 301 - www.fc-schnaittach.de "https://www.fc-schnaittach.de" "Mozilla/5.0 (compatible; MSIE 9.0; Windows NT 6.1; WOW64; Trident/5.0)" "-"
217.160.63.10 - - [07/May/2018:04:34:10 +0200] "HEAD /wp-content/uploads/2015/06/WP_20150613_13_24_02_Pro-1024x577.jpg HTTP/1.1" 200 - www.fc-schnaittach.de "https://www.fc-schnaittach.de" "Mozilla/5.0 (compatible; MSIE 9.0; Windows NT 6.1; WOW64; Trident/5.0)" "-"
18.236.164.30 - - [07/May/2018:04:34:10 +0200] "GET /wp-login.php HTTP/1.1" 200 1205 fc-schnaittach.de "https://www.google.com" "Mozilla/5.0 (Windows NT 6.2; rv:31.0) Gecko/20100101 Firefox/31.0" "-"
217.160.63.10 - - [07/May/2018:04:34:10 +0200] "POST /wp-cron.php?doing_wp_cron=1525660450.6218979358673095703125 HTTP/1.1" 200 23 www.fc-schnaittach.de "https://www.fc-schnaittach.de/wp-cron.php?doing_wp_cron=1525660450.6218979358673095703125" "WordPress/4.9.5; https://www.fc-schnaittach.de" "-"
217.160.63.10 - - [07/May/2018:04:34:12 +0200] "HEAD /wp-content/uploads/2016/08/13076999_1108260119245690_9163087026079502882_n-300x225.jpg HTTP/1.1" 301 - www.fc-schnaittach.de "https://www.fc-schnaittach.de" "Mozilla/5.0 (compatible; MSIE 9.0; Windows NT 6.1; WOW64; Trident/5.0)" "-"
217.160.63.10 - - [07/May/2018:04:34:12 +0200] "HEAD /wp-content/uploads/2016/08/13076999_1108260119245690_9163087026079502882_n-300x225.jpg HTTP/1.1" 200 - www.fc-schnaittach.de "https://www.fc-schnaittach.de" "Mozilla/5.0 (compatible; MSIE 9.0; Windows NT 6.1; WOW64; Trident/5.0)" "-"
217.160.63.10 - - [07/May/2018:04:34:14 +0200] "HEAD /guertelpruefung-fruehjahr-2016-tagesplan/ HTTP/1.1" 200 - www.fc-schnaittach.de "https://www.fc-schnaittach.de" "Mozilla/5.0 (compatible; MSIE 9.0; Windows NT 6.1; WOW64; Trident/5.0)" "-"
