144.76.71.83 - - [07/May/2018:10:56:51 +0200] "GET /wp-admin/ HTTP/1.1" 200 3 www.fc-schnaittach.de "-" "Mozilla/5.0 (Macintosh; Intel Mac OS X 10.13; rv:57.0) Gecko/20100101 Firefox/57.0" "-"
144.76.71.83 - - [07/May/2018:10:57:07 +0200] "GET /impressum/ HTTP/1.1" 200 32399 www.fc-schnaittach.de "-" "Mozilla/5.0 (Macintosh; Intel Mac OS X 10_13_3) AppleWebKit/537.36 (KHTML, like Gecko) Chrome/63.0.3239.132 Safari/537.36" "-"
144.76.71.83 - - [07/May/2018:10:57:07 +0200] "GET /hauptverein/kontakt/ HTTP/1.1" 200 31216 www.fc-schnaittach.de "-" "Mozilla/5.0 (Windows NT 6.1; Win64; x64) AppleWebKit/537.36 (KHTML, like Gecko) Chrome/63.0.3239.132 Safari/537.36" "-"
91.210.146.49 - - [07/May/2018:10:57:48 +0200] "POST /wp-login.php HTTP/1.1" 200 1311 www.fc-schnaittach.de "https://www.fc-schnaittach.de/wp-login.php" "Mozilla/5.0 (Windows NT 10.0; WOW64) AppleWebKit/537.36 (KHTML, like Gecko) Chrome/53.0.2785.143 Safari/537.36" "-"
91.210.146.49 - - [07/May/2018:10:57:49 +0200] "GET /wp-admin/ HTTP/1.1" 302 23 www.fc-schnaittach.de "https://www.fc-schnaittach.de/wp-admin/" "Mozilla/5.0 (Windows NT 10.0; WOW64) AppleWebKit/537.36 (KHTML, like Gecko) Chrome/53.0.2785.143 Safari/537.36" "-"
144.76.71.83 - - [07/May/2018:10:57:54 +0200] "GET /trainingsplan-sommer-2017/ HTTP/1.1" 200 27305 www.fc-schnaittach.de "-" "Mozilla/5.0 (X11; Ubuntu; Linux x86_64; rv:57.0) Gecko/20100101 Firefox/57.0" "-"
144.76.71.83 - - [07/May/2018:10:57:54 +0200] "GET /ansprechpartner/verein/ HTTP/1.1" 200 31200 www.fc-schnaittach.de "-" "Mozilla/5.0 (Macintosh; Intel Mac OS X 10_8) AppleWebKit/536.25 (KHTML, like Gecko) Version/6.0 Safari/536.25" "-"
144.76.71.83 - - [07/May/2018:10:57:54 +0200] "GET /ansprechpartner/tischtennis/ HTTP/1.1" 200 26293 www.fc-schnaittach.de "-" "Mozilla/5.0 (Macintosh; Intel Mac OS X 10_13_1) AppleWebKit/604.3.5 (KHTML, like Gecko) Version/11.0.1 Safari/604.3.5" "-"
144.76.71.83 - - [07/May/2018:10:57:54 +0200] "GET /ansprechpartner/fussball/ HTTP/1.1" 200 37220 www.fc-schnaittach.de "-" "Mozilla/5.0 (Macintosh; Intel Mac OS X 10.13; rv:57.0) Gecko/20100101 Firefox/57.0" "-"
144.76.71.83 - - [07/May/2018:10:58:38 +0200] "GET /vereinsbusprojekt/ HTTP/1.1" 200 26766 www.fc-schnaittach.de "-" "Mozilla/5.0 (Windows NT 6.3; Win64; x64) AppleWebKit/537.36 (KHTML, like Gecko) Chrome/63.0.3239.132 Safari/537.36" "-"
144.76.71.83 - - [07/May/2018:10:58:38 +0200] "GET /ansprechpartner/fussball/ HTTP/1.1" 200 37184 www.fc-schnaittach.de "-" "Mozilla/5.0 (Macintosh; Intel Mac OS X 1084) AppleWebKit/536.28.10 (KHTML like Gecko) Version/6.0.3 Safari/536.28.10" "-"
144.76.71.83 - - [07/May/2018:10:58:38 +0200] "GET /hauptverein/kontakt/ HTTP/1.1" 200 31180 www.fc-schnaittach.de "-" "Mozilla/5.0 (X11; Linux x86_64) AppleWebKit/537.36 (KHTML, like Gecko) Chrome/51.0.2704.106 Safari/537.36" "-"
144.76.71.83 - - [07/May/2018:10:58:38 +0200] "GET /impressum/ HTTP/1.1" 200 32363 www.fc-schnaittach.de "-" "Mozilla/5.0 (X11; Linux x86_64; rv:58.0) Gecko/20100101 Firefox/58.0" "-"
144.76.71.83 - - [07/May/2018:10:58:38 +0200] "GET /ansprechpartner/tischtennis/ HTTP/1.1" 200 26257 www.fc-schnaittach.de "-" "Mozilla/5.0 (Windows NT 6.1; WOW64; Trident/7.0; rv:11.0) like Gecko" "-"
144.76.71.83 - - [07/May/2018:10:58:38 +0200] "GET /fussball/damen/ansprechpartner/ HTTP/1.1" 200 31998 www.fc-schnaittach.de "-" "Mozilla/5.0 (Macintosh; Intel Mac OS X 10_11_6) AppleWebKit/604.5.6 (KHTML, like Gecko) Version/11.0.3 Safari/604.5.6" "-"
144.76.71.83 - - [07/May/2018:10:58:38 +0200] "GET /dragonrun/ HTTP/1.1" 200 35837 www.fc-schnaittach.de "-" "Mozilla/5.0 (Windows; U; Windows NT 6.1; en-US) AppleWebKit/533.19.4 (KHTML, like Gecko) Version/5.0.2 Safari/533.18.5" "-"
2a03:2880:2120:3fcd:face:b00c:0:8000 - - [07/May/2018:10:59:17 +0200] "GET /wp-content/uploads/2018/03/DIN_A6_Flyer_22.02.2018_1.png HTTP/1.1" 200 205587 www.fc-schnaittach.de "-" "facebookexternalhit/1.1 (+http://www.facebook.com/externalhit_uatext.php)" "-"
40.77.167.193 - - [07/May/2018:11:04:35 +0200] "GET /fussball/2-mannschaft/galerie-2-mannschaft/feed/ HTTP/1.1" 200 555 www.fc-schnaittach.de "-" "Mozilla/5.0 (compatible; bingbot/2.0; +http://www.bing.com/bingbot.htm)" "-"
207.46.13.36 - - [07/May/2018:11:04:59 +0200] "GET /e3-jugend/feed/ HTTP/1.1" 200 543 www.fc-schnaittach.de "-" "Mozilla/5.0 (compatible; bingbot/2.0; +http://www.bing.com/bingbot.htm)" "-"
40.77.167.193 - - [07/May/2018:11:06:21 +0200] "GET /budo-sommerabschluss-mit-freunden/feed/ HTTP/1.1" 200 565 www.fc-schnaittach.de "-" "Mozilla/5.0 (compatible; bingbot/2.0; +http://www.bing.com/bingbot.htm)" "-"
66.249.66.149 - - [07/May/2018:11:10:43 +0200] "GET /fussball/2-mannschaft/galerie-2-mannschaft/ HTTP/1.1" 200 7240 www.fc-schnaittach.de "-" "Mozilla/5.0 (compatible; Googlebot/2.1; +http://www.google.com/bot.html)" "-"
66.249.66.132 - - [07/May/2018:11:10:47 +0200] "GET /sitemap-pt-post-2017-07.xml HTTP/1.1" 200 615 www.fc-schnaittach.de "-" "Mozilla/5.0 (compatible; Googlebot/2.1; +http://www.google.com/bot.html)" "-"
91.210.146.49 - - [07/May/2018:11:11:54 +0200] "POST /wp-login.php HTTP/1.1" 200 1309 www.fc-schnaittach.de "https://www.fc-schnaittach.de/wp-login.php" "Mozilla/5.0 (Windows NT 10.0; WOW64) AppleWebKit/537.36 (KHTML, like Gecko) Chrome/53.0.2785.143 Safari/537.36" "-"
91.210.146.49 - - [07/May/2018:11:11:54 +0200] "GET /wp-admin/ HTTP/1.1" 302 23 www.fc-schnaittach.de "https://www.fc-schnaittach.de/wp-admin/" "Mozilla/5.0 (Windows NT 10.0; WOW64) AppleWebKit/537.36 (KHTML, like Gecko) Chrome/53.0.2785.143 Safari/537.36" "-"
157.55.39.4 - - [07/May/2018:11:13:16 +0200] "GET /wp-content/uploads/2014/10/P1160528.jpg HTTP/1.1" 200 362383 www.fc-schnaittach.de "-" "Mozilla/5.0 (compatible; bingbot/2.0; +http://www.bing.com/bingbot.htm)" "-"
217.160.63.10 - - [07/May/2018:11:23:02 +0200] "POST /wp-cron.php?doing_wp_cron=1525684982.4107999801635742187500 HTTP/1.1" 200 23 www.fc-schnaittach.de "https://www.fc-schnaittach.de/wp-cron.php?doing_wp_cron=1525684982.4107999801635742187500" "WordPress/4.9.5; https://www.fc-schnaittach.de" "-"
40.77.167.193 - - [07/May/2018:11:23:02 +0200] "GET /hauptverein/terminvorschau/feed/ HTTP/1.1" 200 545 www.fc-schnaittach.de "-" "Mozilla/5.0 (compatible; bingbot/2.0; +http://www.bing.com/bingbot.htm)" "-"
66.249.66.134 - - [07/May/2018:11:23:38 +0200] "GET /wp-content/plugins/user-access-manager/css/uamLoginForm.css?ver=1.0 HTTP/1.1" 404 5785 www.fc-schnaittach.de "http://www.fc-schnaittach.de/unterstuetzt-unsere-mannschaften/" "Mozilla/5.0 (compatible; Googlebot/2.1; +http://www.google.com/bot.html)" "-"
66.249.66.134 - - [07/May/2018:11:23:38 +0200] "GET /wp-content/plugins/user-access-manager/css/uamAdmin.css?ver=1.0 HTTP/1.1" 404 5785 www.fc-schnaittach.de "http://www.fc-schnaittach.de/unterstuetzt-unsere-mannschaften/" "Mozilla/5.0 (compatible; Googlebot/2.1; +http://www.google.com/bot.html)" "-"
66.249.66.134 - - [07/May/2018:11:23:39 +0200] "GET /wp-content/plugins/user-access-manager/js/functions.js?ver=4.6.1 HTTP/1.1" 404 5785 www.fc-schnaittach.de "http://www.fc-schnaittach.de/unterstuetzt-unsere-mannschaften/" "Mozilla/5.0 (compatible; Googlebot/2.1; +http://www.google.com/bot.html)" "-"
66.249.66.132 - - [07/May/2018:11:23:39 +0200] "GET /wp-content/plugins/contact-form-7/includes/js/jquery.form.min.js?ver=3.51.0-2014.06.20 HTTP/1.1" 404 5784 www.fc-schnaittach.de "http://www.fc-schnaittach.de/unterstuetzt-unsere-mannschaften/" "Mozilla/5.0 (compatible; Googlebot/2.1; +http://www.google.com/bot.html)" "-"
91.210.146.49 - - [07/May/2018:11:26:04 +0200] "POST /wp-login.php HTTP/1.1" 200 1311 www.fc-schnaittach.de "https://www.fc-schnaittach.de/wp-login.php" "Mozilla/5.0 (Windows NT 10.0; WOW64) AppleWebKit/537.36 (KHTML, like Gecko) Chrome/53.0.2785.143 Safari/537.36" "-"
91.210.146.49 - - [07/May/2018:11:26:05 +0200] "GET /wp-admin/ HTTP/1.1" 302 23 www.fc-schnaittach.de "https://www.fc-schnaittach.de/wp-admin/" "Mozilla/5.0 (Windows NT 10.0; WOW64) AppleWebKit/537.36 (KHTML, like Gecko) Chrome/53.0.2785.143 Safari/537.36" "-"
207.46.13.36 - - [07/May/2018:11:26:09 +0200] "GET /tag/sportheim/feed/ HTTP/1.1" 200 593 www.fc-schnaittach.de "-" "Mozilla/5.0 (compatible; bingbot/2.0; +http://www.bing.com/bingbot.htm)" "-"
2a03:2880:1010:8ff9:face:b00c:0:8000 - - [07/May/2018:11:26:58 +0200] "GET /wp-content/uploads/2018/03/DIN_A6_Flyer_22.02.2018_1.png HTTP/1.1" 200 205587 www.fc-schnaittach.de "-" "facebookexternalhit/1.1 (+http://www.facebook.com/externalhit_uatext.php)" "-"
2a02:908:a61:ae20:d997:93e7:d366:edfd - - [07/May/2018:11:28:19 +0200] "GET /Dragonrun HTTP/1.1" 301 23 fc-schnaittach.de "http://m.facebook.com" "Mozilla/5.0 (iPhone; CPU iPhone OS 11_3 like Mac OS X) AppleWebKit/605.1.15 (KHTML, like Gecko) Mobile/15E216 [FBAN/FBIOS;FBAV/170.1.0.80.91;FBBV/106613464;FBDV/iPhone9,4;FBMD/iPhone;FBSN/iOS;FBSV/11.3;FBSS/3;FBCR/Telekom.de;FBID/phone;FBLC/de_DE;FBOP/5;FBRV/0]" "-"
2a02:908:a61:ae20:d997:93e7:d366:edfd - - [07/May/2018:11:28:21 +0200] "GET /Dragonrun/ HTTP/1.1" 200 9088 www.fc-schnaittach.de "http://m.facebook.com" "Mozilla/5.0 (iPhone; CPU iPhone OS 11_3 like Mac OS X) AppleWebKit/605.1.15 (KHTML, like Gecko) Mobile/15E216 [FBAN/FBIOS;FBAV/170.1.0.80.91;FBBV/106613464;FBDV/iPhone9,4;FBMD/iPhone;FBSN/iOS;FBSV/11.3;FBSS/3;FBCR/Telekom.de;FBID/phone;FBLC/de_DE;FBOP/5;FBRV/0]" "-"
207.46.13.36 - - [07/May/2018:11:32:11 +0200] "GET /wp-content/uploads/2016/01/Tagesablauf_FJ_2016.jpg HTTP/1.1" 200 67326 www.fc-schnaittach.de "-" "Mozilla/5.0 (compatible; bingbot/2.0; +http://www.bing.com/bingbot.htm)" "-"
207.46.13.36 - - [07/May/2018:11:32:56 +0200] "GET /wp-content/uploads/2014/10/P1160505.jpg HTTP/1.1" 200 519424 www.fc-schnaittach.de "-" "Mozilla/5.0 (compatible; bingbot/2.0; +http://www.bing.com/bingbot.htm)" "-"
178.255.215.83 - - [07/May/2018:11:35:29 +0200] "GET /robots.txt HTTP/1.1" 301 248 www.fc-schnaittach.de "-" "Mozilla/5.0 (compatible; Exabot/3.0; +http://www.exabot.com/go/robot)" "-"
178.255.215.83 - - [07/May/2018:11:35:29 +0200] "GET /?p=31 HTTP/1.1" 301 243 www.fc-schnaittach.de "-" "Mozilla/5.0 (compatible; Exabot/3.0; +http://www.exabot.com/go/robot)" "-"
207.46.13.36 - - [07/May/2018:11:37:02 +0200] "GET /wp-content/uploads/2016/11/Denise-Hanisch.jpg HTTP/1.1" 200 993256 www.fc-schnaittach.de "-" "Mozilla/5.0 (compatible; bingbot/2.0; +http://www.bing.com/bingbot.htm)" "-"
176.97.36.173 - - [07/May/2018:11:37:04 +0200] "GET /wp-login.php HTTP/1.1" 301 250 fc-schnaittach.de "-" "Mozilla/5.0 (Windows NT 6.0; rv:34.0) Gecko/20100101 Firefox/34.0" "-"
176.97.36.173 - - [07/May/2018:11:37:04 +0200] "GET /wp-login.php HTTP/1.1" 200 2793 www.fc-schnaittach.de "-" "Mozilla/5.0 (Windows NT 6.0; rv:34.0) Gecko/20100101 Firefox/34.0" "-"
176.97.36.173 - - [07/May/2018:11:37:16 +0200] "POST /wp-login.php HTTP/1.1" 503 299 www.fc-schnaittach.de "https://www.fc-schnaittach.de/wp-login.php" "Mozilla/5.0 (Windows NT 6.0; rv:34.0) Gecko/20100101 Firefox/34.0" "-"
2a03:2880:2120:8fc5:face:b00c:0:8000 - - [07/May/2018:11:38:12 +0200] "GET /wp-content/uploads/2018/03/DIN_A6_Flyer_22.02.2018_1.png HTTP/1.1" 200 205587 www.fc-schnaittach.de "-" "facebookexternalhit/1.1 (+http://www.facebook.com/externalhit_uatext.php)" "-"
66.249.66.149 - - [07/May/2018:11:38:57 +0200] "GET /sitemap.xml HTTP/1.1" 200 1165 www.fc-schnaittach.de "-" "Mozilla/5.0 (compatible; Googlebot/2.1; +http://www.google.com/bot.html)" "-"
5.45.203.13 - - [07/May/2018:11:39:25 +0200] "GET /robots.txt HTTP/1.1" 301 248 www.fc-schnaittach.de "-" "Mozilla/5.0 (compatible; YandexBot/3.0; +http://yandex.com/bots)" "-"
5.45.203.13 - - [07/May/2018:11:39:28 +0200] "GET /?p=644 HTTP/1.1" 301 244 www.fc-schnaittach.de "-" "Mozilla/5.0 (compatible; YandexBot/3.0; +http://yandex.com/bots)" "-"
87.250.233.75 - - [07/May/2018:11:39:29 +0200] "GET /robots.txt HTTP/1.1" 200 35 www.fc-schnaittach.de "-" "Mozilla/5.0 (compatible; YandexBot/3.0; +http://yandex.com/bots)" "-"
87.250.233.75 - - [07/May/2018:11:39:33 +0200] "GET /?p=644 HTTP/1.1" 301 23 www.fc-schnaittach.de "-" "Mozilla/5.0 (compatible; YandexBot/3.0; +http://yandex.com/bots)" "-"
5.45.203.13 - - [07/May/2018:11:39:36 +0200] "GET /g-jugend/ HTTP/1.1" 200 7174 www.fc-schnaittach.de "-" "Mozilla/5.0 (compatible; YandexBot/3.0; +http://yandex.com/bots)" "-"
91.210.146.49 - - [07/May/2018:11:40:13 +0200] "POST /wp-login.php HTTP/1.1" 200 1311 www.fc-schnaittach.de "https://www.fc-schnaittach.de/wp-login.php" "Mozilla/5.0 (Windows NT 10.0; WOW64) AppleWebKit/537.36 (KHTML, like Gecko) Chrome/53.0.2785.143 Safari/537.36" "-"
91.210.146.49 - - [07/May/2018:11:40:13 +0200] "GET /wp-admin/ HTTP/1.1" 302 23 www.fc-schnaittach.de "https://www.fc-schnaittach.de/wp-admin/" "Mozilla/5.0 (Windows NT 10.0; WOW64) AppleWebKit/537.36 (KHTML, like Gecko) Chrome/53.0.2785.143 Safari/537.36" "-"
157.55.39.4 - - [07/May/2018:11:44:38 +0200] "GET /julius-hirsch-preis-2015/feed/ HTTP/1.1" 200 559 www.fc-schnaittach.de "-" "Mozilla/5.0 (compatible; bingbot/2.0; +http://www.bing.com/bingbot.htm)" "-"
157.55.39.213 - - [07/May/2018:11:46:03 +0200] "GET /budo-sommerabschluss-mit-freunden/feed/ HTTP/1.1" 200 565 www.fc-schnaittach.de "-" "Mozilla/5.0 (compatible; bingbot/2.0; +http://www.bing.com/bingbot.htm)" "-"
157.55.39.213 - - [07/May/2018:11:46:03 +0200] "GET /wp-content/uploads/2014/10/T_Goretzki-257x300.jpg HTTP/1.1" 301 287 www.fc-schnaittach.de "-" "Mozilla/5.0 (compatible; bingbot/2.0; +http://www.bing.com/bingbot.htm)" "-"
157.55.39.213 - - [07/May/2018:11:46:05 +0200] "GET /wp-content/uploads/2014/10/T_Goretzki-257x300.jpg HTTP/1.1" 200 21690 www.fc-schnaittach.de "-" "Mozilla/5.0 (compatible; bingbot/2.0; +http://www.bing.com/bingbot.htm)" "-"
157.55.39.213 - - [07/May/2018:11:46:22 +0200] "GET /wp-content/uploads/2014/10/P1160515.jpg HTTP/1.1" 200 480156 www.fc-schnaittach.de "-" "Mozilla/5.0 (compatible; bingbot/2.0; +http://www.bing.com/bingbot.htm)" "-"
157.55.39.213 - - [07/May/2018:11:46:23 +0200] "GET /wp-content/uploads/2014/10/DSC03521-e1430394680685.jpg HTTP/1.1" 301 292 www.fc-schnaittach.de "-" "Mozilla/5.0 (compatible; bingbot/2.0; +http://www.bing.com/bingbot.htm)" "-"
157.55.39.213 - - [07/May/2018:11:46:25 +0200] "GET /wp-content/uploads/2014/10/DSC03521-e1430394680685.jpg HTTP/1.1" 200 104274 www.fc-schnaittach.de "-" "Mozilla/5.0 (compatible; bingbot/2.0; +http://www.bing.com/bingbot.htm)" "-"
157.55.39.213 - - [07/May/2018:11:46:26 +0200] "GET /wp-content/uploads/2016/01/Budo-Logo_20.06.2014_7x7cm.jpg HTTP/1.1" 200 22959 www.fc-schnaittach.de "-" "Mozilla/5.0 (compatible; bingbot/2.0; +http://www.bing.com/bingbot.htm)" "-"
207.46.13.36 - - [07/May/2018:11:47:09 +0200] "GET /fussball/1-mannschaft/facebook-news/feed/ HTTP/1.1" 200 559 www.fc-schnaittach.de "-" "Mozilla/5.0 (compatible; bingbot/2.0; +http://www.bing.com/bingbot.htm)" "-"
157.55.39.4 - - [07/May/2018:11:47:14 +0200] "GET /wp-content/uploads/2016/01/Urkunde-Julius-Hirsch-Preis-2015-page-002.jpg HTTP/1.1" 200 67381 www.fc-schnaittach.de "-" "Mozilla/5.0 (compatible; bingbot/2.0; +http://www.bing.com/bingbot.htm)" "-"
40.77.167.193 - - [07/May/2018:11:49:34 +0200] "GET /planung-pruefung-fruehjahr-2016/feed/ HTTP/1.1" 200 570 www.fc-schnaittach.de "-" "Mozilla/5.0 (compatible; bingbot/2.0; +http://www.bing.com/bingbot.htm)" "-"
157.55.39.4 - - [07/May/2018:11:53:20 +0200] "GET /wp-content/uploads/2015/04/FCS-1-Mannschaft-1961-2.jpg HTTP/1.1" 200 34637 www.fc-schnaittach.de "-" "Mozilla/5.0 (compatible; bingbot/2.0; +http://www.bing.com/bingbot.htm)" "-"
91.210.146.49 - - [07/May/2018:11:54:23 +0200] "POST /wp-login.php HTTP/1.1" 200 1311 www.fc-schnaittach.de "https://www.fc-schnaittach.de/wp-login.php" "Mozilla/5.0 (Windows NT 10.0; WOW64) AppleWebKit/537.36 (KHTML, like Gecko) Chrome/53.0.2785.143 Safari/537.36" "-"
91.210.146.49 - - [07/May/2018:11:54:24 +0200] "GET /wp-admin/ HTTP/1.1" 302 23 www.fc-schnaittach.de "https://www.fc-schnaittach.de/wp-admin/" "Mozilla/5.0 (Windows NT 10.0; WOW64) AppleWebKit/537.36 (KHTML, like Gecko) Chrome/53.0.2785.143 Safari/537.36" "-"
217.92.223.209 - - [07/May/2018:11:55:26 +0200] "GET /dragonrun/ HTTP/1.1" 200 9082 www.fc-schnaittach.de "https://www.google.de/url?sa=t&rct=j&q=&esrc=s&source=web&cd=1&ved=2ahUKEwiKk7TMqvPaAhUNyaQKHWHFCN4QFjAAegQIABAv&url=https%3A%2F%2Fwww.fc-schnaittach.de%2Fdragonrun%2F&usg=AOvVaw2x_tEnWBy5M0dvBndgjT-P" "Mozilla/5.0 (Windows NT 6.1; Trident/7.0; rv:11.0) like Gecko" "-"
217.92.223.209 - - [07/May/2018:11:55:26 +0200] "GET /wp-content/plugins/contact-form-7/includes/css/styles.css?ver=5.0.1 HTTP/1.1" 200 1683 www.fc-schnaittach.de "https://www.fc-schnaittach.de/dragonrun/" "Mozilla/5.0 (Windows NT 6.1; Trident/7.0; rv:11.0) like Gecko" "-"
217.92.223.209 - - [07/May/2018:11:55:26 +0200] "GET /wp-content/plugins/feedzy-rss-feeds/css/feedzy-rss-feeds.css?ver=3.2.10 HTTP/1.1" 200 9822 www.fc-schnaittach.de "https://www.fc-schnaittach.de/dragonrun/" "Mozilla/5.0 (Windows NT 6.1; Trident/7.0; rv:11.0) like Gecko" "-"
217.92.223.209 - - [07/May/2018:11:55:26 +0200] "GET /wp-content/plugins/recently-updated-posts-widget/css/style.css?ver=4.9.5 HTTP/1.1" 200 45 www.fc-schnaittach.de "https://www.fc-schnaittach.de/dragonrun/" "Mozilla/5.0 (Windows NT 6.1; Trident/7.0; rv:11.0) like Gecko" "-"
217.92.223.209 - - [07/May/2018:11:55:26 +0200] "GET /wp-content/plugins/user-access-manager/assets/css/uamLoginForm.css?ver=2.1.11 HTTP/1.1" 200 468 www.fc-schnaittach.de "https://www.fc-schnaittach.de/dragonrun/" "Mozilla/5.0 (Windows NT 6.1; Trident/7.0; rv:11.0) like Gecko" "-"
217.92.223.209 - - [07/May/2018:11:55:27 +0200] "GET /wp-includes/js/jquery/jquery.js?ver=1.12.4 HTTP/1.1" 200 97184 www.fc-schnaittach.de "https://www.fc-schnaittach.de/dragonrun/" "Mozilla/5.0 (Windows NT 6.1; Trident/7.0; rv:11.0) like Gecko" "-"
217.92.223.209 - - [07/May/2018:11:55:27 +0200] "GET /wp-includes/js/jquery/jquery-migrate.min.js?ver=1.4.1 HTTP/1.1" 200 10056 www.fc-schnaittach.de "https://www.fc-schnaittach.de/dragonrun/" "Mozilla/5.0 (Windows NT 6.1; Trident/7.0; rv:11.0) like Gecko" "-"
217.92.223.209 - - [07/May/2018:11:55:27 +0200] "GET /wp-includes/js/wp-emoji-release.min.js?ver=4.9.5 HTTP/1.1" 200 11721 www.fc-schnaittach.de "https://www.fc-schnaittach.de/dragonrun/" "Mozilla/5.0 (Windows NT 6.1; Trident/7.0; rv:11.0) like Gecko" "-"
217.92.223.209 - - [07/May/2018:11:55:27 +0200] "GET /wp-content/themes/fcs/css/jquery.smartmenus.bootstrap.css?ver=1418749976 HTTP/1.1" 200 3128 www.fc-schnaittach.de "https://www.fc-schnaittach.de/dragonrun/" "Mozilla/5.0 (Windows NT 6.1; Trident/7.0; rv:11.0) like Gecko" "-"
217.92.223.209 - - [07/May/2018:11:55:27 +0200] "GET /wp-content/themes/fcs/style.css?ver=1460744932 HTTP/1.1" 200 22587 www.fc-schnaittach.de "https://www.fc-schnaittach.de/dragonrun/" "Mozilla/5.0 (Windows NT 6.1; Trident/7.0; rv:11.0) like Gecko" "-"
217.92.223.209 - - [07/May/2018:11:55:27 +0200] "GET /wp-content/themes/fcs/js/fcs.js?ver=1442772175 HTTP/1.1" 200 5542 www.fc-schnaittach.de "https://www.fc-schnaittach.de/dragonrun/" "Mozilla/5.0 (Windows NT 6.1; Trident/7.0; rv:11.0) like Gecko" "-"
217.92.223.209 - - [07/May/2018:11:55:27 +0200] "GET /wp-content/themes/fcs/js/jquery.smartmenus.min.js?ver=1418750004 HTTP/1.1" 200 22672 www.fc-schnaittach.de "https://www.fc-schnaittach.de/dragonrun/" "Mozilla/5.0 (Windows NT 6.1; Trident/7.0; rv:11.0) like Gecko" "-"
217.92.223.209 - - [07/May/2018:11:55:27 +0200] "GET /wp-content/themes/fcs/js/jquery.smartmenus.bootstrap.min.js?ver=1418750004 HTTP/1.1" 200 1252 www.fc-schnaittach.de "https://www.fc-schnaittach.de/dragonrun/" "Mozilla/5.0 (Windows NT 6.1; Trident/7.0; rv:11.0) like Gecko" "-"
217.92.223.209 - - [07/May/2018:11:55:27 +0200] "GET /wp-content/plugins/contact-form-7/includes/js/scripts.js?ver=5.0.1 HTTP/1.1" 200 14551 www.fc-schnaittach.de "https://www.fc-schnaittach.de/dragonrun/" "Mozilla/5.0 (Windows NT 6.1; Trident/7.0; rv:11.0) like Gecko" "-"
217.92.223.209 - - [07/May/2018:11:55:27 +0200] "GET /wp-includes/js/wp-embed.min.js?ver=4.9.5 HTTP/1.1" 200 1398 www.fc-schnaittach.de "https://www.fc-schnaittach.de/dragonrun/" "Mozilla/5.0 (Windows NT 6.1; Trident/7.0; rv:11.0) like Gecko" "-"
217.92.223.209 - - [07/May/2018:11:55:27 +0200] "GET /wp-content/themes/fcs/images/production/FcsWappen.png?ver=1487205002 HTTP/1.1" 200 12482 www.fc-schnaittach.de "https://www.fc-schnaittach.de/dragonrun/" "Mozilla/5.0 (Windows NT 6.1; Trident/7.0; rv:11.0) like Gecko" "-"
217.92.223.209 - - [07/May/2018:11:55:27 +0200] "GET /wp-content/uploads/2018/04/A3-Poster-724x1024.jpeg HTTP/1.1" 200 148817 www.fc-schnaittach.de "https://www.fc-schnaittach.de/dragonrun/" "Mozilla/5.0 (Windows NT 6.1; Trident/7.0; rv:11.0) like Gecko" "-"
217.92.223.209 - - [07/May/2018:11:55:27 +0200] "GET /wp-content/uploads/2018/03/Gel%C3%A4ndekarte_8-1024x594.png HTTP/1.1" 200 378336 www.fc-schnaittach.de "https://www.fc-schnaittach.de/dragonrun/" "Mozilla/5.0 (Windows NT 6.1; Trident/7.0; rv:11.0) like Gecko" "-"
217.92.223.209 - - [07/May/2018:11:55:27 +0200] "GET /wp-content/uploads/2018/04/Gel%C3%A4ndekarte_Homepage_1-1-1024x665.png HTTP/1.1" 200 574842 www.fc-schnaittach.de "https://www.fc-schnaittach.de/dragonrun/" "Mozilla/5.0 (Windows NT 6.1; Trident/7.0; rv:11.0) like Gecko" "-"
217.92.223.209 - - [07/May/2018:11:55:28 +0200] "GET /wp-content/uploads/2018/05/Small_Wall_1-300x300.jpg HTTP/1.1" 200 25990 www.fc-schnaittach.de "https://www.fc-schnaittach.de/dragonrun/" "Mozilla/5.0 (Windows NT 6.1; Trident/7.0; rv:11.0) like Gecko" "-"
217.92.223.209 - - [07/May/2018:11:55:28 +0200] "GET /wp-content/uploads/2018/05/Rock_your_hair_Chevy_1-300x300.png HTTP/1.1" 200 163841 www.fc-schnaittach.de "https://www.fc-schnaittach.de/dragonrun/" "Mozilla/5.0 (Windows NT 6.1; Trident/7.0; rv:11.0) like Gecko" "-"
217.92.223.209 - - [07/May/2018:11:55:28 +0200] "GET /wp-content/themes/fcs/images/production/FcsWappen.png HTTP/1.1" 200 12482 www.fc-schnaittach.de "https://www.fc-schnaittach.de/dragonrun/" "Mozilla/5.0 (Windows NT 6.1; Trident/7.0; rv:11.0) like Gecko" "-"
217.92.223.209 - - [07/May/2018:11:55:29 +0200] "GET /wp-content/uploads/2018/04/Werbebanner_1-300x300.jpg HTTP/1.1" 200 28954 www.fc-schnaittach.de "https://www.fc-schnaittach.de/dragonrun/" "Mozilla/5.0 (Windows NT 6.1; Trident/7.0; rv:11.0) like Gecko" "-"
217.92.223.209 - - [07/May/2018:11:55:41 +0200] "GET /wp-content/themes/fcs/images/production/FcsWappen.ico?ver=1420564287 HTTP/1.1" 200 4606 www.fc-schnaittach.de "-" "Mozilla/5.0 (Windows NT 6.1; Trident/7.0; rv:11.0) like Gecko" "-"
157.55.39.4 - - [07/May/2018:11:55:56 +0200] "GET /wp-content/uploads/2015/06/20150613_115636-e1434303450659.jpg HTTP/1.1" 200 82927 www.fc-schnaittach.de "-" "Mozilla/5.0 (compatible; bingbot/2.0; +http://www.bing.com/bingbot.htm)" "-"
217.92.223.209 - - [07/May/2018:11:57:05 +0200] "GET /guideline-ocr-dragon-run/ HTTP/1.1" 200 7336 www.fc-schnaittach.de "https://www.fc-schnaittach.de/dragonrun/" "Mozilla/5.0 (Windows NT 6.1; Trident/7.0; rv:11.0) like Gecko" "-"
217.92.223.209 - - [07/May/2018:11:57:06 +0200] "GET /wp-content/uploads/2018/04/Schuhe-300x225.png HTTP/1.1" 200 151268 www.fc-schnaittach.de "https://www.fc-schnaittach.de/guideline-ocr-dragon-run/" "Mozilla/5.0 (Windows NT 6.1; Trident/7.0; rv:11.0) like Gecko" "-"
217.92.223.209 - - [07/May/2018:11:59:12 +0200] "GET /faq-dragonrun/ HTTP/1.1" 200 6995 www.fc-schnaittach.de "https://www.fc-schnaittach.de/dragonrun/" "Mozilla/5.0 (Windows NT 6.1; Trident/7.0; rv:11.0) like Gecko" "-"
217.92.223.209 - - [07/May/2018:11:59:12 +0200] "GET /wp-content/uploads/2018/04/Satilmis.png HTTP/1.1" 200 16554 www.fc-schnaittach.de "https://www.fc-schnaittach.de/faq-dragonrun/" "Mozilla/5.0 (Windows NT 6.1; Trident/7.0; rv:11.0) like Gecko" "-"
217.92.223.209 - - [07/May/2018:11:59:12 +0200] "GET /wp-content/uploads/2018/04/ATS-300x62.png HTTP/1.1" 200 9551 www.fc-schnaittach.de "https://www.fc-schnaittach.de/faq-dragonrun/" "Mozilla/5.0 (Windows NT 6.1; Trident/7.0; rv:11.0) like Gecko" "-"
217.92.223.209 - - [07/May/2018:11:59:12 +0200] "GET /wp-content/uploads/2018/04/J%C3%A4hnigen-300x73.png HTTP/1.1" 200 20055 www.fc-schnaittach.de "https://www.fc-schnaittach.de/faq-dragonrun/" "Mozilla/5.0 (Windows NT 6.1; Trident/7.0; rv:11.0) like Gecko" "-"
217.92.223.209 - - [07/May/2018:11:59:13 +0200] "GET /wp-content/uploads/2018/04/Rockyourhair_2-300x101.png HTTP/1.1" 200 17005 www.fc-schnaittach.de "https://www.fc-schnaittach.de/faq-dragonrun/" "Mozilla/5.0 (Windows NT 6.1; Trident/7.0; rv:11.0) like Gecko" "-"
77.177.241.50 - - [07/May/2018:12:02:38 +0200] "GET /wp-content/uploads/2017/06/Sporterlebnistag_04-3.jpg HTTP/1.1" 301 290 www.fc-schnaittach.de "http://losviajes.info/fu%DFball-getr%E4nke" "Mozilla/5.0 (Windows NT 6.3; WOW64; Trident/7.0; LCJB; rv:11.0) like Gecko" "-"
77.177.241.50 - - [07/May/2018:12:03:02 +0200] "GET /wp-content/uploads/2017/06/Sporterlebnistag_04-3.jpg HTTP/1.1" 200 306598 www.fc-schnaittach.de "http://losviajes.info/fu%DFball-getr%E4nke" "Mozilla/5.0 (Windows NT 6.3; WOW64; Trident/7.0; LCJB; rv:11.0) like Gecko" "-"
54.36.148.66 - - [07/May/2018:12:03:17 +0200] "GET /wp-content/uploads/2014/10/C_Sch%C3%BCtz.jpg HTTP/1.1" 301 282 www.fc-schnaittach.de "-" "Mozilla/5.0 (compatible; AhrefsBot/5.2; +http://ahrefs.com/robot/)" "-"
40.77.167.193 - - [07/May/2018:12:03:32 +0200] "GET /impressum/feed/ HTTP/1.1" 200 539 www.fc-schnaittach.de "-" "Mozilla/5.0 (compatible; bingbot/2.0; +http://www.bing.com/bingbot.htm)" "-"
91.210.146.49 - - [07/May/2018:12:08:42 +0200] "POST /wp-login.php HTTP/1.1" 200 1311 www.fc-schnaittach.de "https://www.fc-schnaittach.de/wp-login.php" "Mozilla/5.0 (Windows NT 10.0; WOW64) AppleWebKit/537.36 (KHTML, like Gecko) Chrome/53.0.2785.143 Safari/537.36" "-"
91.210.146.49 - - [07/May/2018:12:08:42 +0200] "GET /wp-admin/ HTTP/1.1" 302 23 www.fc-schnaittach.de "https://www.fc-schnaittach.de/wp-admin/" "Mozilla/5.0 (Windows NT 10.0; WOW64) AppleWebKit/537.36 (KHTML, like Gecko) Chrome/53.0.2785.143 Safari/537.36" "-"
157.55.39.4 - - [07/May/2018:12:11:41 +0200] "GET /wp-content/uploads/2016/12/IMG_9921.jpg HTTP/1.1" 200 1627213 www.fc-schnaittach.de "-" "Mozilla/5.0 (compatible; bingbot/2.0; +http://www.bing.com/bingbot.htm)" "-"
37.115.185.9 - - [07/May/2018:12:16:33 +0200] "GET /karate-teilnahme-an-der-bezirksmeisterschaft-2015/ HTTP/1.1" 200 29806 www.fc-schnaittach.de "https://univerfiles.com/" "Mozilla/4.0 (compatible; MSIE 4.01; Digital AlphaServer 1000A 4/233; Windows NT; Powered By 64-Bit Alpha Processor)" "-"
37.115.185.9 - - [07/May/2018:12:16:34 +0200] "GET /karate-teilnahme-an-der-bezirksmeisterschaft-2015/ HTTP/1.1" 200 29806 www.fc-schnaittach.de "https://univerfiles.com/" "Mozilla/4.0 (compatible; MSIE 4.01; Digital AlphaServer 1000A 4/233; Windows NT; Powered By 64-Bit Alpha Processor)" "-"
37.115.185.9 - - [07/May/2018:12:16:35 +0200] "GET /karate-teilnahme-an-der-bezirksmeisterschaft-2015/ HTTP/1.1" 200 29806 www.fc-schnaittach.de "https://univerfiles.com/" "Mozilla/4.0 (compatible; MSIE 4.01; Digital AlphaServer 1000A 4/233; Windows NT; Powered By 64-Bit Alpha Processor)" "-"
87.139.174.234 - - [07/May/2018:12:20:36 +0200] "GET /wp-content/uploads/2018/03/DIN_A6_Flyer_22.02.2018_1.png HTTP/1.1" 200 205587 www.fc-schnaittach.de "https://www.google.de/" "Mozilla/5.0 (Windows NT 6.0; WOW64; rv:52.0) Gecko/20100101 Firefox/52.0" "-"
87.139.174.234 - - [07/May/2018:12:20:41 +0200] "GET /wp-content/uploads/2018/05/Rock_your_hair_Chevy_1.png HTTP/1.1" 200 994682 www.fc-schnaittach.de "https://www.google.de/" "Mozilla/5.0 (Windows NT 6.0; WOW64; rv:52.0) Gecko/20100101 Firefox/52.0" "-"
87.139.174.234 - - [07/May/2018:12:22:26 +0200] "GET /wp-content/uploads/2018/03/Gel%C3%A4ndekarte_8.png HTTP/1.1" 200 766262 www.fc-schnaittach.de "https://www.google.de/" "Mozilla/5.0 (Windows NT 6.0; WOW64; rv:52.0) Gecko/20100101 Firefox/52.0" "-"
91.210.146.49 - - [07/May/2018:12:23:14 +0200] "POST /wp-login.php HTTP/1.1" 200 1311 www.fc-schnaittach.de "https://www.fc-schnaittach.de/wp-login.php" "Mozilla/5.0 (Windows NT 10.0; WOW64) AppleWebKit/537.36 (KHTML, like Gecko) Chrome/53.0.2785.143 Safari/537.36" "-"
217.160.63.10 - - [07/May/2018:12:23:15 +0200] "POST /wp-cron.php?doing_wp_cron=1525688595.0023028850555419921875 HTTP/1.1" 200 23 www.fc-schnaittach.de "https://www.fc-schnaittach.de/wp-cron.php?doing_wp_cron=1525688595.0023028850555419921875" "WordPress/4.9.5; https://www.fc-schnaittach.de" "-"
91.210.146.49 - - [07/May/2018:12:23:16 +0200] "GET /wp-admin/ HTTP/1.1" 302 23 www.fc-schnaittach.de "https://www.fc-schnaittach.de/wp-admin/" "Mozilla/5.0 (Windows NT 10.0; WOW64) AppleWebKit/537.36 (KHTML, like Gecko) Chrome/53.0.2785.143 Safari/537.36" "-"
66.249.66.149 - - [07/May/2018:12:25:51 +0200] "GET /sitemap_index.xml HTTP/1.1" 200 525 www.fc-schnaittach.de "-" "Mozilla/5.0 (compatible; Googlebot/2.1; +http://www.google.com/bot.html)" "-"
207.46.13.36 - - [07/May/2018:12:28:28 +0200] "GET /vereinsbusprojekt/feed/ HTTP/1.1" 200 542 www.fc-schnaittach.de "-" "Mozilla/5.0 (compatible; bingbot/2.0; +http://www.bing.com/bingbot.htm)" "-"
157.55.39.4 - - [07/May/2018:12:28:56 +0200] "GET /wp-content/uploads/2014/10/Foto-Sportheimp%C3%A4chter-012016-2.jpg HTTP/1.1" 301 304 www.fc-schnaittach.de "-" "Mozilla/5.0 (compatible; bingbot/2.0; +http://www.bing.com/bingbot.htm)" "-"
157.55.39.4 - - [07/May/2018:12:28:58 +0200] "GET /wp-content/uploads/2014/10/Foto-Sportheimp%c3%a4chter-012016-2.jpg HTTP/1.1" 200 75304 www.fc-schnaittach.de "-" "Mozilla/5.0 (compatible; bingbot/2.0; +http://www.bing.com/bingbot.htm)" "-"
207.46.13.36 - - [07/May/2018:12:31:49 +0200] "GET /tag/kickboxen/feed/ HTTP/1.1" 200 597 www.fc-schnaittach.de "-" "Mozilla/5.0 (compatible; bingbot/2.0; +http://www.bing.com/bingbot.htm)" "-"
2003:ec:6bcc:ff98:41bf:d6e9:87c:5b2f - - [07/May/2018:12:35:43 +0200] "GET / HTTP/1.1" 200 7739 www.fc-schnaittach.de "-" "Mozilla/5.0 (Windows NT 10.0; Win64; x64) AppleWebKit/537.36 (KHTML, like Gecko) Chrome/66.0.3359.139 Safari/537.36" "-"
2003:ec:6bcc:ff98:41bf:d6e9:87c:5b2f - - [07/May/2018:12:35:47 +0200] "GET /1-mannschaft/ HTTP/1.1" 301 23 www.fc-schnaittach.de "https://www.fc-schnaittach.de/" "Mozilla/5.0 (Windows NT 10.0; Win64; x64) AppleWebKit/537.36 (KHTML, like Gecko) Chrome/66.0.3359.139 Safari/537.36" "-"
2003:ec:6bcc:ff98:41bf:d6e9:87c:5b2f - - [07/May/2018:12:35:47 +0200] "GET /fussball/1-mannschaft/ HTTP/1.1" 200 7411 www.fc-schnaittach.de "https://www.fc-schnaittach.de/" "Mozilla/5.0 (Windows NT 10.0; Win64; x64) AppleWebKit/537.36 (KHTML, like Gecko) Chrome/66.0.3359.139 Safari/537.36" "-"
2003:ec:6bcc:ff98:41bf:d6e9:87c:5b2f - - [07/May/2018:12:35:50 +0200] "GET /fussball/2-mannschaft/facebook-news/ HTTP/1.1" 200 6952 www.fc-schnaittach.de "https://www.fc-schnaittach.de/fussball/1-mannschaft/" "Mozilla/5.0 (Windows NT 10.0; Win64; x64) AppleWebKit/537.36 (KHTML, like Gecko) Chrome/66.0.3359.139 Safari/537.36" "-"
91.210.146.49 - - [07/May/2018:12:37:15 +0200] "POST /wp-login.php HTTP/1.1" 200 1311 www.fc-schnaittach.de "https://www.fc-schnaittach.de/wp-login.php" "Mozilla/5.0 (Windows NT 10.0; WOW64) AppleWebKit/537.36 (KHTML, like Gecko) Chrome/53.0.2785.143 Safari/537.36" "-"
91.210.146.49 - - [07/May/2018:12:37:16 +0200] "GET /wp-admin/ HTTP/1.1" 302 23 www.fc-schnaittach.de "https://www.fc-schnaittach.de/wp-admin/" "Mozilla/5.0 (Windows NT 10.0; WOW64) AppleWebKit/537.36 (KHTML, like Gecko) Chrome/53.0.2785.143 Safari/537.36" "-"
178.137.165.32 - - [07/May/2018:12:37:41 +0200] "GET / HTTP/1.1" 301 238 www.fc-schnaittach.de "-" "Mozilla/5.0 (Windows NT 10.0; Win64; x64) AppleWebKit/537.36 (KHTML, like Gecko) Chrome/63.0.3239.132 Safari/537.36" "-"
207.46.13.36 - - [07/May/2018:12:38:01 +0200] "GET /wp-content/uploads/2015/04/FCS-1-Mannschaft-1961-2-300x201.jpg HTTP/1.1" 301 300 www.fc-schnaittach.de "-" "Mozilla/5.0 (compatible; bingbot/2.0; +http://www.bing.com/bingbot.htm)" "-"
207.46.13.36 - - [07/May/2018:12:38:02 +0200] "GET /wp-content/uploads/2015/04/FCS-1-Mannschaft-1961-2-300x201.jpg HTTP/1.1" 200 18857 www.fc-schnaittach.de "-" "Mozilla/5.0 (compatible; bingbot/2.0; +http://www.bing.com/bingbot.htm)" "-"
85.248.227.163 - - [07/May/2018:12:39:17 +0200] "GET /wp-content/widget.php HTTP/1.1" 200 3 fc-schnaittach.de "-" "Mozilla/5.0 (compatible; MSIE 9.0; Windows NT 6.1; Trident/5.0)" "-"
85.248.227.163 - - [07/May/2018:12:39:18 +0200] "GET /wp-caches.php HTTP/1.1" 200 3 fc-schnaittach.de "-" "Mozilla/5.0 (compatible; MSIE 9.0; Windows NT 6.1; Trident/5.0)" "-"
85.248.227.163 - - [07/May/2018:12:39:19 +0200] "GET /ass.php HTTP/1.1" 200 3 fc-schnaittach.de "-" "Mozilla/5.0 (compatible; MSIE 9.0; Windows NT 6.1; Trident/5.0)" "-"
85.248.227.163 - - [07/May/2018:12:39:20 +0200] "GET /_.php HTTP/1.1" 200 3 fc-schnaittach.de "-" "Mozilla/5.0 (compatible; MSIE 9.0; Windows NT 6.1; Trident/5.0)" "-"
85.248.227.163 - - [07/May/2018:12:39:25 +0200] "GET /u.php HTTP/1.1" 200 3 fc-schnaittach.de "-" "Mozilla/5.0 (compatible; MSIE 9.0; Windows NT 6.1; Trident/5.0)" "-"
85.248.227.163 - - [07/May/2018:12:39:26 +0200] "GET /wp-content/plugins/wordpress/up.php HTTP/1.1" 200 3 fc-schnaittach.de "-" "Mozilla/5.0 (compatible; MSIE 9.0; Windows NT 6.1; Trident/5.0)" "-"
85.248.227.163 - - [07/May/2018:12:39:27 +0200] "GET /wp-content/license.php HTTP/1.1" 200 3 fc-schnaittach.de "-" "Mozilla/5.0 (compatible; MSIE 9.0; Windows NT 6.1; Trident/5.0)" "-"
85.248.227.163 - - [07/May/2018:12:39:27 +0200] "GET /alpha.php HTTP/1.1" 200 3 fc-schnaittach.de "-" "Mozilla/5.0 (compatible; MSIE 9.0; Windows NT 6.1; Trident/5.0)" "-"
85.248.227.163 - - [07/May/2018:12:39:28 +0200] "GET /sec.php HTTP/1.1" 200 3 fc-schnaittach.de "-" "Mozilla/5.0 (compatible; MSIE 9.0; Windows NT 6.1; Trident/5.0)" "-"
85.248.227.163 - - [07/May/2018:12:39:29 +0200] "GET /wp-content/plugins/Aviliate/systems.php HTTP/1.1" 200 3 fc-schnaittach.de "-" "Mozilla/5.0 (compatible; MSIE 9.0; Windows NT 6.1; Trident/5.0)" "-"
85.248.227.163 - - [07/May/2018:12:39:30 +0200] "GET /readme.php HTTP/1.1" 200 3 fc-schnaittach.de "-" "Mozilla/5.0 (compatible; MSIE 9.0; Windows NT 6.1; Trident/5.0)" "-"
85.248.227.163 - - [07/May/2018:12:39:31 +0200] "GET /sitemap.php HTTP/1.1" 200 3 fc-schnaittach.de "-" "Mozilla/5.0 (compatible; MSIE 9.0; Windows NT 6.1; Trident/5.0)" "-"
85.248.227.163 - - [07/May/2018:12:39:32 +0200] "GET /pplugins.php HTTP/1.1" 200 3 fc-schnaittach.de "-" "Mozilla/5.0 (compatible; MSIE 9.0; Windows NT 6.1; Trident/5.0)" "-"
85.248.227.163 - - [07/May/2018:12:39:32 +0200] "GET /aul.php HTTP/1.1" 200 3 fc-schnaittach.de "-" "Mozilla/5.0 (compatible; MSIE 9.0; Windows NT 6.1; Trident/5.0)" "-"
85.248.227.163 - - [07/May/2018:12:39:33 +0200] "GET /wp-content/plugins/html404/idx.php HTTP/1.1" 200 3 fc-schnaittach.de "-" "Mozilla/5.0 (compatible; MSIE 9.0; Windows NT 6.1; Trident/5.0)" "-"
85.248.227.163 - - [07/May/2018:12:39:40 +0200] "GET /so.php HTTP/1.1" 200 3 fc-schnaittach.de "-" "Mozilla/5.0 (compatible; MSIE 9.0; Windows NT 6.1; Trident/5.0)" "-"
85.248.227.163 - - [07/May/2018:12:39:40 +0200] "GET /res/cgi.php HTTP/1.1" 200 3 fc-schnaittach.de "-" "Mozilla/5.0 (compatible; MSIE 9.0; Windows NT 6.1; Trident/5.0)" "-"
85.248.227.163 - - [07/May/2018:12:39:41 +0200] "GET /formas.php HTTP/1.1" 200 3 fc-schnaittach.de "-" "Mozilla/5.0 (compatible; MSIE 9.0; Windows NT 6.1; Trident/5.0)" "-"
207.46.13.36 - - [07/May/2018:12:43:11 +0200] "GET /wp-content/uploads/2014/10/C_Leupold.jpg HTTP/1.1" 301 278 www.fc-schnaittach.de "-" "Mozilla/5.0 (compatible; bingbot/2.0; +http://www.bing.com/bingbot.htm)" "-"
207.46.13.36 - - [07/May/2018:12:43:12 +0200] "GET /wp-content/uploads/2014/10/C_Leupold.jpg HTTP/1.1" 200 127578 www.fc-schnaittach.de "-" "Mozilla/5.0 (compatible; bingbot/2.0; +http://www.bing.com/bingbot.htm)" "-"
66.249.66.153 - - [07/May/2018:12:48:17 +0200] "GET / HTTP/1.1" 200 7740 www.fc-schnaittach.de "-" "Mozilla/5.0 (compatible; Googlebot/2.1; +http://www.google.com/bot.html)" "-"
157.55.39.213 - - [07/May/2018:12:51:27 +0200] "GET /wp-content/uploads/2014/10/P1160481.jpg HTTP/1.1" 200 485884 www.fc-schnaittach.de "-" "Mozilla/5.0 (compatible; bingbot/2.0; +http://www.bing.com/bingbot.htm)" "-"
157.55.39.213 - - [07/May/2018:12:51:30 +0200] "GET /wp-content/uploads/2014/10/P1018315.jpg HTTP/1.1" 200 1915815 www.fc-schnaittach.de "-" "Mozilla/5.0 (compatible; bingbot/2.0; +http://www.bing.com/bingbot.htm)" "-"
91.210.146.49 - - [07/May/2018:12:51:56 +0200] "POST /wp-login.php HTTP/1.1" 200 1311 www.fc-schnaittach.de "https://www.fc-schnaittach.de/wp-login.php" "Mozilla/5.0 (Windows NT 10.0; WOW64) AppleWebKit/537.36 (KHTML, like Gecko) Chrome/53.0.2785.143 Safari/537.36" "-"
91.210.146.49 - - [07/May/2018:12:51:57 +0200] "GET /wp-admin/ HTTP/1.1" 302 23 www.fc-schnaittach.de "https://www.fc-schnaittach.de/wp-admin/" "Mozilla/5.0 (Windows NT 10.0; WOW64) AppleWebKit/537.36 (KHTML, like Gecko) Chrome/53.0.2785.143 Safari/537.36" "-"
217.92.223.209 - - [07/May/2018:12:52:19 +0200] "GET /dragonrun/ HTTP/1.1" 200 9082 www.fc-schnaittach.de "-" "Mozilla/5.0 (Windows NT 6.1; Trident/7.0; rv:11.0) like Gecko" "-"
207.46.13.36 - - [07/May/2018:12:54:05 +0200] "GET /wp-content/uploads/2016/12/IMG_9912.jpg HTTP/1.1" 301 277 www.fc-schnaittach.de "-" "Mozilla/5.0 (compatible; bingbot/2.0; +http://www.bing.com/bingbot.htm)" "-"
207.46.13.36 - - [07/May/2018:12:54:06 +0200] "GET /wp-content/uploads/2016/12/IMG_9912.jpg HTTP/1.1" 200 1300784 www.fc-schnaittach.de "-" "Mozilla/5.0 (compatible; bingbot/2.0; +http://www.bing.com/bingbot.htm)" "-"
40.77.167.84 - - [07/May/2018:12:58:54 +0200] "GET /tagesausflug-nach-volkach/feed/ HTTP/1.1" 200 555 www.fc-schnaittach.de "-" "Mozilla/5.0 (compatible; bingbot/2.0; +http://www.bing.com/bingbot.htm)" "-"
2003:ec:6bc3:9c00:cc35:54d3:4580:b5f0 - - [07/May/2018:12:59:06 +0200] "GET /wp-includes/js/jquery/jquery.js?ver=1.12.4 HTTP/1.1" 200 97184 www.fc-schnaittach.de "https://www.fc-schnaittach.de/zumba/" "Mozilla/5.0 (Linux; Android 7.0; HUAWEI VNS-L31 Build/HUAWEIVNS-L31) AppleWebKit/537.36 (KHTML, like Gecko) Chrome/66.0.3359.126 Mobile Safari/537.36" "-"
2003:ec:6bc3:9c00:cc35:54d3:4580:b5f0 - - [07/May/2018:12:59:07 +0200] "GET /wp-content/themes/fcs/js/jquery.smartmenus.min.js?ver=1418750004 HTTP/1.1" 200 22672 www.fc-schnaittach.de "https://www.fc-schnaittach.de/zumba/" "Mozilla/5.0 (Linux; Android 7.0; HUAWEI VNS-L31 Build/HUAWEIVNS-L31) AppleWebKit/537.36 (KHTML, like Gecko) Chrome/66.0.3359.126 Mobile Safari/537.36" "-"
45.227.254.240 - - [07/May/2018:13:04:41 +0200] "POST /wp-login.php HTTP/1.1" 301 250 www.fc-schnaittach.de "http://www.fc-schnaittach.de/wp-login.php" "Mozilla/5.0 (Windows NT 6.2; Win64) AppleWebKit/530.68.15 (KHTML, like Gecko) Chrome/55.0.5634.0361 Safari/532.97 OPR/41.9.4911.8649" "-"
45.227.254.240 - - [07/May/2018:13:04:53 +0200] "POST /wp-login.php HTTP/1.1" 301 250 www.fc-schnaittach.de "http://www.fc-schnaittach.de/wp-login.php" "Mozilla/5.0 (Windows NT 5.2; WOW64; x64) AppleWebKit/532.85.32 (KHTML, like Gecko) Version/5.2.7 Safari/530.68" "-"
45.227.254.240 - - [07/May/2018:13:05:05 +0200] "GET /wp-login.php HTTP/1.1" 200 1202 www.fc-schnaittach.de "http://www.fc-schnaittach.de/wp-login.php" "Mozilla/5.0 (Windows NT 6.2; Win64) AppleWebKit/530.68.15 (KHTML, like Gecko) Chrome/55.0.5634.0361 Safari/532.97 OPR/41.9.4911.8649" "-"
45.227.254.240 - - [07/May/2018:13:05:17 +0200] "GET /wp-login.php HTTP/1.1" 200 1204 www.fc-schnaittach.de "http://www.fc-schnaittach.de/wp-login.php" "Mozilla/5.0 (Windows NT 5.2; WOW64; x64) AppleWebKit/532.85.32 (KHTML, like Gecko) Version/5.2.7 Safari/530.68" "-"
157.55.39.213 - - [07/May/2018:13:05:21 +0200] "GET /wp-content/uploads/2015/03/IMG-20150412-WA0001.jpg HTTP/1.1" 200 117905 www.fc-schnaittach.de "-" "Mozilla/5.0 (compatible; bingbot/2.0; +http://www.bing.com/bingbot.htm)" "-"
91.210.146.49 - - [07/May/2018:13:06:08 +0200] "POST /wp-login.php HTTP/1.1" 200 1311 www.fc-schnaittach.de "https://www.fc-schnaittach.de/wp-login.php" "Mozilla/5.0 (Windows NT 10.0; WOW64) AppleWebKit/537.36 (KHTML, like Gecko) Chrome/53.0.2785.143 Safari/537.36" "-"
91.210.146.49 - - [07/May/2018:13:06:08 +0200] "GET /wp-admin/ HTTP/1.1" 302 23 www.fc-schnaittach.de "https://www.fc-schnaittach.de/wp-admin/" "Mozilla/5.0 (Windows NT 10.0; WOW64) AppleWebKit/537.36 (KHTML, like Gecko) Chrome/53.0.2785.143 Safari/537.36" "-"
188.165.200.217 - - [07/May/2018:13:07:54 +0200] "HEAD / HTTP/1.1" 301 - fc-schnaittach.de "-" "Mozilla/4.0 (compatible; MSIE 5.01; Windows NT 5.0)" "-"
40.77.167.84 - - [07/May/2018:13:08:15 +0200] "GET /wp-content/uploads/2014/10/C_Ohlw%C3%A4rther.jpg HTTP/1.1" 301 286 www.fc-schnaittach.de "-" "Mozilla/5.0 (compatible; bingbot/2.0; +http://www.bing.com/bingbot.htm)" "-"
40.77.167.84 - - [07/May/2018:13:08:16 +0200] "GET /wp-content/uploads/2014/10/C_Ohlw%c3%a4rther.jpg HTTP/1.1" 200 121025 www.fc-schnaittach.de "-" "Mozilla/5.0 (compatible; bingbot/2.0; +http://www.bing.com/bingbot.htm)" "-"
2003:ec:6bc3:9c00:cc35:54d3:4580:b5f0 - - [07/May/2018:13:11:00 +0200] "GET /hauptverein/mitgliedschaft/ HTTP/1.1" 200 6578 www.fc-schnaittach.de "https://www.fc-schnaittach.de/zumba/" "Mozilla/5.0 (Linux; Android 7.0; HUAWEI VNS-L31 Build/HUAWEIVNS-L31) AppleWebKit/537.36 (KHTML, like Gecko) Chrome/66.0.3359.126 Mobile Safari/537.36" "-"
2003:ec:6bc3:9c00:cc35:54d3:4580:b5f0 - - [07/May/2018:13:11:01 +0200] "GET /wp-content/uploads/2015/04/pdf_small.png HTTP/1.1" 301 278 www.fc-schnaittach.de "-" "Mozilla/5.0 (Linux; Android 7.0; HUAWEI VNS-L31 Build/HUAWEIVNS-L31) AppleWebKit/537.36 (KHTML, like Gecko) Chrome/66.0.3359.126 Mobile Safari/537.36" "-"
2003:ec:6bc3:9c00:cc35:54d3:4580:b5f0 - - [07/May/2018:13:11:01 +0200] "GET /wp-content/uploads/2015/04/pdf_small.png HTTP/1.1" 200 2381 www.fc-schnaittach.de "-" "Mozilla/5.0 (Linux; Android 7.0; HUAWEI VNS-L31 Build/HUAWEIVNS-L31) AppleWebKit/537.36 (KHTML, like Gecko) Chrome/66.0.3359.126 Mobile Safari/537.36" "-"
2003:ec:6bc3:9c00:cc35:54d3:4580:b5f0 - - [07/May/2018:13:11:01 +0200] "GET /wp-content/themes/fcs/images/production/FcsWappenMobileBookmark.png?ver=1487205003 HTTP/1.1" 200 12628 www.fc-schnaittach.de "https://www.fc-schnaittach.de/hauptverein/mitgliedschaft/" "Mozilla/5.0 (Linux; Android 7.0; HUAWEI VNS-L31 Build/HUAWEIVNS-L31) AppleWebKit/537.36 (KHTML, like Gecko) Chrome/66.0.3359.126 Mobile Safari/537.36" "-"
91.210.146.49 - - [07/May/2018:13:20:35 +0200] "POST /wp-login.php HTTP/1.1" 200 1311 www.fc-schnaittach.de "https://www.fc-schnaittach.de/wp-login.php" "Mozilla/5.0 (Windows NT 10.0; WOW64) AppleWebKit/537.36 (KHTML, like Gecko) Chrome/53.0.2785.143 Safari/537.36" "-"
91.210.146.49 - - [07/May/2018:13:20:35 +0200] "GET /wp-admin/ HTTP/1.1" 302 23 www.fc-schnaittach.de "https://www.fc-schnaittach.de/wp-admin/" "Mozilla/5.0 (Windows NT 10.0; WOW64) AppleWebKit/537.36 (KHTML, like Gecko) Chrome/53.0.2785.143 Safari/537.36" "-"
217.160.63.10 - - [07/May/2018:13:23:09 +0200] "POST /wp-cron.php?doing_wp_cron=1525692189.4359190464019775390625 HTTP/1.1" 301 297 www.fc-schnaittach.de "http://www.fc-schnaittach.de/wp-cron.php?doing_wp_cron=1525692189.4359190464019775390625" "WordPress/4.9.5; https://www.fc-schnaittach.de" "-"
40.77.167.193 - - [07/May/2018:13:23:09 +0200] "GET /1593-2/feed/ HTTP/1.1" 200 533 www.fc-schnaittach.de "-" "Mozilla/5.0 (compatible; bingbot/2.0; +http://www.bing.com/bingbot.htm)" "-"
46.159.156.246 - - [07/May/2018:13:27:55 +0200] "GET /wp-login.php HTTP/1.1" 301 250 fc-schnaittach.de "-" "Mozilla/5.0 (Windows NT 6.0; rv:34.0) Gecko/20100101 Firefox/34.0" "-"
217.160.63.10 - - [07/May/2018:13:28:07 +0200] "POST /wp-cron.php?doing_wp_cron=1525692487.4892070293426513671875 HTTP/1.1" 200 23 www.fc-schnaittach.de "https://www.fc-schnaittach.de/wp-cron.php?doing_wp_cron=1525692487.4892070293426513671875" "WordPress/4.9.5; https://www.fc-schnaittach.de" "-"
46.159.156.246 - - [07/May/2018:13:28:07 +0200] "GET /wp-login.php HTTP/1.1" 200 2793 www.fc-schnaittach.de "-" "Mozilla/5.0 (Windows NT 6.0; rv:34.0) Gecko/20100101 Firefox/34.0" "-"
46.159.156.246 - - [07/May/2018:13:28:19 +0200] "POST /wp-login.php HTTP/1.1" 503 299 www.fc-schnaittach.de "https://www.fc-schnaittach.de/wp-login.php" "Mozilla/5.0 (Windows NT 6.0; rv:34.0) Gecko/20100101 Firefox/34.0" "-"
91.210.146.49 - - [07/May/2018:13:34:54 +0200] "POST /wp-login.php HTTP/1.1" 200 1311 www.fc-schnaittach.de "https://www.fc-schnaittach.de/wp-login.php" "Mozilla/5.0 (Windows NT 10.0; WOW64) AppleWebKit/537.36 (KHTML, like Gecko) Chrome/53.0.2785.143 Safari/537.36" "-"
91.210.146.49 - - [07/May/2018:13:34:54 +0200] "GET /wp-admin/ HTTP/1.1" 302 23 www.fc-schnaittach.de "https://www.fc-schnaittach.de/wp-admin/" "Mozilla/5.0 (Windows NT 10.0; WOW64) AppleWebKit/537.36 (KHTML, like Gecko) Chrome/53.0.2785.143 Safari/537.36" "-"
87.250.233.75 - - [07/May/2018:13:38:05 +0200] "GET /robots.txt HTTP/1.1" 404 1363 s520810972.online.de "-" "Mozilla/5.0 (compatible; YandexBot/3.0; +http://yandex.com/bots)" "-"
77.88.9.137 - - [07/May/2018:13:38:05 +0200] "GET /robots.txt HTTP/1.1" 404 1363 www.s520810972.online.de "-" "Mozilla/5.0 (compatible; YandexBot/3.0; +http://yandex.com/bots)" "-"
197.255.167.77 - - [07/May/2018:13:38:08 +0200] "GET /ansprechpartner/verein/ HTTP/1.1" 200 7096 www.fc-schnaittach.de "https://www.google.com/" "Mozilla/5.0 (Windows NT 10.0; Win64; x64) AppleWebKit/537.36 (KHTML, like Gecko) Chrome/66.0.3359.139 Safari/537.36" "-"
197.255.167.77 - - [07/May/2018:13:38:09 +0200] "GET /wp-content/plugins/contact-form-7/includes/css/styles.css?ver=5.0.1 HTTP/1.1" 200 1683 www.fc-schnaittach.de "https://www.fc-schnaittach.de/ansprechpartner/verein/" "Mozilla/5.0 (Windows NT 10.0; Win64; x64) AppleWebKit/537.36 (KHTML, like Gecko) Chrome/66.0.3359.139 Safari/537.36" "-"
197.255.167.77 - - [07/May/2018:13:38:09 +0200] "GET /wp-content/plugins/feedzy-rss-feeds/css/feedzy-rss-feeds.css?ver=3.2.10 HTTP/1.1" 200 9822 www.fc-schnaittach.de "https://www.fc-schnaittach.de/ansprechpartner/verein/" "Mozilla/5.0 (Windows NT 10.0; Win64; x64) AppleWebKit/537.36 (KHTML, like Gecko) Chrome/66.0.3359.139 Safari/537.36" "-"
197.255.167.77 - - [07/May/2018:13:38:09 +0200] "GET /wp-content/plugins/recently-updated-posts-widget/css/style.css?ver=4.9.5 HTTP/1.1" 200 45 www.fc-schnaittach.de "https://www.fc-schnaittach.de/ansprechpartner/verein/" "Mozilla/5.0 (Windows NT 10.0; Win64; x64) AppleWebKit/537.36 (KHTML, like Gecko) Chrome/66.0.3359.139 Safari/537.36" "-"
197.255.167.77 - - [07/May/2018:13:38:09 +0200] "GET /wp-content/plugins/user-access-manager/assets/css/uamLoginForm.css?ver=2.1.11 HTTP/1.1" 200 468 www.fc-schnaittach.de "https://www.fc-schnaittach.de/ansprechpartner/verein/" "Mozilla/5.0 (Windows NT 10.0; Win64; x64) AppleWebKit/537.36 (KHTML, like Gecko) Chrome/66.0.3359.139 Safari/537.36" "-"
197.255.167.77 - - [07/May/2018:13:38:09 +0200] "GET /wp-includes/js/jquery/jquery.js?ver=1.12.4 HTTP/1.1" 200 97184 www.fc-schnaittach.de "https://www.fc-schnaittach.de/ansprechpartner/verein/" "Mozilla/5.0 (Windows NT 10.0; Win64; x64) AppleWebKit/537.36 (KHTML, like Gecko) Chrome/66.0.3359.139 Safari/537.36" "-"
197.255.167.77 - - [07/May/2018:13:38:09 +0200] "GET /wp-includes/js/jquery/jquery-migrate.min.js?ver=1.4.1 HTTP/1.1" 200 10056 www.fc-schnaittach.de "https://www.fc-schnaittach.de/ansprechpartner/verein/" "Mozilla/5.0 (Windows NT 10.0; Win64; x64) AppleWebKit/537.36 (KHTML, like Gecko) Chrome/66.0.3359.139 Safari/537.36" "-"
197.255.167.77 - - [07/May/2018:13:38:09 +0200] "GET /wp-content/themes/fcs/css/jquery.smartmenus.bootstrap.css?ver=1418749976 HTTP/1.1" 200 3128 www.fc-schnaittach.de "https://www.fc-schnaittach.de/ansprechpartner/verein/" "Mozilla/5.0 (Windows NT 10.0; Win64; x64) AppleWebKit/537.36 (KHTML, like Gecko) Chrome/66.0.3359.139 Safari/537.36" "-"
197.255.167.77 - - [07/May/2018:13:38:09 +0200] "GET /wp-content/themes/fcs/style.css?ver=1460744932 HTTP/1.1" 200 22587 www.fc-schnaittach.de "https://www.fc-schnaittach.de/ansprechpartner/verein/" "Mozilla/5.0 (Windows NT 10.0; Win64; x64) AppleWebKit/537.36 (KHTML, like Gecko) Chrome/66.0.3359.139 Safari/537.36" "-"
5.45.203.13 - - [07/May/2018:13:38:09 +0200] "GET / HTTP/1.1" 200 229 s520810972.online.de "-" "Mozilla/5.0 (compatible; YandexBot/3.0; +http://yandex.com/bots)" "-"
77.88.9.137 - - [07/May/2018:13:38:09 +0200] "GET / HTTP/1.1" 200 229 www.s520810972.online.de "-" "Mozilla/5.0 (compatible; YandexBot/3.0; +http://yandex.com/bots)" "-"
197.255.167.77 - - [07/May/2018:13:38:10 +0200] "GET /wp-content/themes/fcs/js/fcs.js?ver=1442772175 HTTP/1.1" 200 5542 www.fc-schnaittach.de "https://www.fc-schnaittach.de/ansprechpartner/verein/" "Mozilla/5.0 (Windows NT 10.0; Win64; x64) AppleWebKit/537.36 (KHTML, like Gecko) Chrome/66.0.3359.139 Safari/537.36" "-"
197.255.167.77 - - [07/May/2018:13:38:10 +0200] "GET /wp-content/themes/fcs/js/jquery.smartmenus.min.js?ver=1418750004 HTTP/1.1" 200 22672 www.fc-schnaittach.de "https://www.fc-schnaittach.de/ansprechpartner/verein/" "Mozilla/5.0 (Windows NT 10.0; Win64; x64) AppleWebKit/537.36 (KHTML, like Gecko) Chrome/66.0.3359.139 Safari/537.36" "-"
197.255.167.77 - - [07/May/2018:13:38:10 +0200] "GET /wp-content/themes/fcs/js/jquery.smartmenus.bootstrap.min.js?ver=1418750004 HTTP/1.1" 200 1252 www.fc-schnaittach.de "https://www.fc-schnaittach.de/ansprechpartner/verein/" "Mozilla/5.0 (Windows NT 10.0; Win64; x64) AppleWebKit/537.36 (KHTML, like Gecko) Chrome/66.0.3359.139 Safari/537.36" "-"
197.255.167.77 - - [07/May/2018:13:38:10 +0200] "GET /wp-includes/js/wp-embed.min.js?ver=4.9.5 HTTP/1.1" 200 1398 www.fc-schnaittach.de "https://www.fc-schnaittach.de/ansprechpartner/verein/" "Mozilla/5.0 (Windows NT 10.0; Win64; x64) AppleWebKit/537.36 (KHTML, like Gecko) Chrome/66.0.3359.139 Safari/537.36" "-"
