84.168.227.72 - - [11/May/2018:00:00:16 +0200] "GET /wp-content/uploads/2015/01/IMG-20161004-WA0002.jpg HTTP/1.1" 301 288 www.fc-schnaittach.de "-" "Mozilla/5.0 (Linux; Android 7.0; SM-J530F Build/NRD90M; wv) AppleWebKit/537.36 (KHTML, like Gecko) Version/4.0 Chrome/66.0.3359.158 Mobile Safari/537.36 GSA/8.1.12.21.arm" "-"
84.168.227.72 - - [11/May/2018:00:00:16 +0200] "GET /wp-content/uploads/2015/01/IMG-20161004-WA0002.jpg HTTP/1.1" 200 322930 www.fc-schnaittach.de "-" "Mozilla/5.0 (Linux; Android 7.0; SM-J530F Build/NRD90M; wv) AppleWebKit/537.36 (KHTML, like Gecko) Version/4.0 Chrome/66.0.3359.158 Mobile Safari/537.36 GSA/8.1.12.21.arm" "-"
207.46.13.134 - - [11/May/2018:00:04:16 +0200] "GET /wp-content/uploads/2016/11/Denise-Hanisch.jpg HTTP/1.1" 301 283 www.fc-schnaittach.de "-" "Mozilla/5.0 (compatible; bingbot/2.0; +http://www.bing.com/bingbot.htm)" "-"
207.46.13.134 - - [11/May/2018:00:04:20 +0200] "GET /wp-content/uploads/2016/11/Denise-Hanisch.jpg HTTP/1.1" 200 993256 www.fc-schnaittach.de "-" "Mozilla/5.0 (compatible; bingbot/2.0; +http://www.bing.com/bingbot.htm)" "-"
207.46.13.134 - - [11/May/2018:00:14:45 +0200] "GET /wp-content/uploads/2014/10/Johannes_D%C3%B6th.jpg HTTP/1.1" 301 287 www.fc-schnaittach.de "-" "Mozilla/5.0 (compatible; bingbot/2.0; +http://www.bing.com/bingbot.htm)" "-"
207.46.13.134 - - [11/May/2018:00:14:48 +0200] "GET /wp-content/uploads/2014/10/Johannes_D%c3%b6th.jpg HTTP/1.1" 200 1997162 www.fc-schnaittach.de "-" "Mozilla/5.0 (compatible; bingbot/2.0; +http://www.bing.com/bingbot.htm)" "-"
144.76.22.240 - - [11/May/2018:00:21:23 +0200] "GET /robots.txt HTTP/1.1" 200 35 www.fc-schnaittach.de "-" "Mozilla/5.0 (Windows; U; Windows NT 6.0; en-GB; rv:1.0; trendictionbot0.5.0; trendiction search; http://www.trendiction.de/bot; please let us know of any problems; web at trendiction.com) Gecko/20071127 Firefox/3.0.0.11" "-"
217.160.63.10 - - [11/May/2018:00:21:24 +0200] "POST /wp-cron.php?doing_wp_cron=1525990884.8764269351959228515625 HTTP/1.1" 200 23 www.fc-schnaittach.de "https://www.fc-schnaittach.de/wp-cron.php?doing_wp_cron=1525990884.8764269351959228515625" "WordPress/4.9.5; https://www.fc-schnaittach.de" "-"
144.76.22.240 - - [11/May/2018:00:21:24 +0200] "GET /hauptverein/mitgliedschaft/feed/ HTTP/1.1" 200 546 www.fc-schnaittach.de "-" "Mozilla/5.0 (Windows; U; Windows NT 6.0; en-GB; rv:1.0; trendictionbot0.5.0; trendiction search; http://www.trendiction.de/bot; please let us know of any problems; web at trendiction.com) Gecko/20071127 Firefox/3.0.0.11" "-"
66.249.64.207 - - [11/May/2018:00:21:44 +0200] "GET /sitemap_index.xml HTTP/1.1" 200 526 www.fc-schnaittach.de "-" "Mozilla/5.0 (compatible; Googlebot/2.1; +http://www.google.com/bot.html)" "-"
2a02:8109:b5c0:5d80:b984:e37c:a46b:4980 - - [11/May/2018:00:28:04 +0200] "GET /wp-content/uploads/2016/11/Arbenita-Mehmeti.jpg HTTP/1.1" 200 1073742 www.fc-schnaittach.de "https://www.google.com/" "Mozilla/5.0 (Macintosh; Intel Mac OS X 10_13_4) AppleWebKit/605.1.15 (KHTML, like Gecko) Version/11.1 Safari/605.1.15" "-"
217.160.63.10 - - [11/May/2018:00:28:07 +0200] "POST /wp-cron.php?doing_wp_cron=1525991287.5323250293731689453125 HTTP/1.1" 200 23 www.fc-schnaittach.de "https://www.fc-schnaittach.de/wp-cron.php?doing_wp_cron=1525991287.5323250293731689453125" "WordPress/4.9.5; https://www.fc-schnaittach.de" "-"
144.76.22.240 - - [11/May/2018:00:28:07 +0200] "GET /hauptverein/mitgliedschaft/feed/ HTTP/1.1" 200 546 www.fc-schnaittach.de "-" "Mozilla/5.0 (Windows; U; Windows NT 6.0; en-GB; rv:1.0; trendictionbot0.5.0; trendiction search; http://www.trendiction.de/bot; please let us know of any problems; web at trendiction.com) Gecko/20071127 Firefox/3.0.0.11" "-"
85.26.164.4 - - [11/May/2018:00:29:52 +0200] "GET /wp-login.php HTTP/1.1" 301 250 fc-schnaittach.de "-" "Mozilla/5.0 (Windows NT 6.0; rv:34.0) Gecko/20100101 Firefox/34.0" "-"
85.26.164.4 - - [11/May/2018:00:30:04 +0200] "GET /wp-login.php HTTP/1.1" 200 2793 www.fc-schnaittach.de "-" "Mozilla/5.0 (Windows NT 6.0; rv:34.0) Gecko/20100101 Firefox/34.0" "-"
85.26.164.4 - - [11/May/2018:00:30:16 +0200] "POST /wp-login.php HTTP/1.1" 503 299 www.fc-schnaittach.de "https://www.fc-schnaittach.de/wp-login.php" "Mozilla/5.0 (Windows NT 6.0; rv:34.0) Gecko/20100101 Firefox/34.0" "-"
66.249.64.200 - - [11/May/2018:00:34:37 +0200] "GET /wp-content/themes/fcs/style.css?ver=1460744932 HTTP/1.1" 301 284 www.fc-schnaittach.de "http://www.fc-schnaittach.de/jahresfahrt-der-wanderabteilung-2/" "Mozilla/5.0 (compatible; Googlebot/2.1; +http://www.google.com/bot.html)" "-"
66.249.64.198 - - [11/May/2018:00:34:37 +0200] "GET /wp-content/plugins/user-access-manager/css/uamLoginForm.css?ver=1.0 HTTP/1.1" 404 5762 www.fc-schnaittach.de "http://www.fc-schnaittach.de/jahresfahrt-der-wanderabteilung-2/" "Mozilla/5.0 (compatible; Googlebot/2.1; +http://www.google.com/bot.html)" "-"
66.249.64.198 - - [11/May/2018:00:34:39 +0200] "GET /wp-content/plugins/contact-form-7/includes/js/jquery.form.min.js?ver=3.51.0-2014.06.20 HTTP/1.1" 404 5762 www.fc-schnaittach.de "http://www.fc-schnaittach.de/jahresfahrt-der-wanderabteilung-2/" "Mozilla/5.0 (compatible; Googlebot/2.1; +http://www.google.com/bot.html)" "-"
66.249.64.202 - - [11/May/2018:00:34:41 +0200] "GET /wp-content/plugins/user-access-manager/css/uamAdmin.css?ver=1.0 HTTP/1.1" 404 5762 www.fc-schnaittach.de "http://www.fc-schnaittach.de/jahresfahrt-der-wanderabteilung-2/" "Mozilla/5.0 (compatible; Googlebot/2.1; +http://www.google.com/bot.html)" "-"
157.55.39.36 - - [11/May/2018:00:35:30 +0200] "GET /wp-content/uploads/2016/11/Vanessa-Raum-225x300.jpg HTTP/1.1" 301 289 www.fc-schnaittach.de "-" "Mozilla/5.0 (compatible; bingbot/2.0; +http://www.bing.com/bingbot.htm)" "-"
144.76.22.242 - - [11/May/2018:00:35:30 +0200] "GET /tischtennis/herren-3/feed/ HTTP/1.1" 200 548 www.fc-schnaittach.de "-" "Mozilla/5.0 (Windows; U; Windows NT 6.0; en-GB; rv:1.0; trendictionbot0.5.0; trendiction search; http://www.trendiction.de/bot; please let us know of any problems; web at trendiction.com) Gecko/20071127 Firefox/3.0.0.11" "-"
157.55.39.36 - - [11/May/2018:00:35:31 +0200] "GET /wp-content/uploads/2016/11/Vanessa-Raum-225x300.jpg HTTP/1.1" 200 16700 www.fc-schnaittach.de "-" "Mozilla/5.0 (compatible; bingbot/2.0; +http://www.bing.com/bingbot.htm)" "-"
66.249.64.205 - - [11/May/2018:00:38:12 +0200] "GET /wp-content/themes/fcs/style.css?ver=1460744932 HTTP/1.1" 200 22587 www.fc-schnaittach.de "https://www.fc-schnaittach.de/tag/maiausflug/" "Mozilla/5.0 (compatible; Googlebot/2.1; +http://www.google.com/bot.html)" "-"
66.249.64.207 - - [11/May/2018:00:46:11 +0200] "GET /sitemap-pt-post-2018-02.xml HTTP/1.1" 200 603 www.fc-schnaittach.de "-" "Mozilla/5.0 (compatible; Googlebot/2.1; +http://www.google.com/bot.html)" "-"
51.255.65.46 - - [11/May/2018:00:46:19 +0200] "GET /wp-content/uploads/2014/10/N_Schmitz.jpg HTTP/1.1" 301 278 www.fc-schnaittach.de "-" "Mozilla/5.0 (compatible; AhrefsBot/5.2; +http://ahrefs.com/robot/)" "-"
66.249.64.198 - - [11/May/2018:00:52:11 +0200] "GET /sitemap-pt-nav_menu_item-2016-02.xml HTTP/1.1" 200 493 www.fc-schnaittach.de "-" "Mozilla/5.0 (compatible; Googlebot/2.1; +http://www.google.com/bot.html)" "-"
144.76.22.239 - - [11/May/2018:00:52:42 +0200] "GET /sporterlebnistag-am-1-juni/feed/ HTTP/1.1" 200 557 www.fc-schnaittach.de "-" "Mozilla/5.0 (Windows; U; Windows NT 6.0; en-GB; rv:1.0; trendictionbot0.5.0; trendiction search; http://www.trendiction.de/bot; please let us know of any problems; web at trendiction.com) Gecko/20071127 Firefox/3.0.0.11" "-"
77.243.102.35 - - [11/May/2018:00:55:26 +0200] "GET /wp-login.php HTTP/1.1" 301 250 fc-schnaittach.de "-" "Mozilla/5.0 (Windows NT 6.0; rv:34.0) Gecko/20100101 Firefox/34.0" "-"
77.243.102.35 - - [11/May/2018:00:55:38 +0200] "GET /wp-login.php HTTP/1.1" 200 2793 www.fc-schnaittach.de "-" "Mozilla/5.0 (Windows NT 6.0; rv:34.0) Gecko/20100101 Firefox/34.0" "-"
77.243.102.35 - - [11/May/2018:00:55:50 +0200] "POST /wp-login.php HTTP/1.1" 503 299 www.fc-schnaittach.de "https://www.fc-schnaittach.de/wp-login.php" "Mozilla/5.0 (Windows NT 6.0; rv:34.0) Gecko/20100101 Firefox/34.0" "-"
66.249.64.202 - - [11/May/2018:00:56:57 +0200] "GET / HTTP/1.1" 301 238 www.fc-schnaittach.de "-" "Mozilla/5.0 (compatible; Googlebot/2.1; +http://www.google.com/bot.html)" "-"
66.249.64.205 - - [11/May/2018:00:57:11 +0200] "GET / HTTP/1.1" 200 7770 www.fc-schnaittach.de "-" "Mozilla/5.0 (compatible; Googlebot/2.1; +http://www.google.com/bot.html)" "-"
66.249.64.207 - - [11/May/2018:00:58:15 +0200] "GET /wp-content/plugins/user-access-manager/assets/css/uamLoginForm.css?ver=2.1.11 HTTP/1.1" 200 468 www.fc-schnaittach.de "https://www.fc-schnaittach.de/" "Mozilla/5.0 (compatible; Googlebot/2.1; +http://www.google.com/bot.html)" "-"
66.249.64.203 - - [11/May/2018:00:58:17 +0200] "GET /wp-content/plugins/recently-updated-posts-widget/css/style.css?ver=4.9.5 HTTP/1.1" 200 45 www.fc-schnaittach.de "https://www.fc-schnaittach.de/" "Mozilla/5.0 (compatible; Googlebot/2.1; +http://www.google.com/bot.html)" "-"
66.249.64.205 - - [11/May/2018:00:58:20 +0200] "GET /wp-content/plugins/feedzy-rss-feeds/css/feedzy-rss-feeds.css?ver=3.2.10 HTTP/1.1" 200 9822 www.fc-schnaittach.de "https://www.fc-schnaittach.de/" "Mozilla/5.0 (compatible; Googlebot/2.1; +http://www.google.com/bot.html)" "-"
144.76.22.239 - - [11/May/2018:00:58:43 +0200] "GET /sporterlebnistag-am-1-juni/feed/ HTTP/1.1" 200 557 www.fc-schnaittach.de "-" "Mozilla/5.0 (Windows; U; Windows NT 6.0; en-GB; rv:1.0; trendictionbot0.5.0; trendiction search; http://www.trendiction.de/bot; please let us know of any problems; web at trendiction.com) Gecko/20071127 Firefox/3.0.0.11" "-"
66.249.64.200 - - [11/May/2018:00:59:35 +0200] "GET /wp-content/themes/fcs/css/jquery.smartmenus.bootstrap.css?ver=1418749976 HTTP/1.1" 301 310 www.fc-schnaittach.de "http://www.fc-schnaittach.de/category/news/page/2/" "Mozilla/5.0 (compatible; Googlebot/2.1; +http://www.google.com/bot.html)" "-"
66.249.64.198 - - [11/May/2018:00:59:36 +0200] "GET /wp-content/themes/fcs/style.css?ver=1460744932 HTTP/1.1" 301 284 www.fc-schnaittach.de "http://www.fc-schnaittach.de/category/news/page/2/" "Mozilla/5.0 (compatible; Googlebot/2.1; +http://www.google.com/bot.html)" "-"
66.249.64.198 - - [11/May/2018:00:59:37 +0200] "GET /wp-content/plugins/user-access-manager/assets/css/uamLoginForm.css?ver=2.1.10 HTTP/1.1" 301 315 www.fc-schnaittach.de "http://www.fc-schnaittach.de/category/news/page/2/" "Mozilla/5.0 (compatible; Googlebot/2.1; +http://www.google.com/bot.html)" "-"
66.249.64.200 - - [11/May/2018:00:59:38 +0200] "GET /wp-content/plugins/feedzy-rss-feeds/css/feedzy-rss-feeds.css?ver=3.2.8 HTTP/1.1" 301 308 www.fc-schnaittach.de "http://www.fc-schnaittach.de/category/news/page/2/" "Mozilla/5.0 (compatible; Googlebot/2.1; +http://www.google.com/bot.html)" "-"
66.249.64.203 - - [11/May/2018:00:59:40 +0200] "GET /wp-content/themes/fcs/css/jquery.smartmenus.bootstrap.css?ver=1418749976 HTTP/1.1" 200 3128 www.fc-schnaittach.de "http://www.fc-schnaittach.de/category/news/page/2/" "Mozilla/5.0 (compatible; Googlebot/2.1; +http://www.google.com/bot.html)" "-"
66.249.64.205 - - [11/May/2018:00:59:41 +0200] "GET /wp-content/themes/fcs/style.css?ver=1460744932 HTTP/1.1" 200 22587 www.fc-schnaittach.de "http://www.fc-schnaittach.de/category/news/page/2/" "Mozilla/5.0 (compatible; Googlebot/2.1; +http://www.google.com/bot.html)" "-"
66.249.64.203 - - [11/May/2018:00:59:51 +0200] "GET /wp-content/plugins/user-access-manager/assets/css/uamLoginForm.css?ver=2.1.10 HTTP/1.1" 200 468 www.fc-schnaittach.de "http://www.fc-schnaittach.de/category/news/page/2/" "Mozilla/5.0 (compatible; Googlebot/2.1; +http://www.google.com/bot.html)" "-"
66.249.64.205 - - [11/May/2018:01:00:14 +0200] "GET /wp-content/plugins/feedzy-rss-feeds/css/feedzy-rss-feeds.css?ver=3.2.8 HTTP/1.1" 200 9822 www.fc-schnaittach.de "http://www.fc-schnaittach.de/category/news/page/2/" "Mozilla/5.0 (compatible; Googlebot/2.1; +http://www.google.com/bot.html)" "-"
157.55.39.36 - - [11/May/2018:01:01:42 +0200] "GET /wp-content/uploads/2016/11/Franziska-Pfisterer.jpg HTTP/1.1" 200 1050796 www.fc-schnaittach.de "-" "Mozilla/5.0 (compatible; bingbot/2.0; +http://www.bing.com/bingbot.htm)" "-"
207.46.13.134 - - [11/May/2018:01:01:44 +0200] "GET /wp-content/uploads/2015/03/Laura-Merkel-300x225.jpg HTTP/1.1" 301 289 www.fc-schnaittach.de "-" "Mozilla/5.0 (compatible; bingbot/2.0; +http://www.bing.com/bingbot.htm)" "-"
207.46.13.134 - - [11/May/2018:01:01:45 +0200] "GET /wp-content/uploads/2015/03/Laura-Merkel-300x225.jpg HTTP/1.1" 200 17284 www.fc-schnaittach.de "-" "Mozilla/5.0 (compatible; bingbot/2.0; +http://www.bing.com/bingbot.htm)" "-"
157.55.39.36 - - [11/May/2018:01:06:47 +0200] "GET /wp-content/uploads/2014/10/M_Kre%C3%9F-300x270.jpg HTTP/1.1" 301 288 www.fc-schnaittach.de "-" "Mozilla/5.0 (compatible; bingbot/2.0; +http://www.bing.com/bingbot.htm)" "-"
157.55.39.36 - - [11/May/2018:01:06:49 +0200] "GET /wp-content/uploads/2014/10/M_Kre%c3%9f-300x270.jpg HTTP/1.1" 200 23257 www.fc-schnaittach.de "-" "Mozilla/5.0 (compatible; bingbot/2.0; +http://www.bing.com/bingbot.htm)" "-"
144.76.22.237 - - [11/May/2018:01:07:07 +0200] "GET /mitgliederversammlung-am-17-03/feed/ HTTP/1.1" 200 562 www.fc-schnaittach.de "-" "Mozilla/5.0 (Windows; U; Windows NT 6.0; en-GB; rv:1.0; trendictionbot0.5.0; trendiction search; http://www.trendiction.de/bot; please let us know of any problems; web at trendiction.com) Gecko/20071127 Firefox/3.0.0.11" "-"
144.76.22.236 - - [11/May/2018:01:07:19 +0200] "GET /robots.txt HTTP/1.1" 301 248 www.fc-schnaittach.de "-" "Mozilla/5.0 (Windows; U; Windows NT 6.0; en-GB; rv:1.0; trendictionbot0.5.0; trendiction search; http://www.trendiction.de/bot; please let us know of any problems; web at trendiction.com) Gecko/20071127 Firefox/3.0.0.11" "-"
144.76.22.236 - - [11/May/2018:01:07:20 +0200] "GET /tagesausflug-nach-volkach/comments/feed/ HTTP/1.1" 301 23 www.fc-schnaittach.de "-" "Mozilla/5.0 (Windows; U; Windows NT 6.0; en-GB; rv:1.0; trendictionbot0.5.0; trendiction search; http://www.trendiction.de/bot; please let us know of any problems; web at trendiction.com) Gecko/20071127 Firefox/3.0.0.11" "-"
144.76.22.236 - - [11/May/2018:01:07:22 +0200] "GET /tagesausflug-nach-volkach/feed/ HTTP/1.1" 200 555 www.fc-schnaittach.de "http://www.fc-schnaittach.de/tagesausflug-nach-volkach/comments/feed/" "Mozilla/5.0 (Windows; U; Windows NT 6.0; en-GB; rv:1.0; trendictionbot0.5.0; trendiction search; http://www.trendiction.de/bot; please let us know of any problems; web at trendiction.com) Gecko/20071127 Firefox/3.0.0.11" "-"
217.160.63.10 - - [11/May/2018:01:12:15 +0200] "POST /wp-cron.php?doing_wp_cron=1525993935.6917879581451416015625 HTTP/1.1" 200 23 www.fc-schnaittach.de "https://www.fc-schnaittach.de/wp-cron.php?doing_wp_cron=1525993935.6917879581451416015625" "WordPress/4.9.5; https://www.fc-schnaittach.de" "-"
144.76.22.237 - - [11/May/2018:01:12:15 +0200] "GET /mitgliederversammlung-am-17-03/feed/ HTTP/1.1" 200 562 www.fc-schnaittach.de "-" "Mozilla/5.0 (Windows; U; Windows NT 6.0; en-GB; rv:1.0; trendictionbot0.5.0; trendiction search; http://www.trendiction.de/bot; please let us know of any problems; web at trendiction.com) Gecko/20071127 Firefox/3.0.0.11" "-"
144.76.22.236 - - [11/May/2018:01:14:10 +0200] "GET /tagesausflug-nach-volkach/comments/feed/ HTTP/1.1" 301 23 www.fc-schnaittach.de "-" "Mozilla/5.0 (Windows; U; Windows NT 6.0; en-GB; rv:1.0; trendictionbot0.5.0; trendiction search; http://www.trendiction.de/bot; please let us know of any problems; web at trendiction.com) Gecko/20071127 Firefox/3.0.0.11" "-"
144.76.22.236 - - [11/May/2018:01:14:11 +0200] "GET /tagesausflug-nach-volkach/feed/ HTTP/1.1" 200 555 www.fc-schnaittach.de "http://www.fc-schnaittach.de/tagesausflug-nach-volkach/comments/feed/" "Mozilla/5.0 (Windows; U; Windows NT 6.0; en-GB; rv:1.0; trendictionbot0.5.0; trendiction search; http://www.trendiction.de/bot; please let us know of any problems; web at trendiction.com) Gecko/20071127 Firefox/3.0.0.11" "-"
207.46.13.134 - - [11/May/2018:01:20:57 +0200] "GET /wp-content/uploads/2016/12/IMG_9926.jpg HTTP/1.1" 301 277 www.fc-schnaittach.de "-" "Mozilla/5.0 (compatible; bingbot/2.0; +http://www.bing.com/bingbot.htm)" "-"
207.46.13.134 - - [11/May/2018:01:21:00 +0200] "GET /wp-content/uploads/2016/12/IMG_9926.jpg HTTP/1.1" 200 1315924 www.fc-schnaittach.de "-" "Mozilla/5.0 (compatible; bingbot/2.0; +http://www.bing.com/bingbot.htm)" "-"
91.211.39.72 - - [11/May/2018:01:22:52 +0200] "GET /wp-login.php HTTP/1.1" 301 250 fc-schnaittach.de "-" "Mozilla/5.0 (Windows NT 6.0; rv:34.0) Gecko/20100101 Firefox/34.0" "-"
144.76.22.235 - - [11/May/2018:01:23:02 +0200] "GET /robots.txt HTTP/1.1" 200 35 www.fc-schnaittach.de "-" "Mozilla/5.0 (Windows; U; Windows NT 6.0; en-GB; rv:1.0; trendictionbot0.5.0; trendiction search; http://www.trendiction.de/bot; please let us know of any problems; web at trendiction.com) Gecko/20071127 Firefox/3.0.0.11" "-"
217.160.63.10 - - [11/May/2018:01:23:03 +0200] "POST /wp-cron.php?doing_wp_cron=1525994583.9546370506286621093750 HTTP/1.1" 200 23 www.fc-schnaittach.de "https://www.fc-schnaittach.de/wp-cron.php?doing_wp_cron=1525994583.9546370506286621093750" "WordPress/4.9.5; https://www.fc-schnaittach.de" "-"
144.76.22.235 - - [11/May/2018:01:23:03 +0200] "GET /jahresfahrt-der-wanderabteilung-3/feed/ HTTP/1.1" 200 564 www.fc-schnaittach.de "-" "Mozilla/5.0 (Windows; U; Windows NT 6.0; en-GB; rv:1.0; trendictionbot0.5.0; trendiction search; http://www.trendiction.de/bot; please let us know of any problems; web at trendiction.com) Gecko/20071127 Firefox/3.0.0.11" "-"
91.211.39.72 - - [11/May/2018:01:23:04 +0200] "GET /wp-login.php HTTP/1.1" 200 2793 www.fc-schnaittach.de "-" "Mozilla/5.0 (Windows NT 6.0; rv:34.0) Gecko/20100101 Firefox/34.0" "-"
157.55.39.220 - - [11/May/2018:01:23:05 +0200] "GET /wp-content/uploads/2015/03/Eva-Thierauf-300x225.jpg HTTP/1.1" 301 289 www.fc-schnaittach.de "-" "Mozilla/5.0 (compatible; bingbot/2.0; +http://www.bing.com/bingbot.htm)" "-"
157.55.39.220 - - [11/May/2018:01:23:08 +0200] "GET /wp-content/uploads/2015/03/Eva-Thierauf-300x225.jpg HTTP/1.1" 200 18170 www.fc-schnaittach.de "-" "Mozilla/5.0 (compatible; bingbot/2.0; +http://www.bing.com/bingbot.htm)" "-"
91.211.39.72 - - [11/May/2018:01:23:16 +0200] "POST /wp-login.php HTTP/1.1" 503 299 www.fc-schnaittach.de "https://www.fc-schnaittach.de/wp-login.php" "Mozilla/5.0 (Windows NT 6.0; rv:34.0) Gecko/20100101 Firefox/34.0" "-"
104.199.62.254 - - [11/May/2018:01:23:40 +0200] "HEAD / HTTP/1.1" 301 - www.fc-schnaittach.de "-" "-" "-"
104.199.62.254 - - [11/May/2018:01:23:40 +0200] "HEAD / HTTP/1.1" 200 - www.fc-schnaittach.de "-" "-" "-"
104.199.62.254 - - [11/May/2018:01:23:41 +0200] "GET / HTTP/1.1" 301 238 www.fc-schnaittach.de "-" "-" "-"
104.199.62.254 - - [11/May/2018:01:23:41 +0200] "GET / HTTP/1.1" 200 39967 www.fc-schnaittach.de "-" "-" "-"
207.46.13.134 - - [11/May/2018:01:27:41 +0200] "GET /wp-content/uploads/2017/09/SAM_1659-300x225.jpg HTTP/1.1" 301 285 www.fc-schnaittach.de "-" "Mozilla/5.0 (compatible; bingbot/2.0; +http://www.bing.com/bingbot.htm)" "-"
207.46.13.134 - - [11/May/2018:01:27:43 +0200] "GET /wp-content/uploads/2017/09/SAM_1659-300x225.jpg HTTP/1.1" 200 20551 www.fc-schnaittach.de "-" "Mozilla/5.0 (compatible; bingbot/2.0; +http://www.bing.com/bingbot.htm)" "-"
144.76.22.235 - - [11/May/2018:01:29:43 +0200] "GET /jahresfahrt-der-wanderabteilung-3/feed/ HTTP/1.1" 200 565 www.fc-schnaittach.de "-" "Mozilla/5.0 (Windows; U; Windows NT 6.0; en-GB; rv:1.0; trendictionbot0.5.0; trendiction search; http://www.trendiction.de/bot; please let us know of any problems; web at trendiction.com) Gecko/20071127 Firefox/3.0.0.11" "-"
77.75.79.36 - - [11/May/2018:01:36:59 +0200] "GET /robots.txt HTTP/1.1" 301 248 www.fc-schnaittach.de "-" "Mozilla/5.0 (compatible; SeznamBot/3.2; +http://napoveda.seznam.cz/en/seznambot-intro/)" "-"
2a02:598:a::79:36 - - [11/May/2018:01:37:00 +0200] "GET /zumba/ HTTP/1.1" 200 6315 www.fc-schnaittach.de "-" "Mozilla/5.0 (compatible; SeznamBot/3.2; +http://napoveda.seznam.cz/en/seznambot-intro/)" "-"
2a02:598:a::79:36 - - [11/May/2018:01:37:03 +0200] "GET /zumba/ HTTP/1.1" 200 25634 www.fc-schnaittach.de "-" "Mozilla/5.0 (compatible; SeznamBot/3.2; +http://napoveda.seznam.cz/en/seznambot-intro/)" "-"
66.249.64.203 - - [11/May/2018:01:37:41 +0200] "GET /wp-content/plugins/contact-form-7/includes/css/styles.css?ver=5.0.1 HTTP/1.1" 200 1683 www.fc-schnaittach.de "https://www.fc-schnaittach.de/fussball/damen/aktuelle-nachrichten-fuer-die-damen-kreisliga-erlangenpegnitzgrund/" "Mozilla/5.0 (compatible; Googlebot/2.1; +http://www.google.com/bot.html)" "-"
66.249.64.203 - - [11/May/2018:02:07:26 +0200] "GET /aufnahmen-des-sportgelaendes/ HTTP/1.1" 200 6606 www.fc-schnaittach.de "-" "Mozilla/5.0 (compatible; Googlebot/2.1; +http://www.google.com/bot.html)" "-"
66.249.64.207 - - [11/May/2018:02:09:55 +0200] "GET /jahresplanung-2016/ HTTP/1.1" 200 6093 www.fc-schnaittach.de "-" "Mozilla/5.0 (compatible; Googlebot/2.1; +http://www.google.com/bot.html)" "-"
66.249.64.196 - - [11/May/2018:02:18:35 +0200] "GET /robots.txt HTTP/1.1" 200 35 fc-schnaittach.de "-" "Mozilla/5.0 (compatible; Googlebot/2.1; +http://www.google.com/bot.html)" "-"
66.249.64.199 - - [11/May/2018:02:18:59 +0200] "GET / HTTP/1.1" 301 23 fc-schnaittach.de "-" "Mozilla/5.0 (compatible; Googlebot/2.1; +http://www.google.com/bot.html)" "-"
77.75.76.169 - - [11/May/2018:02:25:22 +0200] "GET /robots.txt HTTP/1.1" 301 248 www.fc-schnaittach.de "-" "Mozilla/5.0 (compatible; SeznamBot/3.2; +http://napoveda.seznam.cz/en/seznambot-intro/)" "-"
217.160.63.10 - - [11/May/2018:02:25:23 +0200] "POST /wp-cron.php?doing_wp_cron=1525998323.5343871116638183593750 HTTP/1.1" 301 297 www.fc-schnaittach.de "http://www.fc-schnaittach.de/wp-cron.php?doing_wp_cron=1525998323.5343871116638183593750" "WordPress/4.9.5; https://www.fc-schnaittach.de" "-"
2a02:598:2::169 - - [11/May/2018:02:25:23 +0200] "GET /budo/ HTTP/1.1" 200 7433 www.fc-schnaittach.de "-" "Mozilla/5.0 (compatible; SeznamBot/3.2; +http://napoveda.seznam.cz/en/seznambot-intro/)" "-"
77.220.213.173 - - [11/May/2018:02:27:26 +0200] "HEAD / HTTP/1.1" 301 - www.fc-schnaittach.de "http://kabinet-alfaclick.ru" "Mozilla/4.0 (compatible; MSIE4.00; Windows 2006)" "-"
185.209.20.147 - - [11/May/2018:02:27:26 +0200] "HEAD / HTTP/1.1" 301 - www.fc-schnaittach.de "http://kabinet-online-bm.ru" "Mozilla/4.0 (compatible; MSIE3.00; Windows 2003)" "-"
77.220.214.180 - - [11/May/2018:02:27:27 +0200] "HEAD / HTTP/1.1" 301 - www.fc-schnaittach.de "http://credit-card-tinkoff.ru" "Mozilla/3.0 (compatible; MSIE7.00; Windows 2008)" "-"
185.154.13.6 - - [11/May/2018:02:27:27 +0200] "HEAD / HTTP/1.1" 301 - www.fc-schnaittach.de "https://xn----7sbabm1ahc4b2aqff.su/%D0%BF%D0%B8%D0%BB%D0%BE%D0%BC%D0%B0%D1%82%D0%B5%D1%80%D0%B8%D0%B0%D0%BB%D1%8B/%D0%B4%D0%BE%D1%81%D0%BA%D0%B0-%D0%BF%D0%BE%D0%BB%D0%B0/" "Mozilla/7.0 (compatible; MSIE7.00; Windows 2004)" "-"
178.159.39.237 - - [11/May/2018:02:27:27 +0200] "HEAD / HTTP/1.1" 301 - www.fc-schnaittach.de "http://kabinet-online-rsb.ru" "Mozilla/5.0 (compatible; MSIE6.00; Windows 2002)" "-"
185.236.130.56 - - [11/May/2018:02:29:16 +0200] "HEAD / HTTP/1.1" 301 - www.fc-schnaittach.de "http://kabinet-online-open.ru" "Mozilla/6.0 (compatible; MSIE4.00; Windows 2006)" "-"
185.236.130.120 - - [11/May/2018:02:29:16 +0200] "HEAD / HTTP/1.1" 301 - www.fc-schnaittach.de "http://online-vostbank.ru" "Mozilla/5.0 (compatible; MSIE2.00; Windows 2006)" "-"
194.87.94.251 - - [11/May/2018:02:30:40 +0200] "HEAD / HTTP/1.1" 301 - www.fc-schnaittach.de "https://applepharma.ru/view-product.php?id=5/HepatitisC-DrReddys-Ledipasvir-90mg-Sofosbuvir-400mg-Resof-L/" "Mozilla/5.0 (compatible; MSIE7.00; Windows 2008)" "-"
195.133.201.163 - - [11/May/2018:02:32:19 +0200] "HEAD / HTTP/1.1" 301 - www.fc-schnaittach.de "http://online-raiffeisen.ru" "Mozilla/2.0 (compatible; MSIE6.00; Windows 2002)" "-"
195.133.145.199 - - [11/May/2018:02:32:21 +0200] "HEAD / HTTP/1.1" 301 - www.fc-schnaittach.de "https://stroy-matrix.ru/remont_komnaty/remont_kukhni/" "Mozilla/6.0 (compatible; MSIE5.00; Windows 2002)" "-"
194.87.236.223 - - [11/May/2018:02:33:24 +0200] "HEAD / HTTP/1.1" 301 - www.fc-schnaittach.de "http://kabinet-online-sovcombank.ru" "Mozilla/5.0 (compatible; MSIE7.00; Windows 2005)" "-"
78.106.45.107 - - [11/May/2018:02:40:00 +0200] "GET /wp-login.php HTTP/1.1" 301 250 fc-schnaittach.de "-" "Mozilla/5.0 (Windows NT 6.0; rv:34.0) Gecko/20100101 Firefox/34.0" "-"
78.106.45.107 - - [11/May/2018:02:40:12 +0200] "GET /wp-login.php HTTP/1.1" 200 2793 www.fc-schnaittach.de "-" "Mozilla/5.0 (Windows NT 6.0; rv:34.0) Gecko/20100101 Firefox/34.0" "-"
217.160.63.10 - - [11/May/2018:02:40:12 +0200] "POST /wp-cron.php?doing_wp_cron=1525999212.9270670413970947265625 HTTP/1.1" 200 23 www.fc-schnaittach.de "https://www.fc-schnaittach.de/wp-cron.php?doing_wp_cron=1525999212.9270670413970947265625" "WordPress/4.9.5; https://www.fc-schnaittach.de" "-"
217.160.63.10 - - [11/May/2018:02:40:13 +0200] "HEAD /wp-content/uploads/2015/08/IMG_6507.jpg HTTP/1.1" 301 - www.fc-schnaittach.de "https://www.fc-schnaittach.de" "Mozilla/5.0 (compatible; MSIE 9.0; Windows NT 6.1; WOW64; Trident/5.0)" "-"
217.160.63.10 - - [11/May/2018:02:40:13 +0200] "HEAD /wp-content/uploads/2015/08/IMG_6507.jpg HTTP/1.1" 200 - www.fc-schnaittach.de "https://www.fc-schnaittach.de" "Mozilla/5.0 (compatible; MSIE 9.0; Windows NT 6.1; WOW64; Trident/5.0)" "-"
217.160.63.10 - - [11/May/2018:02:40:15 +0200] "HEAD /wp-content/uploads/2015/12/Julius-Hirsch-Preis-2015.jpg HTTP/1.1" 301 - www.fc-schnaittach.de "https://www.fc-schnaittach.de" "Mozilla/5.0 (compatible; MSIE 9.0; Windows NT 6.1; WOW64; Trident/5.0)" "-"
217.160.63.10 - - [11/May/2018:02:40:15 +0200] "HEAD /wp-content/uploads/2015/12/Julius-Hirsch-Preis-2015.jpg HTTP/1.1" 200 - www.fc-schnaittach.de "https://www.fc-schnaittach.de" "Mozilla/5.0 (compatible; MSIE 9.0; Windows NT 6.1; WOW64; Trident/5.0)" "-"
217.160.63.10 - - [11/May/2018:02:40:17 +0200] "HEAD /wp-content/uploads/2015/08/IMG_6453-300x225.jpg HTTP/1.1" 301 - www.fc-schnaittach.de "https://www.fc-schnaittach.de" "Mozilla/5.0 (compatible; MSIE 9.0; Windows NT 6.1; WOW64; Trident/5.0)" "-"
217.160.63.10 - - [11/May/2018:02:40:17 +0200] "HEAD /wp-content/uploads/2015/08/IMG_6453-300x225.jpg HTTP/1.1" 200 - www.fc-schnaittach.de "https://www.fc-schnaittach.de" "Mozilla/5.0 (compatible; MSIE 9.0; Windows NT 6.1; WOW64; Trident/5.0)" "-"
217.160.63.10 - - [11/May/2018:02:40:19 +0200] "HEAD /wp-content/uploads/2014/12/DSC04741.jpg HTTP/1.1" 301 - www.fc-schnaittach.de "https://www.fc-schnaittach.de" "Mozilla/5.0 (compatible; MSIE 9.0; Windows NT 6.1; WOW64; Trident/5.0)" "-"
217.160.63.10 - - [11/May/2018:02:40:19 +0200] "HEAD /wp-content/uploads/2014/12/DSC04741.jpg HTTP/1.1" 200 - www.fc-schnaittach.de "https://www.fc-schnaittach.de" "Mozilla/5.0 (compatible; MSIE 9.0; Windows NT 6.1; WOW64; Trident/5.0)" "-"
217.160.63.10 - - [11/May/2018:02:40:23 +0200] "HEAD /wp-content/uploads/2015/12/Julius-Hirsch-Preis-2015-194x300.jpg HTTP/1.1" 301 - www.fc-schnaittach.de "https://www.fc-schnaittach.de" "Mozilla/5.0 (compatible; MSIE 9.0; Windows NT 6.1; WOW64; Trident/5.0)" "-"
217.160.63.10 - - [11/May/2018:02:40:23 +0200] "HEAD /wp-content/uploads/2015/12/Julius-Hirsch-Preis-2015-194x300.jpg HTTP/1.1" 200 - www.fc-schnaittach.de "https://www.fc-schnaittach.de" "Mozilla/5.0 (compatible; MSIE 9.0; Windows NT 6.1; WOW64; Trident/5.0)" "-"
78.106.45.107 - - [11/May/2018:02:40:24 +0200] "POST /wp-login.php HTTP/1.1" 503 299 www.fc-schnaittach.de "https://www.fc-schnaittach.de/wp-login.php" "Mozilla/5.0 (Windows NT 6.0; rv:34.0) Gecko/20100101 Firefox/34.0" "-"
217.160.63.10 - - [11/May/2018:02:40:28 +0200] "HEAD /wp-content/uploads/2015/06/20150613_115638.jpg HTTP/1.1" 301 - www.fc-schnaittach.de "https://www.fc-schnaittach.de" "Mozilla/5.0 (compatible; MSIE 9.0; Windows NT 6.1; WOW64; Trident/5.0)" "-"
217.160.63.10 - - [11/May/2018:02:40:28 +0200] "HEAD /wp-content/uploads/2015/06/20150613_115638.jpg HTTP/1.1" 200 - www.fc-schnaittach.de "https://www.fc-schnaittach.de" "Mozilla/5.0 (compatible; MSIE 9.0; Windows NT 6.1; WOW64; Trident/5.0)" "-"
217.160.63.10 - - [11/May/2018:02:40:33 +0200] "HEAD /wp-content/uploads/2014/12/13731508269647197-300x200.jpg HTTP/1.1" 301 - www.fc-schnaittach.de "https://www.fc-schnaittach.de" "Mozilla/5.0 (compatible; MSIE 9.0; Windows NT 6.1; WOW64; Trident/5.0)" "-"
217.160.63.10 - - [11/May/2018:02:40:33 +0200] "HEAD /wp-content/uploads/2014/12/13731508269647197-300x200.jpg HTTP/1.1" 200 - www.fc-schnaittach.de "https://www.fc-schnaittach.de" "Mozilla/5.0 (compatible; MSIE 9.0; Windows NT 6.1; WOW64; Trident/5.0)" "-"
217.160.63.10 - - [11/May/2018:02:40:38 +0200] "HEAD /wp-content/uploads/2015/04/feedIcon.png HTTP/1.1" 301 - www.fc-schnaittach.de "https://www.fc-schnaittach.de" "Mozilla/5.0 (compatible; MSIE 9.0; Windows NT 6.1; WOW64; Trident/5.0)" "-"
217.160.63.10 - - [11/May/2018:02:40:38 +0200] "HEAD /wp-content/uploads/2015/04/feedIcon.png HTTP/1.1" 200 - www.fc-schnaittach.de "https://www.fc-schnaittach.de" "Mozilla/5.0 (compatible; MSIE 9.0; Windows NT 6.1; WOW64; Trident/5.0)" "-"
217.160.63.10 - - [11/May/2018:02:40:43 +0200] "HEAD /wp-content/uploads/2015/01/IMG-20161004-WA0002.jpg HTTP/1.1" 301 - www.fc-schnaittach.de "https://www.fc-schnaittach.de" "Mozilla/5.0 (compatible; MSIE 9.0; Windows NT 6.1; WOW64; Trident/5.0)" "-"
217.160.63.10 - - [11/May/2018:02:40:43 +0200] "HEAD /wp-content/uploads/2015/01/IMG-20161004-WA0002.jpg HTTP/1.1" 200 - www.fc-schnaittach.de "https://www.fc-schnaittach.de" "Mozilla/5.0 (compatible; MSIE 9.0; Windows NT 6.1; WOW64; Trident/5.0)" "-"
217.160.63.10 - - [11/May/2018:02:40:48 +0200] "HEAD /wp-content/uploads/2015/06/20150613_115636-e1434303450659-225x300.jpg HTTP/1.1" 301 - www.fc-schnaittach.de "https://www.fc-schnaittach.de" "Mozilla/5.0 (compatible; MSIE 9.0; Windows NT 6.1; WOW64; Trident/5.0)" "-"
217.160.63.10 - - [11/May/2018:02:40:48 +0200] "HEAD /wp-content/uploads/2015/06/20150613_115636-e1434303450659-225x300.jpg HTTP/1.1" 200 - www.fc-schnaittach.de "https://www.fc-schnaittach.de" "Mozilla/5.0 (compatible; MSIE 9.0; Windows NT 6.1; WOW64; Trident/5.0)" "-"
217.160.63.10 - - [11/May/2018:02:40:53 +0200] "HEAD /wp-content/uploads/2015/10/Aktion-Spenderstein-162x300.jpg HTTP/1.1" 301 - www.fc-schnaittach.de "https://www.fc-schnaittach.de" "Mozilla/5.0 (compatible; MSIE 9.0; Windows NT 6.1; WOW64; Trident/5.0)" "-"
217.160.63.10 - - [11/May/2018:02:40:53 +0200] "HEAD /wp-content/uploads/2015/10/Aktion-Spenderstein-162x300.jpg HTTP/1.1" 200 - www.fc-schnaittach.de "https://www.fc-schnaittach.de" "Mozilla/5.0 (compatible; MSIE 9.0; Windows NT 6.1; WOW64; Trident/5.0)" "-"
217.160.63.10 - - [11/May/2018:02:40:58 +0200] "HEAD /wp-content/uploads/2015/06/FOvfGhvzlY9EcbZ8.jpg HTTP/1.1" 301 - www.fc-schnaittach.de "https://www.fc-schnaittach.de" "Mozilla/5.0 (compatible; MSIE 9.0; Windows NT 6.1; WOW64; Trident/5.0)" "-"
217.160.63.10 - - [11/May/2018:02:40:58 +0200] "HEAD /wp-content/uploads/2015/06/FOvfGhvzlY9EcbZ8.jpg HTTP/1.1" 200 - www.fc-schnaittach.de "https://www.fc-schnaittach.de" "Mozilla/5.0 (compatible; MSIE 9.0; Windows NT 6.1; WOW64; Trident/5.0)" "-"
217.160.63.10 - - [11/May/2018:02:41:03 +0200] "HEAD /wp-content/uploads/2014/12/13731508269647197.jpg HTTP/1.1" 301 - www.fc-schnaittach.de "https://www.fc-schnaittach.de" "Mozilla/5.0 (compatible; MSIE 9.0; Windows NT 6.1; WOW64; Trident/5.0)" "-"
217.160.63.10 - - [11/May/2018:02:41:03 +0200] "HEAD /wp-content/uploads/2014/12/13731508269647197.jpg HTTP/1.1" 200 - www.fc-schnaittach.de "https://www.fc-schnaittach.de" "Mozilla/5.0 (compatible; MSIE 9.0; Windows NT 6.1; WOW64; Trident/5.0)" "-"
217.160.63.10 - - [11/May/2018:02:41:08 +0200] "HEAD /wp-content/uploads/2014/12/tt-2017.jpg HTTP/1.1" 301 - www.fc-schnaittach.de "https://www.fc-schnaittach.de" "Mozilla/5.0 (compatible; MSIE 9.0; Windows NT 6.1; WOW64; Trident/5.0)" "-"
217.160.63.10 - - [11/May/2018:02:41:08 +0200] "HEAD /wp-content/uploads/2014/12/tt-2017.jpg HTTP/1.1" 200 - www.fc-schnaittach.de "https://www.fc-schnaittach.de" "Mozilla/5.0 (compatible; MSIE 9.0; Windows NT 6.1; WOW64; Trident/5.0)" "-"
217.160.63.10 - - [11/May/2018:02:41:13 +0200] "HEAD /wp-content/uploads/2015/08/IMG_6491-300x225.jpg HTTP/1.1" 301 - www.fc-schnaittach.de "https://www.fc-schnaittach.de" "Mozilla/5.0 (compatible; MSIE 9.0; Windows NT 6.1; WOW64; Trident/5.0)" "-"
217.160.63.10 - - [11/May/2018:02:41:13 +0200] "HEAD /wp-content/uploads/2015/08/IMG_6491-300x225.jpg HTTP/1.1" 200 - www.fc-schnaittach.de "https://www.fc-schnaittach.de" "Mozilla/5.0 (compatible; MSIE 9.0; Windows NT 6.1; WOW64; Trident/5.0)" "-"
157.55.39.36 - - [11/May/2018:02:52:53 +0200] "GET /wp-content/themes/fcs/images/production/WappenThumbnail.png HTTP/1.1" 301 297 www.fc-schnaittach.de "-" "Mozilla/5.0 (compatible; bingbot/2.0; +http://www.bing.com/bingbot.htm)" "-"
157.55.39.36 - - [11/May/2018:02:52:55 +0200] "GET /wp-content/themes/fcs/images/production/WappenThumbnail.png HTTP/1.1" 200 13158 www.fc-schnaittach.de "-" "Mozilla/5.0 (compatible; bingbot/2.0; +http://www.bing.com/bingbot.htm)" "-"
157.55.39.220 - - [11/May/2018:02:56:47 +0200] "GET /sitemap-pt-post-2018-05.xml HTTP/1.1" 200 635 www.fc-schnaittach.de "-" "Mozilla/5.0 (compatible; bingbot/2.0; +http://www.bing.com/bingbot.htm)" "-"
157.55.39.36 - - [11/May/2018:02:56:51 +0200] "GET /sitemap-misc.xml HTTP/1.1" 200 578 www.fc-schnaittach.de "-" "Mozilla/5.0 (compatible; bingbot/2.0; +http://www.bing.com/bingbot.htm)" "-"
157.55.39.36 - - [11/May/2018:02:56:53 +0200] "GET /sitemap-tax-category.xml HTTP/1.1" 200 825 www.fc-schnaittach.de "-" "Mozilla/5.0 (compatible; bingbot/2.0; +http://www.bing.com/bingbot.htm)" "-"
40.77.167.37 - - [11/May/2018:02:56:58 +0200] "GET /sitemap-pt-post-2017-04.xml HTTP/1.1" 200 593 www.fc-schnaittach.de "-" "Mozilla/5.0 (compatible; bingbot/2.0; +http://www.bing.com/bingbot.htm)" "-"
207.46.13.134 - - [11/May/2018:02:57:10 +0200] "GET /sitemap-pt-page-2018-05.xml HTTP/1.1" 200 586 www.fc-schnaittach.de "-" "Mozilla/5.0 (compatible; bingbot/2.0; +http://www.bing.com/bingbot.htm)" "-"
207.46.13.134 - - [11/May/2018:02:57:10 +0200] "GET /sitemap-pt-page-2018-03.xml HTTP/1.1" 200 585 www.fc-schnaittach.de "-" "Mozilla/5.0 (compatible; bingbot/2.0; +http://www.bing.com/bingbot.htm)" "-"
46.105.100.183 - - [11/May/2018:02:57:31 +0200] "GET /robots.txt HTTP/1.1" 301 248 fc-schnaittach.de "-" "" "-"
46.105.100.183 - - [11/May/2018:02:57:31 +0200] "GET /robots.txt HTTP/1.1" 200 35 www.fc-schnaittach.de "-" "" "-"
46.105.100.183 - - [11/May/2018:02:57:31 +0200] "GET / HTTP/1.1" 301 238 fc-schnaittach.de "-" "Mozilla/5.0 (X11; U; Linux i686; en-US; rv:1.9.2.4) Gecko/20100625 Gentoo Firefox/3.6.4" "-"
46.105.100.183 - - [11/May/2018:02:57:33 +0200] "GET / HTTP/1.1" 200 39967 www.fc-schnaittach.de "-" "Mozilla/5.0 (X11; U; Linux i686; en-US; rv:1.9.2.4) Gecko/20100625 Gentoo Firefox/3.6.4" "-"
207.46.13.134 - - [11/May/2018:03:03:15 +0200] "GET /wp-content/uploads/2016/11/Laura-Merkel-225x300.jpg HTTP/1.1" 301 289 www.fc-schnaittach.de "-" "Mozilla/5.0 (compatible; bingbot/2.0; +http://www.bing.com/bingbot.htm)" "-"
207.46.13.134 - - [11/May/2018:03:03:17 +0200] "GET /wp-content/uploads/2016/11/Laura-Merkel-225x300.jpg HTTP/1.1" 200 16483 www.fc-schnaittach.de "-" "Mozilla/5.0 (compatible; bingbot/2.0; +http://www.bing.com/bingbot.htm)" "-"
157.55.39.220 - - [11/May/2018:03:08:11 +0200] "GET /fussball/2-mannschaft/galerie-2-mannschaft/olympus-digital-camera-17/ HTTP/1.1" 200 195 www.fc-schnaittach.de "-" "Mozilla/5.0 (compatible; bingbot/2.0; +http://www.bing.com/bingbot.htm)" "-"
157.55.39.36 - - [11/May/2018:03:08:17 +0200] "GET /robots.txt HTTP/1.1" 301 248 www.fc-schnaittach.de "-" "Mozilla/5.0 (compatible; bingbot/2.0; +http://www.bing.com/bingbot.htm)" "-"
157.55.39.36 - - [11/May/2018:03:08:18 +0200] "GET /robots.txt HTTP/1.1" 200 35 www.fc-schnaittach.de "-" "Mozilla/5.0 (compatible; bingbot/2.0; +http://www.bing.com/bingbot.htm)" "-"
193.106.30.99 - - [11/May/2018:03:10:54 +0200] "POST /error.php HTTP/1.1" 404 5762 fc-schnaittach.de "-" "Mozilla/5.0 (Windows NT 6.1; rv:34.0) Gecko/20100101 Firefox/34.0" "-"
35.160.162.57 - - [11/May/2018:03:11:33 +0200] "GET /wp-login.php HTTP/1.1" 200 1204 fc-schnaittach.de "https://www.google.com" "Mozilla/5.0 (Windows NT 6.1; WOW64; rv:33.0) Gecko/20100101 Firefox/33.0" "-"
35.160.162.57 - - [11/May/2018:03:11:46 +0200] "POST /wp-login.php HTTP/1.1" 200 1616 fc-schnaittach.de "https://www.google.com" "Mozilla/5.0 (Windows NT 6.1; WOW64; rv:33.0) Gecko/20100101 Firefox/33.0" "-"
35.160.162.57 - - [11/May/2018:03:12:10 +0200] "POST /wp-login.php HTTP/1.1" 200 1615 fc-schnaittach.de "https://www.google.com" "Mozilla/5.0 (Windows NT 6.1; WOW64; rv:33.0) Gecko/20100101 Firefox/33.0" "-"
157.55.39.220 - - [11/May/2018:03:13:21 +0200] "GET /wp-content/uploads/2016/11/Amelie-Raum.jpg HTTP/1.1" 301 280 www.fc-schnaittach.de "-" "Mozilla/5.0 (compatible; bingbot/2.0; +http://www.bing.com/bingbot.htm)" "-"
157.55.39.220 - - [11/May/2018:03:13:23 +0200] "GET /wp-content/uploads/2016/11/Amelie-Raum.jpg HTTP/1.1" 200 1075787 www.fc-schnaittach.de "-" "Mozilla/5.0 (compatible; bingbot/2.0; +http://www.bing.com/bingbot.htm)" "-"
157.55.39.36 - - [11/May/2018:03:20:10 +0200] "GET /wp-content/uploads/2015/03/Franziska-Pfisterer-300x225.jpg HTTP/1.1" 301 296 www.fc-schnaittach.de "-" "Mozilla/5.0 (compatible; bingbot/2.0; +http://www.bing.com/bingbot.htm)" "-"
157.55.39.36 - - [11/May/2018:03:20:11 +0200] "GET /wp-content/uploads/2015/03/Franziska-Pfisterer-300x225.jpg HTTP/1.1" 200 18397 www.fc-schnaittach.de "-" "Mozilla/5.0 (compatible; bingbot/2.0; +http://www.bing.com/bingbot.htm)" "-"
217.160.63.10 - - [11/May/2018:03:32:37 +0200] "POST /wp-cron.php?doing_wp_cron=1526002357.6260828971862792968750 HTTP/1.1" 301 297 www.fc-schnaittach.de "http://www.fc-schnaittach.de/wp-cron.php?doing_wp_cron=1526002357.6260828971862792968750" "WordPress/4.9.5; https://www.fc-schnaittach.de" "-"
157.55.39.36 - - [11/May/2018:03:32:37 +0200] "GET /tischtennis/herren-1/ HTTP/1.1" 200 6800 www.fc-schnaittach.de "-" "Mozilla/5.0 (compatible; bingbot/2.0; +http://www.bing.com/bingbot.htm)" "-"
217.160.63.10 - - [11/May/2018:03:37:07 +0200] "POST /wp-cron.php?doing_wp_cron=1526002627.5955059528350830078125 HTTP/1.1" 301 297 www.fc-schnaittach.de "http://www.fc-schnaittach.de/wp-cron.php?doing_wp_cron=1526002627.5955059528350830078125" "WordPress/4.9.5; https://www.fc-schnaittach.de" "-"
178.137.165.61 - - [11/May/2018:03:37:07 +0200] "GET /karate-teilnahme-an-der-bezirksmeisterschaft-2015/ HTTP/1.1" 200 29768 www.fc-schnaittach.de "https://spb-plitka.ru/" "Mozilla/4.0 (compatible; Powermarks/3.5; Windows 95/98/2000/NT)" "-"
178.137.165.61 - - [11/May/2018:03:37:08 +0200] "GET /karate-teilnahme-an-der-bezirksmeisterschaft-2015/ HTTP/1.1" 200 29768 www.fc-schnaittach.de "https://spb-plitka.ru/" "Mozilla/4.0 (compatible; Powermarks/3.5; Windows 95/98/2000/NT)" "-"
178.137.165.61 - - [11/May/2018:03:37:09 +0200] "GET /karate-teilnahme-an-der-bezirksmeisterschaft-2015/ HTTP/1.1" 200 29768 www.fc-schnaittach.de "https://spb-plitka.ru/" "Mozilla/4.0 (compatible; Powermarks/3.5; Windows 95/98/2000/NT)" "-"
91.203.196.161 - - [11/May/2018:03:37:22 +0200] "GET /wp-login.php HTTP/1.1" 301 250 fc-schnaittach.de "-" "Mozilla/5.0 (Windows NT 6.0; rv:34.0) Gecko/20100101 Firefox/34.0" "-"
91.203.196.161 - - [11/May/2018:03:37:34 +0200] "GET /wp-login.php HTTP/1.1" 200 2793 www.fc-schnaittach.de "-" "Mozilla/5.0 (Windows NT 6.0; rv:34.0) Gecko/20100101 Firefox/34.0" "-"
91.203.196.161 - - [11/May/2018:03:37:46 +0200] "POST /wp-login.php HTTP/1.1" 503 299 www.fc-schnaittach.de "https://www.fc-schnaittach.de/wp-login.php" "Mozilla/5.0 (Windows NT 6.0; rv:34.0) Gecko/20100101 Firefox/34.0" "-"
157.55.39.36 - - [11/May/2018:03:38:02 +0200] "GET /wp-content/uploads/2014/10/DSC03528-e1430394640707.jpg HTTP/1.1" 301 292 www.fc-schnaittach.de "-" "Mozilla/5.0 (compatible; bingbot/2.0; +http://www.bing.com/bingbot.htm)" "-"
157.55.39.36 - - [11/May/2018:03:38:04 +0200] "GET /wp-content/uploads/2014/10/DSC03528-e1430394640707.jpg HTTP/1.1" 200 118741 www.fc-schnaittach.de "-" "Mozilla/5.0 (compatible; bingbot/2.0; +http://www.bing.com/bingbot.htm)" "-"
40.77.167.37 - - [11/May/2018:03:49:11 +0200] "GET /wp-content/uploads/2015/12/Julius-Hirsch-Preis-2015.jpg HTTP/1.1" 301 293 www.fc-schnaittach.de "-" "Mozilla/5.0 (compatible; bingbot/2.0; +http://www.bing.com/bingbot.htm)" "-"
40.77.167.37 - - [11/May/2018:03:49:15 +0200] "GET /wp-content/uploads/2015/12/Julius-Hirsch-Preis-2015.jpg HTTP/1.1" 200 67717 www.fc-schnaittach.de "-" "Mozilla/5.0 (compatible; bingbot/2.0; +http://www.bing.com/bingbot.htm)" "-"
46.118.114.175 - - [11/May/2018:03:51:12 +0200] "GET /fussball/damen/ HTTP/1.1" 200 34572 www.fc-schnaittach.de "https://med-dopomoga.com/" "Mozilla/4.0 (compatible; MSIE 6.0; Windows NT 5.1; en) Opera 8.00" "-"
217.160.63.10 - - [11/May/2018:03:51:13 +0200] "POST /wp-cron.php?doing_wp_cron=1526003472.9894719123840332031250 HTTP/1.1" 301 297 www.fc-schnaittach.de "http://www.fc-schnaittach.de/wp-cron.php?doing_wp_cron=1526003472.9894719123840332031250" "WordPress/4.9.5; https://www.fc-schnaittach.de" "-"
46.118.114.175 - - [11/May/2018:03:51:13 +0200] "GET /fussball/damen/ HTTP/1.1" 200 34572 www.fc-schnaittach.de "https://med-dopomoga.com/" "Mozilla/4.0 (compatible; MSIE 6.0; Windows NT 5.1; en) Opera 8.00" "-"
2a03:2880:3020:afc0:face:b00c:0:8000 - - [11/May/2018:04:02:18 +0200] "GET /wp-content/themes/fcs/images/production/Transparent.png?ver=1487205002 HTTP/1.1" 200 124 www.fc-schnaittach.de "-" "facebookexternalhit/1.1 (+http://www.facebook.com/externalhit_uatext.php)" "-"
2a03:2880:3020:afc5:face:b00c:0:8000 - - [11/May/2018:04:02:20 +0200] "GET /wp-content/themes/fcs/images/production/Transparent.png?ver=1487205002 HTTP/1.1" 200 124 www.fc-schnaittach.de "-" "facebookexternalhit/1.1 (+http://www.facebook.com/externalhit_uatext.php)" "-"
2a03:2880:3011:ffc6:face:b00c:0:8000 - - [11/May/2018:04:02:20 +0200] "GET /wp-content/themes/fcs/images/production/Transparent.png?ver=1487205002 HTTP/1.1" 200 124 www.fc-schnaittach.de "-" "facebookexternalhit/1.1 (+http://www.facebook.com/externalhit_uatext.php)" "-"
2a03:2880:3011:afc4:face:b00c:0:8000 - - [11/May/2018:04:02:22 +0200] "GET /wp-content/themes/fcs/images/production/Transparent.png HTTP/1.1" 200 124 www.fc-schnaittach.de "-" "facebookexternalhit/1.1 (+http://www.facebook.com/externalhit_uatext.php)" "-"
2a03:2880:3011:1fcf:face:b00c:0:8000 - - [11/May/2018:04:02:22 +0200] "GET /wp-content/themes/fcs/images/production/Transparent.png?ver=1487205002 HTTP/1.1" 200 124 www.fc-schnaittach.de "-" "facebookexternalhit/1.1 (+http://www.facebook.com/externalhit_uatext.php)" "-"
109.41.195.140 - - [11/May/2018:04:02:58 +0200] "GET / HTTP/1.1" 301 238 www.fc-schnaittach.de "http://m.facebook.com" "Mozilla/5.0 (iPhone; CPU iPhone OS 11_3 like Mac OS X) AppleWebKit/605.1.15 (KHTML, like Gecko) Mobile/15E302 [FBAN/FBIOS;FBAV/167.0.0.50.95;FBBV/102293131;FBDV/iPhone9,4;FBMD/iPhone;FBSN/iOS;FBSV/11.3.1;FBSS/3;FBCR/Vodafone.de;FBID/phone;FBLC/de_DE;FBOP/5;FBRV/104064853]" "-"
109.41.195.140 - - [11/May/2018:04:02:58 +0200] "GET / HTTP/1.1" 200 7770 www.fc-schnaittach.de "http://m.facebook.com" "Mozilla/5.0 (iPhone; CPU iPhone OS 11_3 like Mac OS X) AppleWebKit/605.1.15 (KHTML, like Gecko) Mobile/15E302 [FBAN/FBIOS;FBAV/167.0.0.50.95;FBBV/102293131;FBDV/iPhone9,4;FBMD/iPhone;FBSN/iOS;FBSV/11.3.1;FBSS/3;FBCR/Vodafone.de;FBID/phone;FBLC/de_DE;FBOP/5;FBRV/104064853]" "-"
217.160.63.10 - - [11/May/2018:04:02:59 +0200] "HEAD /wp-content/uploads/2014/10/Pr%C3%BCfungsanmeldung_13.6.2015.pdf HTTP/1.1" 301 - www.fc-schnaittach.de "https://www.fc-schnaittach.de" "Mozilla/5.0 (compatible; MSIE 9.0; Windows NT 6.1; WOW64; Trident/5.0)" "-"
217.160.63.10 - - [11/May/2018:04:02:59 +0200] "HEAD /wp-content/uploads/2014/10/Pr%c3%bcfungsanmeldung_13.6.2015.pdf HTTP/1.1" 200 - www.fc-schnaittach.de "https://www.fc-schnaittach.de" "Mozilla/5.0 (compatible; MSIE 9.0; Windows NT 6.1; WOW64; Trident/5.0)" "-"
217.160.63.10 - - [11/May/2018:04:03:01 +0200] "HEAD /wp-content/uploads/2014/12/DSC04741-1.jpg HTTP/1.1" 301 - www.fc-schnaittach.de "https://www.fc-schnaittach.de" "Mozilla/5.0 (compatible; MSIE 9.0; Windows NT 6.1; WOW64; Trident/5.0)" "-"
217.160.63.10 - - [11/May/2018:04:03:01 +0200] "HEAD /wp-content/uploads/2014/12/DSC04741-1.jpg HTTP/1.1" 200 - www.fc-schnaittach.de "https://www.fc-schnaittach.de" "Mozilla/5.0 (compatible; MSIE 9.0; Windows NT 6.1; WOW64; Trident/5.0)" "-"
217.160.63.10 - - [11/May/2018:04:03:03 +0200] "HEAD /wp-content/uploads/2015/04/FCS-2-Mannschaft-Meister-19.jpg HTTP/1.1" 301 - www.fc-schnaittach.de "https://www.fc-schnaittach.de" "Mozilla/5.0 (compatible; MSIE 9.0; Windows NT 6.1; WOW64; Trident/5.0)" "-"
217.160.63.10 - - [11/May/2018:04:03:03 +0200] "HEAD /wp-content/uploads/2015/04/FCS-2-Mannschaft-Meister-19.jpg HTTP/1.1" 200 - www.fc-schnaittach.de "https://www.fc-schnaittach.de" "Mozilla/5.0 (compatible; MSIE 9.0; Windows NT 6.1; WOW64; Trident/5.0)" "-"
217.160.63.10 - - [11/May/2018:04:03:05 +0200] "HEAD /wp-content/uploads/2015/06/20150613_115859-1024x592.jpg HTTP/1.1" 301 - www.fc-schnaittach.de "https://www.fc-schnaittach.de" "Mozilla/5.0 (compatible; MSIE 9.0; Windows NT 6.1; WOW64; Trident/5.0)" "-"
217.160.63.10 - - [11/May/2018:04:03:05 +0200] "HEAD /wp-content/uploads/2015/06/20150613_115859-1024x592.jpg HTTP/1.1" 200 - www.fc-schnaittach.de "https://www.fc-schnaittach.de" "Mozilla/5.0 (compatible; MSIE 9.0; Windows NT 6.1; WOW64; Trident/5.0)" "-"
217.160.63.10 - - [11/May/2018:04:03:09 +0200] "HEAD /ansprechpartner/tischtennis/ HTTP/1.1" 200 - www.fc-schnaittach.de "https://www.fc-schnaittach.de" "Mozilla/5.0 (compatible; MSIE 9.0; Windows NT 6.1; WOW64; Trident/5.0)" "-"
217.160.63.10 - - [11/May/2018:04:03:14 +0200] "HEAD /wp-content/uploads/2016/11/FCS_MW41076_online.jpg HTTP/1.1" 301 - www.fc-schnaittach.de "https://www.fc-schnaittach.de" "Mozilla/5.0 (compatible; MSIE 9.0; Windows NT 6.1; WOW64; Trident/5.0)" "-"
217.160.63.10 - - [11/May/2018:04:03:14 +0200] "HEAD /wp-content/uploads/2016/11/FCS_MW41076_online.jpg HTTP/1.1" 200 - www.fc-schnaittach.de "https://www.fc-schnaittach.de" "Mozilla/5.0 (compatible; MSIE 9.0; Windows NT 6.1; WOW64; Trident/5.0)" "-"
217.160.63.10 - - [11/May/2018:04:03:19 +0200] "HEAD /wp-content/uploads/2014/10/2-Mannschaft-300x225.jpeg HTTP/1.1" 301 - www.fc-schnaittach.de "https://www.fc-schnaittach.de" "Mozilla/5.0 (compatible; MSIE 9.0; Windows NT 6.1; WOW64; Trident/5.0)" "-"
217.160.63.10 - - [11/May/2018:04:03:19 +0200] "HEAD /wp-content/uploads/2014/10/2-Mannschaft-300x225.jpeg HTTP/1.1" 200 - www.fc-schnaittach.de "https://www.fc-schnaittach.de" "Mozilla/5.0 (compatible; MSIE 9.0; Windows NT 6.1; WOW64; Trident/5.0)" "-"
66.249.64.203 - - [11/May/2018:04:03:38 +0200] "GET /sitemap-pt-page-2018-01.xml HTTP/1.1" 200 583 www.fc-schnaittach.de "-" "Mozilla/5.0 (compatible; Googlebot/2.1; +http://www.google.com/bot.html)" "-"
217.160.63.10 - - [11/May/2018:04:03:54 +0200] "HEAD /wp-content/uploads/2014/10/1-Mannschaft.jpg HTTP/1.1" 301 - www.fc-schnaittach.de "https://www.fc-schnaittach.de" "Mozilla/5.0 (compatible; MSIE 9.0; Windows NT 6.1; WOW64; Trident/5.0)" "-"
217.160.63.10 - - [11/May/2018:04:03:54 +0200] "HEAD /wp-content/uploads/2014/10/1-Mannschaft.jpg HTTP/1.1" 200 - www.fc-schnaittach.de "https://www.fc-schnaittach.de" "Mozilla/5.0 (compatible; MSIE 9.0; Windows NT 6.1; WOW64; Trident/5.0)" "-"
217.160.63.10 - - [11/May/2018:04:03:56 +0200] "HEAD /wp-content/uploads/2015/04/2-Mannschaft-1960-1.jpg HTTP/1.1" 301 - www.fc-schnaittach.de "https://www.fc-schnaittach.de" "Mozilla/5.0 (compatible; MSIE 9.0; Windows NT 6.1; WOW64; Trident/5.0)" "-"
217.160.63.10 - - [11/May/2018:04:03:56 +0200] "HEAD /wp-content/uploads/2015/04/2-Mannschaft-1960-1.jpg HTTP/1.1" 200 - www.fc-schnaittach.de "https://www.fc-schnaittach.de" "Mozilla/5.0 (compatible; MSIE 9.0; Windows NT 6.1; WOW64; Trident/5.0)" "-"
217.160.63.10 - - [11/May/2018:04:03:58 +0200] "HEAD /wp-content/uploads/2015/08/IMG_6492.jpg HTTP/1.1" 301 - www.fc-schnaittach.de "https://www.fc-schnaittach.de" "Mozilla/5.0 (compatible; MSIE 9.0; Windows NT 6.1; WOW64; Trident/5.0)" "-"
217.160.63.10 - - [11/May/2018:04:03:58 +0200] "HEAD /wp-content/uploads/2015/08/IMG_6492.jpg HTTP/1.1" 200 - www.fc-schnaittach.de "https://www.fc-schnaittach.de" "Mozilla/5.0 (compatible; MSIE 9.0; Windows NT 6.1; WOW64; Trident/5.0)" "-"
217.160.63.10 - - [11/May/2018:04:02:58 +0200] "POST /wp-cron.php?doing_wp_cron=1526004178.7723600864410400390625 HTTP/1.1" 200 23 www.fc-schnaittach.de "https://www.fc-schnaittach.de/wp-cron.php?doing_wp_cron=1526004178.7723600864410400390625" "WordPress/4.9.5; https://www.fc-schnaittach.de" "-"
217.160.63.10 - - [11/May/2018:04:04:00 +0200] "HEAD /wp-content/uploads/2015/12/Julius-Hirsch-Preis-Anschreiben-2015-167x300.jpg HTTP/1.1" 301 - www.fc-schnaittach.de "https://www.fc-schnaittach.de" "Mozilla/5.0 (compatible; MSIE 9.0; Windows NT 6.1; WOW64; Trident/5.0)" "-"
217.160.63.10 - - [11/May/2018:04:04:00 +0200] "HEAD /wp-content/uploads/2015/12/Julius-Hirsch-Preis-Anschreiben-2015-167x300.jpg HTTP/1.1" 200 - www.fc-schnaittach.de "https://www.fc-schnaittach.de" "Mozilla/5.0 (compatible; MSIE 9.0; Windows NT 6.1; WOW64; Trident/5.0)" "-"
217.160.63.10 - - [11/May/2018:04:04:04 +0200] "HEAD /wp-content/uploads/2014/12/tt-2017-300x201.jpg HTTP/1.1" 301 - www.fc-schnaittach.de "https://www.fc-schnaittach.de" "Mozilla/5.0 (compatible; MSIE 9.0; Windows NT 6.1; WOW64; Trident/5.0)" "-"
