157.55.39.87 - - [13/May/2018:12:50:26 +0200] "GET /wp-content/uploads/2014/10/A_Lenz.jpg HTTP/1.1" 200 105664 www.fc-schnaittach.de "-" "Mozilla/5.0 (compatible; bingbot/2.0; +http://www.bing.com/bingbot.htm)" "-"
157.55.39.109 - - [13/May/2018:12:57:28 +0200] "GET /tischtennis/damen/ HTTP/1.1" 200 6784 www.fc-schnaittach.de "-" "Mozilla/5.0 (compatible; bingbot/2.0; +http://www.bing.com/bingbot.htm)" "-"
157.55.39.87 - - [13/May/2018:12:57:38 +0200] "GET /wp-content/plugins/contact-form-7/includes/css/styles.css?ver=5.0.1 HTTP/1.1" 301 305 www.fc-schnaittach.de "-" "Mozilla/5.0 (compatible; bingbot/2.0; +http://www.bing.com/bingbot.htm)" "-"
157.55.39.87 - - [13/May/2018:12:57:39 +0200] "GET /wp-content/plugins/contact-form-7/includes/css/styles.css?ver=5.0.1 HTTP/1.1" 200 1683 www.fc-schnaittach.de "-" "Mozilla/5.0 (compatible; bingbot/2.0; +http://www.bing.com/bingbot.htm)" "-"
157.55.39.87 - - [13/May/2018:12:57:40 +0200] "GET /wp-content/plugins/user-access-manager/assets/css/uamLoginForm.css?ver=2.1.11 HTTP/1.1" 301 315 www.fc-schnaittach.de "-" "Mozilla/5.0 (compatible; bingbot/2.0; +http://www.bing.com/bingbot.htm)" "-"
157.55.39.72 - - [13/May/2018:12:57:40 +0200] "GET /wp-content/plugins/feedzy-rss-feeds/css/feedzy-rss-feeds.css?ver=3.2.10 HTTP/1.1" 301 309 www.fc-schnaittach.de "-" "Mozilla/5.0 (compatible; bingbot/2.0; +http://www.bing.com/bingbot.htm)" "-"
157.55.39.72 - - [13/May/2018:12:57:41 +0200] "GET /wp-content/plugins/feedzy-rss-feeds/css/feedzy-rss-feeds.css?ver=3.2.10 HTTP/1.1" 200 9822 www.fc-schnaittach.de "-" "Mozilla/5.0 (compatible; bingbot/2.0; +http://www.bing.com/bingbot.htm)" "-"
157.55.39.87 - - [13/May/2018:12:57:41 +0200] "GET /wp-content/plugins/user-access-manager/assets/css/uamLoginForm.css?ver=2.1.11 HTTP/1.1" 200 468 www.fc-schnaittach.de "-" "Mozilla/5.0 (compatible; bingbot/2.0; +http://www.bing.com/bingbot.htm)" "-"
157.55.39.72 - - [13/May/2018:12:57:41 +0200] "GET /wp-includes/js/jquery/jquery.js?ver=1.12.4 HTTP/1.1" 301 280 www.fc-schnaittach.de "-" "Mozilla/5.0 (compatible; bingbot/2.0; +http://www.bing.com/bingbot.htm)" "-"
157.55.39.72 - - [13/May/2018:12:57:43 +0200] "GET /wp-includes/js/jquery/jquery.js?ver=1.12.4 HTTP/1.1" 200 97184 www.fc-schnaittach.de "-" "Mozilla/5.0 (compatible; bingbot/2.0; +http://www.bing.com/bingbot.htm)" "-"
157.55.39.17 - - [13/May/2018:12:57:44 +0200] "GET /wp-content/plugins/recently-updated-posts-widget/css/style.css?ver=4.9.5 HTTP/1.1" 301 310 www.fc-schnaittach.de "-" "Mozilla/5.0 (compatible; bingbot/2.0; +http://www.bing.com/bingbot.htm)" "-"
157.55.39.17 - - [13/May/2018:12:57:45 +0200] "GET /wp-content/plugins/recently-updated-posts-widget/css/style.css?ver=4.9.5 HTTP/1.1" 200 45 www.fc-schnaittach.de "-" "Mozilla/5.0 (compatible; bingbot/2.0; +http://www.bing.com/bingbot.htm)" "-"
157.55.39.17 - - [13/May/2018:12:57:47 +0200] "GET /wp-includes/js/wp-embed.min.js?ver=4.9.5 HTTP/1.1" 301 278 www.fc-schnaittach.de "-" "Mozilla/5.0 (compatible; bingbot/2.0; +http://www.bing.com/bingbot.htm)" "-"
157.55.39.17 - - [13/May/2018:12:57:50 +0200] "GET /wp-includes/js/wp-embed.min.js?ver=4.9.5 HTTP/1.1" 200 1398 www.fc-schnaittach.de "-" "Mozilla/5.0 (compatible; bingbot/2.0; +http://www.bing.com/bingbot.htm)" "-"
157.55.39.109 - - [13/May/2018:12:57:50 +0200] "GET /wp-content/themes/fcs/css/jquery.smartmenus.bootstrap.css?ver=1418749976 HTTP/1.1" 301 310 www.fc-schnaittach.de "-" "Mozilla/5.0 (compatible; bingbot/2.0; +http://www.bing.com/bingbot.htm)" "-"
157.55.39.109 - - [13/May/2018:12:57:52 +0200] "GET /wp-content/themes/fcs/css/jquery.smartmenus.bootstrap.css?ver=1418749976 HTTP/1.1" 200 3128 www.fc-schnaittach.de "-" "Mozilla/5.0 (compatible; bingbot/2.0; +http://www.bing.com/bingbot.htm)" "-"
157.55.39.109 - - [13/May/2018:12:57:52 +0200] "GET /wp-includes/js/jquery/jquery-migrate.min.js?ver=1.4.1 HTTP/1.1" 301 291 www.fc-schnaittach.de "-" "Mozilla/5.0 (compatible; bingbot/2.0; +http://www.bing.com/bingbot.htm)" "-"
157.55.39.109 - - [13/May/2018:12:57:53 +0200] "GET /wp-includes/js/jquery/jquery-migrate.min.js?ver=1.4.1 HTTP/1.1" 200 10056 www.fc-schnaittach.de "-" "Mozilla/5.0 (compatible; bingbot/2.0; +http://www.bing.com/bingbot.htm)" "-"
157.55.39.109 - - [13/May/2018:12:57:54 +0200] "GET /wp-content/themes/fcs/js/fcs.js?ver=1442772175 HTTP/1.1" 301 284 www.fc-schnaittach.de "-" "Mozilla/5.0 (compatible; bingbot/2.0; +http://www.bing.com/bingbot.htm)" "-"
157.55.39.87 - - [13/May/2018:12:57:56 +0200] "GET /wp-content/themes/fcs/style.css?ver=1460744932 HTTP/1.1" 301 284 www.fc-schnaittach.de "-" "Mozilla/5.0 (compatible; bingbot/2.0; +http://www.bing.com/bingbot.htm)" "-"
157.55.39.87 - - [13/May/2018:12:57:57 +0200] "GET /wp-content/themes/fcs/style.css?ver=1460744932 HTTP/1.1" 200 22587 www.fc-schnaittach.de "-" "Mozilla/5.0 (compatible; bingbot/2.0; +http://www.bing.com/bingbot.htm)" "-"
157.55.39.87 - - [13/May/2018:12:57:58 +0200] "GET /wp-content/plugins/contact-form-7/includes/js/scripts.js?ver=5.0.1 HTTP/1.1" 301 304 www.fc-schnaittach.de "-" "Mozilla/5.0 (compatible; bingbot/2.0; +http://www.bing.com/bingbot.htm)" "-"
157.55.39.87 - - [13/May/2018:12:57:59 +0200] "GET /wp-content/plugins/contact-form-7/includes/js/scripts.js?ver=5.0.1 HTTP/1.1" 200 14551 www.fc-schnaittach.de "-" "Mozilla/5.0 (compatible; bingbot/2.0; +http://www.bing.com/bingbot.htm)" "-"
157.55.39.109 - - [13/May/2018:12:58:09 +0200] "GET /wp-content/themes/fcs/js/fcs.js?ver=1442772175 HTTP/1.1" 200 5542 www.fc-schnaittach.de "-" "Mozilla/5.0 (compatible; bingbot/2.0; +http://www.bing.com/bingbot.htm)" "-"
157.55.39.109 - - [13/May/2018:12:58:09 +0200] "GET /wp-content/themes/fcs/js/jquery.smartmenus.min.js?ver=1418750004 HTTP/1.1" 301 302 www.fc-schnaittach.de "-" "Mozilla/5.0 (compatible; bingbot/2.0; +http://www.bing.com/bingbot.htm)" "-"
157.55.39.109 - - [13/May/2018:12:58:11 +0200] "GET /wp-content/themes/fcs/js/jquery.smartmenus.min.js?ver=1418750004 HTTP/1.1" 200 22672 www.fc-schnaittach.de "-" "Mozilla/5.0 (compatible; bingbot/2.0; +http://www.bing.com/bingbot.htm)" "-"
157.55.39.109 - - [13/May/2018:12:58:12 +0200] "GET /wp-content/themes/fcs/js/jquery.smartmenus.bootstrap.min.js?ver=1418750004 HTTP/1.1" 301 312 www.fc-schnaittach.de "-" "Mozilla/5.0 (compatible; bingbot/2.0; +http://www.bing.com/bingbot.htm)" "-"
157.55.39.109 - - [13/May/2018:12:58:13 +0200] "GET /wp-content/themes/fcs/js/jquery.smartmenus.bootstrap.min.js?ver=1418750004 HTTP/1.1" 200 1252 www.fc-schnaittach.de "-" "Mozilla/5.0 (compatible; bingbot/2.0; +http://www.bing.com/bingbot.htm)" "-"
157.55.39.109 - - [13/May/2018:13:01:29 +0200] "GET /wp-content/uploads/2016/11/Luisa-Pfisterer-225x300.jpg HTTP/1.1" 200 17098 www.fc-schnaittach.de "-" "Mozilla/5.0 (compatible; bingbot/2.0; +http://www.bing.com/bingbot.htm)" "-"
157.55.39.109 - - [13/May/2018:13:04:49 +0200] "GET /fussball/1-mannschaft/dsc03545/ HTTP/1.1" 200 196 www.fc-schnaittach.de "-" "Mozilla/5.0 (compatible; bingbot/2.0; +http://www.bing.com/bingbot.htm)" "-"
54.36.148.41 - - [13/May/2018:13:06:04 +0200] "GET /wp-content/uploads/2016/11/Denise-Hanisch.jpg HTTP/1.1" 301 283 www.fc-schnaittach.de "-" "Mozilla/5.0 (compatible; AhrefsBot/5.2; +http://ahrefs.com/robot/)" "-"
66.249.64.205 - - [13/May/2018:13:08:03 +0200] "GET /sitemap-pt-post-2015-12.xml HTTP/1.1" 200 635 www.fc-schnaittach.de "-" "Mozilla/5.0 (compatible; Googlebot/2.1; +http://www.google.com/bot.html)" "-"
217.69.133.229 - - [13/May/2018:13:13:47 +0200] "GET /robots.txt HTTP/1.1" 301 248 www.fc-schnaittach.de "-" "Mozilla/5.0 (compatible; Linux x86_64; Mail.RU_Bot/2.0; +http://go.mail.ru/help/robots)" "-"
217.69.133.230 - - [13/May/2018:13:14:07 +0200] "GET /sitemap-pt-page-2015-01.xml HTTP/1.1" 200 588 www.fc-schnaittach.de "-" "Mozilla/5.0 (compatible; Linux x86_64; Mail.RU_Bot/2.0; +http://go.mail.ru/help/robots)" "-"
157.55.39.87 - - [13/May/2018:13:15:52 +0200] "GET /einladung-schueler-und-jugend-turnier/ HTTP/1.1" 200 6766 www.fc-schnaittach.de "-" "Mozilla/5.0 (compatible; bingbot/2.0; +http://www.bing.com/bingbot.htm)" "-"
157.55.39.87 - - [13/May/2018:13:15:52 +0200] "GET /fussball/2-mannschaft/galerie-2-mannschaft/ HTTP/1.1" 200 7218 www.fc-schnaittach.de "-" "Mozilla/5.0 (compatible; bingbot/2.0; +http://www.bing.com/bingbot.htm)" "-"
66.249.64.207 - - [13/May/2018:13:19:09 +0200] "GET /karate-teilnahme-an-der-bezirksmeisterschaft-2015/ HTTP/1.1" 200 7608 www.fc-schnaittach.de "-" "Mozilla/5.0 (compatible; Googlebot/2.1; +http://www.google.com/bot.html)" "-"
66.249.64.205 - - [13/May/2018:13:21:01 +0200] "GET /dragonrun/ HTTP/1.1" 200 9134 www.fc-schnaittach.de "-" "Mozilla/5.0 (compatible; Googlebot/2.1; +http://www.google.com/bot.html)" "-"
40.77.177.86 - - [13/May/2018:13:27:56 +0200] "GET /wp-includes/js/wp-emoji-release.min.js?ver=4.9.5 HTTP/1.1" 200 11721 www.fc-schnaittach.de "-" "Mozilla/5.0 (Windows NT 6.1; WOW64) AppleWebKit/534+ (KHTML, like Gecko) BingPreview/1.0b" "-"
217.160.63.10 - - [13/May/2018:13:29:20 +0200] "POST /wp-cron.php?doing_wp_cron=1526210960.5754320621490478515625 HTTP/1.1" 200 23 www.fc-schnaittach.de "https://www.fc-schnaittach.de/wp-cron.php?doing_wp_cron=1526210960.5754320621490478515625" "WordPress/4.9.5; https://www.fc-schnaittach.de" "-"
157.55.39.72 - - [13/May/2018:13:29:20 +0200] "GET /budo/zeitungsbericht-pegnitzzeitung/feed/ HTTP/1.1" 200 560 www.fc-schnaittach.de "-" "Mozilla/5.0 (compatible; bingbot/2.0; +http://www.bing.com/bingbot.htm)" "-"
66.249.64.207 - - [13/May/2018:13:29:39 +0200] "GET / HTTP/1.1" 200 7771 www.fc-schnaittach.de "-" "Mozilla/5.0 (Linux; Android 6.0.1; Nexus 5X Build/MMB29P) AppleWebKit/537.36 (KHTML, like Gecko) Chrome/41.0.2272.96 Mobile Safari/537.36 (compatible; Googlebot/2.1; +http://www.google.com/bot.html)" "-"
54.36.148.158 - - [13/May/2018:13:38:31 +0200] "GET /tag/spenderstein/ HTTP/1.1" 200 5989 www.fc-schnaittach.de "-" "Mozilla/5.0 (compatible; AhrefsBot/5.2; +http://ahrefs.com/robot/)" "-"
157.55.39.109 - - [13/May/2018:13:40:00 +0200] "GET /tischtennis/feed/ HTTP/1.1" 200 538 www.fc-schnaittach.de "-" "Mozilla/5.0 (compatible; bingbot/2.0; +http://www.bing.com/bingbot.htm)" "-"
66.249.64.207 - - [13/May/2018:13:41:43 +0200] "GET /sitemap.xml HTTP/1.1" 200 1166 www.fc-schnaittach.de "-" "Mozilla/5.0 (compatible; Googlebot/2.1; +http://www.google.com/bot.html)" "-"
157.55.39.87 - - [13/May/2018:13:44:05 +0200] "GET /fussball/1-mannschaft/facebook-news/feed/ HTTP/1.1" 200 559 www.fc-schnaittach.de "-" "Mozilla/5.0 (compatible; bingbot/2.0; +http://www.bing.com/bingbot.htm)" "-"
157.55.39.109 - - [13/May/2018:13:48:07 +0200] "GET /wp-content/uploads/2014/12/TT-Herren3.jpg HTTP/1.1" 301 279 www.fc-schnaittach.de "-" "Mozilla/5.0 (compatible; bingbot/2.0; +http://www.bing.com/bingbot.htm)" "-"
157.55.39.109 - - [13/May/2018:13:48:08 +0200] "GET /wp-content/uploads/2014/12/TT-Herren3.jpg HTTP/1.1" 200 90394 www.fc-schnaittach.de "-" "Mozilla/5.0 (compatible; bingbot/2.0; +http://www.bing.com/bingbot.htm)" "-"
157.55.39.87 - - [13/May/2018:13:50:20 +0200] "GET /wp-content/uploads/2014/10/DSC03540-e1430393694830.jpg HTTP/1.1" 301 292 www.fc-schnaittach.de "-" "Mozilla/5.0 (compatible; bingbot/2.0; +http://www.bing.com/bingbot.htm)" "-"
157.55.39.87 - - [13/May/2018:13:50:24 +0200] "GET /wp-content/uploads/2014/10/DSC03540-e1430393694830.jpg HTTP/1.1" 200 110591 www.fc-schnaittach.de "-" "Mozilla/5.0 (compatible; bingbot/2.0; +http://www.bing.com/bingbot.htm)" "-"
157.55.39.17 - - [13/May/2018:13:55:41 +0200] "GET /wp-content/uploads/2015/04/FCS-1-Mannschaft-1961-2.jpg HTTP/1.1" 301 292 www.fc-schnaittach.de "-" "Mozilla/5.0 (compatible; bingbot/2.0; +http://www.bing.com/bingbot.htm)" "-"
157.55.39.17 - - [13/May/2018:13:55:46 +0200] "GET /wp-content/uploads/2015/04/FCS-1-Mannschaft-1961-2.jpg HTTP/1.1" 200 34637 www.fc-schnaittach.de "-" "Mozilla/5.0 (compatible; bingbot/2.0; +http://www.bing.com/bingbot.htm)" "-"
66.249.64.203 - - [13/May/2018:13:58:35 +0200] "GET /category/news/100-jahre/ HTTP/1.1" 200 6663 www.fc-schnaittach.de "-" "Mozilla/5.0 (Linux; Android 6.0.1; Nexus 5X Build/MMB29P) AppleWebKit/537.36 (KHTML, like Gecko) Chrome/41.0.2272.96 Mobile Safari/537.36 (compatible; Googlebot/2.1; +http://www.google.com/bot.html)" "-"
157.55.39.87 - - [13/May/2018:13:58:47 +0200] "GET /wp-includes/js/wp-emoji-release.min.js?ver=4.9.5 HTTP/1.1" 301 286 www.fc-schnaittach.de "-" "Mozilla/5.0 (compatible; bingbot/2.0; +http://www.bing.com/bingbot.htm)" "-"
157.55.39.87 - - [13/May/2018:13:59:01 +0200] "GET /wp-includes/js/wp-emoji-release.min.js?ver=4.9.5 HTTP/1.1" 200 11721 www.fc-schnaittach.de "-" "Mozilla/5.0 (compatible; bingbot/2.0; +http://www.bing.com/bingbot.htm)" "-"
157.55.39.72 - - [13/May/2018:13:59:12 +0200] "GET /wp-content/plugins/feedzy-rss-feeds/css/feedzy-rss-feeds.css?ver=3.2.10 HTTP/1.1" 301 309 www.fc-schnaittach.de "-" "Mozilla/5.0 (compatible; bingbot/2.0; +http://www.bing.com/bingbot.htm)" "-"
54.37.20.98 - - [13/May/2018:13:59:13 +0200] "GET /wp-content/uploads/2016/11/FCS_MW41076_online-1024x521.jpg HTTP/1.1" 301 296 www.fc-schnaittach.de "-" "-" "-"
54.37.20.98 - - [13/May/2018:13:59:13 +0200] "GET /wp-content/uploads/2015/04/BFV.png HTTP/1.1" 301 272 www.fc-schnaittach.de "-" "-" "-"
157.55.39.72 - - [13/May/2018:13:59:13 +0200] "GET /wp-content/plugins/feedzy-rss-feeds/css/feedzy-rss-feeds.css?ver=3.2.10 HTTP/1.1" 200 9822 www.fc-schnaittach.de "-" "Mozilla/5.0 (compatible; bingbot/2.0; +http://www.bing.com/bingbot.htm)" "-"
54.36.148.111 - - [13/May/2018:13:59:56 +0200] "GET /ansprechpartner/tischtennis/ HTTP/1.1" 200 6229 www.fc-schnaittach.de "-" "Mozilla/5.0 (compatible; AhrefsBot/5.2; +http://ahrefs.com/robot/)" "-"
157.55.39.72 - - [13/May/2018:14:00:39 +0200] "GET /wp-content/uploads/2015/03/Olivia-Kornek.jpg HTTP/1.1" 301 282 www.fc-schnaittach.de "-" "Mozilla/5.0 (compatible; bingbot/2.0; +http://www.bing.com/bingbot.htm)" "-"
157.55.39.72 - - [13/May/2018:14:00:40 +0200] "GET /wp-content/uploads/2015/03/Olivia-Kornek.jpg HTTP/1.1" 200 65912 www.fc-schnaittach.de "-" "Mozilla/5.0 (compatible; bingbot/2.0; +http://www.bing.com/bingbot.htm)" "-"
18.197.10.118 - - [13/May/2018:14:03:40 +0200] "GET /robots.txt HTTP/1.1" 301 248 www.fc-schnaittach.de "-" "Mozilla/5.0 (compatible; Cliqzbot/2.0; +http://cliqz.com/company/cliqzbot)" "-"
18.197.10.118 - - [13/May/2018:14:03:40 +0200] "GET /robots.txt HTTP/1.1" 200 35 www.fc-schnaittach.de "-" "Mozilla/5.0 (compatible; Cliqzbot/2.0; +http://cliqz.com/company/cliqzbot)" "-"
18.197.10.118 - - [13/May/2018:14:03:41 +0200] "GET /hauptverein/vereinsbus/vereinsbusordnung HTTP/1.1" 301 23 www.fc-schnaittach.de "-" "Mozilla/5.0 (compatible; Cliqzbot/2.0; +http://cliqz.com/company/cliqzbot)" "-"
18.197.10.118 - - [13/May/2018:14:03:41 +0200] "GET /hauptverein/vereinsbus/vereinsbusordnung/ HTTP/1.1" 200 7820 www.fc-schnaittach.de "-" "Mozilla/5.0 (compatible; Cliqzbot/2.0; +http://cliqz.com/company/cliqzbot)" "-"
54.37.150.233 - - [13/May/2018:14:03:42 +0200] "GET /wp-content/uploads/2017/06/Sporterlebnistag_04-3-724x1024.jpg HTTP/1.1" 301 299 www.fc-schnaittach.de "-" "-" "-"
66.249.64.203 - - [13/May/2018:14:05:55 +0200] "GET / HTTP/1.1" 200 7771 www.fc-schnaittach.de "-" "Mozilla/5.0 (compatible; Googlebot/2.1; +http://www.google.com/bot.html)" "-"
54.38.90.100 - - [13/May/2018:14:07:02 +0200] "GET /wp-content/uploads/2015/01/IMG-20161004-WA0002-300x225.jpg HTTP/1.1" 301 296 www.fc-schnaittach.de "-" "-" "-"
157.55.39.87 - - [13/May/2018:14:07:57 +0200] "GET /fussball/2-mannschaft/c_klaussner/ HTTP/1.1" 200 196 www.fc-schnaittach.de "-" "Mozilla/5.0 (compatible; bingbot/2.0; +http://www.bing.com/bingbot.htm)" "-"
157.55.39.72 - - [13/May/2018:14:09:39 +0200] "GET / HTTP/1.1" 200 7771 www.fc-schnaittach.de "-" "Mozilla/5.0 (compatible; bingbot/2.0; +http://www.bing.com/bingbot.htm)" "-"
54.36.149.66 - - [13/May/2018:14:12:18 +0200] "GET /fussball/damen/aktuelle-nachrichten-fuer-die-damen-kreisliga-erlangenpegnitzgrund/ HTTP/1.1" 200 6846 www.fc-schnaittach.de "-" "Mozilla/5.0 (compatible; AhrefsBot/5.2; +http://ahrefs.com/robot/)" "-"
2a03:2880:1110:4fe9:face:b00c:0:8000 - - [13/May/2018:14:14:32 +0200] "GET /wp-content/uploads/2018/03/DIN_A6_Flyer_22.02.2018_1.png HTTP/1.1" 200 205587 www.fc-schnaittach.de "-" "cortex/1.0" "-"
2a03:2880:1110:4fe9:face:b00c:0:8000 - - [13/May/2018:14:14:32 +0200] "GET /wp-content/uploads/2018/03/DIN_A6_Flyer_22.02.2018_1.png HTTP/1.1" 200 205587 www.fc-schnaittach.de "-" "cortex/1.0" "-"
157.55.39.72 - - [13/May/2018:14:18:10 +0200] "GET /post-sitemap.xml HTTP/1.1" 200 3081 www.fc-schnaittach.de "-" "Mozilla/5.0 (compatible; bingbot/2.0; +http://www.bing.com/bingbot.htm)" "-"
194.187.170.107 - - [13/May/2018:14:18:11 +0200] "GET /robots.txt HTTP/1.1" 301 248 www.fc-schnaittach.de "-" "Mozilla/5.0 (compatible; Qwantify/2.4w; +https://www.qwant.com/)/2.4w" "-"
194.187.170.107 - - [13/May/2018:14:18:11 +0200] "GET /robots.txt HTTP/1.1" 200 35 www.fc-schnaittach.de "-" "Mozilla/5.0 (compatible; Qwantify/2.4w; +https://www.qwant.com/)/2.4w" "-"
194.187.170.107 - - [13/May/2018:14:18:12 +0200] "GET /tag/tischtennis/ HTTP/1.1" 200 5694 www.fc-schnaittach.de "-" "Mozilla/5.0 (compatible; Qwantify/2.4w; +https://www.qwant.com/)/2.4w" "-"
217.160.63.10 - - [13/May/2018:14:22:32 +0200] "POST /wp-cron.php?doing_wp_cron=1526214152.8009591102600097656250 HTTP/1.1" 200 23 www.fc-schnaittach.de "https://www.fc-schnaittach.de/wp-cron.php?doing_wp_cron=1526214152.8009591102600097656250" "WordPress/4.9.5; https://www.fc-schnaittach.de" "-"
54.36.148.11 - - [13/May/2018:14:22:32 +0200] "GET /tag/erlangen/ HTTP/1.1" 200 5686 www.fc-schnaittach.de "-" "Mozilla/5.0 (compatible; AhrefsBot/5.2; +http://ahrefs.com/robot/)" "-"
109.41.194.9 - - [13/May/2018:14:24:19 +0200] "GET / HTTP/1.1" 200 7770 www.fc-schnaittach.de "https://www.google.de/" "Mozilla/5.0 (iPhone; CPU iPhone OS 11_2_6 like Mac OS X) AppleWebKit/604.5.6 (KHTML, like Gecko) Version/11.0 Mobile/15D100 Safari/604.1" "-"
109.41.194.9 - - [13/May/2018:14:24:20 +0200] "GET /wp-includes/js/wp-emoji-release.min.js?ver=4.9.5 HTTP/1.1" 200 11721 www.fc-schnaittach.de "https://www.fc-schnaittach.de/" "Mozilla/5.0 (iPhone; CPU iPhone OS 11_2_6 like Mac OS X) AppleWebKit/604.5.6 (KHTML, like Gecko) Version/11.0 Mobile/15D100 Safari/604.1" "-"
109.41.194.9 - - [13/May/2018:14:24:20 +0200] "GET /wp-content/plugins/contact-form-7/includes/css/styles.css?ver=5.0.1 HTTP/1.1" 200 1683 www.fc-schnaittach.de "https://www.fc-schnaittach.de/" "Mozilla/5.0 (iPhone; CPU iPhone OS 11_2_6 like Mac OS X) AppleWebKit/604.5.6 (KHTML, like Gecko) Version/11.0 Mobile/15D100 Safari/604.1" "-"
109.41.194.9 - - [13/May/2018:14:24:20 +0200] "GET /wp-content/plugins/feedzy-rss-feeds/css/feedzy-rss-feeds.css?ver=3.2.10 HTTP/1.1" 200 9822 www.fc-schnaittach.de "https://www.fc-schnaittach.de/" "Mozilla/5.0 (iPhone; CPU iPhone OS 11_2_6 like Mac OS X) AppleWebKit/604.5.6 (KHTML, like Gecko) Version/11.0 Mobile/15D100 Safari/604.1" "-"
109.41.194.9 - - [13/May/2018:14:24:20 +0200] "GET /wp-content/plugins/recently-updated-posts-widget/css/style.css?ver=4.9.5 HTTP/1.1" 200 45 www.fc-schnaittach.de "https://www.fc-schnaittach.de/" "Mozilla/5.0 (iPhone; CPU iPhone OS 11_2_6 like Mac OS X) AppleWebKit/604.5.6 (KHTML, like Gecko) Version/11.0 Mobile/15D100 Safari/604.1" "-"
109.41.194.9 - - [13/May/2018:14:24:20 +0200] "GET /wp-content/plugins/user-access-manager/assets/css/uamLoginForm.css?ver=2.1.11 HTTP/1.1" 200 468 www.fc-schnaittach.de "https://www.fc-schnaittach.de/" "Mozilla/5.0 (iPhone; CPU iPhone OS 11_2_6 like Mac OS X) AppleWebKit/604.5.6 (KHTML, like Gecko) Version/11.0 Mobile/15D100 Safari/604.1" "-"
109.41.194.9 - - [13/May/2018:14:24:20 +0200] "GET /wp-includes/js/jquery/jquery.js?ver=1.12.4 HTTP/1.1" 200 97184 www.fc-schnaittach.de "https://www.fc-schnaittach.de/" "Mozilla/5.0 (iPhone; CPU iPhone OS 11_2_6 like Mac OS X) AppleWebKit/604.5.6 (KHTML, like Gecko) Version/11.0 Mobile/15D100 Safari/604.1" "-"
109.41.194.9 - - [13/May/2018:14:24:20 +0200] "GET /wp-includes/js/jquery/jquery-migrate.min.js?ver=1.4.1 HTTP/1.1" 200 10056 www.fc-schnaittach.de "https://www.fc-schnaittach.de/" "Mozilla/5.0 (iPhone; CPU iPhone OS 11_2_6 like Mac OS X) AppleWebKit/604.5.6 (KHTML, like Gecko) Version/11.0 Mobile/15D100 Safari/604.1" "-"
109.41.194.9 - - [13/May/2018:14:24:20 +0200] "GET /wp-content/themes/fcs/css/jquery.smartmenus.bootstrap.css?ver=1418749976 HTTP/1.1" 200 3128 www.fc-schnaittach.de "https://www.fc-schnaittach.de/" "Mozilla/5.0 (iPhone; CPU iPhone OS 11_2_6 like Mac OS X) AppleWebKit/604.5.6 (KHTML, like Gecko) Version/11.0 Mobile/15D100 Safari/604.1" "-"
109.41.194.9 - - [13/May/2018:14:24:20 +0200] "GET /wp-content/themes/fcs/style.css?ver=1460744932 HTTP/1.1" 200 22587 www.fc-schnaittach.de "https://www.fc-schnaittach.de/" "Mozilla/5.0 (iPhone; CPU iPhone OS 11_2_6 like Mac OS X) AppleWebKit/604.5.6 (KHTML, like Gecko) Version/11.0 Mobile/15D100 Safari/604.1" "-"
109.41.194.9 - - [13/May/2018:14:24:20 +0200] "GET /wp-content/themes/fcs/images/production/FcsWappen.png?ver=1487205002 HTTP/1.1" 200 12482 www.fc-schnaittach.de "https://www.fc-schnaittach.de/" "Mozilla/5.0 (iPhone; CPU iPhone OS 11_2_6 like Mac OS X) AppleWebKit/604.5.6 (KHTML, like Gecko) Version/11.0 Mobile/15D100 Safari/604.1" "-"
109.41.194.9 - - [13/May/2018:14:24:20 +0200] "GET /wp-content/themes/fcs/images/production/Transparent.png?ver=1487205002 HTTP/1.1" 200 124 www.fc-schnaittach.de "https://www.fc-schnaittach.de/" "Mozilla/5.0 (iPhone; CPU iPhone OS 11_2_6 like Mac OS X) AppleWebKit/604.5.6 (KHTML, like Gecko) Version/11.0 Mobile/15D100 Safari/604.1" "-"
109.41.194.9 - - [13/May/2018:14:24:20 +0200] "GET /wp-content/themes/fcs/images/production/Transparent.png HTTP/1.1" 200 124 www.fc-schnaittach.de "https://www.fc-schnaittach.de/" "Mozilla/5.0 (iPhone; CPU iPhone OS 11_2_6 like Mac OS X) AppleWebKit/604.5.6 (KHTML, like Gecko) Version/11.0 Mobile/15D100 Safari/604.1" "-"
109.41.194.9 - - [13/May/2018:14:24:20 +0200] "GET /wp-content/themes/fcs/images/production/FcsWappen.png HTTP/1.1" 200 12482 www.fc-schnaittach.de "https://www.fc-schnaittach.de/" "Mozilla/5.0 (iPhone; CPU iPhone OS 11_2_6 like Mac OS X) AppleWebKit/604.5.6 (KHTML, like Gecko) Version/11.0 Mobile/15D100 Safari/604.1" "-"
109.41.194.9 - - [13/May/2018:14:24:20 +0200] "GET /wp-content/themes/fcs/js/fcs.js?ver=1442772175 HTTP/1.1" 200 5542 www.fc-schnaittach.de "https://www.fc-schnaittach.de/" "Mozilla/5.0 (iPhone; CPU iPhone OS 11_2_6 like Mac OS X) AppleWebKit/604.5.6 (KHTML, like Gecko) Version/11.0 Mobile/15D100 Safari/604.1" "-"
109.41.194.9 - - [13/May/2018:14:24:20 +0200] "GET /wp-content/themes/fcs/js/jquery.smartmenus.min.js?ver=1418750004 HTTP/1.1" 200 22672 www.fc-schnaittach.de "https://www.fc-schnaittach.de/" "Mozilla/5.0 (iPhone; CPU iPhone OS 11_2_6 like Mac OS X) AppleWebKit/604.5.6 (KHTML, like Gecko) Version/11.0 Mobile/15D100 Safari/604.1" "-"
109.41.194.9 - - [13/May/2018:14:24:20 +0200] "GET /wp-content/themes/fcs/js/jquery.smartmenus.bootstrap.min.js?ver=1418750004 HTTP/1.1" 200 1252 www.fc-schnaittach.de "https://www.fc-schnaittach.de/" "Mozilla/5.0 (iPhone; CPU iPhone OS 11_2_6 like Mac OS X) AppleWebKit/604.5.6 (KHTML, like Gecko) Version/11.0 Mobile/15D100 Safari/604.1" "-"
109.41.194.9 - - [13/May/2018:14:24:21 +0200] "GET /wp-content/plugins/contact-form-7/includes/js/scripts.js?ver=5.0.1 HTTP/1.1" 200 14551 www.fc-schnaittach.de "https://www.fc-schnaittach.de/" "Mozilla/5.0 (iPhone; CPU iPhone OS 11_2_6 like Mac OS X) AppleWebKit/604.5.6 (KHTML, like Gecko) Version/11.0 Mobile/15D100 Safari/604.1" "-"
109.41.194.9 - - [13/May/2018:14:24:21 +0200] "GET /wp-includes/js/wp-embed.min.js?ver=4.9.5 HTTP/1.1" 200 1398 www.fc-schnaittach.de "https://www.fc-schnaittach.de/" "Mozilla/5.0 (iPhone; CPU iPhone OS 11_2_6 like Mac OS X) AppleWebKit/604.5.6 (KHTML, like Gecko) Version/11.0 Mobile/15D100 Safari/604.1" "-"
109.41.194.9 - - [13/May/2018:14:24:21 +0200] "GET /wp-content/themes/fcs/images/production/Tischtennis_Production.jpg?ver=1487205002 HTTP/1.1" 200 16063 www.fc-schnaittach.de "https://www.fc-schnaittach.de/" "Mozilla/5.0 (iPhone; CPU iPhone OS 11_2_6 like Mac OS X) AppleWebKit/604.5.6 (KHTML, like Gecko) Version/11.0 Mobile/15D100 Safari/604.1" "-"
109.41.194.9 - - [13/May/2018:14:24:21 +0200] "GET /wp-content/themes/fcs/images/production/Fussball_Production.jpg?ver=1487205002 HTTP/1.1" 200 24902 www.fc-schnaittach.de "https://www.fc-schnaittach.de/" "Mozilla/5.0 (iPhone; CPU iPhone OS 11_2_6 like Mac OS X) AppleWebKit/604.5.6 (KHTML, like Gecko) Version/11.0 Mobile/15D100 Safari/604.1" "-"
109.41.194.9 - - [13/May/2018:14:24:21 +0200] "GET /wp-content/themes/fcs/images/production/Budo_Production.jpg?ver=1487205003 HTTP/1.1" 200 9924 www.fc-schnaittach.de "https://www.fc-schnaittach.de/" "Mozilla/5.0 (iPhone; CPU iPhone OS 11_2_6 like Mac OS X) AppleWebKit/604.5.6 (KHTML, like Gecko) Version/11.0 Mobile/15D100 Safari/604.1" "-"
109.41.194.9 - - [13/May/2018:14:24:21 +0200] "GET /wp-content/themes/fcs/images/production/Wandern_Production.jpg?ver=1487205003 HTTP/1.1" 200 16247 www.fc-schnaittach.de "https://www.fc-schnaittach.de/" "Mozilla/5.0 (iPhone; CPU iPhone OS 11_2_6 like Mac OS X) AppleWebKit/604.5.6 (KHTML, like Gecko) Version/11.0 Mobile/15D100 Safari/604.1" "-"
109.41.194.9 - - [13/May/2018:14:24:21 +0200] "GET /wp-content/themes/fcs/images/production/Zumba_Production.jpg?ver=1487205003 HTTP/1.1" 200 54365 www.fc-schnaittach.de "https://www.fc-schnaittach.de/" "Mozilla/5.0 (iPhone; CPU iPhone OS 11_2_6 like Mac OS X) AppleWebKit/604.5.6 (KHTML, like Gecko) Version/11.0 Mobile/15D100 Safari/604.1" "-"
109.41.194.9 - - [13/May/2018:14:24:21 +0200] "GET /wp-content/themes/fcs/images/production/Karate_Production.jpg?ver=1487205002 HTTP/1.1" 200 16055 www.fc-schnaittach.de "https://www.fc-schnaittach.de/" "Mozilla/5.0 (iPhone; CPU iPhone OS 11_2_6 like Mac OS X) AppleWebKit/604.5.6 (KHTML, like Gecko) Version/11.0 Mobile/15D100 Safari/604.1" "-"
109.41.194.9 - - [13/May/2018:14:24:21 +0200] "GET /wp-content/uploads/2018/05/SAM_1762-002-300x225.jpg HTTP/1.1" 200 22206 www.fc-schnaittach.de "https://www.fc-schnaittach.de/" "Mozilla/5.0 (iPhone; CPU iPhone OS 11_2_6 like Mac OS X) AppleWebKit/604.5.6 (KHTML, like Gecko) Version/11.0 Mobile/15D100 Safari/604.1" "-"
85.25.210.234 - - [13/May/2018:14:26:02 +0200] "GET /robots.txt HTTP/1.1" 301 248 www.fc-schnaittach.de "-" "Mozilla/5.0 (compatible; adscanner/)" "-"
85.25.210.234 - - [13/May/2018:14:26:02 +0200] "GET /robots.txt HTTP/1.1" 200 35 www.fc-schnaittach.de "-" "Mozilla/5.0 (compatible; adscanner/)" "-"
85.25.210.234 - - [13/May/2018:14:26:02 +0200] "GET /wp-content/uploads/2018/03/Gel%C3%A4ndekarte_8-1024x594.png HTTP/1.1" 301 297 www.fc-schnaittach.de "-" "Mozilla/5.0 (compatible; adscanner/)" "-"
85.25.210.234 - - [13/May/2018:14:26:05 +0200] "GET /wp-content/uploads/2018/03/Gel%c3%a4ndekarte_8-1024x594.png HTTP/1.1" 200 378336 www.fc-schnaittach.de "-" "Mozilla/5.0 (compatible; adscanner/)" "-"
2a03:2880:2130:3ff1:face:b00c:0:1 - - [13/May/2018:14:29:12 +0200] "GET /wp-content/uploads/2018/03/DIN_A6_Flyer_22.02.2018_1.png HTTP/1.1" 200 205587 www.fc-schnaittach.de "-" "facebookexternalhit/1.1 (+http://www.facebook.com/externalhit_uatext.php)" "-"
194.187.160.94 - - [13/May/2018:14:30:03 +0200] "GET /wp-content/uploads/2014/10/FCS1.jpg HTTP/1.1" 200 108565 www.fc-schnaittach.de "https://www.google.de/" "Mozilla/5.0 (Windows NT 6.1; Win64; x64) AppleWebKit/537.36 (KHTML, like Gecko) Chrome/66.0.3359.117 Safari/537.36" "-"
157.55.39.72 - - [13/May/2018:14:30:32 +0200] "GET /wp-content/uploads/2016/11/Arbenita-Mehmeti-225x300.jpg HTTP/1.1" 200 16918 www.fc-schnaittach.de "-" "Mozilla/5.0 (compatible; bingbot/2.0; +http://www.bing.com/bingbot.htm)" "-"
66.249.64.202 - - [13/May/2018:14:34:10 +0200] "GET /sitemap-pt-post-2015-05.xml HTTP/1.1" 200 607 www.fc-schnaittach.de "-" "Mozilla/5.0 (compatible; Googlebot/2.1; +http://www.google.com/bot.html)" "-"
157.55.39.72 - - [13/May/2018:14:34:39 +0200] "GET /tag/ehrenmitglied/feed/ HTTP/1.1" 200 4336 www.fc-schnaittach.de "-" "Mozilla/5.0 (compatible; bingbot/2.0; +http://www.bing.com/bingbot.htm)" "-"
194.187.170.107 - - [13/May/2018:14:38:35 +0200] "GET /fussball/2-mannschaft/facebook-news/ HTTP/1.1" 200 6932 www.fc-schnaittach.de "-" "Mozilla/5.0 (compatible; Qwantify/2.4w; +https://www.qwant.com/)/2.4w" "-"
66.249.64.202 - - [13/May/2018:14:44:14 +0200] "GET /wp-content/plugins/recently-updated-posts-widget/css/style.css?ver=4.9.4 HTTP/1.1" 301 310 www.fc-schnaittach.de "http://www.fc-schnaittach.de/category/news/" "Mozilla/5.0 (compatible; Googlebot/2.1; +http://www.google.com/bot.html)" "-"
66.249.64.207 - - [13/May/2018:14:44:15 +0200] "GET /wp-content/plugins/recently-updated-posts-widget/css/style.css?ver=4.9.4 HTTP/1.1" 200 45 www.fc-schnaittach.de "http://www.fc-schnaittach.de/category/news/" "Mozilla/5.0 (compatible; Googlebot/2.1; +http://www.google.com/bot.html)" "-"
157.55.39.17 - - [13/May/2018:14:44:33 +0200] "GET /wp-content/uploads/2015/03/Michaela-Boos.jpg HTTP/1.1" 301 282 www.fc-schnaittach.de "-" "Mozilla/5.0 (compatible; bingbot/2.0; +http://www.bing.com/bingbot.htm)" "-"
157.55.39.17 - - [13/May/2018:14:44:40 +0200] "GET /wp-content/uploads/2015/03/Michaela-Boos.jpg HTTP/1.1" 200 847610 www.fc-schnaittach.de "-" "Mozilla/5.0 (compatible; bingbot/2.0; +http://www.bing.com/bingbot.htm)" "-"
194.187.170.107 - - [13/May/2018:14:47:57 +0200] "GET /trainingsauftakt-saison-1617/ HTTP/1.1" 301 23 www.fc-schnaittach.de "-" "Mozilla/5.0 (compatible; Qwantify/2.4w; +https://www.qwant.com/)/2.4w" "-"
194.187.170.107 - - [13/May/2018:14:47:58 +0200] "GET /robots.txt HTTP/1.1" 200 35 www.fc-schnaittach.de "-" "Mozilla/5.0 (compatible; Qwantify/2.4w; +https://www.qwant.com/)/2.4w" "-"
194.187.170.107 - - [13/May/2018:14:47:58 +0200] "GET /fussball/1-mannschaft/trainingsauftakt-saison-1617/ HTTP/1.1" 200 7581 www.fc-schnaittach.de "-" "Mozilla/5.0 (compatible; Qwantify/2.4w; +https://www.qwant.com/)/2.4w" "-"
54.37.151.0 - - [13/May/2018:14:48:48 +0200] "GET /wp-content/uploads/2014/12/tt-2017-300x201.jpg HTTP/1.1" 301 284 www.fc-schnaittach.de "-" "-" "-"
54.36.149.82 - - [13/May/2018:14:49:42 +0200] "GET /wp-content/uploads/2016/12/IMG_9912.jpg HTTP/1.1" 200 1300784 www.fc-schnaittach.de "-" "Mozilla/5.0 (compatible; AhrefsBot/5.2; +http://ahrefs.com/robot/)" "-"
217.69.133.228 - - [13/May/2018:14:52:14 +0200] "GET /robots.txt HTTP/1.1" 301 248 www.fc-schnaittach.de "-" "Mozilla/5.0 (compatible; Linux x86_64; Mail.RU_Bot/2.0; +http://go.mail.ru/help/robots)" "-"
217.69.133.228 - - [13/May/2018:14:52:32 +0200] "GET /sitemap-pt-page-2015-06.xml HTTP/1.1" 200 610 www.fc-schnaittach.de "-" "Mozilla/5.0 (compatible; Linux x86_64; Mail.RU_Bot/2.0; +http://go.mail.ru/help/robots)" "-"
157.55.39.17 - - [13/May/2018:14:52:57 +0200] "GET /wp-content/uploads/2016/11/Julietta-Fano.jpg HTTP/1.1" 301 282 www.fc-schnaittach.de "-" "Mozilla/5.0 (compatible; bingbot/2.0; +http://www.bing.com/bingbot.htm)" "-"
157.55.39.17 - - [13/May/2018:14:53:03 +0200] "GET /wp-content/uploads/2016/11/Julietta-Fano.jpg HTTP/1.1" 200 1068581 www.fc-schnaittach.de "-" "Mozilla/5.0 (compatible; bingbot/2.0; +http://www.bing.com/bingbot.htm)" "-"
54.37.21.107 - - [13/May/2018:14:54:16 +0200] "GET /wp-content/uploads/2015/04/BFV.png HTTP/1.1" 301 272 www.fc-schnaittach.de "-" "-" "-"
2003:c2:c71a:427b:c40a:30dd:b435:e49f - - [13/May/2018:14:56:37 +0200] "GET / HTTP/1.1" 200 7771 www.fc-schnaittach.de "https://www.google.de/" "Mozilla/5.0 (iPhone; CPU iPhone OS 11_3 like Mac OS X) AppleWebKit/605.1.15 (KHTML, like Gecko) Version/11.0 Mobile/15E148 Safari/604.1" "-"
2003:c2:c71a:427b:c40a:30dd:b435:e49f - - [13/May/2018:14:56:38 +0200] "GET /wp-includes/js/wp-emoji-release.min.js?ver=4.9.5 HTTP/1.1" 200 11721 www.fc-schnaittach.de "https://www.fc-schnaittach.de/" "Mozilla/5.0 (iPhone; CPU iPhone OS 11_3 like Mac OS X) AppleWebKit/605.1.15 (KHTML, like Gecko) Version/11.0 Mobile/15E148 Safari/604.1" "-"
2003:c2:c71a:427b:c40a:30dd:b435:e49f - - [13/May/2018:14:56:38 +0200] "GET /wp-content/plugins/contact-form-7/includes/css/styles.css?ver=5.0.1 HTTP/1.1" 200 1683 www.fc-schnaittach.de "https://www.fc-schnaittach.de/" "Mozilla/5.0 (iPhone; CPU iPhone OS 11_3 like Mac OS X) AppleWebKit/605.1.15 (KHTML, like Gecko) Version/11.0 Mobile/15E148 Safari/604.1" "-"
2003:c2:c71a:427b:c40a:30dd:b435:e49f - - [13/May/2018:14:56:38 +0200] "GET /wp-content/plugins/feedzy-rss-feeds/css/feedzy-rss-feeds.css?ver=3.2.10 HTTP/1.1" 200 9822 www.fc-schnaittach.de "https://www.fc-schnaittach.de/" "Mozilla/5.0 (iPhone; CPU iPhone OS 11_3 like Mac OS X) AppleWebKit/605.1.15 (KHTML, like Gecko) Version/11.0 Mobile/15E148 Safari/604.1" "-"
2003:c2:c71a:427b:c40a:30dd:b435:e49f - - [13/May/2018:14:56:38 +0200] "GET /wp-content/plugins/recently-updated-posts-widget/css/style.css?ver=4.9.5 HTTP/1.1" 200 45 www.fc-schnaittach.de "https://www.fc-schnaittach.de/" "Mozilla/5.0 (iPhone; CPU iPhone OS 11_3 like Mac OS X) AppleWebKit/605.1.15 (KHTML, like Gecko) Version/11.0 Mobile/15E148 Safari/604.1" "-"
2003:c2:c71a:427b:c40a:30dd:b435:e49f - - [13/May/2018:14:56:38 +0200] "GET /wp-content/plugins/user-access-manager/assets/css/uamLoginForm.css?ver=2.1.11 HTTP/1.1" 200 468 www.fc-schnaittach.de "https://www.fc-schnaittach.de/" "Mozilla/5.0 (iPhone; CPU iPhone OS 11_3 like Mac OS X) AppleWebKit/605.1.15 (KHTML, like Gecko) Version/11.0 Mobile/15E148 Safari/604.1" "-"
2003:c2:c71a:427b:c40a:30dd:b435:e49f - - [13/May/2018:14:56:38 +0200] "GET /wp-includes/js/jquery/jquery.js?ver=1.12.4 HTTP/1.1" 200 97184 www.fc-schnaittach.de "https://www.fc-schnaittach.de/" "Mozilla/5.0 (iPhone; CPU iPhone OS 11_3 like Mac OS X) AppleWebKit/605.1.15 (KHTML, like Gecko) Version/11.0 Mobile/15E148 Safari/604.1" "-"
2003:c2:c71a:427b:c40a:30dd:b435:e49f - - [13/May/2018:14:56:38 +0200] "GET /wp-includes/js/jquery/jquery-migrate.min.js?ver=1.4.1 HTTP/1.1" 200 10056 www.fc-schnaittach.de "https://www.fc-schnaittach.de/" "Mozilla/5.0 (iPhone; CPU iPhone OS 11_3 like Mac OS X) AppleWebKit/605.1.15 (KHTML, like Gecko) Version/11.0 Mobile/15E148 Safari/604.1" "-"
2003:c2:c71a:427b:c40a:30dd:b435:e49f - - [13/May/2018:14:56:38 +0200] "GET /wp-content/themes/fcs/css/jquery.smartmenus.bootstrap.css?ver=1418749976 HTTP/1.1" 200 3128 www.fc-schnaittach.de "https://www.fc-schnaittach.de/" "Mozilla/5.0 (iPhone; CPU iPhone OS 11_3 like Mac OS X) AppleWebKit/605.1.15 (KHTML, like Gecko) Version/11.0 Mobile/15E148 Safari/604.1" "-"
2003:c2:c71a:427b:c40a:30dd:b435:e49f - - [13/May/2018:14:56:38 +0200] "GET /wp-content/themes/fcs/style.css?ver=1460744932 HTTP/1.1" 200 22587 www.fc-schnaittach.de "https://www.fc-schnaittach.de/" "Mozilla/5.0 (iPhone; CPU iPhone OS 11_3 like Mac OS X) AppleWebKit/605.1.15 (KHTML, like Gecko) Version/11.0 Mobile/15E148 Safari/604.1" "-"
2003:c2:c71a:427b:c40a:30dd:b435:e49f - - [13/May/2018:14:56:38 +0200] "GET /wp-content/themes/fcs/images/production/FcsWappen.png?ver=1487205002 HTTP/1.1" 200 12482 www.fc-schnaittach.de "https://www.fc-schnaittach.de/" "Mozilla/5.0 (iPhone; CPU iPhone OS 11_3 like Mac OS X) AppleWebKit/605.1.15 (KHTML, like Gecko) Version/11.0 Mobile/15E148 Safari/604.1" "-"
2003:c2:c71a:427b:c40a:30dd:b435:e49f - - [13/May/2018:14:56:38 +0200] "GET /wp-content/themes/fcs/images/production/Transparent.png?ver=1487205002 HTTP/1.1" 200 124 www.fc-schnaittach.de "https://www.fc-schnaittach.de/" "Mozilla/5.0 (iPhone; CPU iPhone OS 11_3 like Mac OS X) AppleWebKit/605.1.15 (KHTML, like Gecko) Version/11.0 Mobile/15E148 Safari/604.1" "-"
2003:c2:c71a:427b:c40a:30dd:b435:e49f - - [13/May/2018:14:56:38 +0200] "GET /wp-content/themes/fcs/images/production/Transparent.png HTTP/1.1" 200 124 www.fc-schnaittach.de "https://www.fc-schnaittach.de/" "Mozilla/5.0 (iPhone; CPU iPhone OS 11_3 like Mac OS X) AppleWebKit/605.1.15 (KHTML, like Gecko) Version/11.0 Mobile/15E148 Safari/604.1" "-"
2003:c2:c71a:427b:c40a:30dd:b435:e49f - - [13/May/2018:14:56:38 +0200] "GET /wp-content/themes/fcs/images/production/FcsWappen.png HTTP/1.1" 200 12482 www.fc-schnaittach.de "https://www.fc-schnaittach.de/" "Mozilla/5.0 (iPhone; CPU iPhone OS 11_3 like Mac OS X) AppleWebKit/605.1.15 (KHTML, like Gecko) Version/11.0 Mobile/15E148 Safari/604.1" "-"
2003:c2:c71a:427b:c40a:30dd:b435:e49f - - [13/May/2018:14:56:38 +0200] "GET /wp-content/themes/fcs/js/fcs.js?ver=1442772175 HTTP/1.1" 200 5542 www.fc-schnaittach.de "https://www.fc-schnaittach.de/" "Mozilla/5.0 (iPhone; CPU iPhone OS 11_3 like Mac OS X) AppleWebKit/605.1.15 (KHTML, like Gecko) Version/11.0 Mobile/15E148 Safari/604.1" "-"
2003:c2:c71a:427b:c40a:30dd:b435:e49f - - [13/May/2018:14:56:38 +0200] "GET /wp-content/themes/fcs/js/jquery.smartmenus.min.js?ver=1418750004 HTTP/1.1" 200 22672 www.fc-schnaittach.de "https://www.fc-schnaittach.de/" "Mozilla/5.0 (iPhone; CPU iPhone OS 11_3 like Mac OS X) AppleWebKit/605.1.15 (KHTML, like Gecko) Version/11.0 Mobile/15E148 Safari/604.1" "-"
2003:c2:c71a:427b:c40a:30dd:b435:e49f - - [13/May/2018:14:56:39 +0200] "GET /wp-content/themes/fcs/js/jquery.smartmenus.bootstrap.min.js?ver=1418750004 HTTP/1.1" 200 1252 www.fc-schnaittach.de "https://www.fc-schnaittach.de/" "Mozilla/5.0 (iPhone; CPU iPhone OS 11_3 like Mac OS X) AppleWebKit/605.1.15 (KHTML, like Gecko) Version/11.0 Mobile/15E148 Safari/604.1" "-"
2003:c2:c71a:427b:c40a:30dd:b435:e49f - - [13/May/2018:14:56:39 +0200] "GET /wp-content/plugins/contact-form-7/includes/js/scripts.js?ver=5.0.1 HTTP/1.1" 200 14551 www.fc-schnaittach.de "https://www.fc-schnaittach.de/" "Mozilla/5.0 (iPhone; CPU iPhone OS 11_3 like Mac OS X) AppleWebKit/605.1.15 (KHTML, like Gecko) Version/11.0 Mobile/15E148 Safari/604.1" "-"
2003:c2:c71a:427b:c40a:30dd:b435:e49f - - [13/May/2018:14:56:39 +0200] "GET /wp-includes/js/wp-embed.min.js?ver=4.9.5 HTTP/1.1" 200 1398 www.fc-schnaittach.de "https://www.fc-schnaittach.de/" "Mozilla/5.0 (iPhone; CPU iPhone OS 11_3 like Mac OS X) AppleWebKit/605.1.15 (KHTML, like Gecko) Version/11.0 Mobile/15E148 Safari/604.1" "-"
2003:c2:c71a:427b:c40a:30dd:b435:e49f - - [13/May/2018:14:56:39 +0200] "GET /wp-content/themes/fcs/images/production/Tischtennis_Production.jpg?ver=1487205002 HTTP/1.1" 200 16063 www.fc-schnaittach.de "https://www.fc-schnaittach.de/" "Mozilla/5.0 (iPhone; CPU iPhone OS 11_3 like Mac OS X) AppleWebKit/605.1.15 (KHTML, like Gecko) Version/11.0 Mobile/15E148 Safari/604.1" "-"
2003:c2:c71a:427b:c40a:30dd:b435:e49f - - [13/May/2018:14:56:39 +0200] "GET /wp-content/themes/fcs/images/production/Fussball_Production.jpg?ver=1487205002 HTTP/1.1" 200 24902 www.fc-schnaittach.de "https://www.fc-schnaittach.de/" "Mozilla/5.0 (iPhone; CPU iPhone OS 11_3 like Mac OS X) AppleWebKit/605.1.15 (KHTML, like Gecko) Version/11.0 Mobile/15E148 Safari/604.1" "-"
2003:c2:c71a:427b:c40a:30dd:b435:e49f - - [13/May/2018:14:56:39 +0200] "GET /wp-content/themes/fcs/images/production/Budo_Production.jpg?ver=1487205003 HTTP/1.1" 200 9924 www.fc-schnaittach.de "https://www.fc-schnaittach.de/" "Mozilla/5.0 (iPhone; CPU iPhone OS 11_3 like Mac OS X) AppleWebKit/605.1.15 (KHTML, like Gecko) Version/11.0 Mobile/15E148 Safari/604.1" "-"
2003:c2:c71a:427b:c40a:30dd:b435:e49f - - [13/May/2018:14:56:39 +0200] "GET /wp-content/themes/fcs/images/production/Wandern_Production.jpg?ver=1487205003 HTTP/1.1" 200 16247 www.fc-schnaittach.de "https://www.fc-schnaittach.de/" "Mozilla/5.0 (iPhone; CPU iPhone OS 11_3 like Mac OS X) AppleWebKit/605.1.15 (KHTML, like Gecko) Version/11.0 Mobile/15E148 Safari/604.1" "-"
2003:c2:c71a:427b:c40a:30dd:b435:e49f - - [13/May/2018:14:56:39 +0200] "GET /wp-content/themes/fcs/images/production/Zumba_Production.jpg?ver=1487205003 HTTP/1.1" 200 54365 www.fc-schnaittach.de "https://www.fc-schnaittach.de/" "Mozilla/5.0 (iPhone; CPU iPhone OS 11_3 like Mac OS X) AppleWebKit/605.1.15 (KHTML, like Gecko) Version/11.0 Mobile/15E148 Safari/604.1" "-"
2003:c2:c71a:427b:c40a:30dd:b435:e49f - - [13/May/2018:14:56:39 +0200] "GET /wp-content/themes/fcs/images/production/Karate_Production.jpg?ver=1487205002 HTTP/1.1" 200 16055 www.fc-schnaittach.de "https://www.fc-schnaittach.de/" "Mozilla/5.0 (iPhone; CPU iPhone OS 11_3 like Mac OS X) AppleWebKit/605.1.15 (KHTML, like Gecko) Version/11.0 Mobile/15E148 Safari/604.1" "-"
2003:c2:c71a:427b:c40a:30dd:b435:e49f - - [13/May/2018:14:56:39 +0200] "GET /wp-content/uploads/2018/05/SAM_1762-002-300x225.jpg HTTP/1.1" 200 22206 www.fc-schnaittach.de "https://www.fc-schnaittach.de/" "Mozilla/5.0 (iPhone; CPU iPhone OS 11_3 like Mac OS X) AppleWebKit/605.1.15 (KHTML, like Gecko) Version/11.0 Mobile/15E148 Safari/604.1" "-"
2003:c2:c71a:427b:c40a:30dd:b435:e49f - - [13/May/2018:14:56:40 +0200] "GET /1-mannschaft/ HTTP/1.1" 301 23 www.fc-schnaittach.de "https://www.fc-schnaittach.de/" "Mozilla/5.0 (iPhone; CPU iPhone OS 11_3 like Mac OS X) AppleWebKit/605.1.15 (KHTML, like Gecko) Version/11.0 Mobile/15E148 Safari/604.1" "-"
2003:c2:c71a:427b:c40a:30dd:b435:e49f - - [13/May/2018:14:56:40 +0200] "GET /fussball/1-mannschaft/ HTTP/1.1" 200 7390 www.fc-schnaittach.de "https://www.fc-schnaittach.de/" "Mozilla/5.0 (iPhone; CPU iPhone OS 11_3 like Mac OS X) AppleWebKit/605.1.15 (KHTML, like Gecko) Version/11.0 Mobile/15E148 Safari/604.1" "-"
2003:c2:c71a:427b:c40a:30dd:b435:e49f - - [13/May/2018:14:56:41 +0200] "GET /wp-content/uploads/2015/04/feedIcon.png HTTP/1.1" 301 277 www.fc-schnaittach.de "-" "Mozilla/5.0 (iPhone; CPU iPhone OS 11_3 like Mac OS X) AppleWebKit/605.1.15 (KHTML, like Gecko) Version/11.0 Mobile/15E148 Safari/604.1" "-"
2003:c2:c71a:427b:c40a:30dd:b435:e49f - - [13/May/2018:14:56:41 +0200] "GET /wp-content/uploads/2015/04/BFV.png HTTP/1.1" 301 272 www.fc-schnaittach.de "-" "Mozilla/5.0 (iPhone; CPU iPhone OS 11_3 like Mac OS X) AppleWebKit/605.1.15 (KHTML, like Gecko) Version/11.0 Mobile/15E148 Safari/604.1" "-"
2003:c2:c71a:427b:c40a:30dd:b435:e49f - - [13/May/2018:14:56:41 +0200] "GET /wp-content/uploads/2015/04/feedIcon.png HTTP/1.1" 200 1211 www.fc-schnaittach.de "-" "Mozilla/5.0 (iPhone; CPU iPhone OS 11_3 like Mac OS X) AppleWebKit/605.1.15 (KHTML, like Gecko) Version/11.0 Mobile/15E148 Safari/604.1" "-"
2003:c2:c71a:427b:c40a:30dd:b435:e49f - - [13/May/2018:14:56:41 +0200] "GET /wp-content/uploads/2015/04/BFV.png HTTP/1.1" 200 5443 www.fc-schnaittach.de "-" "Mozilla/5.0 (iPhone; CPU iPhone OS 11_3 like Mac OS X) AppleWebKit/605.1.15 (KHTML, like Gecko) Version/11.0 Mobile/15E148 Safari/604.1" "-"
2003:c2:c71a:427b:c40a:30dd:b435:e49f - - [13/May/2018:14:56:44 +0200] "GET /fussball/2-mannschaft/ HTTP/1.1" 200 9339 www.fc-schnaittach.de "https://www.fc-schnaittach.de/fussball/1-mannschaft/" "Mozilla/5.0 (iPhone; CPU iPhone OS 11_3 like Mac OS X) AppleWebKit/605.1.15 (KHTML, like Gecko) Version/11.0 Mobile/15E148 Safari/604.1" "-"
2003:c2:c71a:427b:c40a:30dd:b435:e49f - - [13/May/2018:14:56:44 +0200] "GET /wp-content/uploads/2014/10/Mannschaftsbild-16_17-mit-Verantwortlichen-768x525.jpg HTTP/1.1" 200 129113 www.fc-schnaittach.de "https://www.fc-schnaittach.de/fussball/2-mannschaft/" "Mozilla/5.0 (iPhone; CPU iPhone OS 11_3 like Mac OS X) AppleWebKit/605.1.15 (KHTML, like Gecko) Version/11.0 Mobile/15E148 Safari/604.1" "-"
2003:c2:c71a:427b:c40a:30dd:b435:e49f - - [13/May/2018:14:56:44 +0200] "GET /wp-content/uploads/2014/10/W_Dennerlein.jpg HTTP/1.1" 200 132337 www.fc-schnaittach.de "https://www.fc-schnaittach.de/fussball/2-mannschaft/" "Mozilla/5.0 (iPhone; CPU iPhone OS 11_3 like Mac OS X) AppleWebKit/605.1.15 (KHTML, like Gecko) Version/11.0 Mobile/15E148 Safari/604.1" "-"
2003:c2:c71a:427b:c40a:30dd:b435:e49f - - [13/May/2018:14:56:45 +0200] "GET /wp-content/uploads/2014/10/T_Tyrach.jpg HTTP/1.1" 200 124533 www.fc-schnaittach.de "https://www.fc-schnaittach.de/fussball/2-mannschaft/" "Mozilla/5.0 (iPhone; CPU iPhone OS 11_3 like Mac OS X) AppleWebKit/605.1.15 (KHTML, like Gecko) Version/11.0 Mobile/15E148 Safari/604.1" "-"
2003:c2:c71a:427b:c40a:30dd:b435:e49f - - [13/May/2018:14:56:45 +0200] "GET /wp-content/uploads/2014/10/Dieter_K%C3%BCnzel-768x755.jpg HTTP/1.1" 200 90920 www.fc-schnaittach.de "https://www.fc-schnaittach.de/fussball/2-mannschaft/" "Mozilla/5.0 (iPhone; CPU iPhone OS 11_3 like Mac OS X) AppleWebKit/605.1.15 (KHTML, like Gecko) Version/11.0 Mobile/15E148 Safari/604.1" "-"
2003:c2:c71a:427b:c40a:30dd:b435:e49f - - [13/May/2018:14:56:45 +0200] "GET /wp-content/uploads/2014/10/M_Paszek.jpg HTTP/1.1" 200 116125 www.fc-schnaittach.de "https://www.fc-schnaittach.de/fussball/2-mannschaft/" "Mozilla/5.0 (iPhone; CPU iPhone OS 11_3 like Mac OS X) AppleWebKit/605.1.15 (KHTML, like Gecko) Version/11.0 Mobile/15E148 Safari/604.1" "-"
2003:c2:c71a:427b:c40a:30dd:b435:e49f - - [13/May/2018:14:56:45 +0200] "GET /wp-content/uploads/2014/10/C_Sieler.jpg HTTP/1.1" 200 105191 www.fc-schnaittach.de "https://www.fc-schnaittach.de/fussball/2-mannschaft/" "Mozilla/5.0 (iPhone; CPU iPhone OS 11_3 like Mac OS X) AppleWebKit/605.1.15 (KHTML, like Gecko) Version/11.0 Mobile/15E148 Safari/604.1" "-"
2003:c2:c71a:427b:c40a:30dd:b435:e49f - - [13/May/2018:14:56:45 +0200] "GET /wp-content/uploads/2014/10/Alexander_Werner-768x576.jpg HTTP/1.1" 200 72135 www.fc-schnaittach.de "https://www.fc-schnaittach.de/fussball/2-mannschaft/" "Mozilla/5.0 (iPhone; CPU iPhone OS 11_3 like Mac OS X) AppleWebKit/605.1.15 (KHTML, like Gecko) Version/11.0 Mobile/15E148 Safari/604.1" "-"
2003:c2:c71a:427b:c40a:30dd:b435:e49f - - [13/May/2018:14:56:45 +0200] "GET /wp-content/uploads/2014/10/Johannes_D%C3%B6th-768x576.jpg HTTP/1.1" 200 69471 www.fc-schnaittach.de "https://www.fc-schnaittach.de/fussball/2-mannschaft/" "Mozilla/5.0 (iPhone; CPU iPhone OS 11_3 like Mac OS X) AppleWebKit/605.1.15 (KHTML, like Gecko) Version/11.0 Mobile/15E148 Safari/604.1" "-"
2003:c2:c71a:427b:c40a:30dd:b435:e49f - - [13/May/2018:14:56:45 +0200] "GET /wp-content/uploads/2014/10/F_Wazlav.jpg HTTP/1.1" 200 109466 www.fc-schnaittach.de "https://www.fc-schnaittach.de/fussball/2-mannschaft/" "Mozilla/5.0 (iPhone; CPU iPhone OS 11_3 like Mac OS X) AppleWebKit/605.1.15 (KHTML, like Gecko) Version/11.0 Mobile/15E148 Safari/604.1" "-"
2003:c2:c71a:427b:c40a:30dd:b435:e49f - - [13/May/2018:14:56:45 +0200] "GET /wp-content/uploads/2014/10/Christian_Gulitsch-768x576.jpg HTTP/1.1" 200 69866 www.fc-schnaittach.de "https://www.fc-schnaittach.de/fussball/2-mannschaft/" "Mozilla/5.0 (iPhone; CPU iPhone OS 11_3 like Mac OS X) AppleWebKit/605.1.15 (KHTML, like Gecko) Version/11.0 Mobile/15E148 Safari/604.1" "-"
2003:c2:c71a:427b:c40a:30dd:b435:e49f - - [13/May/2018:14:56:45 +0200] "GET /wp-content/uploads/2014/10/Jonas_Weigel-768x576.jpg HTTP/1.1" 200 72975 www.fc-schnaittach.de "https://www.fc-schnaittach.de/fussball/2-mannschaft/" "Mozilla/5.0 (iPhone; CPU iPhone OS 11_3 like Mac OS X) AppleWebKit/605.1.15 (KHTML, like Gecko) Version/11.0 Mobile/15E148 Safari/604.1" "-"
2003:c2:c71a:427b:c40a:30dd:b435:e49f - - [13/May/2018:14:56:45 +0200] "GET /wp-content/uploads/2014/10/A_Lenz.jpg HTTP/1.1" 200 105664 www.fc-schnaittach.de "https://www.fc-schnaittach.de/fussball/2-mannschaft/" "Mozilla/5.0 (iPhone; CPU iPhone OS 11_3 like Mac OS X) AppleWebKit/605.1.15 (KHTML, like Gecko) Version/11.0 Mobile/15E148 Safari/604.1" "-"
2003:c2:c71a:427b:c40a:30dd:b435:e49f - - [13/May/2018:14:56:45 +0200] "GET /wp-content/uploads/2014/10/M_Wazlav.jpg HTTP/1.1" 200 132583 www.fc-schnaittach.de "https://www.fc-schnaittach.de/fussball/2-mannschaft/" "Mozilla/5.0 (iPhone; CPU iPhone OS 11_3 like Mac OS X) AppleWebKit/605.1.15 (KHTML, like Gecko) Version/11.0 Mobile/15E148 Safari/604.1" "-"
2003:c2:c71a:427b:c40a:30dd:b435:e49f - - [13/May/2018:14:56:45 +0200] "GET /wp-content/uploads/2014/10/P1018315-768x576.jpg HTTP/1.1" 200 67704 www.fc-schnaittach.de "https://www.fc-schnaittach.de/fussball/2-mannschaft/" "Mozilla/5.0 (iPhone; CPU iPhone OS 11_3 like Mac OS X) AppleWebKit/605.1.15 (KHTML, like Gecko) Version/11.0 Mobile/15E148 Safari/604.1" "-"
2003:c2:c71a:427b:c40a:30dd:b435:e49f - - [13/May/2018:14:56:45 +0200] "GET /wp-content/uploads/2014/10/P1018313-768x576.jpg HTTP/1.1" 200 62115 www.fc-schnaittach.de "https://www.fc-schnaittach.de/fussball/2-mannschaft/" "Mozilla/5.0 (iPhone; CPU iPhone OS 11_3 like Mac OS X) AppleWebKit/605.1.15 (KHTML, like Gecko) Version/11.0 Mobile/15E148 Safari/604.1" "-"
2003:c2:c71a:427b:c40a:30dd:b435:e49f - - [13/May/2018:14:56:45 +0200] "GET /wp-content/uploads/2014/10/P1018318-768x576.jpg HTTP/1.1" 200 63721 www.fc-schnaittach.de "https://www.fc-schnaittach.de/fussball/2-mannschaft/" "Mozilla/5.0 (iPhone; CPU iPhone OS 11_3 like Mac OS X) AppleWebKit/605.1.15 (KHTML, like Gecko) Version/11.0 Mobile/15E148 Safari/604.1" "-"
2003:c2:c71a:427b:c40a:30dd:b435:e49f - - [13/May/2018:14:56:45 +0200] "GET /wp-content/uploads/2014/10/Cosmin_Mihaes-768x752.jpg HTTP/1.1" 200 89207 www.fc-schnaittach.de "https://www.fc-schnaittach.de/fussball/2-mannschaft/" "Mozilla/5.0 (iPhone; CPU iPhone OS 11_3 like Mac OS X) AppleWebKit/605.1.15 (KHTML, like Gecko) Version/11.0 Mobile/15E148 Safari/604.1" "-"
2003:c2:c71a:427b:c40a:30dd:b435:e49f - - [13/May/2018:14:56:45 +0200] "GET /wp-content/uploads/2014/10/P1018319-768x576.jpg HTTP/1.1" 200 66931 www.fc-schnaittach.de "https://www.fc-schnaittach.de/fussball/2-mannschaft/" "Mozilla/5.0 (iPhone; CPU iPhone OS 11_3 like Mac OS X) AppleWebKit/605.1.15 (KHTML, like Gecko) Version/11.0 Mobile/15E148 Safari/604.1" "-"
2003:c2:c71a:427b:c40a:30dd:b435:e49f - - [13/May/2018:14:56:45 +0200] "GET /wp-content/uploads/2014/10/P1018312-768x576.jpg HTTP/1.1" 200 62442 www.fc-schnaittach.de "https://www.fc-schnaittach.de/fussball/2-mannschaft/" "Mozilla/5.0 (iPhone; CPU iPhone OS 11_3 like Mac OS X) AppleWebKit/605.1.15 (KHTML, like Gecko) Version/11.0 Mobile/15E148 Safari/604.1" "-"
