144.76.22.239 - - [08/May/2018:00:00:03 +0200] "GET /sporterlebnistag-am-1-juni/feed/ HTTP/1.1" 200 560 www.fc-schnaittach.de "-" "Mozilla/5.0 (Windows; U; Windows NT 6.0; en-GB; rv:1.0; trendictionbot0.5.0; trendiction search; http://www.trendiction.de/bot; please let us know of any problems; web at trendiction.com) Gecko/20071127 Firefox/3.0.0.11" "-"
144.76.22.242 - - [08/May/2018:00:04:24 +0200] "GET /tischtennis/herren-3/feed/ HTTP/1.1" 200 549 www.fc-schnaittach.de "-" "Mozilla/5.0 (Windows; U; Windows NT 6.0; en-GB; rv:1.0; trendictionbot0.5.0; trendiction search; http://www.trendiction.de/bot; please let us know of any problems; web at trendiction.com) Gecko/20071127 Firefox/3.0.0.11" "-"
144.76.22.239 - - [08/May/2018:00:08:51 +0200] "GET /sporterlebnistag-am-1-juni/feed/ HTTP/1.1" 200 557 www.fc-schnaittach.de "-" "Mozilla/5.0 (Windows; U; Windows NT 6.0; en-GB; rv:1.0; trendictionbot0.5.0; trendiction search; http://www.trendiction.de/bot; please let us know of any problems; web at trendiction.com) Gecko/20071127 Firefox/3.0.0.11" "-"
40.77.167.86 - - [08/May/2018:00:09:01 +0200] "GET /sitemap-pt-post-2017-06.xml HTTP/1.1" 200 628 www.fc-schnaittach.de "-" "Mozilla/5.0 (compatible; bingbot/2.0; +http://www.bing.com/bingbot.htm)" "-"
66.249.66.16 - - [08/May/2018:00:11:21 +0200] "GET /robots.txt HTTP/1.1" 200 35 fc-schnaittach.de "-" "Mozilla/5.0 (compatible; Googlebot/2.1; +http://www.google.com/bot.html)" "-"
217.160.63.10 - - [08/May/2018:00:11:22 +0200] "POST /wp-cron.php?doing_wp_cron=1525731082.4123020172119140625000 HTTP/1.1" 200 23 www.fc-schnaittach.de "https://www.fc-schnaittach.de/wp-cron.php?doing_wp_cron=1525731082.4123020172119140625000" "WordPress/4.9.5; https://www.fc-schnaittach.de" "-"
66.249.66.20 - - [08/May/2018:00:11:22 +0200] "GET / HTTP/1.1" 301 23 fc-schnaittach.de "-" "Mozilla/5.0 (Linux; Android 6.0.1; Nexus 5X Build/MMB29P) AppleWebKit/537.36 (KHTML, like Gecko) Chrome/41.0.2272.96 Mobile Safari/537.36 (compatible; Googlebot/2.1; +http://www.google.com/bot.html)" "-"
66.249.66.149 - - [08/May/2018:00:11:26 +0200] "GET /wp-content/plugins/user-access-manager/assets/css/uamLoginForm.css?ver=2.1.11 HTTP/1.1" 200 468 www.fc-schnaittach.de "https://www.fc-schnaittach.de/" "Mozilla/5.0 (compatible; Googlebot/2.1; +http://www.google.com/bot.html)" "-"
207.46.13.36 - - [08/May/2018:00:11:29 +0200] "GET /category/startseite/feed/ HTTP/1.1" 200 7948 www.fc-schnaittach.de "-" "Mozilla/5.0 (compatible; bingbot/2.0; +http://www.bing.com/bingbot.htm)" "-"
2a03:2880:2111:bfc3:face:b00c:0:8000 - - [08/May/2018:00:11:47 +0200] "GET /wp-content/uploads/2018/03/DIN_A6_Flyer_22.02.2018_1.png HTTP/1.1" 200 205587 www.fc-schnaittach.de "-" "facebookexternalhit/1.1 (+http://www.facebook.com/externalhit_uatext.php)" "-"
144.76.22.237 - - [08/May/2018:00:14:08 +0200] "GET /mitgliederversammlung-am-17-03/feed/ HTTP/1.1" 200 562 www.fc-schnaittach.de "-" "Mozilla/5.0 (Windows; U; Windows NT 6.0; en-GB; rv:1.0; trendictionbot0.5.0; trendiction search; http://www.trendiction.de/bot; please let us know of any problems; web at trendiction.com) Gecko/20071127 Firefox/3.0.0.11" "-"
144.76.22.236 - - [08/May/2018:00:14:23 +0200] "GET /robots.txt HTTP/1.1" 301 248 www.fc-schnaittach.de "-" "Mozilla/5.0 (Windows; U; Windows NT 6.0; en-GB; rv:1.0; trendictionbot0.5.0; trendiction search; http://www.trendiction.de/bot; please let us know of any problems; web at trendiction.com) Gecko/20071127 Firefox/3.0.0.11" "-"
144.76.22.236 - - [08/May/2018:00:14:25 +0200] "GET /tagesausflug-nach-volkach/comments/feed/ HTTP/1.1" 301 23 www.fc-schnaittach.de "-" "Mozilla/5.0 (Windows; U; Windows NT 6.0; en-GB; rv:1.0; trendictionbot0.5.0; trendiction search; http://www.trendiction.de/bot; please let us know of any problems; web at trendiction.com) Gecko/20071127 Firefox/3.0.0.11" "-"
144.76.22.236 - - [08/May/2018:00:14:26 +0200] "GET /tagesausflug-nach-volkach/feed/ HTTP/1.1" 200 556 www.fc-schnaittach.de "http://www.fc-schnaittach.de/tagesausflug-nach-volkach/comments/feed/" "Mozilla/5.0 (Windows; U; Windows NT 6.0; en-GB; rv:1.0; trendictionbot0.5.0; trendiction search; http://www.trendiction.de/bot; please let us know of any problems; web at trendiction.com) Gecko/20071127 Firefox/3.0.0.11" "-"
2a03:2880:2111:5ff6:face:b00c:0:8000 - - [08/May/2018:00:17:45 +0200] "GET /wp-content/uploads/2018/03/DIN_A6_Flyer_22.02.2018_1.png HTTP/1.1" 200 205587 www.fc-schnaittach.de "-" "facebookexternalhit/1.1 (+http://www.facebook.com/externalhit_uatext.php)" "-"
207.46.13.36 - - [08/May/2018:00:19:56 +0200] "GET /wp-content/uploads/2015/03/P1020683-300x190.jpg HTTP/1.1" 200 12613 www.fc-schnaittach.de "-" "Mozilla/5.0 (compatible; bingbot/2.0; +http://www.bing.com/bingbot.htm)" "-"
144.76.22.237 - - [08/May/2018:00:20:15 +0200] "GET /mitgliederversammlung-am-17-03/feed/ HTTP/1.1" 200 562 www.fc-schnaittach.de "-" "Mozilla/5.0 (Windows; U; Windows NT 6.0; en-GB; rv:1.0; trendictionbot0.5.0; trendiction search; http://www.trendiction.de/bot; please let us know of any problems; web at trendiction.com) Gecko/20071127 Firefox/3.0.0.11" "-"
144.76.22.236 - - [08/May/2018:00:21:03 +0200] "GET /tagesausflug-nach-volkach/comments/feed/ HTTP/1.1" 301 23 www.fc-schnaittach.de "-" "Mozilla/5.0 (Windows; U; Windows NT 6.0; en-GB; rv:1.0; trendictionbot0.5.0; trendiction search; http://www.trendiction.de/bot; please let us know of any problems; web at trendiction.com) Gecko/20071127 Firefox/3.0.0.11" "-"
144.76.22.236 - - [08/May/2018:00:21:04 +0200] "GET /tagesausflug-nach-volkach/feed/ HTTP/1.1" 200 555 www.fc-schnaittach.de "http://www.fc-schnaittach.de/tagesausflug-nach-volkach/comments/feed/" "Mozilla/5.0 (Windows; U; Windows NT 6.0; en-GB; rv:1.0; trendictionbot0.5.0; trendiction search; http://www.trendiction.de/bot; please let us know of any problems; web at trendiction.com) Gecko/20071127 Firefox/3.0.0.11" "-"
144.76.22.235 - - [08/May/2018:00:29:50 +0200] "GET /jahresfahrt-der-wanderabteilung-3/feed/ HTTP/1.1" 200 565 www.fc-schnaittach.de "-" "Mozilla/5.0 (Windows; U; Windows NT 6.0; en-GB; rv:1.0; trendictionbot0.5.0; trendiction search; http://www.trendiction.de/bot; please let us know of any problems; web at trendiction.com) Gecko/20071127 Firefox/3.0.0.11" "-"
217.160.63.10 - - [08/May/2018:00:29:51 +0200] "POST /wp-cron.php?doing_wp_cron=1525732191.1580820083618164062500 HTTP/1.1" 200 23 www.fc-schnaittach.de "https://www.fc-schnaittach.de/wp-cron.php?doing_wp_cron=1525732191.1580820083618164062500" "WordPress/4.9.5; https://www.fc-schnaittach.de" "-"
2a03:2880:2111:bfe9:face:b00c:0:8000 - - [08/May/2018:00:33:25 +0200] "GET /wp-content/uploads/2018/03/DIN_A6_Flyer_22.02.2018_1.png HTTP/1.1" 200 205587 www.fc-schnaittach.de "-" "facebookexternalhit/1.1 (+http://www.facebook.com/externalhit_uatext.php)" "-"
54.36.149.73 - - [08/May/2018:00:34:13 +0200] "GET /wp-content/uploads/2014/10/DSC03545-e1430394593104.jpg HTTP/1.1" 301 292 www.fc-schnaittach.de "-" "Mozilla/5.0 (compatible; AhrefsBot/5.2; +http://ahrefs.com/robot/)" "-"
144.76.22.235 - - [08/May/2018:00:35:06 +0200] "GET /jahresfahrt-der-wanderabteilung-3/feed/ HTTP/1.1" 200 565 www.fc-schnaittach.de "-" "Mozilla/5.0 (Windows; U; Windows NT 6.0; en-GB; rv:1.0; trendictionbot0.5.0; trendiction search; http://www.trendiction.de/bot; please let us know of any problems; web at trendiction.com) Gecko/20071127 Firefox/3.0.0.11" "-"
40.77.167.86 - - [08/May/2018:00:38:07 +0200] "GET /wp-content/uploads/2014/12/Foto-Goldene-Raute-300x187.jpg HTTP/1.1" 301 295 www.fc-schnaittach.de "-" "Mozilla/5.0 (compatible; bingbot/2.0; +http://www.bing.com/bingbot.htm)" "-"
40.77.167.86 - - [08/May/2018:00:38:09 +0200] "GET /wp-content/uploads/2014/12/Foto-Goldene-Raute-300x187.jpg HTTP/1.1" 200 14554 www.fc-schnaittach.de "-" "Mozilla/5.0 (compatible; bingbot/2.0; +http://www.bing.com/bingbot.htm)" "-"
2a03:2880:1020:3fea:face:b00c:0:8000 - - [08/May/2018:00:45:50 +0200] "GET /wp-content/uploads/2018/03/DIN_A6_Flyer_22.02.2018_1.png HTTP/1.1" 200 205587 www.fc-schnaittach.de "-" "facebookexternalhit/1.1 (+http://www.facebook.com/externalhit_uatext.php)" "-"
168.1.128.51 - - [08/May/2018:00:55:23 +0200] "GET / HTTP/1.1" 301 238 fc-schnaittach.de "-" "-" "-"
46.118.114.175 - - [08/May/2018:00:56:17 +0200] "GET /fussball/damen/ HTTP/1.1" 200 34600 www.fc-schnaittach.de "https://store-rx.com/blog/fr/" "Mozilla/4.0 (compatible; MSIE 6.0; Windows NT 5.1; SV1; FunWebProducts; MRA 4.6 (build 01425); .NET CLR 1.1.4322; .NET CLR 2.0.50727)" "-"
157.55.39.4 - - [08/May/2018:01:10:25 +0200] "GET /fussball/2-mannschaft/aktuelle-nachrichten-fuer-die-b-klasse-erlangenpegnitzgrund-5/feed/ HTTP/1.1" 200 616 www.fc-schnaittach.de "-" "Mozilla/5.0 (compatible; bingbot/2.0; +http://www.bing.com/bingbot.htm)" "-"
217.160.63.10 - - [08/May/2018:01:10:26 +0200] "POST /wp-cron.php?doing_wp_cron=1525734626.1060259342193603515625 HTTP/1.1" 301 297 www.fc-schnaittach.de "http://www.fc-schnaittach.de/wp-cron.php?doing_wp_cron=1525734626.1060259342193603515625" "WordPress/4.9.5; https://www.fc-schnaittach.de" "-"
66.249.66.153 - - [08/May/2018:01:16:57 +0200] "GET /wp-content/themes/fcs/images/production/FcsWappen.ico?ver=1420564287 HTTP/1.1" 304 - www.fc-schnaittach.de "-" "Googlebot-Image/1.0" "-"
88.198.90.9 - - [08/May/2018:01:18:18 +0200] "GET /hauptverein/geschichte/ HTTP/1.1" 200 35470 www.fc-schnaittach.de "-" "Mozilla/5.0 (Windows NT 10.0; Win64; x64; rv:57.0) Gecko/20100101 Firefox/57.0" "-"
217.160.63.10 - - [08/May/2018:01:18:19 +0200] "POST /wp-cron.php?doing_wp_cron=1525735099.1464641094207763671875 HTTP/1.1" 301 297 www.fc-schnaittach.de "http://www.fc-schnaittach.de/wp-cron.php?doing_wp_cron=1525735099.1464641094207763671875" "WordPress/4.9.5; https://www.fc-schnaittach.de" "-"
217.160.63.10 - - [08/May/2018:01:27:14 +0200] "HEAD /wp-content/uploads/2015/06/20150613_115636-e1434303450659-225x300.jpg HTTP/1.1" 301 - www.fc-schnaittach.de "https://www.fc-schnaittach.de" "Mozilla/5.0 (compatible; MSIE 9.0; Windows NT 6.1; WOW64; Trident/5.0)" "-"
217.160.63.10 - - [08/May/2018:01:27:14 +0200] "HEAD /wp-content/uploads/2015/06/20150613_115636-e1434303450659-225x300.jpg HTTP/1.1" 200 - www.fc-schnaittach.de "https://www.fc-schnaittach.de" "Mozilla/5.0 (compatible; MSIE 9.0; Windows NT 6.1; WOW64; Trident/5.0)" "-"
207.46.13.36 - - [08/May/2018:01:27:14 +0200] "GET /fussball/2-mannschaft/feed/ HTTP/1.1" 200 546 www.fc-schnaittach.de "-" "Mozilla/5.0 (compatible; bingbot/2.0; +http://www.bing.com/bingbot.htm)" "-"
217.160.63.10 - - [08/May/2018:01:27:14 +0200] "POST /wp-cron.php?doing_wp_cron=1525735634.3903288841247558593750 HTTP/1.1" 200 23 www.fc-schnaittach.de "https://www.fc-schnaittach.de/wp-cron.php?doing_wp_cron=1525735634.3903288841247558593750" "WordPress/4.9.5; https://www.fc-schnaittach.de" "-"
217.160.63.10 - - [08/May/2018:01:27:16 +0200] "HEAD /wp-content/uploads/2015/08/IMG_6453-300x225.jpg HTTP/1.1" 301 - www.fc-schnaittach.de "https://www.fc-schnaittach.de" "Mozilla/5.0 (compatible; MSIE 9.0; Windows NT 6.1; WOW64; Trident/5.0)" "-"
217.160.63.10 - - [08/May/2018:01:27:16 +0200] "HEAD /wp-content/uploads/2015/08/IMG_6453-300x225.jpg HTTP/1.1" 200 - www.fc-schnaittach.de "https://www.fc-schnaittach.de" "Mozilla/5.0 (compatible; MSIE 9.0; Windows NT 6.1; WOW64; Trident/5.0)" "-"
217.160.63.10 - - [08/May/2018:01:27:18 +0200] "HEAD /wp-content/uploads/2015/06/20150613_115638.jpg HTTP/1.1" 301 - www.fc-schnaittach.de "https://www.fc-schnaittach.de" "Mozilla/5.0 (compatible; MSIE 9.0; Windows NT 6.1; WOW64; Trident/5.0)" "-"
217.160.63.10 - - [08/May/2018:01:27:18 +0200] "HEAD /wp-content/uploads/2015/06/20150613_115638.jpg HTTP/1.1" 200 - www.fc-schnaittach.de "https://www.fc-schnaittach.de" "Mozilla/5.0 (compatible; MSIE 9.0; Windows NT 6.1; WOW64; Trident/5.0)" "-"
217.160.63.10 - - [08/May/2018:01:27:20 +0200] "HEAD /wp-content/uploads/2014/12/DSC04741.jpg HTTP/1.1" 301 - www.fc-schnaittach.de "https://www.fc-schnaittach.de" "Mozilla/5.0 (compatible; MSIE 9.0; Windows NT 6.1; WOW64; Trident/5.0)" "-"
217.160.63.10 - - [08/May/2018:01:27:20 +0200] "HEAD /wp-content/uploads/2014/12/DSC04741.jpg HTTP/1.1" 200 - www.fc-schnaittach.de "https://www.fc-schnaittach.de" "Mozilla/5.0 (compatible; MSIE 9.0; Windows NT 6.1; WOW64; Trident/5.0)" "-"
217.160.63.10 - - [08/May/2018:01:27:24 +0200] "HEAD /wp-content/uploads/2015/01/IMG-20161004-WA0002.jpg HTTP/1.1" 301 - www.fc-schnaittach.de "https://www.fc-schnaittach.de" "Mozilla/5.0 (compatible; MSIE 9.0; Windows NT 6.1; WOW64; Trident/5.0)" "-"
217.160.63.10 - - [08/May/2018:01:27:24 +0200] "HEAD /wp-content/uploads/2015/01/IMG-20161004-WA0002.jpg HTTP/1.1" 200 - www.fc-schnaittach.de "https://www.fc-schnaittach.de" "Mozilla/5.0 (compatible; MSIE 9.0; Windows NT 6.1; WOW64; Trident/5.0)" "-"
217.160.63.10 - - [08/May/2018:01:27:29 +0200] "HEAD /wp-content/uploads/2015/08/IMG_6507.jpg HTTP/1.1" 301 - www.fc-schnaittach.de "https://www.fc-schnaittach.de" "Mozilla/5.0 (compatible; MSIE 9.0; Windows NT 6.1; WOW64; Trident/5.0)" "-"
217.160.63.10 - - [08/May/2018:01:27:29 +0200] "HEAD /wp-content/uploads/2015/08/IMG_6507.jpg HTTP/1.1" 200 - www.fc-schnaittach.de "https://www.fc-schnaittach.de" "Mozilla/5.0 (compatible; MSIE 9.0; Windows NT 6.1; WOW64; Trident/5.0)" "-"
217.160.63.10 - - [08/May/2018:01:27:34 +0200] "HEAD /wp-content/uploads/2015/10/Aktion-Spenderstein-162x300.jpg HTTP/1.1" 301 - www.fc-schnaittach.de "https://www.fc-schnaittach.de" "Mozilla/5.0 (compatible; MSIE 9.0; Windows NT 6.1; WOW64; Trident/5.0)" "-"
217.160.63.10 - - [08/May/2018:01:27:34 +0200] "HEAD /wp-content/uploads/2015/10/Aktion-Spenderstein-162x300.jpg HTTP/1.1" 200 - www.fc-schnaittach.de "https://www.fc-schnaittach.de" "Mozilla/5.0 (compatible; MSIE 9.0; Windows NT 6.1; WOW64; Trident/5.0)" "-"
217.160.63.10 - - [08/May/2018:01:27:39 +0200] "HEAD /wp-content/uploads/2014/12/tt-2017.jpg HTTP/1.1" 301 - www.fc-schnaittach.de "https://www.fc-schnaittach.de" "Mozilla/5.0 (compatible; MSIE 9.0; Windows NT 6.1; WOW64; Trident/5.0)" "-"
217.160.63.10 - - [08/May/2018:01:27:39 +0200] "HEAD /wp-content/uploads/2014/12/tt-2017.jpg HTTP/1.1" 200 - www.fc-schnaittach.de "https://www.fc-schnaittach.de" "Mozilla/5.0 (compatible; MSIE 9.0; Windows NT 6.1; WOW64; Trident/5.0)" "-"
217.160.63.10 - - [08/May/2018:01:27:44 +0200] "HEAD /wp-content/uploads/2015/12/Julius-Hirsch-Preis-2015.jpg HTTP/1.1" 301 - www.fc-schnaittach.de "https://www.fc-schnaittach.de" "Mozilla/5.0 (compatible; MSIE 9.0; Windows NT 6.1; WOW64; Trident/5.0)" "-"
217.160.63.10 - - [08/May/2018:01:27:44 +0200] "HEAD /wp-content/uploads/2015/12/Julius-Hirsch-Preis-2015.jpg HTTP/1.1" 200 - www.fc-schnaittach.de "https://www.fc-schnaittach.de" "Mozilla/5.0 (compatible; MSIE 9.0; Windows NT 6.1; WOW64; Trident/5.0)" "-"
217.160.63.10 - - [08/May/2018:01:27:49 +0200] "HEAD /wp-content/uploads/2015/12/Julius-Hirsch-Preis-2015-194x300.jpg HTTP/1.1" 301 - www.fc-schnaittach.de "https://www.fc-schnaittach.de" "Mozilla/5.0 (compatible; MSIE 9.0; Windows NT 6.1; WOW64; Trident/5.0)" "-"
217.160.63.10 - - [08/May/2018:01:27:49 +0200] "HEAD /wp-content/uploads/2015/12/Julius-Hirsch-Preis-2015-194x300.jpg HTTP/1.1" 200 - www.fc-schnaittach.de "https://www.fc-schnaittach.de" "Mozilla/5.0 (compatible; MSIE 9.0; Windows NT 6.1; WOW64; Trident/5.0)" "-"
54.36.149.70 - - [08/May/2018:01:27:50 +0200] "GET /wp-content/uploads/2015/07/Zeitung-062015.jpg HTTP/1.1" 301 283 www.fc-schnaittach.de "-" "Mozilla/5.0 (compatible; AhrefsBot/5.2; +http://ahrefs.com/robot/)" "-"
217.160.63.10 - - [08/May/2018:01:27:54 +0200] "HEAD /wp-content/uploads/2014/12/13731508269647197-300x200.jpg HTTP/1.1" 301 - www.fc-schnaittach.de "https://www.fc-schnaittach.de" "Mozilla/5.0 (compatible; MSIE 9.0; Windows NT 6.1; WOW64; Trident/5.0)" "-"
217.160.63.10 - - [08/May/2018:01:27:54 +0200] "HEAD /wp-content/uploads/2014/12/13731508269647197-300x200.jpg HTTP/1.1" 200 - www.fc-schnaittach.de "https://www.fc-schnaittach.de" "Mozilla/5.0 (compatible; MSIE 9.0; Windows NT 6.1; WOW64; Trident/5.0)" "-"
217.160.63.10 - - [08/May/2018:01:27:59 +0200] "HEAD /wp-content/uploads/2015/08/IMG_6491-300x225.jpg HTTP/1.1" 301 - www.fc-schnaittach.de "https://www.fc-schnaittach.de" "Mozilla/5.0 (compatible; MSIE 9.0; Windows NT 6.1; WOW64; Trident/5.0)" "-"
217.160.63.10 - - [08/May/2018:01:27:59 +0200] "HEAD /wp-content/uploads/2015/08/IMG_6491-300x225.jpg HTTP/1.1" 200 - www.fc-schnaittach.de "https://www.fc-schnaittach.de" "Mozilla/5.0 (compatible; MSIE 9.0; Windows NT 6.1; WOW64; Trident/5.0)" "-"
217.160.63.10 - - [08/May/2018:01:28:04 +0200] "HEAD /wp-content/uploads/2015/06/FOvfGhvzlY9EcbZ8.jpg HTTP/1.1" 301 - www.fc-schnaittach.de "https://www.fc-schnaittach.de" "Mozilla/5.0 (compatible; MSIE 9.0; Windows NT 6.1; WOW64; Trident/5.0)" "-"
217.160.63.10 - - [08/May/2018:01:28:04 +0200] "HEAD /wp-content/uploads/2015/06/FOvfGhvzlY9EcbZ8.jpg HTTP/1.1" 200 - www.fc-schnaittach.de "https://www.fc-schnaittach.de" "Mozilla/5.0 (compatible; MSIE 9.0; Windows NT 6.1; WOW64; Trident/5.0)" "-"
217.160.63.10 - - [08/May/2018:01:28:09 +0200] "HEAD /wp-content/uploads/2015/04/feedIcon.png HTTP/1.1" 301 - www.fc-schnaittach.de "https://www.fc-schnaittach.de" "Mozilla/5.0 (compatible; MSIE 9.0; Windows NT 6.1; WOW64; Trident/5.0)" "-"
217.160.63.10 - - [08/May/2018:01:28:09 +0200] "HEAD /wp-content/uploads/2015/04/feedIcon.png HTTP/1.1" 200 - www.fc-schnaittach.de "https://www.fc-schnaittach.de" "Mozilla/5.0 (compatible; MSIE 9.0; Windows NT 6.1; WOW64; Trident/5.0)" "-"
217.160.63.10 - - [08/May/2018:01:28:14 +0200] "HEAD /wp-content/uploads/2014/12/13731508269647197.jpg HTTP/1.1" 301 - www.fc-schnaittach.de "https://www.fc-schnaittach.de" "Mozilla/5.0 (compatible; MSIE 9.0; Windows NT 6.1; WOW64; Trident/5.0)" "-"
217.160.63.10 - - [08/May/2018:01:28:14 +0200] "HEAD /wp-content/uploads/2014/12/13731508269647197.jpg HTTP/1.1" 200 - www.fc-schnaittach.de "https://www.fc-schnaittach.de" "Mozilla/5.0 (compatible; MSIE 9.0; Windows NT 6.1; WOW64; Trident/5.0)" "-"
66.249.66.132 - - [08/May/2018:01:29:08 +0200] "GET /sitemap-pt-contactperson-2016-05.xml HTTP/1.1" 200 494 www.fc-schnaittach.de "-" "Mozilla/5.0 (compatible; Googlebot/2.1; +http://www.google.com/bot.html)" "-"
40.77.167.121 - - [08/May/2018:01:29:45 +0200] "GET /hauptverein/vereinsbus/vereinsbusordnung/feed/ HTTP/1.1" 200 555 www.fc-schnaittach.de "-" "Mozilla/5.0 (compatible; bingbot/2.0; +http://www.bing.com/bingbot.htm)" "-"
5.9.17.118 - - [08/May/2018:01:35:50 +0200] "GET /fussball/1-mannschaft/galerie/ HTTP/1.1" 200 47482 www.fc-schnaittach.de "-" "Mozilla/5.0 (Windows NT 6.1; Win64; x64) AppleWebKit/537.36 (KHTML, like Gecko) Chrome/64.0.3282.119 Safari/537.36" "-"
157.55.39.4 - - [08/May/2018:01:35:51 +0200] "GET /fussball/2-mannschaft/feed/ HTTP/1.1" 200 546 www.fc-schnaittach.de "-" "Mozilla/5.0 (compatible; bingbot/2.0; +http://www.bing.com/bingbot.htm)" "-"
54.36.148.59 - - [08/May/2018:01:36:59 +0200] "GET /aufnahmen-des-sportgelaendes/ HTTP/1.1" 200 6630 www.fc-schnaittach.de "-" "Mozilla/5.0 (compatible; AhrefsBot/5.2; +http://ahrefs.com/robot/)" "-"
66.249.66.149 - - [08/May/2018:01:37:33 +0200] "GET /schirmherr/ HTTP/1.1" 200 6244 www.fc-schnaittach.de "-" "Mozilla/5.0 (compatible; Googlebot/2.1; +http://www.google.com/bot.html)" "-"
66.249.66.136 - - [08/May/2018:01:39:26 +0200] "GET /sitemap-pt-post-2015-12.xml HTTP/1.1" 200 636 www.fc-schnaittach.de "-" "Mozilla/5.0 (compatible; Googlebot/2.1; +http://www.google.com/bot.html)" "-"
207.46.13.36 - - [08/May/2018:01:42:09 +0200] "GET /ehrungen-beim-1-fc-schnaittach/feed/ HTTP/1.1" 200 554 www.fc-schnaittach.de "-" "Mozilla/5.0 (compatible; bingbot/2.0; +http://www.bing.com/bingbot.htm)" "-"
185.220.101.20 - - [08/May/2018:01:42:17 +0200] "GET / HTTP/1.1" 301 238 fc-schnaittach.de "AfD-Verbotsverfahren_JETZT!" "AfD-Verbotsverfahren JETZT!" "-"
80.82.65.199 - - [08/May/2018:01:42:43 +0200] "GET / HTTP/1.1" 200 7739 www.fc-schnaittach.de "AfD-Verbotsverfahren_JETZT!" "AfD-Verbotsverfahren JETZT!" "-"
157.55.39.27 - - [08/May/2018:01:54:00 +0200] "GET /robots.txt HTTP/1.1" 301 248 www.fc-schnaittach.de "-" "Mozilla/5.0 (compatible; bingbot/2.0; +http://www.bing.com/bingbot.htm)" "-"
157.55.39.27 - - [08/May/2018:01:54:01 +0200] "GET /robots.txt HTTP/1.1" 200 35 www.fc-schnaittach.de "-" "Mozilla/5.0 (compatible; bingbot/2.0; +http://www.bing.com/bingbot.htm)" "-"
40.77.167.86 - - [08/May/2018:01:54:14 +0200] "GET /wp-content/uploads/2014/10/Kanshi-dan-urkunde-01-200x300.jpg HTTP/1.1" 301 298 www.fc-schnaittach.de "-" "Mozilla/5.0 (compatible; bingbot/2.0; +http://www.bing.com/bingbot.htm)" "-"
40.77.167.86 - - [08/May/2018:01:54:16 +0200] "GET /wp-content/uploads/2014/10/Kanshi-dan-urkunde-01-200x300.jpg HTTP/1.1" 200 13028 www.fc-schnaittach.de "-" "Mozilla/5.0 (compatible; bingbot/2.0; +http://www.bing.com/bingbot.htm)" "-"
157.55.39.27 - - [08/May/2018:01:55:01 +0200] "GET /robots.txt HTTP/1.1" 301 248 fc-schnaittach.de "-" "Mozilla/5.0 (compatible; bingbot/2.0; +http://www.bing.com/bingbot.htm)" "-"
157.55.39.27 - - [08/May/2018:01:55:02 +0200] "GET /robots.txt HTTP/1.1" 200 35 www.fc-schnaittach.de "-" "Mozilla/5.0 (compatible; bingbot/2.0; +http://www.bing.com/bingbot.htm)" "-"
40.77.167.86 - - [08/May/2018:01:55:34 +0200] "GET /jahresfahrt-der-wanderabteilung-2/ HTTP/1.1" 301 23 fc-schnaittach.de "-" "Mozilla/5.0 (compatible; bingbot/2.0; +http://www.bing.com/bingbot.htm)" "-"
85.25.210.234 - - [08/May/2018:02:02:01 +0200] "GET /robots.txt HTTP/1.1" 301 248 www.fc-schnaittach.de "-" "Mozilla/5.0 (compatible; adscanner/)" "-"
85.25.210.234 - - [08/May/2018:02:02:02 +0200] "GET /robots.txt HTTP/1.1" 200 35 www.fc-schnaittach.de "-" "Mozilla/5.0 (compatible; adscanner/)" "-"
85.25.210.234 - - [08/May/2018:02:02:02 +0200] "GET /wp-content/uploads/2018/04/Seite01-300x212.jpg HTTP/1.1" 301 284 www.fc-schnaittach.de "-" "Mozilla/5.0 (compatible; adscanner/)" "-"
85.25.210.234 - - [08/May/2018:02:02:05 +0200] "GET /wp-content/uploads/2018/04/Seite01-300x212.jpg HTTP/1.1" 200 18132 www.fc-schnaittach.de "-" "Mozilla/5.0 (compatible; adscanner/)" "-"
207.46.13.36 - - [08/May/2018:02:16:50 +0200] "GET /fussball/damen/facebook-news/feed/ HTTP/1.1" 200 554 www.fc-schnaittach.de "-" "Mozilla/5.0 (compatible; bingbot/2.0; +http://www.bing.com/bingbot.htm)" "-"
207.46.13.78 - - [08/May/2018:02:26:04 +0200] "GET /wp-content/uploads/2015/03/Olivia-Kornek.jpg HTTP/1.1" 301 282 www.fc-schnaittach.de "-" "Mozilla/5.0 (compatible; bingbot/2.0; +http://www.bing.com/bingbot.htm)" "-"
207.46.13.78 - - [08/May/2018:02:26:05 +0200] "GET /wp-content/uploads/2015/03/Olivia-Kornek.jpg HTTP/1.1" 200 65912 www.fc-schnaittach.de "-" "Mozilla/5.0 (compatible; bingbot/2.0; +http://www.bing.com/bingbot.htm)" "-"
136.243.83.16 - - [08/May/2018:02:27:08 +0200] "GET /robots.txt HTTP/1.1" 301 248 fc-schnaittach.de "-" "Mozilla/5.0 (compatible; MetaJobBot; http://www.metajob.de/crawler)" "-"
136.243.83.16 - - [08/May/2018:02:27:08 +0200] "GET / HTTP/1.1" 301 238 fc-schnaittach.de "-" "Mozilla/5.0 (compatible; MetaJobBot; http://www.metajob.de/crawler)" "-"
217.160.63.10 - - [08/May/2018:02:30:12 +0200] "POST /wp-cron.php?doing_wp_cron=1525739412.8077919483184814453125 HTTP/1.1" 301 297 www.fc-schnaittach.de "http://www.fc-schnaittach.de/wp-cron.php?doing_wp_cron=1525739412.8077919483184814453125" "WordPress/4.9.5; https://www.fc-schnaittach.de" "-"
5.9.106.81 - - [08/May/2018:02:30:12 +0200] "GET /tischtennis/herren-1/ HTTP/1.1" 200 28568 www.fc-schnaittach.de "-" "Mozilla/5.0 (Macintosh; Intel Mac OS X 10.12; rv:58.0) Gecko/20100101 Firefox/58.0" "-"
40.77.167.86 - - [08/May/2018:02:33:16 +0200] "GET /wp-content/uploads/2015/03/P1020529.jpg HTTP/1.1" 200 45145 www.fc-schnaittach.de "-" "Mozilla/5.0 (compatible; bingbot/2.0; +http://www.bing.com/bingbot.htm)" "-"
217.160.63.10 - - [08/May/2018:02:37:56 +0200] "POST /wp-cron.php?doing_wp_cron=1525739876.7218220233917236328125 HTTP/1.1" 200 23 www.fc-schnaittach.de "https://www.fc-schnaittach.de/wp-cron.php?doing_wp_cron=1525739876.7218220233917236328125" "WordPress/4.9.5; https://www.fc-schnaittach.de" "-"
66.249.66.149 - - [08/May/2018:02:37:56 +0200] "GET /der-1-fc-schnaittach-erhaelt-die-goldene-raute-des-bfv/ HTTP/1.1" 200 7220 www.fc-schnaittach.de "-" "Mozilla/5.0 (compatible; Googlebot/2.1; +http://www.google.com/bot.html)" "-"
207.46.13.36 - - [08/May/2018:02:40:41 +0200] "GET /hauptverein/sportheim/feed/ HTTP/1.1" 200 542 www.fc-schnaittach.de "-" "Mozilla/5.0 (compatible; bingbot/2.0; +http://www.bing.com/bingbot.htm)" "-"
207.46.13.78 - - [08/May/2018:02:41:16 +0200] "GET /sitemap.xml HTTP/1.1" 200 1168 www.fc-schnaittach.de "-" "Mozilla/5.0 (compatible; bingbot/2.0; +http://www.bing.com/bingbot.htm)" "-"
141.8.141.129 - - [08/May/2018:02:42:06 +0200] "GET /robots.txt HTTP/1.1" 200 35 www.fc-schnaittach.de "-" "Mozilla/5.0 (compatible; YandexBot/3.0; +http://yandex.com/bots)" "-"
141.8.141.132 - - [08/May/2018:02:42:10 +0200] "GET /wp-content/themes/fcs/images/production/FcsWappenMobileBookmark.png?ver=1487205003 HTTP/1.1" 200 12628 www.fc-schnaittach.de "-" "Mozilla/5.0 (compatible; YandexBot/3.0; +http://yandex.com/bots)" "-"
207.46.13.78 - - [08/May/2018:02:44:27 +0200] "GET /hauptverein/geschichte/ HTTP/1.1" 200 8086 www.fc-schnaittach.de "-" "Mozilla/5.0 (compatible; bingbot/2.0; +http://www.bing.com/bingbot.htm)" "-"
207.46.13.78 - - [08/May/2018:02:44:28 +0200] "GET /hauptverein/anfahrt/ HTTP/1.1" 200 6339 www.fc-schnaittach.de "-" "Mozilla/5.0 (compatible; bingbot/2.0; +http://www.bing.com/bingbot.htm)" "-"
207.46.13.78 - - [08/May/2018:02:44:28 +0200] "GET /fussball/2-mannschaft/ HTTP/1.1" 200 9362 www.fc-schnaittach.de "-" "Mozilla/5.0 (compatible; bingbot/2.0; +http://www.bing.com/bingbot.htm)" "-"
207.46.13.78 - - [08/May/2018:02:44:29 +0200] "GET /category/news/hauptverein/ HTTP/1.1" 200 8434 www.fc-schnaittach.de "-" "Mozilla/5.0 (compatible; bingbot/2.0; +http://www.bing.com/bingbot.htm)" "-"
207.46.13.78 - - [08/May/2018:02:44:29 +0200] "GET /ansprechpartner/fussball/ HTTP/1.1" 200 8191 www.fc-schnaittach.de "-" "Mozilla/5.0 (compatible; bingbot/2.0; +http://www.bing.com/bingbot.htm)" "-"
207.46.13.78 - - [08/May/2018:02:44:30 +0200] "GET /jahresfahrt-der-wanderabteilung-3/ HTTP/1.1" 200 8120 www.fc-schnaittach.de "-" "Mozilla/5.0 (compatible; bingbot/2.0; +http://www.bing.com/bingbot.htm)" "-"
207.46.13.78 - - [08/May/2018:02:44:30 +0200] "GET /sporterlebnistag-am-1-juni/ HTTP/1.1" 200 6496 www.fc-schnaittach.de "-" "Mozilla/5.0 (compatible; bingbot/2.0; +http://www.bing.com/bingbot.htm)" "-"
207.46.13.36 - - [08/May/2018:02:44:33 +0200] "GET /tag/sportheim/ HTTP/1.1" 200 5707 www.fc-schnaittach.de "-" "Mozilla/5.0 (compatible; bingbot/2.0; +http://www.bing.com/bingbot.htm)" "-"
207.46.13.36 - - [08/May/2018:02:44:34 +0200] "GET /vorbereitungsplan-der-1-2-damenmannschaft-sommer-2017/ HTTP/1.1" 200 6569 www.fc-schnaittach.de "-" "Mozilla/5.0 (compatible; bingbot/2.0; +http://www.bing.com/bingbot.htm)" "-"
207.46.13.36 - - [08/May/2018:02:44:34 +0200] "GET /category/news/fussball/ HTTP/1.1" 200 9648 www.fc-schnaittach.de "-" "Mozilla/5.0 (compatible; bingbot/2.0; +http://www.bing.com/bingbot.htm)" "-"
207.46.13.36 - - [08/May/2018:02:44:35 +0200] "GET /budo/ HTTP/1.1" 200 7434 www.fc-schnaittach.de "-" "Mozilla/5.0 (compatible; bingbot/2.0; +http://www.bing.com/bingbot.htm)" "-"
207.46.13.36 - - [08/May/2018:02:44:36 +0200] "GET /jahresfahrt-der-wanderabteilung-2016/ HTTP/1.1" 404 5779 www.fc-schnaittach.de "-" "Mozilla/5.0 (compatible; bingbot/2.0; +http://www.bing.com/bingbot.htm)" "-"
207.46.13.36 - - [08/May/2018:02:44:36 +0200] "GET /mitgliederversammlung-am-17-03/ HTTP/1.1" 200 6327 www.fc-schnaittach.de "-" "Mozilla/5.0 (compatible; bingbot/2.0; +http://www.bing.com/bingbot.htm)" "-"
157.55.39.4 - - [08/May/2018:02:45:12 +0200] "GET /category/news/fussball/frauen/feed/ HTTP/1.1" 200 2180 www.fc-schnaittach.de "-" "Mozilla/5.0 (compatible; bingbot/2.0; +http://www.bing.com/bingbot.htm)" "-"
40.77.167.86 - - [08/May/2018:02:45:16 +0200] "GET /fussball/3-mannschaft/ HTTP/1.1" 200 6626 www.fc-schnaittach.de "-" "Mozilla/5.0 (compatible; bingbot/2.0; +http://www.bing.com/bingbot.htm)" "-"
40.77.167.86 - - [08/May/2018:02:45:16 +0200] "GET /tischtennis/herren-3/ HTTP/1.1" 200 6918 www.fc-schnaittach.de "-" "Mozilla/5.0 (compatible; bingbot/2.0; +http://www.bing.com/bingbot.htm)" "-"
40.77.167.86 - - [08/May/2018:02:45:17 +0200] "GET /hauptverein/bilder/ HTTP/1.1" 200 6497 www.fc-schnaittach.de "-" "Mozilla/5.0 (compatible; bingbot/2.0; +http://www.bing.com/bingbot.htm)" "-"
40.77.167.86 - - [08/May/2018:02:45:17 +0200] "GET /fussball/damen/mannschaft/ HTTP/1.1" 200 9216 www.fc-schnaittach.de "-" "Mozilla/5.0 (compatible; bingbot/2.0; +http://www.bing.com/bingbot.htm)" "-"
40.77.167.86 - - [08/May/2018:02:45:17 +0200] "GET /fussball/damen/facebook-news/ HTTP/1.1" 200 6958 www.fc-schnaittach.de "-" "Mozilla/5.0 (compatible; bingbot/2.0; +http://www.bing.com/bingbot.htm)" "-"
40.77.167.86 - - [08/May/2018:02:45:18 +0200] "GET /fussball/damen/ HTTP/1.1" 200 8170 www.fc-schnaittach.de "-" "Mozilla/5.0 (compatible; bingbot/2.0; +http://www.bing.com/bingbot.htm)" "-"
40.77.167.86 - - [08/May/2018:02:45:18 +0200] "GET /f3-jugend/ HTTP/1.1" 200 7268 www.fc-schnaittach.de "-" "Mozilla/5.0 (compatible; bingbot/2.0; +http://www.bing.com/bingbot.htm)" "-"
40.77.167.86 - - [08/May/2018:02:45:19 +0200] "GET /hauptverein/kontakt/ HTTP/1.1" 200 7333 www.fc-schnaittach.de "-" "Mozilla/5.0 (compatible; bingbot/2.0; +http://www.bing.com/bingbot.htm)" "-"
40.77.167.86 - - [08/May/2018:02:45:19 +0200] "GET /category/news/page/7/ HTTP/1.1" 404 5779 www.fc-schnaittach.de "-" "Mozilla/5.0 (compatible; bingbot/2.0; +http://www.bing.com/bingbot.htm)" "-"
40.77.167.86 - - [08/May/2018:02:45:20 +0200] "GET /jahresfahrt-2015/ HTTP/1.1" 404 5779 www.fc-schnaittach.de "-" "Mozilla/5.0 (compatible; bingbot/2.0; +http://www.bing.com/bingbot.htm)" "-"
40.77.167.86 - - [08/May/2018:02:45:20 +0200] "GET /jahresfahrt-der-wanderabteilung-2/ HTTP/1.1" 404 5779 www.fc-schnaittach.de "-" "Mozilla/5.0 (compatible; bingbot/2.0; +http://www.bing.com/bingbot.htm)" "-"
207.46.13.36 - - [08/May/2018:02:50:43 +0200] "GET /budo-weihnachtsfeier-2016/feed/ HTTP/1.1" 200 552 www.fc-schnaittach.de "-" "Mozilla/5.0 (compatible; bingbot/2.0; +http://www.bing.com/bingbot.htm)" "-"
37.115.185.9 - - [08/May/2018:02:55:36 +0200] "GET /karate-teilnahme-an-der-bezirksmeisterschaft-2015/ HTTP/1.1" 200 29796 www.fc-schnaittach.de "https://documentsite.net/" "Mozilla/4.0 (compatible; MSIE 5.0; Windows NT; DigExt)" "-"
37.115.185.9 - - [08/May/2018:02:55:36 +0200] "GET /karate-teilnahme-an-der-bezirksmeisterschaft-2015/ HTTP/1.1" 200 29796 www.fc-schnaittach.de "https://documentsite.net/" "Mozilla/4.0 (compatible; MSIE 5.0; Windows NT; DigExt)" "-"
40.77.167.86 - - [08/May/2018:03:03:01 +0200] "GET /aufnahmen-des-sportgelaendes/feed/ HTTP/1.1" 200 558 www.fc-schnaittach.de "-" "Mozilla/5.0 (compatible; bingbot/2.0; +http://www.bing.com/bingbot.htm)" "-"
207.46.13.36 - - [08/May/2018:03:05:32 +0200] "GET /jahresplanung-2016/feed/ HTTP/1.1" 200 548 www.fc-schnaittach.de "-" "Mozilla/5.0 (compatible; bingbot/2.0; +http://www.bing.com/bingbot.htm)" "-"
66.249.92.69 - - [08/May/2018:03:05:54 +0200] "GET /google35dabaea0b707b40.html HTTP/1.1" 404 5779 www.fc-schnaittach.de "-" "Mozilla/5.0 (compatible; Google-Site-Verification/1.0)" "-"
66.249.92.71 - - [08/May/2018:03:05:58 +0200] "GET /googleb358804bf71a3538.html HTTP/1.1" 301 265 www.fc-schnaittach.de "-" "Mozilla/5.0 (compatible; Google-Site-Verification/1.0)" "-"
66.249.92.87 - - [08/May/2018:03:06:00 +0200] "GET /googleb358804bf71a3538.html HTTP/1.1" 200 53 www.fc-schnaittach.de "-" "Mozilla/5.0 (compatible; Google-Site-Verification/1.0)" "-"
207.46.13.36 - - [08/May/2018:03:06:32 +0200] "GET /fcs-ii-asv-pettensiedel-42-06-09-2015/feed/ HTTP/1.1" 200 554 www.fc-schnaittach.de "-" "Mozilla/5.0 (compatible; bingbot/2.0; +http://www.bing.com/bingbot.htm)" "-"
194.87.236.223 - - [08/May/2018:03:09:48 +0200] "HEAD / HTTP/1.1" 301 - www.fc-schnaittach.de "http://spravkavspb.work/osvob/" "Mozilla/3.0 (compatible; MSIE7.00; Windows 2005)" "-"
195.133.201.163 - - [08/May/2018:03:09:48 +0200] "HEAD / HTTP/1.1" 301 - www.fc-schnaittach.de "https://moonci.ru/category/science/" "Mozilla/7.0 (compatible; MSIE3.00; Windows 2002)" "-"
207.46.13.78 - - [08/May/2018:03:21:19 +0200] "GET /fussball/damen/facebook-news/feed/ HTTP/1.1" 200 553 www.fc-schnaittach.de "-" "Mozilla/5.0 (compatible; bingbot/2.0; +http://www.bing.com/bingbot.htm)" "-"
185.5.249.185 - - [08/May/2018:03:23:19 +0200] "HEAD / HTTP/1.1" 301 - www.fc-schnaittach.de "https://clothing-deal.club/collections/headphones" "Mozilla/5.0 (compatible; MSIE7.00; Windows 2008)" "-"
217.160.63.10 - - [08/May/2018:03:25:10 +0200] "POST /wp-cron.php?doing_wp_cron=1525742710.6000189781188964843750 HTTP/1.1" 301 297 www.fc-schnaittach.de "http://www.fc-schnaittach.de/wp-cron.php?doing_wp_cron=1525742710.6000189781188964843750" "WordPress/4.9.5; https://www.fc-schnaittach.de" "-"
207.46.13.78 - - [08/May/2018:03:25:10 +0200] "GET /sitemap-pt-page-2017-07.xml HTTP/1.1" 200 621 www.fc-schnaittach.de "-" "Mozilla/5.0 (compatible; bingbot/2.0; +http://www.bing.com/bingbot.htm)" "-"
157.55.39.4 - - [08/May/2018:03:27:57 +0200] "GET /wp-content/uploads/2015/03/SAM_0362-768x1024.jpg HTTP/1.1" 301 286 www.fc-schnaittach.de "-" "Mozilla/5.0 (compatible; bingbot/2.0; +http://www.bing.com/bingbot.htm)" "-"
157.55.39.4 - - [08/May/2018:03:27:59 +0200] "GET /wp-content/uploads/2015/03/SAM_0362-768x1024.jpg HTTP/1.1" 200 88061 www.fc-schnaittach.de "-" "Mozilla/5.0 (compatible; bingbot/2.0; +http://www.bing.com/bingbot.htm)" "-"
157.55.39.4 - - [08/May/2018:03:33:03 +0200] "GET /category/news/hauptverein/feed/ HTTP/1.1" 200 7535 www.fc-schnaittach.de "-" "Mozilla/5.0 (compatible; bingbot/2.0; +http://www.bing.com/bingbot.htm)" "-"
217.160.63.10 - - [08/May/2018:03:33:04 +0200] "HEAD /runterra-2015-eine-andere-art-zu-kaempfen/ HTTP/1.1" 200 - www.fc-schnaittach.de "https://www.fc-schnaittach.de" "Mozilla/5.0 (compatible; MSIE 9.0; Windows NT 6.1; WOW64; Trident/5.0)" "-"
217.160.63.10 - - [08/May/2018:03:33:06 +0200] "HEAD /wp-content/uploads/2015/12/Julius-Hirsch-Preis-Anschreiben-2015-167x300.jpg HTTP/1.1" 301 - www.fc-schnaittach.de "https://www.fc-schnaittach.de" "Mozilla/5.0 (compatible; MSIE 9.0; Windows NT 6.1; WOW64; Trident/5.0)" "-"
217.160.63.10 - - [08/May/2018:03:33:06 +0200] "HEAD /wp-content/uploads/2015/12/Julius-Hirsch-Preis-Anschreiben-2015-167x300.jpg HTTP/1.1" 200 - www.fc-schnaittach.de "https://www.fc-schnaittach.de" "Mozilla/5.0 (compatible; MSIE 9.0; Windows NT 6.1; WOW64; Trident/5.0)" "-"
217.160.63.10 - - [08/May/2018:03:33:08 +0200] "HEAD /wp-content/uploads/2014/10/2-Mannschaft-300x225.jpeg HTTP/1.1" 301 - www.fc-schnaittach.de "https://www.fc-schnaittach.de" "Mozilla/5.0 (compatible; MSIE 9.0; Windows NT 6.1; WOW64; Trident/5.0)" "-"
217.160.63.10 - - [08/May/2018:03:33:08 +0200] "HEAD /wp-content/uploads/2014/10/2-Mannschaft-300x225.jpeg HTTP/1.1" 200 - www.fc-schnaittach.de "https://www.fc-schnaittach.de" "Mozilla/5.0 (compatible; MSIE 9.0; Windows NT 6.1; WOW64; Trident/5.0)" "-"
217.160.63.10 - - [08/May/2018:03:33:10 +0200] "HEAD /wp-content/uploads/2015/06/FOvfGhvzlY9EcbZ8-300x169.jpg HTTP/1.1" 301 - www.fc-schnaittach.de "https://www.fc-schnaittach.de" "Mozilla/5.0 (compatible; MSIE 9.0; Windows NT 6.1; WOW64; Trident/5.0)" "-"
217.160.63.10 - - [08/May/2018:03:33:10 +0200] "HEAD /wp-content/uploads/2015/06/FOvfGhvzlY9EcbZ8-300x169.jpg HTTP/1.1" 200 - www.fc-schnaittach.de "https://www.fc-schnaittach.de" "Mozilla/5.0 (compatible; MSIE 9.0; Windows NT 6.1; WOW64; Trident/5.0)" "-"
217.160.63.10 - - [08/May/2018:03:33:14 +0200] "HEAD /wp-content/uploads/2015/06/20150613_115859-1024x592.jpg HTTP/1.1" 301 - www.fc-schnaittach.de "https://www.fc-schnaittach.de" "Mozilla/5.0 (compatible; MSIE 9.0; Windows NT 6.1; WOW64; Trident/5.0)" "-"
217.160.63.10 - - [08/May/2018:03:33:14 +0200] "HEAD /wp-content/uploads/2015/06/20150613_115859-1024x592.jpg HTTP/1.1" 200 - www.fc-schnaittach.de "https://www.fc-schnaittach.de" "Mozilla/5.0 (compatible; MSIE 9.0; Windows NT 6.1; WOW64; Trident/5.0)" "-"
217.160.63.10 - - [08/May/2018:03:33:19 +0200] "HEAD /wp-content/uploads/2015/04/Ehrenabend-ALLE2.jpg HTTP/1.1" 301 - www.fc-schnaittach.de "https://www.fc-schnaittach.de" "Mozilla/5.0 (compatible; MSIE 9.0; Windows NT 6.1; WOW64; Trident/5.0)" "-"
217.160.63.10 - - [08/May/2018:03:33:19 +0200] "HEAD /wp-content/uploads/2015/04/Ehrenabend-ALLE2.jpg HTTP/1.1" 200 - www.fc-schnaittach.de "https://www.fc-schnaittach.de" "Mozilla/5.0 (compatible; MSIE 9.0; Windows NT 6.1; WOW64; Trident/5.0)" "-"
217.160.63.10 - - [08/May/2018:03:33:24 +0200] "HEAD /wp-content/uploads/2015/08/IMG_6507-300x225.jpg HTTP/1.1" 301 - www.fc-schnaittach.de "https://www.fc-schnaittach.de" "Mozilla/5.0 (compatible; MSIE 9.0; Windows NT 6.1; WOW64; Trident/5.0)" "-"
217.160.63.10 - - [08/May/2018:03:33:24 +0200] "HEAD /wp-content/uploads/2015/08/IMG_6507-300x225.jpg HTTP/1.1" 200 - www.fc-schnaittach.de "https://www.fc-schnaittach.de" "Mozilla/5.0 (compatible; MSIE 9.0; Windows NT 6.1; WOW64; Trident/5.0)" "-"
217.160.63.10 - - [08/May/2018:03:33:29 +0200] "HEAD /wp-content/uploads/2015/08/IMG_6491.jpg HTTP/1.1" 301 - www.fc-schnaittach.de "https://www.fc-schnaittach.de" "Mozilla/5.0 (compatible; MSIE 9.0; Windows NT 6.1; WOW64; Trident/5.0)" "-"
217.160.63.10 - - [08/May/2018:03:33:29 +0200] "HEAD /wp-content/uploads/2015/08/IMG_6491.jpg HTTP/1.1" 200 - www.fc-schnaittach.de "https://www.fc-schnaittach.de" "Mozilla/5.0 (compatible; MSIE 9.0; Windows NT 6.1; WOW64; Trident/5.0)" "-"
217.160.63.10 - - [08/May/2018:03:33:34 +0200] "HEAD /wp-content/uploads/2015/08/IMG_6469-300x225.jpg HTTP/1.1" 301 - www.fc-schnaittach.de "https://www.fc-schnaittach.de" "Mozilla/5.0 (compatible; MSIE 9.0; Windows NT 6.1; WOW64; Trident/5.0)" "-"
217.160.63.10 - - [08/May/2018:03:33:34 +0200] "HEAD /wp-content/uploads/2015/08/IMG_6469-300x225.jpg HTTP/1.1" 200 - www.fc-schnaittach.de "https://www.fc-schnaittach.de" "Mozilla/5.0 (compatible; MSIE 9.0; Windows NT 6.1; WOW64; Trident/5.0)" "-"
217.160.63.10 - - [08/May/2018:03:33:39 +0200] "HEAD /wp-content/uploads/2016/11/FCS_MW41076_online.jpg HTTP/1.1" 301 - www.fc-schnaittach.de "https://www.fc-schnaittach.de" "Mozilla/5.0 (compatible; MSIE 9.0; Windows NT 6.1; WOW64; Trident/5.0)" "-"
217.160.63.10 - - [08/May/2018:03:33:39 +0200] "HEAD /wp-content/uploads/2016/11/FCS_MW41076_online.jpg HTTP/1.1" 200 - www.fc-schnaittach.de "https://www.fc-schnaittach.de" "Mozilla/5.0 (compatible; MSIE 9.0; Windows NT 6.1; WOW64; Trident/5.0)" "-"
217.160.63.10 - - [08/May/2018:03:33:04 +0200] "POST /wp-cron.php?doing_wp_cron=1525743184.0199699401855468750000 HTTP/1.1" 200 23 www.fc-schnaittach.de "https://www.fc-schnaittach.de/wp-cron.php?doing_wp_cron=1525743184.0199699401855468750000" "WordPress/4.9.5; https://www.fc-schnaittach.de" "-"
217.160.63.10 - - [08/May/2018:03:33:44 +0200] "HEAD /wp-content/uploads/2014/10/Pr%C3%BCfungsanmeldung_13.6.2015.pdf HTTP/1.1" 301 - www.fc-schnaittach.de "https://www.fc-schnaittach.de" "Mozilla/5.0 (compatible; MSIE 9.0; Windows NT 6.1; WOW64; Trident/5.0)" "-"
217.160.63.10 - - [08/May/2018:03:33:44 +0200] "HEAD /wp-content/uploads/2014/10/Pr%c3%bcfungsanmeldung_13.6.2015.pdf HTTP/1.1" 200 - www.fc-schnaittach.de "https://www.fc-schnaittach.de" "Mozilla/5.0 (compatible; MSIE 9.0; Windows NT 6.1; WOW64; Trident/5.0)" "-"
217.160.63.10 - - [08/May/2018:03:33:49 +0200] "HEAD /wp-content/uploads/2015/04/2-Mannschaft-1960-1.jpg HTTP/1.1" 301 - www.fc-schnaittach.de "https://www.fc-schnaittach.de" "Mozilla/5.0 (compatible; MSIE 9.0; Windows NT 6.1; WOW64; Trident/5.0)" "-"
217.160.63.10 - - [08/May/2018:03:33:49 +0200] "HEAD /wp-content/uploads/2015/04/2-Mannschaft-1960-1.jpg HTTP/1.1" 200 - www.fc-schnaittach.de "https://www.fc-schnaittach.de" "Mozilla/5.0 (compatible; MSIE 9.0; Windows NT 6.1; WOW64; Trident/5.0)" "-"
217.160.63.10 - - [08/May/2018:03:33:54 +0200] "HEAD /wp-content/uploads/2015/04/FCS-2-Mannschaft-Meister-19.jpg HTTP/1.1" 301 - www.fc-schnaittach.de "https://www.fc-schnaittach.de" "Mozilla/5.0 (compatible; MSIE 9.0; Windows NT 6.1; WOW64; Trident/5.0)" "-"
217.160.63.10 - - [08/May/2018:03:33:54 +0200] "HEAD /wp-content/uploads/2015/04/FCS-2-Mannschaft-Meister-19.jpg HTTP/1.1" 200 - www.fc-schnaittach.de "https://www.fc-schnaittach.de" "Mozilla/5.0 (compatible; MSIE 9.0; Windows NT 6.1; WOW64; Trident/5.0)" "-"
217.160.63.10 - - [08/May/2018:03:33:59 +0200] "HEAD /wp-content/uploads/2015/08/IMG_6492.jpg HTTP/1.1" 301 - www.fc-schnaittach.de "https://www.fc-schnaittach.de" "Mozilla/5.0 (compatible; MSIE 9.0; Windows NT 6.1; WOW64; Trident/5.0)" "-"
217.160.63.10 - - [08/May/2018:03:33:59 +0200] "HEAD /wp-content/uploads/2015/08/IMG_6492.jpg HTTP/1.1" 200 - www.fc-schnaittach.de "https://www.fc-schnaittach.de" "Mozilla/5.0 (compatible; MSIE 9.0; Windows NT 6.1; WOW64; Trident/5.0)" "-"
217.160.63.10 - - [08/May/2018:03:34:04 +0200] "HEAD /wp-content/uploads/2014/10/1-Mannschaft.jpg HTTP/1.1" 301 - www.fc-schnaittach.de "https://www.fc-schnaittach.de" "Mozilla/5.0 (compatible; MSIE 9.0; Windows NT 6.1; WOW64; Trident/5.0)" "-"
217.160.63.10 - - [08/May/2018:03:34:04 +0200] "HEAD /wp-content/uploads/2014/10/1-Mannschaft.jpg HTTP/1.1" 200 - www.fc-schnaittach.de "https://www.fc-schnaittach.de" "Mozilla/5.0 (compatible; MSIE 9.0; Windows NT 6.1; WOW64; Trident/5.0)" "-"
217.160.63.10 - - [08/May/2018:03:34:09 +0200] "HEAD /wp-content/uploads/2014/12/tt-2017-300x201.jpg HTTP/1.1" 301 - www.fc-schnaittach.de "https://www.fc-schnaittach.de" "Mozilla/5.0 (compatible; MSIE 9.0; Windows NT 6.1; WOW64; Trident/5.0)" "-"
217.160.63.10 - - [08/May/2018:03:34:09 +0200] "HEAD /wp-content/uploads/2014/12/tt-2017-300x201.jpg HTTP/1.1" 200 - www.fc-schnaittach.de "https://www.fc-schnaittach.de" "Mozilla/5.0 (compatible; MSIE 9.0; Windows NT 6.1; WOW64; Trident/5.0)" "-"
217.160.63.10 - - [08/May/2018:03:34:14 +0200] "HEAD /ansprechpartner/tischtennis/ HTTP/1.1" 200 - www.fc-schnaittach.de "https://www.fc-schnaittach.de" "Mozilla/5.0 (compatible; MSIE 9.0; Windows NT 6.1; WOW64; Trident/5.0)" "-"
217.160.63.10 - - [08/May/2018:03:34:19 +0200] "HEAD /wp-content/uploads/2015/08/IMG_6492-300x225.jpg HTTP/1.1" 301 - www.fc-schnaittach.de "https://www.fc-schnaittach.de" "Mozilla/5.0 (compatible; MSIE 9.0; Windows NT 6.1; WOW64; Trident/5.0)" "-"
217.160.63.10 - - [08/May/2018:03:34:19 +0200] "HEAD /wp-content/uploads/2015/08/IMG_6492-300x225.jpg HTTP/1.1" 200 - www.fc-schnaittach.de "https://www.fc-schnaittach.de" "Mozilla/5.0 (compatible; MSIE 9.0; Windows NT 6.1; WOW64; Trident/5.0)" "-"
217.160.63.10 - - [08/May/2018:03:34:24 +0200] "HEAD /wp-content/uploads/2015/07/Zeitung-062015.jpg HTTP/1.1" 301 - www.fc-schnaittach.de "https://www.fc-schnaittach.de" "Mozilla/5.0 (compatible; MSIE 9.0; Windows NT 6.1; WOW64; Trident/5.0)" "-"
217.160.63.10 - - [08/May/2018:03:34:24 +0200] "HEAD /wp-content/uploads/2015/07/Zeitung-062015.jpg HTTP/1.1" 200 - www.fc-schnaittach.de "https://www.fc-schnaittach.de" "Mozilla/5.0 (compatible; MSIE 9.0; Windows NT 6.1; WOW64; Trident/5.0)" "-"
217.160.63.10 - - [08/May/2018:03:34:29 +0200] "HEAD /wp-content/uploads/2015/08/IMG_65251.jpg HTTP/1.1" 301 - www.fc-schnaittach.de "https://www.fc-schnaittach.de" "Mozilla/5.0 (compatible; MSIE 9.0; Windows NT 6.1; WOW64; Trident/5.0)" "-"
217.160.63.10 - - [08/May/2018:03:34:29 +0200] "HEAD /wp-content/uploads/2015/08/IMG_65251.jpg HTTP/1.1" 200 - www.fc-schnaittach.de "https://www.fc-schnaittach.de" "Mozilla/5.0 (compatible; MSIE 9.0; Windows NT 6.1; WOW64; Trident/5.0)" "-"
217.160.63.10 - - [08/May/2018:03:34:34 +0200] "HEAD /wp-content/uploads/2014/10/2-Mannschaft.jpeg HTTP/1.1" 301 - www.fc-schnaittach.de "https://www.fc-schnaittach.de" "Mozilla/5.0 (compatible; MSIE 9.0; Windows NT 6.1; WOW64; Trident/5.0)" "-"
217.160.63.10 - - [08/May/2018:03:34:34 +0200] "HEAD /wp-content/uploads/2014/10/2-Mannschaft.jpeg HTTP/1.1" 200 - www.fc-schnaittach.de "https://www.fc-schnaittach.de" "Mozilla/5.0 (compatible; MSIE 9.0; Windows NT 6.1; WOW64; Trident/5.0)" "-"
217.160.63.10 - - [08/May/2018:03:34:39 +0200] "HEAD /wp-content/uploads/2014/12/DSC04741-1.jpg HTTP/1.1" 301 - www.fc-schnaittach.de "https://www.fc-schnaittach.de" "Mozilla/5.0 (compatible; MSIE 9.0; Windows NT 6.1; WOW64; Trident/5.0)" "-"
217.160.63.10 - - [08/May/2018:03:34:39 +0200] "HEAD /wp-content/uploads/2014/12/DSC04741-1.jpg HTTP/1.1" 200 - www.fc-schnaittach.de "https://www.fc-schnaittach.de" "Mozilla/5.0 (compatible; MSIE 9.0; Windows NT 6.1; WOW64; Trident/5.0)" "-"
217.160.63.10 - - [08/May/2018:03:34:44 +0200] "HEAD /zeitungsbericht-pegnitzzeitung/ HTTP/1.1" 200 - www.fc-schnaittach.de "https://www.fc-schnaittach.de" "Mozilla/5.0 (compatible; MSIE 9.0; Windows NT 6.1; WOW64; Trident/5.0)" "-"
217.160.63.10 - - [08/May/2018:03:34:49 +0200] "HEAD /wp-content/uploads/2015/08/IMG_6484.jpg HTTP/1.1" 301 - www.fc-schnaittach.de "https://www.fc-schnaittach.de" "Mozilla/5.0 (compatible; MSIE 9.0; Windows NT 6.1; WOW64; Trident/5.0)" "-"
217.160.63.10 - - [08/May/2018:03:34:49 +0200] "HEAD /wp-content/uploads/2015/08/IMG_6484.jpg HTTP/1.1" 200 - www.fc-schnaittach.de "https://www.fc-schnaittach.de" "Mozilla/5.0 (compatible; MSIE 9.0; Windows NT 6.1; WOW64; Trident/5.0)" "-"
217.160.63.10 - - [08/May/2018:03:34:54 +0200] "HEAD /wp-content/uploads/2015/08/IMG_6456-300x225.jpg HTTP/1.1" 301 - www.fc-schnaittach.de "https://www.fc-schnaittach.de" "Mozilla/5.0 (compatible; MSIE 9.0; Windows NT 6.1; WOW64; Trident/5.0)" "-"
217.160.63.10 - - [08/May/2018:03:34:54 +0200] "HEAD /wp-content/uploads/2015/08/IMG_6456-300x225.jpg HTTP/1.1" 200 - www.fc-schnaittach.de "https://www.fc-schnaittach.de" "Mozilla/5.0 (compatible; MSIE 9.0; Windows NT 6.1; WOW64; Trident/5.0)" "-"
217.160.63.10 - - [08/May/2018:03:34:59 +0200] "HEAD /wp-content/uploads/2015/12/Julius-Hirsch-Preis-Anschreiben-2015.jpg HTTP/1.1" 301 - www.fc-schnaittach.de "https://www.fc-schnaittach.de" "Mozilla/5.0 (compatible; MSIE 9.0; Windows NT 6.1; WOW64; Trident/5.0)" "-"
217.160.63.10 - - [08/May/2018:03:34:59 +0200] "HEAD /wp-content/uploads/2015/12/Julius-Hirsch-Preis-Anschreiben-2015.jpg HTTP/1.1" 200 - www.fc-schnaittach.de "https://www.fc-schnaittach.de" "Mozilla/5.0 (compatible; MSIE 9.0; Windows NT 6.1; WOW64; Trident/5.0)" "-"
217.160.63.10 - - [08/May/2018:03:35:04 +0200] "HEAD /wp-content/uploads/2015/08/IMG_6459-300x225.jpg HTTP/1.1" 301 - www.fc-schnaittach.de "https://www.fc-schnaittach.de" "Mozilla/5.0 (compatible; MSIE 9.0; Windows NT 6.1; WOW64; Trident/5.0)" "-"
217.160.63.10 - - [08/May/2018:03:35:04 +0200] "HEAD /wp-content/uploads/2015/08/IMG_6459-300x225.jpg HTTP/1.1" 200 - www.fc-schnaittach.de "https://www.fc-schnaittach.de" "Mozilla/5.0 (compatible; MSIE 9.0; Windows NT 6.1; WOW64; Trident/5.0)" "-"
217.160.63.10 - - [08/May/2018:03:35:09 +0200] "HEAD /wp-content/uploads/2015/08/IMG_6453.jpg HTTP/1.1" 301 - www.fc-schnaittach.de "https://www.fc-schnaittach.de" "Mozilla/5.0 (compatible; MSIE 9.0; Windows NT 6.1; WOW64; Trident/5.0)" "-"
217.160.63.10 - - [08/May/2018:03:35:09 +0200] "HEAD /wp-content/uploads/2015/08/IMG_6453.jpg HTTP/1.1" 200 - www.fc-schnaittach.de "https://www.fc-schnaittach.de" "Mozilla/5.0 (compatible; MSIE 9.0; Windows NT 6.1; WOW64; Trident/5.0)" "-"
217.160.63.10 - - [08/May/2018:03:35:14 +0200] "HEAD /wp-content/uploads/2015/04/P4197519.jpg HTTP/1.1" 301 - www.fc-schnaittach.de "https://www.fc-schnaittach.de" "Mozilla/5.0 (compatible; MSIE 9.0; Windows NT 6.1; WOW64; Trident/5.0)" "-"
217.160.63.10 - - [08/May/2018:03:35:14 +0200] "HEAD /wp-content/uploads/2015/04/P4197519.jpg HTTP/1.1" 200 - www.fc-schnaittach.de "https://www.fc-schnaittach.de" "Mozilla/5.0 (compatible; MSIE 9.0; Windows NT 6.1; WOW64; Trident/5.0)" "-"
217.160.63.10 - - [08/May/2018:03:35:19 +0200] "HEAD /wp-content/uploads/2014/10/1-Mannschaft-300x225.jpg HTTP/1.1" 301 - www.fc-schnaittach.de "https://www.fc-schnaittach.de" "Mozilla/5.0 (compatible; MSIE 9.0; Windows NT 6.1; WOW64; Trident/5.0)" "-"
217.160.63.10 - - [08/May/2018:03:35:19 +0200] "HEAD /wp-content/uploads/2014/10/1-Mannschaft-300x225.jpg HTTP/1.1" 200 - www.fc-schnaittach.de "https://www.fc-schnaittach.de" "Mozilla/5.0 (compatible; MSIE 9.0; Windows NT 6.1; WOW64; Trident/5.0)" "-"
40.77.167.86 - - [08/May/2018:03:37:28 +0200] "GET /hauptverein/geschichte/ HTTP/1.1" 200 8082 www.fc-schnaittach.de "-" "Mozilla/5.0 (compatible; bingbot/2.0; +http://www.bing.com/bingbot.htm)" "-"
207.46.13.78 - - [08/May/2018:03:37:33 +0200] "GET /wp-content/plugins/contact-form-7/includes/css/styles.css?ver=5.0.1 HTTP/1.1" 200 1683 www.fc-schnaittach.de "-" "Mozilla/5.0 (compatible; bingbot/2.0; +http://www.bing.com/bingbot.htm)" "-"
54.36.148.32 - - [08/May/2018:03:37:49 +0200] "GET /tischtennis/damen/ HTTP/1.1" 200 6804 www.fc-schnaittach.de "-" "Mozilla/5.0 (compatible; AhrefsBot/5.2; +http://ahrefs.com/robot/)" "-"
143.164.1.11 - - [08/May/2018:03:38:12 +0200] "GET / HTTP/1.1" 200 7739 www.fc-schnaittach.de "https://www.google.de/url?sa=t&rct=j&q=&esrc=s&source=web&cd=1&ved=0ahUKEwiwpOq1_fTaAhXRDOwKHRVHDeYQFggvMAA&url=https%3A%2F%2Fwww.fc-schnaittach.de%2F&usg=AOvVaw3_Ymh46BSTC8eXvkBrcWTV" "Mozilla/5.0 (Windows NT 10.0; WOW64; Trident/7.0; rv:11.0) like Gecko" "-"
143.164.1.11 - - [08/May/2018:03:38:12 +0200] "GET /wp-content/plugins/contact-form-7/includes/css/styles.css?ver=5.0.1 HTTP/1.1" 200 1683 www.fc-schnaittach.de "https://www.fc-schnaittach.de/" "Mozilla/5.0 (Windows NT 10.0; WOW64; Trident/7.0; rv:11.0) like Gecko" "-"
