143.164.1.11 - - [08/May/2018:03:38:12 +0200] "GET /wp-includes/js/jquery/jquery-migrate.min.js?ver=1.4.1 HTTP/1.1" 200 10056 www.fc-schnaittach.de "https://www.fc-schnaittach.de/" "Mozilla/5.0 (Windows NT 10.0; WOW64; Trident/7.0; rv:11.0) like Gecko" "-"
143.164.1.11 - - [08/May/2018:03:38:12 +0200] "GET /wp-content/plugins/feedzy-rss-feeds/css/feedzy-rss-feeds.css?ver=3.2.10 HTTP/1.1" 200 9822 www.fc-schnaittach.de "https://www.fc-schnaittach.de/" "Mozilla/5.0 (Windows NT 10.0; WOW64; Trident/7.0; rv:11.0) like Gecko" "-"
143.164.1.11 - - [08/May/2018:03:38:12 +0200] "GET /wp-content/plugins/recently-updated-posts-widget/css/style.css?ver=4.9.5 HTTP/1.1" 200 45 www.fc-schnaittach.de "https://www.fc-schnaittach.de/" "Mozilla/5.0 (Windows NT 10.0; WOW64; Trident/7.0; rv:11.0) like Gecko" "-"
143.164.1.11 - - [08/May/2018:03:38:12 +0200] "GET /wp-content/plugins/user-access-manager/assets/css/uamLoginForm.css?ver=2.1.11 HTTP/1.1" 200 468 www.fc-schnaittach.de "https://www.fc-schnaittach.de/" "Mozilla/5.0 (Windows NT 10.0; WOW64; Trident/7.0; rv:11.0) like Gecko" "-"
143.164.1.11 - - [08/May/2018:03:38:12 +0200] "GET /wp-includes/js/jquery/jquery.js?ver=1.12.4 HTTP/1.1" 200 97184 www.fc-schnaittach.de "https://www.fc-schnaittach.de/" "Mozilla/5.0 (Windows NT 10.0; WOW64; Trident/7.0; rv:11.0) like Gecko" "-"
143.164.1.11 - - [08/May/2018:03:38:12 +0200] "GET /wp-content/themes/fcs/css/jquery.smartmenus.bootstrap.css?ver=1418749976 HTTP/1.1" 200 3128 www.fc-schnaittach.de "https://www.fc-schnaittach.de/" "Mozilla/5.0 (Windows NT 10.0; WOW64; Trident/7.0; rv:11.0) like Gecko" "-"
143.164.1.11 - - [08/May/2018:03:38:12 +0200] "GET /wp-content/themes/fcs/images/production/Transparent.png HTTP/1.1" 200 124 www.fc-schnaittach.de "https://www.fc-schnaittach.de/" "Mozilla/5.0 (Windows NT 10.0; WOW64; Trident/7.0; rv:11.0) like Gecko" "-"
143.164.1.11 - - [08/May/2018:03:38:12 +0200] "GET /wp-content/themes/fcs/style.css?ver=1460744932 HTTP/1.1" 200 22587 www.fc-schnaittach.de "https://www.fc-schnaittach.de/" "Mozilla/5.0 (Windows NT 10.0; WOW64; Trident/7.0; rv:11.0) like Gecko" "-"
143.164.1.11 - - [08/May/2018:03:38:13 +0200] "GET /wp-content/themes/fcs/images/production/FcsWappen.png HTTP/1.1" 200 12482 www.fc-schnaittach.de "https://www.fc-schnaittach.de/" "Mozilla/5.0 (Windows NT 10.0; WOW64; Trident/7.0; rv:11.0) like Gecko" "-"
143.164.1.11 - - [08/May/2018:03:38:13 +0200] "GET /wp-content/themes/fcs/images/production/FcsWappen.png?ver=1487205002 HTTP/1.1" 200 12482 www.fc-schnaittach.de "https://www.fc-schnaittach.de/" "Mozilla/5.0 (Windows NT 10.0; WOW64; Trident/7.0; rv:11.0) like Gecko" "-"
143.164.1.11 - - [08/May/2018:03:38:13 +0200] "GET /wp-content/themes/fcs/images/production/Transparent.png?ver=1487205002 HTTP/1.1" 200 124 www.fc-schnaittach.de "https://www.fc-schnaittach.de/" "Mozilla/5.0 (Windows NT 10.0; WOW64; Trident/7.0; rv:11.0) like Gecko" "-"
143.164.1.11 - - [08/May/2018:03:38:13 +0200] "GET /wp-content/themes/fcs/js/jquery.smartmenus.min.js?ver=1418750004 HTTP/1.1" 200 22672 www.fc-schnaittach.de "https://www.fc-schnaittach.de/" "Mozilla/5.0 (Windows NT 10.0; WOW64; Trident/7.0; rv:11.0) like Gecko" "-"
143.164.1.11 - - [08/May/2018:03:38:13 +0200] "GET /wp-content/themes/fcs/js/fcs.js?ver=1442772175 HTTP/1.1" 200 5542 www.fc-schnaittach.de "https://www.fc-schnaittach.de/" "Mozilla/5.0 (Windows NT 10.0; WOW64; Trident/7.0; rv:11.0) like Gecko" "-"
143.164.1.11 - - [08/May/2018:03:38:13 +0200] "GET /wp-content/themes/fcs/js/jquery.smartmenus.bootstrap.min.js?ver=1418750004 HTTP/1.1" 200 1252 www.fc-schnaittach.de "https://www.fc-schnaittach.de/" "Mozilla/5.0 (Windows NT 10.0; WOW64; Trident/7.0; rv:11.0) like Gecko" "-"
143.164.1.11 - - [08/May/2018:03:38:13 +0200] "GET /wp-content/plugins/contact-form-7/includes/js/scripts.js?ver=5.0.1 HTTP/1.1" 200 14551 www.fc-schnaittach.de "https://www.fc-schnaittach.de/" "Mozilla/5.0 (Windows NT 10.0; WOW64; Trident/7.0; rv:11.0) like Gecko" "-"
143.164.1.11 - - [08/May/2018:03:38:13 +0200] "GET /wp-includes/js/wp-embed.min.js?ver=4.9.5 HTTP/1.1" 200 1398 www.fc-schnaittach.de "https://www.fc-schnaittach.de/" "Mozilla/5.0 (Windows NT 10.0; WOW64; Trident/7.0; rv:11.0) like Gecko" "-"
143.164.1.11 - - [08/May/2018:03:38:13 +0200] "GET /wp-includes/js/wp-emoji-release.min.js?ver=4.9.5 HTTP/1.1" 200 11721 www.fc-schnaittach.de "https://www.fc-schnaittach.de/" "Mozilla/5.0 (Windows NT 10.0; WOW64; Trident/7.0; rv:11.0) like Gecko" "-"
143.164.1.11 - - [08/May/2018:03:38:13 +0200] "GET /wp-content/themes/fcs/images/production/Tischtennis_Production.jpg?ver=1487205002 HTTP/1.1" 200 16063 www.fc-schnaittach.de "https://www.fc-schnaittach.de/" "Mozilla/5.0 (Windows NT 10.0; WOW64; Trident/7.0; rv:11.0) like Gecko" "-"
143.164.1.11 - - [08/May/2018:03:38:13 +0200] "GET /wp-content/themes/fcs/images/production/Fussball_Production.jpg?ver=1487205002 HTTP/1.1" 200 24902 www.fc-schnaittach.de "https://www.fc-schnaittach.de/" "Mozilla/5.0 (Windows NT 10.0; WOW64; Trident/7.0; rv:11.0) like Gecko" "-"
143.164.1.11 - - [08/May/2018:03:38:13 +0200] "GET /wp-content/themes/fcs/images/production/Budo_Production.jpg?ver=1487205003 HTTP/1.1" 200 9924 www.fc-schnaittach.de "https://www.fc-schnaittach.de/" "Mozilla/5.0 (Windows NT 10.0; WOW64; Trident/7.0; rv:11.0) like Gecko" "-"
143.164.1.11 - - [08/May/2018:03:38:13 +0200] "GET /wp-content/themes/fcs/images/production/Wandern_Production.jpg?ver=1487205003 HTTP/1.1" 200 16247 www.fc-schnaittach.de "https://www.fc-schnaittach.de/" "Mozilla/5.0 (Windows NT 10.0; WOW64; Trident/7.0; rv:11.0) like Gecko" "-"
143.164.1.11 - - [08/May/2018:03:38:13 +0200] "GET /wp-content/uploads/2018/05/Small_Wall_1-300x300.jpg HTTP/1.1" 200 25990 www.fc-schnaittach.de "https://www.fc-schnaittach.de/" "Mozilla/5.0 (Windows NT 10.0; WOW64; Trident/7.0; rv:11.0) like Gecko" "-"
143.164.1.11 - - [08/May/2018:03:38:13 +0200] "GET /wp-content/themes/fcs/images/production/Zumba_Production.jpg?ver=1487205003 HTTP/1.1" 200 54365 www.fc-schnaittach.de "https://www.fc-schnaittach.de/" "Mozilla/5.0 (Windows NT 10.0; WOW64; Trident/7.0; rv:11.0) like Gecko" "-"
143.164.1.11 - - [08/May/2018:03:38:13 +0200] "GET /wp-content/themes/fcs/images/production/WappenThumbnail.png HTTP/1.1" 200 13158 www.fc-schnaittach.de "https://www.fc-schnaittach.de/" "Mozilla/5.0 (Windows NT 10.0; WOW64; Trident/7.0; rv:11.0) like Gecko" "-"
143.164.1.11 - - [08/May/2018:03:38:13 +0200] "GET /wp-content/themes/fcs/images/production/FcsWappen.ico?ver=1420564287 HTTP/1.1" 200 4606 www.fc-schnaittach.de "-" "Mozilla/5.0 (Windows NT 10.0; Win64; x64; Trident/7.0; rv:11.0) like Gecko" "-"
143.164.1.11 - - [08/May/2018:03:38:13 +0200] "GET /wp-content/themes/fcs/images/production/Karate_Production.jpg?ver=1487205002 HTTP/1.1" 200 16055 www.fc-schnaittach.de "https://www.fc-schnaittach.de/" "Mozilla/5.0 (Windows NT 10.0; WOW64; Trident/7.0; rv:11.0) like Gecko" "-"
143.164.1.11 - - [08/May/2018:03:38:13 +0200] "GET /wp-content/uploads/2017/09/SAM_1659-300x225.jpg HTTP/1.1" 200 20551 www.fc-schnaittach.de "https://www.fc-schnaittach.de/" "Mozilla/5.0 (Windows NT 10.0; WOW64; Trident/7.0; rv:11.0) like Gecko" "-"
143.164.1.11 - - [08/May/2018:03:38:13 +0200] "GET /wp-content/uploads/2017/06/Sporterlebnistag_04-4-300x189.jpg HTTP/1.1" 200 17229 www.fc-schnaittach.de "https://www.fc-schnaittach.de/" "Mozilla/5.0 (Windows NT 10.0; WOW64; Trident/7.0; rv:11.0) like Gecko" "-"
143.164.1.11 - - [08/May/2018:03:38:19 +0200] "GET /hauptverein/geschichte/ HTTP/1.1" 200 8082 www.fc-schnaittach.de "https://www.fc-schnaittach.de/" "Mozilla/5.0 (Windows NT 10.0; WOW64; Trident/7.0; rv:11.0) like Gecko" "-"
143.164.1.11 - - [08/May/2018:03:38:19 +0200] "GET /wp-content/uploads/2015/04/FCS-1Jugend-1959-300x209.gif HTTP/1.1" 301 293 www.fc-schnaittach.de "-" "Mozilla/5.0 (Windows NT 10.0; WOW64; Trident/7.0; rv:11.0) like Gecko" "-"
143.164.1.11 - - [08/May/2018:03:38:19 +0200] "GET /wp-content/uploads/2015/04/FCS-1Jugend-1959-300x209.gif HTTP/1.1" 200 33426 www.fc-schnaittach.de "-" "Mozilla/5.0 (Windows NT 10.0; WOW64; Trident/7.0; rv:11.0) like Gecko" "-"
143.164.1.11 - - [08/May/2018:03:38:19 +0200] "GET /wp-content/uploads/2015/04/FCS-2-Mannschaft-Meister-19-300x225.jpg HTTP/1.1" 301 304 www.fc-schnaittach.de "-" "Mozilla/5.0 (Windows NT 10.0; WOW64; Trident/7.0; rv:11.0) like Gecko" "-"
143.164.1.11 - - [08/May/2018:03:38:20 +0200] "GET /wp-content/uploads/2015/04/FCS-2-Mannschaft-Meister-19-300x225.jpg HTTP/1.1" 200 23895 www.fc-schnaittach.de "-" "Mozilla/5.0 (Windows NT 10.0; WOW64; Trident/7.0; rv:11.0) like Gecko" "-"
143.164.1.11 - - [08/May/2018:03:38:20 +0200] "GET /wp-content/uploads/2015/04/2-Mannschaft-1960-1-300x201.jpg HTTP/1.1" 301 296 www.fc-schnaittach.de "-" "Mozilla/5.0 (Windows NT 10.0; WOW64; Trident/7.0; rv:11.0) like Gecko" "-"
143.164.1.11 - - [08/May/2018:03:38:20 +0200] "GET /wp-content/uploads/2015/04/2-Mannschaft-1960-1-300x201.jpg HTTP/1.1" 200 20819 www.fc-schnaittach.de "-" "Mozilla/5.0 (Windows NT 10.0; WOW64; Trident/7.0; rv:11.0) like Gecko" "-"
143.164.1.11 - - [08/May/2018:03:38:20 +0200] "GET /wp-content/uploads/2015/04/1.Mannschaft-1955-300x214.jpg HTTP/1.1" 301 294 www.fc-schnaittach.de "-" "Mozilla/5.0 (Windows NT 10.0; WOW64; Trident/7.0; rv:11.0) like Gecko" "-"
143.164.1.11 - - [08/May/2018:03:38:20 +0200] "GET /wp-content/uploads/2015/04/1.Mannschaft-1955-300x214.jpg HTTP/1.1" 200 24384 www.fc-schnaittach.de "-" "Mozilla/5.0 (Windows NT 10.0; WOW64; Trident/7.0; rv:11.0) like Gecko" "-"
143.164.1.11 - - [08/May/2018:03:38:20 +0200] "GET /wp-content/uploads/2015/04/FCS-1-Mannschaft-1961-2-300x201.jpg HTTP/1.1" 301 300 www.fc-schnaittach.de "-" "Mozilla/5.0 (Windows NT 10.0; WOW64; Trident/7.0; rv:11.0) like Gecko" "-"
143.164.1.11 - - [08/May/2018:03:38:20 +0200] "GET /wp-content/uploads/2015/04/FCS-1-Mannschaft-1961-2-300x201.jpg HTTP/1.1" 200 18857 www.fc-schnaittach.de "-" "Mozilla/5.0 (Windows NT 10.0; WOW64; Trident/7.0; rv:11.0) like Gecko" "-"
143.164.1.11 - - [08/May/2018:03:39:25 +0200] "GET /category/news/100-jahre/ HTTP/1.1" 200 6680 www.fc-schnaittach.de "https://www.fc-schnaittach.de/hauptverein/geschichte/" "Mozilla/5.0 (Windows NT 10.0; WOW64; Trident/7.0; rv:11.0) like Gecko" "-"
143.164.1.11 - - [08/May/2018:03:39:40 +0200] "GET /schirmherr/ HTTP/1.1" 200 6244 www.fc-schnaittach.de "https://www.fc-schnaittach.de/category/news/100-jahre/" "Mozilla/5.0 (Windows NT 10.0; WOW64; Trident/7.0; rv:11.0) like Gecko" "-"
18.237.81.91 - - [08/May/2018:03:54:41 +0200] "GET /wp-login.php HTTP/1.1" 200 1309 fc-schnaittach.de "https://www.google.com" "Mozilla/5.0 (Windows NT 6.1; rv:33.0) Gecko/20100101 Firefox/33.0" "-"
18.237.81.91 - - [08/May/2018:03:54:53 +0200] "POST /wp-login.php HTTP/1.1" 200 1616 fc-schnaittach.de "https://www.google.com" "Mozilla/5.0 (Windows NT 6.1; rv:33.0) Gecko/20100101 Firefox/33.0" "-"
54.36.148.90 - - [08/May/2018:03:58:37 +0200] "GET /budo/terminplan-2015/ HTTP/1.1" 200 6127 www.fc-schnaittach.de "-" "Mozilla/5.0 (compatible; AhrefsBot/5.2; +http://ahrefs.com/robot/)" "-"
40.77.167.86 - - [08/May/2018:04:05:38 +0200] "GET /sporterlebnistag-am-1-juni/feed/ HTTP/1.1" 200 559 www.fc-schnaittach.de "-" "Mozilla/5.0 (compatible; bingbot/2.0; +http://www.bing.com/bingbot.htm)" "-"
194.87.94.251 - - [08/May/2018:04:15:32 +0200] "HEAD / HTTP/1.1" 301 - www.fc-schnaittach.de "http://santaren.by" "Mozilla/6.0 (compatible; MSIE6.00; Windows 2006)" "-"
157.55.39.4 - - [08/May/2018:04:20:55 +0200] "GET /maifeiertag-2017/feed/ HTTP/1.1" 200 545 www.fc-schnaittach.de "-" "Mozilla/5.0 (compatible; bingbot/2.0; +http://www.bing.com/bingbot.htm)" "-"
77.88.9.136 - - [08/May/2018:04:21:29 +0200] "GET /robots.txt HTTP/1.1" 301 248 fc-schnaittach.de "-" "Mozilla/5.0 (compatible; YandexBot/3.0; +http://yandex.com/bots)" "-"
141.8.141.129 - - [08/May/2018:04:21:32 +0200] "GET / HTTP/1.1" 301 238 fc-schnaittach.de "-" "Mozilla/5.0 (compatible; YandexBot/3.0; +http://yandex.com/bots)" "-"
141.8.141.133 - - [08/May/2018:04:21:33 +0200] "GET / HTTP/1.1" 200 7739 www.fc-schnaittach.de "-" "Mozilla/5.0 (compatible; YandexBot/3.0; +http://yandex.com/bots)" "-"
66.249.66.149 - - [08/May/2018:04:30:23 +0200] "GET /wp-content/uploads/2015/03/Anna-Wysocki-300x225.jpg HTTP/1.1" 304 - www.fc-schnaittach.de "-" "Googlebot-Image/1.0" "-"
217.160.63.10 - - [08/May/2018:04:30:23 +0200] "POST /wp-cron.php?doing_wp_cron=1525746623.5052011013031005859375 HTTP/1.1" 200 23 www.fc-schnaittach.de "https://www.fc-schnaittach.de/wp-cron.php?doing_wp_cron=1525746623.5052011013031005859375" "WordPress/4.9.5; https://www.fc-schnaittach.de" "-"
40.77.167.86 - - [08/May/2018:04:30:23 +0200] "GET /kirwa-turnier-1-fc-schnaittach/feed/ HTTP/1.1" 200 552 www.fc-schnaittach.de "-" "Mozilla/5.0 (compatible; bingbot/2.0; +http://www.bing.com/bingbot.htm)" "-"
66.249.66.134 - - [08/May/2018:04:32:26 +0200] "GET /sitemap-pt-contactperson-2017-10.xml HTTP/1.1" 200 492 www.fc-schnaittach.de "-" "Mozilla/5.0 (compatible; Googlebot/2.1; +http://www.google.com/bot.html)" "-"
54.36.149.76 - - [08/May/2018:04:34:28 +0200] "GET /wp-content/uploads/2015/06/WP_20150626_16_07_13_Pro.jpg HTTP/1.1" 301 293 www.fc-schnaittach.de "-" "Mozilla/5.0 (compatible; AhrefsBot/5.2; +http://ahrefs.com/robot/)" "-"
157.55.39.4 - - [08/May/2018:04:34:28 +0200] "GET /der-1-fc-schnaittach-erhaelt-die-goldene-raute-des-bfv/feed/ HTTP/1.1" 200 602 www.fc-schnaittach.de "-" "Mozilla/5.0 (compatible; bingbot/2.0; +http://www.bing.com/bingbot.htm)" "-"
40.77.189.241 - - [08/May/2018:04:38:38 +0200] "GET /wp-includes/js/wp-emoji-release.min.js?ver=4.9.5 HTTP/1.1" 200 11721 www.fc-schnaittach.de "https://www.fc-schnaittach.de/hauptverein/geschichte/" "Mozilla/5.0 (Windows NT 6.1; WOW64) AppleWebKit/534+ (KHTML, like Gecko) BingPreview/1.0b" "-"
40.77.189.241 - - [08/May/2018:04:38:38 +0200] "GET /wp-content/plugins/feedzy-rss-feeds/css/feedzy-rss-feeds.css?ver=3.2.10 HTTP/1.1" 200 9822 www.fc-schnaittach.de "https://www.fc-schnaittach.de/hauptverein/geschichte/" "Mozilla/5.0 (Windows NT 6.1; WOW64) AppleWebKit/534+ (KHTML, like Gecko) BingPreview/1.0b" "-"
40.77.189.241 - - [08/May/2018:04:38:38 +0200] "GET /wp-includes/js/jquery/jquery-migrate.min.js?ver=1.4.1 HTTP/1.1" 200 10056 www.fc-schnaittach.de "https://www.fc-schnaittach.de/hauptverein/geschichte/" "Mozilla/5.0 (Windows NT 6.1; WOW64) AppleWebKit/534+ (KHTML, like Gecko) BingPreview/1.0b" "-"
40.77.189.241 - - [08/May/2018:04:38:39 +0200] "GET /wp-content/themes/fcs/css/jquery.smartmenus.bootstrap.css?ver=1418749976 HTTP/1.1" 200 3128 www.fc-schnaittach.de "https://www.fc-schnaittach.de/hauptverein/geschichte/" "Mozilla/5.0 (Windows NT 6.1; WOW64) AppleWebKit/534+ (KHTML, like Gecko) BingPreview/1.0b" "-"
40.77.189.241 - - [08/May/2018:04:38:39 +0200] "GET /wp-content/themes/fcs/style.css?ver=1460744932 HTTP/1.1" 200 22587 www.fc-schnaittach.de "https://www.fc-schnaittach.de/hauptverein/geschichte/" "Mozilla/5.0 (Windows NT 6.1; WOW64) AppleWebKit/534+ (KHTML, like Gecko) BingPreview/1.0b" "-"
40.77.189.241 - - [08/May/2018:04:38:39 +0200] "GET /wp-content/themes/fcs/js/fcs.js?ver=1442772175 HTTP/1.1" 200 5542 www.fc-schnaittach.de "https://www.fc-schnaittach.de/hauptverein/geschichte/" "Mozilla/5.0 (Windows NT 6.1; WOW64) AppleWebKit/534+ (KHTML, like Gecko) BingPreview/1.0b" "-"
40.77.189.241 - - [08/May/2018:04:38:39 +0200] "GET /wp-content/themes/fcs/js/jquery.smartmenus.min.js?ver=1418750004 HTTP/1.1" 200 22672 www.fc-schnaittach.de "https://www.fc-schnaittach.de/hauptverein/geschichte/" "Mozilla/5.0 (Windows NT 6.1; WOW64) AppleWebKit/534+ (KHTML, like Gecko) BingPreview/1.0b" "-"
40.77.189.241 - - [08/May/2018:04:38:40 +0200] "GET /wp-includes/js/wp-embed.min.js?ver=4.9.5 HTTP/1.1" 200 1398 www.fc-schnaittach.de "https://www.fc-schnaittach.de/hauptverein/geschichte/" "Mozilla/5.0 (Windows NT 6.1; WOW64) AppleWebKit/534+ (KHTML, like Gecko) BingPreview/1.0b" "-"
40.77.167.86 - - [08/May/2018:04:38:59 +0200] "GET /ansprechpartner/fussball/ HTTP/1.1" 200 8192 www.fc-schnaittach.de "-" "Mozilla/5.0 (compatible; bingbot/2.0; +http://www.bing.com/bingbot.htm)" "-"
212.175.77.165 - - [08/May/2018:04:43:54 +0200] "GET /wp-login.php HTTP/1.1" 301 250 fc-schnaittach.de "-" "Mozilla/5.0 (Windows NT 6.0; rv:34.0) Gecko/20100101 Firefox/34.0" "-"
212.175.77.165 - - [08/May/2018:04:44:06 +0200] "GET /wp-login.php HTTP/1.1" 200 2793 www.fc-schnaittach.de "-" "Mozilla/5.0 (Windows NT 6.0; rv:34.0) Gecko/20100101 Firefox/34.0" "-"
212.175.77.165 - - [08/May/2018:04:44:18 +0200] "POST /wp-login.php HTTP/1.1" 503 299 www.fc-schnaittach.de "https://www.fc-schnaittach.de/wp-login.php" "Mozilla/5.0 (Windows NT 6.0; rv:34.0) Gecko/20100101 Firefox/34.0" "-"
2a03:2880:30:afd2:face:b00c:0:8000 - - [08/May/2018:04:47:02 +0200] "GET /wp-content/uploads/2018/03/DIN_A6_Flyer_22.02.2018_1.png HTTP/1.1" 200 205587 www.fc-schnaittach.de "-" "facebookexternalhit/1.1 (+http://www.facebook.com/externalhit_uatext.php)" "-"
66.249.66.132 - - [08/May/2018:04:47:12 +0200] "GET /sitemap-pt-post-2016-07.xml HTTP/1.1" 200 494 www.fc-schnaittach.de "-" "Mozilla/5.0 (compatible; Googlebot/2.1; +http://www.google.com/bot.html)" "-"
66.249.66.151 - - [08/May/2018:04:47:28 +0200] "GET /sitemap-pt-post-2016-06.xml HTTP/1.1" 200 602 www.fc-schnaittach.de "-" "Mozilla/5.0 (compatible; Googlebot/2.1; +http://www.google.com/bot.html)" "-"
151.80.39.143 - - [08/May/2018:04:50:05 +0200] "GET /robots.txt HTTP/1.1" 301 248 fc-schnaittach.de "-" "Mozilla/5.0 (compatible; AhrefsBot/5.2; +http://ahrefs.com/robot/)" "-"
151.80.39.143 - - [08/May/2018:04:50:06 +0200] "GET /robots.txt HTTP/1.1" 200 35 www.fc-schnaittach.de "-" "Mozilla/5.0 (compatible; AhrefsBot/5.2; +http://ahrefs.com/robot/)" "-"
54.36.149.39 - - [08/May/2018:04:50:06 +0200] "GET /ansprechpartner/fussball HTTP/1.1" 301 23 fc-schnaittach.de "-" "Mozilla/5.0 (compatible; AhrefsBot/5.2; +http://ahrefs.com/robot/)" "-"
40.77.167.86 - - [08/May/2018:05:00:38 +0200] "GET /wp-content/uploads/2015/03/Nadine-Vogl.jpg HTTP/1.1" 301 280 www.fc-schnaittach.de "-" "Mozilla/5.0 (compatible; bingbot/2.0; +http://www.bing.com/bingbot.htm)" "-"
40.77.167.86 - - [08/May/2018:05:00:41 +0200] "GET /wp-content/uploads/2015/03/Nadine-Vogl.jpg HTTP/1.1" 200 64963 www.fc-schnaittach.de "-" "Mozilla/5.0 (compatible; bingbot/2.0; +http://www.bing.com/bingbot.htm)" "-"
207.46.13.78 - - [08/May/2018:05:13:29 +0200] "GET /wp-content/uploads/2016/11/Stefanie-Panusch.jpg HTTP/1.1" 301 285 www.fc-schnaittach.de "-" "Mozilla/5.0 (compatible; bingbot/2.0; +http://www.bing.com/bingbot.htm)" "-"
207.46.13.78 - - [08/May/2018:05:13:30 +0200] "GET /wp-content/uploads/2016/11/Stefanie-Panusch.jpg HTTP/1.1" 200 883473 www.fc-schnaittach.de "-" "Mozilla/5.0 (compatible; bingbot/2.0; +http://www.bing.com/bingbot.htm)" "-"
185.209.20.147 - - [08/May/2018:05:16:56 +0200] "HEAD / HTTP/1.1" 301 - www.fc-schnaittach.de "http://credit-card-tinkoff.ru" "Mozilla/5.0 (compatible; MSIE2.00; Windows 2003)" "-"
77.220.213.173 - - [08/May/2018:05:16:56 +0200] "HEAD / HTTP/1.1" 301 - www.fc-schnaittach.de "http://kabinet-online-open.ru" "Mozilla/8.0 (compatible; MSIE2.00; Windows 2005)" "-"
77.220.214.180 - - [08/May/2018:05:16:56 +0200] "HEAD / HTTP/1.1" 301 - www.fc-schnaittach.de "http://online-vostbank.ru" "Mozilla/6.0 (compatible; MSIE6.00; Windows 2008)" "-"
185.154.13.6 - - [08/May/2018:05:16:57 +0200] "HEAD / HTTP/1.1" 301 - www.fc-schnaittach.de "http://kabinet-online-bm.ru" "Mozilla/7.0 (compatible; MSIE6.00; Windows 2004)" "-"
178.159.39.237 - - [08/May/2018:05:16:57 +0200] "HEAD / HTTP/1.1" 301 - www.fc-schnaittach.de "http://kabinet-alfaclick.ru" "Mozilla/8.0 (compatible; MSIE3.00; Windows 2008)" "-"
178.159.43.212 - - [08/May/2018:05:16:58 +0200] "HEAD / HTTP/1.1" 301 - www.fc-schnaittach.de "http://kabinet-online-rsb.ru" "Mozilla/4.0 (compatible; MSIE4.00; Windows 2007)" "-"
40.77.167.86 - - [08/May/2018:05:17:54 +0200] "GET /tag/2015/feed/ HTTP/1.1" 200 590 www.fc-schnaittach.de "-" "Mozilla/5.0 (compatible; bingbot/2.0; +http://www.bing.com/bingbot.htm)" "-"
157.55.39.4 - - [08/May/2018:05:21:21 +0200] "GET /tag/spenderstein/feed/ HTTP/1.1" 200 1143 www.fc-schnaittach.de "-" "Mozilla/5.0 (compatible; bingbot/2.0; +http://www.bing.com/bingbot.htm)" "-"
185.236.130.120 - - [08/May/2018:05:25:08 +0200] "HEAD / HTTP/1.1" 301 - www.fc-schnaittach.de "http://kabinet-online-sovcombank.ru" "Mozilla/4.0 (compatible; MSIE4.00; Windows 2004)" "-"
185.236.130.56 - - [08/May/2018:05:25:08 +0200] "HEAD / HTTP/1.1" 301 - www.fc-schnaittach.de "http://online-raiffeisen.ru" "Mozilla/8.0 (compatible; MSIE6.00; Windows 2009)" "-"
217.160.63.10 - - [08/May/2018:05:27:29 +0200] "POST /wp-cron.php?doing_wp_cron=1525750049.5065279006958007812500 HTTP/1.1" 301 297 www.fc-schnaittach.de "http://www.fc-schnaittach.de/wp-cron.php?doing_wp_cron=1525750049.5065279006958007812500" "WordPress/4.9.5; https://www.fc-schnaittach.de" "-"
212.83.176.116 - - [08/May/2018:05:27:29 +0200] "POST /google.php HTTP/1.1" 200 23635 fc-schnaittach.de "-" "Mozilla/5.0 (Windows NT 6.1; Win64; x64) AppleWebKit/537.36 (KHTML, like Gecko) Chrome/60.0.3112.113 Safari/537.36" "-"
217.160.63.10 - - [08/May/2018:05:32:29 +0200] "POST /wp-cron.php?doing_wp_cron=1525750349.8343780040740966796875 HTTP/1.1" 301 297 www.fc-schnaittach.de "http://www.fc-schnaittach.de/wp-cron.php?doing_wp_cron=1525750349.8343780040740966796875" "WordPress/4.9.5; https://www.fc-schnaittach.de" "-"
52.47.168.171 - - [08/May/2018:05:32:29 +0200] "GET /ads.txt HTTP/1.1" 301 23 fc-schnaittach.de "-" "Mozilla/5.0 (Macintosh; Intel Mac OS X 10.13; rv:58.0) Gecko/20100101 Firefox/58.0" "-"
52.47.168.171 - - [08/May/2018:05:32:30 +0200] "GET /ads.txt HTTP/1.1" 404 5779 www.fc-schnaittach.de "http://fc-schnaittach.de/ads.txt" "Mozilla/5.0 (Macintosh; Intel Mac OS X 10.13; rv:58.0) Gecko/20100101 Firefox/58.0" "-"
52.47.168.171 - - [08/May/2018:05:32:30 +0200] "GET /ads.txt HTTP/1.1" 404 5779 www.fc-schnaittach.de "-" "Mozilla/5.0 (Macintosh; Intel Mac OS X 10.13; rv:58.0) Gecko/20100101 Firefox/58.0" "-"
195.133.145.199 - - [08/May/2018:05:36:50 +0200] "HEAD / HTTP/1.1" 301 - www.fc-schnaittach.de "https://leboard.ru/ru/otdyh_v_gostevyh_domah" "Mozilla/6.0 (compatible; MSIE6.00; Windows 2004)" "-"
99.229.227.57 - - [08/May/2018:05:39:22 +0200] "GET /wp-content/uploads/2015/12/Julius-Hirsch-Preis-Anschreiben-2015.jpg HTTP/1.1" 301 305 www.fc-schnaittach.de "http://visaletter.club/anschreiben-neuer-ansprechpartner.html" "Mozilla/5.0 (compatible; TinEye-bot/1.31; +http://www.tineye.com/crawler.html)" "-"
99.229.227.57 - - [08/May/2018:05:39:25 +0200] "GET /wp-content/uploads/2015/12/Julius-Hirsch-Preis-Anschreiben-2015.jpg HTTP/1.1" 200 126581 www.fc-schnaittach.de "http://visaletter.club/anschreiben-neuer-ansprechpartner.html" "Mozilla/5.0 (compatible; TinEye-bot/1.31; +http://www.tineye.com/crawler.html)" "-"
40.77.167.86 - - [08/May/2018:05:44:33 +0200] "GET /wp-content/uploads/2018/04/A3-Poster.jpeg HTTP/1.1" 200 1321632 www.fc-schnaittach.de "-" "Mozilla/5.0 (compatible; bingbot/2.0; +http://www.bing.com/bingbot.htm)" "-"
5.45.203.13 - - [08/May/2018:05:46:39 +0200] "GET /robots.txt HTTP/1.1" 301 248 www.fc-schnaittach.de "-" "Mozilla/5.0 (compatible; YandexBot/3.0; +http://yandex.com/bots)" "-"
5.45.203.13 - - [08/May/2018:05:46:43 +0200] "GET /wp-content/uploads/2015/01/DSC00624-300x200.jpg HTTP/1.1" 301 285 www.fc-schnaittach.de "-" "Mozilla/5.0 (compatible; YandexImages/3.0; +http://yandex.com/bots)" "-"
87.250.233.75 - - [08/May/2018:05:46:44 +0200] "GET /wp-content/uploads/2015/01/DSC00624-300x200.jpg HTTP/1.1" 200 19354 www.fc-schnaittach.de "-" "Mozilla/5.0 (compatible; YandexImages/3.0; +http://yandex.com/bots)" "-"
217.160.63.10 - - [08/May/2018:05:48:07 +0200] "POST /wp-cron.php?doing_wp_cron=1525751287.2853379249572753906250 HTTP/1.1" 301 297 www.fc-schnaittach.de "http://www.fc-schnaittach.de/wp-cron.php?doing_wp_cron=1525751287.2853379249572753906250" "WordPress/4.9.5; https://www.fc-schnaittach.de" "-"
157.55.39.4 - - [08/May/2018:05:48:07 +0200] "GET /fussball/2-mannschaft/facebook-news/feed/ HTTP/1.1" 200 559 www.fc-schnaittach.de "-" "Mozilla/5.0 (compatible; bingbot/2.0; +http://www.bing.com/bingbot.htm)" "-"
217.160.63.10 - - [08/May/2018:06:00:17 +0200] "POST /wp-cron.php?doing_wp_cron=1525752017.6252110004425048828125 HTTP/1.1" 200 23 www.fc-schnaittach.de "https://www.fc-schnaittach.de/wp-cron.php?doing_wp_cron=1525752017.6252110004425048828125" "WordPress/4.9.5; https://www.fc-schnaittach.de" "-"
5.9.106.81 - - [08/May/2018:06:00:17 +0200] "GET /hauptverein/sponsoren/ HTTP/1.1" 200 27798 www.fc-schnaittach.de "-" "Mozilla/5.0 (Macintosh; Intel Mac OS X 10.13; rv:58.0) Gecko/20100101 Firefox/58.0" "-"
88.198.43.207 - - [08/May/2018:06:00:17 +0200] "GET /hauptverein/sponsoren/ HTTP/1.1" 200 27762 www.fc-schnaittach.de "-" "Mozilla/5.0 (Windows NT 10.0; Win64; x64; rv:58.0) Gecko/20100101 Firefox/58.0" "-"
62.2.217.3 - - [08/May/2018:06:01:35 +0200] "GET /Dragonrun HTTP/1.1" 301 23 fc-schnaittach.de "http://www.laufkalender24.de/" "Mozilla/5.0 (Windows NT 6.1; WOW64; Trident/7.0; rv:11.0) like Gecko" "-"
62.2.217.3 - - [08/May/2018:06:01:35 +0200] "GET /Dragonrun/ HTTP/1.1" 200 9155 www.fc-schnaittach.de "http://www.laufkalender24.de/" "Mozilla/5.0 (Windows NT 6.1; WOW64; Trident/7.0; rv:11.0) like Gecko" "-"
207.46.13.36 - - [08/May/2018:06:03:56 +0200] "GET /attachment-sitemap.xml HTTP/1.1" 200 11728 www.fc-schnaittach.de "-" "Mozilla/5.0 (compatible; bingbot/2.0; +http://www.bing.com/bingbot.htm)" "-"
207.46.13.36 - - [08/May/2018:06:03:57 +0200] "GET /page-sitemap.xml HTTP/1.1" 200 5231 www.fc-schnaittach.de "-" "Mozilla/5.0 (compatible; bingbot/2.0; +http://www.bing.com/bingbot.htm)" "-"
193.124.190.64 - - [08/May/2018:06:05:13 +0200] "HEAD / HTTP/1.1" 301 - www.fc-schnaittach.de "https://volond.com/articles/articles-games/343-kak-igrat-v-mylands-besplatno" "Mozilla/7.0 (compatible; MSIE3.00; Windows 2008)" "-"
193.124.176.156 - - [08/May/2018:06:05:13 +0200] "HEAD / HTTP/1.1" 301 - www.fc-schnaittach.de "http://prezidentshop.ru/double-fish-aktivator-kleva.html" "Mozilla/5.0 (compatible; MSIE5.00; Windows 2006)" "-"
194.67.210.77 - - [08/May/2018:06:05:13 +0200] "HEAD / HTTP/1.1" 301 - www.fc-schnaittach.de "https://top-instagram.info/irina-sheyk-rossiyskaya-supermodel-i-zvezda-vseh-podiumov/2575/" "Mozilla/8.0 (compatible; MSIE6.00; Windows 2008)" "-"
40.77.167.86 - - [08/May/2018:06:12:09 +0200] "GET /tag/wanderabteilung/feed/ HTTP/1.1" 200 598 www.fc-schnaittach.de "-" "Mozilla/5.0 (compatible; bingbot/2.0; +http://www.bing.com/bingbot.htm)" "-"
40.77.167.86 - - [08/May/2018:06:14:04 +0200] "GET /wp-content/uploads/2014/10/M_Schult-300x296.jpg HTTP/1.1" 301 285 www.fc-schnaittach.de "-" "Mozilla/5.0 (compatible; bingbot/2.0; +http://www.bing.com/bingbot.htm)" "-"
40.77.167.86 - - [08/May/2018:06:14:08 +0200] "GET /wp-content/uploads/2014/10/M_Schult-300x296.jpg HTTP/1.1" 200 23848 www.fc-schnaittach.de "-" "Mozilla/5.0 (compatible; bingbot/2.0; +http://www.bing.com/bingbot.htm)" "-"
207.46.13.36 - - [08/May/2018:06:16:22 +0200] "GET /wp-content/uploads/2015/06/WP_20150725_12_46_48_Pro.jpg HTTP/1.1" 301 293 www.fc-schnaittach.de "-" "Mozilla/5.0 (compatible; bingbot/2.0; +http://www.bing.com/bingbot.htm)" "-"
207.46.13.36 - - [08/May/2018:06:16:23 +0200] "GET /wp-content/uploads/2015/06/WP_20150725_12_46_48_Pro.jpg HTTP/1.1" 200 62715 www.fc-schnaittach.de "-" "Mozilla/5.0 (compatible; bingbot/2.0; +http://www.bing.com/bingbot.htm)" "-"
217.160.63.10 - - [08/May/2018:06:24:26 +0200] "POST /wp-cron.php?doing_wp_cron=1525753466.7049078941345214843750 HTTP/1.1" 301 297 www.fc-schnaittach.de "http://www.fc-schnaittach.de/wp-cron.php?doing_wp_cron=1525753466.7049078941345214843750" "WordPress/4.9.5; https://www.fc-schnaittach.de" "-"
207.46.13.36 - - [08/May/2018:06:24:26 +0200] "GET /tag/spende/feed/ HTTP/1.1" 200 591 www.fc-schnaittach.de "-" "Mozilla/5.0 (compatible; bingbot/2.0; +http://www.bing.com/bingbot.htm)" "-"
87.250.233.75 - - [08/May/2018:06:25:09 +0200] "GET /?p=104 HTTP/1.1" 301 244 www.fc-schnaittach.de "-" "Mozilla/5.0 (compatible; YandexBot/3.0; +http://yandex.com/bots)" "-"
5.255.251.17 - - [08/May/2018:06:25:10 +0200] "GET /robots.txt HTTP/1.1" 200 35 www.fc-schnaittach.de "-" "Mozilla/5.0 (compatible; YandexBot/3.0; +http://yandex.com/bots)" "-"
5.45.203.6 - - [08/May/2018:06:25:13 +0200] "GET /?p=104 HTTP/1.1" 301 23 www.fc-schnaittach.de "-" "Mozilla/5.0 (compatible; YandexBot/3.0; +http://yandex.com/bots)" "-"
5.45.203.19 - - [08/May/2018:06:25:17 +0200] "GET /hauptverein/geschichte/ HTTP/1.1" 200 8083 www.fc-schnaittach.de "-" "Mozilla/5.0 (compatible; YandexBot/3.0; +http://yandex.com/bots)" "-"
66.249.66.151 - - [08/May/2018:06:30:48 +0200] "GET /trainingsplan-sommer-2017/ HTTP/1.1" 200 6585 www.fc-schnaittach.de "-" "Mozilla/5.0 (compatible; Googlebot/2.1; +http://www.google.com/bot.html)" "-"
217.160.63.10 - - [08/May/2018:06:30:49 +0200] "POST /wp-cron.php?doing_wp_cron=1525753848.9558150768280029296875 HTTP/1.1" 200 23 www.fc-schnaittach.de "https://www.fc-schnaittach.de/wp-cron.php?doing_wp_cron=1525753848.9558150768280029296875" "WordPress/4.9.5; https://www.fc-schnaittach.de" "-"
84.181.161.142 - - [08/May/2018:06:44:13 +0200] "GET /wp-login.php?action=lostpassword&error=invalidkey HTTP/1.1" 200 1228 www.fc-schnaittach.de "https://www.fc-schnaittach.de/wp-login.php?action=rp" "Mozilla/5.0 (iPhone; CPU iPhone OS 11_3_1 like Mac OS X) AppleWebKit/604.1.34 (KHTML, like Gecko) CriOS/66.0.3359.122 Mobile/15E302 Safari/604.1" "-"
84.181.161.142 - - [08/May/2018:06:44:15 +0200] "GET /favicon.ico HTTP/1.1" 200 3 www.fc-schnaittach.de "-" "Mozilla/5.0 (iPhone; CPU iPhone OS 11_3_1 like Mac OS X) AppleWebKit/604.1.34 (KHTML, like Gecko) CriOS/66.0.3359.122 Mobile/15E302 Safari/604.1" "-"
84.181.161.142 - - [08/May/2018:06:44:17 +0200] "GET /dragonrun/ HTTP/1.1" 200 9152 www.fc-schnaittach.de "-" "Mozilla/5.0 (iPhone; CPU iPhone OS 11_3 like Mac OS X) AppleWebKit/604.1.34 (KHTML, like Gecko) CriOS/65.0.3325.152 Mobile/15E216 Safari/604.1" "-"
84.181.161.142 - - [08/May/2018:06:44:41 +0200] "GET /dragon-run-kids/ HTTP/1.1" 200 6505 www.fc-schnaittach.de "https://www.fc-schnaittach.de/dragonrun/" "Mozilla/5.0 (iPhone; CPU iPhone OS 11_3_1 like Mac OS X) AppleWebKit/604.1.34 (KHTML, like Gecko) CriOS/66.0.3359.122 Mobile/15E302 Safari/604.1" "-"
84.181.161.142 - - [08/May/2018:06:44:41 +0200] "GET /wp-content/uploads/2018/05/Kidslauf_Dragonrun_2-768x497.png HTTP/1.1" 200 302437 www.fc-schnaittach.de "https://www.fc-schnaittach.de/dragon-run-kids/" "Mozilla/5.0 (iPhone; CPU iPhone OS 11_3_1 like Mac OS X) AppleWebKit/604.1.34 (KHTML, like Gecko) CriOS/66.0.3359.122 Mobile/15E302 Safari/604.1" "-"
84.181.161.142 - - [08/May/2018:06:46:01 +0200] "GET /dragon-run-kids/ HTTP/1.1" 200 6505 www.fc-schnaittach.de "-" "WhatsApp/2.18.41 i" "-"
84.181.161.142 - - [08/May/2018:06:46:01 +0200] "GET /wp-content/uploads/2018/05/Kidslauf_Dragonrun_2.png HTTP/1.1" 206 300000 www.fc-schnaittach.de "-" "WhatsApp/2.18.41 i" "-"
84.181.161.142 - - [08/May/2018:06:46:01 +0200] "GET /wp-content/themes/fcs/images/production/FcsWappenMobileBookmark.png?ver=1487205003 HTTP/1.1" 206 12628 www.fc-schnaittach.de "-" "WhatsApp/2.18.41 i" "-"
188.43.36.22 - - [08/May/2018:06:48:32 +0200] "GET /wp-login.php HTTP/1.1" 301 250 fc-schnaittach.de "-" "Mozilla/5.0 (Windows NT 6.0; rv:34.0) Gecko/20100101 Firefox/34.0" "-"
188.43.36.22 - - [08/May/2018:06:48:44 +0200] "GET /wp-login.php HTTP/1.1" 200 2793 www.fc-schnaittach.de "-" "Mozilla/5.0 (Windows NT 6.0; rv:34.0) Gecko/20100101 Firefox/34.0" "-"
188.43.36.22 - - [08/May/2018:06:48:57 +0200] "POST /wp-login.php HTTP/1.1" 503 299 www.fc-schnaittach.de "https://www.fc-schnaittach.de/wp-login.php" "Mozilla/5.0 (Windows NT 6.0; rv:34.0) Gecko/20100101 Firefox/34.0" "-"
178.137.165.61 - - [08/May/2018:06:56:35 +0200] "GET /karate-teilnahme-an-der-bezirksmeisterschaft-2015/ HTTP/1.1" 200 29796 www.fc-schnaittach.de "https://yhirurga.ru/" "Mozilla/4.0 (compatible; MSIE 5.5; Windows 98)" "-"
178.137.165.61 - - [08/May/2018:06:56:36 +0200] "GET /karate-teilnahme-an-der-bezirksmeisterschaft-2015/ HTTP/1.1" 200 29796 www.fc-schnaittach.de "https://yhirurga.ru/" "Mozilla/4.0 (compatible; MSIE 5.5; Windows 98)" "-"
178.137.165.61 - - [08/May/2018:06:56:37 +0200] "GET /karate-teilnahme-an-der-bezirksmeisterschaft-2015/ HTTP/1.1" 200 29796 www.fc-schnaittach.de "https://yhirurga.ru/" "Mozilla/4.0 (compatible; MSIE 5.5; Windows 98)" "-"
61.154.29.185 - - [08/May/2018:06:58:19 +0200] "GET /wp-content/plugins/wpmarketplace/css/extends_page.css HTTP/1.1" 200 23635 www.fc-schnaittach.de "-" "-" "-"
18.221.138.163 - - [08/May/2018:06:58:37 +0200] "GET /wp-login.php HTTP/1.1" 200 1205 fc-schnaittach.de "https://www.google.com" "Mozilla/5.0 (Windows NT 6.2; rv:36.0) Gecko/20100101 Firefox/36.0" "-"
18.221.138.163 - - [08/May/2018:06:58:49 +0200] "POST /wp-login.php HTTP/1.1" 200 1616 fc-schnaittach.de "https://www.google.com" "Mozilla/5.0 (Windows NT 6.2; rv:36.0) Gecko/20100101 Firefox/36.0" "-"
40.77.167.86 - - [08/May/2018:07:06:45 +0200] "GET /wp-content/uploads/2014/10/A_Lenz.jpg HTTP/1.1" 200 105664 www.fc-schnaittach.de "-" "Mozilla/5.0 (compatible; bingbot/2.0; +http://www.bing.com/bingbot.htm)" "-"
80.187.100.117 - - [08/May/2018:07:07:29 +0200] "GET /dragonrun/ HTTP/1.1" 200 9150 www.fc-schnaittach.de "-" "Mozilla/5.0 (Linux; Android 4.2.2; HTC Desire 310 Build/JDQ39) AppleWebKit/537.36 (KHTML, like Gecko) Chrome/66.0.3359.126 Mobile Safari/537.36" "-"
66.249.66.132 - - [08/May/2018:07:16:28 +0200] "GET /tischtennis/herren-1/ HTTP/1.1" 200 6819 www.fc-schnaittach.de "-" "Mozilla/5.0 (compatible; Googlebot/2.1; +http://www.google.com/bot.html)" "-"
66.249.66.132 - - [08/May/2018:07:16:32 +0200] "GET /ansprechpartner/verein/ HTTP/1.1" 200 7096 www.fc-schnaittach.de "-" "Mozilla/5.0 (compatible; Googlebot/2.1; +http://www.google.com/bot.html)" "-"
66.249.66.132 - - [08/May/2018:07:19:18 +0200] "GET /mitgliederversammlung-am-17-03/ HTTP/1.1" 200 6325 www.fc-schnaittach.de "-" "Mozilla/5.0 (compatible; Googlebot/2.1; +http://www.google.com/bot.html)" "-"
66.249.66.134 - - [08/May/2018:07:19:22 +0200] "GET /tagesausflug-nach-volkach/ HTTP/1.1" 200 7284 www.fc-schnaittach.de "-" "Mozilla/5.0 (compatible; Googlebot/2.1; +http://www.google.com/bot.html)" "-"
66.249.66.132 - - [08/May/2018:07:19:26 +0200] "GET /fussball/damen/ansprechpartner/ HTTP/1.1" 200 7191 www.fc-schnaittach.de "-" "Mozilla/5.0 (compatible; Googlebot/2.1; +http://www.google.com/bot.html)" "-"
66.249.66.132 - - [08/May/2018:07:19:31 +0200] "GET /fussball/3-mannschaft/ HTTP/1.1" 200 6626 www.fc-schnaittach.de "-" "Mozilla/5.0 (compatible; Googlebot/2.1; +http://www.google.com/bot.html)" "-"
66.249.66.132 - - [08/May/2018:07:19:35 +0200] "GET /trainingsauftakt-saison-1617/ HTTP/1.1" 301 23 www.fc-schnaittach.de "-" "Mozilla/5.0 (compatible; Googlebot/2.1; +http://www.google.com/bot.html)" "-"
66.249.66.149 - - [08/May/2018:07:19:35 +0200] "GET /fussball/1-mannschaft/trainingsauftakt-saison-1617/ HTTP/1.1" 200 7599 www.fc-schnaittach.de "-" "Mozilla/5.0 (compatible; Googlebot/2.1; +http://www.google.com/bot.html)" "-"
66.249.66.132 - - [08/May/2018:07:19:43 +0200] "GET /e3-jugend/ HTTP/1.1" 200 7214 www.fc-schnaittach.de "-" "Mozilla/5.0 (compatible; Googlebot/2.1; +http://www.google.com/bot.html)" "-"
66.249.66.132 - - [08/May/2018:07:19:47 +0200] "GET /hauptverein/vereinsbus/ HTTP/1.1" 200 7106 www.fc-schnaittach.de "-" "Mozilla/5.0 (compatible; Googlebot/2.1; +http://www.google.com/bot.html)" "-"
66.249.66.132 - - [08/May/2018:07:19:51 +0200] "GET /category/news/tischtennis/ HTTP/1.1" 200 6639 www.fc-schnaittach.de "-" "Mozilla/5.0 (compatible; Googlebot/2.1; +http://www.google.com/bot.html)" "-"
66.249.66.149 - - [08/May/2018:07:19:51 +0200] "GET /wp-json/contact-form-7/v1/contact-forms/980/refill HTTP/1.1" 200 25 www.fc-schnaittach.de "http://www.fc-schnaittach.de/hauptverein/vereinsbus/" "Mozilla/5.0 (compatible; Googlebot/2.1; +http://www.google.com/bot.html)" "-"
66.249.66.134 - - [08/May/2018:07:21:34 +0200] "GET /fussball/f3-jugend/ HTTP/1.1" 301 23 www.fc-schnaittach.de "-" "Mozilla/5.0 (compatible; Googlebot/2.1; +http://www.google.com/bot.html)" "-"
66.249.66.149 - - [08/May/2018:07:21:34 +0200] "GET /f3-jugend/ HTTP/1.1" 200 7266 www.fc-schnaittach.de "-" "Mozilla/5.0 (compatible; Googlebot/2.1; +http://www.google.com/bot.html)" "-"
66.249.66.132 - - [08/May/2018:07:21:55 +0200] "GET /ansprechpartner/tischtennis/ HTTP/1.1" 200 6246 www.fc-schnaittach.de "-" "Mozilla/5.0 (compatible; Googlebot/2.1; +http://www.google.com/bot.html)" "-"
207.46.13.78 - - [08/May/2018:07:22:36 +0200] "GET /wp-content/uploads/2015/04/2-Mannschaft-1960-1.jpg HTTP/1.1" 301 288 www.fc-schnaittach.de "-" "Mozilla/5.0 (compatible; bingbot/2.0; +http://www.bing.com/bingbot.htm)" "-"
207.46.13.78 - - [08/May/2018:07:22:38 +0200] "GET /wp-content/uploads/2015/04/2-Mannschaft-1960-1.jpg HTTP/1.1" 200 44696 www.fc-schnaittach.de "-" "Mozilla/5.0 (compatible; bingbot/2.0; +http://www.bing.com/bingbot.htm)" "-"
66.249.66.151 - - [08/May/2018:07:32:05 +0200] "GET /wp-content/uploads/2018/03/Vereinsgel%C3%A4nde_2.png HTTP/1.1" 304 - www.fc-schnaittach.de "-" "Googlebot-Image/1.0" "-"
66.249.66.153 - - [08/May/2018:07:48:12 +0200] "GET /einladung-zur-mitgliederversammlung-2018/ HTTP/1.1" 200 6467 www.fc-schnaittach.de "-" "Mozilla/5.0 (compatible; Googlebot/2.1; +http://www.google.com/bot.html)" "-"
217.160.63.10 - - [08/May/2018:07:48:12 +0200] "POST /wp-cron.php?doing_wp_cron=1525758492.1936480998992919921875 HTTP/1.1" 200 23 www.fc-schnaittach.de "https://www.fc-schnaittach.de/wp-cron.php?doing_wp_cron=1525758492.1936480998992919921875" "WordPress/4.9.5; https://www.fc-schnaittach.de" "-"
80.153.119.183 - - [08/May/2018:08:05:15 +0200] "GET /category/news/fussball/jugend/ HTTP/1.1" 200 6547 www.fc-schnaittach.de "https://www.google.com/" "Mozilla/5.0 (Windows NT 10.0; Win64; x64; rv:59.0) Gecko/20100101 Firefox/59.0" "-"
80.153.119.183 - - [08/May/2018:08:05:15 +0200] "GET /wp-content/plugins/contact-form-7/includes/css/styles.css?ver=5.0.1 HTTP/1.1" 200 1683 www.fc-schnaittach.de "https://www.fc-schnaittach.de/category/news/fussball/jugend/" "Mozilla/5.0 (Windows NT 10.0; Win64; x64; rv:59.0) Gecko/20100101 Firefox/59.0" "-"
80.153.119.183 - - [08/May/2018:08:05:15 +0200] "GET /wp-content/plugins/feedzy-rss-feeds/css/feedzy-rss-feeds.css?ver=3.2.10 HTTP/1.1" 200 9822 www.fc-schnaittach.de "https://www.fc-schnaittach.de/category/news/fussball/jugend/" "Mozilla/5.0 (Windows NT 10.0; Win64; x64; rv:59.0) Gecko/20100101 Firefox/59.0" "-"
80.153.119.183 - - [08/May/2018:08:05:15 +0200] "GET /wp-content/plugins/recently-updated-posts-widget/css/style.css?ver=4.9.5 HTTP/1.1" 200 45 www.fc-schnaittach.de "https://www.fc-schnaittach.de/category/news/fussball/jugend/" "Mozilla/5.0 (Windows NT 10.0; Win64; x64; rv:59.0) Gecko/20100101 Firefox/59.0" "-"
80.153.119.183 - - [08/May/2018:08:05:15 +0200] "GET /wp-content/plugins/user-access-manager/assets/css/uamLoginForm.css?ver=2.1.11 HTTP/1.1" 200 468 www.fc-schnaittach.de "https://www.fc-schnaittach.de/category/news/fussball/jugend/" "Mozilla/5.0 (Windows NT 10.0; Win64; x64; rv:59.0) Gecko/20100101 Firefox/59.0" "-"
80.153.119.183 - - [08/May/2018:08:05:16 +0200] "GET /wp-includes/js/jquery/jquery.js?ver=1.12.4 HTTP/1.1" 200 97184 www.fc-schnaittach.de "https://www.fc-schnaittach.de/category/news/fussball/jugend/" "Mozilla/5.0 (Windows NT 10.0; Win64; x64; rv:59.0) Gecko/20100101 Firefox/59.0" "-"
80.153.119.183 - - [08/May/2018:08:05:16 +0200] "GET /wp-includes/js/jquery/jquery-migrate.min.js?ver=1.4.1 HTTP/1.1" 200 10056 www.fc-schnaittach.de "https://www.fc-schnaittach.de/category/news/fussball/jugend/" "Mozilla/5.0 (Windows NT 10.0; Win64; x64; rv:59.0) Gecko/20100101 Firefox/59.0" "-"
80.153.119.183 - - [08/May/2018:08:05:16 +0200] "GET /wp-content/themes/fcs/css/jquery.smartmenus.bootstrap.css?ver=1418749976 HTTP/1.1" 200 3128 www.fc-schnaittach.de "https://www.fc-schnaittach.de/category/news/fussball/jugend/" "Mozilla/5.0 (Windows NT 10.0; Win64; x64; rv:59.0) Gecko/20100101 Firefox/59.0" "-"
80.153.119.183 - - [08/May/2018:08:05:16 +0200] "GET /wp-content/themes/fcs/style.css?ver=1460744932 HTTP/1.1" 200 22587 www.fc-schnaittach.de "https://www.fc-schnaittach.de/category/news/fussball/jugend/" "Mozilla/5.0 (Windows NT 10.0; Win64; x64; rv:59.0) Gecko/20100101 Firefox/59.0" "-"
80.153.119.183 - - [08/May/2018:08:05:16 +0200] "GET /wp-content/themes/fcs/images/production/FcsWappen.png?ver=1487205002 HTTP/1.1" 200 12482 www.fc-schnaittach.de "https://www.fc-schnaittach.de/category/news/fussball/jugend/" "Mozilla/5.0 (Windows NT 10.0; Win64; x64; rv:59.0) Gecko/20100101 Firefox/59.0" "-"
80.153.119.183 - - [08/May/2018:08:05:16 +0200] "GET /wp-content/themes/fcs/images/production/Transparent.png HTTP/1.1" 200 124 www.fc-schnaittach.de "https://www.fc-schnaittach.de/category/news/fussball/jugend/" "Mozilla/5.0 (Windows NT 10.0; Win64; x64; rv:59.0) Gecko/20100101 Firefox/59.0" "-"
80.153.119.183 - - [08/May/2018:08:05:16 +0200] "GET /wp-content/themes/fcs/images/production/FcsWappen.png HTTP/1.1" 200 12482 www.fc-schnaittach.de "https://www.fc-schnaittach.de/category/news/fussball/jugend/" "Mozilla/5.0 (Windows NT 10.0; Win64; x64; rv:59.0) Gecko/20100101 Firefox/59.0" "-"
80.153.119.183 - - [08/May/2018:08:05:16 +0200] "GET /wp-content/themes/fcs/js/fcs.js?ver=1442772175 HTTP/1.1" 200 5542 www.fc-schnaittach.de "https://www.fc-schnaittach.de/category/news/fussball/jugend/" "Mozilla/5.0 (Windows NT 10.0; Win64; x64; rv:59.0) Gecko/20100101 Firefox/59.0" "-"
80.153.119.183 - - [08/May/2018:08:05:16 +0200] "GET /wp-content/themes/fcs/js/jquery.smartmenus.min.js?ver=1418750004 HTTP/1.1" 200 22672 www.fc-schnaittach.de "https://www.fc-schnaittach.de/category/news/fussball/jugend/" "Mozilla/5.0 (Windows NT 10.0; Win64; x64; rv:59.0) Gecko/20100101 Firefox/59.0" "-"
80.153.119.183 - - [08/May/2018:08:05:16 +0200] "GET /wp-content/plugins/contact-form-7/includes/js/scripts.js?ver=5.0.1 HTTP/1.1" 200 14551 www.fc-schnaittach.de "https://www.fc-schnaittach.de/category/news/fussball/jugend/" "Mozilla/5.0 (Windows NT 10.0; Win64; x64; rv:59.0) Gecko/20100101 Firefox/59.0" "-"
80.153.119.183 - - [08/May/2018:08:05:16 +0200] "GET /wp-includes/js/wp-embed.min.js?ver=4.9.5 HTTP/1.1" 200 1398 www.fc-schnaittach.de "https://www.fc-schnaittach.de/category/news/fussball/jugend/" "Mozilla/5.0 (Windows NT 10.0; Win64; x64; rv:59.0) Gecko/20100101 Firefox/59.0" "-"
80.153.119.183 - - [08/May/2018:08:05:16 +0200] "GET /wp-includes/js/wp-emoji-release.min.js?ver=4.9.5 HTTP/1.1" 200 11721 www.fc-schnaittach.de "https://www.fc-schnaittach.de/category/news/fussball/jugend/" "Mozilla/5.0 (Windows NT 10.0; Win64; x64; rv:59.0) Gecko/20100101 Firefox/59.0" "-"
80.153.119.183 - - [08/May/2018:08:05:16 +0200] "GET /wp-content/themes/fcs/js/jquery.smartmenus.bootstrap.min.js?ver=1418750004 HTTP/1.1" 200 1252 www.fc-schnaittach.de "https://www.fc-schnaittach.de/category/news/fussball/jugend/" "Mozilla/5.0 (Windows NT 10.0; Win64; x64; rv:59.0) Gecko/20100101 Firefox/59.0" "-"
80.153.119.183 - - [08/May/2018:08:05:18 +0200] "GET /wp-content/themes/fcs/images/production/FcsWappenMobileBookmark.png?ver=1487205003 HTTP/1.1" 200 12628 www.fc-schnaittach.de "-" "Mozilla/5.0 (Windows NT 10.0; Win64; x64; rv:59.0) Gecko/20100101 Firefox/59.0" "-"
80.153.119.183 - - [08/May/2018:08:05:18 +0200] "GET /wp-content/themes/fcs/images/production/FcsWappen.ico?ver=1420564287 HTTP/1.1" 200 4606 www.fc-schnaittach.de "-" "Mozilla/5.0 (Windows NT 10.0; Win64; x64; rv:59.0) Gecko/20100101 Firefox/59.0" "-"
80.153.119.183 - - [08/May/2018:08:05:18 +0200] "GET /wp-content/themes/fcs/images/production/WappenThumbnail.png HTTP/1.1" 200 13158 www.fc-schnaittach.de "https://www.fc-schnaittach.de/category/news/fussball/jugend/" "Mozilla/5.0 (Windows NT 10.0; Win64; x64; rv:59.0) Gecko/20100101 Firefox/59.0" "-"
18.184.64.96 - - [08/May/2018:08:07:25 +0200] "GET /robots.txt HTTP/1.1" 301 248 www.fc-schnaittach.de "-" "Mozilla/5.0 (compatible; Cliqzbot/2.0; +http://cliqz.com/company/cliqzbot)" "-"
18.184.64.96 - - [08/May/2018:08:07:36 +0200] "GET /robots.txt HTTP/1.1" 200 35 www.fc-schnaittach.de "-" "Mozilla/5.0 (compatible; Cliqzbot/2.0; +http://cliqz.com/company/cliqzbot)" "-"
18.184.64.96 - - [08/May/2018:08:07:44 +0200] "GET /category/news/budo HTTP/1.1" 301 23 www.fc-schnaittach.de "-" "Mozilla/5.0 (compatible; Cliqzbot/2.0; +http://cliqz.com/company/cliqzbot)" "-"
18.184.64.96 - - [08/May/2018:08:07:50 +0200] "GET /hauptverein/vereinsbus HTTP/1.1" 301 23 www.fc-schnaittach.de "-" "Mozilla/5.0 (compatible; Cliqzbot/2.0; +http://cliqz.com/company/cliqzbot)" "-"
18.184.64.96 - - [08/May/2018:08:07:53 +0200] "GET /category/news/budo/ HTTP/1.1" 200 7202 www.fc-schnaittach.de "-" "Mozilla/5.0 (compatible; Cliqzbot/2.0; +http://cliqz.com/company/cliqzbot)" "-"
18.184.64.96 - - [08/May/2018:08:07:57 +0200] "GET /hauptverein/vereinsbus/ HTTP/1.1" 200 7106 www.fc-schnaittach.de "-" "Mozilla/5.0 (compatible; Cliqzbot/2.0; +http://cliqz.com/company/cliqzbot)" "-"
109.41.193.118 - - [08/May/2018:08:14:06 +0200] "GET /dragon-run-kids/ HTTP/1.1" 200 6505 www.fc-schnaittach.de "https://www.fc-schnaittach.de/dragonrun/" "Mozilla/5.0 (iPhone; CPU iPhone OS 11_3_1 like Mac OS X) AppleWebKit/604.1.34 (KHTML, like Gecko) CriOS/66.0.3359.122 Mobile/15E302 Safari/604.1" "-"
40.77.167.86 - - [08/May/2018:08:16:53 +0200] "GET /wp-content/uploads/2015/03/SAM_0362.jpg HTTP/1.1" 301 277 www.fc-schnaittach.de "-" "Mozilla/5.0 (compatible; bingbot/2.0; +http://www.bing.com/bingbot.htm)" "-"
40.77.167.86 - - [08/May/2018:08:16:55 +0200] "GET /wp-content/uploads/2015/03/SAM_0362.jpg HTTP/1.1" 200 123062 www.fc-schnaittach.de "-" "Mozilla/5.0 (compatible; bingbot/2.0; +http://www.bing.com/bingbot.htm)" "-"
207.46.13.36 - - [08/May/2018:08:22:42 +0200] "GET /wp-content/uploads/2015/03/Elena-F%C3%BCrst-Betreuerin-300x225.jpg HTTP/1.1" 301 304 www.fc-schnaittach.de "-" "Mozilla/5.0 (compatible; bingbot/2.0; +http://www.bing.com/bingbot.htm)" "-"
207.46.13.36 - - [08/May/2018:08:22:44 +0200] "GET /wp-content/uploads/2015/03/Elena-F%c3%bcrst-Betreuerin-300x225.jpg HTTP/1.1" 200 18110 www.fc-schnaittach.de "-" "Mozilla/5.0 (compatible; bingbot/2.0; +http://www.bing.com/bingbot.htm)" "-"
217.160.63.10 - - [08/May/2018:08:22:50 +0200] "POST /wp-cron.php?doing_wp_cron=1525760570.4890859127044677734375 HTTP/1.1" 200 23 www.fc-schnaittach.de "https://www.fc-schnaittach.de/wp-cron.php?doing_wp_cron=1525760570.4890859127044677734375" "WordPress/4.9.5; https://www.fc-schnaittach.de" "-"
66.249.66.153 - - [08/May/2018:08:22:50 +0200] "GET /hauptverein/geschichte/ HTTP/1.1" 200 8082 www.fc-schnaittach.de "-" "Mozilla/5.0 (compatible; Googlebot/2.1; +http://www.google.com/bot.html)" "-"
62.75.158.134 - - [08/May/2018:08:26:09 +0200] "GET / HTTP/1.1" 301 238 www.fc-schnaittach.de "-" "Mozilla/5.0 (Windows NT 10.0; WOW64; rv:54.0) Gecko/20100101 Firefox/54.0" "62.138.3.96"
62.75.158.134 - - [08/May/2018:08:26:09 +0200] "GET / HTTP/1.1" 200 7740 www.fc-schnaittach.de "-" "Mozilla/5.0 (Windows NT 10.0; WOW64; rv:54.0) Gecko/20100101 Firefox/54.0" "-"
87.106.126.34 - - [08/May/2018:08:26:14 +0200] "GET / HTTP/1.1" 200 7740 www.fc-schnaittach.de "-" "Mozilla/5.0 (Windows NT 10.0; WOW64; rv:54.0) Gecko/20100101 Firefox/54.0" "-"
2003:ec:6bcc:ff98:41bf:d6e9:87c:5b2f - - [08/May/2018:08:43:55 +0200] "GET / HTTP/1.1" 200 7740 www.fc-schnaittach.de "-" "Mozilla/5.0 (Windows NT 10.0; Win64; x64) AppleWebKit/537.36 (KHTML, like Gecko) Chrome/66.0.3359.139 Safari/537.36" "-"
2003:ec:6bcc:ff98:41bf:d6e9:87c:5b2f - - [08/May/2018:08:43:58 +0200] "GET /1-mannschaft/ HTTP/1.1" 301 23 www.fc-schnaittach.de "https://www.fc-schnaittach.de/" "Mozilla/5.0 (Windows NT 10.0; Win64; x64) AppleWebKit/537.36 (KHTML, like Gecko) Chrome/66.0.3359.139 Safari/537.36" "-"
2003:ec:6bcc:ff98:41bf:d6e9:87c:5b2f - - [08/May/2018:08:43:58 +0200] "GET /fussball/1-mannschaft/ HTTP/1.1" 200 7406 www.fc-schnaittach.de "https://www.fc-schnaittach.de/" "Mozilla/5.0 (Windows NT 10.0; Win64; x64) AppleWebKit/537.36 (KHTML, like Gecko) Chrome/66.0.3359.139 Safari/537.36" "-"
2003:ec:6bcc:ff98:41bf:d6e9:87c:5b2f - - [08/May/2018:08:44:01 +0200] "GET /fussball/2-mannschaft/facebook-news/ HTTP/1.1" 200 6946 www.fc-schnaittach.de "https://www.fc-schnaittach.de/fussball/1-mannschaft/" "Mozilla/5.0 (Windows NT 10.0; Win64; x64) AppleWebKit/537.36 (KHTML, like Gecko) Chrome/66.0.3359.139 Safari/537.36" "-"
40.77.167.86 - - [08/May/2018:08:49:15 +0200] "GET /wp-content/uploads/2016/11/Stefanie-Roberts.jpg HTTP/1.1" 301 285 www.fc-schnaittach.de "-" "Mozilla/5.0 (compatible; bingbot/2.0; +http://www.bing.com/bingbot.htm)" "-"
40.77.167.86 - - [08/May/2018:08:49:25 +0200] "GET /wp-content/uploads/2016/11/Stefanie-Roberts.jpg HTTP/1.1" 200 966619 www.fc-schnaittach.de "-" "Mozilla/5.0 (compatible; bingbot/2.0; +http://www.bing.com/bingbot.htm)" "-"
40.77.167.86 - - [08/May/2018:08:59:34 +0200] "GET /wp-content/uploads/2015/06/20150613_115636.jpg HTTP/1.1" 301 284 www.fc-schnaittach.de "-" "Mozilla/5.0 (compatible; bingbot/2.0; +http://www.bing.com/bingbot.htm)" "-"
40.77.167.86 - - [08/May/2018:08:59:38 +0200] "GET /wp-content/uploads/2015/06/20150613_115636.jpg HTTP/1.1" 200 83959 www.fc-schnaittach.de "-" "Mozilla/5.0 (compatible; bingbot/2.0; +http://www.bing.com/bingbot.htm)" "-"
40.77.167.86 - - [08/May/2018:09:00:39 +0200] "GET /wp-content/uploads/2014/10/P1018313.jpg HTTP/1.1" 200 1938441 www.fc-schnaittach.de "-" "Mozilla/5.0 (compatible; bingbot/2.0; +http://www.bing.com/bingbot.htm)" "-"
66.249.66.153 - - [08/May/2018:09:04:23 +0200] "GET /author/herbst/feed/ HTTP/1.1" 200 1175 www.fc-schnaittach.de "-" "Mozilla/5.0 (compatible; Googlebot/2.1; +http://www.google.com/bot.html)" "-"
