217.160.63.10 - - [09/May/2018:18:28:53 +0200] "POST /wp-cron.php?doing_wp_cron=1525883333.6013278961181640625000 HTTP/1.1" 200 23 www.fc-schnaittach.de "https://www.fc-schnaittach.de/wp-cron.php?doing_wp_cron=1525883333.6013278961181640625000" "WordPress/4.9.5; https://www.fc-schnaittach.de" "-"
144.76.22.245 - - [09/May/2018:18:28:53 +0200] "GET /tagesausflug-nach-volkach/feed/ HTTP/1.1" 200 557 www.fc-schnaittach.de "-" "Mozilla/5.0 (Windows; U; Windows NT 6.0; en-GB; rv:1.0; trendictionbot0.5.0; trendiction search; http://www.trendiction.de/bot; please let us know of any problems; web at trendiction.com) Gecko/20071127 Firefox/3.0.0.11" "-"
2003:66:8734:9500:f19c:ba1:c888:ff1b - - [09/May/2018:18:29:12 +0200] "GET / HTTP/1.1" 200 7770 www.fc-schnaittach.de "-" "Mozilla/5.0 (Windows NT 10.0; Win64; x64) AppleWebKit/537.36 (KHTML, like Gecko) Chrome/66.0.3359.139 Safari/537.36" "-"
2003:66:8734:9500:f19c:ba1:c888:ff1b - - [09/May/2018:18:29:23 +0200] "GET /category/news/ HTTP/1.1" 200 8490 www.fc-schnaittach.de "https://www.fc-schnaittach.de/" "Mozilla/5.0 (Windows NT 10.0; Win64; x64) AppleWebKit/537.36 (KHTML, like Gecko) Chrome/66.0.3359.139 Safari/537.36" "-"
2003:66:8734:9500:f19c:ba1:c888:ff1b - - [09/May/2018:18:29:30 +0200] "GET /maiausflug-der-wanderabteilung-des-1-fc-schnaittach/ HTTP/1.1" 200 7127 www.fc-schnaittach.de "https://www.fc-schnaittach.de/category/news/" "Mozilla/5.0 (Windows NT 10.0; Win64; x64) AppleWebKit/537.36 (KHTML, like Gecko) Chrome/66.0.3359.139 Safari/537.36" "-"
2003:66:8734:9500:f19c:ba1:c888:ff1b - - [09/May/2018:18:29:32 +0200] "GET /wp-content/uploads/2018/05/SAM_1762-002.jpg HTTP/1.1" 200 2994821 www.fc-schnaittach.de "https://www.fc-schnaittach.de/maiausflug-der-wanderabteilung-des-1-fc-schnaittach/" "Mozilla/5.0 (Windows NT 10.0; Win64; x64) AppleWebKit/537.36 (KHTML, like Gecko) Chrome/66.0.3359.139 Safari/537.36" "-"
144.76.22.242 - - [09/May/2018:18:30:06 +0200] "GET /tischtennis/herren-1/feed/ HTTP/1.1" 200 546 www.fc-schnaittach.de "-" "Mozilla/5.0 (Windows; U; Windows NT 6.0; en-GB; rv:1.0; trendictionbot0.5.0; trendiction search; http://www.trendiction.de/bot; please let us know of any problems; web at trendiction.com) Gecko/20071127 Firefox/3.0.0.11" "-"
2003:66:8734:9500:f19c:ba1:c888:ff1b - - [09/May/2018:18:30:28 +0200] "GET /fussball/1-mannschaft/ HTTP/1.1" 200 7389 www.fc-schnaittach.de "https://www.fc-schnaittach.de/maiausflug-der-wanderabteilung-des-1-fc-schnaittach/" "Mozilla/5.0 (Windows NT 10.0; Win64; x64) AppleWebKit/537.36 (KHTML, like Gecko) Chrome/66.0.3359.139 Safari/537.36" "-"
2003:66:8734:9500:f19c:ba1:c888:ff1b - - [09/May/2018:18:30:29 +0200] "GET /wp-content/uploads/2015/04/BFV.png HTTP/1.1" 301 272 www.fc-schnaittach.de "-" "Mozilla/5.0 (Windows NT 10.0; Win64; x64) AppleWebKit/537.36 (KHTML, like Gecko) Chrome/66.0.3359.139 Safari/537.36" "-"
2003:66:8734:9500:f19c:ba1:c888:ff1b - - [09/May/2018:18:30:29 +0200] "GET /wp-content/uploads/2015/04/feedIcon.png HTTP/1.1" 301 277 www.fc-schnaittach.de "-" "Mozilla/5.0 (Windows NT 10.0; Win64; x64) AppleWebKit/537.36 (KHTML, like Gecko) Chrome/66.0.3359.139 Safari/537.36" "-"
2003:66:8734:9500:f19c:ba1:c888:ff1b - - [09/May/2018:18:30:29 +0200] "GET /wp-content/uploads/2015/04/BFV.png HTTP/1.1" 200 5443 www.fc-schnaittach.de "-" "Mozilla/5.0 (Windows NT 10.0; Win64; x64) AppleWebKit/537.36 (KHTML, like Gecko) Chrome/66.0.3359.139 Safari/537.36" "-"
2003:66:8734:9500:f19c:ba1:c888:ff1b - - [09/May/2018:18:30:29 +0200] "GET /wp-content/uploads/2015/04/feedIcon.png HTTP/1.1" 200 1211 www.fc-schnaittach.de "-" "Mozilla/5.0 (Windows NT 10.0; Win64; x64) AppleWebKit/537.36 (KHTML, like Gecko) Chrome/66.0.3359.139 Safari/537.36" "-"
2003:66:8734:9500:f19c:ba1:c888:ff1b - - [09/May/2018:18:30:47 +0200] "GET /1-mannschaft/nachrichten-aus-der-liga-kreisliga-erlangen-pegnitzgrund-2/ HTTP/1.1" 301 23 fc-schnaittach.de "-" "Mozilla/5.0 (Windows NT 10.0; Win64; x64) AppleWebKit/537.36 (KHTML, like Gecko) Chrome/66.0.3359.139 Safari/537.36" "-"
2003:66:8734:9500:f19c:ba1:c888:ff1b - - [09/May/2018:18:30:47 +0200] "GET /fussball/1-mannschaft/nachrichten-aus-der-liga-kreisliga-erlangen-pegnitzgrund-2/ HTTP/1.1" 200 8440 www.fc-schnaittach.de "-" "Mozilla/5.0 (Windows NT 10.0; Win64; x64) AppleWebKit/537.36 (KHTML, like Gecko) Chrome/66.0.3359.139 Safari/537.36" "-"
2003:66:8734:9500:f19c:ba1:c888:ff1b - - [09/May/2018:18:30:48 +0200] "GET /wp-content/themes/fcs/images/fussball.jpg HTTP/1.1" 301 279 www.fc-schnaittach.de "-" "Mozilla/5.0 (Windows NT 10.0; Win64; x64) AppleWebKit/537.36 (KHTML, like Gecko) Chrome/66.0.3359.139 Safari/537.36" "-"
2003:66:8734:9500:f19c:ba1:c888:ff1b - - [09/May/2018:18:30:48 +0200] "GET /wp-content/themes/fcs/images/fussball.jpg HTTP/1.1" 200 26126 www.fc-schnaittach.de "-" "Mozilla/5.0 (Windows NT 10.0; Win64; x64) AppleWebKit/537.36 (KHTML, like Gecko) Chrome/66.0.3359.139 Safari/537.36" "-"
109.193.53.200 - - [09/May/2018:18:31:02 +0200] "GET / HTTP/1.1" 200 7769 www.fc-schnaittach.de "-" "Mozilla/5.0 (Linux; Android 7.0; SAMSUNG SM-G390F Build/NRD90M) AppleWebKit/537.36 (KHTML, like Gecko) SamsungBrowser/6.4 Chrome/56.0.2924.87 Mobile Safari/537.36" "-"
2003:66:8734:9500:f19c:ba1:c888:ff1b - - [09/May/2018:18:31:02 +0200] "GET /fussball/1-mannschaft/facebook-news/ HTTP/1.1" 200 6921 www.fc-schnaittach.de "https://www.fc-schnaittach.de/fussball/1-mannschaft/nachrichten-aus-der-liga-kreisliga-erlangen-pegnitzgrund-2/" "Mozilla/5.0 (Windows NT 10.0; Win64; x64) AppleWebKit/537.36 (KHTML, like Gecko) Chrome/66.0.3359.139 Safari/537.36" "-"
109.193.53.200 - - [09/May/2018:18:31:04 +0200] "GET /wp-content/uploads/2018/05/SAM_1762-002-300x225.jpg HTTP/1.1" 200 22206 www.fc-schnaittach.de "https://www.fc-schnaittach.de/" "Mozilla/5.0 (Linux; Android 7.0; SAMSUNG SM-G390F Build/NRD90M) AppleWebKit/537.36 (KHTML, like Gecko) SamsungBrowser/6.4 Chrome/56.0.2924.87 Mobile Safari/537.36" "-"
109.193.53.200 - - [09/May/2018:18:31:08 +0200] "GET /1-mannschaft/ HTTP/1.1" 301 23 www.fc-schnaittach.de "https://www.fc-schnaittach.de/" "Mozilla/5.0 (Linux; Android 7.0; SAMSUNG SM-G390F Build/NRD90M) AppleWebKit/537.36 (KHTML, like Gecko) SamsungBrowser/6.4 Chrome/56.0.2924.87 Mobile Safari/537.36" "-"
109.193.53.200 - - [09/May/2018:18:31:08 +0200] "GET /fussball/1-mannschaft/ HTTP/1.1" 200 7388 www.fc-schnaittach.de "https://www.fc-schnaittach.de/" "Mozilla/5.0 (Linux; Android 7.0; SAMSUNG SM-G390F Build/NRD90M) AppleWebKit/537.36 (KHTML, like Gecko) SamsungBrowser/6.4 Chrome/56.0.2924.87 Mobile Safari/537.36" "-"
2003:66:8734:9500:f19c:ba1:c888:ff1b - - [09/May/2018:18:31:10 +0200] "GET /fussball/2-mannschaft/facebook-news/ HTTP/1.1" 200 6929 www.fc-schnaittach.de "https://www.fc-schnaittach.de/fussball/1-mannschaft/facebook-news/" "Mozilla/5.0 (Windows NT 10.0; Win64; x64) AppleWebKit/537.36 (KHTML, like Gecko) Chrome/66.0.3359.139 Safari/537.36" "-"
207.46.13.71 - - [09/May/2018:18:33:09 +0200] "GET /aufnahmen-des-sportgelaendes/feed/ HTTP/1.1" 200 557 www.fc-schnaittach.de "-" "Mozilla/5.0 (compatible; bingbot/2.0; +http://www.bing.com/bingbot.htm)" "-"
2003:66:8734:9500:f19c:ba1:c888:ff1b - - [09/May/2018:18:33:22 +0200] "GET /hauptverein/terminvorschau/ HTTP/1.1" 200 6226 www.fc-schnaittach.de "https://www.fc-schnaittach.de/fussball/2-mannschaft/facebook-news/" "Mozilla/5.0 (Windows NT 10.0; Win64; x64) AppleWebKit/537.36 (KHTML, like Gecko) Chrome/66.0.3359.139 Safari/537.36" "-"
2003:66:8734:9500:f19c:ba1:c888:ff1b - - [09/May/2018:18:33:31 +0200] "GET /hauptverein/geschichte/ HTTP/1.1" 200 8067 www.fc-schnaittach.de "https://www.fc-schnaittach.de/hauptverein/terminvorschau/" "Mozilla/5.0 (Windows NT 10.0; Win64; x64) AppleWebKit/537.36 (KHTML, like Gecko) Chrome/66.0.3359.139 Safari/537.36" "-"
2003:66:8734:9500:f19c:ba1:c888:ff1b - - [09/May/2018:18:33:32 +0200] "GET /wp-content/uploads/2015/04/FCS-1-Mannschaft-1961-2-300x201.jpg HTTP/1.1" 200 18857 www.fc-schnaittach.de "https://www.fc-schnaittach.de/hauptverein/geschichte/" "Mozilla/5.0 (Windows NT 10.0; Win64; x64) AppleWebKit/537.36 (KHTML, like Gecko) Chrome/66.0.3359.139 Safari/537.36" "-"
2003:66:8734:9500:f19c:ba1:c888:ff1b - - [09/May/2018:18:33:32 +0200] "GET /wp-content/uploads/2015/04/FCS-2-Mannschaft-Meister-19-300x225.jpg HTTP/1.1" 200 23895 www.fc-schnaittach.de "https://www.fc-schnaittach.de/hauptverein/geschichte/" "Mozilla/5.0 (Windows NT 10.0; Win64; x64) AppleWebKit/537.36 (KHTML, like Gecko) Chrome/66.0.3359.139 Safari/537.36" "-"
2003:66:8734:9500:f19c:ba1:c888:ff1b - - [09/May/2018:18:33:32 +0200] "GET /wp-content/uploads/2015/04/2-Mannschaft-1960-1-300x201.jpg HTTP/1.1" 200 20819 www.fc-schnaittach.de "https://www.fc-schnaittach.de/hauptverein/geschichte/" "Mozilla/5.0 (Windows NT 10.0; Win64; x64) AppleWebKit/537.36 (KHTML, like Gecko) Chrome/66.0.3359.139 Safari/537.36" "-"
2003:66:8734:9500:f19c:ba1:c888:ff1b - - [09/May/2018:18:33:32 +0200] "GET /wp-content/uploads/2015/04/FCS-1Jugend-1959-300x209.gif HTTP/1.1" 301 293 www.fc-schnaittach.de "-" "Mozilla/5.0 (Windows NT 10.0; Win64; x64) AppleWebKit/537.36 (KHTML, like Gecko) Chrome/66.0.3359.139 Safari/537.36" "-"
2003:66:8734:9500:f19c:ba1:c888:ff1b - - [09/May/2018:18:33:32 +0200] "GET /wp-content/uploads/2015/04/1.Mannschaft-1955-300x214.jpg HTTP/1.1" 200 24384 www.fc-schnaittach.de "https://www.fc-schnaittach.de/hauptverein/geschichte/" "Mozilla/5.0 (Windows NT 10.0; Win64; x64) AppleWebKit/537.36 (KHTML, like Gecko) Chrome/66.0.3359.139 Safari/537.36" "-"
2003:66:8734:9500:f19c:ba1:c888:ff1b - - [09/May/2018:18:33:33 +0200] "GET /wp-content/uploads/2015/04/FCS-1Jugend-1959-300x209.gif HTTP/1.1" 200 33426 www.fc-schnaittach.de "-" "Mozilla/5.0 (Windows NT 10.0; Win64; x64) AppleWebKit/537.36 (KHTML, like Gecko) Chrome/66.0.3359.139 Safari/537.36" "-"
2003:66:8734:9500:f19c:ba1:c888:ff1b - - [09/May/2018:18:33:35 +0200] "GET /hauptverein/terminvorschau/ HTTP/1.1" 200 6226 www.fc-schnaittach.de "https://www.fc-schnaittach.de/hauptverein/geschichte/" "Mozilla/5.0 (Windows NT 10.0; Win64; x64) AppleWebKit/537.36 (KHTML, like Gecko) Chrome/66.0.3359.139 Safari/537.36" "-"
2003:66:8734:9500:f19c:ba1:c888:ff1b - - [09/May/2018:18:34:06 +0200] "GET /hauptverein/sponsoren/ HTTP/1.1" 200 6576 www.fc-schnaittach.de "https://www.fc-schnaittach.de/hauptverein/terminvorschau/" "Mozilla/5.0 (Windows NT 10.0; Win64; x64) AppleWebKit/537.36 (KHTML, like Gecko) Chrome/66.0.3359.139 Safari/537.36" "-"
144.76.22.245 - - [09/May/2018:18:34:14 +0200] "GET /tagesausflug-nach-volkach/feed/ HTTP/1.1" 200 558 www.fc-schnaittach.de "-" "Mozilla/5.0 (Windows; U; Windows NT 6.0; en-GB; rv:1.0; trendictionbot0.5.0; trendiction search; http://www.trendiction.de/bot; please let us know of any problems; web at trendiction.com) Gecko/20071127 Firefox/3.0.0.11" "-"
207.46.13.111 - - [09/May/2018:18:50:56 +0200] "GET /der-1-fc-schnaittach-erhaelt-die-goldene-raute-des-bfv/feed/ HTTP/1.1" 200 601 www.fc-schnaittach.de "-" "Mozilla/5.0 (compatible; bingbot/2.0; +http://www.bing.com/bingbot.htm)" "-"
217.160.63.10 - - [09/May/2018:18:50:57 +0200] "POST /wp-cron.php?doing_wp_cron=1525884656.9897038936614990234375 HTTP/1.1" 301 297 www.fc-schnaittach.de "http://www.fc-schnaittach.de/wp-cron.php?doing_wp_cron=1525884656.9897038936614990234375" "WordPress/4.9.5; https://www.fc-schnaittach.de" "-"
217.160.63.10 - - [09/May/2018:18:55:43 +0200] "POST /wp-cron.php?doing_wp_cron=1525884943.4978630542755126953125 HTTP/1.1" 301 297 www.fc-schnaittach.de "http://www.fc-schnaittach.de/wp-cron.php?doing_wp_cron=1525884943.4978630542755126953125" "WordPress/4.9.5; https://www.fc-schnaittach.de" "-"
193.106.30.99 - - [09/May/2018:18:55:43 +0200] "GET /consystem.php HTTP/1.1" 301 23 fc-schnaittach.de "-" "Mozilla/5.0 (Windows NT 6.1; rv:34.0) Gecko/20100101 Firefox/34.0" "-"
193.106.30.99 - - [09/May/2018:18:56:05 +0200] "GET /consystem.php HTTP/1.1" 404 5762 www.fc-schnaittach.de "-" "Mozilla/5.0 (Windows NT 6.1; rv:34.0) Gecko/20100101 Firefox/34.0" "-"
46.118.114.175 - - [09/May/2018:18:58:17 +0200] "GET /karate-teilnahme-an-der-bezirksmeisterschaft-2015/ HTTP/1.1" 200 29768 www.fc-schnaittach.de "https://brillianty.info/" "Mozilla/4.0 (compatible; MSIE 4.01; Digital AlphaServer 1000A 4/233; Windows NT; Powered By 64-Bit Alpha Processor)" "-"
217.160.63.10 - - [09/May/2018:18:58:18 +0200] "POST /wp-cron.php?doing_wp_cron=1525885098.1389820575714111328125 HTTP/1.1" 301 297 www.fc-schnaittach.de "http://www.fc-schnaittach.de/wp-cron.php?doing_wp_cron=1525885098.1389820575714111328125" "WordPress/4.9.5; https://www.fc-schnaittach.de" "-"
46.118.114.175 - - [09/May/2018:18:58:19 +0200] "GET /karate-teilnahme-an-der-bezirksmeisterschaft-2015/ HTTP/1.1" 200 29768 www.fc-schnaittach.de "https://brillianty.info/" "Mozilla/4.0 (compatible; MSIE 4.01; Digital AlphaServer 1000A 4/233; Windows NT; Powered By 64-Bit Alpha Processor)" "-"
46.118.114.175 - - [09/May/2018:18:58:20 +0200] "GET /karate-teilnahme-an-der-bezirksmeisterschaft-2015/ HTTP/1.1" 200 29768 www.fc-schnaittach.de "https://brillianty.info/" "Mozilla/4.0 (compatible; MSIE 4.01; Digital AlphaServer 1000A 4/233; Windows NT; Powered By 64-Bit Alpha Processor)" "-"
66.249.66.132 - - [09/May/2018:19:02:36 +0200] "GET / HTTP/1.1" 301 238 www.fc-schnaittach.de "-" "Mozilla/5.0 (compatible; Googlebot/2.1; +http://www.google.com/bot.html)" "-"
66.249.66.151 - - [09/May/2018:19:02:37 +0200] "GET /robots.txt HTTP/1.1" 200 35 www.fc-schnaittach.de "-" "Mozilla/5.0 (compatible; Googlebot/2.1; +http://www.google.com/bot.html)" "-"
217.160.63.10 - - [09/May/2018:19:02:37 +0200] "POST /wp-cron.php?doing_wp_cron=1525885357.3177089691162109375000 HTTP/1.1" 200 23 www.fc-schnaittach.de "https://www.fc-schnaittach.de/wp-cron.php?doing_wp_cron=1525885357.3177089691162109375000" "WordPress/4.9.5; https://www.fc-schnaittach.de" "-"
66.249.66.151 - - [09/May/2018:19:02:37 +0200] "GET / HTTP/1.1" 200 7769 www.fc-schnaittach.de "-" "Mozilla/5.0 (compatible; Googlebot/2.1; +http://www.google.com/bot.html)" "-"
66.249.66.136 - - [09/May/2018:19:07:18 +0200] "GET /sitemap-pt-page-2016-03.xml HTTP/1.1" 200 494 www.fc-schnaittach.de "-" "Mozilla/5.0 (compatible; Googlebot/2.1; +http://www.google.com/bot.html)" "-"
2001:a62:160e:6f01:943a:be43:23c0:82d7 - - [09/May/2018:19:08:57 +0200] "GET /zumba/ HTTP/1.1" 200 6314 www.fc-schnaittach.de "https://www.google.de/" "Mozilla/5.0 (Linux; Android 6.0.1; SAMSUNG SM-G800F Build/MMB29K) AppleWebKit/537.36 (KHTML, like Gecko) SamsungBrowser/6.4 Chrome/56.0.2924.87 Mobile Safari/537.36" "-"
2001:a62:160e:6f01:943a:be43:23c0:82d7 - - [09/May/2018:19:09:05 +0200] "GET /wp-content/themes/fcs/images/production/FcsWappen.ico?ver=1420564287 HTTP/1.1" 301 306 www.fc-schnaittach.de "http://www.fc-schnaittach.de/zumba/" "Mozilla/5.0 (Linux; Android 6.0.1; SAMSUNG SM-G800F Build/MMB29K) AppleWebKit/537.36 (KHTML, like Gecko) SamsungBrowser/6.4 Chrome/56.0.2924.87 Mobile Safari/537.36" "-"
2001:a62:160e:6f01:943a:be43:23c0:82d7 - - [09/May/2018:19:09:05 +0200] "GET /wp-content/themes/fcs/images/production/FcsWappen.ico?ver=1420564287 HTTP/1.1" 200 4606 www.fc-schnaittach.de "http://www.fc-schnaittach.de/zumba/" "Mozilla/5.0 (Linux; Android 6.0.1; SAMSUNG SM-G800F Build/MMB29K) AppleWebKit/537.36 (KHTML, like Gecko) SamsungBrowser/6.4 Chrome/56.0.2924.87 Mobile Safari/537.36" "-"
207.46.13.111 - - [09/May/2018:19:12:47 +0200] "GET /category/news/hauptverein/feed/ HTTP/1.1" 200 7541 www.fc-schnaittach.de "-" "Mozilla/5.0 (compatible; bingbot/2.0; +http://www.bing.com/bingbot.htm)" "-"
66.249.66.153 - - [09/May/2018:19:26:04 +0200] "GET /wp-content/uploads/2016/11/Sonja-Ebi-225x300.jpg HTTP/1.1" 304 - www.fc-schnaittach.de "-" "Googlebot-Image/1.0" "-"
176.57.76.164 - - [09/May/2018:19:27:35 +0200] "GET /wp-login.php HTTP/1.1" 301 250 fc-schnaittach.de "-" "Mozilla/5.0 (Windows NT 6.0; rv:34.0) Gecko/20100101 Firefox/34.0" "-"
66.249.66.149 - - [09/May/2018:19:53:18 +0200] "GET /tagesausflug-nach-volkach/ HTTP/1.1" 200 7262 www.fc-schnaittach.de "-" "Mozilla/5.0 (compatible; Googlebot/2.1; +http://www.google.com/bot.html)" "-"
217.160.63.10 - - [09/May/2018:19:53:19 +0200] "POST /wp-cron.php?doing_wp_cron=1525888399.1442871093750000000000 HTTP/1.1" 200 23 www.fc-schnaittach.de "https://www.fc-schnaittach.de/wp-cron.php?doing_wp_cron=1525888399.1442871093750000000000" "WordPress/4.9.5; https://www.fc-schnaittach.de" "-"
217.160.63.10 - - [09/May/2018:19:56:07 +0200] "HEAD /wp-content/uploads/2016/01/WF2016_3.jpg HTTP/1.1" 301 - www.fc-schnaittach.de "https://www.fc-schnaittach.de" "Mozilla/5.0 (compatible; MSIE 9.0; Windows NT 6.1; WOW64; Trident/5.0)" "-"
217.160.63.10 - - [09/May/2018:19:56:07 +0200] "HEAD /wp-content/uploads/2016/01/WF2016_3.jpg HTTP/1.1" 200 - www.fc-schnaittach.de "https://www.fc-schnaittach.de" "Mozilla/5.0 (compatible; MSIE 9.0; Windows NT 6.1; WOW64; Trident/5.0)" "-"
217.160.63.10 - - [09/May/2018:19:56:09 +0200] "HEAD /wp-content/uploads/2018/03/DIN_A6_Flyer_22.02.2018_1-300x215.png HTTP/1.1" 200 - www.fc-schnaittach.de "https://www.fc-schnaittach.de" "Mozilla/5.0 (compatible; MSIE 9.0; Windows NT 6.1; WOW64; Trident/5.0)" "-"
217.160.63.10 - - [09/May/2018:19:56:11 +0200] "HEAD /wp-content/uploads/2014/10/Flyer_S2-1024x735.png HTTP/1.1" 301 - www.fc-schnaittach.de "https://www.fc-schnaittach.de" "Mozilla/5.0 (compatible; MSIE 9.0; Windows NT 6.1; WOW64; Trident/5.0)" "-"
217.160.63.10 - - [09/May/2018:19:56:11 +0200] "HEAD /wp-content/uploads/2014/10/Flyer_S2-1024x735.png HTTP/1.1" 200 - www.fc-schnaittach.de "https://www.fc-schnaittach.de" "Mozilla/5.0 (compatible; MSIE 9.0; Windows NT 6.1; WOW64; Trident/5.0)" "-"
217.160.63.10 - - [09/May/2018:19:56:13 +0200] "HEAD /wp-content/uploads/2014/10/Budo-Logo_Bu-Do_2_hellrot.png HTTP/1.1" 301 - www.fc-schnaittach.de "https://www.fc-schnaittach.de" "Mozilla/5.0 (compatible; MSIE 9.0; Windows NT 6.1; WOW64; Trident/5.0)" "-"
217.160.63.10 - - [09/May/2018:19:56:13 +0200] "HEAD /wp-content/uploads/2014/10/Budo-Logo_Bu-Do_2_hellrot.png HTTP/1.1" 200 - www.fc-schnaittach.de "https://www.fc-schnaittach.de" "Mozilla/5.0 (compatible; MSIE 9.0; Windows NT 6.1; WOW64; Trident/5.0)" "-"
217.160.63.10 - - [09/May/2018:19:56:17 +0200] "HEAD /dragonrun/ HTTP/1.1" 200 - www.fc-schnaittach.de "https://www.fc-schnaittach.de" "Mozilla/5.0 (compatible; MSIE 9.0; Windows NT 6.1; WOW64; Trident/5.0)" "-"
217.160.63.10 - - [09/May/2018:19:56:17 +0200] "POST /wp-cron.php?doing_wp_cron=1525888577.3630659580230712890625 HTTP/1.1" 200 23 www.fc-schnaittach.de "https://www.fc-schnaittach.de/wp-cron.php?doing_wp_cron=1525888577.3630659580230712890625" "WordPress/4.9.5; https://www.fc-schnaittach.de" "-"
217.160.63.10 - - [09/May/2018:20:27:32 +0200] "POST /wp-cron.php?doing_wp_cron=1525890452.5525391101837158203125 HTTP/1.1" 301 297 www.fc-schnaittach.de "http://www.fc-schnaittach.de/wp-cron.php?doing_wp_cron=1525890452.5525391101837158203125" "WordPress/4.9.5; https://www.fc-schnaittach.de" "-"
207.46.13.71 - - [09/May/2018:20:27:32 +0200] "GET /tischtennis/herren-3/ HTTP/1.1" 200 6901 www.fc-schnaittach.de "-" "Mozilla/5.0 (compatible; bingbot/2.0; +http://www.bing.com/bingbot.htm)" "-"
207.46.13.111 - - [09/May/2018:20:27:37 +0200] "GET /wp-includes/js/jquery/jquery-migrate.min.js?ver=1.4.1 HTTP/1.1" 301 291 www.fc-schnaittach.de "-" "Mozilla/5.0 (compatible; bingbot/2.0; +http://www.bing.com/bingbot.htm)" "-"
207.46.13.111 - - [09/May/2018:20:27:38 +0200] "GET /wp-includes/js/jquery/jquery-migrate.min.js?ver=1.4.1 HTTP/1.1" 200 10056 www.fc-schnaittach.de "-" "Mozilla/5.0 (compatible; bingbot/2.0; +http://www.bing.com/bingbot.htm)" "-"
87.250.233.75 - - [09/May/2018:20:47:04 +0200] "GET /robots.txt HTTP/1.1" 301 248 www.fc-schnaittach.de "-" "Mozilla/5.0 (compatible; YandexBot/3.0; +http://yandex.com/bots)" "-"
77.88.9.138 - - [09/May/2018:20:47:07 +0200] "GET /robots.txt HTTP/1.1" 200 35 fc-schnaittach.de "-" "Mozilla/5.0 (compatible; YandexBot/3.0; +http://yandex.com/bots)" "-"
5.255.251.17 - - [09/May/2018:20:47:11 +0200] "GET / HTTP/1.1" 301 23 fc-schnaittach.de "-" "Mozilla/5.0 (compatible; YandexBot/3.0; +http://yandex.com/bots)" "-"
217.160.63.10 - - [09/May/2018:20:47:11 +0200] "POST /wp-cron.php?doing_wp_cron=1525891631.7582359313964843750000 HTTP/1.1" 200 23 www.fc-schnaittach.de "https://www.fc-schnaittach.de/wp-cron.php?doing_wp_cron=1525891631.7582359313964843750000" "WordPress/4.9.5; https://www.fc-schnaittach.de" "-"
217.160.63.10 - - [09/May/2018:20:47:12 +0200] "HEAD /wp-content/uploads/2018/05/Small_Wall_1.jpg HTTP/1.1" 200 - www.fc-schnaittach.de "https://www.fc-schnaittach.de" "Mozilla/5.0 (compatible; MSIE 9.0; Windows NT 6.1; WOW64; Trident/5.0)" "-"
77.88.9.138 - - [09/May/2018:20:47:12 +0200] "GET /robots.txt HTTP/1.1" 301 248 fc-schnaittach.de "-" "Mozilla/5.0 (compatible; YandexBot/3.0; +http://yandex.com/bots)" "-"
217.160.63.10 - - [09/May/2018:20:47:14 +0200] "HEAD /wp-content/uploads/2018/05/Small_Wall_1-300x300.jpg HTTP/1.1" 200 - www.fc-schnaittach.de "https://www.fc-schnaittach.de" "Mozilla/5.0 (compatible; MSIE 9.0; Windows NT 6.1; WOW64; Trident/5.0)" "-"
5.45.203.8 - - [09/May/2018:20:47:14 +0200] "GET /robots.txt HTTP/1.1" 200 35 www.fc-schnaittach.de "-" "Mozilla/5.0 (compatible; YandexBot/3.0; +http://yandex.com/bots)" "-"
217.160.63.10 - - [09/May/2018:20:47:16 +0200] "HEAD /wp-content/uploads/2018/05/Rock_your_hair_Chevy_1-300x300.png HTTP/1.1" 200 - www.fc-schnaittach.de "https://www.fc-schnaittach.de" "Mozilla/5.0 (compatible; MSIE 9.0; Windows NT 6.1; WOW64; Trident/5.0)" "-"
217.160.63.10 - - [09/May/2018:20:47:18 +0200] "HEAD /wp-content/uploads/2018/05/Rock_your_hair_Chevy_1.png HTTP/1.1" 200 - www.fc-schnaittach.de "https://www.fc-schnaittach.de" "Mozilla/5.0 (compatible; MSIE 9.0; Windows NT 6.1; WOW64; Trident/5.0)" "-"
141.8.141.129 - - [09/May/2018:20:47:18 +0200] "GET / HTTP/1.1" 200 7770 www.fc-schnaittach.de "-" "Mozilla/5.0 (compatible; YandexBot/3.0; +http://yandex.com/bots)" "-"
87.250.233.75 - - [09/May/2018:20:47:19 +0200] "GET / HTTP/1.1" 301 238 fc-schnaittach.de "-" "Mozilla/5.0 (compatible; YandexBot/3.0; +http://yandex.com/bots)" "-"
77.88.9.136 - - [09/May/2018:20:47:19 +0200] "GET / HTTP/1.1" 301 238 www.fc-schnaittach.de "-" "Mozilla/5.0 (compatible; YandexBot/3.0; +http://yandex.com/bots)" "-"
54.36.148.244 - - [09/May/2018:20:48:29 +0200] "GET /maifeiertag-2017/feed/ HTTP/1.1" 200 544 www.fc-schnaittach.de "-" "Mozilla/5.0 (compatible; AhrefsBot/5.2; +http://ahrefs.com/robot/)" "-"
207.46.13.102 - - [09/May/2018:20:52:43 +0200] "GET /sitemap-misc.xml HTTP/1.1" 200 577 www.fc-schnaittach.de "-" "Mozilla/5.0 (compatible; bingbot/2.0; +http://www.bing.com/bingbot.htm)" "-"
62.138.0.25 - - [09/May/2018:21:02:50 +0200] "GET /robots.txt HTTP/1.1" 301 248 www.fc-schnaittach.de "-" "Mozilla/5.0 (compatible; adscanner/)" "-"
62.138.0.25 - - [09/May/2018:21:02:51 +0200] "GET /robots.txt HTTP/1.1" 200 35 www.fc-schnaittach.de "-" "Mozilla/5.0 (compatible; adscanner/)" "-"
62.138.0.25 - - [09/May/2018:21:02:51 +0200] "GET /wp-content/uploads/2018/04/Schuhe-768x575.png HTTP/1.1" 301 283 www.fc-schnaittach.de "-" "Mozilla/5.0 (compatible; adscanner/)" "-"
62.138.0.25 - - [09/May/2018:21:02:52 +0200] "GET /wp-content/uploads/2018/04/Schuhe-768x575.png HTTP/1.1" 200 889639 www.fc-schnaittach.de "-" "Mozilla/5.0 (compatible; adscanner/)" "-"
2003:c2:c70e:2b01:8dc:fe30:386:54b3 - - [09/May/2018:21:04:51 +0200] "GET /hauptverein/sportheim/ HTTP/1.1" 200 6339 www.fc-schnaittach.de "https://www.google.de/" "Mozilla/5.0 (Linux; Android 6.0.1; SAMSUNG SM-G900F Build/MMB29M) AppleWebKit/537.36 (KHTML, like Gecko) SamsungBrowser/4.0 Chrome/44.0.2403.133 Mobile Safari/537.36" "-"
2003:c2:c70e:2b01:8dc:fe30:386:54b3 - - [09/May/2018:21:04:51 +0200] "GET /wp-content/plugins/contact-form-7/includes/css/styles.css?ver=5.0.1 HTTP/1.1" 200 1683 www.fc-schnaittach.de "https://www.fc-schnaittach.de/hauptverein/sportheim/" "Mozilla/5.0 (Linux; Android 6.0.1; SAMSUNG SM-G900F Build/MMB29M) AppleWebKit/537.36 (KHTML, like Gecko) SamsungBrowser/4.0 Chrome/44.0.2403.133 Mobile Safari/537.36" "-"
2003:c2:c70e:2b01:8dc:fe30:386:54b3 - - [09/May/2018:21:04:51 +0200] "GET /wp-content/plugins/feedzy-rss-feeds/css/feedzy-rss-feeds.css?ver=3.2.10 HTTP/1.1" 200 9822 www.fc-schnaittach.de "https://www.fc-schnaittach.de/hauptverein/sportheim/" "Mozilla/5.0 (Linux; Android 6.0.1; SAMSUNG SM-G900F Build/MMB29M) AppleWebKit/537.36 (KHTML, like Gecko) SamsungBrowser/4.0 Chrome/44.0.2403.133 Mobile Safari/537.36" "-"
2003:c2:c70e:2b01:8dc:fe30:386:54b3 - - [09/May/2018:21:04:51 +0200] "GET /wp-content/plugins/recently-updated-posts-widget/css/style.css?ver=4.9.5 HTTP/1.1" 200 45 www.fc-schnaittach.de "https://www.fc-schnaittach.de/hauptverein/sportheim/" "Mozilla/5.0 (Linux; Android 6.0.1; SAMSUNG SM-G900F Build/MMB29M) AppleWebKit/537.36 (KHTML, like Gecko) SamsungBrowser/4.0 Chrome/44.0.2403.133 Mobile Safari/537.36" "-"
2003:c2:c70e:2b01:8dc:fe30:386:54b3 - - [09/May/2018:21:04:51 +0200] "GET /wp-content/plugins/user-access-manager/assets/css/uamLoginForm.css?ver=2.1.11 HTTP/1.1" 200 468 www.fc-schnaittach.de "https://www.fc-schnaittach.de/hauptverein/sportheim/" "Mozilla/5.0 (Linux; Android 6.0.1; SAMSUNG SM-G900F Build/MMB29M) AppleWebKit/537.36 (KHTML, like Gecko) SamsungBrowser/4.0 Chrome/44.0.2403.133 Mobile Safari/537.36" "-"
2003:c2:c70e:2b01:8dc:fe30:386:54b3 - - [09/May/2018:21:04:51 +0200] "GET /wp-content/themes/fcs/css/jquery.smartmenus.bootstrap.css?ver=1418749976 HTTP/1.1" 200 3128 www.fc-schnaittach.de "https://www.fc-schnaittach.de/hauptverein/sportheim/" "Mozilla/5.0 (Linux; Android 6.0.1; SAMSUNG SM-G900F Build/MMB29M) AppleWebKit/537.36 (KHTML, like Gecko) SamsungBrowser/4.0 Chrome/44.0.2403.133 Mobile Safari/537.36" "-"
2003:c2:c70e:2b01:8dc:fe30:386:54b3 - - [09/May/2018:21:04:51 +0200] "GET /wp-content/themes/fcs/style.css?ver=1460744932 HTTP/1.1" 200 22587 www.fc-schnaittach.de "https://www.fc-schnaittach.de/hauptverein/sportheim/" "Mozilla/5.0 (Linux; Android 6.0.1; SAMSUNG SM-G900F Build/MMB29M) AppleWebKit/537.36 (KHTML, like Gecko) SamsungBrowser/4.0 Chrome/44.0.2403.133 Mobile Safari/537.36" "-"
2003:c2:c70e:2b01:8dc:fe30:386:54b3 - - [09/May/2018:21:04:51 +0200] "GET /wp-includes/js/jquery/jquery.js?ver=1.12.4 HTTP/1.1" 200 97184 www.fc-schnaittach.de "https://www.fc-schnaittach.de/hauptverein/sportheim/" "Mozilla/5.0 (Linux; Android 6.0.1; SAMSUNG SM-G900F Build/MMB29M) AppleWebKit/537.36 (KHTML, like Gecko) SamsungBrowser/4.0 Chrome/44.0.2403.133 Mobile Safari/537.36" "-"
2003:c2:c70e:2b01:8dc:fe30:386:54b3 - - [09/May/2018:21:04:51 +0200] "GET /wp-includes/js/jquery/jquery-migrate.min.js?ver=1.4.1 HTTP/1.1" 200 10056 www.fc-schnaittach.de "https://www.fc-schnaittach.de/hauptverein/sportheim/" "Mozilla/5.0 (Linux; Android 6.0.1; SAMSUNG SM-G900F Build/MMB29M) AppleWebKit/537.36 (KHTML, like Gecko) SamsungBrowser/4.0 Chrome/44.0.2403.133 Mobile Safari/537.36" "-"
2003:c2:c70e:2b01:8dc:fe30:386:54b3 - - [09/May/2018:21:04:51 +0200] "GET /wp-content/themes/fcs/images/production/FcsWappen.png?ver=1487205002 HTTP/1.1" 200 12482 www.fc-schnaittach.de "https://www.fc-schnaittach.de/hauptverein/sportheim/" "Mozilla/5.0 (Linux; Android 6.0.1; SAMSUNG SM-G900F Build/MMB29M) AppleWebKit/537.36 (KHTML, like Gecko) SamsungBrowser/4.0 Chrome/44.0.2403.133 Mobile Safari/537.36" "-"
2003:c2:c70e:2b01:8dc:fe30:386:54b3 - - [09/May/2018:21:04:51 +0200] "GET /wp-content/themes/fcs/js/fcs.js?ver=1442772175 HTTP/1.1" 200 5542 www.fc-schnaittach.de "https://www.fc-schnaittach.de/hauptverein/sportheim/" "Mozilla/5.0 (Linux; Android 6.0.1; SAMSUNG SM-G900F Build/MMB29M) AppleWebKit/537.36 (KHTML, like Gecko) SamsungBrowser/4.0 Chrome/44.0.2403.133 Mobile Safari/537.36" "-"
2003:c2:c70e:2b01:8dc:fe30:386:54b3 - - [09/May/2018:21:04:51 +0200] "GET /wp-content/uploads/2016/01/Werbung-Sportheim-300x173.png HTTP/1.1" 404 5762 www.fc-schnaittach.de "-" "Mozilla/5.0 (Linux; Android 6.0.1; SAMSUNG SM-G900F Build/MMB29M) AppleWebKit/537.36 (KHTML, like Gecko) SamsungBrowser/4.0 Chrome/44.0.2403.133 Mobile Safari/537.36" "-"
2003:c2:c70e:2b01:8dc:fe30:386:54b3 - - [09/May/2018:21:04:52 +0200] "GET /wp-content/themes/fcs/js/jquery.smartmenus.min.js?ver=1418750004 HTTP/1.1" 200 22672 www.fc-schnaittach.de "https://www.fc-schnaittach.de/hauptverein/sportheim/" "Mozilla/5.0 (Linux; Android 6.0.1; SAMSUNG SM-G900F Build/MMB29M) AppleWebKit/537.36 (KHTML, like Gecko) SamsungBrowser/4.0 Chrome/44.0.2403.133 Mobile Safari/537.36" "-"
2003:c2:c70e:2b01:8dc:fe30:386:54b3 - - [09/May/2018:21:04:52 +0200] "GET /wp-content/themes/fcs/js/jquery.smartmenus.bootstrap.min.js?ver=1418750004 HTTP/1.1" 200 1252 www.fc-schnaittach.de "https://www.fc-schnaittach.de/hauptverein/sportheim/" "Mozilla/5.0 (Linux; Android 6.0.1; SAMSUNG SM-G900F Build/MMB29M) AppleWebKit/537.36 (KHTML, like Gecko) SamsungBrowser/4.0 Chrome/44.0.2403.133 Mobile Safari/537.36" "-"
2003:c2:c70e:2b01:8dc:fe30:386:54b3 - - [09/May/2018:21:04:52 +0200] "GET /wp-content/plugins/contact-form-7/includes/js/scripts.js?ver=5.0.1 HTTP/1.1" 200 14551 www.fc-schnaittach.de "https://www.fc-schnaittach.de/hauptverein/sportheim/" "Mozilla/5.0 (Linux; Android 6.0.1; SAMSUNG SM-G900F Build/MMB29M) AppleWebKit/537.36 (KHTML, like Gecko) SamsungBrowser/4.0 Chrome/44.0.2403.133 Mobile Safari/537.36" "-"
2003:c2:c70e:2b01:8dc:fe30:386:54b3 - - [09/May/2018:21:04:52 +0200] "GET /wp-includes/js/wp-embed.min.js?ver=4.9.5 HTTP/1.1" 200 1398 www.fc-schnaittach.de "https://www.fc-schnaittach.de/hauptverein/sportheim/" "Mozilla/5.0 (Linux; Android 6.0.1; SAMSUNG SM-G900F Build/MMB29M) AppleWebKit/537.36 (KHTML, like Gecko) SamsungBrowser/4.0 Chrome/44.0.2403.133 Mobile Safari/537.36" "-"
2003:c2:c70e:2b01:8dc:fe30:386:54b3 - - [09/May/2018:21:04:52 +0200] "GET /wp-includes/js/wp-emoji-release.min.js?ver=4.9.5 HTTP/1.1" 200 11721 www.fc-schnaittach.de "https://www.fc-schnaittach.de/hauptverein/sportheim/" "Mozilla/5.0 (Linux; Android 6.0.1; SAMSUNG SM-G900F Build/MMB29M) AppleWebKit/537.36 (KHTML, like Gecko) SamsungBrowser/4.0 Chrome/44.0.2403.133 Mobile Safari/537.36" "-"
2003:c2:c70e:2b01:8dc:fe30:386:54b3 - - [09/May/2018:21:04:52 +0200] "GET /wp-content/themes/fcs/images/production/FcsWappen.png HTTP/1.1" 200 12482 www.fc-schnaittach.de "https://www.fc-schnaittach.de/hauptverein/sportheim/" "Mozilla/5.0 (Linux; Android 6.0.1; SAMSUNG SM-G900F Build/MMB29M) AppleWebKit/537.36 (KHTML, like Gecko) SamsungBrowser/4.0 Chrome/44.0.2403.133 Mobile Safari/537.36" "-"
2003:c2:c70e:2b01:8dc:fe30:386:54b3 - - [09/May/2018:21:04:53 +0200] "GET /wp-content/themes/fcs/images/production/FcsWappen.ico?ver=1420564287 HTTP/1.1" 200 4606 www.fc-schnaittach.de "https://www.fc-schnaittach.de/hauptverein/sportheim/" "Mozilla/5.0 (Linux; Android 6.0.1; SAMSUNG SM-G900F Build/MMB29M) AppleWebKit/537.36 (KHTML, like Gecko) SamsungBrowser/4.0 Chrome/44.0.2403.133 Mobile Safari/537.36" "-"
2003:c2:c70e:2b01:8dc:fe30:386:54b3 - - [09/May/2018:21:04:53 +0200] "GET /wp-content/themes/fcs/images/production/FcsWappenMobileBookmark.png?ver=1487205003 HTTP/1.1" 200 12628 www.fc-schnaittach.de "https://www.fc-schnaittach.de/hauptverein/sportheim/" "Mozilla/5.0 (Linux; Android 6.0.1; SAMSUNG SM-G900F Build/MMB29M) AppleWebKit/537.36 (KHTML, like Gecko) SamsungBrowser/4.0 Chrome/44.0.2403.133 Mobile Safari/537.36" "-"
2003:c2:c70e:2b01:8dc:fe30:386:54b3 - - [09/May/2018:21:05:13 +0200] "GET /category/news/hauptverein/ HTTP/1.1" 200 8410 www.fc-schnaittach.de "https://www.fc-schnaittach.de/hauptverein/sportheim/" "Mozilla/5.0 (Linux; Android 6.0.1; SAMSUNG SM-G900F Build/MMB29M) AppleWebKit/537.36 (KHTML, like Gecko) SamsungBrowser/4.0 Chrome/44.0.2403.133 Mobile Safari/537.36" "-"
2003:c2:c70e:2b01:8dc:fe30:386:54b3 - - [09/May/2018:21:05:14 +0200] "GET /wp-content/themes/fcs/images/production/Transparent.png HTTP/1.1" 200 124 www.fc-schnaittach.de "https://www.fc-schnaittach.de/category/news/hauptverein/" "Mozilla/5.0 (Linux; Android 6.0.1; SAMSUNG SM-G900F Build/MMB29M) AppleWebKit/537.36 (KHTML, like Gecko) SamsungBrowser/4.0 Chrome/44.0.2403.133 Mobile Safari/537.36" "-"
2003:c2:c70e:2b01:8dc:fe30:386:54b3 - - [09/May/2018:21:05:15 +0200] "GET /wp-content/themes/fcs/images/production/WappenThumbnail.png HTTP/1.1" 200 13158 www.fc-schnaittach.de "https://www.fc-schnaittach.de/category/news/hauptverein/" "Mozilla/5.0 (Linux; Android 6.0.1; SAMSUNG SM-G900F Build/MMB29M) AppleWebKit/537.36 (KHTML, like Gecko) SamsungBrowser/4.0 Chrome/44.0.2403.133 Mobile Safari/537.36" "-"
2003:c2:c70e:2b01:8dc:fe30:386:54b3 - - [09/May/2018:21:05:15 +0200] "GET /wp-content/uploads/2017/06/Sporterlebnistag_04-4-300x189.jpg HTTP/1.1" 200 17229 www.fc-schnaittach.de "https://www.fc-schnaittach.de/category/news/hauptverein/" "Mozilla/5.0 (Linux; Android 6.0.1; SAMSUNG SM-G900F Build/MMB29M) AppleWebKit/537.36 (KHTML, like Gecko) SamsungBrowser/4.0 Chrome/44.0.2403.133 Mobile Safari/537.36" "-"
40.77.167.192 - - [09/May/2018:21:05:20 +0200] "GET /fussball/2-mannschaft/ HTTP/1.1" 200 9343 www.fc-schnaittach.de "-" "Mozilla/5.0 (compatible; bingbot/2.0; +http://www.bing.com/bingbot.htm)" "-"
207.46.13.71 - - [09/May/2018:21:05:25 +0200] "GET /wp-content/plugins/user-access-manager/assets/css/uamLoginForm.css?ver=2.1.11 HTTP/1.1" 301 315 www.fc-schnaittach.de "-" "Mozilla/5.0 (compatible; bingbot/2.0; +http://www.bing.com/bingbot.htm)" "-"
207.46.13.71 - - [09/May/2018:21:05:26 +0200] "GET /wp-content/plugins/user-access-manager/assets/css/uamLoginForm.css?ver=2.1.11 HTTP/1.1" 200 468 www.fc-schnaittach.de "-" "Mozilla/5.0 (compatible; bingbot/2.0; +http://www.bing.com/bingbot.htm)" "-"
207.46.13.71 - - [09/May/2018:21:05:27 +0200] "GET /wp-content/plugins/contact-form-7/includes/css/styles.css?ver=5.0.1 HTTP/1.1" 301 305 www.fc-schnaittach.de "-" "Mozilla/5.0 (compatible; bingbot/2.0; +http://www.bing.com/bingbot.htm)" "-"
207.46.13.71 - - [09/May/2018:21:05:28 +0200] "GET /wp-content/plugins/contact-form-7/includes/css/styles.css?ver=5.0.1 HTTP/1.1" 200 1683 www.fc-schnaittach.de "-" "Mozilla/5.0 (compatible; bingbot/2.0; +http://www.bing.com/bingbot.htm)" "-"
40.77.167.192 - - [09/May/2018:21:05:29 +0200] "GET /wp-content/plugins/feedzy-rss-feeds/css/feedzy-rss-feeds.css?ver=3.2.10 HTTP/1.1" 301 309 www.fc-schnaittach.de "-" "Mozilla/5.0 (compatible; bingbot/2.0; +http://www.bing.com/bingbot.htm)" "-"
207.46.13.71 - - [09/May/2018:21:05:29 +0200] "GET /wp-content/themes/fcs/style.css?ver=1460744932 HTTP/1.1" 301 284 www.fc-schnaittach.de "-" "Mozilla/5.0 (compatible; bingbot/2.0; +http://www.bing.com/bingbot.htm)" "-"
40.77.167.192 - - [09/May/2018:21:05:31 +0200] "GET /wp-content/plugins/feedzy-rss-feeds/css/feedzy-rss-feeds.css?ver=3.2.10 HTTP/1.1" 200 9822 www.fc-schnaittach.de "-" "Mozilla/5.0 (compatible; bingbot/2.0; +http://www.bing.com/bingbot.htm)" "-"
207.46.13.102 - - [09/May/2018:21:05:34 +0200] "GET /robots.txt HTTP/1.1" 301 248 www.fc-schnaittach.de "-" "Mozilla/5.0 (compatible; bingbot/2.0; +http://www.bing.com/bingbot.htm)" "-"
207.46.13.102 - - [09/May/2018:21:05:35 +0200] "GET /robots.txt HTTP/1.1" 200 35 www.fc-schnaittach.de "-" "Mozilla/5.0 (compatible; bingbot/2.0; +http://www.bing.com/bingbot.htm)" "-"
207.46.13.102 - - [09/May/2018:21:05:35 +0200] "GET /robots.txt HTTP/1.1" 301 248 www.fc-schnaittach.de "-" "Mozilla/5.0 (compatible; bingbot/2.0; +http://www.bing.com/bingbot.htm)" "-"
207.46.13.102 - - [09/May/2018:21:05:36 +0200] "GET /robots.txt HTTP/1.1" 200 35 www.fc-schnaittach.de "-" "Mozilla/5.0 (compatible; bingbot/2.0; +http://www.bing.com/bingbot.htm)" "-"
207.46.13.102 - - [09/May/2018:21:05:36 +0200] "GET /wp-content/plugins/recently-updated-posts-widget/css/style.css?ver=4.9.5 HTTP/1.1" 301 310 www.fc-schnaittach.de "-" "Mozilla/5.0 (compatible; bingbot/2.0; +http://www.bing.com/bingbot.htm)" "-"
207.46.13.102 - - [09/May/2018:21:05:40 +0200] "GET /wp-content/plugins/recently-updated-posts-widget/css/style.css?ver=4.9.5 HTTP/1.1" 200 45 www.fc-schnaittach.de "-" "Mozilla/5.0 (compatible; bingbot/2.0; +http://www.bing.com/bingbot.htm)" "-"
207.46.13.111 - - [09/May/2018:21:05:44 +0200] "GET /wp-content/themes/fcs/css/jquery.smartmenus.bootstrap.css?ver=1418749976 HTTP/1.1" 301 310 www.fc-schnaittach.de "-" "Mozilla/5.0 (compatible; bingbot/2.0; +http://www.bing.com/bingbot.htm)" "-"
207.46.13.111 - - [09/May/2018:21:05:45 +0200] "GET /wp-content/themes/fcs/css/jquery.smartmenus.bootstrap.css?ver=1418749976 HTTP/1.1" 200 3128 www.fc-schnaittach.de "-" "Mozilla/5.0 (compatible; bingbot/2.0; +http://www.bing.com/bingbot.htm)" "-"
207.46.13.111 - - [09/May/2018:21:05:45 +0200] "GET /wp-includes/js/jquery/jquery-migrate.min.js?ver=1.4.1 HTTP/1.1" 301 291 www.fc-schnaittach.de "-" "Mozilla/5.0 (compatible; bingbot/2.0; +http://www.bing.com/bingbot.htm)" "-"
207.46.13.111 - - [09/May/2018:21:05:46 +0200] "GET /wp-includes/js/jquery/jquery-migrate.min.js?ver=1.4.1 HTTP/1.1" 200 10056 www.fc-schnaittach.de "-" "Mozilla/5.0 (compatible; bingbot/2.0; +http://www.bing.com/bingbot.htm)" "-"
2003:c2:c70e:2b01:8dc:fe30:386:54b3 - - [09/May/2018:21:05:46 +0200] "GET /wp-content/uploads/2016/01/DFB-Logo_4c_zweiz-mittig_pos_06-300x255.jpg HTTP/1.1" 200 17777 www.fc-schnaittach.de "https://www.fc-schnaittach.de/category/news/hauptverein/" "Mozilla/5.0 (Linux; Android 6.0.1; SAMSUNG SM-G900F Build/MMB29M) AppleWebKit/537.36 (KHTML, like Gecko) SamsungBrowser/4.0 Chrome/44.0.2403.133 Mobile Safari/537.36" "-"
207.46.13.111 - - [09/May/2018:21:05:46 +0200] "GET /wp-content/themes/fcs/js/jquery.smartmenus.bootstrap.min.js?ver=1418750004 HTTP/1.1" 301 312 www.fc-schnaittach.de "-" "Mozilla/5.0 (compatible; bingbot/2.0; +http://www.bing.com/bingbot.htm)" "-"
2003:c2:c70e:2b01:8dc:fe30:386:54b3 - - [09/May/2018:21:05:47 +0200] "GET /wp-content/uploads/2015/12/Julius-Hirsch-Preis-2015-194x300.jpg HTTP/1.1" 200 12371 www.fc-schnaittach.de "https://www.fc-schnaittach.de/category/news/hauptverein/" "Mozilla/5.0 (Linux; Android 6.0.1; SAMSUNG SM-G900F Build/MMB29M) AppleWebKit/537.36 (KHTML, like Gecko) SamsungBrowser/4.0 Chrome/44.0.2403.133 Mobile Safari/537.36" "-"
207.46.13.111 - - [09/May/2018:21:05:50 +0200] "GET /wp-content/themes/fcs/js/jquery.smartmenus.bootstrap.min.js?ver=1418750004 HTTP/1.1" 200 1252 www.fc-schnaittach.de "-" "Mozilla/5.0 (compatible; bingbot/2.0; +http://www.bing.com/bingbot.htm)" "-"
2003:c2:c70e:2b01:8dc:fe30:386:54b3 - - [09/May/2018:21:05:55 +0200] "GET /wp-content/uploads/2015/10/Aktion-Spenderstein-162x300.jpg HTTP/1.1" 200 20583 www.fc-schnaittach.de "https://www.fc-schnaittach.de/category/news/hauptverein/" "Mozilla/5.0 (Linux; Android 6.0.1; SAMSUNG SM-G900F Build/MMB29M) AppleWebKit/537.36 (KHTML, like Gecko) SamsungBrowser/4.0 Chrome/44.0.2403.133 Mobile Safari/537.36" "-"
207.46.13.71 - - [09/May/2018:21:05:55 +0200] "GET /wp-content/themes/fcs/style.css?ver=1460744932 HTTP/1.1" 200 22587 www.fc-schnaittach.de "-" "Mozilla/5.0 (compatible; bingbot/2.0; +http://www.bing.com/bingbot.htm)" "-"
207.46.13.71 - - [09/May/2018:21:05:56 +0200] "GET /wp-content/plugins/contact-form-7/includes/js/scripts.js?ver=5.0.1 HTTP/1.1" 301 304 www.fc-schnaittach.de "-" "Mozilla/5.0 (compatible; bingbot/2.0; +http://www.bing.com/bingbot.htm)" "-"
207.46.13.71 - - [09/May/2018:21:05:57 +0200] "GET /wp-content/plugins/contact-form-7/includes/js/scripts.js?ver=5.0.1 HTTP/1.1" 200 14551 www.fc-schnaittach.de "-" "Mozilla/5.0 (compatible; bingbot/2.0; +http://www.bing.com/bingbot.htm)" "-"
66.249.66.134 - - [09/May/2018:21:09:13 +0200] "GET /wp-content/plugins/user-access-manager/css/uamLoginForm.css?ver=1.0 HTTP/1.1" 404 5762 www.fc-schnaittach.de "http://www.fc-schnaittach.de/budo/pruefungsvorbereitung-mit-chris-grupe-baku-20-03-15/" "Mozilla/5.0 (compatible; Googlebot/2.1; +http://www.google.com/bot.html)" "-"
66.249.66.136 - - [09/May/2018:21:09:13 +0200] "GET /wp-content/plugins/contact-form-7/includes/js/jquery.form.min.js?ver=3.51.0-2014.06.20 HTTP/1.1" 404 5762 www.fc-schnaittach.de "http://www.fc-schnaittach.de/budo/pruefungsvorbereitung-mit-chris-grupe-baku-20-03-15/" "Mozilla/5.0 (compatible; Googlebot/2.1; +http://www.google.com/bot.html)" "-"
66.249.66.134 - - [09/May/2018:21:09:13 +0200] "GET /wp-content/plugins/user-access-manager/css/uamAdmin.css?ver=1.0 HTTP/1.1" 404 5762 www.fc-schnaittach.de "http://www.fc-schnaittach.de/budo/pruefungsvorbereitung-mit-chris-grupe-baku-20-03-15/" "Mozilla/5.0 (compatible; Googlebot/2.1; +http://www.google.com/bot.html)" "-"
66.249.66.134 - - [09/May/2018:21:09:14 +0200] "GET /wp-content/plugins/user-access-manager/js/functions.js?ver=4.6.1 HTTP/1.1" 404 5762 www.fc-schnaittach.de "http://www.fc-schnaittach.de/budo/pruefungsvorbereitung-mit-chris-grupe-baku-20-03-15/" "Mozilla/5.0 (compatible; Googlebot/2.1; +http://www.google.com/bot.html)" "-"
2003:c2:c70e:2b01:8dc:fe30:386:54b3 - - [09/May/2018:21:09:45 +0200] "GET /hauptverein/sportheim/ HTTP/1.1" 200 6339 www.fc-schnaittach.de "https://www.google.de/" "Mozilla/5.0 (Linux; Android 6.0.1; SAMSUNG SM-G900F Build/MMB29M) AppleWebKit/537.36 (KHTML, like Gecko) SamsungBrowser/4.0 Chrome/44.0.2403.133 Mobile Safari/537.36" "-"
2003:c2:c70e:2b01:8dc:fe30:386:54b3 - - [09/May/2018:21:09:46 +0200] "GET /wp-content/uploads/2016/01/Werbung-Sportheim-300x173.png HTTP/1.1" 404 5762 www.fc-schnaittach.de "-" "Mozilla/5.0 (Linux; Android 6.0.1; SAMSUNG SM-G900F Build/MMB29M) AppleWebKit/537.36 (KHTML, like Gecko) SamsungBrowser/4.0 Chrome/44.0.2403.133 Mobile Safari/537.36" "-"
207.46.13.71 - - [09/May/2018:21:12:10 +0200] "GET /sitemap-pt-page-2018-05.xml HTTP/1.1" 200 589 www.fc-schnaittach.de "-" "Mozilla/5.0 (compatible; bingbot/2.0; +http://www.bing.com/bingbot.htm)" "-"
66.249.66.134 - - [09/May/2018:21:17:46 +0200] "GET /hauptverein/sportheim/ HTTP/1.1" 200 6344 www.fc-schnaittach.de "-" "Mozilla/5.0 (compatible; Googlebot/2.1; +http://www.google.com/bot.html)" "-"
188.98.11.255 - - [09/May/2018:21:18:20 +0200] "GET / HTTP/1.1" 200 7771 www.fc-schnaittach.de "http://www.google.com/" "Mozilla/5.0 (Linux; Android 7.0; F3111 Build/33.3.A.0.131) AppleWebKit/537.36 (KHTML, like Gecko) Chrome/66.0.3359.126 Mobile Safari/537.36" "-"
188.98.11.255 - - [09/May/2018:21:18:20 +0200] "GET /wp-content/plugins/contact-form-7/includes/css/styles.css?ver=5.0.1 HTTP/1.1" 200 1683 www.fc-schnaittach.de "https://www.fc-schnaittach.de/" "Mozilla/5.0 (Linux; Android 7.0; F3111 Build/33.3.A.0.131) AppleWebKit/537.36 (KHTML, like Gecko) Chrome/66.0.3359.126 Mobile Safari/537.36" "-"
188.98.11.255 - - [09/May/2018:21:18:20 +0200] "GET /wp-content/plugins/feedzy-rss-feeds/css/feedzy-rss-feeds.css?ver=3.2.10 HTTP/1.1" 200 9822 www.fc-schnaittach.de "https://www.fc-schnaittach.de/" "Mozilla/5.0 (Linux; Android 7.0; F3111 Build/33.3.A.0.131) AppleWebKit/537.36 (KHTML, like Gecko) Chrome/66.0.3359.126 Mobile Safari/537.36" "-"
188.98.11.255 - - [09/May/2018:21:18:20 +0200] "GET /wp-content/plugins/recently-updated-posts-widget/css/style.css?ver=4.9.5 HTTP/1.1" 200 45 www.fc-schnaittach.de "https://www.fc-schnaittach.de/" "Mozilla/5.0 (Linux; Android 7.0; F3111 Build/33.3.A.0.131) AppleWebKit/537.36 (KHTML, like Gecko) Chrome/66.0.3359.126 Mobile Safari/537.36" "-"
188.98.11.255 - - [09/May/2018:21:18:20 +0200] "GET /wp-content/plugins/user-access-manager/assets/css/uamLoginForm.css?ver=2.1.11 HTTP/1.1" 200 468 www.fc-schnaittach.de "https://www.fc-schnaittach.de/" "Mozilla/5.0 (Linux; Android 7.0; F3111 Build/33.3.A.0.131) AppleWebKit/537.36 (KHTML, like Gecko) Chrome/66.0.3359.126 Mobile Safari/537.36" "-"
188.98.11.255 - - [09/May/2018:21:18:20 +0200] "GET /wp-content/themes/fcs/css/jquery.smartmenus.bootstrap.css?ver=1418749976 HTTP/1.1" 200 3128 www.fc-schnaittach.de "https://www.fc-schnaittach.de/" "Mozilla/5.0 (Linux; Android 7.0; F3111 Build/33.3.A.0.131) AppleWebKit/537.36 (KHTML, like Gecko) Chrome/66.0.3359.126 Mobile Safari/537.36" "-"
188.98.11.255 - - [09/May/2018:21:18:21 +0200] "GET /wp-content/themes/fcs/style.css?ver=1460744932 HTTP/1.1" 200 22587 www.fc-schnaittach.de "https://www.fc-schnaittach.de/" "Mozilla/5.0 (Linux; Android 7.0; F3111 Build/33.3.A.0.131) AppleWebKit/537.36 (KHTML, like Gecko) Chrome/66.0.3359.126 Mobile Safari/537.36" "-"
188.98.11.255 - - [09/May/2018:21:18:21 +0200] "GET /wp-includes/js/jquery/jquery.js?ver=1.12.4 HTTP/1.1" 200 97184 www.fc-schnaittach.de "https://www.fc-schnaittach.de/" "Mozilla/5.0 (Linux; Android 7.0; F3111 Build/33.3.A.0.131) AppleWebKit/537.36 (KHTML, like Gecko) Chrome/66.0.3359.126 Mobile Safari/537.36" "-"
188.98.11.255 - - [09/May/2018:21:18:21 +0200] "GET /wp-includes/js/jquery/jquery-migrate.min.js?ver=1.4.1 HTTP/1.1" 200 10056 www.fc-schnaittach.de "https://www.fc-schnaittach.de/" "Mozilla/5.0 (Linux; Android 7.0; F3111 Build/33.3.A.0.131) AppleWebKit/537.36 (KHTML, like Gecko) Chrome/66.0.3359.126 Mobile Safari/537.36" "-"
188.98.11.255 - - [09/May/2018:21:18:21 +0200] "GET /wp-content/themes/fcs/js/fcs.js?ver=1442772175 HTTP/1.1" 200 5542 www.fc-schnaittach.de "https://www.fc-schnaittach.de/" "Mozilla/5.0 (Linux; Android 7.0; F3111 Build/33.3.A.0.131) AppleWebKit/537.36 (KHTML, like Gecko) Chrome/66.0.3359.126 Mobile Safari/537.36" "-"
188.98.11.255 - - [09/May/2018:21:18:21 +0200] "GET /wp-content/themes/fcs/js/jquery.smartmenus.min.js?ver=1418750004 HTTP/1.1" 200 22672 www.fc-schnaittach.de "https://www.fc-schnaittach.de/" "Mozilla/5.0 (Linux; Android 7.0; F3111 Build/33.3.A.0.131) AppleWebKit/537.36 (KHTML, like Gecko) Chrome/66.0.3359.126 Mobile Safari/537.36" "-"
188.98.11.255 - - [09/May/2018:21:18:21 +0200] "GET /wp-content/themes/fcs/js/jquery.smartmenus.bootstrap.min.js?ver=1418750004 HTTP/1.1" 200 1252 www.fc-schnaittach.de "https://www.fc-schnaittach.de/" "Mozilla/5.0 (Linux; Android 7.0; F3111 Build/33.3.A.0.131) AppleWebKit/537.36 (KHTML, like Gecko) Chrome/66.0.3359.126 Mobile Safari/537.36" "-"
188.98.11.255 - - [09/May/2018:21:18:21 +0200] "GET /wp-includes/js/wp-embed.min.js?ver=4.9.5 HTTP/1.1" 200 1398 www.fc-schnaittach.de "https://www.fc-schnaittach.de/" "Mozilla/5.0 (Linux; Android 7.0; F3111 Build/33.3.A.0.131) AppleWebKit/537.36 (KHTML, like Gecko) Chrome/66.0.3359.126 Mobile Safari/537.36" "-"
188.98.11.255 - - [09/May/2018:21:18:21 +0200] "GET /wp-content/plugins/contact-form-7/includes/js/scripts.js?ver=5.0.1 HTTP/1.1" 200 14551 www.fc-schnaittach.de "https://www.fc-schnaittach.de/" "Mozilla/5.0 (Linux; Android 7.0; F3111 Build/33.3.A.0.131) AppleWebKit/537.36 (KHTML, like Gecko) Chrome/66.0.3359.126 Mobile Safari/537.36" "-"
188.98.11.255 - - [09/May/2018:21:18:21 +0200] "GET /wp-content/themes/fcs/images/production/FcsWappen.png?ver=1487205002 HTTP/1.1" 200 12482 www.fc-schnaittach.de "https://www.fc-schnaittach.de/" "Mozilla/5.0 (Linux; Android 7.0; F3111 Build/33.3.A.0.131) AppleWebKit/537.36 (KHTML, like Gecko) Chrome/66.0.3359.126 Mobile Safari/537.36" "-"
188.98.11.255 - - [09/May/2018:21:18:24 +0200] "GET /wp-content/themes/fcs/images/production/Transparent.png?ver=1487205002 HTTP/1.1" 200 124 www.fc-schnaittach.de "https://www.fc-schnaittach.de/" "Mozilla/5.0 (Linux; Android 7.0; F3111 Build/33.3.A.0.131) AppleWebKit/537.36 (KHTML, like Gecko) Chrome/66.0.3359.126 Mobile Safari/537.36" "-"
188.98.11.255 - - [09/May/2018:21:18:24 +0200] "GET /wp-content/themes/fcs/images/production/Transparent.png HTTP/1.1" 200 124 www.fc-schnaittach.de "https://www.fc-schnaittach.de/" "Mozilla/5.0 (Linux; Android 7.0; F3111 Build/33.3.A.0.131) AppleWebKit/537.36 (KHTML, like Gecko) Chrome/66.0.3359.126 Mobile Safari/537.36" "-"
188.98.11.255 - - [09/May/2018:21:18:24 +0200] "GET /wp-includes/js/wp-emoji-release.min.js?ver=4.9.5 HTTP/1.1" 200 11721 www.fc-schnaittach.de "https://www.fc-schnaittach.de/" "Mozilla/5.0 (Linux; Android 7.0; F3111 Build/33.3.A.0.131) AppleWebKit/537.36 (KHTML, like Gecko) Chrome/66.0.3359.126 Mobile Safari/537.36" "-"
188.98.11.255 - - [09/May/2018:21:18:25 +0200] "GET /wp-content/themes/fcs/images/production/FcsWappen.png HTTP/1.1" 200 12482 www.fc-schnaittach.de "https://www.fc-schnaittach.de/" "Mozilla/5.0 (Linux; Android 7.0; F3111 Build/33.3.A.0.131) AppleWebKit/537.36 (KHTML, like Gecko) Chrome/66.0.3359.126 Mobile Safari/537.36" "-"
188.98.11.255 - - [09/May/2018:21:18:27 +0200] "GET /wp-content/themes/fcs/images/production/Tischtennis_Production.jpg?ver=1487205002 HTTP/1.1" 200 16063 www.fc-schnaittach.de "https://www.fc-schnaittach.de/" "Mozilla/5.0 (Linux; Android 7.0; F3111 Build/33.3.A.0.131) AppleWebKit/537.36 (KHTML, like Gecko) Chrome/66.0.3359.126 Mobile Safari/537.36" "-"
188.98.11.255 - - [09/May/2018:21:18:27 +0200] "GET /wp-content/themes/fcs/images/production/Fussball_Production.jpg?ver=1487205002 HTTP/1.1" 200 24902 www.fc-schnaittach.de "https://www.fc-schnaittach.de/" "Mozilla/5.0 (Linux; Android 7.0; F3111 Build/33.3.A.0.131) AppleWebKit/537.36 (KHTML, like Gecko) Chrome/66.0.3359.126 Mobile Safari/537.36" "-"
188.98.11.255 - - [09/May/2018:21:18:27 +0200] "GET /wp-content/themes/fcs/images/production/FcsWappen.ico?ver=1420564287 HTTP/1.1" 200 4606 www.fc-schnaittach.de "https://www.fc-schnaittach.de/" "Mozilla/5.0 (Linux; Android 7.0; F3111 Build/33.3.A.0.131) AppleWebKit/537.36 (KHTML, like Gecko) Chrome/66.0.3359.126 Mobile Safari/537.36" "-"
188.98.11.255 - - [09/May/2018:21:18:27 +0200] "GET /wp-content/themes/fcs/images/production/FcsWappenMobileBookmark.png?ver=1487205003 HTTP/1.1" 200 12628 www.fc-schnaittach.de "https://www.fc-schnaittach.de/" "Mozilla/5.0 (Linux; Android 7.0; F3111 Build/33.3.A.0.131) AppleWebKit/537.36 (KHTML, like Gecko) Chrome/66.0.3359.126 Mobile Safari/537.36" "-"
188.98.11.255 - - [09/May/2018:21:18:27 +0200] "GET /wp-content/themes/fcs/images/production/Budo_Production.jpg?ver=1487205003 HTTP/1.1" 200 9924 www.fc-schnaittach.de "https://www.fc-schnaittach.de/" "Mozilla/5.0 (Linux; Android 7.0; F3111 Build/33.3.A.0.131) AppleWebKit/537.36 (KHTML, like Gecko) Chrome/66.0.3359.126 Mobile Safari/537.36" "-"
