2.247.253.14 - - [09/May/2018:07:08:43 +0200] "GET /wp-content/uploads/2018/05/Kidslauf_Dragonrun_2.png HTTP/1.1" 200 723992 www.fc-schnaittach.de "https://www.fc-schnaittach.de/dragon-run-kids/" "Mozilla/5.0 (iPhone; CPU iPhone OS 11_3 like Mac OS X) AppleWebKit/605.1.15 (KHTML, like Gecko) Version/11.0 Mobile/15E148 Safari/604.1" "-"
52.88.191.74 - - [09/May/2018:07:11:44 +0200] "GET /wp-login.php HTTP/1.1" 200 1205 fc-schnaittach.de "https://www.google.com" "Mozilla/5.0 (Windows NT 6.1; WOW64; rv:36.0) Gecko/20100101 Firefox/36.0" "-"
52.88.191.74 - - [09/May/2018:07:11:56 +0200] "POST /wp-login.php HTTP/1.1" 200 1616 fc-schnaittach.de "https://www.google.com" "Mozilla/5.0 (Windows NT 6.1; WOW64; rv:36.0) Gecko/20100101 Firefox/36.0" "-"
84.181.169.81 - - [09/May/2018:07:15:45 +0200] "GET /dragon-run-kids/ HTTP/1.1" 200 6489 www.fc-schnaittach.de "-" "Mozilla/5.0 (iPhone; CPU iPhone OS 11_3 like Mac OS X) AppleWebKit/605.1.15 (KHTML, like Gecko) Version/11.0 Mobile/15E148 Safari/604.1" "-"
84.181.169.81 - - [09/May/2018:07:15:46 +0200] "GET /wp-includes/js/wp-emoji-release.min.js?ver=4.9.5 HTTP/1.1" 200 11721 www.fc-schnaittach.de "https://www.fc-schnaittach.de/dragon-run-kids/" "Mozilla/5.0 (iPhone; CPU iPhone OS 11_3 like Mac OS X) AppleWebKit/605.1.15 (KHTML, like Gecko) Version/11.0 Mobile/15E148 Safari/604.1" "-"
84.181.169.81 - - [09/May/2018:07:15:46 +0200] "GET /wp-content/plugins/contact-form-7/includes/css/styles.css?ver=5.0.1 HTTP/1.1" 200 1683 www.fc-schnaittach.de "https://www.fc-schnaittach.de/dragon-run-kids/" "Mozilla/5.0 (iPhone; CPU iPhone OS 11_3 like Mac OS X) AppleWebKit/605.1.15 (KHTML, like Gecko) Version/11.0 Mobile/15E148 Safari/604.1" "-"
84.181.169.81 - - [09/May/2018:07:15:46 +0200] "GET /wp-content/plugins/feedzy-rss-feeds/css/feedzy-rss-feeds.css?ver=3.2.10 HTTP/1.1" 200 9822 www.fc-schnaittach.de "https://www.fc-schnaittach.de/dragon-run-kids/" "Mozilla/5.0 (iPhone; CPU iPhone OS 11_3 like Mac OS X) AppleWebKit/605.1.15 (KHTML, like Gecko) Version/11.0 Mobile/15E148 Safari/604.1" "-"
84.181.169.81 - - [09/May/2018:07:15:46 +0200] "GET /wp-content/plugins/recently-updated-posts-widget/css/style.css?ver=4.9.5 HTTP/1.1" 200 45 www.fc-schnaittach.de "https://www.fc-schnaittach.de/dragon-run-kids/" "Mozilla/5.0 (iPhone; CPU iPhone OS 11_3 like Mac OS X) AppleWebKit/605.1.15 (KHTML, like Gecko) Version/11.0 Mobile/15E148 Safari/604.1" "-"
84.181.169.81 - - [09/May/2018:07:15:46 +0200] "GET /wp-content/plugins/user-access-manager/assets/css/uamLoginForm.css?ver=2.1.11 HTTP/1.1" 200 468 www.fc-schnaittach.de "https://www.fc-schnaittach.de/dragon-run-kids/" "Mozilla/5.0 (iPhone; CPU iPhone OS 11_3 like Mac OS X) AppleWebKit/605.1.15 (KHTML, like Gecko) Version/11.0 Mobile/15E148 Safari/604.1" "-"
84.181.169.81 - - [09/May/2018:07:15:46 +0200] "GET /wp-includes/js/jquery/jquery.js?ver=1.12.4 HTTP/1.1" 200 97184 www.fc-schnaittach.de "https://www.fc-schnaittach.de/dragon-run-kids/" "Mozilla/5.0 (iPhone; CPU iPhone OS 11_3 like Mac OS X) AppleWebKit/605.1.15 (KHTML, like Gecko) Version/11.0 Mobile/15E148 Safari/604.1" "-"
84.181.169.81 - - [09/May/2018:07:15:46 +0200] "GET /wp-includes/js/jquery/jquery-migrate.min.js?ver=1.4.1 HTTP/1.1" 200 10056 www.fc-schnaittach.de "https://www.fc-schnaittach.de/dragon-run-kids/" "Mozilla/5.0 (iPhone; CPU iPhone OS 11_3 like Mac OS X) AppleWebKit/605.1.15 (KHTML, like Gecko) Version/11.0 Mobile/15E148 Safari/604.1" "-"
84.181.169.81 - - [09/May/2018:07:15:46 +0200] "GET /wp-content/themes/fcs/css/jquery.smartmenus.bootstrap.css?ver=1418749976 HTTP/1.1" 200 3128 www.fc-schnaittach.de "https://www.fc-schnaittach.de/dragon-run-kids/" "Mozilla/5.0 (iPhone; CPU iPhone OS 11_3 like Mac OS X) AppleWebKit/605.1.15 (KHTML, like Gecko) Version/11.0 Mobile/15E148 Safari/604.1" "-"
84.181.169.81 - - [09/May/2018:07:15:46 +0200] "GET /wp-content/themes/fcs/style.css?ver=1460744932 HTTP/1.1" 200 22587 www.fc-schnaittach.de "https://www.fc-schnaittach.de/dragon-run-kids/" "Mozilla/5.0 (iPhone; CPU iPhone OS 11_3 like Mac OS X) AppleWebKit/605.1.15 (KHTML, like Gecko) Version/11.0 Mobile/15E148 Safari/604.1" "-"
84.181.169.81 - - [09/May/2018:07:15:46 +0200] "GET /wp-content/themes/fcs/images/production/FcsWappen.png?ver=1487205002 HTTP/1.1" 200 12482 www.fc-schnaittach.de "https://www.fc-schnaittach.de/dragon-run-kids/" "Mozilla/5.0 (iPhone; CPU iPhone OS 11_3 like Mac OS X) AppleWebKit/605.1.15 (KHTML, like Gecko) Version/11.0 Mobile/15E148 Safari/604.1" "-"
84.181.169.81 - - [09/May/2018:07:15:46 +0200] "GET /wp-content/uploads/2018/05/Kidslauf_Dragonrun_2-768x497.png HTTP/1.1" 200 302437 www.fc-schnaittach.de "https://www.fc-schnaittach.de/dragon-run-kids/" "Mozilla/5.0 (iPhone; CPU iPhone OS 11_3 like Mac OS X) AppleWebKit/605.1.15 (KHTML, like Gecko) Version/11.0 Mobile/15E148 Safari/604.1" "-"
84.181.169.81 - - [09/May/2018:07:15:46 +0200] "GET /wp-content/themes/fcs/images/production/FcsWappen.png HTTP/1.1" 200 12482 www.fc-schnaittach.de "https://www.fc-schnaittach.de/dragon-run-kids/" "Mozilla/5.0 (iPhone; CPU iPhone OS 11_3 like Mac OS X) AppleWebKit/605.1.15 (KHTML, like Gecko) Version/11.0 Mobile/15E148 Safari/604.1" "-"
84.181.169.81 - - [09/May/2018:07:15:46 +0200] "GET /wp-content/themes/fcs/js/fcs.js?ver=1442772175 HTTP/1.1" 200 5542 www.fc-schnaittach.de "https://www.fc-schnaittach.de/dragon-run-kids/" "Mozilla/5.0 (iPhone; CPU iPhone OS 11_3 like Mac OS X) AppleWebKit/605.1.15 (KHTML, like Gecko) Version/11.0 Mobile/15E148 Safari/604.1" "-"
84.181.169.81 - - [09/May/2018:07:15:46 +0200] "GET /wp-content/themes/fcs/js/jquery.smartmenus.min.js?ver=1418750004 HTTP/1.1" 200 22672 www.fc-schnaittach.de "https://www.fc-schnaittach.de/dragon-run-kids/" "Mozilla/5.0 (iPhone; CPU iPhone OS 11_3 like Mac OS X) AppleWebKit/605.1.15 (KHTML, like Gecko) Version/11.0 Mobile/15E148 Safari/604.1" "-"
84.181.169.81 - - [09/May/2018:07:15:46 +0200] "GET /wp-content/themes/fcs/js/jquery.smartmenus.bootstrap.min.js?ver=1418750004 HTTP/1.1" 200 1252 www.fc-schnaittach.de "https://www.fc-schnaittach.de/dragon-run-kids/" "Mozilla/5.0 (iPhone; CPU iPhone OS 11_3 like Mac OS X) AppleWebKit/605.1.15 (KHTML, like Gecko) Version/11.0 Mobile/15E148 Safari/604.1" "-"
84.181.169.81 - - [09/May/2018:07:15:46 +0200] "GET /wp-content/plugins/contact-form-7/includes/js/scripts.js?ver=5.0.1 HTTP/1.1" 200 14551 www.fc-schnaittach.de "https://www.fc-schnaittach.de/dragon-run-kids/" "Mozilla/5.0 (iPhone; CPU iPhone OS 11_3 like Mac OS X) AppleWebKit/605.1.15 (KHTML, like Gecko) Version/11.0 Mobile/15E148 Safari/604.1" "-"
84.181.169.81 - - [09/May/2018:07:15:46 +0200] "GET /wp-includes/js/wp-embed.min.js?ver=4.9.5 HTTP/1.1" 200 1398 www.fc-schnaittach.de "https://www.fc-schnaittach.de/dragon-run-kids/" "Mozilla/5.0 (iPhone; CPU iPhone OS 11_3 like Mac OS X) AppleWebKit/605.1.15 (KHTML, like Gecko) Version/11.0 Mobile/15E148 Safari/604.1" "-"
193.159.161.200 - - [09/May/2018:07:30:06 +0200] "GET / HTTP/1.1" 200 7770 www.fc-schnaittach.de "-" "Mozilla/5.0 (Windows NT 10.0; Win64; x64) AppleWebKit/537.36 (KHTML, like Gecko) Chrome/66.0.3359.139 Safari/537.36" "-"
217.160.63.10 - - [09/May/2018:07:30:06 +0200] "POST /wp-cron.php?doing_wp_cron=1525843806.4099509716033935546875 HTTP/1.1" 200 23 www.fc-schnaittach.de "https://www.fc-schnaittach.de/wp-cron.php?doing_wp_cron=1525843806.4099509716033935546875" "WordPress/4.9.5; https://www.fc-schnaittach.de" "-"
193.159.161.200 - - [09/May/2018:07:30:08 +0200] "GET /wp-content/uploads/2018/05/SAM_1762-002-300x225.jpg HTTP/1.1" 200 22206 www.fc-schnaittach.de "https://www.fc-schnaittach.de/" "Mozilla/5.0 (Windows NT 10.0; Win64; x64) AppleWebKit/537.36 (KHTML, like Gecko) Chrome/66.0.3359.139 Safari/537.36" "-"
193.159.161.200 - - [09/May/2018:07:30:14 +0200] "GET /wp-login.php?redirect_to=/ HTTP/1.1" 200 1306 www.fc-schnaittach.de "-" "Mozilla/5.0 (Windows NT 10.0; Win64; x64) AppleWebKit/537.36 (KHTML, like Gecko) Chrome/66.0.3359.139 Safari/537.36" "-"
193.159.161.200 - - [09/May/2018:07:30:15 +0200] "GET /favicon.ico HTTP/1.1" 200 3 www.fc-schnaittach.de "https://www.fc-schnaittach.de/wp-login.php?redirect_to=/" "Mozilla/5.0 (Windows NT 10.0; Win64; x64) AppleWebKit/537.36 (KHTML, like Gecko) Chrome/66.0.3359.139 Safari/537.36" "-"
193.159.161.200 - - [09/May/2018:07:30:25 +0200] "POST /wp-login.php HTTP/1.1" 200 1601 www.fc-schnaittach.de "https://www.fc-schnaittach.de/wp-login.php?redirect_to=/" "Mozilla/5.0 (Windows NT 10.0; Win64; x64) AppleWebKit/537.36 (KHTML, like Gecko) Chrome/66.0.3359.139 Safari/537.36" "-"
193.159.161.200 - - [09/May/2018:07:30:26 +0200] "GET /favicon.ico HTTP/1.1" 200 3 www.fc-schnaittach.de "https://www.fc-schnaittach.de/wp-login.php" "Mozilla/5.0 (Windows NT 10.0; Win64; x64) AppleWebKit/537.36 (KHTML, like Gecko) Chrome/66.0.3359.139 Safari/537.36" "-"
37.115.185.9 - - [09/May/2018:07:30:49 +0200] "GET /karate-teilnahme-an-der-bezirksmeisterschaft-2015/ HTTP/1.1" 200 29768 www.fc-schnaittach.de "https://filesclub.net/" "Mozilla/4.0 (compatible; MSIE 6.0; Windows NT 5.0; .NET CLR 1.0.3705; .NET CLR 1.1.4322)" "-"
37.115.185.9 - - [09/May/2018:07:30:50 +0200] "GET /karate-teilnahme-an-der-bezirksmeisterschaft-2015/ HTTP/1.1" 200 29768 www.fc-schnaittach.de "https://filesclub.net/" "Mozilla/4.0 (compatible; MSIE 6.0; Windows NT 5.0; .NET CLR 1.0.3705; .NET CLR 1.1.4322)" "-"
186.214.104.165 - - [09/May/2018:07:30:51 +0200] "GET /wp-login.php HTTP/1.1" 301 250 fc-schnaittach.de "-" "Mozilla/5.0 (Windows NT 6.0; rv:34.0) Gecko/20100101 Firefox/34.0" "-"
193.159.161.200 - - [09/May/2018:07:30:57 +0200] "GET / HTTP/1.1" 200 7770 www.fc-schnaittach.de "-" "Mozilla/5.0 (Windows NT 10.0; Win64; x64) AppleWebKit/537.36 (KHTML, like Gecko) Chrome/66.0.3359.139 Safari/537.36" "-"
186.214.104.165 - - [09/May/2018:07:31:03 +0200] "GET /wp-login.php HTTP/1.1" 200 2793 www.fc-schnaittach.de "-" "Mozilla/5.0 (Windows NT 6.0; rv:34.0) Gecko/20100101 Firefox/34.0" "-"
193.159.161.200 - - [09/May/2018:07:31:05 +0200] "GET /dragon-run-28-07-2018/ HTTP/1.1" 200 6546 www.fc-schnaittach.de "https://www.fc-schnaittach.de/" "Mozilla/5.0 (Windows NT 10.0; Win64; x64) AppleWebKit/537.36 (KHTML, like Gecko) Chrome/66.0.3359.139 Safari/537.36" "-"
186.214.104.165 - - [09/May/2018:07:31:16 +0200] "POST /wp-login.php HTTP/1.1" 503 299 www.fc-schnaittach.de "https://www.fc-schnaittach.de/wp-login.php" "Mozilla/5.0 (Windows NT 6.0; rv:34.0) Gecko/20100101 Firefox/34.0" "-"
193.159.161.200 - - [09/May/2018:07:31:20 +0200] "GET /dragonrun/ HTTP/1.1" 200 9135 www.fc-schnaittach.de "https://www.fc-schnaittach.de/dragon-run-28-07-2018/" "Mozilla/5.0 (Windows NT 10.0; Win64; x64) AppleWebKit/537.36 (KHTML, like Gecko) Chrome/66.0.3359.139 Safari/537.36" "-"
193.159.161.200 - - [09/May/2018:07:31:21 +0200] "GET /wp-content/uploads/2018/05/Rock_your_hair_Chevy_1-300x300.png HTTP/1.1" 200 163841 www.fc-schnaittach.de "https://www.fc-schnaittach.de/dragonrun/" "Mozilla/5.0 (Windows NT 10.0; Win64; x64) AppleWebKit/537.36 (KHTML, like Gecko) Chrome/66.0.3359.139 Safari/537.36" "-"
193.159.161.200 - - [09/May/2018:07:33:02 +0200] "GET /dragon-run-kids/ HTTP/1.1" 200 6489 www.fc-schnaittach.de "https://www.fc-schnaittach.de/dragonrun/" "Mozilla/5.0 (Windows NT 10.0; Win64; x64) AppleWebKit/537.36 (KHTML, like Gecko) Chrome/66.0.3359.139 Safari/537.36" "-"
193.159.161.200 - - [09/May/2018:07:33:02 +0200] "GET /wp-content/uploads/2018/05/Kidslauf_Dragonrun_2-1024x663.png HTTP/1.1" 200 530168 www.fc-schnaittach.de "https://www.fc-schnaittach.de/dragon-run-kids/" "Mozilla/5.0 (Windows NT 10.0; Win64; x64) AppleWebKit/537.36 (KHTML, like Gecko) Chrome/66.0.3359.139 Safari/537.36" "-"
207.46.13.102 - - [09/May/2018:07:33:18 +0200] "GET /wp-content/uploads/2014/10/Mannschaftsbild-16_17-mit-Verantwortlichen.jpg HTTP/1.1" 301 311 www.fc-schnaittach.de "-" "Mozilla/5.0 (compatible; bingbot/2.0; +http://www.bing.com/bingbot.htm)" "-"
207.46.13.102 - - [09/May/2018:07:33:20 +0200] "GET /wp-content/uploads/2014/10/Mannschaftsbild-16_17-mit-Verantwortlichen.jpg HTTP/1.1" 200 1967145 www.fc-schnaittach.de "-" "Mozilla/5.0 (compatible; bingbot/2.0; +http://www.bing.com/bingbot.htm)" "-"
95.84.161.27 - - [09/May/2018:07:33:36 +0200] "GET /wp-login.php HTTP/1.1" 301 250 fc-schnaittach.de "-" "Mozilla/5.0 (Windows NT 6.0; rv:34.0) Gecko/20100101 Firefox/34.0" "-"
95.84.161.27 - - [09/May/2018:07:33:48 +0200] "GET /wp-login.php HTTP/1.1" 200 2793 www.fc-schnaittach.de "-" "Mozilla/5.0 (Windows NT 6.0; rv:34.0) Gecko/20100101 Firefox/34.0" "-"
95.84.161.27 - - [09/May/2018:07:34:01 +0200] "POST /wp-login.php HTTP/1.1" 503 299 www.fc-schnaittach.de "https://www.fc-schnaittach.de/wp-login.php" "Mozilla/5.0 (Windows NT 6.0; rv:34.0) Gecko/20100101 Firefox/34.0" "-"
207.46.13.99 - - [09/May/2018:07:35:09 +0200] "GET /wp-content/uploads/2014/10/Jonas_Weigel-300x225.jpg HTTP/1.1" 200 14873 www.fc-schnaittach.de "-" "Mozilla/5.0 (compatible; bingbot/2.0; +http://www.bing.com/bingbot.htm)" "-"
193.159.161.200 - - [09/May/2018:07:35:25 +0200] "GET /guideline-ocr-dragon-run/ HTTP/1.1" 200 7312 www.fc-schnaittach.de "https://www.fc-schnaittach.de/dragonrun/" "Mozilla/5.0 (Windows NT 10.0; Win64; x64) AppleWebKit/537.36 (KHTML, like Gecko) Chrome/66.0.3359.139 Safari/537.36" "-"
193.159.161.200 - - [09/May/2018:07:37:04 +0200] "GET /faq-dragonrun/ HTTP/1.1" 200 6972 www.fc-schnaittach.de "https://www.fc-schnaittach.de/dragonrun/" "Mozilla/5.0 (Windows NT 10.0; Win64; x64) AppleWebKit/537.36 (KHTML, like Gecko) Chrome/66.0.3359.139 Safari/537.36" "-"
193.159.161.200 - - [09/May/2018:07:38:22 +0200] "GET /favicon.ico HTTP/1.1" 200 3 www.fc-schnaittach.de "https://www.fc-schnaittach.de/wp-content/uploads/2018/04/A3-Poster.jpeg" "Mozilla/5.0 (Windows NT 10.0; Win64; x64) AppleWebKit/537.36 (KHTML, like Gecko) Chrome/66.0.3359.139 Safari/537.36" "-"
193.159.161.200 - - [09/May/2018:07:38:48 +0200] "GET /favicon.ico HTTP/1.1" 200 3 www.fc-schnaittach.de "https://www.fc-schnaittach.de/wp-content/uploads/2018/04/A3-Poster.jpeg" "Mozilla/5.0 (Windows NT 10.0; Win64; x64) AppleWebKit/537.36 (KHTML, like Gecko) Chrome/66.0.3359.139 Safari/537.36" "-"
66.249.66.136 - - [09/May/2018:07:39:28 +0200] "GET /sitemap-pt-page-2017-06.xml HTTP/1.1" 200 492 www.fc-schnaittach.de "-" "Mozilla/5.0 (compatible; Googlebot/2.1; +http://www.google.com/bot.html)" "-"
66.249.66.132 - - [09/May/2018:07:42:58 +0200] "GET /wp-content/uploads/2014/10/Fabio_Oswald.jpg HTTP/1.1" 301 281 www.fc-schnaittach.de "-" "Googlebot-Image/1.0" "-"
66.249.66.149 - - [09/May/2018:07:42:58 +0200] "GET /wp-content/uploads/2014/10/Fabio_Oswald.jpg HTTP/1.1" 200 1144675 www.fc-schnaittach.de "-" "Googlebot-Image/1.0" "-"
207.46.13.102 - - [09/May/2018:07:46:58 +0200] "GET /wp-content/uploads/2014/10/DSC03512-e1430394723773.jpg HTTP/1.1" 301 292 www.fc-schnaittach.de "-" "Mozilla/5.0 (compatible; bingbot/2.0; +http://www.bing.com/bingbot.htm)" "-"
207.46.13.102 - - [09/May/2018:07:47:00 +0200] "GET /wp-content/uploads/2014/10/DSC03512-e1430394723773.jpg HTTP/1.1" 200 121054 www.fc-schnaittach.de "-" "Mozilla/5.0 (compatible; bingbot/2.0; +http://www.bing.com/bingbot.htm)" "-"
207.46.13.100 - - [09/May/2018:07:49:00 +0200] "GET /wp-content/uploads/2016/01/DFB-Logo_4c_zweiz-mittig_pos_06.jpg HTTP/1.1" 301 300 www.fc-schnaittach.de "-" "Mozilla/5.0 (compatible; bingbot/2.0; +http://www.bing.com/bingbot.htm)" "-"
207.46.13.100 - - [09/May/2018:07:49:01 +0200] "GET /wp-content/uploads/2016/01/DFB-Logo_4c_zweiz-mittig_pos_06.jpg HTTP/1.1" 200 41494 www.fc-schnaittach.de "-" "Mozilla/5.0 (compatible; bingbot/2.0; +http://www.bing.com/bingbot.htm)" "-"
207.46.13.101 - - [09/May/2018:07:58:16 +0200] "GET /wp-content/uploads/2014/10/DSC03503-e1430394776625.jpg HTTP/1.1" 301 292 www.fc-schnaittach.de "-" "Mozilla/5.0 (compatible; bingbot/2.0; +http://www.bing.com/bingbot.htm)" "-"
207.46.13.101 - - [09/May/2018:07:58:17 +0200] "GET /wp-content/uploads/2014/10/DSC03503-e1430394776625.jpg HTTP/1.1" 200 128439 www.fc-schnaittach.de "-" "Mozilla/5.0 (compatible; bingbot/2.0; +http://www.bing.com/bingbot.htm)" "-"
207.46.13.101 - - [09/May/2018:08:00:46 +0200] "GET /f3-jugend/ HTTP/1.1" 200 7248 www.fc-schnaittach.de "-" "Mozilla/5.0 (compatible; bingbot/2.0; +http://www.bing.com/bingbot.htm)" "-"
207.46.13.102 - - [09/May/2018:08:05:15 +0200] "GET /wp-content/uploads/2015/03/Tamara-Holfelder--189x300.jpg HTTP/1.1" 200 15404 www.fc-schnaittach.de "-" "Mozilla/5.0 (compatible; bingbot/2.0; +http://www.bing.com/bingbot.htm)" "-"
207.46.13.99 - - [09/May/2018:08:07:17 +0200] "GET /hauptverein/geschichte/ HTTP/1.1" 200 8071 www.fc-schnaittach.de "-" "Mozilla/5.0 (compatible; bingbot/2.0; +http://www.bing.com/bingbot.htm)" "-"
207.46.13.100 - - [09/May/2018:08:07:48 +0200] "GET /wp-content/uploads/2014/10/P1160522.jpg HTTP/1.1" 200 451392 www.fc-schnaittach.de "-" "Mozilla/5.0 (compatible; bingbot/2.0; +http://www.bing.com/bingbot.htm)" "-"
2a03:2880:21ff:f01c:face:b00c:0:8000 - - [09/May/2018:08:10:31 +0200] "GET /wp-content/uploads/2018/03/DIN_A6_Flyer_22.02.2018_1.png HTTP/1.1" 200 205587 www.fc-schnaittach.de "-" "facebookexternalhit/1.1 (+http://www.facebook.com/externalhit_uatext.php)" "-"
207.46.13.101 - - [09/May/2018:08:13:18 +0200] "GET /wp-content/uploads/2014/10/M_Wazlav.jpg HTTP/1.1" 301 277 www.fc-schnaittach.de "-" "Mozilla/5.0 (compatible; bingbot/2.0; +http://www.bing.com/bingbot.htm)" "-"
207.46.13.101 - - [09/May/2018:08:13:19 +0200] "GET /wp-content/uploads/2014/10/M_Wazlav.jpg HTTP/1.1" 200 132583 www.fc-schnaittach.de "-" "Mozilla/5.0 (compatible; bingbot/2.0; +http://www.bing.com/bingbot.htm)" "-"
61.154.29.185 - - [09/May/2018:08:14:52 +0200] "GET /wp-content/plugins/i-dump-iphone-to-wordpress-photo-uploader/uploader.php HTTP/1.1" 200 23607 www.fc-schnaittach.de "-" "-" "-"
207.46.13.102 - - [09/May/2018:08:15:26 +0200] "GET /wp-content/uploads/2016/11/Johanna-Winkler-243x300.jpg HTTP/1.1" 200 17763 www.fc-schnaittach.de "-" "Mozilla/5.0 (compatible; bingbot/2.0; +http://www.bing.com/bingbot.htm)" "-"
207.46.13.102 - - [09/May/2018:08:29:04 +0200] "GET /wp-content/uploads/2014/10/P1018318.jpg HTTP/1.1" 200 1983295 www.fc-schnaittach.de "-" "Mozilla/5.0 (compatible; bingbot/2.0; +http://www.bing.com/bingbot.htm)" "-"
217.160.63.10 - - [09/May/2018:08:33:40 +0200] "POST /wp-cron.php?doing_wp_cron=1525847620.8704528808593750000000 HTTP/1.1" 200 23 www.fc-schnaittach.de "https://www.fc-schnaittach.de/wp-cron.php?doing_wp_cron=1525847620.8704528808593750000000" "WordPress/4.9.5; https://www.fc-schnaittach.de" "-"
42.236.101.214 - - [09/May/2018:08:33:40 +0200] "GET / HTTP/1.1" 200 7771 www.fc-schnaittach.de "https://www.fc-schnaittach.de/" "Mozilla/5.0 (Windows NT 6.1; WOW64) AppleWebKit/537.36 (KHTML, like Gecko) Chrome/50.0.2661.102 Safari/537.36; 360Spider" "-"
207.46.13.99 - - [09/May/2018:08:33:57 +0200] "GET /wp-content/uploads/2016/11/FCS_MW41076_online.jpg HTTP/1.1" 301 287 www.fc-schnaittach.de "-" "Mozilla/5.0 (compatible; bingbot/2.0; +http://www.bing.com/bingbot.htm)" "-"
207.46.13.99 - - [09/May/2018:08:33:58 +0200] "GET /wp-content/uploads/2016/11/FCS_MW41076_online.jpg HTTP/1.1" 200 480662 www.fc-schnaittach.de "-" "Mozilla/5.0 (compatible; bingbot/2.0; +http://www.bing.com/bingbot.htm)" "-"
42.236.54.42 - - [09/May/2018:08:34:43 +0200] "GET / HTTP/1.1" 301 238 www.fc-schnaittach.de "http://www.fc-schnaittach.de/" "Mozilla/5.0 (Windows NT 6.1; WOW64) AppleWebKit/537.36 (KHTML, like Gecko) Chrome/50.0.2661.102 Safari/537.36; 360Spider" "-"
42.236.54.42 - - [09/May/2018:08:34:45 +0200] "GET / HTTP/1.1" 200 7771 www.fc-schnaittach.de "https://www.fc-schnaittach.de/" "Mozilla/5.0 (Windows NT 6.1; WOW64) AppleWebKit/537.36 (KHTML, like Gecko) Chrome/50.0.2661.102 Safari/537.36; 360Spider" "-"
66.249.66.132 - - [09/May/2018:08:38:15 +0200] "GET /sitemap-pt-page-2016-02.xml HTTP/1.1" 200 592 www.fc-schnaittach.de "-" "Mozilla/5.0 (compatible; Googlebot/2.1; +http://www.google.com/bot.html)" "-"
178.17.174.198 - - [09/May/2018:08:40:45 +0200] "GET / HTTP/1.1" 301 238 fc-schnaittach.de "AfD-Verbotsverfahren_JETZT!" "AfD-Verbotsverfahren JETZT!" "-"
185.220.101.21 - - [09/May/2018:08:41:09 +0200] "GET / HTTP/1.1" 200 7771 www.fc-schnaittach.de "AfD-Verbotsverfahren_JETZT!" "AfD-Verbotsverfahren JETZT!" "-"
66.249.66.134 - - [09/May/2018:08:44:05 +0200] "GET /wp-content/plugins/user-access-manager/assets/css/uamLoginForm.css?ver=2.0.11 HTTP/1.1" 301 315 www.fc-schnaittach.de "http://www.fc-schnaittach.de/maiausflug-der-wanderabteilung/" "Mozilla/5.0 (compatible; Googlebot/2.1; +http://www.google.com/bot.html)" "-"
66.249.66.153 - - [09/May/2018:08:44:05 +0200] "GET /wp-content/plugins/user-access-manager/assets/css/uamLoginForm.css?ver=2.0.11 HTTP/1.1" 200 468 www.fc-schnaittach.de "http://www.fc-schnaittach.de/maiausflug-der-wanderabteilung/" "Mozilla/5.0 (compatible; Googlebot/2.1; +http://www.google.com/bot.html)" "-"
77.220.213.173 - - [09/May/2018:08:48:08 +0200] "HEAD / HTTP/1.1" 301 - www.fc-schnaittach.de "http://online-raiffeisen.ru" "Mozilla/3.0 (compatible; MSIE2.00; Windows 2009)" "-"
185.209.20.147 - - [09/May/2018:08:48:08 +0200] "HEAD / HTTP/1.1" 301 - www.fc-schnaittach.de "http://online-vostbank.ru" "Mozilla/7.0 (compatible; MSIE2.00; Windows 2004)" "-"
77.220.214.180 - - [09/May/2018:08:48:08 +0200] "HEAD / HTTP/1.1" 301 - www.fc-schnaittach.de "http://kabinet-online-sovcombank.ru" "Mozilla/8.0 (compatible; MSIE7.00; Windows 2003)" "-"
185.154.13.6 - - [09/May/2018:08:48:08 +0200] "HEAD / HTTP/1.1" 301 - www.fc-schnaittach.de "http://credit-card-tinkoff.ru" "Mozilla/5.0 (compatible; MSIE5.00; Windows 2008)" "-"
178.159.39.237 - - [09/May/2018:08:48:09 +0200] "HEAD / HTTP/1.1" 301 - www.fc-schnaittach.de "http://kabinet-online-open.ru" "Mozilla/6.0 (compatible; MSIE3.00; Windows 2004)" "-"
178.159.43.212 - - [09/May/2018:08:48:10 +0200] "HEAD / HTTP/1.1" 301 - www.fc-schnaittach.de "http://kabinet-alfaclick.ru" "Mozilla/6.0 (compatible; MSIE5.00; Windows 2002)" "-"
185.236.130.56 - - [09/May/2018:08:53:47 +0200] "HEAD / HTTP/1.1" 301 - www.fc-schnaittach.de "https://timmy.by/catalog/classic" "Mozilla/6.0 (compatible; MSIE5.00; Windows 2009)" "-"
66.249.66.134 - - [09/May/2018:08:54:46 +0200] "GET /wp-content/plugins/user-access-manager/assets/css/uamLoginForm.css?ver=2.0.13 HTTP/1.1" 301 315 www.fc-schnaittach.de "http://www.fc-schnaittach.de/ansprechpartner/tischtennis/" "Mozilla/5.0 (compatible; Googlebot/2.1; +http://www.google.com/bot.html)" "-"
66.249.66.136 - - [09/May/2018:08:54:47 +0200] "GET /wp-content/plugins/feedzy-rss-feeds/css/feedzy-rss-feeds.css?ver=3.2.0 HTTP/1.1" 301 308 www.fc-schnaittach.de "http://www.fc-schnaittach.de/ansprechpartner/tischtennis/" "Mozilla/5.0 (compatible; Googlebot/2.1; +http://www.google.com/bot.html)" "-"
66.249.66.149 - - [09/May/2018:08:54:47 +0200] "GET /wp-content/plugins/user-access-manager/assets/css/uamLoginForm.css?ver=2.0.13 HTTP/1.1" 200 468 www.fc-schnaittach.de "http://www.fc-schnaittach.de/ansprechpartner/tischtennis/" "Mozilla/5.0 (compatible; Googlebot/2.1; +http://www.google.com/bot.html)" "-"
66.249.66.151 - - [09/May/2018:08:54:48 +0200] "GET /wp-content/plugins/feedzy-rss-feeds/css/feedzy-rss-feeds.css?ver=3.2.0 HTTP/1.1" 200 9822 www.fc-schnaittach.de "http://www.fc-schnaittach.de/ansprechpartner/tischtennis/" "Mozilla/5.0 (compatible; Googlebot/2.1; +http://www.google.com/bot.html)" "-"
109.192.76.231 - - [09/May/2018:08:55:11 +0200] "GET / HTTP/1.1" 200 7771 www.fc-schnaittach.de "https://www.google.de/" "Mozilla/5.0 (Windows NT 6.1; Win64; x64) AppleWebKit/537.36 (KHTML, like Gecko) Chrome/66.0.3359.139 Safari/537.36" "-"
109.192.76.231 - - [09/May/2018:08:55:12 +0200] "GET /wp-content/plugins/contact-form-7/includes/css/styles.css?ver=5.0.1 HTTP/1.1" 200 1683 www.fc-schnaittach.de "https://www.fc-schnaittach.de/" "Mozilla/5.0 (Windows NT 6.1; Win64; x64) AppleWebKit/537.36 (KHTML, like Gecko) Chrome/66.0.3359.139 Safari/537.36" "-"
109.192.76.231 - - [09/May/2018:08:55:12 +0200] "GET /wp-content/plugins/feedzy-rss-feeds/css/feedzy-rss-feeds.css?ver=3.2.10 HTTP/1.1" 200 9822 www.fc-schnaittach.de "https://www.fc-schnaittach.de/" "Mozilla/5.0 (Windows NT 6.1; Win64; x64) AppleWebKit/537.36 (KHTML, like Gecko) Chrome/66.0.3359.139 Safari/537.36" "-"
109.192.76.231 - - [09/May/2018:08:55:12 +0200] "GET /wp-content/plugins/recently-updated-posts-widget/css/style.css?ver=4.9.5 HTTP/1.1" 200 45 www.fc-schnaittach.de "https://www.fc-schnaittach.de/" "Mozilla/5.0 (Windows NT 6.1; Win64; x64) AppleWebKit/537.36 (KHTML, like Gecko) Chrome/66.0.3359.139 Safari/537.36" "-"
109.192.76.231 - - [09/May/2018:08:55:12 +0200] "GET /wp-content/plugins/user-access-manager/assets/css/uamLoginForm.css?ver=2.1.11 HTTP/1.1" 200 468 www.fc-schnaittach.de "https://www.fc-schnaittach.de/" "Mozilla/5.0 (Windows NT 6.1; Win64; x64) AppleWebKit/537.36 (KHTML, like Gecko) Chrome/66.0.3359.139 Safari/537.36" "-"
109.192.76.231 - - [09/May/2018:08:55:12 +0200] "GET /wp-includes/js/jquery/jquery.js?ver=1.12.4 HTTP/1.1" 200 97184 www.fc-schnaittach.de "https://www.fc-schnaittach.de/" "Mozilla/5.0 (Windows NT 6.1; Win64; x64) AppleWebKit/537.36 (KHTML, like Gecko) Chrome/66.0.3359.139 Safari/537.36" "-"
109.192.76.231 - - [09/May/2018:08:55:12 +0200] "GET /wp-includes/js/jquery/jquery-migrate.min.js?ver=1.4.1 HTTP/1.1" 200 10056 www.fc-schnaittach.de "https://www.fc-schnaittach.de/" "Mozilla/5.0 (Windows NT 6.1; Win64; x64) AppleWebKit/537.36 (KHTML, like Gecko) Chrome/66.0.3359.139 Safari/537.36" "-"
109.192.76.231 - - [09/May/2018:08:55:12 +0200] "GET /wp-content/themes/fcs/css/jquery.smartmenus.bootstrap.css?ver=1418749976 HTTP/1.1" 200 3128 www.fc-schnaittach.de "https://www.fc-schnaittach.de/" "Mozilla/5.0 (Windows NT 6.1; Win64; x64) AppleWebKit/537.36 (KHTML, like Gecko) Chrome/66.0.3359.139 Safari/537.36" "-"
109.192.76.231 - - [09/May/2018:08:55:12 +0200] "GET /wp-content/themes/fcs/style.css?ver=1460744932 HTTP/1.1" 200 22587 www.fc-schnaittach.de "https://www.fc-schnaittach.de/" "Mozilla/5.0 (Windows NT 6.1; Win64; x64) AppleWebKit/537.36 (KHTML, like Gecko) Chrome/66.0.3359.139 Safari/537.36" "-"
109.192.76.231 - - [09/May/2018:08:55:12 +0200] "GET /wp-content/themes/fcs/images/production/FcsWappen.png?ver=1487205002 HTTP/1.1" 200 12482 www.fc-schnaittach.de "https://www.fc-schnaittach.de/" "Mozilla/5.0 (Windows NT 6.1; Win64; x64) AppleWebKit/537.36 (KHTML, like Gecko) Chrome/66.0.3359.139 Safari/537.36" "-"
109.192.76.231 - - [09/May/2018:08:55:12 +0200] "GET /wp-content/themes/fcs/images/production/Transparent.png?ver=1487205002 HTTP/1.1" 200 124 www.fc-schnaittach.de "https://www.fc-schnaittach.de/" "Mozilla/5.0 (Windows NT 6.1; Win64; x64) AppleWebKit/537.36 (KHTML, like Gecko) Chrome/66.0.3359.139 Safari/537.36" "-"
109.192.76.231 - - [09/May/2018:08:55:12 +0200] "GET /wp-content/themes/fcs/images/production/Transparent.png HTTP/1.1" 200 124 www.fc-schnaittach.de "https://www.fc-schnaittach.de/" "Mozilla/5.0 (Windows NT 6.1; Win64; x64) AppleWebKit/537.36 (KHTML, like Gecko) Chrome/66.0.3359.139 Safari/537.36" "-"
109.192.76.231 - - [09/May/2018:08:55:12 +0200] "GET /wp-content/themes/fcs/images/production/FcsWappen.png HTTP/1.1" 200 12482 www.fc-schnaittach.de "https://www.fc-schnaittach.de/" "Mozilla/5.0 (Windows NT 6.1; Win64; x64) AppleWebKit/537.36 (KHTML, like Gecko) Chrome/66.0.3359.139 Safari/537.36" "-"
109.192.76.231 - - [09/May/2018:08:55:12 +0200] "GET /wp-content/themes/fcs/js/fcs.js?ver=1442772175 HTTP/1.1" 200 5542 www.fc-schnaittach.de "https://www.fc-schnaittach.de/" "Mozilla/5.0 (Windows NT 6.1; Win64; x64) AppleWebKit/537.36 (KHTML, like Gecko) Chrome/66.0.3359.139 Safari/537.36" "-"
109.192.76.231 - - [09/May/2018:08:55:12 +0200] "GET /wp-content/themes/fcs/js/jquery.smartmenus.min.js?ver=1418750004 HTTP/1.1" 200 22672 www.fc-schnaittach.de "https://www.fc-schnaittach.de/" "Mozilla/5.0 (Windows NT 6.1; Win64; x64) AppleWebKit/537.36 (KHTML, like Gecko) Chrome/66.0.3359.139 Safari/537.36" "-"
109.192.76.231 - - [09/May/2018:08:55:12 +0200] "GET /wp-content/themes/fcs/js/jquery.smartmenus.bootstrap.min.js?ver=1418750004 HTTP/1.1" 200 1252 www.fc-schnaittach.de "https://www.fc-schnaittach.de/" "Mozilla/5.0 (Windows NT 6.1; Win64; x64) AppleWebKit/537.36 (KHTML, like Gecko) Chrome/66.0.3359.139 Safari/537.36" "-"
109.192.76.231 - - [09/May/2018:08:55:12 +0200] "GET /wp-content/plugins/contact-form-7/includes/js/scripts.js?ver=5.0.1 HTTP/1.1" 200 14551 www.fc-schnaittach.de "https://www.fc-schnaittach.de/" "Mozilla/5.0 (Windows NT 6.1; Win64; x64) AppleWebKit/537.36 (KHTML, like Gecko) Chrome/66.0.3359.139 Safari/537.36" "-"
109.192.76.231 - - [09/May/2018:08:55:12 +0200] "GET /wp-includes/js/wp-embed.min.js?ver=4.9.5 HTTP/1.1" 200 1398 www.fc-schnaittach.de "https://www.fc-schnaittach.de/" "Mozilla/5.0 (Windows NT 6.1; Win64; x64) AppleWebKit/537.36 (KHTML, like Gecko) Chrome/66.0.3359.139 Safari/537.36" "-"
109.192.76.231 - - [09/May/2018:08:56:28 +0200] "GET /wp-content/uploads/2014/12/DSC_0009.jpg HTTP/1.1" 200 162412 www.fc-schnaittach.de "https://www.google.de/" "Mozilla/5.0 (Windows NT 6.1; Win64; x64) AppleWebKit/537.36 (KHTML, like Gecko) Chrome/66.0.3359.139 Safari/537.36" "-"
80.187.106.178 - - [09/May/2018:08:56:36 +0200] "GET /fussball/1-mannschaft/nachrichten-aus-der-liga-kreisliga-erlangen-pegnitzgrund-2/ HTTP/1.1" 200 8441 www.fc-schnaittach.de "https://www.google.de/" "Mozilla/5.0 (Linux; Android 7.1.1; E6653 Build/32.4.A.0.160) AppleWebKit/537.36 (KHTML, like Gecko) Chrome/66.0.3359.126 Mobile Safari/537.36" "-"
80.187.106.178 - - [09/May/2018:08:56:37 +0200] "GET /wp-content/plugins/contact-form-7/includes/css/styles.css?ver=5.0.1 HTTP/1.1" 200 1683 www.fc-schnaittach.de "https://www.fc-schnaittach.de/fussball/1-mannschaft/nachrichten-aus-der-liga-kreisliga-erlangen-pegnitzgrund-2/" "Mozilla/5.0 (Linux; Android 7.1.1; E6653 Build/32.4.A.0.160) AppleWebKit/537.36 (KHTML, like Gecko) Chrome/66.0.3359.126 Mobile Safari/537.36" "-"
80.187.106.178 - - [09/May/2018:08:56:37 +0200] "GET /wp-content/plugins/feedzy-rss-feeds/css/feedzy-rss-feeds.css?ver=3.2.10 HTTP/1.1" 200 9822 www.fc-schnaittach.de "https://www.fc-schnaittach.de/fussball/1-mannschaft/nachrichten-aus-der-liga-kreisliga-erlangen-pegnitzgrund-2/" "Mozilla/5.0 (Linux; Android 7.1.1; E6653 Build/32.4.A.0.160) AppleWebKit/537.36 (KHTML, like Gecko) Chrome/66.0.3359.126 Mobile Safari/537.36" "-"
80.187.106.178 - - [09/May/2018:08:56:37 +0200] "GET /wp-content/plugins/recently-updated-posts-widget/css/style.css?ver=4.9.5 HTTP/1.1" 200 45 www.fc-schnaittach.de "https://www.fc-schnaittach.de/fussball/1-mannschaft/nachrichten-aus-der-liga-kreisliga-erlangen-pegnitzgrund-2/" "Mozilla/5.0 (Linux; Android 7.1.1; E6653 Build/32.4.A.0.160) AppleWebKit/537.36 (KHTML, like Gecko) Chrome/66.0.3359.126 Mobile Safari/537.36" "-"
80.187.106.178 - - [09/May/2018:08:56:37 +0200] "GET /wp-content/plugins/user-access-manager/assets/css/uamLoginForm.css?ver=2.1.11 HTTP/1.1" 200 468 www.fc-schnaittach.de "https://www.fc-schnaittach.de/fussball/1-mannschaft/nachrichten-aus-der-liga-kreisliga-erlangen-pegnitzgrund-2/" "Mozilla/5.0 (Linux; Android 7.1.1; E6653 Build/32.4.A.0.160) AppleWebKit/537.36 (KHTML, like Gecko) Chrome/66.0.3359.126 Mobile Safari/537.36" "-"
80.187.106.178 - - [09/May/2018:08:56:37 +0200] "GET /wp-content/themes/fcs/css/jquery.smartmenus.bootstrap.css?ver=1418749976 HTTP/1.1" 200 3128 www.fc-schnaittach.de "https://www.fc-schnaittach.de/fussball/1-mannschaft/nachrichten-aus-der-liga-kreisliga-erlangen-pegnitzgrund-2/" "Mozilla/5.0 (Linux; Android 7.1.1; E6653 Build/32.4.A.0.160) AppleWebKit/537.36 (KHTML, like Gecko) Chrome/66.0.3359.126 Mobile Safari/537.36" "-"
80.187.106.178 - - [09/May/2018:08:56:37 +0200] "GET /wp-content/themes/fcs/style.css?ver=1460744932 HTTP/1.1" 200 22587 www.fc-schnaittach.de "https://www.fc-schnaittach.de/fussball/1-mannschaft/nachrichten-aus-der-liga-kreisliga-erlangen-pegnitzgrund-2/" "Mozilla/5.0 (Linux; Android 7.1.1; E6653 Build/32.4.A.0.160) AppleWebKit/537.36 (KHTML, like Gecko) Chrome/66.0.3359.126 Mobile Safari/537.36" "-"
80.187.106.178 - - [09/May/2018:08:56:37 +0200] "GET /wp-includes/js/jquery/jquery.js?ver=1.12.4 HTTP/1.1" 200 97184 www.fc-schnaittach.de "https://www.fc-schnaittach.de/fussball/1-mannschaft/nachrichten-aus-der-liga-kreisliga-erlangen-pegnitzgrund-2/" "Mozilla/5.0 (Linux; Android 7.1.1; E6653 Build/32.4.A.0.160) AppleWebKit/537.36 (KHTML, like Gecko) Chrome/66.0.3359.126 Mobile Safari/537.36" "-"
80.187.106.178 - - [09/May/2018:08:56:38 +0200] "GET /wp-includes/js/jquery/jquery-migrate.min.js?ver=1.4.1 HTTP/1.1" 200 10056 www.fc-schnaittach.de "https://www.fc-schnaittach.de/fussball/1-mannschaft/nachrichten-aus-der-liga-kreisliga-erlangen-pegnitzgrund-2/" "Mozilla/5.0 (Linux; Android 7.1.1; E6653 Build/32.4.A.0.160) AppleWebKit/537.36 (KHTML, like Gecko) Chrome/66.0.3359.126 Mobile Safari/537.36" "-"
80.187.106.178 - - [09/May/2018:08:56:38 +0200] "GET /wp-content/themes/fcs/images/production/FcsWappen.png?ver=1487205002 HTTP/1.1" 200 12482 www.fc-schnaittach.de "https://www.fc-schnaittach.de/fussball/1-mannschaft/nachrichten-aus-der-liga-kreisliga-erlangen-pegnitzgrund-2/" "Mozilla/5.0 (Linux; Android 7.1.1; E6653 Build/32.4.A.0.160) AppleWebKit/537.36 (KHTML, like Gecko) Chrome/66.0.3359.126 Mobile Safari/537.36" "-"
80.187.106.178 - - [09/May/2018:08:56:38 +0200] "GET /wp-content/themes/fcs/js/fcs.js?ver=1442772175 HTTP/1.1" 200 5542 www.fc-schnaittach.de "https://www.fc-schnaittach.de/fussball/1-mannschaft/nachrichten-aus-der-liga-kreisliga-erlangen-pegnitzgrund-2/" "Mozilla/5.0 (Linux; Android 7.1.1; E6653 Build/32.4.A.0.160) AppleWebKit/537.36 (KHTML, like Gecko) Chrome/66.0.3359.126 Mobile Safari/537.36" "-"
80.187.106.178 - - [09/May/2018:08:56:38 +0200] "GET /wp-content/themes/fcs/js/jquery.smartmenus.min.js?ver=1418750004 HTTP/1.1" 200 22672 www.fc-schnaittach.de "https://www.fc-schnaittach.de/fussball/1-mannschaft/nachrichten-aus-der-liga-kreisliga-erlangen-pegnitzgrund-2/" "Mozilla/5.0 (Linux; Android 7.1.1; E6653 Build/32.4.A.0.160) AppleWebKit/537.36 (KHTML, like Gecko) Chrome/66.0.3359.126 Mobile Safari/537.36" "-"
80.187.106.178 - - [09/May/2018:08:56:38 +0200] "GET /wp-includes/js/wp-emoji-release.min.js?ver=4.9.5 HTTP/1.1" 200 11721 www.fc-schnaittach.de "https://www.fc-schnaittach.de/fussball/1-mannschaft/nachrichten-aus-der-liga-kreisliga-erlangen-pegnitzgrund-2/" "Mozilla/5.0 (Linux; Android 7.1.1; E6653 Build/32.4.A.0.160) AppleWebKit/537.36 (KHTML, like Gecko) Chrome/66.0.3359.126 Mobile Safari/537.36" "-"
80.187.106.178 - - [09/May/2018:08:56:38 +0200] "GET /wp-includes/js/wp-embed.min.js?ver=4.9.5 HTTP/1.1" 200 1398 www.fc-schnaittach.de "https://www.fc-schnaittach.de/fussball/1-mannschaft/nachrichten-aus-der-liga-kreisliga-erlangen-pegnitzgrund-2/" "Mozilla/5.0 (Linux; Android 7.1.1; E6653 Build/32.4.A.0.160) AppleWebKit/537.36 (KHTML, like Gecko) Chrome/66.0.3359.126 Mobile Safari/537.36" "-"
80.187.106.178 - - [09/May/2018:08:56:38 +0200] "GET /wp-content/themes/fcs/js/jquery.smartmenus.bootstrap.min.js?ver=1418750004 HTTP/1.1" 200 1252 www.fc-schnaittach.de "https://www.fc-schnaittach.de/fussball/1-mannschaft/nachrichten-aus-der-liga-kreisliga-erlangen-pegnitzgrund-2/" "Mozilla/5.0 (Linux; Android 7.1.1; E6653 Build/32.4.A.0.160) AppleWebKit/537.36 (KHTML, like Gecko) Chrome/66.0.3359.126 Mobile Safari/537.36" "-"
80.187.106.178 - - [09/May/2018:08:56:38 +0200] "GET /wp-content/plugins/contact-form-7/includes/js/scripts.js?ver=5.0.1 HTTP/1.1" 200 14551 www.fc-schnaittach.de "https://www.fc-schnaittach.de/fussball/1-mannschaft/nachrichten-aus-der-liga-kreisliga-erlangen-pegnitzgrund-2/" "Mozilla/5.0 (Linux; Android 7.1.1; E6653 Build/32.4.A.0.160) AppleWebKit/537.36 (KHTML, like Gecko) Chrome/66.0.3359.126 Mobile Safari/537.36" "-"
80.187.106.178 - - [09/May/2018:08:56:38 +0200] "GET /wp-content/themes/fcs/images/production/FcsWappen.png HTTP/1.1" 200 12482 www.fc-schnaittach.de "https://www.fc-schnaittach.de/fussball/1-mannschaft/nachrichten-aus-der-liga-kreisliga-erlangen-pegnitzgrund-2/" "Mozilla/5.0 (Linux; Android 7.1.1; E6653 Build/32.4.A.0.160) AppleWebKit/537.36 (KHTML, like Gecko) Chrome/66.0.3359.126 Mobile Safari/537.36" "-"
80.187.106.178 - - [09/May/2018:08:56:38 +0200] "GET /wp-content/themes/fcs/images/fussball.jpg HTTP/1.1" 301 279 www.fc-schnaittach.de "-" "Mozilla/5.0 (Linux; Android 7.1.1; E6653 Build/32.4.A.0.160) AppleWebKit/537.36 (KHTML, like Gecko) Chrome/66.0.3359.126 Mobile Safari/537.36" "-"
80.187.106.178 - - [09/May/2018:08:56:38 +0200] "GET /wp-content/themes/fcs/images/fussball.jpg HTTP/1.1" 200 26126 www.fc-schnaittach.de "-" "Mozilla/5.0 (Linux; Android 7.1.1; E6653 Build/32.4.A.0.160) AppleWebKit/537.36 (KHTML, like Gecko) Chrome/66.0.3359.126 Mobile Safari/537.36" "-"
80.187.106.178 - - [09/May/2018:08:56:39 +0200] "GET /wp-content/themes/fcs/images/production/FcsWappen.ico?ver=1420564287 HTTP/1.1" 200 4606 www.fc-schnaittach.de "https://www.fc-schnaittach.de/fussball/1-mannschaft/nachrichten-aus-der-liga-kreisliga-erlangen-pegnitzgrund-2/" "Mozilla/5.0 (Linux; Android 7.1.1; E6653 Build/32.4.A.0.160) AppleWebKit/537.36 (KHTML, like Gecko) Chrome/66.0.3359.126 Mobile Safari/537.36" "-"
80.187.106.178 - - [09/May/2018:08:56:39 +0200] "GET /wp-content/themes/fcs/images/production/FcsWappenMobileBookmark.png?ver=1487205003 HTTP/1.1" 200 12628 www.fc-schnaittach.de "https://www.fc-schnaittach.de/fussball/1-mannschaft/nachrichten-aus-der-liga-kreisliga-erlangen-pegnitzgrund-2/" "Mozilla/5.0 (Linux; Android 7.1.1; E6653 Build/32.4.A.0.160) AppleWebKit/537.36 (KHTML, like Gecko) Chrome/66.0.3359.126 Mobile Safari/537.36" "-"
207.46.13.102 - - [09/May/2018:08:56:42 +0200] "GET /wp-content/uploads/2015/11/Spielbericht.jpg HTTP/1.1" 200 86338 www.fc-schnaittach.de "-" "Mozilla/5.0 (compatible; bingbot/2.0; +http://www.bing.com/bingbot.htm)" "-"
40.77.190.199 - - [09/May/2018:09:01:50 +0200] "GET /wp-content/themes/fcs/css/jquery.smartmenus.bootstrap.css?ver=1418749976 HTTP/1.1" 200 3128 www.fc-schnaittach.de "https://www.fc-schnaittach.de/f3-jugend/" "Mozilla/5.0 (Windows NT 6.1; WOW64) AppleWebKit/534+ (KHTML, like Gecko) BingPreview/1.0b" "-"
169.54.244.89 - - [09/May/2018:09:10:53 +0200] "GET / HTTP/1.1" 200 3 fc-schnaittach.de "-" "-" "-"
54.36.148.97 - - [09/May/2018:09:15:21 +0200] "GET /wp-content/uploads/2016/11/Marina-W%C3%B6rrlein.jpg HTTP/1.1" 301 289 www.fc-schnaittach.de "-" "Mozilla/5.0 (compatible; AhrefsBot/5.2; +http://ahrefs.com/robot/)" "-"
207.46.13.99 - - [09/May/2018:09:19:05 +0200] "GET /wp-content/uploads/2014/10/Mannschaftsbild_15_16.jpg HTTP/1.1" 301 290 www.fc-schnaittach.de "-" "Mozilla/5.0 (compatible; bingbot/2.0; +http://www.bing.com/bingbot.htm)" "-"
157.55.39.53 - - [09/May/2018:09:19:16 +0200] "GET /robots.txt HTTP/1.1" 200 35 www.fc-schnaittach.de "-" "Mozilla/5.0 (compatible; bingbot/2.0; +http://www.bing.com/bingbot.htm)" "-"
207.46.13.99 - - [09/May/2018:09:19:19 +0200] "GET /wp-content/uploads/2014/10/Mannschaftsbild_15_16.jpg HTTP/1.1" 200 199682 www.fc-schnaittach.de "-" "Mozilla/5.0 (compatible; bingbot/2.0; +http://www.bing.com/bingbot.htm)" "-"
2a03:2880:2020:bff4:face:b00c:0:8000 - - [09/May/2018:09:26:42 +0200] "GET /wp-content/uploads/2014/10/Mannschaftsbild-16_17-mit-Verantwortlichen-1024x700.jpg HTTP/1.1" 301 320 www.fc-schnaittach.de "-" "facebookexternalhit/1.1 (+http://www.facebook.com/externalhit_uatext.php)" "-"
2a03:2880:2020:bfce:face:b00c:0:8000 - - [09/May/2018:09:26:43 +0200] "GET /wp-content/uploads/2014/10/Mannschaftsbild-16_17-mit-Verantwortlichen-1024x700.jpg HTTP/1.1" 200 220566 www.fc-schnaittach.de "-" "facebookexternalhit/1.1 (+http://www.facebook.com/externalhit_uatext.php)" "-"
2a03:2880:2040:9fcb:face:b00c:0:8000 - - [09/May/2018:09:26:44 +0200] "GET /wp-content/uploads/2014/10/Mannschaftsbild-16_17-mit-Verantwortlichen-1024x700.jpg HTTP/1.1" 301 320 www.fc-schnaittach.de "-" "facebookexternalhit/1.1 (+http://www.facebook.com/externalhit_uatext.php)" "-"
2a03:2880:2030:cff9:face:b00c:0:8000 - - [09/May/2018:09:26:45 +0200] "GET /wp-content/uploads/2014/10/Mannschaftsbild-16_17-mit-Verantwortlichen-1024x700.jpg HTTP/1.1" 200 220566 www.fc-schnaittach.de "-" "facebookexternalhit/1.1 (+http://www.facebook.com/externalhit_uatext.php)" "-"
194.87.236.223 - - [09/May/2018:09:27:50 +0200] "HEAD / HTTP/1.1" 301 - www.fc-schnaittach.de "https://carivka.com.ua/" "Mozilla/7.0 (compatible; MSIE3.00; Windows 2009)" "-"
194.87.94.251 - - [09/May/2018:09:27:50 +0200] "HEAD / HTTP/1.1" 301 - www.fc-schnaittach.de "https://pamjatnik.com.ua/ritualnaja-productsia/standart-memorials" "Mozilla/6.0 (compatible; MSIE3.00; Windows 2005)" "-"
195.133.145.199 - - [09/May/2018:09:27:50 +0200] "HEAD / HTTP/1.1" 301 - www.fc-schnaittach.de "https://www.translationcorporation.kiev.ua/" "Mozilla/3.0 (compatible; MSIE4.00; Windows 2004)" "-"
195.133.201.163 - - [09/May/2018:09:27:50 +0200] "HEAD / HTTP/1.1" 301 - www.fc-schnaittach.de "https://webalex.pro/" "Mozilla/5.0 (compatible; MSIE6.00; Windows 2002)" "-"
66.249.66.132 - - [09/May/2018:09:29:17 +0200] "GET /wp-content/plugins/recently-updated-posts-widget/css/style.css?ver=4.7.1 HTTP/1.1" 301 310 www.fc-schnaittach.de "http://www.fc-schnaittach.de/maiausflug-der-wanderabteilung-2016/" "Mozilla/5.0 (compatible; Googlebot/2.1; +http://www.google.com/bot.html)" "-"
66.249.66.134 - - [09/May/2018:09:29:18 +0200] "GET /wp-includes/js/wp-emoji-release.min.js?ver=4.7.1 HTTP/1.1" 301 286 www.fc-schnaittach.de "http://www.fc-schnaittach.de/maiausflug-der-wanderabteilung-2016/" "Mozilla/5.0 (compatible; Googlebot/2.1; +http://www.google.com/bot.html)" "-"
217.160.63.10 - - [09/May/2018:09:29:18 +0200] "POST /wp-cron.php?doing_wp_cron=1525850958.5208840370178222656250 HTTP/1.1" 301 297 www.fc-schnaittach.de "http://www.fc-schnaittach.de/wp-cron.php?doing_wp_cron=1525850958.5208840370178222656250" "WordPress/4.9.5; https://www.fc-schnaittach.de" "-"
66.249.66.134 - - [09/May/2018:09:29:18 +0200] "GET /wp-content/plugins/user-access-manager/js/functions.js?ver=4.7.1 HTTP/1.1" 404 5762 www.fc-schnaittach.de "http://www.fc-schnaittach.de/maiausflug-der-wanderabteilung-2016/" "Mozilla/5.0 (compatible; Googlebot/2.1; +http://www.google.com/bot.html)" "-"
66.249.66.136 - - [09/May/2018:09:29:18 +0200] "GET /wp-includes/js/wp-embed.min.js?ver=4.7.1 HTTP/1.1" 301 278 www.fc-schnaittach.de "http://www.fc-schnaittach.de/maiausflug-der-wanderabteilung-2016/" "Mozilla/5.0 (compatible; Googlebot/2.1; +http://www.google.com/bot.html)" "-"
66.249.66.153 - - [09/May/2018:09:29:19 +0200] "GET /wp-content/plugins/recently-updated-posts-widget/css/style.css?ver=4.7.1 HTTP/1.1" 200 45 www.fc-schnaittach.de "http://www.fc-schnaittach.de/maiausflug-der-wanderabteilung-2016/" "Mozilla/5.0 (compatible; Googlebot/2.1; +http://www.google.com/bot.html)" "-"
66.249.66.149 - - [09/May/2018:09:29:19 +0200] "GET /wp-includes/js/wp-emoji-release.min.js?ver=4.7.1 HTTP/1.1" 200 11721 www.fc-schnaittach.de "http://www.fc-schnaittach.de/maiausflug-der-wanderabteilung-2016/" "Mozilla/5.0 (compatible; Googlebot/2.1; +http://www.google.com/bot.html)" "-"
66.249.66.151 - - [09/May/2018:09:29:20 +0200] "GET /wp-includes/js/wp-embed.min.js?ver=4.7.1 HTTP/1.1" 200 1398 www.fc-schnaittach.de "http://www.fc-schnaittach.de/maiausflug-der-wanderabteilung-2016/" "Mozilla/5.0 (compatible; Googlebot/2.1; +http://www.google.com/bot.html)" "-"
207.46.13.99 - - [09/May/2018:09:29:49 +0200] "GET /wp-content/uploads/2015/03/Tamara-Holfelder-.jpg HTTP/1.1" 301 286 www.fc-schnaittach.de "-" "Mozilla/5.0 (compatible; bingbot/2.0; +http://www.bing.com/bingbot.htm)" "-"
207.46.13.99 - - [09/May/2018:09:29:50 +0200] "GET /wp-content/uploads/2015/03/Tamara-Holfelder-.jpg HTTP/1.1" 200 574878 www.fc-schnaittach.de "-" "Mozilla/5.0 (compatible; bingbot/2.0; +http://www.bing.com/bingbot.htm)" "-"
207.46.13.100 - - [09/May/2018:09:33:48 +0200] "GET /wp-content/uploads/2015/02/DSC02793.jpg HTTP/1.1" 301 277 www.fc-schnaittach.de "-" "Mozilla/5.0 (compatible; bingbot/2.0; +http://www.bing.com/bingbot.htm)" "-"
207.46.13.100 - - [09/May/2018:09:33:49 +0200] "GET /wp-content/uploads/2015/02/DSC02793.jpg HTTP/1.1" 200 132491 www.fc-schnaittach.de "-" "Mozilla/5.0 (compatible; bingbot/2.0; +http://www.bing.com/bingbot.htm)" "-"
2a03:2880:2111:bfc6:face:b00c:0:8000 - - [09/May/2018:09:58:13 +0200] "GET /wp-content/uploads/2018/03/DIN_A6_Flyer_22.02.2018_1.png HTTP/1.1" 200 205587 www.fc-schnaittach.de "-" "facebookexternalhit/1.1 (+http://www.facebook.com/externalhit_uatext.php)" "-"
217.160.63.10 - - [09/May/2018:09:59:11 +0200] "POST /wp-cron.php?doing_wp_cron=1525852751.2041649818420410156250 HTTP/1.1" 200 23 www.fc-schnaittach.de "https://www.fc-schnaittach.de/wp-cron.php?doing_wp_cron=1525852751.2041649818420410156250" "WordPress/4.9.5; https://www.fc-schnaittach.de" "-"
84.181.169.81 - - [09/May/2018:09:59:11 +0200] "GET /dragon-run-kids/ HTTP/1.1" 200 6490 www.fc-schnaittach.de "-" "Mozilla/5.0 (iPhone; CPU iPhone OS 11_3 like Mac OS X) AppleWebKit/605.1.15 (KHTML, like Gecko) Version/11.0 Mobile/15E148 Safari/604.1" "-"
84.181.169.81 - - [09/May/2018:09:59:16 +0200] "GET /dragon-run-kids/ HTTP/1.1" 200 6490 www.fc-schnaittach.de "-" "Mozilla/5.0 (iPhone; CPU iPhone OS 11_3 like Mac OS X) AppleWebKit/605.1.15 (KHTML, like Gecko) Version/11.0 Mobile/15E148 Safari/604.1" "-"
66.249.66.132 - - [09/May/2018:09:59:38 +0200] "GET /wp-includes/js/wp-emoji-release.min.js?ver=4.9.1 HTTP/1.1" 301 286 www.fc-schnaittach.de "http://www.fc-schnaittach.de/julius-hirsch-preis-2015/" "Mozilla/5.0 (compatible; Googlebot/2.1; +http://www.google.com/bot.html)" "-"
66.249.66.136 - - [09/May/2018:09:59:39 +0200] "GET /wp-content/plugins/recently-updated-posts-widget/css/style.css?ver=4.9.1 HTTP/1.1" 301 310 www.fc-schnaittach.de "http://www.fc-schnaittach.de/julius-hirsch-preis-2015/" "Mozilla/5.0 (compatible; Googlebot/2.1; +http://www.google.com/bot.html)" "-"
66.249.66.136 - - [09/May/2018:09:59:39 +0200] "GET /wp-content/plugins/contact-form-7/includes/js/scripts.js?ver=4.9.1 HTTP/1.1" 301 304 www.fc-schnaittach.de "http://www.fc-schnaittach.de/julius-hirsch-preis-2015/" "Mozilla/5.0 (compatible; Googlebot/2.1; +http://www.google.com/bot.html)" "-"
66.249.66.132 - - [09/May/2018:09:59:39 +0200] "GET /wp-content/plugins/contact-form-7/includes/css/styles.css?ver=4.9.1 HTTP/1.1" 301 305 www.fc-schnaittach.de "http://www.fc-schnaittach.de/julius-hirsch-preis-2015/" "Mozilla/5.0 (compatible; Googlebot/2.1; +http://www.google.com/bot.html)" "-"
66.249.66.136 - - [09/May/2018:09:59:39 +0200] "GET /wp-content/plugins/user-access-manager/assets/css/uamLoginForm.css?ver=2.1.9 HTTP/1.1" 301 314 www.fc-schnaittach.de "http://www.fc-schnaittach.de/julius-hirsch-preis-2015/" "Mozilla/5.0 (compatible; Googlebot/2.1; +http://www.google.com/bot.html)" "-"
66.249.66.132 - - [09/May/2018:09:59:40 +0200] "GET /wp-content/plugins/feedzy-rss-feeds/css/feedzy-rss-feeds.css?ver=3.2.6 HTTP/1.1" 301 308 www.fc-schnaittach.de "http://www.fc-schnaittach.de/julius-hirsch-preis-2015/" "Mozilla/5.0 (compatible; Googlebot/2.1; +http://www.google.com/bot.html)" "-"
66.249.66.153 - - [09/May/2018:09:59:41 +0200] "GET /wp-includes/js/wp-emoji-release.min.js?ver=4.9.1 HTTP/1.1" 200 11721 www.fc-schnaittach.de "http://www.fc-schnaittach.de/julius-hirsch-preis-2015/" "Mozilla/5.0 (compatible; Googlebot/2.1; +http://www.google.com/bot.html)" "-"
66.249.66.149 - - [09/May/2018:09:59:42 +0200] "GET /wp-content/plugins/recently-updated-posts-widget/css/style.css?ver=4.9.1 HTTP/1.1" 200 45 www.fc-schnaittach.de "http://www.fc-schnaittach.de/julius-hirsch-preis-2015/" "Mozilla/5.0 (compatible; Googlebot/2.1; +http://www.google.com/bot.html)" "-"
66.249.66.153 - - [09/May/2018:09:59:42 +0200] "GET /wp-content/plugins/contact-form-7/includes/js/scripts.js?ver=4.9.1 HTTP/1.1" 200 14551 www.fc-schnaittach.de "http://www.fc-schnaittach.de/julius-hirsch-preis-2015/" "Mozilla/5.0 (compatible; Googlebot/2.1; +http://www.google.com/bot.html)" "-"
66.249.66.149 - - [09/May/2018:09:59:42 +0200] "GET /wp-content/plugins/contact-form-7/includes/css/styles.css?ver=4.9.1 HTTP/1.1" 200 1683 www.fc-schnaittach.de "http://www.fc-schnaittach.de/julius-hirsch-preis-2015/" "Mozilla/5.0 (compatible; Googlebot/2.1; +http://www.google.com/bot.html)" "-"
66.249.66.151 - - [09/May/2018:09:59:43 +0200] "GET /wp-content/plugins/user-access-manager/assets/css/uamLoginForm.css?ver=2.1.9 HTTP/1.1" 200 468 www.fc-schnaittach.de "http://www.fc-schnaittach.de/julius-hirsch-preis-2015/" "Mozilla/5.0 (compatible; Googlebot/2.1; +http://www.google.com/bot.html)" "-"
66.249.66.149 - - [09/May/2018:09:59:43 +0200] "GET /wp-content/plugins/feedzy-rss-feeds/css/feedzy-rss-feeds.css?ver=3.2.6 HTTP/1.1" 200 9822 www.fc-schnaittach.de "http://www.fc-schnaittach.de/julius-hirsch-preis-2015/" "Mozilla/5.0 (compatible; Googlebot/2.1; +http://www.google.com/bot.html)" "-"
185.5.249.185 - - [09/May/2018:10:00:06 +0200] "HEAD / HTTP/1.1" 301 - www.fc-schnaittach.de "http://kabinet-online-bm.ru" "Mozilla/3.0 (compatible; MSIE4.00; Windows 2009)" "-"
194.67.210.77 - - [09/May/2018:10:00:06 +0200] "HEAD / HTTP/1.1" 301 - www.fc-schnaittach.de "http://kabinet-online-rsb.ru" "Mozilla/5.0 (compatible; MSIE5.00; Windows 2009)" "-"
193.124.190.64 - - [09/May/2018:10:00:06 +0200] "HEAD / HTTP/1.1" 301 - www.fc-schnaittach.de "https://24h.doctor/catalog/stomatolog" "Mozilla/3.0 (compatible; MSIE5.00; Windows 2005)" "-"
193.124.176.156 - - [09/May/2018:10:00:06 +0200] "HEAD / HTTP/1.1" 301 - www.fc-schnaittach.de "https://ledx.by/catalog/alyuminievyj-profil" "Mozilla/6.0 (compatible; MSIE7.00; Windows 2002)" "-"
207.46.13.102 - - [09/May/2018:10:00:08 +0200] "GET /wp-content/uploads/2014/10/M_Dierner.jpg HTTP/1.1" 301 278 www.fc-schnaittach.de "-" "Mozilla/5.0 (compatible; bingbot/2.0; +http://www.bing.com/bingbot.htm)" "-"
