157.55.39.39 - - [12/May/2018:17:45:39 +0200] "GET /julius-hirsch-preis-urkunde/dfb-logo_4c_zweiz-mittig_pos_06/ HTTP/1.1" 200 196 www.fc-schnaittach.de "-" "Mozilla/5.0 (compatible; bingbot/2.0; +http://www.bing.com/bingbot.htm)" "-"
2003:ec:6bd5:e900:91d0:3f2e:4927:f20d - - [12/May/2018:17:48:01 +0200] "GET /budo/ HTTP/1.1" 200 7429 www.fc-schnaittach.de "https://www.fc-schnaittach.de/hauptverein/mitgliedschaft/" "Mozilla/5.0 (Linux; Android 7.0; HUAWEI VNS-L31 Build/HUAWEIVNS-L31) AppleWebKit/537.36 (KHTML, like Gecko) Chrome/66.0.3359.158 Mobile Safari/537.36" "-"
2003:ec:6bd5:e900:91d0:3f2e:4927:f20d - - [12/May/2018:17:48:02 +0200] "GET /wp-content/plugins/contact-form-7/includes/css/styles.css?ver=5.0.1 HTTP/1.1" 200 1683 www.fc-schnaittach.de "https://www.fc-schnaittach.de/budo/" "Mozilla/5.0 (Linux; Android 7.0; HUAWEI VNS-L31 Build/HUAWEIVNS-L31) AppleWebKit/537.36 (KHTML, like Gecko) Chrome/66.0.3359.158 Mobile Safari/537.36" "-"
2003:ec:6bd5:e900:91d0:3f2e:4927:f20d - - [12/May/2018:17:48:02 +0200] "GET /wp-content/plugins/feedzy-rss-feeds/css/feedzy-rss-feeds.css?ver=3.2.10 HTTP/1.1" 200 9822 www.fc-schnaittach.de "https://www.fc-schnaittach.de/budo/" "Mozilla/5.0 (Linux; Android 7.0; HUAWEI VNS-L31 Build/HUAWEIVNS-L31) AppleWebKit/537.36 (KHTML, like Gecko) Chrome/66.0.3359.158 Mobile Safari/537.36" "-"
2003:ec:6bd5:e900:91d0:3f2e:4927:f20d - - [12/May/2018:17:48:02 +0200] "GET /wp-content/plugins/recently-updated-posts-widget/css/style.css?ver=4.9.5 HTTP/1.1" 200 45 www.fc-schnaittach.de "https://www.fc-schnaittach.de/budo/" "Mozilla/5.0 (Linux; Android 7.0; HUAWEI VNS-L31 Build/HUAWEIVNS-L31) AppleWebKit/537.36 (KHTML, like Gecko) Chrome/66.0.3359.158 Mobile Safari/537.36" "-"
2003:ec:6bd5:e900:91d0:3f2e:4927:f20d - - [12/May/2018:17:48:02 +0200] "GET /wp-content/plugins/user-access-manager/assets/css/uamLoginForm.css?ver=2.1.11 HTTP/1.1" 200 468 www.fc-schnaittach.de "https://www.fc-schnaittach.de/budo/" "Mozilla/5.0 (Linux; Android 7.0; HUAWEI VNS-L31 Build/HUAWEIVNS-L31) AppleWebKit/537.36 (KHTML, like Gecko) Chrome/66.0.3359.158 Mobile Safari/537.36" "-"
2003:ec:6bd5:e900:91d0:3f2e:4927:f20d - - [12/May/2018:17:48:02 +0200] "GET /wp-content/themes/fcs/js/jquery.smartmenus.min.js?ver=1418750004 HTTP/1.1" 200 22672 www.fc-schnaittach.de "https://www.fc-schnaittach.de/budo/" "Mozilla/5.0 (Linux; Android 7.0; HUAWEI VNS-L31 Build/HUAWEIVNS-L31) AppleWebKit/537.36 (KHTML, like Gecko) Chrome/66.0.3359.158 Mobile Safari/537.36" "-"
2003:ec:6bd5:e900:91d0:3f2e:4927:f20d - - [12/May/2018:17:48:02 +0200] "GET /wp-content/themes/fcs/css/jquery.smartmenus.bootstrap.css?ver=1418749976 HTTP/1.1" 200 3128 www.fc-schnaittach.de "https://www.fc-schnaittach.de/budo/" "Mozilla/5.0 (Linux; Android 7.0; HUAWEI VNS-L31 Build/HUAWEIVNS-L31) AppleWebKit/537.36 (KHTML, like Gecko) Chrome/66.0.3359.158 Mobile Safari/537.36" "-"
2003:ec:6bd5:e900:91d0:3f2e:4927:f20d - - [12/May/2018:17:48:02 +0200] "GET /wp-includes/js/jquery/jquery.js?ver=1.12.4 HTTP/1.1" 200 97184 www.fc-schnaittach.de "https://www.fc-schnaittach.de/budo/" "Mozilla/5.0 (Linux; Android 7.0; HUAWEI VNS-L31 Build/HUAWEIVNS-L31) AppleWebKit/537.36 (KHTML, like Gecko) Chrome/66.0.3359.158 Mobile Safari/537.36" "-"
2003:ec:6bd5:e900:91d0:3f2e:4927:f20d - - [12/May/2018:17:48:02 +0200] "GET /wp-content/themes/fcs/js/jquery.smartmenus.bootstrap.min.js?ver=1418750004 HTTP/1.1" 200 1252 www.fc-schnaittach.de "https://www.fc-schnaittach.de/budo/" "Mozilla/5.0 (Linux; Android 7.0; HUAWEI VNS-L31 Build/HUAWEIVNS-L31) AppleWebKit/537.36 (KHTML, like Gecko) Chrome/66.0.3359.158 Mobile Safari/537.36" "-"
2003:ec:6bd5:e900:91d0:3f2e:4927:f20d - - [12/May/2018:17:48:02 +0200] "GET /wp-includes/js/jquery/jquery-migrate.min.js?ver=1.4.1 HTTP/1.1" 200 10056 www.fc-schnaittach.de "https://www.fc-schnaittach.de/budo/" "Mozilla/5.0 (Linux; Android 7.0; HUAWEI VNS-L31 Build/HUAWEIVNS-L31) AppleWebKit/537.36 (KHTML, like Gecko) Chrome/66.0.3359.158 Mobile Safari/537.36" "-"
2003:ec:6bd5:e900:91d0:3f2e:4927:f20d - - [12/May/2018:17:48:02 +0200] "GET /wp-includes/js/wp-embed.min.js?ver=4.9.5 HTTP/1.1" 200 1398 www.fc-schnaittach.de "https://www.fc-schnaittach.de/budo/" "Mozilla/5.0 (Linux; Android 7.0; HUAWEI VNS-L31 Build/HUAWEIVNS-L31) AppleWebKit/537.36 (KHTML, like Gecko) Chrome/66.0.3359.158 Mobile Safari/537.36" "-"
2003:ec:6bd5:e900:91d0:3f2e:4927:f20d - - [12/May/2018:17:48:02 +0200] "GET /wp-content/themes/fcs/style.css?ver=1460744932 HTTP/1.1" 200 22587 www.fc-schnaittach.de "https://www.fc-schnaittach.de/budo/" "Mozilla/5.0 (Linux; Android 7.0; HUAWEI VNS-L31 Build/HUAWEIVNS-L31) AppleWebKit/537.36 (KHTML, like Gecko) Chrome/66.0.3359.158 Mobile Safari/537.36" "-"
2003:ec:6bd5:e900:91d0:3f2e:4927:f20d - - [12/May/2018:17:48:02 +0200] "GET /wp-content/themes/fcs/js/fcs.js?ver=1442772175 HTTP/1.1" 200 5542 www.fc-schnaittach.de "https://www.fc-schnaittach.de/budo/" "Mozilla/5.0 (Linux; Android 7.0; HUAWEI VNS-L31 Build/HUAWEIVNS-L31) AppleWebKit/537.36 (KHTML, like Gecko) Chrome/66.0.3359.158 Mobile Safari/537.36" "-"
2003:ec:6bd5:e900:91d0:3f2e:4927:f20d - - [12/May/2018:17:48:02 +0200] "GET /wp-content/plugins/contact-form-7/includes/js/scripts.js?ver=5.0.1 HTTP/1.1" 200 14551 www.fc-schnaittach.de "https://www.fc-schnaittach.de/budo/" "Mozilla/5.0 (Linux; Android 7.0; HUAWEI VNS-L31 Build/HUAWEIVNS-L31) AppleWebKit/537.36 (KHTML, like Gecko) Chrome/66.0.3359.158 Mobile Safari/537.36" "-"
2003:ec:6bd5:e900:91d0:3f2e:4927:f20d - - [12/May/2018:17:48:02 +0200] "GET /wp-content/themes/fcs/images/production/FcsWappen.png?ver=1487205002 HTTP/1.1" 200 12482 www.fc-schnaittach.de "https://www.fc-schnaittach.de/budo/" "Mozilla/5.0 (Linux; Android 7.0; HUAWEI VNS-L31 Build/HUAWEIVNS-L31) AppleWebKit/537.36 (KHTML, like Gecko) Chrome/66.0.3359.158 Mobile Safari/537.36" "-"
2003:ec:6bd5:e900:91d0:3f2e:4927:f20d - - [12/May/2018:17:48:02 +0200] "GET /wp-content/uploads/2014/10/Budo-Logo_Bu-Do_2_hellrot-1024x1024.png HTTP/1.1" 200 68743 www.fc-schnaittach.de "https://www.fc-schnaittach.de/budo/" "Mozilla/5.0 (Linux; Android 7.0; HUAWEI VNS-L31 Build/HUAWEIVNS-L31) AppleWebKit/537.36 (KHTML, like Gecko) Chrome/66.0.3359.158 Mobile Safari/537.36" "-"
2003:ec:6bd5:e900:91d0:3f2e:4927:f20d - - [12/May/2018:17:48:02 +0200] "GET /wp-includes/js/wp-emoji-release.min.js?ver=4.9.5 HTTP/1.1" 200 11721 www.fc-schnaittach.de "https://www.fc-schnaittach.de/budo/" "Mozilla/5.0 (Linux; Android 7.0; HUAWEI VNS-L31 Build/HUAWEIVNS-L31) AppleWebKit/537.36 (KHTML, like Gecko) Chrome/66.0.3359.158 Mobile Safari/537.36" "-"
2003:ec:6bd5:e900:91d0:3f2e:4927:f20d - - [12/May/2018:17:48:02 +0200] "GET /wp-content/uploads/2018/03/DIN_A6_Flyer_22.02.2018_1.png HTTP/1.1" 200 205587 www.fc-schnaittach.de "https://www.fc-schnaittach.de/budo/" "Mozilla/5.0 (Linux; Android 7.0; HUAWEI VNS-L31 Build/HUAWEIVNS-L31) AppleWebKit/537.36 (KHTML, like Gecko) Chrome/66.0.3359.158 Mobile Safari/537.36" "-"
2003:ec:6bd5:e900:91d0:3f2e:4927:f20d - - [12/May/2018:17:48:02 +0200] "GET /wp-content/uploads/2014/10/Flyer_S2.png HTTP/1.1" 200 247692 www.fc-schnaittach.de "https://www.fc-schnaittach.de/budo/" "Mozilla/5.0 (Linux; Android 7.0; HUAWEI VNS-L31 Build/HUAWEIVNS-L31) AppleWebKit/537.36 (KHTML, like Gecko) Chrome/66.0.3359.158 Mobile Safari/537.36" "-"
2003:ec:6bd5:e900:91d0:3f2e:4927:f20d - - [12/May/2018:17:48:02 +0200] "GET /wp-content/themes/fcs/images/production/FcsWappen.png HTTP/1.1" 200 12482 www.fc-schnaittach.de "https://www.fc-schnaittach.de/budo/" "Mozilla/5.0 (Linux; Android 7.0; HUAWEI VNS-L31 Build/HUAWEIVNS-L31) AppleWebKit/537.36 (KHTML, like Gecko) Chrome/66.0.3359.158 Mobile Safari/537.36" "-"
157.55.39.183 - - [12/May/2018:18:01:44 +0200] "GET /fussball/1-mannschaft/dsc03521/ HTTP/1.1" 200 196 www.fc-schnaittach.de "-" "Mozilla/5.0 (compatible; bingbot/2.0; +http://www.bing.com/bingbot.htm)" "-"
35.205.154.232 - - [12/May/2018:18:03:16 +0200] "GET /wp-content/uploads/2017/06/Sporterlebnistag_04-4-300x189.jpg HTTP/1.1" 200 17229 www.fc-schnaittach.de "-" "Mozilla/5.0 (compatible; tracemyfile/1.0; +bot@tracemyfile.com)" "-"
35.233.18.251 - - [12/May/2018:18:04:41 +0200] "GET /wp-content/themes/fcs/images/production/Karate_Production.jpg?ver=1487205002 HTTP/1.1" 301 314 www.fc-schnaittach.de "-" "Mozilla/5.0 (compatible; tracemyfile/1.0; +bot@tracemyfile.com)" "-"
35.233.18.251 - - [12/May/2018:18:04:41 +0200] "GET /wp-content/themes/fcs/images/production/Karate_Production.jpg?ver=1487205002 HTTP/1.1" 200 16055 www.fc-schnaittach.de "-" "Mozilla/5.0 (compatible; tracemyfile/1.0; +bot@tracemyfile.com)" "-"
138.201.59.34 - - [12/May/2018:18:11:35 +0200] "GET /robots.txt HTTP/1.1" 301 248 www.fc-schnaittach.de "-" "Mozilla/5.0 (compatible; SEOkicks-Robot; +http://www.seokicks.de/robot.html)" "-"
138.201.59.34 - - [12/May/2018:18:11:38 +0200] "GET / HTTP/1.1" 301 238 www.fc-schnaittach.de "-" "Mozilla/5.0 (compatible; SEOkicks-Robot; +http://www.seokicks.de/robot.html)" "-"
54.36.148.76 - - [12/May/2018:18:12:25 +0200] "GET /tag/osterlehrgang/feed/ HTTP/1.1" 200 597 www.fc-schnaittach.de "-" "Mozilla/5.0 (compatible; AhrefsBot/5.2; +http://ahrefs.com/robot/)" "-"
157.55.39.183 - - [12/May/2018:18:13:04 +0200] "GET /wp-content/plugins/feedzy-rss-feeds/css/feedzy-rss-feeds.css?ver=3.2.10 HTTP/1.1" 301 309 www.fc-schnaittach.de "-" "Mozilla/5.0 (compatible; bingbot/2.0; +http://www.bing.com/bingbot.htm)" "-"
157.55.39.183 - - [12/May/2018:18:13:06 +0200] "GET /wp-content/plugins/feedzy-rss-feeds/css/feedzy-rss-feeds.css?ver=3.2.10 HTTP/1.1" 200 9822 www.fc-schnaittach.de "-" "Mozilla/5.0 (compatible; bingbot/2.0; +http://www.bing.com/bingbot.htm)" "-"
157.55.39.87 - - [12/May/2018:18:13:08 +0200] "GET /wp-includes/js/wp-emoji-release.min.js?ver=4.9.5 HTTP/1.1" 301 286 www.fc-schnaittach.de "-" "Mozilla/5.0 (compatible; bingbot/2.0; +http://www.bing.com/bingbot.htm)" "-"
157.55.39.87 - - [12/May/2018:18:13:11 +0200] "GET /wp-includes/js/wp-emoji-release.min.js?ver=4.9.5 HTTP/1.1" 200 11721 www.fc-schnaittach.de "-" "Mozilla/5.0 (compatible; bingbot/2.0; +http://www.bing.com/bingbot.htm)" "-"
66.249.64.205 - - [12/May/2018:18:25:26 +0200] "GET /ansprechpartner/fussball/ HTTP/1.1" 200 8167 www.fc-schnaittach.de "-" "Mozilla/5.0 (compatible; Googlebot/2.1; +http://www.google.com/bot.html)" "-"
217.160.63.10 - - [12/May/2018:18:25:27 +0200] "POST /wp-cron.php?doing_wp_cron=1526142327.0423018932342529296875 HTTP/1.1" 200 23 www.fc-schnaittach.de "https://www.fc-schnaittach.de/wp-cron.php?doing_wp_cron=1526142327.0423018932342529296875" "WordPress/4.9.5; https://www.fc-schnaittach.de" "-"
46.118.114.175 - - [12/May/2018:18:29:59 +0200] "GET /fussball/damen/ HTTP/1.1" 200 34572 www.fc-schnaittach.de "https://med-dopomoga.com/" "Mozilla/4.0 (compatible; MSIE 6.0; Windows NT 5.1; TheFreeDictionary.com; .NET CLR 1.1.4322; .NET CLR 1.0.3705; .NET CLR 2.0.50727)" "-"
46.118.114.175 - - [12/May/2018:18:30:00 +0200] "GET /fussball/damen/ HTTP/1.1" 200 34572 www.fc-schnaittach.de "https://med-dopomoga.com/" "Mozilla/4.0 (compatible; MSIE 6.0; Windows NT 5.1; TheFreeDictionary.com; .NET CLR 1.1.4322; .NET CLR 1.0.3705; .NET CLR 2.0.50727)" "-"
157.55.39.139 - - [12/May/2018:18:33:12 +0200] "GET /category/startseite/feed/ HTTP/1.1" 200 7878 www.fc-schnaittach.de "-" "Mozilla/5.0 (compatible; bingbot/2.0; +http://www.bing.com/bingbot.htm)" "-"
217.160.63.10 - - [12/May/2018:18:39:42 +0200] "POST /wp-cron.php?doing_wp_cron=1526143182.8718430995941162109375 HTTP/1.1" 200 23 www.fc-schnaittach.de "https://www.fc-schnaittach.de/wp-cron.php?doing_wp_cron=1526143182.8718430995941162109375" "WordPress/4.9.5; https://www.fc-schnaittach.de" "-"
66.249.64.203 - - [12/May/2018:18:39:42 +0200] "GET /dragonrun/ HTTP/1.1" 200 9134 www.fc-schnaittach.de "-" "Mozilla/5.0 (compatible; Googlebot/2.1; +http://www.google.com/bot.html)" "-"
144.76.22.244 - - [12/May/2018:18:44:37 +0200] "GET /robots.txt HTTP/1.1" 200 35 www.fc-schnaittach.de "-" "Mozilla/5.0 (Windows; U; Windows NT 6.0; en-GB; rv:1.0; trendictionbot0.5.0; trendiction search; http://www.trendiction.de/bot; please let us know of any problems; web at trendiction.com) Gecko/20071127 Firefox/3.0.0.11" "-"
217.160.63.10 - - [12/May/2018:18:44:38 +0200] "POST /wp-cron.php?doing_wp_cron=1526143478.7188398838043212890625 HTTP/1.1" 200 23 www.fc-schnaittach.de "https://www.fc-schnaittach.de/wp-cron.php?doing_wp_cron=1526143478.7188398838043212890625" "WordPress/4.9.5; https://www.fc-schnaittach.de" "-"
144.76.22.244 - - [12/May/2018:18:44:38 +0200] "GET /hauptverein/vereinsbus/feed/ HTTP/1.1" 200 544 www.fc-schnaittach.de "-" "Mozilla/5.0 (Windows; U; Windows NT 6.0; en-GB; rv:1.0; trendictionbot0.5.0; trendiction search; http://www.trendiction.de/bot; please let us know of any problems; web at trendiction.com) Gecko/20071127 Firefox/3.0.0.11" "-"
66.249.64.202 - - [12/May/2018:18:45:37 +0200] "GET /sitemap-pt-post-2017-06.xml HTTP/1.1" 200 634 www.fc-schnaittach.de "-" "Mozilla/5.0 (compatible; Googlebot/2.1; +http://www.google.com/bot.html)" "-"
188.170.81.179 - - [12/May/2018:18:46:15 +0200] "GET /wp-login.php HTTP/1.1" 301 250 fc-schnaittach.de "-" "Mozilla/5.0 (Windows NT 6.0; rv:34.0) Gecko/20100101 Firefox/34.0" "-"
188.170.81.179 - - [12/May/2018:18:46:17 +0200] "GET /wp-login.php HTTP/1.1" 200 2793 www.fc-schnaittach.de "-" "Mozilla/5.0 (Windows NT 6.0; rv:34.0) Gecko/20100101 Firefox/34.0" "-"
188.170.81.179 - - [12/May/2018:18:46:29 +0200] "POST /wp-login.php HTTP/1.1" 503 299 www.fc-schnaittach.de "https://www.fc-schnaittach.de/wp-login.php" "Mozilla/5.0 (Windows NT 6.0; rv:34.0) Gecko/20100101 Firefox/34.0" "-"
144.76.22.240 - - [12/May/2018:18:46:39 +0200] "GET /robots.txt HTTP/1.1" 301 248 www.fc-schnaittach.de "-" "Mozilla/5.0 (Windows; U; Windows NT 6.0; en-GB; rv:1.0; trendictionbot0.5.0; trendiction search; http://www.trendiction.de/bot; please let us know of any problems; web at trendiction.com) Gecko/20071127 Firefox/3.0.0.11" "-"
144.76.22.240 - - [12/May/2018:18:46:41 +0200] "GET /jahresfahrt-der-wanderabteilung-3/comments/feed/ HTTP/1.1" 301 23 www.fc-schnaittach.de "-" "Mozilla/5.0 (Windows; U; Windows NT 6.0; en-GB; rv:1.0; trendictionbot0.5.0; trendiction search; http://www.trendiction.de/bot; please let us know of any problems; web at trendiction.com) Gecko/20071127 Firefox/3.0.0.11" "-"
144.76.22.240 - - [12/May/2018:18:46:43 +0200] "GET /jahresfahrt-der-wanderabteilung-3/feed/ HTTP/1.1" 200 564 www.fc-schnaittach.de "http://www.fc-schnaittach.de/jahresfahrt-der-wanderabteilung-3/comments/feed/" "Mozilla/5.0 (Windows; U; Windows NT 6.0; en-GB; rv:1.0; trendictionbot0.5.0; trendiction search; http://www.trendiction.de/bot; please let us know of any problems; web at trendiction.com) Gecko/20071127 Firefox/3.0.0.11" "-"
157.55.39.39 - - [12/May/2018:18:47:10 +0200] "GET /category/startseite/feed/ HTTP/1.1" 200 7879 www.fc-schnaittach.de "-" "Mozilla/5.0 (compatible; bingbot/2.0; +http://www.bing.com/bingbot.htm)" "-"
144.76.22.245 - - [12/May/2018:18:58:45 +0200] "GET /tagesausflug-nach-volkach/feed/ HTTP/1.1" 200 558 www.fc-schnaittach.de "-" "Mozilla/5.0 (Windows; U; Windows NT 6.0; en-GB; rv:1.0; trendictionbot0.5.0; trendiction search; http://www.trendiction.de/bot; please let us know of any problems; web at trendiction.com) Gecko/20071127 Firefox/3.0.0.11" "-"
144.76.22.242 - - [12/May/2018:18:58:55 +0200] "GET /tischtennis/herren-1/feed/ HTTP/1.1" 200 547 www.fc-schnaittach.de "-" "Mozilla/5.0 (Windows; U; Windows NT 6.0; en-GB; rv:1.0; trendictionbot0.5.0; trendiction search; http://www.trendiction.de/bot; please let us know of any problems; web at trendiction.com) Gecko/20071127 Firefox/3.0.0.11" "-"
144.76.22.243 - - [12/May/2018:18:59:25 +0200] "GET /mitgliederversammlung-am-17-03/comments/feed/ HTTP/1.1" 301 23 www.fc-schnaittach.de "-" "Mozilla/5.0 (Windows; U; Windows NT 6.0; en-GB; rv:1.0; trendictionbot0.5.0; trendiction search; http://www.trendiction.de/bot; please let us know of any problems; web at trendiction.com) Gecko/20071127 Firefox/3.0.0.11" "-"
144.76.22.243 - - [12/May/2018:18:59:26 +0200] "GET /mitgliederversammlung-am-17-03/feed/ HTTP/1.1" 200 562 www.fc-schnaittach.de "http://www.fc-schnaittach.de/mitgliederversammlung-am-17-03/comments/feed/" "Mozilla/5.0 (Windows; U; Windows NT 6.0; en-GB; rv:1.0; trendictionbot0.5.0; trendiction search; http://www.trendiction.de/bot; please let us know of any problems; web at trendiction.com) Gecko/20071127 Firefox/3.0.0.11" "-"
2a03:2880:2020:afc9:face:b00c:0:8000 - - [12/May/2018:19:00:15 +0200] "GET /wp-content/uploads/2014/10/Mannschaftsbild-16_17-mit-Verantwortlichen-1024x700.jpg HTTP/1.1" 200 220566 www.fc-schnaittach.de "-" "facebookexternalhit/1.1 (+http://www.facebook.com/externalhit_uatext.php)" "-"
2a03:2880:2020:bfc7:face:b00c:0:8000 - - [12/May/2018:19:00:20 +0200] "GET /wp-content/uploads/2014/10/Mannschaftsbild-16_17-mit-Verantwortlichen-1024x700.jpg HTTP/1.1" 200 220566 www.fc-schnaittach.de "-" "facebookexternalhit/1.1 (+http://www.facebook.com/externalhit_uatext.php)" "-"
157.55.39.183 - - [12/May/2018:19:00:35 +0200] "GET / HTTP/1.1" 200 7768 www.fc-schnaittach.de "-" "Mozilla/5.0 (compatible; bingbot/2.0; +http://www.bing.com/bingbot.htm)" "-"
144.76.22.247 - - [12/May/2018:19:00:50 +0200] "GET /hauptverein/sponsoren/feed/ HTTP/1.1" 200 557 www.fc-schnaittach.de "-" "Mozilla/5.0 (Windows; U; Windows NT 6.0; en-GB; rv:1.0; trendictionbot0.5.0; trendiction search; http://www.trendiction.de/bot; please let us know of any problems; web at trendiction.com) Gecko/20071127 Firefox/3.0.0.11" "-"
157.55.39.39 - - [12/May/2018:19:01:00 +0200] "GET /category/news/feed/ HTTP/1.1" 200 9837 www.fc-schnaittach.de "-" "Mozilla/5.0 (compatible; bingbot/2.0; +http://www.bing.com/bingbot.htm)" "-"
144.76.22.242 - - [12/May/2018:19:05:22 +0200] "GET /tischtennis/herren-1/feed/ HTTP/1.1" 200 546 www.fc-schnaittach.de "-" "Mozilla/5.0 (Windows; U; Windows NT 6.0; en-GB; rv:1.0; trendictionbot0.5.0; trendiction search; http://www.trendiction.de/bot; please let us know of any problems; web at trendiction.com) Gecko/20071127 Firefox/3.0.0.11" "-"
66.249.64.207 - - [12/May/2018:19:17:10 +0200] "GET /faq-dragonrun/ HTTP/1.1" 200 6972 www.fc-schnaittach.de "-" "Mozilla/5.0 (Linux; Android 6.0.1; Nexus 5X Build/MMB29P) AppleWebKit/537.36 (KHTML, like Gecko) Chrome/41.0.2272.96 Mobile Safari/537.36 (compatible; Googlebot/2.1; +http://www.google.com/bot.html)" "-"
217.160.63.10 - - [12/May/2018:19:17:11 +0200] "POST /wp-cron.php?doing_wp_cron=1526145431.1583089828491210937500 HTTP/1.1" 200 23 www.fc-schnaittach.de "https://www.fc-schnaittach.de/wp-cron.php?doing_wp_cron=1526145431.1583089828491210937500" "WordPress/4.9.5; https://www.fc-schnaittach.de" "-"
66.249.64.205 - - [12/May/2018:19:28:20 +0200] "GET /budo/kickboxen-guertelpruefung-13-06-2015/ HTTP/1.1" 200 7633 www.fc-schnaittach.de "-" "Mozilla/5.0 (compatible; Googlebot/2.1; +http://www.google.com/bot.html)" "-"
217.160.63.10 - - [12/May/2018:19:28:20 +0200] "POST /wp-cron.php?doing_wp_cron=1526146100.5925109386444091796875 HTTP/1.1" 200 23 www.fc-schnaittach.de "https://www.fc-schnaittach.de/wp-cron.php?doing_wp_cron=1526146100.5925109386444091796875" "WordPress/4.9.5; https://www.fc-schnaittach.de" "-"
54.36.149.3 - - [12/May/2018:19:32:29 +0200] "GET /tag/sponsoren/feed/ HTTP/1.1" 200 1432 www.fc-schnaittach.de "-" "Mozilla/5.0 (compatible; AhrefsBot/5.2; +http://ahrefs.com/robot/)" "-"
157.55.39.183 - - [12/May/2018:19:35:49 +0200] "GET /fussball/1-mannschaft/imag0338/ HTTP/1.1" 200 196 www.fc-schnaittach.de "-" "Mozilla/5.0 (compatible; bingbot/2.0; +http://www.bing.com/bingbot.htm)" "-"
2a03:2880:2020:bff6:face:b00c:0:8000 - - [12/May/2018:19:39:47 +0200] "GET /wp-content/uploads/2014/10/Mannschaftsbild-16_17-mit-Verantwortlichen-1024x700.jpg HTTP/1.1" 200 220566 www.fc-schnaittach.de "-" "facebookexternalhit/1.1 (+http://www.facebook.com/externalhit_uatext.php)" "-"
2a03:2880:2020:bff6:face:b00c:0:8000 - - [12/May/2018:19:39:49 +0200] "GET /wp-content/uploads/2014/10/Mannschaftsbild-16_17-mit-Verantwortlichen-1024x700.jpg HTTP/1.1" 200 220566 www.fc-schnaittach.de "-" "facebookexternalhit/1.1 (+http://www.facebook.com/externalhit_uatext.php)" "-"
2a03:2880:11:6ff4:face:b00c:0:8000 - - [12/May/2018:19:39:51 +0200] "GET /wp-content/uploads/2014/10/Mannschaftsbild-16_17-mit-Verantwortlichen-1024x700.jpg HTTP/1.1" 200 220566 www.fc-schnaittach.de "-" "facebookexternalhit/1.1 (+http://www.facebook.com/externalhit_uatext.php)" "-"
2a03:2880:2050:5fe5:face:b00c:0:8000 - - [12/May/2018:19:39:55 +0200] "GET /wp-content/uploads/2014/10/Mannschaftsbild-16_17-mit-Verantwortlichen-1024x700.jpg HTTP/1.1" 200 220566 www.fc-schnaittach.de "-" "facebookexternalhit/1.1 (+http://www.facebook.com/externalhit_uatext.php)" "-"
2a03:2880:2111:5fe4:face:b00c:0:8000 - - [12/May/2018:19:39:56 +0200] "GET /wp-content/uploads/2014/10/Mannschaftsbild-16_17-mit-Verantwortlichen-1024x700.jpg HTTP/1.1" 200 220566 www.fc-schnaittach.de "-" "facebookexternalhit/1.1 (+http://www.facebook.com/externalhit_uatext.php)" "-"
2a03:2880:1030:9fc5:face:b00c:0:8000 - - [12/May/2018:19:39:59 +0200] "GET /wp-content/uploads/2014/10/Mannschaftsbild-16_17-mit-Verantwortlichen-1024x700.jpg HTTP/1.1" 200 220566 www.fc-schnaittach.de "-" "facebookexternalhit/1.1 (+http://www.facebook.com/externalhit_uatext.php)" "-"
66.249.64.203 - - [12/May/2018:19:42:27 +0200] "GET /robots.txt HTTP/1.1" 200 35 www.fc-schnaittach.de "-" "Mozilla/5.0 (compatible; Googlebot/2.1; +http://www.google.com/bot.html)" "-"
66.249.64.203 - - [12/May/2018:19:42:50 +0200] "GET / HTTP/1.1" 200 7770 www.fc-schnaittach.de "-" "Mozilla/5.0 (Linux; Android 6.0.1; Nexus 5X Build/MMB29P) AppleWebKit/537.36 (KHTML, like Gecko) Chrome/41.0.2272.96 Mobile Safari/537.36 (compatible; Googlebot/2.1; +http://www.google.com/bot.html)" "-"
66.249.64.207 - - [12/May/2018:19:43:05 +0200] "GET / HTTP/1.1" 200 7770 www.fc-schnaittach.de "-" "Mozilla/5.0 (compatible; Googlebot/2.1; +http://www.google.com/bot.html)" "-"
157.55.39.39 - - [12/May/2018:19:43:44 +0200] "GET /fussball/2-mannschaft/galerie-2-mannschaft/img-20150315-wa0005/ HTTP/1.1" 200 196 www.fc-schnaittach.de "-" "Mozilla/5.0 (compatible; bingbot/2.0; +http://www.bing.com/bingbot.htm)" "-"
54.36.148.69 - - [12/May/2018:19:45:15 +0200] "GET /jahresfahrt-der-wanderabteilung-2/feed/ HTTP/1.1" 200 550 www.fc-schnaittach.de "-" "Mozilla/5.0 (compatible; AhrefsBot/5.2; +http://ahrefs.com/robot/)" "-"
2.201.19.228 - - [12/May/2018:19:52:03 +0200] "GET /wp-content/uploads/2015/03/Nadine-Vogl.jpg HTTP/1.1" 200 64963 www.fc-schnaittach.de "https://www.google.de/" "Mozilla/5.0 (Windows NT 10.0; Win64; x64; rv:59.0) Gecko/20100101 Firefox/59.0" "-"
157.55.39.183 - - [12/May/2018:19:53:58 +0200] "GET /weihnachtsfeier-2016/ HTTP/1.1" 200 6926 www.fc-schnaittach.de "-" "Mozilla/5.0 (compatible; bingbot/2.0; +http://www.bing.com/bingbot.htm)" "-"
54.36.149.101 - - [12/May/2018:20:01:48 +0200] "GET /wp-content/uploads/2015/10/4.jpg HTTP/1.1" 200 184394 www.fc-schnaittach.de "-" "Mozilla/5.0 (compatible; AhrefsBot/5.2; +http://ahrefs.com/robot/)" "-"
217.160.63.10 - - [12/May/2018:20:10:55 +0200] "POST /wp-cron.php?doing_wp_cron=1526148655.4030690193176269531250 HTTP/1.1" 301 297 www.fc-schnaittach.de "http://www.fc-schnaittach.de/wp-cron.php?doing_wp_cron=1526148655.4030690193176269531250" "WordPress/4.9.5; https://www.fc-schnaittach.de" "-"
66.249.64.200 - - [12/May/2018:20:10:55 +0200] "GET /sitemap-pt-contactperson-2016-11.xml HTTP/1.1" 200 494 www.fc-schnaittach.de "-" "Mozilla/5.0 (compatible; Googlebot/2.1; +http://www.google.com/bot.html)" "-"
178.34.150.43 - - [12/May/2018:20:18:48 +0200] "GET /wp-login.php HTTP/1.1" 301 250 fc-schnaittach.de "-" "Mozilla/5.0 (Windows NT 6.0; rv:34.0) Gecko/20100101 Firefox/34.0" "-"
217.160.63.10 - - [12/May/2018:20:19:00 +0200] "POST /wp-cron.php?doing_wp_cron=1526149140.3915379047393798828125 HTTP/1.1" 200 23 www.fc-schnaittach.de "https://www.fc-schnaittach.de/wp-cron.php?doing_wp_cron=1526149140.3915379047393798828125" "WordPress/4.9.5; https://www.fc-schnaittach.de" "-"
178.34.150.43 - - [12/May/2018:20:19:00 +0200] "GET /wp-login.php HTTP/1.1" 200 2793 www.fc-schnaittach.de "-" "Mozilla/5.0 (Windows NT 6.0; rv:34.0) Gecko/20100101 Firefox/34.0" "-"
178.34.150.43 - - [12/May/2018:20:19:12 +0200] "POST /wp-login.php HTTP/1.1" 503 299 www.fc-schnaittach.de "https://www.fc-schnaittach.de/wp-login.php" "Mozilla/5.0 (Windows NT 6.0; rv:34.0) Gecko/20100101 Firefox/34.0" "-"
217.160.63.10 - - [12/May/2018:20:28:14 +0200] "HEAD /wp-content/uploads/2014/10/Budo-Logo_Bu-Do_2_hellrot.png HTTP/1.1" 301 - www.fc-schnaittach.de "https://www.fc-schnaittach.de" "Mozilla/5.0 (compatible; MSIE 9.0; Windows NT 6.1; WOW64; Trident/5.0)" "-"
217.160.63.10 - - [12/May/2018:20:28:14 +0200] "HEAD /wp-content/uploads/2014/10/Budo-Logo_Bu-Do_2_hellrot.png HTTP/1.1" 200 - www.fc-schnaittach.de "https://www.fc-schnaittach.de" "Mozilla/5.0 (compatible; MSIE 9.0; Windows NT 6.1; WOW64; Trident/5.0)" "-"
54.36.149.2 - - [12/May/2018:20:28:14 +0200] "GET /fussball/1-mannschaft/facebook-news/ HTTP/1.1" 200 6920 www.fc-schnaittach.de "-" "Mozilla/5.0 (compatible; AhrefsBot/5.2; +http://ahrefs.com/robot/)" "-"
217.160.63.10 - - [12/May/2018:20:28:14 +0200] "POST /wp-cron.php?doing_wp_cron=1526149694.3651969432830810546875 HTTP/1.1" 200 23 www.fc-schnaittach.de "https://www.fc-schnaittach.de/wp-cron.php?doing_wp_cron=1526149694.3651969432830810546875" "WordPress/4.9.5; https://www.fc-schnaittach.de" "-"
217.160.63.10 - - [12/May/2018:20:28:16 +0200] "HEAD /wp-content/uploads/2014/10/Flyer_S2-1024x735.png HTTP/1.1" 301 - www.fc-schnaittach.de "https://www.fc-schnaittach.de" "Mozilla/5.0 (compatible; MSIE 9.0; Windows NT 6.1; WOW64; Trident/5.0)" "-"
217.160.63.10 - - [12/May/2018:20:28:16 +0200] "HEAD /wp-content/uploads/2014/10/Flyer_S2-1024x735.png HTTP/1.1" 200 - www.fc-schnaittach.de "https://www.fc-schnaittach.de" "Mozilla/5.0 (compatible; MSIE 9.0; Windows NT 6.1; WOW64; Trident/5.0)" "-"
217.160.63.10 - - [12/May/2018:20:28:18 +0200] "HEAD /wp-content/uploads/2016/01/WF2016_3.jpg HTTP/1.1" 301 - www.fc-schnaittach.de "https://www.fc-schnaittach.de" "Mozilla/5.0 (compatible; MSIE 9.0; Windows NT 6.1; WOW64; Trident/5.0)" "-"
217.160.63.10 - - [12/May/2018:20:28:18 +0200] "HEAD /wp-content/uploads/2016/01/WF2016_3.jpg HTTP/1.1" 200 - www.fc-schnaittach.de "https://www.fc-schnaittach.de" "Mozilla/5.0 (compatible; MSIE 9.0; Windows NT 6.1; WOW64; Trident/5.0)" "-"
217.160.63.10 - - [12/May/2018:20:28:20 +0200] "HEAD /dragonrun/ HTTP/1.1" 200 - www.fc-schnaittach.de "https://www.fc-schnaittach.de" "Mozilla/5.0 (compatible; MSIE 9.0; Windows NT 6.1; WOW64; Trident/5.0)" "-"
217.160.63.10 - - [12/May/2018:20:28:25 +0200] "HEAD /wp-content/uploads/2018/03/DIN_A6_Flyer_22.02.2018_1-300x215.png HTTP/1.1" 200 - www.fc-schnaittach.de "https://www.fc-schnaittach.de" "Mozilla/5.0 (compatible; MSIE 9.0; Windows NT 6.1; WOW64; Trident/5.0)" "-"
54.36.148.75 - - [12/May/2018:20:29:17 +0200] "GET /wp-content/uploads/2015/05/jugend.jpg HTTP/1.1" 301 275 www.fc-schnaittach.de "-" "Mozilla/5.0 (compatible; AhrefsBot/5.2; +http://ahrefs.com/robot/)" "-"
66.249.64.207 - - [12/May/2018:20:29:17 +0200] "GET / HTTP/1.1" 200 7770 www.fc-schnaittach.de "-" "Mozilla/5.0 (Linux; Android 6.0.1; Nexus 5X Build/MMB29P) AppleWebKit/537.36 (KHTML, like Gecko) Chrome/41.0.2272.96 Mobile Safari/537.36 (compatible; Googlebot/2.1; +http://www.google.com/bot.html)" "-"
66.249.64.203 - - [12/May/2018:20:29:28 +0200] "GET /wp-content/themes/fcs/js/jquery.smartmenus.min.js?ver=1418750004 HTTP/1.1" 200 22672 www.fc-schnaittach.de "https://www.fc-schnaittach.de/" "Mozilla/5.0 (Linux; Android 6.0.1; Nexus 5X Build/MMB29P) AppleWebKit/537.36 (KHTML, like Gecko) Chrome/41.0.2272.96 Mobile Safari/537.36 (compatible; Googlebot/2.1; +http://www.google.com/bot.html)" "-"
66.249.64.205 - - [12/May/2018:20:31:52 +0200] "GET /dragonrun/ HTTP/1.1" 200 9134 www.fc-schnaittach.de "-" "Mozilla/5.0 (compatible; Googlebot/2.1; +http://www.google.com/bot.html)" "-"
66.249.64.203 - - [12/May/2018:20:33:41 +0200] "GET /ansprechpartner/fussball/ HTTP/1.1" 200 8167 www.fc-schnaittach.de "-" "Mozilla/5.0 (compatible; Googlebot/2.1; +http://www.google.com/bot.html)" "-"
35.233.57.166 - - [12/May/2018:20:36:05 +0200] "GET /wp-content/themes/fcs/images/production/Zumba_Production.jpg?ver=1487205003 HTTP/1.1" 301 313 www.fc-schnaittach.de "-" "Mozilla/5.0 (compatible; tracemyfile/1.0; +bot@tracemyfile.com)" "-"
35.233.57.166 - - [12/May/2018:20:36:05 +0200] "GET /wp-content/themes/fcs/images/production/Zumba_Production.jpg?ver=1487205003 HTTP/1.1" 200 54365 www.fc-schnaittach.de "-" "Mozilla/5.0 (compatible; tracemyfile/1.0; +bot@tracemyfile.com)" "-"
46.119.118.96 - - [12/May/2018:20:38:11 +0200] "GET /karate-teilnahme-an-der-bezirksmeisterschaft-2015/ HTTP/1.1" 200 29768 www.fc-schnaittach.de "https://documentserver.net/" "Mozilla/4.0 (compatible; MSIE 6.0; Windows NT 5.1; FREE; .NET CLR 1.1.4322)" "-"
66.249.64.205 - - [12/May/2018:20:40:13 +0200] "GET /sitemap-pt-page-2015-07.xml HTTP/1.1" 200 600 www.fc-schnaittach.de "-" "Mozilla/5.0 (compatible; Googlebot/2.1; +http://www.google.com/bot.html)" "-"
77.88.9.129 - - [12/May/2018:20:42:55 +0200] "GET /robots.txt HTTP/1.1" 301 248 www.fc-schnaittach.de "-" "Mozilla/5.0 (compatible; YandexBot/3.0; +http://yandex.com/bots)" "-"
77.75.78.166 - - [12/May/2018:20:44:30 +0200] "GET /robots.txt HTTP/1.1" 200 35 www.fc-schnaittach.de "-" "Mozilla/5.0 (compatible; SeznamBot/3.2; +http://napoveda.seznam.cz/en/seznambot-intro/)" "-"
2a02:598:a::78:166 - - [12/May/2018:20:44:30 +0200] "GET /julius-hirsch-preis-urkunde/ HTTP/1.1" 200 7562 www.fc-schnaittach.de "-" "Mozilla/5.0 (compatible; SeznamBot/3.2; +http://napoveda.seznam.cz/en/seznambot-intro/)" "-"
77.75.78.166 - - [12/May/2018:20:44:32 +0200] "GET /robots.txt HTTP/1.1" 301 248 www.fc-schnaittach.de "-" "Mozilla/5.0 (compatible; SeznamBot/3.2; +http://napoveda.seznam.cz/en/seznambot-intro/)" "-"
2a02:598:a::78:166 - - [12/May/2018:20:44:32 +0200] "GET /wp-content/uploads/2015/04/FCS-1-Mannschaft-1961-2.jpg HTTP/1.1" 301 292 www.fc-schnaittach.de "-" "Mozilla/5.0 (compatible; SeznamBot/3.2; +http://napoveda.seznam.cz/en/seznambot-intro/)" "-"
2a02:598:a::78:166 - - [12/May/2018:20:44:32 +0200] "GET /maifeiertag-2017/ HTTP/1.1" 200 6755 www.fc-schnaittach.de "-" "Mozilla/5.0 (compatible; SeznamBot/3.2; +http://napoveda.seznam.cz/en/seznambot-intro/)" "-"
2a02:598:a::78:166 - - [12/May/2018:20:44:34 +0200] "GET / HTTP/1.1" 301 238 www.fc-schnaittach.de "-" "Mozilla/5.0 (compatible; SeznamBot/3.2; +http://napoveda.seznam.cz/en/seznambot-intro/)" "-"
54.36.148.99 - - [12/May/2018:20:57:41 +0200] "GET /wp-content/uploads/2014/10/C_Sch%C3%BCtz.jpg HTTP/1.1" 200 104941 www.fc-schnaittach.de "-" "Mozilla/5.0 (compatible; AhrefsBot/5.2; +http://ahrefs.com/robot/)" "-"
2a03:2880:2030:ffc9:face:b00c:0:8000 - - [12/May/2018:21:05:54 +0200] "GET /wp-content/uploads/2018/03/DIN_A6_Flyer_22.02.2018_1.png HTTP/1.1" 200 205587 www.fc-schnaittach.de "-" "facebookexternalhit/1.1 (+http://www.facebook.com/externalhit_uatext.php)" "-"
157.55.39.183 - - [12/May/2018:21:07:22 +0200] "GET /sitemap_index.xml HTTP/1.1" 200 501 www.fc-schnaittach.de "-" "Mozilla/5.0 (compatible; bingbot/2.0; +http://www.bing.com/bingbot.htm)" "-"
188.43.36.22 - - [12/May/2018:21:17:09 +0200] "GET /wp-login.php HTTP/1.1" 301 250 fc-schnaittach.de "-" "Mozilla/5.0 (Windows NT 6.0; rv:34.0) Gecko/20100101 Firefox/34.0" "-"
188.43.36.22 - - [12/May/2018:21:17:21 +0200] "GET /wp-login.php HTTP/1.1" 200 2793 www.fc-schnaittach.de "-" "Mozilla/5.0 (Windows NT 6.0; rv:34.0) Gecko/20100101 Firefox/34.0" "-"
188.43.36.22 - - [12/May/2018:21:17:33 +0200] "POST /wp-login.php HTTP/1.1" 503 299 www.fc-schnaittach.de "https://www.fc-schnaittach.de/wp-login.php" "Mozilla/5.0 (Windows NT 6.0; rv:34.0) Gecko/20100101 Firefox/34.0" "-"
66.249.64.203 - - [12/May/2018:21:23:57 +0200] "GET /karate-teilnahme-an-der-bezirksmeisterschaft-2015/ HTTP/1.1" 200 7607 www.fc-schnaittach.de "-" "Mozilla/5.0 (compatible; Googlebot/2.1; +http://www.google.com/bot.html)" "-"
217.160.63.10 - - [12/May/2018:21:23:57 +0200] "POST /wp-cron.php?doing_wp_cron=1526153037.7647280693054199218750 HTTP/1.1" 200 23 www.fc-schnaittach.de "https://www.fc-schnaittach.de/wp-cron.php?doing_wp_cron=1526153037.7647280693054199218750" "WordPress/4.9.5; https://www.fc-schnaittach.de" "-"
217.160.63.10 - - [12/May/2018:21:23:58 +0200] "HEAD /wp-content/uploads/2018/05/Small_Wall_1-300x300.jpg HTTP/1.1" 200 - www.fc-schnaittach.de "https://www.fc-schnaittach.de" "Mozilla/5.0 (compatible; MSIE 9.0; Windows NT 6.1; WOW64; Trident/5.0)" "-"
217.160.63.10 - - [12/May/2018:21:24:00 +0200] "HEAD /wp-content/uploads/2018/05/Small_Wall_1.jpg HTTP/1.1" 200 - www.fc-schnaittach.de "https://www.fc-schnaittach.de" "Mozilla/5.0 (compatible; MSIE 9.0; Windows NT 6.1; WOW64; Trident/5.0)" "-"
217.160.63.10 - - [12/May/2018:21:24:02 +0200] "HEAD /wp-content/uploads/2018/05/Rock_your_hair_Chevy_1.png HTTP/1.1" 200 - www.fc-schnaittach.de "https://www.fc-schnaittach.de" "Mozilla/5.0 (compatible; MSIE 9.0; Windows NT 6.1; WOW64; Trident/5.0)" "-"
217.160.63.10 - - [12/May/2018:21:24:04 +0200] "HEAD /wp-content/uploads/2018/05/Rock_your_hair_Chevy_1-300x300.png HTTP/1.1" 200 - www.fc-schnaittach.de "https://www.fc-schnaittach.de" "Mozilla/5.0 (compatible; MSIE 9.0; Windows NT 6.1; WOW64; Trident/5.0)" "-"
77.75.79.32 - - [12/May/2018:21:25:19 +0200] "GET /robots.txt HTTP/1.1" 200 35 www.fc-schnaittach.de "-" "Mozilla/5.0 (compatible; SeznamBot/3.2; +http://napoveda.seznam.cz/en/seznambot-intro/)" "-"
2a02:598:a::79:32 - - [12/May/2018:21:25:20 +0200] "GET /karate/ HTTP/1.1" 200 8441 www.fc-schnaittach.de "-" "Mozilla/5.0 (compatible; SeznamBot/3.2; +http://napoveda.seznam.cz/en/seznambot-intro/)" "-"
77.75.79.32 - - [12/May/2018:21:25:21 +0200] "GET /robots.txt HTTP/1.1" 301 248 www.fc-schnaittach.de "-" "Mozilla/5.0 (compatible; SeznamBot/3.2; +http://napoveda.seznam.cz/en/seznambot-intro/)" "-"
2a02:598:a::79:32 - - [12/May/2018:21:25:21 +0200] "GET /wp-content/uploads/2015/01/IMG-20161004-WA0002-300x225.jpg HTTP/1.1" 301 296 www.fc-schnaittach.de "-" "Mozilla/5.0 (compatible; SeznamBot/3.2; +http://napoveda.seznam.cz/en/seznambot-intro/)" "-"
157.55.39.39 - - [12/May/2018:21:29:12 +0200] "GET /fussball/1-mannschaft/p1160542/ HTTP/1.1" 200 195 www.fc-schnaittach.de "-" "Mozilla/5.0 (compatible; bingbot/2.0; +http://www.bing.com/bingbot.htm)" "-"
84.150.126.30 - - [12/May/2018:21:32:38 +0200] "GET /Dragonrun HTTP/1.1" 301 23 fc-schnaittach.de "https://www.facebook.com/" "Mozilla/5.0 (Windows NT 6.1; Win64; x64; rv:59.0) Gecko/20100101 Firefox/59.0" "-"
84.150.126.30 - - [12/May/2018:21:32:38 +0200] "GET /Dragonrun/ HTTP/1.1" 200 9133 www.fc-schnaittach.de "https://www.facebook.com/" "Mozilla/5.0 (Windows NT 6.1; Win64; x64; rv:59.0) Gecko/20100101 Firefox/59.0" "-"
84.150.126.30 - - [12/May/2018:21:32:39 +0200] "GET /wp-content/plugins/contact-form-7/includes/css/styles.css?ver=5.0.1 HTTP/1.1" 301 305 www.fc-schnaittach.de "http://www.fc-schnaittach.de/Dragonrun/" "Mozilla/5.0 (Windows NT 6.1; Win64; x64; rv:59.0) Gecko/20100101 Firefox/59.0" "-"
84.150.126.30 - - [12/May/2018:21:32:39 +0200] "GET /wp-content/plugins/feedzy-rss-feeds/css/feedzy-rss-feeds.css?ver=3.2.10 HTTP/1.1" 301 309 www.fc-schnaittach.de "http://www.fc-schnaittach.de/Dragonrun/" "Mozilla/5.0 (Windows NT 6.1; Win64; x64; rv:59.0) Gecko/20100101 Firefox/59.0" "-"
84.150.126.30 - - [12/May/2018:21:32:39 +0200] "GET /wp-content/plugins/recently-updated-posts-widget/css/style.css?ver=4.9.5 HTTP/1.1" 301 310 www.fc-schnaittach.de "http://www.fc-schnaittach.de/Dragonrun/" "Mozilla/5.0 (Windows NT 6.1; Win64; x64; rv:59.0) Gecko/20100101 Firefox/59.0" "-"
84.150.126.30 - - [12/May/2018:21:32:39 +0200] "GET /wp-content/plugins/user-access-manager/assets/css/uamLoginForm.css?ver=2.1.11 HTTP/1.1" 301 315 www.fc-schnaittach.de "http://www.fc-schnaittach.de/Dragonrun/" "Mozilla/5.0 (Windows NT 6.1; Win64; x64; rv:59.0) Gecko/20100101 Firefox/59.0" "-"
84.150.126.30 - - [12/May/2018:21:32:39 +0200] "GET /wp-includes/js/jquery/jquery.js?ver=1.12.4 HTTP/1.1" 301 280 www.fc-schnaittach.de "http://www.fc-schnaittach.de/Dragonrun/" "Mozilla/5.0 (Windows NT 6.1; Win64; x64; rv:59.0) Gecko/20100101 Firefox/59.0" "-"
84.150.126.30 - - [12/May/2018:21:32:39 +0200] "GET /wp-includes/js/jquery/jquery-migrate.min.js?ver=1.4.1 HTTP/1.1" 301 291 www.fc-schnaittach.de "http://www.fc-schnaittach.de/Dragonrun/" "Mozilla/5.0 (Windows NT 6.1; Win64; x64; rv:59.0) Gecko/20100101 Firefox/59.0" "-"
84.150.126.30 - - [12/May/2018:21:32:39 +0200] "GET /wp-content/themes/fcs/style.css?ver=1460744932 HTTP/1.1" 301 284 www.fc-schnaittach.de "http://www.fc-schnaittach.de/Dragonrun/" "Mozilla/5.0 (Windows NT 6.1; Win64; x64; rv:59.0) Gecko/20100101 Firefox/59.0" "-"
84.150.126.30 - - [12/May/2018:21:32:39 +0200] "GET /wp-content/themes/fcs/js/fcs.js?ver=1442772175 HTTP/1.1" 301 284 www.fc-schnaittach.de "http://www.fc-schnaittach.de/Dragonrun/" "Mozilla/5.0 (Windows NT 6.1; Win64; x64; rv:59.0) Gecko/20100101 Firefox/59.0" "-"
84.150.126.30 - - [12/May/2018:21:32:39 +0200] "GET /wp-content/themes/fcs/js/jquery.smartmenus.min.js?ver=1418750004 HTTP/1.1" 301 302 www.fc-schnaittach.de "http://www.fc-schnaittach.de/Dragonrun/" "Mozilla/5.0 (Windows NT 6.1; Win64; x64; rv:59.0) Gecko/20100101 Firefox/59.0" "-"
84.150.126.30 - - [12/May/2018:21:32:39 +0200] "GET /wp-content/themes/fcs/js/jquery.smartmenus.bootstrap.min.js?ver=1418750004 HTTP/1.1" 301 312 www.fc-schnaittach.de "http://www.fc-schnaittach.de/Dragonrun/" "Mozilla/5.0 (Windows NT 6.1; Win64; x64; rv:59.0) Gecko/20100101 Firefox/59.0" "-"
84.150.126.30 - - [12/May/2018:21:32:39 +0200] "GET /wp-content/plugins/recently-updated-posts-widget/css/style.css?ver=4.9.5 HTTP/1.1" 200 45 www.fc-schnaittach.de "http://www.fc-schnaittach.de/Dragonrun/" "Mozilla/5.0 (Windows NT 6.1; Win64; x64; rv:59.0) Gecko/20100101 Firefox/59.0" "-"
84.150.126.30 - - [12/May/2018:21:32:39 +0200] "GET /wp-includes/js/jquery/jquery.js?ver=1.12.4 HTTP/1.1" 200 97184 www.fc-schnaittach.de "http://www.fc-schnaittach.de/Dragonrun/" "Mozilla/5.0 (Windows NT 6.1; Win64; x64; rv:59.0) Gecko/20100101 Firefox/59.0" "-"
84.150.126.30 - - [12/May/2018:21:32:39 +0200] "GET /wp-includes/js/jquery/jquery-migrate.min.js?ver=1.4.1 HTTP/1.1" 200 10056 www.fc-schnaittach.de "http://www.fc-schnaittach.de/Dragonrun/" "Mozilla/5.0 (Windows NT 6.1; Win64; x64; rv:59.0) Gecko/20100101 Firefox/59.0" "-"
84.150.126.30 - - [12/May/2018:21:32:39 +0200] "GET /wp-content/uploads/2018/04/A3-Poster-724x1024.jpeg HTTP/1.1" 200 148817 www.fc-schnaittach.de "http://www.fc-schnaittach.de/Dragonrun/" "Mozilla/5.0 (Windows NT 6.1; Win64; x64; rv:59.0) Gecko/20100101 Firefox/59.0" "-"
84.150.126.30 - - [12/May/2018:21:32:39 +0200] "GET /wp-content/uploads/2018/03/Gel%C3%A4ndekarte_8-1024x594.png HTTP/1.1" 200 378336 www.fc-schnaittach.de "http://www.fc-schnaittach.de/Dragonrun/" "Mozilla/5.0 (Windows NT 6.1; Win64; x64; rv:59.0) Gecko/20100101 Firefox/59.0" "-"
84.150.126.30 - - [12/May/2018:21:32:39 +0200] "GET /wp-content/uploads/2018/05/Small_Wall_1-300x300.jpg HTTP/1.1" 200 25990 www.fc-schnaittach.de "http://www.fc-schnaittach.de/Dragonrun/" "Mozilla/5.0 (Windows NT 6.1; Win64; x64; rv:59.0) Gecko/20100101 Firefox/59.0" "-"
84.150.126.30 - - [12/May/2018:21:32:39 +0200] "GET /wp-content/uploads/2018/04/Gel%C3%A4ndekarte_Homepage_1-1-1024x665.png HTTP/1.1" 200 574842 www.fc-schnaittach.de "http://www.fc-schnaittach.de/Dragonrun/" "Mozilla/5.0 (Windows NT 6.1; Win64; x64; rv:59.0) Gecko/20100101 Firefox/59.0" "-"
84.150.126.30 - - [12/May/2018:21:32:39 +0200] "GET /wp-content/uploads/2018/05/Rock_your_hair_Chevy_1-300x300.png HTTP/1.1" 200 163841 www.fc-schnaittach.de "http://www.fc-schnaittach.de/Dragonrun/" "Mozilla/5.0 (Windows NT 6.1; Win64; x64; rv:59.0) Gecko/20100101 Firefox/59.0" "-"
84.150.126.30 - - [12/May/2018:21:32:39 +0200] "GET /wp-includes/js/wp-embed.min.js?ver=4.9.5 HTTP/1.1" 301 278 www.fc-schnaittach.de "http://www.fc-schnaittach.de/Dragonrun/" "Mozilla/5.0 (Windows NT 6.1; Win64; x64; rv:59.0) Gecko/20100101 Firefox/59.0" "-"
84.150.126.30 - - [12/May/2018:21:32:39 +0200] "GET /wp-includes/js/wp-emoji-release.min.js?ver=4.9.5 HTTP/1.1" 301 286 www.fc-schnaittach.de "http://www.fc-schnaittach.de/Dragonrun/" "Mozilla/5.0 (Windows NT 6.1; Win64; x64; rv:59.0) Gecko/20100101 Firefox/59.0" "-"
84.150.126.30 - - [12/May/2018:21:32:39 +0200] "GET /wp-content/themes/fcs/css/jquery.smartmenus.bootstrap.css?ver=1418749976 HTTP/1.1" 301 310 www.fc-schnaittach.de "http://www.fc-schnaittach.de/Dragonrun/" "Mozilla/5.0 (Windows NT 6.1; Win64; x64; rv:59.0) Gecko/20100101 Firefox/59.0" "-"
84.150.126.30 - - [12/May/2018:21:32:39 +0200] "GET /wp-content/plugins/contact-form-7/includes/js/scripts.js?ver=5.0.1 HTTP/1.1" 301 304 www.fc-schnaittach.de "http://www.fc-schnaittach.de/Dragonrun/" "Mozilla/5.0 (Windows NT 6.1; Win64; x64; rv:59.0) Gecko/20100101 Firefox/59.0" "-"
84.150.126.30 - - [12/May/2018:21:32:39 +0200] "GET /wp-content/plugins/user-access-manager/assets/css/uamLoginForm.css?ver=2.1.11 HTTP/1.1" 200 468 www.fc-schnaittach.de "http://www.fc-schnaittach.de/Dragonrun/" "Mozilla/5.0 (Windows NT 6.1; Win64; x64; rv:59.0) Gecko/20100101 Firefox/59.0" "-"
84.150.126.30 - - [12/May/2018:21:32:39 +0200] "GET /wp-content/themes/fcs/style.css?ver=1460744932 HTTP/1.1" 200 22587 www.fc-schnaittach.de "http://www.fc-schnaittach.de/Dragonrun/" "Mozilla/5.0 (Windows NT 6.1; Win64; x64; rv:59.0) Gecko/20100101 Firefox/59.0" "-"
84.150.126.30 - - [12/May/2018:21:32:39 +0200] "GET /wp-content/themes/fcs/js/fcs.js?ver=1442772175 HTTP/1.1" 200 5542 www.fc-schnaittach.de "http://www.fc-schnaittach.de/Dragonrun/" "Mozilla/5.0 (Windows NT 6.1; Win64; x64; rv:59.0) Gecko/20100101 Firefox/59.0" "-"
84.150.126.30 - - [12/May/2018:21:32:39 +0200] "GET /wp-content/uploads/2018/04/Werbebanner_1-768x766.jpg HTTP/1.1" 200 153241 www.fc-schnaittach.de "http://www.fc-schnaittach.de/Dragonrun/" "Mozilla/5.0 (Windows NT 6.1; Win64; x64; rv:59.0) Gecko/20100101 Firefox/59.0" "-"
84.150.126.30 - - [12/May/2018:21:32:39 +0200] "GET /wp-content/themes/fcs/images/production/FcsWappen.png HTTP/1.1" 301 291 www.fc-schnaittach.de "http://www.fc-schnaittach.de/Dragonrun/" "Mozilla/5.0 (Windows NT 6.1; Win64; x64; rv:59.0) Gecko/20100101 Firefox/59.0" "-"
84.150.126.30 - - [12/May/2018:21:32:40 +0200] "GET /wp-content/themes/fcs/images/production/FcsWappen.png?ver=1487205002 HTTP/1.1" 301 306 www.fc-schnaittach.de "http://www.fc-schnaittach.de/Dragonrun/" "Mozilla/5.0 (Windows NT 6.1; Win64; x64; rv:59.0) Gecko/20100101 Firefox/59.0" "-"
84.150.126.30 - - [12/May/2018:21:32:40 +0200] "GET /wp-content/themes/fcs/js/jquery.smartmenus.min.js?ver=1418750004 HTTP/1.1" 200 22672 www.fc-schnaittach.de "http://www.fc-schnaittach.de/Dragonrun/" "Mozilla/5.0 (Windows NT 6.1; Win64; x64; rv:59.0) Gecko/20100101 Firefox/59.0" "-"
84.150.126.30 - - [12/May/2018:21:32:40 +0200] "GET /wp-content/themes/fcs/js/jquery.smartmenus.bootstrap.min.js?ver=1418750004 HTTP/1.1" 200 1252 www.fc-schnaittach.de "http://www.fc-schnaittach.de/Dragonrun/" "Mozilla/5.0 (Windows NT 6.1; Win64; x64; rv:59.0) Gecko/20100101 Firefox/59.0" "-"
84.150.126.30 - - [12/May/2018:21:32:40 +0200] "GET /wp-content/plugins/feedzy-rss-feeds/css/feedzy-rss-feeds.css?ver=3.2.10 HTTP/1.1" 200 9822 www.fc-schnaittach.de "http://www.fc-schnaittach.de/Dragonrun/" "Mozilla/5.0 (Windows NT 6.1; Win64; x64; rv:59.0) Gecko/20100101 Firefox/59.0" "-"
84.150.126.30 - - [12/May/2018:21:32:40 +0200] "GET /wp-content/plugins/contact-form-7/includes/css/styles.css?ver=5.0.1 HTTP/1.1" 200 1683 www.fc-schnaittach.de "http://www.fc-schnaittach.de/Dragonrun/" "Mozilla/5.0 (Windows NT 6.1; Win64; x64; rv:59.0) Gecko/20100101 Firefox/59.0" "-"
84.150.126.30 - - [12/May/2018:21:32:40 +0200] "GET /wp-includes/js/wp-embed.min.js?ver=4.9.5 HTTP/1.1" 200 1398 www.fc-schnaittach.de "http://www.fc-schnaittach.de/Dragonrun/" "Mozilla/5.0 (Windows NT 6.1; Win64; x64; rv:59.0) Gecko/20100101 Firefox/59.0" "-"
84.150.126.30 - - [12/May/2018:21:32:40 +0200] "GET /wp-includes/js/wp-emoji-release.min.js?ver=4.9.5 HTTP/1.1" 200 11721 www.fc-schnaittach.de "http://www.fc-schnaittach.de/Dragonrun/" "Mozilla/5.0 (Windows NT 6.1; Win64; x64; rv:59.0) Gecko/20100101 Firefox/59.0" "-"
84.150.126.30 - - [12/May/2018:21:32:40 +0200] "GET /wp-content/themes/fcs/css/jquery.smartmenus.bootstrap.css?ver=1418749976 HTTP/1.1" 200 3128 www.fc-schnaittach.de "http://www.fc-schnaittach.de/Dragonrun/" "Mozilla/5.0 (Windows NT 6.1; Win64; x64; rv:59.0) Gecko/20100101 Firefox/59.0" "-"
84.150.126.30 - - [12/May/2018:21:32:41 +0200] "GET /wp-content/plugins/contact-form-7/includes/js/scripts.js?ver=5.0.1 HTTP/1.1" 200 14551 www.fc-schnaittach.de "http://www.fc-schnaittach.de/Dragonrun/" "Mozilla/5.0 (Windows NT 6.1; Win64; x64; rv:59.0) Gecko/20100101 Firefox/59.0" "-"
84.150.126.30 - - [12/May/2018:21:32:41 +0200] "GET /wp-content/themes/fcs/images/production/FcsWappen.png HTTP/1.1" 200 12482 www.fc-schnaittach.de "http://www.fc-schnaittach.de/Dragonrun/" "Mozilla/5.0 (Windows NT 6.1; Win64; x64; rv:59.0) Gecko/20100101 Firefox/59.0" "-"
84.150.126.30 - - [12/May/2018:21:32:41 +0200] "GET /wp-content/themes/fcs/images/production/FcsWappen.png?ver=1487205002 HTTP/1.1" 200 12482 www.fc-schnaittach.de "http://www.fc-schnaittach.de/Dragonrun/" "Mozilla/5.0 (Windows NT 6.1; Win64; x64; rv:59.0) Gecko/20100101 Firefox/59.0" "-"
84.150.126.30 - - [12/May/2018:21:32:41 +0200] "GET /wp-content/themes/fcs/images/production/FcsWappenMobileBookmark.png?ver=1487205003 HTTP/1.1" 301 320 www.fc-schnaittach.de "-" "Mozilla/5.0 (Windows NT 6.1; Win64; x64; rv:59.0) Gecko/20100101 Firefox/59.0" "-"
84.150.126.30 - - [12/May/2018:21:32:41 +0200] "GET /wp-content/themes/fcs/images/production/FcsWappen.ico?ver=1420564287 HTTP/1.1" 301 306 www.fc-schnaittach.de "-" "Mozilla/5.0 (Windows NT 6.1; Win64; x64; rv:59.0) Gecko/20100101 Firefox/59.0" "-"
84.150.126.30 - - [12/May/2018:21:32:41 +0200] "GET /wp-content/themes/fcs/images/production/FcsWappen.ico?ver=1420564287 HTTP/1.1" 200 4606 www.fc-schnaittach.de "-" "Mozilla/5.0 (Windows NT 6.1; Win64; x64; rv:59.0) Gecko/20100101 Firefox/59.0" "-"
84.150.126.30 - - [12/May/2018:21:32:41 +0200] "GET /wp-content/themes/fcs/images/production/FcsWappenMobileBookmark.png?ver=1487205003 HTTP/1.1" 200 12628 www.fc-schnaittach.de "-" "Mozilla/5.0 (Windows NT 6.1; Win64; x64; rv:59.0) Gecko/20100101 Firefox/59.0" "-"
157.55.39.39 - - [12/May/2018:21:33:14 +0200] "GET /hauptverein/sportheim/feed/ HTTP/1.1" 200 542 www.fc-schnaittach.de "-" "Mozilla/5.0 (compatible; bingbot/2.0; +http://www.bing.com/bingbot.htm)" "-"
66.249.64.207 - - [12/May/2018:21:33:51 +0200] "GET /dragonrun/ HTTP/1.1" 200 9133 www.fc-schnaittach.de "-" "Mozilla/5.0 (compatible; Googlebot/2.1; +http://www.google.com/bot.html)" "-"
66.249.64.205 - - [12/May/2018:21:41:38 +0200] "GET /sitemap-pt-post-2015-07.xml HTTP/1.1" 200 605 www.fc-schnaittach.de "-" "Mozilla/5.0 (compatible; Googlebot/2.1; +http://www.google.com/bot.html)" "-"
141.8.141.136 - - [12/May/2018:21:41:38 +0200] "GET /robots.txt HTTP/1.1" 200 35 www.fc-schnaittach.de "-" "Mozilla/5.0 (compatible; YandexBot/3.0; +http://yandex.com/bots)" "-"
77.88.9.131 - - [12/May/2018:21:41:39 +0200] "GET / HTTP/1.1" 301 238 www.fc-schnaittach.de "-" "Mozilla/5.0 (compatible; YandexBot/3.0; +http://yandex.com/bots)" "-"
87.250.233.80 - - [12/May/2018:21:41:39 +0200] "GET /robots.txt HTTP/1.1" 200 35 fc-schnaittach.de "-" "Mozilla/5.0 (compatible; YandexBot/3.0; +http://yandex.com/bots)" "-"
5.45.203.17 - - [12/May/2018:21:41:39 +0200] "GET /robots.txt HTTP/1.1" 301 248 fc-schnaittach.de "-" "Mozilla/5.0 (compatible; YandexBot/3.0; +http://yandex.com/bots)" "-"
87.250.233.72 - - [12/May/2018:21:41:42 +0200] "GET / HTTP/1.1" 200 7769 www.fc-schnaittach.de "-" "Mozilla/5.0 (compatible; YandexBot/3.0; +http://yandex.com/bots)" "-"
87.250.233.66 - - [12/May/2018:21:41:43 +0200] "GET / HTTP/1.1" 301 238 fc-schnaittach.de "-" "Mozilla/5.0 (compatible; YandexBot/3.0; +http://yandex.com/bots)" "-"
5.255.251.1 - - [12/May/2018:21:41:43 +0200] "GET / HTTP/1.1" 301 23 fc-schnaittach.de "-" "Mozilla/5.0 (compatible; YandexBot/3.0; +http://yandex.com/bots)" "-"
5.45.203.14 - - [12/May/2018:21:41:47 +0200] "GET / HTTP/1.1" 301 23 fc-schnaittach.de "-" "Mozilla/5.0 (compatible; YandexBot/3.0; +http://yandex.com/bots)" "-"
104.155.9.117 - - [12/May/2018:21:42:14 +0200] "GET /wp-content/uploads/2014/10/2-Mannschaft.jpeg HTTP/1.1" 301 282 www.fc-schnaittach.de "-" "Mozilla/5.0 (compatible; tracemyfile/1.0; +bot@tracemyfile.com)" "-"
104.155.9.117 - - [12/May/2018:21:42:14 +0200] "GET /wp-content/uploads/2014/10/2-Mannschaft.jpeg HTTP/1.1" 200 169855 www.fc-schnaittach.de "-" "Mozilla/5.0 (compatible; tracemyfile/1.0; +bot@tracemyfile.com)" "-"
66.249.64.205 - - [12/May/2018:21:42:26 +0200] "GET /wp-content/uploads/2015/06/20150613_115618.jpg HTTP/1.1" 200 74808 www.fc-schnaittach.de "-" "Googlebot-Image/1.0" "-"
66.249.64.22 - - [12/May/2018:21:44:03 +0200] "GET /robots.txt HTTP/1.1" 404 1363 s520810972.online.de "-" "Mozilla/5.0 (compatible; Googlebot/2.1; +http://www.google.com/bot.html)" "-"
66.249.64.21 - - [12/May/2018:21:44:41 +0200] "GET / HTTP/1.1" 200 229 s520810972.online.de "-" "Mozilla/5.0 (Linux; Android 6.0.1; Nexus 5X Build/MMB29P) AppleWebKit/537.36 (KHTML, like Gecko) Chrome/41.0.2272.96 Mobile Safari/537.36 (compatible; Googlebot/2.1; +http://www.google.com/bot.html)" "-"
