217.160.63.10 - - [12/May/2018:09:22:39 +0200] "POST /wp-cron.php?doing_wp_cron=1526109759.3639740943908691406250 HTTP/1.1" 200 23 www.fc-schnaittach.de "https://www.fc-schnaittach.de/wp-cron.php?doing_wp_cron=1526109759.3639740943908691406250" "WordPress/4.9.5; https://www.fc-schnaittach.de" "-"
91.210.144.230 - - [12/May/2018:09:22:39 +0200] "POST /wp-login.php HTTP/1.1" 200 1310 www.fc-schnaittach.de "https://www.fc-schnaittach.de/wp-login.php" "Mozilla/5.0 (Windows NT 10.0; WOW64) AppleWebKit/537.36 (KHTML, like Gecko) Chrome/53.0.2785.143 Safari/537.36" "-"
91.210.144.230 - - [12/May/2018:09:22:40 +0200] "GET /wp-admin/ HTTP/1.1" 302 23 www.fc-schnaittach.de "https://www.fc-schnaittach.de/wp-admin/" "Mozilla/5.0 (Windows NT 10.0; WOW64) AppleWebKit/537.36 (KHTML, like Gecko) Chrome/53.0.2785.143 Safari/537.36" "-"
40.77.167.66 - - [12/May/2018:09:23:43 +0200] "GET /wp-content/uploads/2018/03/IMG_4287_rework2.jpg HTTP/1.1" 200 5509398 www.fc-schnaittach.de "-" "Mozilla/5.0 (compatible; bingbot/2.0; +http://www.bing.com/bingbot.htm)" "-"
157.55.39.87 - - [12/May/2018:09:25:07 +0200] "GET /wp-content/uploads/2014/10/P1160502.jpg HTTP/1.1" 200 566915 www.fc-schnaittach.de "-" "Mozilla/5.0 (compatible; bingbot/2.0; +http://www.bing.com/bingbot.htm)" "-"
91.210.144.230 - - [12/May/2018:09:33:45 +0200] "POST /wp-login.php HTTP/1.1" 200 1311 www.fc-schnaittach.de "https://www.fc-schnaittach.de/wp-login.php" "Mozilla/5.0 (Windows NT 10.0; WOW64) AppleWebKit/537.36 (KHTML, like Gecko) Chrome/53.0.2785.143 Safari/537.36" "-"
91.210.144.230 - - [12/May/2018:09:33:46 +0200] "GET /wp-admin/ HTTP/1.1" 302 23 www.fc-schnaittach.de "https://www.fc-schnaittach.de/wp-admin/" "Mozilla/5.0 (Windows NT 10.0; WOW64) AppleWebKit/537.36 (KHTML, like Gecko) Chrome/53.0.2785.143 Safari/537.36" "-"
157.55.39.139 - - [12/May/2018:09:34:27 +0200] "GET /wp-content/uploads/2014/10/P1160505.jpg HTTP/1.1" 200 519424 www.fc-schnaittach.de "-" "Mozilla/5.0 (compatible; bingbot/2.0; +http://www.bing.com/bingbot.htm)" "-"
163.172.4.153 - - [12/May/2018:09:34:52 +0200] "GET / HTTP/1.1" 301 238 fc-schnaittach.de "http://fc-schnaittach.de/" "Mozilla/5.0 (Windows NT 6.1; Win64; x64; rv:53.0) Gecko/20100101 Firefox/53.0" "-"
163.172.4.153 - - [12/May/2018:09:34:53 +0200] "GET / HTTP/1.1" 200 7770 www.fc-schnaittach.de "https://www.fc-schnaittach.de/" "Mozilla/5.0 (Macintosh; Intel Mac OS X 10_12_4) AppleWebKit/537.36 (KHTML, like Gecko) Chrome/57.0.2987.133 Safari/537.36" "-"
66.249.64.205 - - [12/May/2018:09:34:57 +0200] "GET /fussball/1-mannschaft/ HTTP/1.1" 200 7389 www.fc-schnaittach.de "-" "Mozilla/5.0 (compatible; Googlebot/2.1; +http://www.google.com/bot.html)" "-"
178.137.165.61 - - [12/May/2018:09:37:26 +0200] "GET /karate-teilnahme-an-der-bezirksmeisterschaft-2015/ HTTP/1.1" 200 29768 www.fc-schnaittach.de "https://popugaychiki.com/" "Mozilla/4.0 (compatible; MSIE 6.0; Windows NT 5.1; SV1; .NET CLR 1.1.4322) Babya Discoverer  8.0:" "-"
178.137.165.61 - - [12/May/2018:09:37:27 +0200] "GET /karate-teilnahme-an-der-bezirksmeisterschaft-2015/ HTTP/1.1" 200 29768 www.fc-schnaittach.de "https://popugaychiki.com/" "Mozilla/4.0 (compatible; MSIE 6.0; Windows NT 5.1; SV1; .NET CLR 1.1.4322) Babya Discoverer  8.0:" "-"
178.137.165.61 - - [12/May/2018:09:37:29 +0200] "GET /karate-teilnahme-an-der-bezirksmeisterschaft-2015/ HTTP/1.1" 200 29768 www.fc-schnaittach.de "https://popugaychiki.com/" "Mozilla/4.0 (compatible; MSIE 6.0; Windows NT 5.1; SV1; .NET CLR 1.1.4322) Babya Discoverer  8.0:" "-"
91.210.144.230 - - [12/May/2018:09:44:07 +0200] "POST /wp-login.php HTTP/1.1" 200 1311 www.fc-schnaittach.de "https://www.fc-schnaittach.de/wp-login.php" "Mozilla/5.0 (Windows NT 10.0; WOW64) AppleWebKit/537.36 (KHTML, like Gecko) Chrome/53.0.2785.143 Safari/537.36" "-"
91.210.144.230 - - [12/May/2018:09:44:07 +0200] "GET /wp-admin/ HTTP/1.1" 302 23 www.fc-schnaittach.de "https://www.fc-schnaittach.de/wp-admin/" "Mozilla/5.0 (Windows NT 10.0; WOW64) AppleWebKit/537.36 (KHTML, like Gecko) Chrome/53.0.2785.143 Safari/537.36" "-"
157.55.39.87 - - [12/May/2018:09:46:10 +0200] "GET /wp-content/uploads/2014/10/P1160515.jpg HTTP/1.1" 200 480156 www.fc-schnaittach.de "-" "Mozilla/5.0 (compatible; bingbot/2.0; +http://www.bing.com/bingbot.htm)" "-"
185.234.217.135 - - [12/May/2018:09:46:11 +0200] "GET /wp-login.php HTTP/1.1" 301 250 fc-schnaittach.de "http://fc-schnaittach.de/wp-login.php" "Mozilla/4.0 (compatible; MSIE 9.0; Windows NT 6.1; 125LA; .NET CLR 2.0.50727; .NET CLR 3.0.04506.648; .NET CLR 3.5.21022)" "-"
185.234.217.135 - - [12/May/2018:09:46:35 +0200] "GET /wp-login.php HTTP/1.1" 301 250 fc-schnaittach.de "http://fc-schnaittach.de/wp-login.php" "Mozilla/4.0 (compatible; MSIE 9.0; Windows NT 6.1; 125LA; .NET CLR 2.0.50727; .NET CLR 3.0.04506.648; .NET CLR 3.5.21022)" "-"
109.252.44.213 - - [12/May/2018:09:51:01 +0200] "GET /wp-login.php HTTP/1.1" 301 250 fc-schnaittach.de "-" "Mozilla/5.0 (Windows NT 6.0; rv:34.0) Gecko/20100101 Firefox/34.0" "-"
109.252.44.213 - - [12/May/2018:09:51:13 +0200] "GET /wp-login.php HTTP/1.1" 200 2793 www.fc-schnaittach.de "-" "Mozilla/5.0 (Windows NT 6.0; rv:34.0) Gecko/20100101 Firefox/34.0" "-"
217.160.63.10 - - [12/May/2018:09:51:14 +0200] "POST /wp-cron.php?doing_wp_cron=1526111474.0209269523620605468750 HTTP/1.1" 200 23 www.fc-schnaittach.de "https://www.fc-schnaittach.de/wp-cron.php?doing_wp_cron=1526111474.0209269523620605468750" "WordPress/4.9.5; https://www.fc-schnaittach.de" "-"
109.252.44.213 - - [12/May/2018:09:51:25 +0200] "POST /wp-login.php HTTP/1.1" 503 299 www.fc-schnaittach.de "https://www.fc-schnaittach.de/wp-login.php" "Mozilla/5.0 (Windows NT 6.0; rv:34.0) Gecko/20100101 Firefox/34.0" "-"
91.210.144.230 - - [12/May/2018:09:54:21 +0200] "POST /wp-login.php HTTP/1.1" 200 1310 www.fc-schnaittach.de "https://www.fc-schnaittach.de/wp-login.php" "Mozilla/5.0 (Windows NT 10.0; WOW64) AppleWebKit/537.36 (KHTML, like Gecko) Chrome/53.0.2785.143 Safari/537.36" "-"
91.210.144.230 - - [12/May/2018:09:54:22 +0200] "GET /wp-admin/ HTTP/1.1" 302 23 www.fc-schnaittach.de "https://www.fc-schnaittach.de/wp-admin/" "Mozilla/5.0 (Windows NT 10.0; WOW64) AppleWebKit/537.36 (KHTML, like Gecko) Chrome/53.0.2785.143 Safari/537.36" "-"
145.255.8.127 - - [12/May/2018:09:55:33 +0200] "GET /wp-login.php HTTP/1.1" 301 250 fc-schnaittach.de "-" "Mozilla/5.0 (Windows NT 6.0; rv:34.0) Gecko/20100101 Firefox/34.0" "-"
145.255.8.127 - - [12/May/2018:09:55:45 +0200] "GET /wp-login.php HTTP/1.1" 200 2793 www.fc-schnaittach.de "-" "Mozilla/5.0 (Windows NT 6.0; rv:34.0) Gecko/20100101 Firefox/34.0" "-"
145.255.8.127 - - [12/May/2018:09:55:57 +0200] "POST /wp-login.php HTTP/1.1" 503 299 www.fc-schnaittach.de "https://www.fc-schnaittach.de/wp-login.php" "Mozilla/5.0 (Windows NT 6.0; rv:34.0) Gecko/20100101 Firefox/34.0" "-"
66.249.64.207 - - [12/May/2018:09:57:33 +0200] "GET / HTTP/1.1" 200 7770 www.fc-schnaittach.de "-" "Mozilla/5.0 (compatible; Googlebot/2.1; +http://www.google.com/bot.html)" "-"
40.77.167.66 - - [12/May/2018:10:01:01 +0200] "GET /wp-includes/js/jquery/jquery-migrate.min.js?ver=1.4.1 HTTP/1.1" 301 291 www.fc-schnaittach.de "-" "Mozilla/5.0 (compatible; bingbot/2.0; +http://www.bing.com/bingbot.htm)" "-"
40.77.167.66 - - [12/May/2018:10:01:04 +0200] "GET /wp-includes/js/jquery/jquery-migrate.min.js?ver=1.4.1 HTTP/1.1" 200 10056 www.fc-schnaittach.de "-" "Mozilla/5.0 (compatible; bingbot/2.0; +http://www.bing.com/bingbot.htm)" "-"
66.249.64.203 - - [12/May/2018:10:04:02 +0200] "GET /sitemap-pt-page-2014-12.xml HTTP/1.1" 200 893 www.fc-schnaittach.de "-" "Mozilla/5.0 (compatible; Googlebot/2.1; +http://www.google.com/bot.html)" "-"
91.210.144.230 - - [12/May/2018:10:04:37 +0200] "POST /wp-login.php HTTP/1.1" 200 1311 www.fc-schnaittach.de "https://www.fc-schnaittach.de/wp-login.php" "Mozilla/5.0 (Windows NT 10.0; WOW64) AppleWebKit/537.36 (KHTML, like Gecko) Chrome/53.0.2785.143 Safari/537.36" "-"
91.210.144.230 - - [12/May/2018:10:04:37 +0200] "GET /wp-admin/ HTTP/1.1" 302 23 www.fc-schnaittach.de "https://www.fc-schnaittach.de/wp-admin/" "Mozilla/5.0 (Windows NT 10.0; WOW64) AppleWebKit/537.36 (KHTML, like Gecko) Chrome/53.0.2785.143 Safari/537.36" "-"
66.249.64.203 - - [12/May/2018:10:13:31 +0200] "GET /sitemap-tax-category.xml HTTP/1.1" 200 825 www.fc-schnaittach.de "-" "Mozilla/5.0 (compatible; Googlebot/2.1; +http://www.google.com/bot.html)" "-"
91.210.144.230 - - [12/May/2018:10:14:20 +0200] "POST /wp-login.php HTTP/1.1" 200 1310 www.fc-schnaittach.de "https://www.fc-schnaittach.de/wp-login.php" "Mozilla/5.0 (Windows NT 10.0; WOW64) AppleWebKit/537.36 (KHTML, like Gecko) Chrome/53.0.2785.143 Safari/537.36" "-"
91.210.144.230 - - [12/May/2018:10:14:21 +0200] "GET /wp-admin/ HTTP/1.1" 302 23 www.fc-schnaittach.de "https://www.fc-schnaittach.de/wp-admin/" "Mozilla/5.0 (Windows NT 10.0; WOW64) AppleWebKit/537.36 (KHTML, like Gecko) Chrome/53.0.2785.143 Safari/537.36" "-"
51.15.82.2 - - [12/May/2018:10:16:47 +0200] "GET / HTTP/1.1" 301 238 fc-schnaittach.de "AfD-Verbotsverfahren_JETZT!" "AfD-Verbotsverfahren JETZT!" "-"
185.100.84.248 - - [12/May/2018:10:16:57 +0200] "GET / HTTP/1.1" 200 7770 www.fc-schnaittach.de "AfD-Verbotsverfahren_JETZT!" "AfD-Verbotsverfahren JETZT!" "-"
194.187.170.122 - - [12/May/2018:10:17:26 +0200] "GET /robots.txt HTTP/1.1" 301 248 www.fc-schnaittach.de "-" "Mozilla/5.0 (compatible; Qwantify/2.4w; +https://www.qwant.com/)/2.4w" "-"
194.187.170.122 - - [12/May/2018:10:17:26 +0200] "GET /robots.txt HTTP/1.1" 200 35 www.fc-schnaittach.de "-" "Mozilla/5.0 (compatible; Qwantify/2.4w; +https://www.qwant.com/)/2.4w" "-"
194.187.170.122 - - [12/May/2018:10:17:26 +0200] "GET /tag/vereinsbus/ HTTP/1.1" 200 6135 www.fc-schnaittach.de "-" "Mozilla/5.0 (compatible; Qwantify/2.4w; +https://www.qwant.com/)/2.4w" "-"
66.249.64.220 - - [12/May/2018:10:17:48 +0200] "GET /Dragonrun HTTP/1.1" 301 23 fc-schnaittach.de "-" "Mozilla/5.0 (compatible; Googlebot/2.1; +http://www.google.com/bot.html)" "-"
66.249.64.200 - - [12/May/2018:10:17:48 +0200] "GET /Dragonrun/ HTTP/1.1" 200 9131 www.fc-schnaittach.de "-" "Mozilla/5.0 (compatible; Googlebot/2.1; +http://www.google.com/bot.html)" "-"
66.249.64.202 - - [12/May/2018:10:18:13 +0200] "GET /Dragonrun/ HTTP/1.1" 200 9131 www.fc-schnaittach.de "-" "Mozilla/5.0 (compatible; Googlebot/2.1; +http://www.google.com/bot.html)" "-"
66.249.64.200 - - [12/May/2018:10:18:22 +0200] "GET /wp-content/plugins/recently-updated-posts-widget/css/style.css?ver=4.9.5 HTTP/1.1" 301 310 www.fc-schnaittach.de "http://www.fc-schnaittach.de/Dragonrun/" "Mozilla/5.0 (compatible; Googlebot/2.1; +http://www.google.com/bot.html)" "-"
66.249.64.198 - - [12/May/2018:10:18:23 +0200] "GET /wp-content/plugins/feedzy-rss-feeds/css/feedzy-rss-feeds.css?ver=3.2.10 HTTP/1.1" 301 309 www.fc-schnaittach.de "http://www.fc-schnaittach.de/Dragonrun/" "Mozilla/5.0 (compatible; Googlebot/2.1; +http://www.google.com/bot.html)" "-"
66.249.64.198 - - [12/May/2018:10:18:23 +0200] "GET /wp-content/plugins/user-access-manager/assets/css/uamLoginForm.css?ver=2.1.11 HTTP/1.1" 301 315 www.fc-schnaittach.de "http://www.fc-schnaittach.de/Dragonrun/" "Mozilla/5.0 (compatible; Googlebot/2.1; +http://www.google.com/bot.html)" "-"
54.36.148.12 - - [12/May/2018:10:18:50 +0200] "GET / HTTP/1.1" 200 7770 www.fc-schnaittach.de "-" "Mozilla/5.0 (compatible; AhrefsBot/5.2; +http://ahrefs.com/robot/)" "-"
163.172.65.195 - - [12/May/2018:10:18:51 +0200] "GET /wp-content/plugins/contact-form-7/includes/css/styles.css?ver=5.0.1 HTTP/1.1" 200 1683 www.fc-schnaittach.de "-" "Mozilla/5.0 (compatible; AhrefsBot/5.2; +http://ahrefs.com/robot/)" "-"
163.172.65.195 - - [12/May/2018:10:18:51 +0200] "GET /wp-content/plugins/feedzy-rss-feeds/css/feedzy-rss-feeds.css?ver=3.2.10 HTTP/1.1" 200 9822 www.fc-schnaittach.de "-" "Mozilla/5.0 (compatible; AhrefsBot/5.2; +http://ahrefs.com/robot/)" "-"
163.172.65.195 - - [12/May/2018:10:18:51 +0200] "GET /wp-content/themes/fcs/style.css?ver=1460744932 HTTP/1.1" 200 22587 www.fc-schnaittach.de "-" "Mozilla/5.0 (compatible; AhrefsBot/5.2; +http://ahrefs.com/robot/)" "-"
163.172.65.195 - - [12/May/2018:10:18:51 +0200] "GET /wp-content/plugins/recently-updated-posts-widget/css/style.css?ver=4.9.5 HTTP/1.1" 200 45 www.fc-schnaittach.de "-" "Mozilla/5.0 (compatible; AhrefsBot/5.2; +http://ahrefs.com/robot/)" "-"
163.172.65.195 - - [12/May/2018:10:18:51 +0200] "GET /wp-content/plugins/user-access-manager/assets/css/uamLoginForm.css?ver=2.1.11 HTTP/1.1" 200 468 www.fc-schnaittach.de "-" "Mozilla/5.0 (compatible; AhrefsBot/5.2; +http://ahrefs.com/robot/)" "-"
163.172.65.195 - - [12/May/2018:10:18:51 +0200] "GET /wp-content/themes/fcs/css/jquery.smartmenus.bootstrap.css?ver=1418749976 HTTP/1.1" 200 3128 www.fc-schnaittach.de "-" "Mozilla/5.0 (compatible; AhrefsBot/5.2; +http://ahrefs.com/robot/)" "-"
163.172.65.195 - - [12/May/2018:10:18:51 +0200] "GET /wp-includes/js/jquery/jquery-migrate.min.js?ver=1.4.1 HTTP/1.1" 200 10056 www.fc-schnaittach.de "-" "Mozilla/5.0 (compatible; AhrefsBot/5.2; +http://ahrefs.com/robot/)" "-"
163.172.65.195 - - [12/May/2018:10:18:51 +0200] "GET /wp-includes/js/jquery/jquery.js?ver=1.12.4 HTTP/1.1" 200 97184 www.fc-schnaittach.de "-" "Mozilla/5.0 (compatible; AhrefsBot/5.2; +http://ahrefs.com/robot/)" "-"
163.172.65.195 - - [12/May/2018:10:18:51 +0200] "GET /wp-includes/js/wp-emoji-release.min.js?ver=4.9.5 HTTP/1.1" 200 11721 www.fc-schnaittach.de "-" "Mozilla/5.0 (compatible; AhrefsBot/5.2; +http://ahrefs.com/robot/)" "-"
163.172.65.195 - - [12/May/2018:10:18:52 +0200] "GET /wp-content/themes/fcs/js/fcs.js?ver=1442772175 HTTP/1.1" 200 5542 www.fc-schnaittach.de "-" "Mozilla/5.0 (compatible; AhrefsBot/5.2; +http://ahrefs.com/robot/)" "-"
163.172.65.195 - - [12/May/2018:10:18:52 +0200] "GET /wp-content/themes/fcs/js/jquery.smartmenus.min.js?ver=1418750004 HTTP/1.1" 200 22672 www.fc-schnaittach.de "-" "Mozilla/5.0 (compatible; AhrefsBot/5.2; +http://ahrefs.com/robot/)" "-"
163.172.65.195 - - [12/May/2018:10:18:52 +0200] "GET /wp-content/themes/fcs/js/jquery.smartmenus.bootstrap.min.js?ver=1418750004 HTTP/1.1" 200 1252 www.fc-schnaittach.de "-" "Mozilla/5.0 (compatible; AhrefsBot/5.2; +http://ahrefs.com/robot/)" "-"
163.172.65.195 - - [12/May/2018:10:18:52 +0200] "GET /wp-content/plugins/contact-form-7/includes/js/scripts.js?ver=5.0.1 HTTP/1.1" 200 14551 www.fc-schnaittach.de "-" "Mozilla/5.0 (compatible; AhrefsBot/5.2; +http://ahrefs.com/robot/)" "-"
163.172.65.195 - - [12/May/2018:10:18:52 +0200] "GET /wp-includes/js/wp-embed.min.js?ver=4.9.5 HTTP/1.1" 200 1398 www.fc-schnaittach.de "-" "Mozilla/5.0 (compatible; AhrefsBot/5.2; +http://ahrefs.com/robot/)" "-"
66.249.64.205 - - [12/May/2018:10:19:09 +0200] "GET /wp-content/plugins/recently-updated-posts-widget/css/style.css?ver=4.9.5 HTTP/1.1" 200 45 www.fc-schnaittach.de "http://www.fc-schnaittach.de/Dragonrun/" "Mozilla/5.0 (compatible; Googlebot/2.1; +http://www.google.com/bot.html)" "-"
54.36.149.107 - - [12/May/2018:10:19:11 +0200] "GET /wp-content/uploads/2015/03/Anna-M%C3%BCller.jpg HTTP/1.1" 301 285 www.fc-schnaittach.de "-" "Mozilla/5.0 (compatible; AhrefsBot/5.2; +http://ahrefs.com/robot/)" "-"
66.249.64.203 - - [12/May/2018:10:19:12 +0200] "GET /wp-content/plugins/feedzy-rss-feeds/css/feedzy-rss-feeds.css?ver=3.2.10 HTTP/1.1" 200 9822 www.fc-schnaittach.de "http://www.fc-schnaittach.de/Dragonrun/" "Mozilla/5.0 (compatible; Googlebot/2.1; +http://www.google.com/bot.html)" "-"
40.77.167.66 - - [12/May/2018:10:22:07 +0200] "GET /wp-content/uploads/2014/10/P1160528.jpg HTTP/1.1" 200 362383 www.fc-schnaittach.de "-" "Mozilla/5.0 (compatible; bingbot/2.0; +http://www.bing.com/bingbot.htm)" "-"
157.55.39.139 - - [12/May/2018:10:23:21 +0200] "GET /wp-content/uploads/2016/01/WF2016_3.jpg HTTP/1.1" 301 277 www.fc-schnaittach.de "-" "Mozilla/5.0 (compatible; bingbot/2.0; +http://www.bing.com/bingbot.htm)" "-"
157.55.39.139 - - [12/May/2018:10:23:23 +0200] "GET /wp-content/uploads/2016/01/WF2016_3.jpg HTTP/1.1" 200 89219 www.fc-schnaittach.de "-" "Mozilla/5.0 (compatible; bingbot/2.0; +http://www.bing.com/bingbot.htm)" "-"
91.210.144.230 - - [12/May/2018:10:24:34 +0200] "POST /wp-login.php HTTP/1.1" 200 1311 www.fc-schnaittach.de "https://www.fc-schnaittach.de/wp-login.php" "Mozilla/5.0 (Windows NT 10.0; WOW64) AppleWebKit/537.36 (KHTML, like Gecko) Chrome/53.0.2785.143 Safari/537.36" "-"
217.160.63.10 - - [12/May/2018:10:24:36 +0200] "POST /wp-cron.php?doing_wp_cron=1526113476.7620539665222167968750 HTTP/1.1" 200 23 www.fc-schnaittach.de "https://www.fc-schnaittach.de/wp-cron.php?doing_wp_cron=1526113476.7620539665222167968750" "WordPress/4.9.5; https://www.fc-schnaittach.de" "-"
91.210.144.230 - - [12/May/2018:10:24:37 +0200] "GET /wp-admin/ HTTP/1.1" 302 23 www.fc-schnaittach.de "https://www.fc-schnaittach.de/wp-admin/" "Mozilla/5.0 (Windows NT 10.0; WOW64) AppleWebKit/537.36 (KHTML, like Gecko) Chrome/53.0.2785.143 Safari/537.36" "-"
66.249.64.205 - - [12/May/2018:10:25:33 +0200] "GET /dragonrun/ HTTP/1.1" 200 9134 www.fc-schnaittach.de "-" "Mozilla/5.0 (compatible; Googlebot/2.1; +http://www.google.com/bot.html)" "-"
40.77.167.66 - - [12/May/2018:10:28:28 +0200] "GET / HTTP/1.1" 301 238 www.fc-schnaittach.de "-" "Mozilla/5.0 (compatible; bingbot/2.0; +http://www.bing.com/bingbot.htm)" "-"
40.77.167.66 - - [12/May/2018:10:28:34 +0200] "GET / HTTP/1.1" 200 7770 www.fc-schnaittach.de "-" "Mozilla/5.0 (compatible; bingbot/2.0; +http://www.bing.com/bingbot.htm)" "-"
131.253.27.9 - - [12/May/2018:10:28:38 +0200] "GET /wp-content/plugins/recently-updated-posts-widget/css/style.css?ver=4.9.5 HTTP/1.1" 200 45 www.fc-schnaittach.de "https://www.fc-schnaittach.de/" "Mozilla/5.0 (Windows NT 6.1; WOW64) AppleWebKit/534+ (KHTML, like Gecko) BingPreview/1.0b" "-"
131.253.27.9 - - [12/May/2018:10:28:38 +0200] "GET /wp-includes/js/jquery/jquery.js?ver=1.12.4 HTTP/1.1" 200 97184 www.fc-schnaittach.de "https://www.fc-schnaittach.de/" "Mozilla/5.0 (Windows NT 6.1; WOW64) AppleWebKit/534+ (KHTML, like Gecko) BingPreview/1.0b" "-"
131.253.27.9 - - [12/May/2018:10:28:38 +0200] "GET /wp-content/plugins/contact-form-7/includes/css/styles.css?ver=5.0.1 HTTP/1.1" 200 1683 www.fc-schnaittach.de "https://www.fc-schnaittach.de/" "Mozilla/5.0 (Windows NT 6.1; WOW64) AppleWebKit/534+ (KHTML, like Gecko) BingPreview/1.0b" "-"
131.253.27.9 - - [12/May/2018:10:28:39 +0200] "GET /wp-content/themes/fcs/images/production/Transparent.png HTTP/1.1" 200 124 www.fc-schnaittach.de "https://www.fc-schnaittach.de/" "Mozilla/5.0 (Windows NT 6.1; WOW64) AppleWebKit/534+ (KHTML, like Gecko) BingPreview/1.0b" "-"
131.253.27.9 - - [12/May/2018:10:28:39 +0200] "GET /wp-content/themes/fcs/style.css?ver=1460744932 HTTP/1.1" 200 22587 www.fc-schnaittach.de "https://www.fc-schnaittach.de/" "Mozilla/5.0 (Windows NT 6.1; WOW64) AppleWebKit/534+ (KHTML, like Gecko) BingPreview/1.0b" "-"
131.253.27.9 - - [12/May/2018:10:28:39 +0200] "GET /wp-content/themes/fcs/images/production/FcsWappen.png HTTP/1.1" 200 12482 www.fc-schnaittach.de "https://www.fc-schnaittach.de/" "Mozilla/5.0 (Windows NT 6.1; WOW64) AppleWebKit/534+ (KHTML, like Gecko) BingPreview/1.0b" "-"
131.253.27.9 - - [12/May/2018:10:28:39 +0200] "GET /wp-content/themes/fcs/js/fcs.js?ver=1442772175 HTTP/1.1" 200 5542 www.fc-schnaittach.de "https://www.fc-schnaittach.de/" "Mozilla/5.0 (Windows NT 6.1; WOW64) AppleWebKit/534+ (KHTML, like Gecko) BingPreview/1.0b" "-"
131.253.27.9 - - [12/May/2018:10:28:40 +0200] "GET /wp-content/plugins/contact-form-7/includes/js/scripts.js?ver=5.0.1 HTTP/1.1" 200 14551 www.fc-schnaittach.de "https://www.fc-schnaittach.de/" "Mozilla/5.0 (Windows NT 6.1; WOW64) AppleWebKit/534+ (KHTML, like Gecko) BingPreview/1.0b" "-"
131.253.27.9 - - [12/May/2018:10:28:40 +0200] "GET /wp-content/themes/fcs/images/production/Tischtennis_Production.jpg?ver=1487205002 HTTP/1.1" 200 16063 www.fc-schnaittach.de "https://www.fc-schnaittach.de/" "Mozilla/5.0 (Windows NT 6.1; WOW64) AppleWebKit/534+ (KHTML, like Gecko) BingPreview/1.0b" "-"
131.253.27.9 - - [12/May/2018:10:28:40 +0200] "GET /wp-content/themes/fcs/images/production/Budo_Production.jpg?ver=1487205003 HTTP/1.1" 200 9924 www.fc-schnaittach.de "https://www.fc-schnaittach.de/" "Mozilla/5.0 (Windows NT 6.1; WOW64) AppleWebKit/534+ (KHTML, like Gecko) BingPreview/1.0b" "-"
131.253.27.9 - - [12/May/2018:10:28:40 +0200] "GET /wp-content/themes/fcs/images/production/Zumba_Production.jpg?ver=1487205003 HTTP/1.1" 200 54365 www.fc-schnaittach.de "https://www.fc-schnaittach.de/" "Mozilla/5.0 (Windows NT 6.1; WOW64) AppleWebKit/534+ (KHTML, like Gecko) BingPreview/1.0b" "-"
131.253.27.9 - - [12/May/2018:10:28:40 +0200] "GET /wp-content/uploads/2018/05/Small_Wall_1-300x300.jpg HTTP/1.1" 200 25990 www.fc-schnaittach.de "https://www.fc-schnaittach.de/" "Mozilla/5.0 (Windows NT 6.1; WOW64) AppleWebKit/534+ (KHTML, like Gecko) BingPreview/1.0b" "-"
131.253.27.9 - - [12/May/2018:10:28:40 +0200] "GET /wp-content/themes/fcs/images/production/WappenThumbnail.png HTTP/1.1" 200 13158 www.fc-schnaittach.de "https://www.fc-schnaittach.de/" "Mozilla/5.0 (Windows NT 6.1; WOW64) AppleWebKit/534+ (KHTML, like Gecko) BingPreview/1.0b" "-"
131.253.27.9 - - [12/May/2018:10:28:40 +0200] "GET /wp-content/uploads/2018/05/SAM_1762-002-300x225.jpg HTTP/1.1" 200 22206 www.fc-schnaittach.de "https://www.fc-schnaittach.de/" "Mozilla/5.0 (Windows NT 6.1; WOW64) AppleWebKit/534+ (KHTML, like Gecko) BingPreview/1.0b" "-"
131.253.27.9 - - [12/May/2018:10:28:41 +0200] "GET /wp-content/uploads/2017/09/SAM_1659-300x225.jpg HTTP/1.1" 200 20551 www.fc-schnaittach.de "https://www.fc-schnaittach.de/" "Mozilla/5.0 (Windows NT 6.1; WOW64) AppleWebKit/534+ (KHTML, like Gecko) BingPreview/1.0b" "-"
66.249.64.207 - - [12/May/2018:10:33:00 +0200] "GET / HTTP/1.1" 200 7770 www.fc-schnaittach.de "-" "Mozilla/5.0 (Linux; Android 6.0.1; Nexus 5X Build/MMB29P) AppleWebKit/537.36 (KHTML, like Gecko) Chrome/41.0.2272.96 Mobile Safari/537.36 (compatible; Googlebot/2.1; +http://www.google.com/bot.html)" "-"
91.210.144.230 - - [12/May/2018:10:35:12 +0200] "POST /wp-login.php HTTP/1.1" 200 1310 www.fc-schnaittach.de "https://www.fc-schnaittach.de/wp-login.php" "Mozilla/5.0 (Windows NT 10.0; WOW64) AppleWebKit/537.36 (KHTML, like Gecko) Chrome/53.0.2785.143 Safari/537.36" "-"
91.210.144.230 - - [12/May/2018:10:35:12 +0200] "GET /wp-admin/ HTTP/1.1" 302 23 www.fc-schnaittach.de "https://www.fc-schnaittach.de/wp-admin/" "Mozilla/5.0 (Windows NT 10.0; WOW64) AppleWebKit/537.36 (KHTML, like Gecko) Chrome/53.0.2785.143 Safari/537.36" "-"
66.249.64.205 - - [12/May/2018:10:39:16 +0200] "GET /planung-pruefung-fruehjahr-2016/ HTTP/1.1" 200 6961 www.fc-schnaittach.de "-" "Mozilla/5.0 (compatible; Googlebot/2.1; +http://www.google.com/bot.html)" "-"
194.187.170.122 - - [12/May/2018:10:43:38 +0200] "GET /wp-content/uploads/2015/01/AG-N%C3%BCrnberg-Registergericht-Notar-FCS-Satzung-.pdf HTTP/1.1" 301 320 www.fc-schnaittach.de "-" "Mozilla/5.0 (compatible; Qwantify/2.4w; +https://www.qwant.com/)/2.4w" "-"
194.187.170.122 - - [12/May/2018:10:43:38 +0200] "GET /robots.txt HTTP/1.1" 200 35 www.fc-schnaittach.de "-" "Mozilla/5.0 (compatible; Qwantify/2.4w; +https://www.qwant.com/)/2.4w" "-"
194.187.170.122 - - [12/May/2018:10:43:43 +0200] "GET /wp-content/uploads/2015/01/AG-N%C3%BCrnberg-Registergericht-Notar-FCS-Satzung-.pdf HTTP/1.1" 200 3947907 www.fc-schnaittach.de "-" "Mozilla/5.0 (compatible; Qwantify/2.4w; +https://www.qwant.com/)/2.4w" "-"
194.187.170.122 - - [12/May/2018:10:43:56 +0200] "GET /tag/sponsoren/ HTTP/1.1" 200 6136 www.fc-schnaittach.de "-" "Mozilla/5.0 (compatible; Qwantify/2.4w; +https://www.qwant.com/)/2.4w" "-"
194.187.170.122 - - [12/May/2018:10:44:24 +0200] "GET /tag/sportheim/ HTTP/1.1" 200 5688 www.fc-schnaittach.de "-" "Mozilla/5.0 (compatible; Qwantify/2.4w; +https://www.qwant.com/)/2.4w" "-"
91.210.144.230 - - [12/May/2018:10:45:08 +0200] "POST /wp-login.php HTTP/1.1" 200 1310 www.fc-schnaittach.de "https://www.fc-schnaittach.de/wp-login.php" "Mozilla/5.0 (Windows NT 10.0; WOW64) AppleWebKit/537.36 (KHTML, like Gecko) Chrome/53.0.2785.143 Safari/537.36" "-"
91.210.144.230 - - [12/May/2018:10:45:08 +0200] "GET /wp-admin/ HTTP/1.1" 302 23 www.fc-schnaittach.de "https://www.fc-schnaittach.de/wp-admin/" "Mozilla/5.0 (Windows NT 10.0; WOW64) AppleWebKit/537.36 (KHTML, like Gecko) Chrome/53.0.2785.143 Safari/537.36" "-"
194.187.170.122 - - [12/May/2018:10:50:17 +0200] "GET /wp-content/uploads/2015/12/Programm-Budo_FJ_2016.pdf HTTP/1.1" 301 290 www.fc-schnaittach.de "-" "Mozilla/5.0 (compatible; Qwantify/2.4w; +https://www.qwant.com/)/2.4w" "-"
194.187.170.122 - - [12/May/2018:10:50:17 +0200] "GET /wp-content/uploads/2015/12/Programm-Budo_FJ_2016.pdf HTTP/1.1" 200 131156 www.fc-schnaittach.de "-" "Mozilla/5.0 (compatible; Qwantify/2.4w; +https://www.qwant.com/)/2.4w" "-"
66.249.64.203 - - [12/May/2018:10:52:16 +0200] "GET /sitemap-misc.xml HTTP/1.1" 200 575 www.fc-schnaittach.de "-" "Mozilla/5.0 (compatible; Googlebot/2.1; +http://www.google.com/bot.html)" "-"
194.187.170.122 - - [12/May/2018:10:52:38 +0200] "GET /tag/karate/ HTTP/1.1" 200 6271 www.fc-schnaittach.de "-" "Mozilla/5.0 (compatible; Qwantify/2.4w; +https://www.qwant.com/)/2.4w" "-"
91.210.144.230 - - [12/May/2018:10:55:14 +0200] "POST /wp-login.php HTTP/1.1" 200 1310 www.fc-schnaittach.de "https://www.fc-schnaittach.de/wp-login.php" "Mozilla/5.0 (Windows NT 10.0; WOW64) AppleWebKit/537.36 (KHTML, like Gecko) Chrome/53.0.2785.143 Safari/537.36" "-"
91.210.144.230 - - [12/May/2018:10:55:15 +0200] "GET /wp-admin/ HTTP/1.1" 302 23 www.fc-schnaittach.de "https://www.fc-schnaittach.de/wp-admin/" "Mozilla/5.0 (Windows NT 10.0; WOW64) AppleWebKit/537.36 (KHTML, like Gecko) Chrome/53.0.2785.143 Safari/537.36" "-"
194.187.170.122 - - [12/May/2018:10:57:11 +0200] "GET /wp-content/uploads/2016/01/Kalender-2016_1.pdf HTTP/1.1" 301 284 www.fc-schnaittach.de "-" "Mozilla/5.0 (compatible; Qwantify/2.4w; +https://www.qwant.com/)/2.4w" "-"
194.187.170.122 - - [12/May/2018:10:57:11 +0200] "GET /wp-content/uploads/2016/01/Kalender-2016_1.pdf HTTP/1.1" 200 61406 www.fc-schnaittach.de "-" "Mozilla/5.0 (compatible; Qwantify/2.4w; +https://www.qwant.com/)/2.4w" "-"
157.55.39.139 - - [12/May/2018:11:03:20 +0200] "GET /wp-content/uploads/2014/12/2MannschaftGruppenbild.jpg HTTP/1.1" 301 291 www.fc-schnaittach.de "-" "Mozilla/5.0 (compatible; bingbot/2.0; +http://www.bing.com/bingbot.htm)" "-"
157.55.39.139 - - [12/May/2018:11:03:24 +0200] "GET /wp-content/uploads/2014/12/2MannschaftGruppenbild.jpg HTTP/1.1" 200 424077 www.fc-schnaittach.de "-" "Mozilla/5.0 (compatible; bingbot/2.0; +http://www.bing.com/bingbot.htm)" "-"
91.210.144.230 - - [12/May/2018:11:05:55 +0200] "POST /wp-login.php HTTP/1.1" 200 1310 www.fc-schnaittach.de "https://www.fc-schnaittach.de/wp-login.php" "Mozilla/5.0 (Windows NT 10.0; WOW64) AppleWebKit/537.36 (KHTML, like Gecko) Chrome/53.0.2785.143 Safari/537.36" "-"
91.210.144.230 - - [12/May/2018:11:05:56 +0200] "GET /wp-admin/ HTTP/1.1" 302 23 www.fc-schnaittach.de "https://www.fc-schnaittach.de/wp-admin/" "Mozilla/5.0 (Windows NT 10.0; WOW64) AppleWebKit/537.36 (KHTML, like Gecko) Chrome/53.0.2785.143 Safari/537.36" "-"
157.55.39.139 - - [12/May/2018:11:14:23 +0200] "GET /wp-content/uploads/2016/12/IMG_9912.jpg HTTP/1.1" 301 277 www.fc-schnaittach.de "-" "Mozilla/5.0 (compatible; bingbot/2.0; +http://www.bing.com/bingbot.htm)" "-"
157.55.39.139 - - [12/May/2018:11:14:25 +0200] "GET /wp-content/uploads/2016/12/IMG_9912.jpg HTTP/1.1" 200 1300784 www.fc-schnaittach.de "-" "Mozilla/5.0 (compatible; bingbot/2.0; +http://www.bing.com/bingbot.htm)" "-"
91.210.144.230 - - [12/May/2018:11:15:56 +0200] "POST /wp-login.php HTTP/1.1" 200 1311 www.fc-schnaittach.de "https://www.fc-schnaittach.de/wp-login.php" "Mozilla/5.0 (Windows NT 10.0; WOW64) AppleWebKit/537.36 (KHTML, like Gecko) Chrome/53.0.2785.143 Safari/537.36" "-"
91.210.144.230 - - [12/May/2018:11:15:57 +0200] "GET /wp-admin/ HTTP/1.1" 302 23 www.fc-schnaittach.de "https://www.fc-schnaittach.de/wp-admin/" "Mozilla/5.0 (Windows NT 10.0; WOW64) AppleWebKit/537.36 (KHTML, like Gecko) Chrome/53.0.2785.143 Safari/537.36" "-"
66.249.64.202 - - [12/May/2018:11:17:15 +0200] "GET /sitemap_index.xml HTTP/1.1" 200 500 www.fc-schnaittach.de "-" "Mozilla/5.0 (compatible; Googlebot/2.1; +http://www.google.com/bot.html)" "-"
40.77.167.180 - - [12/May/2018:11:18:23 +0200] "GET /wp-content/uploads/2014/10/P1160542.jpg HTTP/1.1" 200 560585 www.fc-schnaittach.de "-" "Mozilla/5.0 (compatible; bingbot/2.0; +http://www.bing.com/bingbot.htm)" "-"
54.226.32.120 - - [12/May/2018:11:18:35 +0200] "GET /hauptverein/kontakt/ HTTP/1.1" 200 7308 www.fc-schnaittach.de "-" "Mozilla/5.0 (Windows NT 6.1; WOW64) AppleWebKit/537.36 (KHTML, like Gecko) Chrome/46.0.2490.86 Safari/537.36" "-"
194.187.170.122 - - [12/May/2018:11:22:49 +0200] "GET /vorbereitungsplan-der-1-2-damenmannschaft-sommer-2017/ HTTP/1.1" 200 6550 www.fc-schnaittach.de "-" "Mozilla/5.0 (compatible; Qwantify/2.4w; +https://www.qwant.com/)/2.4w" "-"
217.160.63.10 - - [12/May/2018:11:22:50 +0200] "POST /wp-cron.php?doing_wp_cron=1526116969.9463090896606445312500 HTTP/1.1" 301 297 www.fc-schnaittach.de "http://www.fc-schnaittach.de/wp-cron.php?doing_wp_cron=1526116969.9463090896606445312500" "WordPress/4.9.5; https://www.fc-schnaittach.de" "-"
217.160.63.10 - - [12/May/2018:11:25:55 +0200] "POST /wp-cron.php?doing_wp_cron=1526117155.4845850467681884765625 HTTP/1.1" 200 23 www.fc-schnaittach.de "https://www.fc-schnaittach.de/wp-cron.php?doing_wp_cron=1526117155.4845850467681884765625" "WordPress/4.9.5; https://www.fc-schnaittach.de" "-"
91.210.144.230 - - [12/May/2018:11:25:55 +0200] "POST /wp-login.php HTTP/1.1" 200 1310 www.fc-schnaittach.de "https://www.fc-schnaittach.de/wp-login.php" "Mozilla/5.0 (Windows NT 10.0; WOW64) AppleWebKit/537.36 (KHTML, like Gecko) Chrome/53.0.2785.143 Safari/537.36" "-"
91.210.144.230 - - [12/May/2018:11:25:56 +0200] "GET /wp-admin/ HTTP/1.1" 302 23 www.fc-schnaittach.de "https://www.fc-schnaittach.de/wp-admin/" "Mozilla/5.0 (Windows NT 10.0; WOW64) AppleWebKit/537.36 (KHTML, like Gecko) Chrome/53.0.2785.143 Safari/537.36" "-"
194.187.170.122 - - [12/May/2018:11:25:57 +0200] "GET /category/news/page/2/ HTTP/1.1" 200 8714 www.fc-schnaittach.de "-" "Mozilla/5.0 (compatible; Qwantify/2.4w; +https://www.qwant.com/)/2.4w" "-"
40.77.167.66 - - [12/May/2018:11:27:47 +0200] "GET /fussball/2-mannschaft/galerie-2-mannschaft/img-20150315-wa0012/ HTTP/1.1" 200 196 www.fc-schnaittach.de "-" "Mozilla/5.0 (compatible; bingbot/2.0; +http://www.bing.com/bingbot.htm)" "-"
194.187.170.122 - - [12/May/2018:11:28:00 +0200] "GET /tag/spenderstein/ HTTP/1.1" 200 5995 www.fc-schnaittach.de "-" "Mozilla/5.0 (compatible; Qwantify/2.4w; +https://www.qwant.com/)/2.4w" "-"
194.187.170.122 - - [12/May/2018:11:28:11 +0200] "GET /wp-content/uploads/2015/01/Beitragsordnung-Entwurf.pdf HTTP/1.1" 301 292 www.fc-schnaittach.de "-" "Mozilla/5.0 (compatible; Qwantify/2.4w; +https://www.qwant.com/)/2.4w" "-"
194.187.170.122 - - [12/May/2018:11:28:11 +0200] "GET /wp-content/uploads/2015/01/Beitragsordnung-Entwurf.pdf HTTP/1.1" 200 111662 www.fc-schnaittach.de "-" "Mozilla/5.0 (compatible; Qwantify/2.4w; +https://www.qwant.com/)/2.4w" "-"
157.55.39.87 - - [12/May/2018:11:29:29 +0200] "GET /wp-content/uploads/2017/09/SAM_1659.jpg HTTP/1.1" 200 2921506 www.fc-schnaittach.de "-" "Mozilla/5.0 (compatible; bingbot/2.0; +http://www.bing.com/bingbot.htm)" "-"
54.36.148.171 - - [12/May/2018:11:31:23 +0200] "GET /karate-teilnahme-an-der-bezirksmeisterschaft-2015/ HTTP/1.1" 200 7607 www.fc-schnaittach.de "-" "Mozilla/5.0 (compatible; AhrefsBot/5.2; +http://ahrefs.com/robot/)" "-"
157.55.39.139 - - [12/May/2018:11:32:27 +0200] "GET /wp-content/uploads/2017/09/SAM_1643.jpg HTTP/1.1" 200 3046418 www.fc-schnaittach.de "-" "Mozilla/5.0 (compatible; bingbot/2.0; +http://www.bing.com/bingbot.htm)" "-"
66.249.64.203 - - [12/May/2018:11:33:34 +0200] "GET /sitemap.xml HTTP/1.1" 200 1165 www.fc-schnaittach.de "-" "Mozilla/5.0 (compatible; Googlebot/2.1; +http://www.google.com/bot.html)" "-"
66.249.64.207 - - [12/May/2018:11:34:46 +0200] "GET /sitemap-pt-page-2016-01.xml HTTP/1.1" 200 597 www.fc-schnaittach.de "-" "Mozilla/5.0 (compatible; Googlebot/2.1; +http://www.google.com/bot.html)" "-"
91.210.144.230 - - [12/May/2018:11:35:45 +0200] "POST /wp-login.php HTTP/1.1" 200 1311 www.fc-schnaittach.de "https://www.fc-schnaittach.de/wp-login.php" "Mozilla/5.0 (Windows NT 10.0; WOW64) AppleWebKit/537.36 (KHTML, like Gecko) Chrome/53.0.2785.143 Safari/537.36" "-"
91.210.144.230 - - [12/May/2018:11:35:46 +0200] "GET /wp-admin/ HTTP/1.1" 302 23 www.fc-schnaittach.de "https://www.fc-schnaittach.de/wp-admin/" "Mozilla/5.0 (Windows NT 10.0; WOW64) AppleWebKit/537.36 (KHTML, like Gecko) Chrome/53.0.2785.143 Safari/537.36" "-"
66.249.64.207 - - [12/May/2018:11:38:52 +0200] "GET /neugruendungderbudoabteilung/ HTTP/1.1" 200 6893 www.fc-schnaittach.de "-" "Mozilla/5.0 (compatible; Googlebot/2.1; +http://www.google.com/bot.html)" "-"
54.36.148.136 - - [12/May/2018:11:39:17 +0200] "GET /budo-termine-fuer-2015/ HTTP/1.1" 404 5761 www.fc-schnaittach.de "-" "Mozilla/5.0 (compatible; AhrefsBot/5.2; +http://ahrefs.com/robot/)" "-"
91.210.144.230 - - [12/May/2018:11:45:19 +0200] "POST /wp-login.php HTTP/1.1" 200 1310 www.fc-schnaittach.de "https://www.fc-schnaittach.de/wp-login.php" "Mozilla/5.0 (Windows NT 10.0; WOW64) AppleWebKit/537.36 (KHTML, like Gecko) Chrome/53.0.2785.143 Safari/537.36" "-"
91.210.144.230 - - [12/May/2018:11:45:19 +0200] "GET /wp-admin/ HTTP/1.1" 302 23 www.fc-schnaittach.de "https://www.fc-schnaittach.de/wp-admin/" "Mozilla/5.0 (Windows NT 10.0; WOW64) AppleWebKit/537.36 (KHTML, like Gecko) Chrome/53.0.2785.143 Safari/537.36" "-"
54.36.148.179 - - [12/May/2018:11:45:46 +0200] "GET /wp-content/uploads/2016/12/IMG_9921.jpg HTTP/1.1" 301 277 www.fc-schnaittach.de "-" "Mozilla/5.0 (compatible; AhrefsBot/5.2; +http://ahrefs.com/robot/)" "-"
194.187.170.122 - - [12/May/2018:11:48:05 +0200] "GET /tag/sportgelaende/ HTTP/1.1" 200 6027 www.fc-schnaittach.de "-" "Mozilla/5.0 (compatible; Qwantify/2.4w; +https://www.qwant.com/)/2.4w" "-"
194.187.170.122 - - [12/May/2018:11:49:17 +0200] "GET /wp-content/uploads/2015/01/FCS-Neufassung-Satzung-DIN-A5.pdf HTTP/1.1" 301 298 www.fc-schnaittach.de "-" "Mozilla/5.0 (compatible; Qwantify/2.4w; +https://www.qwant.com/)/2.4w" "-"
194.187.170.122 - - [12/May/2018:11:49:17 +0200] "GET /wp-content/uploads/2015/01/FCS-Neufassung-Satzung-DIN-A5.pdf HTTP/1.1" 200 233488 www.fc-schnaittach.de "-" "Mozilla/5.0 (compatible; Qwantify/2.4w; +https://www.qwant.com/)/2.4w" "-"
157.55.39.87 - - [12/May/2018:11:49:22 +0200] "GET /wp-content/uploads/2014/10/DSC03500-e1430395164842.jpg HTTP/1.1" 301 292 www.fc-schnaittach.de "-" "Mozilla/5.0 (compatible; bingbot/2.0; +http://www.bing.com/bingbot.htm)" "-"
157.55.39.87 - - [12/May/2018:11:49:24 +0200] "GET /wp-content/uploads/2014/10/DSC03500-e1430395164842.jpg HTTP/1.1" 200 119837 www.fc-schnaittach.de "-" "Mozilla/5.0 (compatible; bingbot/2.0; +http://www.bing.com/bingbot.htm)" "-"
194.187.170.122 - - [12/May/2018:11:54:12 +0200] "GET /tag/bilder/ HTTP/1.1" 200 6027 www.fc-schnaittach.de "-" "Mozilla/5.0 (compatible; Qwantify/2.4w; +https://www.qwant.com/)/2.4w" "-"
91.210.144.230 - - [12/May/2018:11:55:31 +0200] "POST /wp-login.php HTTP/1.1" 200 1310 www.fc-schnaittach.de "https://www.fc-schnaittach.de/wp-login.php" "Mozilla/5.0 (Windows NT 10.0; WOW64) AppleWebKit/537.36 (KHTML, like Gecko) Chrome/53.0.2785.143 Safari/537.36" "-"
91.210.144.230 - - [12/May/2018:11:55:33 +0200] "GET /wp-admin/ HTTP/1.1" 302 23 www.fc-schnaittach.de "https://www.fc-schnaittach.de/wp-admin/" "Mozilla/5.0 (Windows NT 10.0; WOW64) AppleWebKit/537.36 (KHTML, like Gecko) Chrome/53.0.2785.143 Safari/537.36" "-"
207.46.13.144 - - [12/May/2018:12:00:01 +0200] "GET /wp-content/uploads/2016/12/IMG_9931.jpg HTTP/1.1" 200 1414715 www.fc-schnaittach.de "-" "Mozilla/5.0 (compatible; bingbot/2.0; +http://www.bing.com/bingbot.htm)" "-"
2a03:2880:2050:6fe2:face:b00c:0:8000 - - [12/May/2018:12:03:56 +0200] "GET /wp-content/themes/fcs/images/production/Transparent.png?ver=1487205002 HTTP/1.1" 200 124 www.fc-schnaittach.de "-" "facebookexternalhit/1.1 (+http://www.facebook.com/externalhit_uatext.php)" "-"
2a03:2880:2060:9feb:face:b00c:0:8000 - - [12/May/2018:12:03:56 +0200] "GET /wp-content/themes/fcs/images/production/Transparent.png?ver=1487205002 HTTP/1.1" 200 124 www.fc-schnaittach.de "-" "facebookexternalhit/1.1 (+http://www.facebook.com/externalhit_uatext.php)" "-"
2a03:2880:2030:cfef:face:b00c:0:8000 - - [12/May/2018:12:03:58 +0200] "GET /wp-content/themes/fcs/images/production/Transparent.png?ver=1487205002 HTTP/1.1" 200 124 www.fc-schnaittach.de "-" "facebookexternalhit/1.1 (+http://www.facebook.com/externalhit_uatext.php)" "-"
2a03:2880:204f:f00a:face:b00c:0:8000 - - [12/May/2018:12:03:58 +0200] "GET /wp-content/themes/fcs/images/production/Transparent.png?ver=1487205002 HTTP/1.1" 200 124 www.fc-schnaittach.de "-" "facebookexternalhit/1.1 (+http://www.facebook.com/externalhit_uatext.php)" "-"
2a03:2880:2020:afc7:face:b00c:0:8000 - - [12/May/2018:12:03:58 +0200] "GET /wp-content/themes/fcs/images/production/Transparent.png?ver=1487205002 HTTP/1.1" 200 124 www.fc-schnaittach.de "-" "facebookexternalhit/1.1 (+http://www.facebook.com/externalhit_uatext.php)" "-"
2a03:2880:2060:8fe8:face:b00c:0:8000 - - [12/May/2018:12:03:59 +0200] "GET /wp-content/themes/fcs/images/production/Transparent.png?ver=1487205002 HTTP/1.1" 200 124 www.fc-schnaittach.de "-" "facebookexternalhit/1.1 (+http://www.facebook.com/externalhit_uatext.php)" "-"
157.55.39.87 - - [12/May/2018:12:04:04 +0200] "GET /budo/pruefungsvorbereitung-mit-chris-grupe-baku-20-03-15/feed/ HTTP/1.1" 200 601 www.fc-schnaittach.de "-" "Mozilla/5.0 (compatible; bingbot/2.0; +http://www.bing.com/bingbot.htm)" "-"
54.36.149.100 - - [12/May/2018:12:08:41 +0200] "GET /fussball-probetraining/ HTTP/1.1" 200 6455 www.fc-schnaittach.de "-" "Mozilla/5.0 (compatible; AhrefsBot/5.2; +http://ahrefs.com/robot/)" "-"
54.36.148.127 - - [12/May/2018:12:11:31 +0200] "GET /julius-hirsch-preis-urkunde/ HTTP/1.1" 200 7562 www.fc-schnaittach.de "-" "Mozilla/5.0 (compatible; AhrefsBot/5.2; +http://ahrefs.com/robot/)" "-"
87.250.233.75 - - [12/May/2018:12:14:09 +0200] "GET /robots.txt HTTP/1.1" 404 1363 s520810972.online.de "-" "Mozilla/5.0 (compatible; YandexBot/3.0; +http://yandex.com/bots)" "-"
77.88.9.137 - - [12/May/2018:12:14:09 +0200] "GET /robots.txt HTTP/1.1" 404 1363 www.s520810972.online.de "-" "Mozilla/5.0 (compatible; YandexBot/3.0; +http://yandex.com/bots)" "-"
5.45.203.13 - - [12/May/2018:12:14:13 +0200] "GET / HTTP/1.1" 200 229 s520810972.online.de "-" "Mozilla/5.0 (compatible; YandexBot/3.0; +http://yandex.com/bots)" "-"
77.88.9.137 - - [12/May/2018:12:14:13 +0200] "GET / HTTP/1.1" 200 229 www.s520810972.online.de "-" "Mozilla/5.0 (compatible; YandexBot/3.0; +http://yandex.com/bots)" "-"
157.55.39.87 - - [12/May/2018:12:18:08 +0200] "GET /trainingsplan-sommer-2017/ HTTP/1.1" 200 6574 www.fc-schnaittach.de "-" "Mozilla/5.0 (compatible; bingbot/2.0; +http://www.bing.com/bingbot.htm)" "-"
157.55.39.13 - - [12/May/2018:12:18:11 +0200] "GET /robots.txt HTTP/1.1" 301 248 www.fc-schnaittach.de "-" "Mozilla/5.0 (compatible; bingbot/2.0; +http://www.bing.com/bingbot.htm)" "-"
157.55.39.13 - - [12/May/2018:12:18:12 +0200] "GET /robots.txt HTTP/1.1" 200 35 www.fc-schnaittach.de "-" "Mozilla/5.0 (compatible; bingbot/2.0; +http://www.bing.com/bingbot.htm)" "-"
157.55.39.18 - - [12/May/2018:12:18:14 +0200] "GET /robots.txt HTTP/1.1" 200 35 www.fc-schnaittach.de "-" "Mozilla/5.0 (compatible; bingbot/2.0; +http://www.bing.com/bingbot.htm)" "-"
157.55.39.139 - - [12/May/2018:12:18:17 +0200] "GET /wp-includes/js/wp-embed.min.js?ver=4.9.5 HTTP/1.1" 301 278 www.fc-schnaittach.de "-" "Mozilla/5.0 (compatible; bingbot/2.0; +http://www.bing.com/bingbot.htm)" "-"
157.55.39.139 - - [12/May/2018:12:18:19 +0200] "GET /wp-includes/js/wp-embed.min.js?ver=4.9.5 HTTP/1.1" 200 1398 www.fc-schnaittach.de "-" "Mozilla/5.0 (compatible; bingbot/2.0; +http://www.bing.com/bingbot.htm)" "-"
40.77.167.66 - - [12/May/2018:12:18:21 +0200] "GET /wp-includes/js/jquery/jquery-migrate.min.js?ver=1.4.1 HTTP/1.1" 301 291 www.fc-schnaittach.de "-" "Mozilla/5.0 (compatible; bingbot/2.0; +http://www.bing.com/bingbot.htm)" "-"
40.77.167.66 - - [12/May/2018:12:18:24 +0200] "GET /wp-includes/js/jquery/jquery-migrate.min.js?ver=1.4.1 HTTP/1.1" 200 10056 www.fc-schnaittach.de "-" "Mozilla/5.0 (compatible; bingbot/2.0; +http://www.bing.com/bingbot.htm)" "-"
40.77.167.66 - - [12/May/2018:12:18:25 +0200] "GET /wp-content/themes/fcs/js/jquery.smartmenus.min.js?ver=1418750004 HTTP/1.1" 301 302 www.fc-schnaittach.de "-" "Mozilla/5.0 (compatible; bingbot/2.0; +http://www.bing.com/bingbot.htm)" "-"
40.77.167.66 - - [12/May/2018:12:18:29 +0200] "GET /wp-content/themes/fcs/js/jquery.smartmenus.min.js?ver=1418750004 HTTP/1.1" 200 22672 www.fc-schnaittach.de "-" "Mozilla/5.0 (compatible; bingbot/2.0; +http://www.bing.com/bingbot.htm)" "-"
157.55.39.87 - - [12/May/2018:12:18:34 +0200] "GET /wp-content/plugins/contact-form-7/includes/css/styles.css?ver=5.0.1 HTTP/1.1" 301 305 www.fc-schnaittach.de "-" "Mozilla/5.0 (compatible; bingbot/2.0; +http://www.bing.com/bingbot.htm)" "-"
157.55.39.87 - - [12/May/2018:12:18:34 +0200] "GET /wp-content/plugins/contact-form-7/includes/css/styles.css?ver=5.0.1 HTTP/1.1" 200 1683 www.fc-schnaittach.de "-" "Mozilla/5.0 (compatible; bingbot/2.0; +http://www.bing.com/bingbot.htm)" "-"
157.55.39.87 - - [12/May/2018:12:18:35 +0200] "GET /wp-content/plugins/user-access-manager/assets/css/uamLoginForm.css?ver=2.1.11 HTTP/1.1" 301 315 www.fc-schnaittach.de "-" "Mozilla/5.0 (compatible; bingbot/2.0; +http://www.bing.com/bingbot.htm)" "-"
157.55.39.87 - - [12/May/2018:12:18:35 +0200] "GET /wp-content/plugins/user-access-manager/assets/css/uamLoginForm.css?ver=2.1.11 HTTP/1.1" 200 468 www.fc-schnaittach.de "-" "Mozilla/5.0 (compatible; bingbot/2.0; +http://www.bing.com/bingbot.htm)" "-"
40.77.167.66 - - [12/May/2018:12:18:41 +0200] "GET /wp-content/themes/fcs/js/jquery.smartmenus.bootstrap.min.js?ver=1418750004 HTTP/1.1" 301 312 www.fc-schnaittach.de "-" "Mozilla/5.0 (compatible; bingbot/2.0; +http://www.bing.com/bingbot.htm)" "-"
40.77.167.66 - - [12/May/2018:12:18:42 +0200] "GET /wp-content/themes/fcs/js/jquery.smartmenus.bootstrap.min.js?ver=1418750004 HTTP/1.1" 200 1252 www.fc-schnaittach.de "-" "Mozilla/5.0 (compatible; bingbot/2.0; +http://www.bing.com/bingbot.htm)" "-"
40.77.167.66 - - [12/May/2018:12:18:42 +0200] "GET /wp-content/themes/fcs/js/fcs.js?ver=1442772175 HTTP/1.1" 301 284 www.fc-schnaittach.de "-" "Mozilla/5.0 (compatible; bingbot/2.0; +http://www.bing.com/bingbot.htm)" "-"
40.77.167.66 - - [12/May/2018:12:18:44 +0200] "GET /wp-content/themes/fcs/js/fcs.js?ver=1442772175 HTTP/1.1" 200 5542 www.fc-schnaittach.de "-" "Mozilla/5.0 (compatible; bingbot/2.0; +http://www.bing.com/bingbot.htm)" "-"
157.55.39.87 - - [12/May/2018:12:18:53 +0200] "GET /wp-content/themes/fcs/style.css?ver=1460744932 HTTP/1.1" 301 284 www.fc-schnaittach.de "-" "Mozilla/5.0 (compatible; bingbot/2.0; +http://www.bing.com/bingbot.htm)" "-"
157.55.39.87 - - [12/May/2018:12:18:54 +0200] "GET /wp-content/themes/fcs/style.css?ver=1460744932 HTTP/1.1" 200 22587 www.fc-schnaittach.de "-" "Mozilla/5.0 (compatible; bingbot/2.0; +http://www.bing.com/bingbot.htm)" "-"
157.55.39.87 - - [12/May/2018:12:18:55 +0200] "GET /wp-content/plugins/contact-form-7/includes/js/scripts.js?ver=5.0.1 HTTP/1.1" 301 304 www.fc-schnaittach.de "-" "Mozilla/5.0 (compatible; bingbot/2.0; +http://www.bing.com/bingbot.htm)" "-"
157.55.39.87 - - [12/May/2018:12:18:55 +0200] "GET /wp-content/plugins/contact-form-7/includes/js/scripts.js?ver=5.0.1 HTTP/1.1" 200 14551 www.fc-schnaittach.de "-" "Mozilla/5.0 (compatible; bingbot/2.0; +http://www.bing.com/bingbot.htm)" "-"
54.36.149.77 - - [12/May/2018:12:20:50 +0200] "GET /fussball/frauen/aktuelle-nachrichten-fuer-die-damen-kreisliga-erlangenpegnitzgrund/feed/ HTTP/1.1" 404 5761 www.fc-schnaittach.de "-" "Mozilla/5.0 (compatible; AhrefsBot/5.2; +http://ahrefs.com/robot/)" "-"
157.55.39.87 - - [12/May/2018:12:21:34 +0200] "GET /wp-content/uploads/2016/01/Budo-Logo_20.06.2014_7x7cm.jpg HTTP/1.1" 200 22959 www.fc-schnaittach.de "-" "Mozilla/5.0 (compatible; bingbot/2.0; +http://www.bing.com/bingbot.htm)" "-"
54.36.148.101 - - [12/May/2018:12:26:15 +0200] "GET /wp-content/uploads/2014/10/P1160522.jpg HTTP/1.1" 301 277 www.fc-schnaittach.de "-" "Mozilla/5.0 (compatible; AhrefsBot/5.2; +http://ahrefs.com/robot/)" "-"
157.55.39.87 - - [12/May/2018:12:30:49 +0200] "GET /wp-content/uploads/2016/11/Laura-Merkel.jpg HTTP/1.1" 200 1015790 www.fc-schnaittach.de "-" "Mozilla/5.0 (compatible; bingbot/2.0; +http://www.bing.com/bingbot.htm)" "-"
66.249.64.207 - - [12/May/2018:12:31:36 +0200] "GET /category/news/wandern/ HTTP/1.1" 200 7109 www.fc-schnaittach.de "-" "Mozilla/5.0 (compatible; Googlebot/2.1; +http://www.google.com/bot.html)" "-"
217.160.63.10 - - [12/May/2018:12:31:37 +0200] "HEAD /budo-termine-fuer-2015/ HTTP/1.1" 200 - www.fc-schnaittach.de "https://www.fc-schnaittach.de" "Mozilla/5.0 (compatible; MSIE 9.0; Windows NT 6.1; WOW64; Trident/5.0)" "-"
217.160.63.10 - - [12/May/2018:12:31:37 +0200] "POST /wp-cron.php?doing_wp_cron=1526121096.9799029827117919921875 HTTP/1.1" 200 23 www.fc-schnaittach.de "https://www.fc-schnaittach.de/wp-cron.php?doing_wp_cron=1526121096.9799029827117919921875" "WordPress/4.9.5; https://www.fc-schnaittach.de" "-"
217.160.63.10 - - [12/May/2018:12:31:39 +0200] "HEAD /wp-content/uploads/2016/12/IMG_9921.jpg HTTP/1.1" 301 - www.fc-schnaittach.de "https://www.fc-schnaittach.de" "Mozilla/5.0 (compatible; MSIE 9.0; Windows NT 6.1; WOW64; Trident/5.0)" "-"
217.160.63.10 - - [12/May/2018:12:31:39 +0200] "HEAD /wp-content/uploads/2016/12/IMG_9921.jpg HTTP/1.1" 200 - www.fc-schnaittach.de "https://www.fc-schnaittach.de" "Mozilla/5.0 (compatible; MSIE 9.0; Windows NT 6.1; WOW64; Trident/5.0)" "-"
217.160.63.10 - - [12/May/2018:12:31:41 +0200] "HEAD /wp-content/uploads/2016/08/13590421_1108260135912355_6916912371857242760_n-300x225.jpg HTTP/1.1" 301 - www.fc-schnaittach.de "https://www.fc-schnaittach.de" "Mozilla/5.0 (compatible; MSIE 9.0; Windows NT 6.1; WOW64; Trident/5.0)" "-"
217.160.63.10 - - [12/May/2018:12:31:41 +0200] "HEAD /wp-content/uploads/2016/08/13590421_1108260135912355_6916912371857242760_n-300x225.jpg HTTP/1.1" 200 - www.fc-schnaittach.de "https://www.fc-schnaittach.de" "Mozilla/5.0 (compatible; MSIE 9.0; Windows NT 6.1; WOW64; Trident/5.0)" "-"
217.160.63.10 - - [12/May/2018:12:31:43 +0200] "HEAD /wp-content/uploads/2016/12/IMG_9931-300x225.jpg HTTP/1.1" 301 - www.fc-schnaittach.de "https://www.fc-schnaittach.de" "Mozilla/5.0 (compatible; MSIE 9.0; Windows NT 6.1; WOW64; Trident/5.0)" "-"
217.160.63.10 - - [12/May/2018:12:31:43 +0200] "HEAD /wp-content/uploads/2016/12/IMG_9931-300x225.jpg HTTP/1.1" 200 - www.fc-schnaittach.de "https://www.fc-schnaittach.de" "Mozilla/5.0 (compatible; MSIE 9.0; Windows NT 6.1; WOW64; Trident/5.0)" "-"
217.160.63.10 - - [12/May/2018:12:31:47 +0200] "HEAD /wp-content/uploads/2016/12/IMG_9915-300x225.jpg HTTP/1.1" 301 - www.fc-schnaittach.de "https://www.fc-schnaittach.de" "Mozilla/5.0 (compatible; MSIE 9.0; Windows NT 6.1; WOW64; Trident/5.0)" "-"
217.160.63.10 - - [12/May/2018:12:31:47 +0200] "HEAD /wp-content/uploads/2016/12/IMG_9915-300x225.jpg HTTP/1.1" 200 - www.fc-schnaittach.de "https://www.fc-schnaittach.de" "Mozilla/5.0 (compatible; MSIE 9.0; Windows NT 6.1; WOW64; Trident/5.0)" "-"
217.160.63.10 - - [12/May/2018:12:31:52 +0200] "HEAD /wp-content/uploads/2016/08/13528992_1108260322579003_2412787463204857658_n-225x300.jpg HTTP/1.1" 301 - www.fc-schnaittach.de "https://www.fc-schnaittach.de" "Mozilla/5.0 (compatible; MSIE 9.0; Windows NT 6.1; WOW64; Trident/5.0)" "-"
217.160.63.10 - - [12/May/2018:12:31:52 +0200] "HEAD /wp-content/uploads/2016/08/13528992_1108260322579003_2412787463204857658_n-225x300.jpg HTTP/1.1" 200 - www.fc-schnaittach.de "https://www.fc-schnaittach.de" "Mozilla/5.0 (compatible; MSIE 9.0; Windows NT 6.1; WOW64; Trident/5.0)" "-"
217.160.63.10 - - [12/May/2018:12:31:57 +0200] "HEAD /wp-content/uploads/2014/12/Foto-Goldene-Raute-300x187.jpg HTTP/1.1" 301 - www.fc-schnaittach.de "https://www.fc-schnaittach.de" "Mozilla/5.0 (compatible; MSIE 9.0; Windows NT 6.1; WOW64; Trident/5.0)" "-"
217.160.63.10 - - [12/May/2018:12:31:57 +0200] "HEAD /wp-content/uploads/2014/12/Foto-Goldene-Raute-300x187.jpg HTTP/1.1" 200 - www.fc-schnaittach.de "https://www.fc-schnaittach.de" "Mozilla/5.0 (compatible; MSIE 9.0; Windows NT 6.1; WOW64; Trident/5.0)" "-"
217.160.63.10 - - [12/May/2018:12:32:02 +0200] "HEAD /wp-content/uploads/2015/01/AG-N%C3%BCrnberg-Registergericht-Notar-FCS-Satzung-.pdf HTTP/1.1" 301 - www.fc-schnaittach.de "https://www.fc-schnaittach.de" "Mozilla/5.0 (compatible; MSIE 9.0; Windows NT 6.1; WOW64; Trident/5.0)" "-"
217.160.63.10 - - [12/May/2018:12:32:02 +0200] "HEAD /wp-content/uploads/2015/01/AG-N%c3%bcrnberg-Registergericht-Notar-FCS-Satzung-.pdf HTTP/1.1" 200 - www.fc-schnaittach.de "https://www.fc-schnaittach.de" "Mozilla/5.0 (compatible; MSIE 9.0; Windows NT 6.1; WOW64; Trident/5.0)" "-"
217.160.63.10 - - [12/May/2018:12:32:07 +0200] "HEAD /wp-content/uploads/2016/08/13590421_1108260135912355_6916912371857242760_n.jpg HTTP/1.1" 301 - www.fc-schnaittach.de "https://www.fc-schnaittach.de" "Mozilla/5.0 (compatible; MSIE 9.0; Windows NT 6.1; WOW64; Trident/5.0)" "-"
217.160.63.10 - - [12/May/2018:12:32:07 +0200] "HEAD /wp-content/uploads/2016/08/13590421_1108260135912355_6916912371857242760_n.jpg HTTP/1.1" 200 - www.fc-schnaittach.de "https://www.fc-schnaittach.de" "Mozilla/5.0 (compatible; MSIE 9.0; Windows NT 6.1; WOW64; Trident/5.0)" "-"
