40.77.167.192 - - [10/May/2018:00:06:36 +0200] "GET /veranstaltungsart/1-mannschaft/feed/ HTTP/1.1" 200 607 www.fc-schnaittach.de "-" "Mozilla/5.0 (compatible; bingbot/2.0; +http://www.bing.com/bingbot.htm)" "-"
144.76.22.240 - - [10/May/2018:00:08:01 +0200] "GET /robots.txt HTTP/1.1" 200 35 www.fc-schnaittach.de "-" "Mozilla/5.0 (Windows; U; Windows NT 6.0; en-GB; rv:1.0; trendictionbot0.5.0; trendiction search; http://www.trendiction.de/bot; please let us know of any problems; web at trendiction.com) Gecko/20071127 Firefox/3.0.0.11" "-"
144.76.22.240 - - [10/May/2018:00:08:04 +0200] "GET /hauptverein/mitgliedschaft/feed/ HTTP/1.1" 200 546 www.fc-schnaittach.de "-" "Mozilla/5.0 (Windows; U; Windows NT 6.0; en-GB; rv:1.0; trendictionbot0.5.0; trendiction search; http://www.trendiction.de/bot; please let us know of any problems; web at trendiction.com) Gecko/20071127 Firefox/3.0.0.11" "-"
144.76.22.240 - - [10/May/2018:00:15:33 +0200] "GET /hauptverein/mitgliedschaft/feed/ HTTP/1.1" 200 546 www.fc-schnaittach.de "-" "Mozilla/5.0 (Windows; U; Windows NT 6.0; en-GB; rv:1.0; trendictionbot0.5.0; trendiction search; http://www.trendiction.de/bot; please let us know of any problems; web at trendiction.com) Gecko/20071127 Firefox/3.0.0.11" "-"
217.160.63.10 - - [10/May/2018:00:15:34 +0200] "POST /wp-cron.php?doing_wp_cron=1525904134.0567309856414794921875 HTTP/1.1" 200 23 www.fc-schnaittach.de "https://www.fc-schnaittach.de/wp-cron.php?doing_wp_cron=1525904134.0567309856414794921875" "WordPress/4.9.5; https://www.fc-schnaittach.de" "-"
66.249.66.153 - - [10/May/2018:00:22:40 +0200] "GET /wp-content/uploads/2016/11/Sonja-Ebi.jpg HTTP/1.1" 304 - www.fc-schnaittach.de "-" "Googlebot-Image/1.0" "-"
207.46.13.111 - - [10/May/2018:00:22:48 +0200] "GET /wp-content/uploads/2015/03/Elena-F%C3%BCrst-Betreuerin.jpg HTTP/1.1" 200 66912 www.fc-schnaittach.de "-" "Mozilla/5.0 (compatible; bingbot/2.0; +http://www.bing.com/bingbot.htm)" "-"
66.249.66.149 - - [10/May/2018:00:22:49 +0200] "GET /wp-content/uploads/2016/11/Maria-Mularczyk.jpg HTTP/1.1" 304 - www.fc-schnaittach.de "-" "Googlebot-Image/1.0" "-"
217.160.63.10 - - [10/May/2018:00:23:28 +0200] "POST /wp-cron.php?doing_wp_cron=1525904608.1796579360961914062500 HTTP/1.1" 200 23 www.fc-schnaittach.de "https://www.fc-schnaittach.de/wp-cron.php?doing_wp_cron=1525904608.1796579360961914062500" "WordPress/4.9.5; https://www.fc-schnaittach.de" "-"
144.76.22.242 - - [10/May/2018:00:23:28 +0200] "GET /tischtennis/herren-3/feed/ HTTP/1.1" 200 547 www.fc-schnaittach.de "-" "Mozilla/5.0 (Windows; U; Windows NT 6.0; en-GB; rv:1.0; trendictionbot0.5.0; trendiction search; http://www.trendiction.de/bot; please let us know of any problems; web at trendiction.com) Gecko/20071127 Firefox/3.0.0.11" "-"
66.249.66.149 - - [10/May/2018:00:23:32 +0200] "GET /wp-content/uploads/2014/10/C_Sieler.jpg HTTP/1.1" 304 - www.fc-schnaittach.de "-" "Googlebot-Image/1.0" "-"
144.76.22.242 - - [10/May/2018:00:29:33 +0200] "GET /tischtennis/herren-3/feed/ HTTP/1.1" 200 548 www.fc-schnaittach.de "-" "Mozilla/5.0 (Windows; U; Windows NT 6.0; en-GB; rv:1.0; trendictionbot0.5.0; trendiction search; http://www.trendiction.de/bot; please let us know of any problems; web at trendiction.com) Gecko/20071127 Firefox/3.0.0.11" "-"
212.83.176.116 - - [10/May/2018:00:31:35 +0200] "GET /wp-content/plugins/cherry-plugin/admin/css/widget-rules.css HTTP/1.1" 200 3 fc-schnaittach.de "-" "Mozilla/5.0 (Windows NT 6.1; Win64; x64) AppleWebKit/537.36 (KHTML, like Gecko) Chrome/60.0.3112.113 Safari/537.36" "-"
66.249.66.151 - - [10/May/2018:00:34:09 +0200] "GET /page-sitemap.xml HTTP/1.1" 200 5232 www.fc-schnaittach.de "-" "Mozilla/5.0 (compatible; Googlebot/2.1; +http://www.google.com/bot.html)" "-"
66.249.66.136 - - [10/May/2018:00:37:06 +0200] "GET /sitemap-pt-nav_menu_item-2015-08.xml HTTP/1.1" 200 493 www.fc-schnaittach.de "-" "Mozilla/5.0 (compatible; Googlebot/2.1; +http://www.google.com/bot.html)" "-"
144.76.22.239 - - [10/May/2018:00:38:52 +0200] "GET /sporterlebnistag-am-1-juni/feed/ HTTP/1.1" 200 556 www.fc-schnaittach.de "-" "Mozilla/5.0 (Windows; U; Windows NT 6.0; en-GB; rv:1.0; trendictionbot0.5.0; trendiction search; http://www.trendiction.de/bot; please let us know of any problems; web at trendiction.com) Gecko/20071127 Firefox/3.0.0.11" "-"
174.62.167.88 - - [10/May/2018:00:40:10 +0200] "GET /wp-content/uploads/2015/04/1.Mannschaft-1955.jpg HTTP/1.1" 301 286 www.fc-schnaittach.de "https://www.bing.com/" "Mozilla/5.0 (Windows NT 10.0; WOW64; Trident/7.0; Touch; rv:11.0) like Gecko" "-"
174.62.167.88 - - [10/May/2018:00:40:11 +0200] "GET /wp-content/uploads/2015/04/1.Mannschaft-1955.jpg HTTP/1.1" 200 47064 www.fc-schnaittach.de "https://www.bing.com/" "Mozilla/5.0 (Windows NT 10.0; WOW64; Trident/7.0; Touch; rv:11.0) like Gecko" "-"
144.76.22.239 - - [10/May/2018:00:44:22 +0200] "GET /sporterlebnistag-am-1-juni/feed/ HTTP/1.1" 200 556 www.fc-schnaittach.de "-" "Mozilla/5.0 (Windows; U; Windows NT 6.0; en-GB; rv:1.0; trendictionbot0.5.0; trendiction search; http://www.trendiction.de/bot; please let us know of any problems; web at trendiction.com) Gecko/20071127 Firefox/3.0.0.11" "-"
37.115.185.9 - - [10/May/2018:00:45:12 +0200] "GET /karate-teilnahme-an-der-bezirksmeisterschaft-2015/ HTTP/1.1" 200 29768 www.fc-schnaittach.de "https://documentsite.net/" "Opera/7.11 (Windows NT 5.1; U) [en]" "-"
37.115.185.9 - - [10/May/2018:00:45:12 +0200] "GET /karate-teilnahme-an-der-bezirksmeisterschaft-2015/ HTTP/1.1" 200 29768 www.fc-schnaittach.de "https://documentsite.net/" "Opera/7.11 (Windows NT 5.1; U) [en]" "-"
37.115.185.9 - - [10/May/2018:00:45:13 +0200] "GET /karate-teilnahme-an-der-bezirksmeisterschaft-2015/ HTTP/1.1" 200 29768 www.fc-schnaittach.de "https://documentsite.net/" "Opera/7.11 (Windows NT 5.1; U) [en]" "-"
207.46.13.71 - - [10/May/2018:00:52:53 +0200] "GET /tag/2015/feed/ HTTP/1.1" 200 589 www.fc-schnaittach.de "-" "Mozilla/5.0 (compatible; bingbot/2.0; +http://www.bing.com/bingbot.htm)" "-"
157.55.39.8 - - [10/May/2018:00:52:54 +0200] "GET /robots.txt HTTP/1.1" 301 248 www.fc-schnaittach.de "-" "Mozilla/5.0 (compatible; bingbot/2.0; +http://www.bing.com/bingbot.htm)" "-"
157.55.39.8 - - [10/May/2018:00:52:55 +0200] "GET /robots.txt HTTP/1.1" 200 35 www.fc-schnaittach.de "-" "Mozilla/5.0 (compatible; bingbot/2.0; +http://www.bing.com/bingbot.htm)" "-"
207.46.13.102 - - [10/May/2018:00:53:32 +0200] "GET /wp-content/uploads/2015/06/20150613_115354-300x277.jpg HTTP/1.1" 301 292 www.fc-schnaittach.de "-" "Mozilla/5.0 (compatible; bingbot/2.0; +http://www.bing.com/bingbot.htm)" "-"
207.46.13.102 - - [10/May/2018:00:53:35 +0200] "GET /wp-content/uploads/2015/06/20150613_115354-300x277.jpg HTTP/1.1" 200 18584 www.fc-schnaittach.de "-" "Mozilla/5.0 (compatible; bingbot/2.0; +http://www.bing.com/bingbot.htm)" "-"
144.76.22.237 - - [10/May/2018:00:54:25 +0200] "GET /mitgliederversammlung-am-17-03/feed/ HTTP/1.1" 200 560 www.fc-schnaittach.de "-" "Mozilla/5.0 (Windows; U; Windows NT 6.0; en-GB; rv:1.0; trendictionbot0.5.0; trendiction search; http://www.trendiction.de/bot; please let us know of any problems; web at trendiction.com) Gecko/20071127 Firefox/3.0.0.11" "-"
144.76.22.236 - - [10/May/2018:00:54:31 +0200] "GET /robots.txt HTTP/1.1" 301 248 www.fc-schnaittach.de "-" "Mozilla/5.0 (Windows; U; Windows NT 6.0; en-GB; rv:1.0; trendictionbot0.5.0; trendiction search; http://www.trendiction.de/bot; please let us know of any problems; web at trendiction.com) Gecko/20071127 Firefox/3.0.0.11" "-"
144.76.22.236 - - [10/May/2018:00:54:32 +0200] "GET /tagesausflug-nach-volkach/comments/feed/ HTTP/1.1" 301 23 www.fc-schnaittach.de "-" "Mozilla/5.0 (Windows; U; Windows NT 6.0; en-GB; rv:1.0; trendictionbot0.5.0; trendiction search; http://www.trendiction.de/bot; please let us know of any problems; web at trendiction.com) Gecko/20071127 Firefox/3.0.0.11" "-"
144.76.22.236 - - [10/May/2018:00:54:34 +0200] "GET /tagesausflug-nach-volkach/feed/ HTTP/1.1" 200 555 www.fc-schnaittach.de "http://www.fc-schnaittach.de/tagesausflug-nach-volkach/comments/feed/" "Mozilla/5.0 (Windows; U; Windows NT 6.0; en-GB; rv:1.0; trendictionbot0.5.0; trendiction search; http://www.trendiction.de/bot; please let us know of any problems; web at trendiction.com) Gecko/20071127 Firefox/3.0.0.11" "-"
207.46.13.71 - - [10/May/2018:00:55:10 +0200] "GET /wp-content/uploads/2016/12/IMG_9908.jpg HTTP/1.1" 301 277 www.fc-schnaittach.de "-" "Mozilla/5.0 (compatible; bingbot/2.0; +http://www.bing.com/bingbot.htm)" "-"
207.46.13.71 - - [10/May/2018:00:55:11 +0200] "GET /wp-content/uploads/2016/12/IMG_9908.jpg HTTP/1.1" 200 1423421 www.fc-schnaittach.de "-" "Mozilla/5.0 (compatible; bingbot/2.0; +http://www.bing.com/bingbot.htm)" "-"
207.46.13.102 - - [10/May/2018:00:57:39 +0200] "GET /jahresplanung-2016/feed/ HTTP/1.1" 200 548 www.fc-schnaittach.de "-" "Mozilla/5.0 (compatible; bingbot/2.0; +http://www.bing.com/bingbot.htm)" "-"
144.76.22.236 - - [10/May/2018:01:00:17 +0200] "GET /tagesausflug-nach-volkach/comments/feed/ HTTP/1.1" 301 23 www.fc-schnaittach.de "-" "Mozilla/5.0 (Windows; U; Windows NT 6.0; en-GB; rv:1.0; trendictionbot0.5.0; trendiction search; http://www.trendiction.de/bot; please let us know of any problems; web at trendiction.com) Gecko/20071127 Firefox/3.0.0.11" "-"
144.76.22.236 - - [10/May/2018:01:00:18 +0200] "GET /tagesausflug-nach-volkach/feed/ HTTP/1.1" 200 553 www.fc-schnaittach.de "http://www.fc-schnaittach.de/tagesausflug-nach-volkach/comments/feed/" "Mozilla/5.0 (Windows; U; Windows NT 6.0; en-GB; rv:1.0; trendictionbot0.5.0; trendiction search; http://www.trendiction.de/bot; please let us know of any problems; web at trendiction.com) Gecko/20071127 Firefox/3.0.0.11" "-"
144.76.22.237 - - [10/May/2018:01:00:51 +0200] "GET /mitgliederversammlung-am-17-03/feed/ HTTP/1.1" 200 559 www.fc-schnaittach.de "-" "Mozilla/5.0 (Windows; U; Windows NT 6.0; en-GB; rv:1.0; trendictionbot0.5.0; trendiction search; http://www.trendiction.de/bot; please let us know of any problems; web at trendiction.com) Gecko/20071127 Firefox/3.0.0.11" "-"
2.246.26.187 - - [10/May/2018:01:02:58 +0200] "GET /index.php/component/users/?view=registration HTTP/1.1" 301 282 www.fc-schnaittach.de "-" "Mozilla/5.0 (Windows NT 6.1; WOW64; rv:11.0) Gecko/20100101 Firefox/11.0" "-"
2.246.26.187 - - [10/May/2018:01:02:58 +0200] "GET /index.php/component/users/?view=registration HTTP/1.1" 200 3 www.fc-schnaittach.de "-" "Mozilla/5.0 (Windows NT 6.1; WOW64; rv:11.0) Gecko/20100101 Firefox/11.0" "-"
2.246.26.187 - - [10/May/2018:01:02:58 +0200] "GET /index.php/component/users/?view=registration HTTP/1.1" 301 282 www.fc-schnaittach.de "-" "Mozilla/5.0 (Windows NT 6.1; WOW64; rv:11.0) Gecko/20100101 Firefox/11.0" "-"
2.246.26.187 - - [10/May/2018:01:02:58 +0200] "GET /index.php/component/users/?view=registration HTTP/1.1" 200 3 www.fc-schnaittach.de "-" "Mozilla/5.0 (Windows NT 6.1; WOW64; rv:11.0) Gecko/20100101 Firefox/11.0" "-"
2.246.26.187 - - [10/May/2018:01:02:59 +0200] "GET /index.php?option=com_users&view=registration HTTP/1.1" 200 3 www.fc-schnaittach.de "-" "Mozilla/5.0 (Windows NT 6.1; WOW64; rv:11.0) Gecko/20100101 Firefox/11.0" "-"
2.246.26.187 - - [10/May/2018:01:02:59 +0200] "GET /index.php?option=com_users&view=registration HTTP/1.1" 200 3 www.fc-schnaittach.de "-" "Mozilla/5.0 (Windows NT 6.1; WOW64; rv:11.0) Gecko/20100101 Firefox/11.0" "-"
144.76.22.235 - - [10/May/2018:01:10:16 +0200] "GET /robots.txt HTTP/1.1" 200 35 www.fc-schnaittach.de "-" "Mozilla/5.0 (Windows; U; Windows NT 6.0; en-GB; rv:1.0; trendictionbot0.5.0; trendiction search; http://www.trendiction.de/bot; please let us know of any problems; web at trendiction.com) Gecko/20071127 Firefox/3.0.0.11" "-"
217.160.63.10 - - [10/May/2018:01:10:17 +0200] "POST /wp-cron.php?doing_wp_cron=1525907417.6946070194244384765625 HTTP/1.1" 200 23 www.fc-schnaittach.de "https://www.fc-schnaittach.de/wp-cron.php?doing_wp_cron=1525907417.6946070194244384765625" "WordPress/4.9.5; https://www.fc-schnaittach.de" "-"
144.76.22.235 - - [10/May/2018:01:10:17 +0200] "GET /jahresfahrt-der-wanderabteilung-3/feed/ HTTP/1.1" 200 563 www.fc-schnaittach.de "-" "Mozilla/5.0 (Windows; U; Windows NT 6.0; en-GB; rv:1.0; trendictionbot0.5.0; trendiction search; http://www.trendiction.de/bot; please let us know of any problems; web at trendiction.com) Gecko/20071127 Firefox/3.0.0.11" "-"
207.46.13.116 - - [10/May/2018:01:14:47 +0200] "GET /wp-content/uploads/2016/10/20161111_124034.jpg HTTP/1.1" 301 284 www.fc-schnaittach.de "-" "Mozilla/5.0 (compatible; bingbot/2.0; +http://www.bing.com/bingbot.htm)" "-"
207.46.13.116 - - [10/May/2018:01:14:48 +0200] "GET /wp-content/uploads/2016/10/20161111_124034.jpg HTTP/1.1" 200 1826125 www.fc-schnaittach.de "-" "Mozilla/5.0 (compatible; bingbot/2.0; +http://www.bing.com/bingbot.htm)" "-"
66.249.66.149 - - [10/May/2018:01:16:27 +0200] "GET /wp-content/themes/fcs/images/production/FcsWappen.png?ver=1487205002 HTTP/1.1" 304 - www.fc-schnaittach.de "-" "Googlebot-Image/1.0" "-"
66.249.66.134 - - [10/May/2018:01:18:48 +0200] "GET / HTTP/1.1" 301 238 www.fc-schnaittach.de "-" "Mozilla/5.0 (compatible; Googlebot/2.1; +http://www.google.com/bot.html)" "-"
66.249.66.151 - - [10/May/2018:01:18:48 +0200] "GET / HTTP/1.1" 200 7771 www.fc-schnaittach.de "-" "Mozilla/5.0 (compatible; Googlebot/2.1; +http://www.google.com/bot.html)" "-"
66.249.66.153 - - [10/May/2018:01:28:55 +0200] "GET /sitemap-pt-page-2018-05.xml HTTP/1.1" 200 591 www.fc-schnaittach.de "-" "Mozilla/5.0 (compatible; Googlebot/2.1; +http://www.google.com/bot.html)" "-"
217.160.63.10 - - [10/May/2018:01:28:56 +0200] "POST /wp-cron.php?doing_wp_cron=1525908536.1162939071655273437500 HTTP/1.1" 200 23 www.fc-schnaittach.de "https://www.fc-schnaittach.de/wp-cron.php?doing_wp_cron=1525908536.1162939071655273437500" "WordPress/4.9.5; https://www.fc-schnaittach.de" "-"
66.249.66.153 - - [10/May/2018:01:31:41 +0200] "GET /wp-content/themes/fcs/images/production/FcsWappen.ico?ver=1420564287 HTTP/1.1" 304 - www.fc-schnaittach.de "-" "Googlebot-Image/1.0" "-"
207.46.13.71 - - [10/May/2018:01:32:29 +0200] "GET /wp-content/uploads/2014/12/Foto-Goldene-Raute.jpg HTTP/1.1" 200 93681 www.fc-schnaittach.de "-" "Mozilla/5.0 (compatible; bingbot/2.0; +http://www.bing.com/bingbot.htm)" "-"
193.106.30.99 - - [10/May/2018:01:35:52 +0200] "GET /license.php HTTP/1.1" 301 23 fc-schnaittach.de "-" "Mozilla/5.0 (Windows NT 6.1; rv:34.0) Gecko/20100101 Firefox/34.0" "-"
193.106.30.99 - - [10/May/2018:01:36:15 +0200] "GET /license.php HTTP/1.1" 404 5761 www.fc-schnaittach.de "-" "Mozilla/5.0 (Windows NT 6.1; rv:34.0) Gecko/20100101 Firefox/34.0" "-"
54.36.149.5 - - [10/May/2018:01:43:52 +0200] "GET /wp-content/uploads/2015/03/P1020683.jpg HTTP/1.1" 301 277 www.fc-schnaittach.de "-" "Mozilla/5.0 (compatible; AhrefsBot/5.2; +http://ahrefs.com/robot/)" "-"
66.249.66.153 - - [10/May/2018:01:45:46 +0200] "GET /dragon-run-kids/ HTTP/1.1" 200 6489 www.fc-schnaittach.de "-" "Mozilla/5.0 (compatible; Googlebot/2.1; +http://www.google.com/bot.html)" "-"
66.249.66.151 - - [10/May/2018:01:46:22 +0200] "GET /wp-content/uploads/2018/05/Kidslauf_Dragonrun_2.png HTTP/1.1" 200 723992 www.fc-schnaittach.de "-" "Googlebot-Image/1.0" "-"
66.249.66.134 - - [10/May/2018:02:02:08 +0200] "GET /wp-content/plugins/contact-form-7/includes/css/styles.css?ver=4.5 HTTP/1.1" 301 303 www.fc-schnaittach.de "http://www.fc-schnaittach.de/fussball/2-mannschaft/facebook-news/" "Mozilla/5.0 (compatible; Googlebot/2.1; +http://www.google.com/bot.html)" "-"
66.249.66.136 - - [10/May/2018:02:02:09 +0200] "GET /wp-content/plugins/contact-form-7/includes/js/scripts.js?ver=4.5 HTTP/1.1" 301 302 www.fc-schnaittach.de "http://www.fc-schnaittach.de/fussball/2-mannschaft/facebook-news/" "Mozilla/5.0 (compatible; Googlebot/2.1; +http://www.google.com/bot.html)" "-"
66.249.66.151 - - [10/May/2018:02:02:19 +0200] "GET /wp-content/plugins/contact-form-7/includes/css/styles.css?ver=4.5 HTTP/1.1" 200 1683 www.fc-schnaittach.de "http://www.fc-schnaittach.de/fussball/2-mannschaft/facebook-news/" "Mozilla/5.0 (compatible; Googlebot/2.1; +http://www.google.com/bot.html)" "-"
66.249.66.151 - - [10/May/2018:02:02:19 +0200] "GET /wp-content/plugins/contact-form-7/includes/js/scripts.js?ver=4.5 HTTP/1.1" 200 14551 www.fc-schnaittach.de "http://www.fc-schnaittach.de/fussball/2-mannschaft/facebook-news/" "Mozilla/5.0 (compatible; Googlebot/2.1; +http://www.google.com/bot.html)" "-"
185.236.130.56 - - [10/May/2018:02:12:44 +0200] "HEAD / HTTP/1.1" 301 - www.fc-schnaittach.de "https://onlinedic.net/" "Mozilla/4.0 (compatible; MSIE3.00; Windows 2007)" "-"
207.46.13.116 - - [10/May/2018:02:13:51 +0200] "GET /wp-content/uploads/2018/03/Trainingslager_Gardasee_2018.jpg HTTP/1.1" 200 107027 www.fc-schnaittach.de "-" "Mozilla/5.0 (compatible; bingbot/2.0; +http://www.bing.com/bingbot.htm)" "-"
5.255.251.1 - - [10/May/2018:02:15:06 +0200] "GET /robots.txt HTTP/1.1" 200 35 fc-schnaittach.de "-" "Mozilla/5.0 (compatible; YandexBot/3.0; +http://yandex.com/bots)" "-"
87.250.233.68 - - [10/May/2018:02:15:10 +0200] "GET /wp-content/themes/fcs/images/production/FcsWappenMobileBookmark.png?ver=1487205003 HTTP/1.1" 200 12628 fc-schnaittach.de "-" "Mozilla/5.0 (compatible; YandexBot/3.0; +http://yandex.com/bots)" "-"
66.249.66.153 - - [10/May/2018:02:20:59 +0200] "GET /wp-content/uploads/2018/04/Werbebanner_1.jpg HTTP/1.1" 304 - www.fc-schnaittach.de "-" "Googlebot-Image/1.0" "-"
194.187.170.112 - - [10/May/2018:02:26:02 +0200] "GET /robots.txt HTTP/1.1" 301 248 www.fc-schnaittach.de "-" "Mozilla/5.0 (compatible; Qwantify/2.4w; +https://www.qwant.com/)/2.4w" "-"
194.187.170.112 - - [10/May/2018:02:26:02 +0200] "GET /robots.txt HTTP/1.1" 200 35 www.fc-schnaittach.de "-" "Mozilla/5.0 (compatible; Qwantify/2.4w; +https://www.qwant.com/)/2.4w" "-"
217.160.63.10 - - [10/May/2018:02:26:02 +0200] "POST /wp-cron.php?doing_wp_cron=1525911962.6261460781097412109375 HTTP/1.1" 301 297 www.fc-schnaittach.de "http://www.fc-schnaittach.de/wp-cron.php?doing_wp_cron=1525911962.6261460781097412109375" "WordPress/4.9.5; https://www.fc-schnaittach.de" "-"
194.187.170.112 - - [10/May/2018:02:26:02 +0200] "GET /fussball/1-mannschaft/galerie/ HTTP/1.1" 200 8815 www.fc-schnaittach.de "-" "Mozilla/5.0 (compatible; Qwantify/2.4w; +https://www.qwant.com/)/2.4w" "-"
207.46.13.71 - - [10/May/2018:02:31:25 +0200] "GET /wp-content/uploads/2016/12/IMG_9931.jpg HTTP/1.1" 301 277 www.fc-schnaittach.de "-" "Mozilla/5.0 (compatible; bingbot/2.0; +http://www.bing.com/bingbot.htm)" "-"
207.46.13.71 - - [10/May/2018:02:31:26 +0200] "GET /wp-content/uploads/2016/12/IMG_9931.jpg HTTP/1.1" 200 1414715 www.fc-schnaittach.de "-" "Mozilla/5.0 (compatible; bingbot/2.0; +http://www.bing.com/bingbot.htm)" "-"
207.46.13.71 - - [10/May/2018:02:34:19 +0200] "GET /category/news/100-jahre/feed/ HTTP/1.1" 200 1489 www.fc-schnaittach.de "-" "Mozilla/5.0 (compatible; bingbot/2.0; +http://www.bing.com/bingbot.htm)" "-"
217.160.63.10 - - [10/May/2018:02:34:19 +0200] "POST /wp-cron.php?doing_wp_cron=1525912459.9472599029541015625000 HTTP/1.1" 200 23 www.fc-schnaittach.de "https://www.fc-schnaittach.de/wp-cron.php?doing_wp_cron=1525912459.9472599029541015625000" "WordPress/4.9.5; https://www.fc-schnaittach.de" "-"
217.160.63.10 - - [10/May/2018:02:34:20 +0200] "HEAD /wp-content/uploads/2018/04/Gel%C3%A4ndekarte_Homepage_1-1-1024x665.png HTTP/1.1" 200 - www.fc-schnaittach.de "https://www.fc-schnaittach.de" "Mozilla/5.0 (compatible; MSIE 9.0; Windows NT 6.1; WOW64; Trident/5.0)" "-"
217.160.63.10 - - [10/May/2018:02:34:22 +0200] "HEAD /wp-content/uploads/2018/04/Gel%C3%A4ndekarte_Homepage_1-1.png HTTP/1.1" 200 - www.fc-schnaittach.de "https://www.fc-schnaittach.de" "Mozilla/5.0 (compatible; MSIE 9.0; Windows NT 6.1; WOW64; Trident/5.0)" "-"
5.188.211.16 - - [10/May/2018:02:38:49 +0200] "GET /hauptverein/geschichte/ HTTP/1.1" 200 35442 www.fc-schnaittach.de "-" "Mozilla/4.0 (compatible; MSIE 6.0; Windows NT 5.1; SV1)" "-"
5.188.211.16 - - [10/May/2018:02:38:50 +0200] "GET /hauptverein/vereinsbus/ HTTP/1.1" 200 32204 www.fc-schnaittach.de "-" "Mozilla/4.0 (compatible; MSIE 6.0; Windows NT 5.1; SV1)" "-"
66.249.66.136 - - [10/May/2018:02:39:59 +0200] "GET /sitemap-pt-post-2017-01.xml HTTP/1.1" 200 492 www.fc-schnaittach.de "-" "Mozilla/5.0 (compatible; Googlebot/2.1; +http://www.google.com/bot.html)" "-"
207.46.13.71 - - [10/May/2018:02:40:17 +0200] "GET /tag/wanderabteilung/feed/ HTTP/1.1" 200 599 www.fc-schnaittach.de "-" "Mozilla/5.0 (compatible; bingbot/2.0; +http://www.bing.com/bingbot.htm)" "-"
207.46.13.102 - - [10/May/2018:02:43:05 +0200] "GET /tag/spende/feed/ HTTP/1.1" 200 591 www.fc-schnaittach.de "-" "Mozilla/5.0 (compatible; bingbot/2.0; +http://www.bing.com/bingbot.htm)" "-"
207.46.13.102 - - [10/May/2018:02:43:10 +0200] "GET /ehrenabend-beim-1-fc-schnaittach/feed/ HTTP/1.1" 200 555 www.fc-schnaittach.de "-" "Mozilla/5.0 (compatible; bingbot/2.0; +http://www.bing.com/bingbot.htm)" "-"
46.229.168.82 - - [10/May/2018:02:51:38 +0200] "GET /robots.txt HTTP/1.1" 301 248 www.fc-schnaittach.de "-" "Mozilla/5.0 (compatible; SemrushBot/1.2~bl; +http://www.semrush.com/bot.html)" "-"
46.229.168.82 - - [10/May/2018:02:51:38 +0200] "GET /robots.txt HTTP/1.1" 200 35 www.fc-schnaittach.de "-" "Mozilla/5.0 (compatible; SemrushBot/1.2~bl; +http://www.semrush.com/bot.html)" "-"
207.46.13.71 - - [10/May/2018:02:51:40 +0200] "GET /fussball/2-mannschaft/galerie-2-mannschaft/ HTTP/1.1" 200 7218 www.fc-schnaittach.de "-" "Mozilla/5.0 (iPhone; CPU iPhone OS 7_0 like Mac OS X) AppleWebKit/537.51.1 (KHTML, like Gecko) Version/7.0 Mobile/11A465 Safari/9537.53 (compatible; bingbot/2.0; +http://www.bing.com/bingbot.htm)" "-"
207.46.13.111 - - [10/May/2018:02:52:00 +0200] "GET /wp-content/uploads/2015/04/P4197519-1024x768.jpg HTTP/1.1" 301 286 www.fc-schnaittach.de "-" "Mozilla/5.0 (iPhone; CPU iPhone OS 7_0 like Mac OS X) AppleWebKit/537.51.1 (KHTML, like Gecko) Version/7.0 Mobile/11A465 Safari/9537.53 (compatible; bingbot/2.0; +http://www.bing.com/bingbot.htm)" "-"
207.46.13.111 - - [10/May/2018:02:52:01 +0200] "GET /wp-content/uploads/2015/04/P4197519-1024x768.jpg HTTP/1.1" 200 260782 www.fc-schnaittach.de "-" "Mozilla/5.0 (iPhone; CPU iPhone OS 7_0 like Mac OS X) AppleWebKit/537.51.1 (KHTML, like Gecko) Version/7.0 Mobile/11A465 Safari/9537.53 (compatible; bingbot/2.0; +http://www.bing.com/bingbot.htm)" "-"
207.46.13.116 - - [10/May/2018:02:52:04 +0200] "GET /wp-content/themes/fcs/images/production/FcsWappen.png?ver=1487205002 HTTP/1.1" 301 306 www.fc-schnaittach.de "-" "Mozilla/5.0 (iPhone; CPU iPhone OS 7_0 like Mac OS X) AppleWebKit/537.51.1 (KHTML, like Gecko) Version/7.0 Mobile/11A465 Safari/9537.53 (compatible; bingbot/2.0; +http://www.bing.com/bingbot.htm)" "-"
207.46.13.116 - - [10/May/2018:02:52:05 +0200] "GET /wp-content/themes/fcs/images/production/FcsWappen.png?ver=1487205002 HTTP/1.1" 200 12482 www.fc-schnaittach.de "-" "Mozilla/5.0 (iPhone; CPU iPhone OS 7_0 like Mac OS X) AppleWebKit/537.51.1 (KHTML, like Gecko) Version/7.0 Mobile/11A465 Safari/9537.53 (compatible; bingbot/2.0; +http://www.bing.com/bingbot.htm)" "-"
207.46.13.71 - - [10/May/2018:02:54:36 +0200] "GET /fussball/3-mannschaft/ HTTP/1.1" 200 6608 www.fc-schnaittach.de "-" "Mozilla/5.0 (compatible; bingbot/2.0; +http://www.bing.com/bingbot.htm)" "-"
207.46.13.71 - - [10/May/2018:02:54:36 +0200] "GET /tischtennis/herren-3/ HTTP/1.1" 200 6901 www.fc-schnaittach.de "-" "Mozilla/5.0 (compatible; bingbot/2.0; +http://www.bing.com/bingbot.htm)" "-"
207.46.13.71 - - [10/May/2018:02:54:37 +0200] "GET /hauptverein/bilder/ HTTP/1.1" 200 6479 www.fc-schnaittach.de "-" "Mozilla/5.0 (compatible; bingbot/2.0; +http://www.bing.com/bingbot.htm)" "-"
207.46.13.71 - - [10/May/2018:02:54:37 +0200] "GET /fussball/damen/mannschaft/ HTTP/1.1" 200 9193 www.fc-schnaittach.de "-" "Mozilla/5.0 (compatible; bingbot/2.0; +http://www.bing.com/bingbot.htm)" "-"
207.46.13.71 - - [10/May/2018:02:54:38 +0200] "GET /fussball/damen/facebook-news/ HTTP/1.1" 200 6939 www.fc-schnaittach.de "-" "Mozilla/5.0 (compatible; bingbot/2.0; +http://www.bing.com/bingbot.htm)" "-"
207.46.13.71 - - [10/May/2018:02:54:38 +0200] "GET /fussball/damen/ HTTP/1.1" 200 8155 www.fc-schnaittach.de "-" "Mozilla/5.0 (compatible; bingbot/2.0; +http://www.bing.com/bingbot.htm)" "-"
207.46.13.71 - - [10/May/2018:02:54:39 +0200] "GET /f3-jugend/ HTTP/1.1" 200 7251 www.fc-schnaittach.de "-" "Mozilla/5.0 (compatible; bingbot/2.0; +http://www.bing.com/bingbot.htm)" "-"
207.46.13.71 - - [10/May/2018:02:54:39 +0200] "GET /hauptverein/kontakt/ HTTP/1.1" 200 7314 www.fc-schnaittach.de "-" "Mozilla/5.0 (compatible; bingbot/2.0; +http://www.bing.com/bingbot.htm)" "-"
207.46.13.71 - - [10/May/2018:02:54:40 +0200] "GET /category/news/page/7/ HTTP/1.1" 404 5761 www.fc-schnaittach.de "-" "Mozilla/5.0 (compatible; bingbot/2.0; +http://www.bing.com/bingbot.htm)" "-"
207.46.13.71 - - [10/May/2018:02:54:40 +0200] "GET /jahresfahrt-2015/ HTTP/1.1" 404 5761 www.fc-schnaittach.de "-" "Mozilla/5.0 (compatible; bingbot/2.0; +http://www.bing.com/bingbot.htm)" "-"
207.46.13.71 - - [10/May/2018:02:54:41 +0200] "GET /jahresfahrt-der-wanderabteilung-2/ HTTP/1.1" 404 5761 www.fc-schnaittach.de "-" "Mozilla/5.0 (compatible; bingbot/2.0; +http://www.bing.com/bingbot.htm)" "-"
207.46.13.111 - - [10/May/2018:02:54:46 +0200] "GET /tischtennis/damen/ HTTP/1.1" 200 6784 www.fc-schnaittach.de "-" "Mozilla/5.0 (compatible; bingbot/2.0; +http://www.bing.com/bingbot.htm)" "-"
207.46.13.111 - - [10/May/2018:02:54:47 +0200] "GET /trainingszeiten-und-spieltermine-fuer-20162017/ HTTP/1.1" 404 5761 www.fc-schnaittach.de "-" "Mozilla/5.0 (compatible; bingbot/2.0; +http://www.bing.com/bingbot.htm)" "-"
207.46.13.111 - - [10/May/2018:02:54:47 +0200] "GET /hauptverein/sponsoren/ HTTP/1.1" 200 6580 www.fc-schnaittach.de "-" "Mozilla/5.0 (compatible; bingbot/2.0; +http://www.bing.com/bingbot.htm)" "-"
207.46.13.111 - - [10/May/2018:02:54:48 +0200] "GET /g-jugend/ HTTP/1.1" 200 7154 www.fc-schnaittach.de "-" "Mozilla/5.0 (compatible; bingbot/2.0; +http://www.bing.com/bingbot.htm)" "-"
207.46.13.111 - - [10/May/2018:02:54:48 +0200] "GET /fussball/damen/ansprechpartner/ HTTP/1.1" 200 7171 www.fc-schnaittach.de "-" "Mozilla/5.0 (compatible; bingbot/2.0; +http://www.bing.com/bingbot.htm)" "-"
207.46.13.111 - - [10/May/2018:02:54:49 +0200] "GET /fussball/damen/aktuelle-nachrichten-fuer-die-damen-kreisliga-erlangenpegnitzgrund/ HTTP/1.1" 200 6850 www.fc-schnaittach.de "-" "Mozilla/5.0 (compatible; bingbot/2.0; +http://www.bing.com/bingbot.htm)" "-"
207.46.13.111 - - [10/May/2018:02:54:49 +0200] "GET /herren-1/ HTTP/1.1" 301 23 www.fc-schnaittach.de "-" "Mozilla/5.0 (compatible; bingbot/2.0; +http://www.bing.com/bingbot.htm)" "-"
207.46.13.111 - - [10/May/2018:02:54:50 +0200] "GET /impressum/ HTTP/1.1" 200 9274 www.fc-schnaittach.de "-" "Mozilla/5.0 (compatible; bingbot/2.0; +http://www.bing.com/bingbot.htm)" "-"
207.46.13.111 - - [10/May/2018:02:54:50 +0200] "GET /hauptverein/mitgliedschaft/ HTTP/1.1" 200 6561 www.fc-schnaittach.de "-" "Mozilla/5.0 (compatible; bingbot/2.0; +http://www.bing.com/bingbot.htm)" "-"
207.46.13.111 - - [10/May/2018:02:54:51 +0200] "GET /fussball/2-damen/ HTTP/1.1" 200 6610 www.fc-schnaittach.de "-" "Mozilla/5.0 (compatible; bingbot/2.0; +http://www.bing.com/bingbot.htm)" "-"
207.46.13.111 - - [10/May/2018:02:54:51 +0200] "GET /e3-jugend/ HTTP/1.1" 200 7196 www.fc-schnaittach.de "-" "Mozilla/5.0 (compatible; bingbot/2.0; +http://www.bing.com/bingbot.htm)" "-"
207.46.13.111 - - [10/May/2018:02:54:52 +0200] "GET /category/news/ HTTP/1.1" 200 8497 www.fc-schnaittach.de "-" "Mozilla/5.0 (compatible; bingbot/2.0; +http://www.bing.com/bingbot.htm)" "-"
207.46.13.111 - - [10/May/2018:02:54:52 +0200] "GET /karate-teilnahme-an-der-bezirksmeisterschaft-2015/ HTTP/1.1" 200 7610 www.fc-schnaittach.de "-" "Mozilla/5.0 (compatible; bingbot/2.0; +http://www.bing.com/bingbot.htm)" "-"
207.46.13.111 - - [10/May/2018:02:54:53 +0200] "GET /karate/ HTTP/1.1" 200 8444 www.fc-schnaittach.de "-" "Mozilla/5.0 (compatible; bingbot/2.0; +http://www.bing.com/bingbot.htm)" "-"
207.46.13.111 - - [10/May/2018:02:54:53 +0200] "GET /kirwa-turnier-1-fc-schnaittach/ HTTP/1.1" 200 6383 www.fc-schnaittach.de "-" "Mozilla/5.0 (compatible; bingbot/2.0; +http://www.bing.com/bingbot.htm)" "-"
207.46.13.111 - - [10/May/2018:02:54:54 +0200] "GET /hauptverein/terminvorschau/ HTTP/1.1" 200 6230 www.fc-schnaittach.de "-" "Mozilla/5.0 (compatible; bingbot/2.0; +http://www.bing.com/bingbot.htm)" "-"
207.46.13.102 - - [10/May/2018:02:55:03 +0200] "GET /tag/sportheim/ HTTP/1.1" 200 5688 www.fc-schnaittach.de "-" "Mozilla/5.0 (compatible; bingbot/2.0; +http://www.bing.com/bingbot.htm)" "-"
207.46.13.102 - - [10/May/2018:02:55:03 +0200] "GET /vorbereitungsplan-der-1-2-damenmannschaft-sommer-2017/ HTTP/1.1" 200 6550 www.fc-schnaittach.de "-" "Mozilla/5.0 (compatible; bingbot/2.0; +http://www.bing.com/bingbot.htm)" "-"
207.46.13.102 - - [10/May/2018:02:55:04 +0200] "GET /category/news/fussball/ HTTP/1.1" 200 9669 www.fc-schnaittach.de "-" "Mozilla/5.0 (compatible; bingbot/2.0; +http://www.bing.com/bingbot.htm)" "-"
207.46.13.102 - - [10/May/2018:02:55:04 +0200] "GET /budo/ HTTP/1.1" 200 7433 www.fc-schnaittach.de "-" "Mozilla/5.0 (compatible; bingbot/2.0; +http://www.bing.com/bingbot.htm)" "-"
207.46.13.102 - - [10/May/2018:02:55:05 +0200] "GET /jahresfahrt-der-wanderabteilung-2016/ HTTP/1.1" 404 5761 www.fc-schnaittach.de "-" "Mozilla/5.0 (compatible; bingbot/2.0; +http://www.bing.com/bingbot.htm)" "-"
207.46.13.102 - - [10/May/2018:02:55:05 +0200] "GET /mitgliederversammlung-am-17-03/ HTTP/1.1" 200 6315 www.fc-schnaittach.de "-" "Mozilla/5.0 (compatible; bingbot/2.0; +http://www.bing.com/bingbot.htm)" "-"
207.46.13.116 - - [10/May/2018:02:55:08 +0200] "GET /hauptverein/geschichte/ HTTP/1.1" 200 8071 www.fc-schnaittach.de "-" "Mozilla/5.0 (compatible; bingbot/2.0; +http://www.bing.com/bingbot.htm)" "-"
207.46.13.116 - - [10/May/2018:02:55:09 +0200] "GET /hauptverein/anfahrt/ HTTP/1.1" 200 6322 www.fc-schnaittach.de "-" "Mozilla/5.0 (compatible; bingbot/2.0; +http://www.bing.com/bingbot.htm)" "-"
207.46.13.116 - - [10/May/2018:02:55:09 +0200] "GET /fussball/2-mannschaft/ HTTP/1.1" 200 9343 www.fc-schnaittach.de "-" "Mozilla/5.0 (compatible; bingbot/2.0; +http://www.bing.com/bingbot.htm)" "-"
207.46.13.116 - - [10/May/2018:02:55:10 +0200] "GET /category/news/hauptverein/ HTTP/1.1" 200 8400 www.fc-schnaittach.de "-" "Mozilla/5.0 (compatible; bingbot/2.0; +http://www.bing.com/bingbot.htm)" "-"
207.46.13.116 - - [10/May/2018:02:55:10 +0200] "GET /ansprechpartner/fussball/ HTTP/1.1" 200 8172 www.fc-schnaittach.de "-" "Mozilla/5.0 (compatible; bingbot/2.0; +http://www.bing.com/bingbot.htm)" "-"
207.46.13.116 - - [10/May/2018:02:55:11 +0200] "GET /jahresfahrt-der-wanderabteilung-3/ HTTP/1.1" 200 8099 www.fc-schnaittach.de "-" "Mozilla/5.0 (compatible; bingbot/2.0; +http://www.bing.com/bingbot.htm)" "-"
207.46.13.116 - - [10/May/2018:02:55:11 +0200] "GET /sporterlebnistag-am-1-juni/ HTTP/1.1" 200 6481 www.fc-schnaittach.de "-" "Mozilla/5.0 (compatible; bingbot/2.0; +http://www.bing.com/bingbot.htm)" "-"
207.46.13.102 - - [10/May/2018:02:57:08 +0200] "GET /wp-content/uploads/2014/10/P1018312.jpg HTTP/1.1" 200 1951193 www.fc-schnaittach.de "-" "Mozilla/5.0 (compatible; bingbot/2.0; +http://www.bing.com/bingbot.htm)" "-"
2a03:2880:2020:bfe0:face:b00c:0:8000 - - [10/May/2018:03:09:06 +0200] "GET /wp-content/uploads/2018/03/DIN_A6_Flyer_22.02.2018_1.png HTTP/1.1" 200 205587 www.fc-schnaittach.de "-" "facebookexternalhit/1.1 (+http://www.facebook.com/externalhit_uatext.php)" "-"
66.249.66.149 - - [10/May/2018:03:13:57 +0200] "GET /dragon-run-kids/ HTTP/1.1" 200 6489 www.fc-schnaittach.de "-" "Mozilla/5.0 (Linux; Android 6.0.1; Nexus 5X Build/MMB29P) AppleWebKit/537.36 (KHTML, like Gecko) Chrome/41.0.2272.96 Mobile Safari/537.36 (compatible; Googlebot/2.1; +http://www.google.com/bot.html)" "-"
54.36.148.245 - - [10/May/2018:03:19:03 +0200] "GET /fcs-ii-tsv-brand-ii-20-25-10-2015/ HTTP/1.1" 404 5761 www.fc-schnaittach.de "-" "Mozilla/5.0 (compatible; AhrefsBot/5.2; +http://ahrefs.com/robot/)" "-"
66.249.66.134 - - [10/May/2018:03:20:06 +0200] "GET /wp-content/uploads/2014/10/J_Wandner.jpg HTTP/1.1" 301 278 www.fc-schnaittach.de "-" "Googlebot-Image/1.0" "-"
66.249.66.151 - - [10/May/2018:03:20:07 +0200] "GET /wp-content/uploads/2014/10/J_Wandner.jpg HTTP/1.1" 200 114352 www.fc-schnaittach.de "-" "Googlebot-Image/1.0" "-"
207.46.13.111 - - [10/May/2018:03:20:32 +0200] "GET /tag/spenderstein/feed/ HTTP/1.1" 200 1141 www.fc-schnaittach.de "-" "Mozilla/5.0 (compatible; bingbot/2.0; +http://www.bing.com/bingbot.htm)" "-"
207.46.13.102 - - [10/May/2018:03:20:50 +0200] "GET /fcs-ii-asv-pettensiedel-42-06-09-2015/feed/ HTTP/1.1" 200 553 www.fc-schnaittach.de "-" "Mozilla/5.0 (compatible; bingbot/2.0; +http://www.bing.com/bingbot.htm)" "-"
217.160.63.10 - - [10/May/2018:03:23:33 +0200] "POST /wp-cron.php?doing_wp_cron=1525915413.2837359905242919921875 HTTP/1.1" 200 23 www.fc-schnaittach.de "https://www.fc-schnaittach.de/wp-cron.php?doing_wp_cron=1525915413.2837359905242919921875" "WordPress/4.9.5; https://www.fc-schnaittach.de" "-"
207.46.13.111 - - [10/May/2018:03:23:33 +0200] "GET /maifeiertag-2017/feed/ HTTP/1.1" 200 545 www.fc-schnaittach.de "-" "Mozilla/5.0 (compatible; bingbot/2.0; +http://www.bing.com/bingbot.htm)" "-"
89.204.138.239 - - [10/May/2018:03:24:19 +0200] "GET / HTTP/1.1" 301 238 fc-schnaittach.de "-" "Mozilla/5.0 (Linux; Android 5.0.2; SAMSUNG SM-T535 Build/LRX22G) AppleWebKit/537.36 (KHTML, like Gecko) SamsungBrowser/3.3 Chrome/38.0.2125.102 Safari/537.36" "-"
89.204.138.239 - - [10/May/2018:03:24:19 +0200] "GET / HTTP/1.1" 200 7771 www.fc-schnaittach.de "-" "Mozilla/5.0 (Linux; Android 5.0.2; SAMSUNG SM-T535 Build/LRX22G) AppleWebKit/537.36 (KHTML, like Gecko) SamsungBrowser/3.3 Chrome/38.0.2125.102 Safari/537.36" "-"
89.204.138.239 - - [10/May/2018:03:24:20 +0200] "GET /wp-includes/js/wp-emoji-release.min.js?ver=4.9.5 HTTP/1.1" 200 11721 www.fc-schnaittach.de "https://www.fc-schnaittach.de/" "Mozilla/5.0 (Linux; Android 5.0.2; SAMSUNG SM-T535 Build/LRX22G) AppleWebKit/537.36 (KHTML, like Gecko) SamsungBrowser/3.3 Chrome/38.0.2125.102 Safari/537.36" "-"
89.204.138.239 - - [10/May/2018:03:24:20 +0200] "GET /wp-content/plugins/contact-form-7/includes/css/styles.css?ver=5.0.1 HTTP/1.1" 200 1683 www.fc-schnaittach.de "https://www.fc-schnaittach.de/" "Mozilla/5.0 (Linux; Android 5.0.2; SAMSUNG SM-T535 Build/LRX22G) AppleWebKit/537.36 (KHTML, like Gecko) SamsungBrowser/3.3 Chrome/38.0.2125.102 Safari/537.36" "-"
89.204.138.239 - - [10/May/2018:03:24:20 +0200] "GET /wp-content/plugins/feedzy-rss-feeds/css/feedzy-rss-feeds.css?ver=3.2.10 HTTP/1.1" 200 9822 www.fc-schnaittach.de "https://www.fc-schnaittach.de/" "Mozilla/5.0 (Linux; Android 5.0.2; SAMSUNG SM-T535 Build/LRX22G) AppleWebKit/537.36 (KHTML, like Gecko) SamsungBrowser/3.3 Chrome/38.0.2125.102 Safari/537.36" "-"
89.204.138.239 - - [10/May/2018:03:24:20 +0200] "GET /wp-content/plugins/user-access-manager/assets/css/uamLoginForm.css?ver=2.1.11 HTTP/1.1" 200 468 www.fc-schnaittach.de "https://www.fc-schnaittach.de/" "Mozilla/5.0 (Linux; Android 5.0.2; SAMSUNG SM-T535 Build/LRX22G) AppleWebKit/537.36 (KHTML, like Gecko) SamsungBrowser/3.3 Chrome/38.0.2125.102 Safari/537.36" "-"
89.204.138.239 - - [10/May/2018:03:24:20 +0200] "GET /wp-content/plugins/recently-updated-posts-widget/css/style.css?ver=4.9.5 HTTP/1.1" 200 45 www.fc-schnaittach.de "https://www.fc-schnaittach.de/" "Mozilla/5.0 (Linux; Android 5.0.2; SAMSUNG SM-T535 Build/LRX22G) AppleWebKit/537.36 (KHTML, like Gecko) SamsungBrowser/3.3 Chrome/38.0.2125.102 Safari/537.36" "-"
89.204.138.239 - - [10/May/2018:03:24:20 +0200] "GET /wp-content/themes/fcs/css/jquery.smartmenus.bootstrap.css?ver=1418749976 HTTP/1.1" 200 3128 www.fc-schnaittach.de "https://www.fc-schnaittach.de/" "Mozilla/5.0 (Linux; Android 5.0.2; SAMSUNG SM-T535 Build/LRX22G) AppleWebKit/537.36 (KHTML, like Gecko) SamsungBrowser/3.3 Chrome/38.0.2125.102 Safari/537.36" "-"
89.204.138.239 - - [10/May/2018:03:24:20 +0200] "GET /wp-content/themes/fcs/style.css?ver=1460744932 HTTP/1.1" 200 22587 www.fc-schnaittach.de "https://www.fc-schnaittach.de/" "Mozilla/5.0 (Linux; Android 5.0.2; SAMSUNG SM-T535 Build/LRX22G) AppleWebKit/537.36 (KHTML, like Gecko) SamsungBrowser/3.3 Chrome/38.0.2125.102 Safari/537.36" "-"
89.204.138.239 - - [10/May/2018:03:24:21 +0200] "GET /wp-includes/js/jquery/jquery.js?ver=1.12.4 HTTP/1.1" 200 97184 www.fc-schnaittach.de "https://www.fc-schnaittach.de/" "Mozilla/5.0 (Linux; Android 5.0.2; SAMSUNG SM-T535 Build/LRX22G) AppleWebKit/537.36 (KHTML, like Gecko) SamsungBrowser/3.3 Chrome/38.0.2125.102 Safari/537.36" "-"
89.204.138.239 - - [10/May/2018:03:24:21 +0200] "GET /wp-includes/js/jquery/jquery-migrate.min.js?ver=1.4.1 HTTP/1.1" 200 10056 www.fc-schnaittach.de "https://www.fc-schnaittach.de/" "Mozilla/5.0 (Linux; Android 5.0.2; SAMSUNG SM-T535 Build/LRX22G) AppleWebKit/537.36 (KHTML, like Gecko) SamsungBrowser/3.3 Chrome/38.0.2125.102 Safari/537.36" "-"
89.204.138.239 - - [10/May/2018:03:24:21 +0200] "GET /wp-content/themes/fcs/images/production/FcsWappen.png?ver=1487205002 HTTP/1.1" 200 12482 www.fc-schnaittach.de "https://www.fc-schnaittach.de/" "Mozilla/5.0 (Linux; Android 5.0.2; SAMSUNG SM-T535 Build/LRX22G) AppleWebKit/537.36 (KHTML, like Gecko) SamsungBrowser/3.3 Chrome/38.0.2125.102 Safari/537.36" "-"
89.204.138.239 - - [10/May/2018:03:24:21 +0200] "GET /wp-content/themes/fcs/js/fcs.js?ver=1442772175 HTTP/1.1" 200 5542 www.fc-schnaittach.de "https://www.fc-schnaittach.de/" "Mozilla/5.0 (Linux; Android 5.0.2; SAMSUNG SM-T535 Build/LRX22G) AppleWebKit/537.36 (KHTML, like Gecko) SamsungBrowser/3.3 Chrome/38.0.2125.102 Safari/537.36" "-"
89.204.138.239 - - [10/May/2018:03:24:21 +0200] "GET /wp-content/themes/fcs/js/jquery.smartmenus.min.js?ver=1418750004 HTTP/1.1" 200 22672 www.fc-schnaittach.de "https://www.fc-schnaittach.de/" "Mozilla/5.0 (Linux; Android 5.0.2; SAMSUNG SM-T535 Build/LRX22G) AppleWebKit/537.36 (KHTML, like Gecko) SamsungBrowser/3.3 Chrome/38.0.2125.102 Safari/537.36" "-"
89.204.138.239 - - [10/May/2018:03:24:21 +0200] "GET /wp-content/themes/fcs/js/jquery.smartmenus.bootstrap.min.js?ver=1418750004 HTTP/1.1" 200 1252 www.fc-schnaittach.de "https://www.fc-schnaittach.de/" "Mozilla/5.0 (Linux; Android 5.0.2; SAMSUNG SM-T535 Build/LRX22G) AppleWebKit/537.36 (KHTML, like Gecko) SamsungBrowser/3.3 Chrome/38.0.2125.102 Safari/537.36" "-"
89.204.138.239 - - [10/May/2018:03:24:21 +0200] "GET /wp-content/themes/fcs/images/production/Transparent.png?ver=1487205002 HTTP/1.1" 200 124 www.fc-schnaittach.de "https://www.fc-schnaittach.de/" "Mozilla/5.0 (Linux; Android 5.0.2; SAMSUNG SM-T535 Build/LRX22G) AppleWebKit/537.36 (KHTML, like Gecko) SamsungBrowser/3.3 Chrome/38.0.2125.102 Safari/537.36" "-"
89.204.138.239 - - [10/May/2018:03:24:21 +0200] "GET /wp-content/plugins/contact-form-7/includes/js/scripts.js?ver=5.0.1 HTTP/1.1" 200 14551 www.fc-schnaittach.de "https://www.fc-schnaittach.de/" "Mozilla/5.0 (Linux; Android 5.0.2; SAMSUNG SM-T535 Build/LRX22G) AppleWebKit/537.36 (KHTML, like Gecko) SamsungBrowser/3.3 Chrome/38.0.2125.102 Safari/537.36" "-"
89.204.138.239 - - [10/May/2018:03:24:21 +0200] "GET /wp-content/themes/fcs/images/production/Transparent.png HTTP/1.1" 200 124 www.fc-schnaittach.de "https://www.fc-schnaittach.de/" "Mozilla/5.0 (Linux; Android 5.0.2; SAMSUNG SM-T535 Build/LRX22G) AppleWebKit/537.36 (KHTML, like Gecko) SamsungBrowser/3.3 Chrome/38.0.2125.102 Safari/537.36" "-"
89.204.138.239 - - [10/May/2018:03:24:21 +0200] "GET /wp-includes/js/wp-embed.min.js?ver=4.9.5 HTTP/1.1" 200 1398 www.fc-schnaittach.de "https://www.fc-schnaittach.de/" "Mozilla/5.0 (Linux; Android 5.0.2; SAMSUNG SM-T535 Build/LRX22G) AppleWebKit/537.36 (KHTML, like Gecko) SamsungBrowser/3.3 Chrome/38.0.2125.102 Safari/537.36" "-"
89.204.138.239 - - [10/May/2018:03:24:21 +0200] "GET /wp-content/themes/fcs/images/production/FcsWappen.png HTTP/1.1" 200 12482 www.fc-schnaittach.de "https://www.fc-schnaittach.de/" "Mozilla/5.0 (Linux; Android 5.0.2; SAMSUNG SM-T535 Build/LRX22G) AppleWebKit/537.36 (KHTML, like Gecko) SamsungBrowser/3.3 Chrome/38.0.2125.102 Safari/537.36" "-"
89.204.138.239 - - [10/May/2018:03:24:22 +0200] "GET /wp-content/themes/fcs/images/production/Tischtennis_Production.jpg?ver=1487205002 HTTP/1.1" 200 16063 www.fc-schnaittach.de "https://www.fc-schnaittach.de/" "Mozilla/5.0 (Linux; Android 5.0.2; SAMSUNG SM-T535 Build/LRX22G) AppleWebKit/537.36 (KHTML, like Gecko) SamsungBrowser/3.3 Chrome/38.0.2125.102 Safari/537.36" "-"
89.204.138.239 - - [10/May/2018:03:24:22 +0200] "GET /wp-content/themes/fcs/images/production/FcsWappenMobileBookmark.png?ver=1487205003 HTTP/1.1" 200 12628 www.fc-schnaittach.de "-" "Mozilla/5.0 (Linux; Android 5.0.2; SAMSUNG SM-T535 Build/LRX22G) AppleWebKit/537.36 (KHTML, like Gecko) SamsungBrowser/3.3 Chrome/38.0.2125.102 Safari/537.36" "-"
89.204.138.239 - - [10/May/2018:03:24:22 +0200] "GET /wp-content/themes/fcs/images/production/Fussball_Production.jpg?ver=1487205002 HTTP/1.1" 200 24902 www.fc-schnaittach.de "https://www.fc-schnaittach.de/" "Mozilla/5.0 (Linux; Android 5.0.2; SAMSUNG SM-T535 Build/LRX22G) AppleWebKit/537.36 (KHTML, like Gecko) SamsungBrowser/3.3 Chrome/38.0.2125.102 Safari/537.36" "-"
89.204.138.239 - - [10/May/2018:03:24:23 +0200] "GET /wp-content/themes/fcs/images/production/FcsWappen.ico?ver=1420564287 HTTP/1.1" 200 4606 www.fc-schnaittach.de "-" "Mozilla/5.0 (Linux; Android 5.0.2; SAMSUNG SM-T535 Build/LRX22G) AppleWebKit/537.36 (KHTML, like Gecko) SamsungBrowser/3.3 Chrome/38.0.2125.102 Safari/537.36" "-"
89.204.138.239 - - [10/May/2018:03:24:23 +0200] "GET /wp-content/themes/fcs/images/production/Budo_Production.jpg?ver=1487205003 HTTP/1.1" 200 9924 www.fc-schnaittach.de "https://www.fc-schnaittach.de/" "Mozilla/5.0 (Linux; Android 5.0.2; SAMSUNG SM-T535 Build/LRX22G) AppleWebKit/537.36 (KHTML, like Gecko) SamsungBrowser/3.3 Chrome/38.0.2125.102 Safari/537.36" "-"
89.204.138.239 - - [10/May/2018:03:24:23 +0200] "GET /wp-content/themes/fcs/images/production/Wandern_Production.jpg?ver=1487205003 HTTP/1.1" 200 16247 www.fc-schnaittach.de "https://www.fc-schnaittach.de/" "Mozilla/5.0 (Linux; Android 5.0.2; SAMSUNG SM-T535 Build/LRX22G) AppleWebKit/537.36 (KHTML, like Gecko) SamsungBrowser/3.3 Chrome/38.0.2125.102 Safari/537.36" "-"
89.204.138.239 - - [10/May/2018:03:24:23 +0200] "GET /wp-content/themes/fcs/images/production/Zumba_Production.jpg?ver=1487205003 HTTP/1.1" 200 54365 www.fc-schnaittach.de "https://www.fc-schnaittach.de/" "Mozilla/5.0 (Linux; Android 5.0.2; SAMSUNG SM-T535 Build/LRX22G) AppleWebKit/537.36 (KHTML, like Gecko) SamsungBrowser/3.3 Chrome/38.0.2125.102 Safari/537.36" "-"
89.204.138.239 - - [10/May/2018:03:24:23 +0200] "GET /wp-content/themes/fcs/images/production/Karate_Production.jpg?ver=1487205002 HTTP/1.1" 200 16055 www.fc-schnaittach.de "https://www.fc-schnaittach.de/" "Mozilla/5.0 (Linux; Android 5.0.2; SAMSUNG SM-T535 Build/LRX22G) AppleWebKit/537.36 (KHTML, like Gecko) SamsungBrowser/3.3 Chrome/38.0.2125.102 Safari/537.36" "-"
89.204.138.239 - - [10/May/2018:03:24:23 +0200] "GET /wp-content/uploads/2018/05/SAM_1762-002-300x225.jpg HTTP/1.1" 200 22206 www.fc-schnaittach.de "https://www.fc-schnaittach.de/" "Mozilla/5.0 (Linux; Android 5.0.2; SAMSUNG SM-T535 Build/LRX22G) AppleWebKit/537.36 (KHTML, like Gecko) SamsungBrowser/3.3 Chrome/38.0.2125.102 Safari/537.36" "-"
89.204.138.239 - - [10/May/2018:03:24:23 +0200] "GET /wp-content/uploads/2018/05/Small_Wall_1-300x300.jpg HTTP/1.1" 200 25990 www.fc-schnaittach.de "https://www.fc-schnaittach.de/" "Mozilla/5.0 (Linux; Android 5.0.2; SAMSUNG SM-T535 Build/LRX22G) AppleWebKit/537.36 (KHTML, like Gecko) SamsungBrowser/3.3 Chrome/38.0.2125.102 Safari/537.36" "-"
89.204.138.239 - - [10/May/2018:03:24:23 +0200] "GET /wp-content/themes/fcs/images/production/WappenThumbnail.png HTTP/1.1" 200 13158 www.fc-schnaittach.de "https://www.fc-schnaittach.de/" "Mozilla/5.0 (Linux; Android 5.0.2; SAMSUNG SM-T535 Build/LRX22G) AppleWebKit/537.36 (KHTML, like Gecko) SamsungBrowser/3.3 Chrome/38.0.2125.102 Safari/537.36" "-"
89.204.138.239 - - [10/May/2018:03:24:23 +0200] "GET /wp-content/uploads/2017/09/SAM_1659-300x225.jpg HTTP/1.1" 200 20551 www.fc-schnaittach.de "https://www.fc-schnaittach.de/" "Mozilla/5.0 (Linux; Android 5.0.2; SAMSUNG SM-T535 Build/LRX22G) AppleWebKit/537.36 (KHTML, like Gecko) SamsungBrowser/3.3 Chrome/38.0.2125.102 Safari/537.36" "-"
89.204.138.239 - - [10/May/2018:03:24:44 +0200] "GET /dragon-run-28-07-2018/ HTTP/1.1" 200 6546 www.fc-schnaittach.de "https://www.fc-schnaittach.de/" "Mozilla/5.0 (Linux; Android 5.0.2; SAMSUNG SM-T535 Build/LRX22G) AppleWebKit/537.36 (KHTML, like Gecko) SamsungBrowser/3.3 Chrome/38.0.2125.102 Safari/537.36" "-"
89.204.138.239 - - [10/May/2018:03:24:45 +0200] "GET /wp-content/uploads/2018/04/A3-Poster-724x1024.jpeg HTTP/1.1" 200 148817 www.fc-schnaittach.de "https://www.fc-schnaittach.de/dragon-run-28-07-2018/" "Mozilla/5.0 (Linux; Android 5.0.2; SAMSUNG SM-T535 Build/LRX22G) AppleWebKit/537.36 (KHTML, like Gecko) SamsungBrowser/3.3 Chrome/38.0.2125.102 Safari/537.36" "-"
207.46.13.102 - - [10/May/2018:03:26:34 +0200] "GET /wp-content/uploads/2014/12/13731508269647197.jpg HTTP/1.1" 301 286 www.fc-schnaittach.de "-" "Mozilla/5.0 (compatible; bingbot/2.0; +http://www.bing.com/bingbot.htm)" "-"
207.46.13.102 - - [10/May/2018:03:26:36 +0200] "GET /wp-content/uploads/2014/12/13731508269647197.jpg HTTP/1.1" 200 125988 www.fc-schnaittach.de "-" "Mozilla/5.0 (compatible; bingbot/2.0; +http://www.bing.com/bingbot.htm)" "-"
194.187.170.112 - - [10/May/2018:03:27:05 +0200] "GET /der-1-fc-schnaittach-erhaelt-die-goldene-raute-des-bfv/ HTTP/1.1" 200 7208 www.fc-schnaittach.de "-" "Mozilla/5.0 (compatible; Qwantify/2.4w; +https://www.qwant.com/)/2.4w" "-"
207.46.13.116 - - [10/May/2018:03:28:48 +0200] "GET /wp-content/uploads/2016/11/Clara-Plobner.jpg HTTP/1.1" 301 282 www.fc-schnaittach.de "-" "Mozilla/5.0 (compatible; bingbot/2.0; +http://www.bing.com/bingbot.htm)" "-"
207.46.13.116 - - [10/May/2018:03:28:49 +0200] "GET /wp-content/uploads/2016/11/Clara-Plobner.jpg HTTP/1.1" 200 1035716 www.fc-schnaittach.de "-" "Mozilla/5.0 (compatible; bingbot/2.0; +http://www.bing.com/bingbot.htm)" "-"
207.46.13.71 - - [10/May/2018:03:39:20 +0200] "GET /maifeiertag-2017/feed/ HTTP/1.1" 200 544 www.fc-schnaittach.de "-" "Mozilla/5.0 (compatible; bingbot/2.0; +http://www.bing.com/bingbot.htm)" "-"
66.249.66.153 - - [10/May/2018:03:53:49 +0200] "GET /noch-platz-fuer-spender/ HTTP/1.1" 200 6204 www.fc-schnaittach.de "-" "Mozilla/5.0 (compatible; Googlebot/2.1; +http://www.google.com/bot.html)" "-"
207.46.13.111 - - [10/May/2018:03:55:46 +0200] "GET /sitemap-pt-post-2018-05.xml HTTP/1.1" 200 635 www.fc-schnaittach.de "-" "Mozilla/5.0 (compatible; bingbot/2.0; +http://www.bing.com/bingbot.htm)" "-"
66.249.66.151 - - [10/May/2018:03:58:23 +0200] "GET /e3-jugend/ HTTP/1.1" 200 7195 www.fc-schnaittach.de "-" "Mozilla/5.0 (compatible; Googlebot/2.1; +http://www.google.com/bot.html)" "-"
207.46.13.111 - - [10/May/2018:03:59:13 +0200] "GET /neufassung-der-satzung-ausserordentliche-mitgliederversammlung/ HTTP/1.1" 200 6986 www.fc-schnaittach.de "-" "Mozilla/5.0 (compatible; bingbot/2.0; +http://www.bing.com/bingbot.htm)" "-"
207.46.13.102 - - [10/May/2018:03:59:52 +0200] "GET /hauptverein/sportheim/feed/ HTTP/1.1" 200 543 www.fc-schnaittach.de "-" "Mozilla/5.0 (compatible; bingbot/2.0; +http://www.bing.com/bingbot.htm)" "-"
66.249.66.136 - - [10/May/2018:04:02:52 +0200] "GET /wp-content/uploads/2014/10/IMG-20150412-WA0001.jpg HTTP/1.1" 301 288 www.fc-schnaittach.de "-" "Googlebot-Image/1.0" "-"
66.249.66.151 - - [10/May/2018:04:02:53 +0200] "GET /wp-content/uploads/2014/10/IMG-20150412-WA0001.jpg HTTP/1.1" 200 125184 www.fc-schnaittach.de "-" "Googlebot-Image/1.0" "-"
2001:8003:f414:4600:6852:5796:5ebf:6c1 - - [10/May/2018:04:14:59 +0200] "GET /wp-content/uploads/2015/01/DSC00624.jpg HTTP/1.1" 301 277 www.fc-schnaittach.de "-" "Mozilla/5.0 (Windows NT 6.1; WOW64; Trident/7.0; rv:11.0) like Gecko" "-"
2001:8003:f414:4600:6852:5796:5ebf:6c1 - - [10/May/2018:04:15:01 +0200] "GET /wp-content/uploads/2015/01/DSC00624.jpg HTTP/1.1" 200 141484 www.fc-schnaittach.de "-" "Mozilla/5.0 (Windows NT 6.1; WOW64; Trident/7.0; rv:11.0) like Gecko" "-"
17.58.102.210 - - [10/May/2018:04:27:33 +0200] "GET /robots.txt HTTP/1.1" 200 35 www.fc-schnaittach.de "-" "Mozilla/5.0 (Macintosh; Intel Mac OS X 10_10_1) AppleWebKit/600.2.5 (KHTML, like Gecko) Version/8.0.2 Safari/600.2.5 (Applebot/0.1; +http://www.apple.com/go/applebot)" "-"
217.160.63.10 - - [10/May/2018:04:27:34 +0200] "POST /wp-cron.php?doing_wp_cron=1525919254.2568869590759277343750 HTTP/1.1" 200 23 www.fc-schnaittach.de "https://www.fc-schnaittach.de/wp-cron.php?doing_wp_cron=1525919254.2568869590759277343750" "WordPress/4.9.5; https://www.fc-schnaittach.de" "-"
17.58.102.210 - - [10/May/2018:04:27:34 +0200] "GET /tagesausflug-nach-volkach/ HTTP/1.1" 200 7262 www.fc-schnaittach.de "-" "Mozilla/5.0 (Macintosh; Intel Mac OS X 10_10_1) AppleWebKit/600.2.5 (KHTML, like Gecko) Version/8.0.2 Safari/600.2.5 (Applebot/0.1; +http://www.apple.com/go/applebot)" "-"
17.58.102.210 - - [10/May/2018:04:27:34 +0200] "GET /robots.txt HTTP/1.1" 200 35 www.fc-schnaittach.de "-" "Mozilla/5.0 (Macintosh; Intel Mac OS X 10_10_1) AppleWebKit/600.2.5 (KHTML, like Gecko) Version/8.0.2 Safari/600.2.5 (Applebot/0.1; +http://www.apple.com/go/applebot)" "-"
