40.77.167.5 - - [06/May/2018:00:00:04 +0200] "GET /wp-content/uploads/2016/05/NeuerTrainier-169x300.jpg HTTP/1.1" 200 16105 www.fc-schnaittach.de "-" "Mozilla/5.0 (compatible; bingbot/2.0; +http://www.bing.com/bingbot.htm)" "-"
91.210.145.87 - - [06/May/2018:00:04:51 +0200] "POST /wp-login.php HTTP/1.1" 200 1311 www.fc-schnaittach.de "https://www.fc-schnaittach.de/wp-login.php" "Mozilla/5.0 (Windows NT 10.0; WOW64) AppleWebKit/537.36 (KHTML, like Gecko) Chrome/53.0.2785.143 Safari/537.36" "-"
91.210.145.87 - - [06/May/2018:00:04:51 +0200] "GET /wp-admin/ HTTP/1.1" 302 23 www.fc-schnaittach.de "https://www.fc-schnaittach.de/wp-admin/" "Mozilla/5.0 (Windows NT 10.0; WOW64) AppleWebKit/537.36 (KHTML, like Gecko) Chrome/53.0.2785.143 Safari/537.36" "-"
66.249.64.207 - - [06/May/2018:00:04:59 +0200] "GET /jahresfahrt-der-wanderabteilung-3/ HTTP/1.1" 200 8118 www.fc-schnaittach.de "-" "Mozilla/5.0 (compatible; Googlebot/2.1; +http://www.google.com/bot.html)" "-"
46.119.118.96 - - [06/May/2018:00:06:09 +0200] "GET /karate-teilnahme-an-der-bezirksmeisterschaft-2015/ HTTP/1.1" 200 29806 www.fc-schnaittach.de "http://xn----7sbabn5abjehfwi8bj.xn--p1ai/" "Mozilla/4.0 (compatible; MSIE 6.0; Windows NT 5.0)" "-"
207.46.13.51 - - [06/May/2018:00:08:25 +0200] "GET /sporterlebnistag-am-1-juni/ HTTP/1.1" 200 6502 www.fc-schnaittach.de "-" "Mozilla/5.0 (compatible; bingbot/2.0; +http://www.bing.com/bingbot.htm)" "-"
217.160.63.10 - - [06/May/2018:00:10:53 +0200] "POST /wp-cron.php?doing_wp_cron=1525558253.1844251155853271484375 HTTP/1.1" 200 23 www.fc-schnaittach.de "https://www.fc-schnaittach.de/wp-cron.php?doing_wp_cron=1525558253.1844251155853271484375" "WordPress/4.9.5; https://www.fc-schnaittach.de" "-"
66.249.64.205 - - [06/May/2018:00:10:53 +0200] "GET / HTTP/1.1" 200 7739 www.fc-schnaittach.de "-" "Mozilla/5.0 (compatible; Googlebot/2.1; +http://www.google.com/bot.html)" "-"
66.249.64.196 - - [06/May/2018:00:10:54 +0200] "GET / HTTP/1.1" 301 23 fc-schnaittach.de "-" "Mozilla/5.0 (compatible; Googlebot/2.1; +http://www.google.com/bot.html)" "-"
66.249.64.207 - - [06/May/2018:00:11:07 +0200] "GET /wp-includes/js/wp-embed.min.js?ver=4.9.5 HTTP/1.1" 200 1398 www.fc-schnaittach.de "https://www.fc-schnaittach.de/" "Mozilla/5.0 (compatible; Googlebot/2.1; +http://www.google.com/bot.html)" "-"
66.249.64.203 - - [06/May/2018:00:11:08 +0200] "GET /wp-includes/js/wp-emoji-release.min.js?ver=4.9.5 HTTP/1.1" 200 11721 www.fc-schnaittach.de "https://www.fc-schnaittach.de/" "Mozilla/5.0 (compatible; Googlebot/2.1; +http://www.google.com/bot.html)" "-"
66.249.64.205 - - [06/May/2018:00:11:09 +0200] "GET / HTTP/1.1" 200 7739 www.fc-schnaittach.de "-" "Mozilla/5.0 (Linux; Android 6.0.1; Nexus 5X Build/MMB29P) AppleWebKit/537.36 (KHTML, like Gecko) Chrome/41.0.2272.96 Mobile Safari/537.36 (compatible; Googlebot/2.1; +http://www.google.com/bot.html)" "-"
66.249.64.203 - - [06/May/2018:00:11:56 +0200] "GET /sitemap-pt-page-2015-02.xml HTTP/1.1" 200 627 www.fc-schnaittach.de "-" "Mozilla/5.0 (compatible; Googlebot/2.1; +http://www.google.com/bot.html)" "-"
207.46.13.36 - - [06/May/2018:00:14:15 +0200] "GET /wp-content/uploads/2016/08/13567217_1108260252579010_6066009343219602641_n.jpg HTTP/1.1" 301 316 www.fc-schnaittach.de "-" "Mozilla/5.0 (compatible; bingbot/2.0; +http://www.bing.com/bingbot.htm)" "-"
207.46.13.36 - - [06/May/2018:00:14:16 +0200] "GET /wp-content/uploads/2016/08/13567217_1108260252579010_6066009343219602641_n.jpg HTTP/1.1" 200 183161 www.fc-schnaittach.de "-" "Mozilla/5.0 (compatible; bingbot/2.0; +http://www.bing.com/bingbot.htm)" "-"
207.46.13.36 - - [06/May/2018:00:14:24 +0200] "GET /wp-content/uploads/2015/03/Franziska-Pfisterer-300x225.jpg HTTP/1.1" 301 296 www.fc-schnaittach.de "-" "Mozilla/5.0 (compatible; bingbot/2.0; +http://www.bing.com/bingbot.htm)" "-"
207.46.13.36 - - [06/May/2018:00:14:24 +0200] "GET /wp-content/uploads/2015/03/Franziska-Pfisterer-300x225.jpg HTTP/1.1" 200 18397 www.fc-schnaittach.de "-" "Mozilla/5.0 (compatible; bingbot/2.0; +http://www.bing.com/bingbot.htm)" "-"
207.46.13.36 - - [06/May/2018:00:15:56 +0200] "GET /wp-content/uploads/2015/02/01.jpg HTTP/1.1" 200 175337 www.fc-schnaittach.de "-" "Mozilla/5.0 (compatible; bingbot/2.0; +http://www.bing.com/bingbot.htm)" "-"
91.210.145.87 - - [06/May/2018:00:20:18 +0200] "POST /wp-login.php HTTP/1.1" 200 1310 www.fc-schnaittach.de "https://www.fc-schnaittach.de/wp-login.php" "Mozilla/5.0 (Windows NT 10.0; WOW64) AppleWebKit/537.36 (KHTML, like Gecko) Chrome/53.0.2785.143 Safari/537.36" "-"
91.210.145.87 - - [06/May/2018:00:20:19 +0200] "GET /wp-admin/ HTTP/1.1" 302 23 www.fc-schnaittach.de "https://www.fc-schnaittach.de/wp-admin/" "Mozilla/5.0 (Windows NT 10.0; WOW64) AppleWebKit/537.36 (KHTML, like Gecko) Chrome/53.0.2785.143 Safari/537.36" "-"
91.210.145.87 - - [06/May/2018:00:36:16 +0200] "POST /wp-login.php HTTP/1.1" 200 1311 www.fc-schnaittach.de "https://www.fc-schnaittach.de/wp-login.php" "Mozilla/5.0 (Windows NT 10.0; WOW64) AppleWebKit/537.36 (KHTML, like Gecko) Chrome/53.0.2785.143 Safari/537.36" "-"
217.160.63.10 - - [06/May/2018:00:36:17 +0200] "POST /wp-cron.php?doing_wp_cron=1525559777.0946099758148193359375 HTTP/1.1" 200 23 www.fc-schnaittach.de "https://www.fc-schnaittach.de/wp-cron.php?doing_wp_cron=1525559777.0946099758148193359375" "WordPress/4.9.5; https://www.fc-schnaittach.de" "-"
91.210.145.87 - - [06/May/2018:00:36:17 +0200] "GET /wp-admin/ HTTP/1.1" 302 23 www.fc-schnaittach.de "https://www.fc-schnaittach.de/wp-admin/" "Mozilla/5.0 (Windows NT 10.0; WOW64) AppleWebKit/537.36 (KHTML, like Gecko) Chrome/53.0.2785.143 Safari/537.36" "-"
66.249.64.207 - - [06/May/2018:00:36:57 +0200] "GET /fussball/1-mannschaft/galerie/ HTTP/1.1" 200 8831 www.fc-schnaittach.de "-" "Mozilla/5.0 (compatible; Googlebot/2.1; +http://www.google.com/bot.html)" "-"
66.249.64.205 - - [06/May/2018:00:38:49 +0200] "GET /fussball/damen/ansprechpartner/ HTTP/1.1" 200 7188 www.fc-schnaittach.de "-" "Mozilla/5.0 (compatible; Googlebot/2.1; +http://www.google.com/bot.html)" "-"
2a03:2880:2120:6fe1:face:b00c:0:8000 - - [06/May/2018:00:39:51 +0200] "GET /wp-content/uploads/2018/03/DIN_A6_Flyer_22.02.2018_1.png HTTP/1.1" 200 205587 www.fc-schnaittach.de "-" "facebookexternalhit/1.1 (+http://www.facebook.com/externalhit_uatext.php)" "-"
207.46.13.36 - - [06/May/2018:00:41:51 +0200] "GET /wp-content/uploads/2015/03/SAM_0365.jpg HTTP/1.1" 301 277 www.fc-schnaittach.de "-" "Mozilla/5.0 (compatible; bingbot/2.0; +http://www.bing.com/bingbot.htm)" "-"
207.46.13.36 - - [06/May/2018:00:41:53 +0200] "GET /wp-content/uploads/2015/03/SAM_0365.jpg HTTP/1.1" 200 114772 www.fc-schnaittach.de "-" "Mozilla/5.0 (compatible; bingbot/2.0; +http://www.bing.com/bingbot.htm)" "-"
66.249.64.203 - - [06/May/2018:00:42:12 +0200] "GET /wechsel-in-der-sportlichen-leitung-unserer-1-mannschaft/ HTTP/1.1" 200 6862 www.fc-schnaittach.de "-" "Mozilla/5.0 (compatible; Googlebot/2.1; +http://www.google.com/bot.html)" "-"
54.36.148.69 - - [06/May/2018:00:49:06 +0200] "GET /budo/pruefungsvorbereitung-mit-chris-grupe-baku-20-03-15/ HTTP/1.1" 200 7650 www.fc-schnaittach.de "-" "Mozilla/5.0 (compatible; AhrefsBot/5.2; +http://ahrefs.com/robot/)" "-"
91.210.145.87 - - [06/May/2018:00:51:23 +0200] "POST /wp-login.php HTTP/1.1" 200 1311 www.fc-schnaittach.de "https://www.fc-schnaittach.de/wp-login.php" "Mozilla/5.0 (Windows NT 10.0; WOW64) AppleWebKit/537.36 (KHTML, like Gecko) Chrome/53.0.2785.143 Safari/537.36" "-"
91.210.145.87 - - [06/May/2018:00:51:24 +0200] "GET /wp-admin/ HTTP/1.1" 302 23 www.fc-schnaittach.de "https://www.fc-schnaittach.de/wp-admin/" "Mozilla/5.0 (Windows NT 10.0; WOW64) AppleWebKit/537.36 (KHTML, like Gecko) Chrome/53.0.2785.143 Safari/537.36" "-"
66.249.64.205 - - [06/May/2018:00:53:43 +0200] "GET /hauptverein/sportheim/ HTTP/1.1" 200 6362 www.fc-schnaittach.de "-" "Mozilla/5.0 (compatible; Googlebot/2.1; +http://www.google.com/bot.html)" "-"
46.118.114.175 - - [06/May/2018:01:04:36 +0200] "GET /karate-teilnahme-an-der-bezirksmeisterschaft-2015/ HTTP/1.1" 200 29806 www.fc-schnaittach.de "https://pills24h.com/" "Mozilla/4.0 (compatible; MSIE 6.0; Windows NT 5.1; Deepnet Explorer 1.5.0; .NET CLR 1.0.3705)" "-"
46.118.114.175 - - [06/May/2018:01:04:37 +0200] "GET /karate-teilnahme-an-der-bezirksmeisterschaft-2015/ HTTP/1.1" 200 29806 www.fc-schnaittach.de "https://pills24h.com/" "Mozilla/4.0 (compatible; MSIE 6.0; Windows NT 5.1; Deepnet Explorer 1.5.0; .NET CLR 1.0.3705)" "-"
46.119.118.96 - - [06/May/2018:01:05:14 +0200] "GET /karate-teilnahme-an-der-bezirksmeisterschaft-2015/ HTTP/1.1" 200 29806 www.fc-schnaittach.de "http://pk-services.ru/" "Mozilla/4.0 (compatible; MSIE 6.0; Windows NT 5.0; .NET CLR 1.0.3705; .NET CLR 1.1.4322)" "-"
46.119.118.96 - - [06/May/2018:01:05:15 +0200] "GET /karate-teilnahme-an-der-bezirksmeisterschaft-2015/ HTTP/1.1" 200 29806 www.fc-schnaittach.de "http://pk-services.ru/" "Mozilla/4.0 (compatible; MSIE 6.0; Windows NT 5.0; .NET CLR 1.0.3705; .NET CLR 1.1.4322)" "-"
46.119.118.96 - - [06/May/2018:01:05:16 +0200] "GET /karate-teilnahme-an-der-bezirksmeisterschaft-2015/ HTTP/1.1" 200 29806 www.fc-schnaittach.de "http://pk-services.ru/" "Mozilla/4.0 (compatible; MSIE 6.0; Windows NT 5.0; .NET CLR 1.0.3705; .NET CLR 1.1.4322)" "-"
91.210.145.87 - - [06/May/2018:01:07:03 +0200] "POST /wp-login.php HTTP/1.1" 200 1311 www.fc-schnaittach.de "https://www.fc-schnaittach.de/wp-login.php" "Mozilla/5.0 (Windows NT 10.0; WOW64) AppleWebKit/537.36 (KHTML, like Gecko) Chrome/53.0.2785.143 Safari/537.36" "-"
91.210.145.87 - - [06/May/2018:01:07:04 +0200] "GET /wp-admin/ HTTP/1.1" 302 23 www.fc-schnaittach.de "https://www.fc-schnaittach.de/wp-admin/" "Mozilla/5.0 (Windows NT 10.0; WOW64) AppleWebKit/537.36 (KHTML, like Gecko) Chrome/53.0.2785.143 Safari/537.36" "-"
77.220.214.180 - - [06/May/2018:01:07:58 +0200] "HEAD / HTTP/1.1" 301 - www.fc-schnaittach.de "http://dompechey.by/catalog/kastor" "Mozilla/5.0 (compatible; MSIE5.00; Windows 2004)" "-"
45.227.254.240 - - [06/May/2018:01:09:24 +0200] "POST /wp-login.php HTTP/1.1" 301 250 www.fc-schnaittach.de "http://www.fc-schnaittach.de/wp-login.php" "Mozilla/5.0 (Windows NT 10.0; WOW64) AppleWebKit/535.18.65 (KHTML, like Gecko) Chrome/53.6.0776.5404 Safari/534.58" "-"
45.227.254.240 - - [06/May/2018:01:09:36 +0200] "POST /wp-login.php HTTP/1.1" 301 250 www.fc-schnaittach.de "http://www.fc-schnaittach.de/wp-login.php" "Mozilla/5.0 (Windows NT 10.0; WOW64) AppleWebKit/535.18.65 (KHTML, like Gecko) Chrome/53.6.0776.5404 Safari/534.58" "-"
217.160.63.10 - - [06/May/2018:01:09:48 +0200] "POST /wp-cron.php?doing_wp_cron=1525561788.3407239913940429687500 HTTP/1.1" 200 23 www.fc-schnaittach.de "https://www.fc-schnaittach.de/wp-cron.php?doing_wp_cron=1525561788.3407239913940429687500" "WordPress/4.9.5; https://www.fc-schnaittach.de" "-"
45.227.254.240 - - [06/May/2018:01:09:48 +0200] "GET /wp-login.php HTTP/1.1" 200 1205 www.fc-schnaittach.de "http://www.fc-schnaittach.de/wp-login.php" "Mozilla/5.0 (Windows NT 10.0; WOW64) AppleWebKit/535.18.65 (KHTML, like Gecko) Chrome/53.6.0776.5404 Safari/534.58" "-"
45.227.254.240 - - [06/May/2018:01:10:00 +0200] "GET /wp-login.php HTTP/1.1" 200 1203 www.fc-schnaittach.de "http://www.fc-schnaittach.de/wp-login.php" "Mozilla/5.0 (Windows NT 10.0; WOW64) AppleWebKit/535.18.65 (KHTML, like Gecko) Chrome/53.6.0776.5404 Safari/534.58" "-"
66.249.64.198 - - [06/May/2018:01:12:56 +0200] "GET /wp-content/plugins/contact-form-7/includes/js/jquery.form.min.js?ver=3.51.0-2014.06.20 HTTP/1.1" 404 5784 www.fc-schnaittach.de "http://www.fc-schnaittach.de/fcs-ii-tsv-rueckersdorf-03-11-10-2015/" "Mozilla/5.0 (compatible; Googlebot/2.1; +http://www.google.com/bot.html)" "-"
66.249.64.198 - - [06/May/2018:01:12:57 +0200] "GET /wp-content/plugins/user-access-manager/css/uamLoginForm.css?ver=1.0 HTTP/1.1" 404 5784 www.fc-schnaittach.de "http://www.fc-schnaittach.de/fcs-ii-tsv-rueckersdorf-03-11-10-2015/" "Mozilla/5.0 (compatible; Googlebot/2.1; +http://www.google.com/bot.html)" "-"
66.249.64.200 - - [06/May/2018:01:13:00 +0200] "GET /wp-content/plugins/user-access-manager/css/uamAdmin.css?ver=1.0 HTTP/1.1" 404 5784 www.fc-schnaittach.de "http://www.fc-schnaittach.de/fcs-ii-tsv-rueckersdorf-03-11-10-2015/" "Mozilla/5.0 (compatible; Googlebot/2.1; +http://www.google.com/bot.html)" "-"
66.249.64.200 - - [06/May/2018:01:13:03 +0200] "GET /wp-content/plugins/user-access-manager/js/functions.js?ver=4.6.1 HTTP/1.1" 404 5784 www.fc-schnaittach.de "http://www.fc-schnaittach.de/fcs-ii-tsv-rueckersdorf-03-11-10-2015/" "Mozilla/5.0 (compatible; Googlebot/2.1; +http://www.google.com/bot.html)" "-"
185.236.130.56 - - [06/May/2018:01:16:13 +0200] "HEAD / HTTP/1.1" 301 - www.fc-schnaittach.de "https://mhp.su/brands/strides" "Mozilla/7.0 (compatible; MSIE2.00; Windows 2009)" "-"
91.210.145.87 - - [06/May/2018:01:23:24 +0200] "POST /wp-login.php HTTP/1.1" 200 1311 www.fc-schnaittach.de "https://www.fc-schnaittach.de/wp-login.php" "Mozilla/5.0 (Windows NT 10.0; WOW64) AppleWebKit/537.36 (KHTML, like Gecko) Chrome/53.0.2785.143 Safari/537.36" "-"
217.160.63.10 - - [06/May/2018:01:23:25 +0200] "POST /wp-cron.php?doing_wp_cron=1525562605.0191950798034667968750 HTTP/1.1" 200 23 www.fc-schnaittach.de "https://www.fc-schnaittach.de/wp-cron.php?doing_wp_cron=1525562605.0191950798034667968750" "WordPress/4.9.5; https://www.fc-schnaittach.de" "-"
91.210.145.87 - - [06/May/2018:01:23:25 +0200] "GET /wp-admin/ HTTP/1.1" 302 23 www.fc-schnaittach.de "https://www.fc-schnaittach.de/wp-admin/" "Mozilla/5.0 (Windows NT 10.0; WOW64) AppleWebKit/537.36 (KHTML, like Gecko) Chrome/53.0.2785.143 Safari/537.36" "-"
46.119.118.96 - - [06/May/2018:01:29:37 +0200] "GET /karate-teilnahme-an-der-bezirksmeisterschaft-2015/ HTTP/1.1" 200 29806 www.fc-schnaittach.de "http://komputers-best.ru/" "Mozilla/4.0 (compatible- MSIE 6.0- Windows NT 5.1- SV1- .NET CLR 1.1.4322" "-"
46.119.118.96 - - [06/May/2018:01:29:39 +0200] "GET /karate-teilnahme-an-der-bezirksmeisterschaft-2015/ HTTP/1.1" 200 29806 www.fc-schnaittach.de "http://komputers-best.ru/" "Mozilla/4.0 (compatible- MSIE 6.0- Windows NT 5.1- SV1- .NET CLR 1.1.4322" "-"
77.37.207.127 - - [06/May/2018:01:29:53 +0200] "GET /wp-login.php HTTP/1.1" 301 250 fc-schnaittach.de "-" "Mozilla/5.0 (Windows NT 6.0; rv:34.0) Gecko/20100101 Firefox/34.0" "-"
77.37.207.127 - - [06/May/2018:01:30:05 +0200] "GET /wp-login.php HTTP/1.1" 200 2793 www.fc-schnaittach.de "-" "Mozilla/5.0 (Windows NT 6.0; rv:34.0) Gecko/20100101 Firefox/34.0" "-"
77.37.207.127 - - [06/May/2018:01:30:17 +0200] "POST /wp-login.php HTTP/1.1" 503 299 www.fc-schnaittach.de "https://www.fc-schnaittach.de/wp-login.php" "Mozilla/5.0 (Windows NT 6.0; rv:34.0) Gecko/20100101 Firefox/34.0" "-"
207.46.13.36 - - [06/May/2018:01:32:32 +0200] "GET /page-sitemap.xml HTTP/1.1" 200 5186 www.fc-schnaittach.de "-" "Mozilla/5.0 (compatible; bingbot/2.0; +http://www.bing.com/bingbot.htm)" "-"
91.210.145.87 - - [06/May/2018:01:39:04 +0200] "POST /wp-login.php HTTP/1.1" 200 1311 www.fc-schnaittach.de "https://www.fc-schnaittach.de/wp-login.php" "Mozilla/5.0 (Windows NT 10.0; WOW64) AppleWebKit/537.36 (KHTML, like Gecko) Chrome/53.0.2785.143 Safari/537.36" "-"
91.210.145.87 - - [06/May/2018:01:39:05 +0200] "GET /wp-admin/ HTTP/1.1" 302 23 www.fc-schnaittach.de "https://www.fc-schnaittach.de/wp-admin/" "Mozilla/5.0 (Windows NT 10.0; WOW64) AppleWebKit/537.36 (KHTML, like Gecko) Chrome/53.0.2785.143 Safari/537.36" "-"
66.249.64.207 - - [06/May/2018:01:42:19 +0200] "GET /guideline-ocr-dragon-run/ HTTP/1.1" 200 7337 www.fc-schnaittach.de "-" "Mozilla/5.0 (compatible; Googlebot/2.1; +http://www.google.com/bot.html)" "-"
66.249.64.207 - - [06/May/2018:01:43:46 +0200] "GET /ehrungen-beim-1-fc-schnaittach/ HTTP/1.1" 200 7552 www.fc-schnaittach.de "-" "Mozilla/5.0 (compatible; Googlebot/2.1; +http://www.google.com/bot.html)" "-"
144.217.245.243 - - [06/May/2018:01:51:03 +0200] "HEAD /sftp-config.json HTTP/1.1" 200 - www.fc-schnaittach.de "-" "Mozilla/5.0 (Windows NT 6.1; rv:34.0) Gecko/20100101 Firefox/34.0" "-"
144.217.245.243 - - [06/May/2018:01:51:04 +0200] "GET /sftp-config.json HTTP/1.1" 200 23645 www.fc-schnaittach.de "-" "Mozilla/5.0 (Windows NT 6.1; rv:34.0) Gecko/20100101 Firefox/34.0" "-"
94.180.115.153 - - [06/May/2018:01:51:13 +0200] "GET /wp-login.php HTTP/1.1" 301 250 fc-schnaittach.de "-" "Mozilla/5.0 (Windows NT 6.0; rv:34.0) Gecko/20100101 Firefox/34.0" "-"
94.180.115.153 - - [06/May/2018:01:51:25 +0200] "GET /wp-login.php HTTP/1.1" 200 2793 www.fc-schnaittach.de "-" "Mozilla/5.0 (Windows NT 6.0; rv:34.0) Gecko/20100101 Firefox/34.0" "-"
94.180.115.153 - - [06/May/2018:01:51:37 +0200] "POST /wp-login.php HTTP/1.1" 503 299 www.fc-schnaittach.de "https://www.fc-schnaittach.de/wp-login.php" "Mozilla/5.0 (Windows NT 6.0; rv:34.0) Gecko/20100101 Firefox/34.0" "-"
54.36.149.90 - - [06/May/2018:01:51:51 +0200] "GET /djk-weingarts-ii-fcs-ii-02-14-11-2015/feed/ HTTP/1.1" 200 552 www.fc-schnaittach.de "-" "Mozilla/5.0 (compatible; AhrefsBot/5.2; +http://ahrefs.com/robot/)" "-"
77.75.78.166 - - [06/May/2018:01:54:05 +0200] "GET /robots.txt HTTP/1.1" 200 35 www.fc-schnaittach.de "-" "Mozilla/5.0 (compatible; SeznamBot/3.2; +http://napoveda.seznam.cz/en/seznambot-intro/)" "-"
2a02:598:a::78:166 - - [06/May/2018:01:54:06 +0200] "GET /fussball/damen/ HTTP/1.1" 200 8170 www.fc-schnaittach.de "-" "Mozilla/5.0 (compatible; SeznamBot/3.2; +http://napoveda.seznam.cz/en/seznambot-intro/)" "-"
77.75.78.166 - - [06/May/2018:01:54:07 +0200] "GET /robots.txt HTTP/1.1" 301 248 www.fc-schnaittach.de "-" "Mozilla/5.0 (compatible; SeznamBot/3.2; +http://napoveda.seznam.cz/en/seznambot-intro/)" "-"
2a02:598:a::78:166 - - [06/May/2018:01:54:08 +0200] "GET /wp-content/uploads/2015/04/FCS-1-Mannschaft-1961-2.jpg HTTP/1.1" 301 292 www.fc-schnaittach.de "-" "Mozilla/5.0 (compatible; SeznamBot/3.2; +http://napoveda.seznam.cz/en/seznambot-intro/)" "-"
91.210.145.87 - - [06/May/2018:01:55:01 +0200] "POST /wp-login.php HTTP/1.1" 200 1310 www.fc-schnaittach.de "https://www.fc-schnaittach.de/wp-login.php" "Mozilla/5.0 (Windows NT 10.0; WOW64) AppleWebKit/537.36 (KHTML, like Gecko) Chrome/53.0.2785.143 Safari/537.36" "-"
91.210.145.87 - - [06/May/2018:01:55:01 +0200] "GET /wp-admin/ HTTP/1.1" 302 23 www.fc-schnaittach.de "https://www.fc-schnaittach.de/wp-admin/" "Mozilla/5.0 (Windows NT 10.0; WOW64) AppleWebKit/537.36 (KHTML, like Gecko) Chrome/53.0.2785.143 Safari/537.36" "-"
207.46.13.36 - - [06/May/2018:01:55:27 +0200] "GET /vorbereitungsplan-saison-20162017/ HTTP/1.1" 404 5784 www.fc-schnaittach.de "-" "Mozilla/5.0 (compatible; bingbot/2.0; +http://www.bing.com/bingbot.htm)" "-"
207.46.13.36 - - [06/May/2018:01:55:28 +0200] "GET /wp-content/uploads/2014/10/DSC03528-e1430394640707.jpg HTTP/1.1" 301 292 www.fc-schnaittach.de "-" "Mozilla/5.0 (compatible; bingbot/2.0; +http://www.bing.com/bingbot.htm)" "-"
207.46.13.36 - - [06/May/2018:01:55:29 +0200] "GET /wp-content/uploads/2014/10/DSC03528-e1430394640707.jpg HTTP/1.1" 200 118741 www.fc-schnaittach.de "-" "Mozilla/5.0 (compatible; bingbot/2.0; +http://www.bing.com/bingbot.htm)" "-"
85.25.210.234 - - [06/May/2018:01:56:46 +0200] "GET /robots.txt HTTP/1.1" 301 248 www.fc-schnaittach.de "-" "Mozilla/5.0 (compatible; adscanner/)" "-"
85.25.210.234 - - [06/May/2018:01:56:47 +0200] "GET /robots.txt HTTP/1.1" 200 35 www.fc-schnaittach.de "-" "Mozilla/5.0 (compatible; adscanner/)" "-"
85.25.210.234 - - [06/May/2018:01:56:48 +0200] "GET /wp-content/uploads/2018/04/Rockyourhair_2-300x101.png HTTP/1.1" 301 291 www.fc-schnaittach.de "-" "Mozilla/5.0 (compatible; adscanner/)" "-"
85.25.210.234 - - [06/May/2018:01:56:48 +0200] "GET /wp-content/uploads/2018/04/Rockyourhair_2-300x101.png HTTP/1.1" 200 17005 www.fc-schnaittach.de "-" "Mozilla/5.0 (compatible; adscanner/)" "-"
66.249.64.203 - - [06/May/2018:02:00:38 +0200] "GET /fussball/2-mannschaft/galerie-2-mannschaft/olympus-digital-camera-17/ HTTP/1.1" 200 195 www.fc-schnaittach.de "-" "Mozilla/5.0 (compatible; Googlebot/2.1; +http://www.google.com/bot.html)" "-"
207.46.13.36 - - [06/May/2018:02:05:08 +0200] "GET /fussball/2-mannschaft/facebook-news/ HTTP/1.1" 200 6956 www.fc-schnaittach.de "-" "Mozilla/5.0 (compatible; bingbot/2.0; +http://www.bing.com/bingbot.htm)" "-"
40.77.167.5 - - [06/May/2018:02:05:13 +0200] "GET /wp-includes/js/jquery/jquery-migrate.min.js?ver=1.4.1 HTTP/1.1" 301 291 www.fc-schnaittach.de "-" "Mozilla/5.0 (compatible; bingbot/2.0; +http://www.bing.com/bingbot.htm)" "-"
40.77.167.5 - - [06/May/2018:02:05:15 +0200] "GET /wp-includes/js/jquery/jquery-migrate.min.js?ver=1.4.1 HTTP/1.1" 200 10056 www.fc-schnaittach.de "-" "Mozilla/5.0 (compatible; bingbot/2.0; +http://www.bing.com/bingbot.htm)" "-"
207.46.13.51 - - [06/May/2018:02:05:15 +0200] "GET /wp-includes/js/jquery/jquery.js?ver=1.12.4 HTTP/1.1" 301 280 www.fc-schnaittach.de "-" "Mozilla/5.0 (compatible; bingbot/2.0; +http://www.bing.com/bingbot.htm)" "-"
207.46.13.51 - - [06/May/2018:02:05:17 +0200] "GET /wp-includes/js/jquery/jquery.js?ver=1.12.4 HTTP/1.1" 200 97184 www.fc-schnaittach.de "-" "Mozilla/5.0 (compatible; bingbot/2.0; +http://www.bing.com/bingbot.htm)" "-"
207.46.13.66 - - [06/May/2018:02:05:19 +0200] "GET /category/news/feed/ HTTP/1.1" 200 9441 www.fc-schnaittach.de "-" "Mozilla/5.0 (compatible; bingbot/2.0; +http://www.bing.com/bingbot.htm)" "-"
207.46.13.66 - - [06/May/2018:02:05:28 +0200] "GET /wp-content/plugins/contact-form-7/includes/css/styles.css?ver=5.0.1 HTTP/1.1" 301 305 www.fc-schnaittach.de "-" "Mozilla/5.0 (compatible; bingbot/2.0; +http://www.bing.com/bingbot.htm)" "-"
207.46.13.66 - - [06/May/2018:02:05:28 +0200] "GET /fussball/damen/mannschaft/ HTTP/1.1" 200 9219 www.fc-schnaittach.de "-" "Mozilla/5.0 (compatible; bingbot/2.0; +http://www.bing.com/bingbot.htm)" "-"
207.46.13.51 - - [06/May/2018:02:05:47 +0200] "GET /wp-includes/js/jquery/jquery.js?ver=1.12.4 HTTP/1.1" 301 280 www.fc-schnaittach.de "-" "Mozilla/5.0 (compatible; bingbot/2.0; +http://www.bing.com/bingbot.htm)" "-"
40.77.167.5 - - [06/May/2018:02:05:47 +0200] "GET /wp-content/themes/fcs/js/jquery.smartmenus.min.js?ver=1418750004 HTTP/1.1" 301 302 www.fc-schnaittach.de "-" "Mozilla/5.0 (compatible; bingbot/2.0; +http://www.bing.com/bingbot.htm)" "-"
207.46.13.51 - - [06/May/2018:02:05:48 +0200] "GET /wp-includes/js/jquery/jquery.js?ver=1.12.4 HTTP/1.1" 200 97184 www.fc-schnaittach.de "-" "Mozilla/5.0 (compatible; bingbot/2.0; +http://www.bing.com/bingbot.htm)" "-"
40.77.167.5 - - [06/May/2018:02:05:49 +0200] "GET /wp-content/themes/fcs/js/jquery.smartmenus.min.js?ver=1418750004 HTTP/1.1" 200 22672 www.fc-schnaittach.de "-" "Mozilla/5.0 (compatible; bingbot/2.0; +http://www.bing.com/bingbot.htm)" "-"
207.46.13.36 - - [06/May/2018:02:05:54 +0200] "GET /wp-includes/js/wp-embed.min.js?ver=4.9.5 HTTP/1.1" 301 278 www.fc-schnaittach.de "-" "Mozilla/5.0 (compatible; bingbot/2.0; +http://www.bing.com/bingbot.htm)" "-"
207.46.13.36 - - [06/May/2018:02:05:55 +0200] "GET /wp-includes/js/wp-embed.min.js?ver=4.9.5 HTTP/1.1" 200 1398 www.fc-schnaittach.de "-" "Mozilla/5.0 (compatible; bingbot/2.0; +http://www.bing.com/bingbot.htm)" "-"
207.46.13.66 - - [06/May/2018:02:05:57 +0200] "GET /wp-content/plugins/contact-form-7/includes/css/styles.css?ver=5.0.1 HTTP/1.1" 200 1683 www.fc-schnaittach.de "-" "Mozilla/5.0 (compatible; bingbot/2.0; +http://www.bing.com/bingbot.htm)" "-"
207.46.13.66 - - [06/May/2018:02:06:02 +0200] "GET /wp-content/plugins/contact-form-7/includes/js/scripts.js?ver=5.0.1 HTTP/1.1" 301 304 www.fc-schnaittach.de "-" "Mozilla/5.0 (compatible; bingbot/2.0; +http://www.bing.com/bingbot.htm)" "-"
207.46.13.66 - - [06/May/2018:02:06:12 +0200] "GET /wp-content/plugins/contact-form-7/includes/js/scripts.js?ver=5.0.1 HTTP/1.1" 200 14551 www.fc-schnaittach.de "-" "Mozilla/5.0 (compatible; bingbot/2.0; +http://www.bing.com/bingbot.htm)" "-"
91.210.145.87 - - [06/May/2018:02:10:57 +0200] "POST /wp-login.php HTTP/1.1" 200 1311 www.fc-schnaittach.de "https://www.fc-schnaittach.de/wp-login.php" "Mozilla/5.0 (Windows NT 10.0; WOW64) AppleWebKit/537.36 (KHTML, like Gecko) Chrome/53.0.2785.143 Safari/537.36" "-"
91.210.145.87 - - [06/May/2018:02:10:58 +0200] "GET /wp-admin/ HTTP/1.1" 302 23 www.fc-schnaittach.de "https://www.fc-schnaittach.de/wp-admin/" "Mozilla/5.0 (Windows NT 10.0; WOW64) AppleWebKit/537.36 (KHTML, like Gecko) Chrome/53.0.2785.143 Safari/537.36" "-"
187.111.192.66 - - [06/May/2018:02:21:42 +0200] "GET /wp-login.php HTTP/1.1" 200 1205 fc-schnaittach.de "https://www.google.com" "Mozilla/5.0 (Windows NT 6.0; rv:29.0) Gecko/20120101 Firefox/29.0" "-"
187.111.192.66 - - [06/May/2018:02:21:54 +0200] "POST /wp-login.php HTTP/1.1" 200 1614 fc-schnaittach.de "https://www.google.com" "Mozilla/5.0 (Windows NT 6.0; rv:29.0) Gecko/20120101 Firefox/29.0" "-"
217.160.63.10 - - [06/May/2018:02:22:41 +0200] "POST /wp-cron.php?doing_wp_cron=1525566161.4263129234313964843750 HTTP/1.1" 200 23 www.fc-schnaittach.de "https://www.fc-schnaittach.de/wp-cron.php?doing_wp_cron=1525566161.4263129234313964843750" "WordPress/4.9.5; https://www.fc-schnaittach.de" "-"
187.111.192.66 - - [06/May/2018:02:22:41 +0200] "POST /wp-login.php HTTP/1.1" 200 1613 fc-schnaittach.de "https://www.google.com" "Mozilla/5.0 (Windows NT 6.0; rv:29.0) Gecko/20120101 Firefox/29.0" "-"
66.249.64.207 - - [06/May/2018:02:24:12 +0200] "GET / HTTP/1.1" 200 7739 www.fc-schnaittach.de "-" "Mozilla/5.0 (Linux; Android 6.0.1; Nexus 5X Build/MMB29P) AppleWebKit/537.36 (KHTML, like Gecko) Chrome/41.0.2272.96 Mobile Safari/537.36 (compatible; Googlebot/2.1; +http://www.google.com/bot.html)" "-"
91.210.145.87 - - [06/May/2018:02:27:11 +0200] "POST /wp-login.php HTTP/1.1" 200 1311 www.fc-schnaittach.de "https://www.fc-schnaittach.de/wp-login.php" "Mozilla/5.0 (Windows NT 10.0; WOW64) AppleWebKit/537.36 (KHTML, like Gecko) Chrome/53.0.2785.143 Safari/537.36" "-"
91.210.145.87 - - [06/May/2018:02:27:12 +0200] "GET /wp-admin/ HTTP/1.1" 302 23 www.fc-schnaittach.de "https://www.fc-schnaittach.de/wp-admin/" "Mozilla/5.0 (Windows NT 10.0; WOW64) AppleWebKit/537.36 (KHTML, like Gecko) Chrome/53.0.2785.143 Safari/537.36" "-"
207.46.13.36 - - [06/May/2018:02:31:34 +0200] "GET /wp-content/uploads/2015/04/DSC00840.jpg HTTP/1.1" 200 198934 www.fc-schnaittach.de "-" "Mozilla/5.0 (compatible; bingbot/2.0; +http://www.bing.com/bingbot.htm)" "-"
66.249.64.205 - - [06/May/2018:02:38:16 +0200] "GET /fussball/1-mannschaft/dsc03540/ HTTP/1.1" 200 196 www.fc-schnaittach.de "-" "Mozilla/5.0 (compatible; Googlebot/2.1; +http://www.google.com/bot.html)" "-"
207.46.13.51 - - [06/May/2018:02:39:32 +0200] "GET /neugruendungderbudoabteilung/ HTTP/1.1" 200 6917 www.fc-schnaittach.de "-" "Mozilla/5.0 (compatible; bingbot/2.0; +http://www.bing.com/bingbot.htm)" "-"
91.210.145.87 - - [06/May/2018:02:43:08 +0200] "POST /wp-login.php HTTP/1.1" 200 1311 www.fc-schnaittach.de "https://www.fc-schnaittach.de/wp-login.php" "Mozilla/5.0 (Windows NT 10.0; WOW64) AppleWebKit/537.36 (KHTML, like Gecko) Chrome/53.0.2785.143 Safari/537.36" "-"
91.210.145.87 - - [06/May/2018:02:43:09 +0200] "GET /wp-admin/ HTTP/1.1" 302 23 www.fc-schnaittach.de "https://www.fc-schnaittach.de/wp-admin/" "Mozilla/5.0 (Windows NT 10.0; WOW64) AppleWebKit/537.36 (KHTML, like Gecko) Chrome/53.0.2785.143 Safari/537.36" "-"
46.118.114.175 - - [06/May/2018:02:48:17 +0200] "GET /karate-teilnahme-an-der-bezirksmeisterschaft-2015/ HTTP/1.1" 200 29806 www.fc-schnaittach.de "http://metallo-konstruktsii.ru/" "Mozilla/4.0 (compatible; MSIE 6.0; Windows 98; Win 9x 4.90; Creative)" "-"
46.118.114.175 - - [06/May/2018:02:48:18 +0200] "GET /karate-teilnahme-an-der-bezirksmeisterschaft-2015/ HTTP/1.1" 200 29806 www.fc-schnaittach.de "http://metallo-konstruktsii.ru/" "Mozilla/4.0 (compatible; MSIE 6.0; Windows 98; Win 9x 4.90; Creative)" "-"
207.46.13.51 - - [06/May/2018:02:48:38 +0200] "GET /wp-content/uploads/2015/06/WP_20150626_16_07_21_Pro-150x150.jpg HTTP/1.1" 200 8897 www.fc-schnaittach.de "-" "Mozilla/5.0 (compatible; bingbot/2.0; +http://www.bing.com/bingbot.htm)" "-"
207.46.13.66 - - [06/May/2018:02:51:14 +0200] "GET /wp-content/uploads/2015/08/IMG_6492-300x225.jpg HTTP/1.1" 301 285 www.fc-schnaittach.de "-" "Mozilla/5.0 (compatible; bingbot/2.0; +http://www.bing.com/bingbot.htm)" "-"
207.46.13.66 - - [06/May/2018:02:51:18 +0200] "GET /wp-content/uploads/2015/08/IMG_6492-300x225.jpg HTTP/1.1" 200 13840 www.fc-schnaittach.de "-" "Mozilla/5.0 (compatible; bingbot/2.0; +http://www.bing.com/bingbot.htm)" "-"
66.249.64.203 - - [06/May/2018:02:52:08 +0200] "GET /fussball/1-mannschaft/trainingsauftakt-saison-1617/ HTTP/1.1" 200 7607 www.fc-schnaittach.de "-" "Mozilla/5.0 (compatible; Googlebot/2.1; +http://www.google.com/bot.html)" "-"
207.46.13.66 - - [06/May/2018:02:57:48 +0200] "GET /wp-content/uploads/2015/03/Nadine-Vogl.jpg HTTP/1.1" 200 64963 www.fc-schnaittach.de "-" "Mozilla/5.0 (compatible; bingbot/2.0; +http://www.bing.com/bingbot.htm)" "-"
91.210.145.87 - - [06/May/2018:02:59:08 +0200] "POST /wp-login.php HTTP/1.1" 200 1311 www.fc-schnaittach.de "https://www.fc-schnaittach.de/wp-login.php" "Mozilla/5.0 (Windows NT 10.0; WOW64) AppleWebKit/537.36 (KHTML, like Gecko) Chrome/53.0.2785.143 Safari/537.36" "-"
91.210.145.87 - - [06/May/2018:02:59:09 +0200] "GET /wp-admin/ HTTP/1.1" 302 23 www.fc-schnaittach.de "https://www.fc-schnaittach.de/wp-admin/" "Mozilla/5.0 (Windows NT 10.0; WOW64) AppleWebKit/537.36 (KHTML, like Gecko) Chrome/53.0.2785.143 Safari/537.36" "-"
66.249.64.203 - - [06/May/2018:02:59:26 +0200] "GET /sitemap-pt-post-2018-05.xml HTTP/1.1" 200 588 www.fc-schnaittach.de "-" "Mozilla/5.0 (compatible; Googlebot/2.1; +http://www.google.com/bot.html)" "-"
40.77.167.5 - - [06/May/2018:03:09:12 +0200] "GET /1593-2/ HTTP/1.1" 404 5779 www.fc-schnaittach.de "-" "Mozilla/5.0 (compatible; bingbot/2.0; +http://www.bing.com/bingbot.htm)" "-"
178.46.78.170 - - [06/May/2018:03:11:10 +0200] "GET /wp-login.php HTTP/1.1" 301 250 fc-schnaittach.de "-" "Mozilla/5.0 (Windows NT 6.0; rv:34.0) Gecko/20100101 Firefox/34.0" "-"
178.46.78.170 - - [06/May/2018:03:11:22 +0200] "GET /wp-login.php HTTP/1.1" 200 2793 www.fc-schnaittach.de "-" "Mozilla/5.0 (Windows NT 6.0; rv:34.0) Gecko/20100101 Firefox/34.0" "-"
178.46.78.170 - - [06/May/2018:03:11:34 +0200] "POST /wp-login.php HTTP/1.1" 503 299 www.fc-schnaittach.de "https://www.fc-schnaittach.de/wp-login.php" "Mozilla/5.0 (Windows NT 6.0; rv:34.0) Gecko/20100101 Firefox/34.0" "-"
142.44.159.96 - - [06/May/2018:03:13:53 +0200] "GET /robots.txt HTTP/1.1" 200 35 www.fc-schnaittach.de "-" "Mozilla/5.0 (compatible; SiteExplorer/1.1b; +http://siteexplorer.info/Backlink-Checker-Spider/)" "-"
142.44.159.96 - - [06/May/2018:03:14:03 +0200] "GET /julius-hirsch-preis-urkunde/ HTTP/1.1" 200 7587 www.fc-schnaittach.de "-" "Mozilla/5.0 (compatible; SiteExplorer/1.1b; +http://siteexplorer.info/Backlink-Checker-Spider/)" "-"
142.44.159.96 - - [06/May/2018:03:14:12 +0200] "GET /fussball/1-mannschaft/ HTTP/1.1" 200 7410 www.fc-schnaittach.de "-" "Mozilla/5.0 (compatible; SiteExplorer/1.1b; +http://siteexplorer.info/Backlink-Checker-Spider/)" "-"
142.44.159.96 - - [06/May/2018:03:14:22 +0200] "GET /fcs-ii-fc-roethenbach-10-17-03-2018-2/ HTTP/1.1" 200 7897 www.fc-schnaittach.de "-" "Mozilla/5.0 (compatible; SiteExplorer/1.1b; +http://siteexplorer.info/Backlink-Checker-Spider/)" "-"
142.44.159.96 - - [06/May/2018:03:14:32 +0200] "GET /einladung-zur-mitgliederversammlung-2018/ HTTP/1.1" 200 6469 www.fc-schnaittach.de "-" "Mozilla/5.0 (compatible; SiteExplorer/1.1b; +http://siteexplorer.info/Backlink-Checker-Spider/)" "-"
142.44.159.96 - - [06/May/2018:03:14:45 +0200] "GET /mitgliederversammlung-am-17-03/ HTTP/1.1" 200 6329 www.fc-schnaittach.de "-" "Mozilla/5.0 (compatible; SiteExplorer/1.1b; +http://siteexplorer.info/Backlink-Checker-Spider/)" "-"
142.44.159.96 - - [06/May/2018:03:15:00 +0200] "GET /category/news/fussball/2-mannschaft/spielberichte/ HTTP/1.1" 200 7192 www.fc-schnaittach.de "-" "Mozilla/5.0 (compatible; SiteExplorer/1.1b; +http://siteexplorer.info/Backlink-Checker-Spider/)" "-"
142.44.159.96 - - [06/May/2018:03:15:10 +0200] "GET /fussball/3-mannschaft/ HTTP/1.1" 200 6627 www.fc-schnaittach.de "-" "Mozilla/5.0 (compatible; SiteExplorer/1.1b; +http://siteexplorer.info/Backlink-Checker-Spider/)" "-"
54.36.148.73 - - [06/May/2018:03:15:11 +0200] "GET /wp-content/uploads/2014/10/A_Lenz.jpg HTTP/1.1" 301 275 www.fc-schnaittach.de "-" "Mozilla/5.0 (compatible; AhrefsBot/5.2; +http://ahrefs.com/robot/)" "-"
142.44.159.96 - - [06/May/2018:03:15:24 +0200] "GET /impressum/ HTTP/1.1" 200 9269 www.fc-schnaittach.de "-" "Mozilla/5.0 (compatible; SiteExplorer/1.1b; +http://siteexplorer.info/Backlink-Checker-Spider/)" "-"
142.44.159.96 - - [06/May/2018:03:15:38 +0200] "GET /robots.txt HTTP/1.1" 200 35 www.fc-schnaittach.de "-" "Mozilla/5.0 (compatible; SiteExplorer/1.1b; +http://siteexplorer.info/Backlink-Checker-Spider/)" "-"
142.44.159.96 - - [06/May/2018:03:15:48 +0200] "GET /hauptverein/vereinsbus/ HTTP/1.1" 200 7106 www.fc-schnaittach.de "-" "Mozilla/5.0 (compatible; SiteExplorer/1.1b; +http://siteexplorer.info/Backlink-Checker-Spider/)" "-"
142.44.159.96 - - [06/May/2018:03:16:02 +0200] "GET /hauptverein/anfahrt/ HTTP/1.1" 200 6338 www.fc-schnaittach.de "-" "Mozilla/5.0 (compatible; SiteExplorer/1.1b; +http://siteexplorer.info/Backlink-Checker-Spider/)" "-"
142.44.159.96 - - [06/May/2018:03:16:14 +0200] "GET /category/news/fussball/frauen/ HTTP/1.1" 200 6486 www.fc-schnaittach.de "-" "Mozilla/5.0 (compatible; SiteExplorer/1.1b; +http://siteexplorer.info/Backlink-Checker-Spider/)" "-"
91.210.145.87 - - [06/May/2018:03:16:26 +0200] "POST /wp-login.php HTTP/1.1" 200 1311 www.fc-schnaittach.de "https://www.fc-schnaittach.de/wp-login.php" "Mozilla/5.0 (Windows NT 10.0; WOW64) AppleWebKit/537.36 (KHTML, like Gecko) Chrome/53.0.2785.143 Safari/537.36" "-"
142.44.159.96 - - [06/May/2018:03:16:27 +0200] "GET /fussball/damen/mannschaft/ HTTP/1.1" 200 9207 www.fc-schnaittach.de "-" "Mozilla/5.0 (compatible; SiteExplorer/1.1b; +http://siteexplorer.info/Backlink-Checker-Spider/)" "-"
91.210.145.87 - - [06/May/2018:03:16:27 +0200] "GET /wp-admin/ HTTP/1.1" 302 23 www.fc-schnaittach.de "https://www.fc-schnaittach.de/wp-admin/" "Mozilla/5.0 (Windows NT 10.0; WOW64) AppleWebKit/537.36 (KHTML, like Gecko) Chrome/53.0.2785.143 Safari/537.36" "-"
142.44.159.96 - - [06/May/2018:03:16:38 +0200] "GET /f3-jugend-2/ HTTP/1.1" 200 6908 www.fc-schnaittach.de "-" "Mozilla/5.0 (compatible; SiteExplorer/1.1b; +http://siteexplorer.info/Backlink-Checker-Spider/)" "-"
142.44.159.96 - - [06/May/2018:03:16:49 +0200] "GET /vereinsbusprojekt/ HTTP/1.1" 200 6556 www.fc-schnaittach.de "-" "Mozilla/5.0 (compatible; SiteExplorer/1.1b; +http://siteexplorer.info/Backlink-Checker-Spider/)" "-"
192.95.31.42 - - [06/May/2018:03:16:50 +0200] "GET / HTTP/1.1" 301 238 fc-schnaittach.de "-" "Mozilla/5.0 (Windows NT 6.1; Win64; x64) AppleWebKit/537.36 (KHTML, like Gecko) Chrome/62.0.3202.94 Safari/537.36" "-"
192.95.31.42 - - [06/May/2018:03:16:52 +0200] "GET / HTTP/1.1" 200 39743 www.fc-schnaittach.de "-" "Mozilla/5.0 (Windows NT 6.1; Win64; x64) AppleWebKit/537.36 (KHTML, like Gecko) Chrome/62.0.3202.94 Safari/537.36" "-"
142.44.159.96 - - [06/May/2018:03:16:59 +0200] "GET /tischtennis/herren-1/ HTTP/1.1" 200 6822 www.fc-schnaittach.de "-" "Mozilla/5.0 (compatible; SiteExplorer/1.1b; +http://siteexplorer.info/Backlink-Checker-Spider/)" "-"
142.44.159.96 - - [06/May/2018:03:17:09 +0200] "GET /julius-hirsch-preis-2015/ HTTP/1.1" 200 6227 www.fc-schnaittach.de "-" "Mozilla/5.0 (compatible; SiteExplorer/1.1b; +http://siteexplorer.info/Backlink-Checker-Spider/)" "-"
142.44.159.96 - - [06/May/2018:03:17:21 +0200] "GET /fcs-ii-tsv-rueckersdorf-ii-51-10-03-2018/ HTTP/1.1" 200 7690 www.fc-schnaittach.de "-" "Mozilla/5.0 (compatible; SiteExplorer/1.1b; +http://siteexplorer.info/Backlink-Checker-Spider/)" "-"
142.44.159.96 - - [06/May/2018:03:17:34 +0200] "GET /robots.txt HTTP/1.1" 301 248 fc-schnaittach.de "-" "Mozilla/5.0 (compatible; SiteExplorer/1.1b; +http://siteexplorer.info/Backlink-Checker-Spider/)" "-"
142.44.159.96 - - [06/May/2018:03:17:45 +0200] "GET /ansprechpartner/fussball/ HTTP/1.1" 200 8190 www.fc-schnaittach.de "-" "Mozilla/5.0 (compatible; SiteExplorer/1.1b; +http://siteexplorer.info/Backlink-Checker-Spider/)" "-"
142.44.159.96 - - [06/May/2018:03:18:14 +0200] "GET /kirwa-turnier-1-fc-schnaittach/ HTTP/1.1" 200 6402 www.fc-schnaittach.de "-" "Mozilla/5.0 (compatible; SiteExplorer/1.1b; +http://siteexplorer.info/Backlink-Checker-Spider/)" "-"
142.44.159.96 - - [06/May/2018:03:18:47 +0200] "GET /unterstuetzt-unsere-mannschaften/ HTTP/1.1" 200 6439 www.fc-schnaittach.de "-" "Mozilla/5.0 (compatible; SiteExplorer/1.1b; +http://siteexplorer.info/Backlink-Checker-Spider/)" "-"
142.44.159.96 - - [06/May/2018:03:18:56 +0200] "GET /tischtennis/herren-2/ HTTP/1.1" 200 6782 www.fc-schnaittach.de "-" "Mozilla/5.0 (compatible; SiteExplorer/1.1b; +http://siteexplorer.info/Backlink-Checker-Spider/)" "-"
142.44.159.96 - - [06/May/2018:03:19:06 +0200] "GET /category/news/fussball/ HTTP/1.1" 200 9636 www.fc-schnaittach.de "-" "Mozilla/5.0 (compatible; SiteExplorer/1.1b; +http://siteexplorer.info/Backlink-Checker-Spider/)" "-"
142.44.159.96 - - [06/May/2018:03:19:16 +0200] "GET /fussball/damen/spielplan-tabelle/ HTTP/1.1" 200 6791 www.fc-schnaittach.de "-" "Mozilla/5.0 (compatible; SiteExplorer/1.1b; +http://siteexplorer.info/Backlink-Checker-Spider/)" "-"
142.44.159.96 - - [06/May/2018:03:19:29 +0200] "GET / HTTP/1.1" 200 7740 www.fc-schnaittach.de "-" "Mozilla/5.0 (compatible; SiteExplorer/1.1b; +http://siteexplorer.info/Backlink-Checker-Spider/)" "-"
142.44.159.96 - - [06/May/2018:03:19:43 +0200] "GET /karate/ HTTP/1.1" 200 8461 www.fc-schnaittach.de "-" "Mozilla/5.0 (compatible; SiteExplorer/1.1b; +http://siteexplorer.info/Backlink-Checker-Spider/)" "-"
142.44.159.96 - - [06/May/2018:03:19:52 +0200] "GET /noch-platz-fuer-spender/ HTTP/1.1" 200 6226 www.fc-schnaittach.de "-" "Mozilla/5.0 (compatible; SiteExplorer/1.1b; +http://siteexplorer.info/Backlink-Checker-Spider/)" "-"
142.44.159.96 - - [06/May/2018:03:20:02 +0200] "GET /fussball/1-mannschaft/nachrichten-aus-der-liga-kreisliga-erlangen-pegnitzgrund-2/ HTTP/1.1" 200 8462 www.fc-schnaittach.de "-" "Mozilla/5.0 (compatible; SiteExplorer/1.1b; +http://siteexplorer.info/Backlink-Checker-Spider/)" "-"
142.44.159.96 - - [06/May/2018:03:20:14 +0200] "GET /sporterlebnistag-am-1-juni/ HTTP/1.1" 200 6499 www.fc-schnaittach.de "-" "Mozilla/5.0 (compatible; SiteExplorer/1.1b; +http://siteexplorer.info/Backlink-Checker-Spider/)" "-"
142.44.159.96 - - [06/May/2018:03:20:44 +0200] "GET /fussball/2-mannschaft/facebook-news/ HTTP/1.1" 200 6951 www.fc-schnaittach.de "-" "Mozilla/5.0 (compatible; SiteExplorer/1.1b; +http://siteexplorer.info/Backlink-Checker-Spider/)" "-"
142.44.159.96 - - [06/May/2018:03:20:53 +0200] "GET /dragonrun/ HTTP/1.1" 200 9081 www.fc-schnaittach.de "-" "Mozilla/5.0 (compatible; SiteExplorer/1.1b; +http://siteexplorer.info/Backlink-Checker-Spider/)" "-"
142.44.159.96 - - [06/May/2018:03:21:02 +0200] "GET /hauptverein/kontakt/ HTTP/1.1" 200 7332 www.fc-schnaittach.de "-" "Mozilla/5.0 (compatible; SiteExplorer/1.1b; +http://siteexplorer.info/Backlink-Checker-Spider/)" "-"
142.44.159.96 - - [06/May/2018:03:21:12 +0200] "GET /hauptverein/terminvorschau/ HTTP/1.1" 200 6249 www.fc-schnaittach.de "-" "Mozilla/5.0 (compatible; SiteExplorer/1.1b; +http://siteexplorer.info/Backlink-Checker-Spider/)" "-"
142.44.159.96 - - [06/May/2018:03:21:23 +0200] "GET /hauptverein/mitgliedschaft/ HTTP/1.1" 200 6579 www.fc-schnaittach.de "-" "Mozilla/5.0 (compatible; SiteExplorer/1.1b; +http://siteexplorer.info/Backlink-Checker-Spider/)" "-"
142.44.159.96 - - [06/May/2018:03:21:33 +0200] "GET /category/news/wandern/ HTTP/1.1" 200 6871 www.fc-schnaittach.de "-" "Mozilla/5.0 (compatible; SiteExplorer/1.1b; +http://siteexplorer.info/Backlink-Checker-Spider/)" "-"
142.44.159.96 - - [06/May/2018:03:21:43 +0200] "GET /tischtennis/herren-3/ HTTP/1.1" 200 6920 www.fc-schnaittach.de "-" "Mozilla/5.0 (compatible; SiteExplorer/1.1b; +http://siteexplorer.info/Backlink-Checker-Spider/)" "-"
142.44.159.96 - - [06/May/2018:03:21:52 +0200] "GET /tischtennis/damen/ HTTP/1.1" 200 6807 www.fc-schnaittach.de "-" "Mozilla/5.0 (compatible; SiteExplorer/1.1b; +http://siteexplorer.info/Backlink-Checker-Spider/)" "-"
142.44.159.96 - - [06/May/2018:03:22:02 +0200] "GET /budo/ HTTP/1.1" 200 7428 www.fc-schnaittach.de "-" "Mozilla/5.0 (compatible; SiteExplorer/1.1b; +http://siteexplorer.info/Backlink-Checker-Spider/)" "-"
142.44.159.96 - - [06/May/2018:03:22:12 +0200] "GET /fussball/2-mannschaft/galerie-2-mannschaft/ HTTP/1.1" 200 7240 www.fc-schnaittach.de "-" "Mozilla/5.0 (compatible; SiteExplorer/1.1b; +http://siteexplorer.info/Backlink-Checker-Spider/)" "-"
217.160.63.10 - - [06/May/2018:03:22:23 +0200] "HEAD /wp-content/uploads/2014/10/FCS-Aufnahmeantrag-SEPA-1.pdf HTTP/1.1" 301 - www.fc-schnaittach.de "https://www.fc-schnaittach.de" "Mozilla/5.0 (compatible; MSIE 9.0; Windows NT 6.1; WOW64; Trident/5.0)" "-"
217.160.63.10 - - [06/May/2018:03:22:23 +0200] "HEAD /wp-content/uploads/2014/10/FCS-Aufnahmeantrag-SEPA-1.pdf HTTP/1.1" 200 - www.fc-schnaittach.de "https://www.fc-schnaittach.de" "Mozilla/5.0 (compatible; MSIE 9.0; Windows NT 6.1; WOW64; Trident/5.0)" "-"
217.160.63.10 - - [06/May/2018:03:22:23 +0200] "POST /wp-cron.php?doing_wp_cron=1525569743.1883330345153808593750 HTTP/1.1" 200 23 www.fc-schnaittach.de "https://www.fc-schnaittach.de/wp-cron.php?doing_wp_cron=1525569743.1883330345153808593750" "WordPress/4.9.5; https://www.fc-schnaittach.de" "-"
142.44.159.96 - - [06/May/2018:03:22:23 +0200] "GET /e3-jugend/ HTTP/1.1" 200 7217 www.fc-schnaittach.de "-" "Mozilla/5.0 (compatible; SiteExplorer/1.1b; +http://siteexplorer.info/Backlink-Checker-Spider/)" "-"
185.209.20.147 - - [06/May/2018:03:22:27 +0200] "HEAD / HTTP/1.1" 301 - www.fc-schnaittach.de "https://timmy.by/catalog/igrushechnyj-transport" "Mozilla/2.0 (compatible; MSIE5.00; Windows 2008)" "-"
77.220.213.173 - - [06/May/2018:03:22:27 +0200] "HEAD / HTTP/1.1" 301 - www.fc-schnaittach.de "https://clothing-deal.club/collections/nails-tools" "Mozilla/4.0 (compatible; MSIE7.00; Windows 2006)" "-"
178.159.39.237 - - [06/May/2018:03:22:27 +0200] "HEAD / HTTP/1.1" 301 - www.fc-schnaittach.de "https://ledx.by/catalog/helios" "Mozilla/4.0 (compatible; MSIE3.00; Windows 2006)" "-"
142.44.159.96 - - [06/May/2018:03:22:33 +0200] "GET /hauptverein/sportheim/ HTTP/1.1" 200 6362 www.fc-schnaittach.de "-" "Mozilla/5.0 (compatible; SiteExplorer/1.1b; +http://siteexplorer.info/Backlink-Checker-Spider/)" "-"
142.44.159.96 - - [06/May/2018:03:22:42 +0200] "GET /hauptverein/sponsoren/ HTTP/1.1" 200 6597 www.fc-schnaittach.de "-" "Mozilla/5.0 (compatible; SiteExplorer/1.1b; +http://siteexplorer.info/Backlink-Checker-Spider/)" "-"
142.44.159.96 - - [06/May/2018:03:22:52 +0200] "GET /category/news/100-jahre/ HTTP/1.1" 200 6685 www.fc-schnaittach.de "-" "Mozilla/5.0 (compatible; SiteExplorer/1.1b; +http://siteexplorer.info/Backlink-Checker-Spider/)" "-"
142.44.159.96 - - [06/May/2018:03:23:02 +0200] "GET /fussball/2-damen/ HTTP/1.1" 200 6629 www.fc-schnaittach.de "-" "Mozilla/5.0 (compatible; SiteExplorer/1.1b; +http://siteexplorer.info/Backlink-Checker-Spider/)" "-"
142.44.159.96 - - [06/May/2018:03:23:12 +0200] "GET /hauptverein/bilder/ HTTP/1.1" 200 6495 www.fc-schnaittach.de "-" "Mozilla/5.0 (compatible; SiteExplorer/1.1b; +http://siteexplorer.info/Backlink-Checker-Spider/)" "-"
142.44.159.96 - - [06/May/2018:03:23:22 +0200] "GET /robots.txt HTTP/1.1" 200 35 www.fc-schnaittach.de "-" "Mozilla/5.0 (compatible; SiteExplorer/1.1b; +http://siteexplorer.info/Backlink-Checker-Spider/)" "-"
185.154.13.6 - - [06/May/2018:03:23:23 +0200] "HEAD / HTTP/1.1" 301 - www.fc-schnaittach.de "https://24h.doctor/catalog/pediatr" "Mozilla/6.0 (compatible; MSIE3.00; Windows 2003)" "-"
142.44.159.96 - - [06/May/2018:03:23:36 +0200] "GET /ansprechpartner/tischtennis/ HTTP/1.1" 200 6248 www.fc-schnaittach.de "-" "Mozilla/5.0 (compatible; SiteExplorer/1.1b; +http://siteexplorer.info/Backlink-Checker-Spider/)" "-"
46.118.114.175 - - [06/May/2018:03:23:37 +0200] "GET /karate-teilnahme-an-der-bezirksmeisterschaft-2015/ HTTP/1.1" 200 29806 www.fc-schnaittach.de "http://www.alinabaniecka.pl/en/what-do-i-offer/" "Mozilla/3.0 (x86 [en] Windows NT 5.1; Sun)" "-"
46.118.114.175 - - [06/May/2018:03:23:38 +0200] "GET /karate-teilnahme-an-der-bezirksmeisterschaft-2015/ HTTP/1.1" 200 29806 www.fc-schnaittach.de "http://www.alinabaniecka.pl/en/what-do-i-offer/" "Mozilla/3.0 (x86 [en] Windows NT 5.1; Sun)" "-"
142.44.159.96 - - [06/May/2018:03:23:50 +0200] "GET /robots.txt HTTP/1.1" 200 35 www.fc-schnaittach.de "-" "Mozilla/5.0 (compatible; SiteExplorer/1.1b; +http://siteexplorer.info/Backlink-Checker-Spider/)" "-"
142.44.159.96 - - [06/May/2018:03:23:59 +0200] "GET /trainingsplan-sommer-2017/ HTTP/1.1" 200 6589 www.fc-schnaittach.de "-" "Mozilla/5.0 (compatible; SiteExplorer/1.1b; +http://siteexplorer.info/Backlink-Checker-Spider/)" "-"
207.46.13.36 - - [06/May/2018:03:25:04 +0200] "GET /wp-content/uploads/2015/08/IMG_6453-300x225.jpg HTTP/1.1" 301 285 www.fc-schnaittach.de "-" "Mozilla/5.0 (compatible; bingbot/2.0; +http://www.bing.com/bingbot.htm)" "-"
207.46.13.36 - - [06/May/2018:03:25:05 +0200] "GET /wp-content/uploads/2015/08/IMG_6453-300x225.jpg HTTP/1.1" 200 19224 www.fc-schnaittach.de "-" "Mozilla/5.0 (compatible; bingbot/2.0; +http://www.bing.com/bingbot.htm)" "-"
54.36.149.78 - - [06/May/2018:03:29:57 +0200] "GET /fussball/frauen/facebook-news/feed/ HTTP/1.1" 404 5784 www.fc-schnaittach.de "-" "Mozilla/5.0 (compatible; AhrefsBot/5.2; +http://ahrefs.com/robot/)" "-"
77.75.77.17 - - [06/May/2018:03:30:35 +0200] "GET /robots.txt HTTP/1.1" 200 35 www.fc-schnaittach.de "-" "Mozilla/5.0 (compatible; SeznamBot/3.2; +http://napoveda.seznam.cz/en/seznambot-intro/)" "-"
2a02:598:2::1017 - - [06/May/2018:03:30:39 +0200] "GET /e3-jugend/ HTTP/1.1" 200 7217 www.fc-schnaittach.de "-" "Mozilla/5.0 (compatible; SeznamBot/3.2; +http://napoveda.seznam.cz/en/seznambot-intro/)" "-"
2a02:598:2::1017 - - [06/May/2018:03:30:47 +0200] "GET /1593-2/ HTTP/1.1" 404 5779 www.fc-schnaittach.de "-" "Mozilla/5.0 (compatible; SeznamBot/3.2; +http://napoveda.seznam.cz/en/seznambot-intro/)" "-"
77.75.77.17 - - [06/May/2018:03:30:50 +0200] "GET /robots.txt HTTP/1.1" 301 248 www.fc-schnaittach.de "-" "Mozilla/5.0 (compatible; SeznamBot/3.2; +http://napoveda.seznam.cz/en/seznambot-intro/)" "-"
2a02:598:2::1017 - - [06/May/2018:03:30:51 +0200] "GET /wp-content/uploads/2015/04/FCS-1Jugend-1959.gif HTTP/1.1" 301 285 www.fc-schnaittach.de "-" "Mozilla/5.0 (compatible; SeznamBot/3.2; +http://napoveda.seznam.cz/en/seznambot-intro/)" "-"
2a02:598:2::1017 - - [06/May/2018:03:30:51 +0200] "GET /fussball/damen/ HTTP/1.1" 200 8173 www.fc-schnaittach.de "-" "Mozilla/5.0 (compatible; SeznamBot/3.2; +http://napoveda.seznam.cz/en/seznambot-intro/)" "-"
66.249.64.205 - - [06/May/2018:03:31:47 +0200] "GET /noch-platz-fuer-spender/ HTTP/1.1" 200 6226 www.fc-schnaittach.de "-" "Mozilla/5.0 (compatible; Googlebot/2.1; +http://www.google.com/bot.html)" "-"
91.210.145.87 - - [06/May/2018:03:31:50 +0200] "POST /wp-login.php HTTP/1.1" 200 1311 www.fc-schnaittach.de "https://www.fc-schnaittach.de/wp-login.php" "Mozilla/5.0 (Windows NT 10.0; WOW64) AppleWebKit/537.36 (KHTML, like Gecko) Chrome/53.0.2785.143 Safari/537.36" "-"
91.210.145.87 - - [06/May/2018:03:31:50 +0200] "GET /wp-admin/ HTTP/1.1" 302 23 www.fc-schnaittach.de "https://www.fc-schnaittach.de/wp-admin/" "Mozilla/5.0 (Windows NT 10.0; WOW64) AppleWebKit/537.36 (KHTML, like Gecko) Chrome/53.0.2785.143 Safari/537.36" "-"
185.236.130.120 - - [06/May/2018:03:32:14 +0200] "HEAD / HTTP/1.1" 301 - www.fc-schnaittach.de "https://hseipaa.kz/obuchenie/finansovyj-menedzher" "Mozilla/6.0 (compatible; MSIE4.00; Windows 2003)" "-"
207.46.13.51 - - [06/May/2018:03:33:37 +0200] "GET /sitemap_index.xml HTTP/1.1" 200 525 www.fc-schnaittach.de "-" "Mozilla/5.0 (compatible; bingbot/2.0; +http://www.bing.com/bingbot.htm)" "-"
194.87.94.251 - - [06/May/2018:03:35:53 +0200] "HEAD / HTTP/1.1" 301 - www.fc-schnaittach.de "https://leboard.ru/ru/elektronika" "Mozilla/3.0 (compatible; MSIE4.00; Windows 2007)" "-"
195.133.145.199 - - [06/May/2018:03:35:53 +0200] "HEAD / HTTP/1.1" 301 - www.fc-schnaittach.de "http://prezidentshop.ru/volum-tds-kontroller-vody.html" "Mozilla/3.0 (compatible; MSIE3.00; Windows 2006)" "-"
66.249.64.203 - - [06/May/2018:03:38:11 +0200] "GET /e3-jugend/ HTTP/1.1" 200 7217 www.fc-schnaittach.de "-" "Mozilla/5.0 (compatible; Googlebot/2.1; +http://www.google.com/bot.html)" "-"
194.87.236.223 - - [06/May/2018:03:39:03 +0200] "HEAD / HTTP/1.1" 301 - www.fc-schnaittach.de "http://spravkavspb.work/vidy-spravok/spravka-ot-pediatra/" "Mozilla/7.0 (compatible; MSIE3.00; Windows 2006)" "-"
195.133.201.163 - - [06/May/2018:03:40:40 +0200] "HEAD / HTTP/1.1" 301 - www.fc-schnaittach.de "http://xn--80aeb6argv.xn--p1ai" "Mozilla/8.0 (compatible; MSIE6.00; Windows 2003)" "-"
207.46.13.51 - - [06/May/2018:03:41:01 +0200] "GET /wp-content/uploads/2016/11/Arbenita-Mehmeti.jpg HTTP/1.1" 301 285 www.fc-schnaittach.de "-" "Mozilla/5.0 (compatible; bingbot/2.0; +http://www.bing.com/bingbot.htm)" "-"
207.46.13.51 - - [06/May/2018:03:41:02 +0200] "GET /wp-content/uploads/2016/11/Arbenita-Mehmeti.jpg HTTP/1.1" 200 1073742 www.fc-schnaittach.de "-" "Mozilla/5.0 (compatible; bingbot/2.0; +http://www.bing.com/bingbot.htm)" "-"
66.249.64.202 - - [06/May/2018:03:42:25 +0200] "GET /sitemap-pt-post-2015-01.xml HTTP/1.1" 200 685 www.fc-schnaittach.de "-" "Mozilla/5.0 (compatible; Googlebot/2.1; +http://www.google.com/bot.html)" "-"
