91.210.145.87 - - [06/May/2018:03:47:57 +0200] "POST /wp-login.php HTTP/1.1" 200 1311 www.fc-schnaittach.de "https://www.fc-schnaittach.de/wp-login.php" "Mozilla/5.0 (Windows NT 10.0; WOW64) AppleWebKit/537.36 (KHTML, like Gecko) Chrome/53.0.2785.143 Safari/537.36" "-"
91.210.145.87 - - [06/May/2018:03:47:58 +0200] "GET /wp-admin/ HTTP/1.1" 302 23 www.fc-schnaittach.de "https://www.fc-schnaittach.de/wp-admin/" "Mozilla/5.0 (Windows NT 10.0; WOW64) AppleWebKit/537.36 (KHTML, like Gecko) Chrome/53.0.2785.143 Safari/537.36" "-"
207.46.13.51 - - [06/May/2018:03:50:20 +0200] "GET /wp-content/uploads/2015/04/2-Mannschaft-1960-1-300x201.jpg HTTP/1.1" 301 296 www.fc-schnaittach.de "-" "Mozilla/5.0 (compatible; bingbot/2.0; +http://www.bing.com/bingbot.htm)" "-"
207.46.13.51 - - [06/May/2018:03:50:21 +0200] "GET /wp-content/uploads/2015/04/2-Mannschaft-1960-1-300x201.jpg HTTP/1.1" 200 20819 www.fc-schnaittach.de "-" "Mozilla/5.0 (compatible; bingbot/2.0; +http://www.bing.com/bingbot.htm)" "-"
157.55.39.15 - - [06/May/2018:03:50:22 +0200] "GET /robots.txt HTTP/1.1" 200 35 www.fc-schnaittach.de "-" "Mozilla/5.0 (compatible; bingbot/2.0; +http://www.bing.com/bingbot.htm)" "-"
207.46.13.36 - - [06/May/2018:03:52:25 +0200] "GET /category/startseite/feed/ HTTP/1.1" 200 7953 www.fc-schnaittach.de "-" "Mozilla/5.0 (compatible; bingbot/2.0; +http://www.bing.com/bingbot.htm)" "-"
66.249.64.205 - - [06/May/2018:03:53:02 +0200] "GET /fussball/2-mannschaft/t_tyrach/ HTTP/1.1" 200 195 www.fc-schnaittach.de "-" "Mozilla/5.0 (compatible; Googlebot/2.1; +http://www.google.com/bot.html)" "-"
45.227.254.240 - - [06/May/2018:03:55:34 +0200] "POST /wp-login.php HTTP/1.1" 301 250 www.fc-schnaittach.de "http://www.fc-schnaittach.de/wp-login.php" "Mozilla/5.0 (Windows NT 5.0) AppleWebKit/533.97.34 (KHTML, like Gecko) Version/5.3.8 Safari/531.79" "-"
45.227.254.240 - - [06/May/2018:03:55:46 +0200] "POST /wp-login.php HTTP/1.1" 301 250 www.fc-schnaittach.de "http://www.fc-schnaittach.de/wp-login.php" "Mozilla/5.0 (Windows NT 5.0) AppleWebKit/533.97.34 (KHTML, like Gecko) Version/5.3.8 Safari/531.79" "-"
45.227.254.240 - - [06/May/2018:03:55:58 +0200] "GET /wp-login.php HTTP/1.1" 200 1205 www.fc-schnaittach.de "http://www.fc-schnaittach.de/wp-login.php" "Mozilla/5.0 (Windows NT 5.0) AppleWebKit/533.97.34 (KHTML, like Gecko) Version/5.3.8 Safari/531.79" "-"
45.227.254.240 - - [06/May/2018:03:56:10 +0200] "GET /wp-login.php HTTP/1.1" 200 1204 www.fc-schnaittach.de "http://www.fc-schnaittach.de/wp-login.php" "Mozilla/5.0 (Windows NT 5.0) AppleWebKit/533.97.34 (KHTML, like Gecko) Version/5.3.8 Safari/531.79" "-"
5.45.203.19 - - [06/May/2018:03:57:30 +0200] "GET /robots.txt HTTP/1.1" 301 248 www.fc-schnaittach.de "-" "Mozilla/5.0 (compatible; YandexBot/3.0; +http://yandex.com/bots)" "-"
87.250.233.65 - - [06/May/2018:03:57:33 +0200] "GET /wp-content/themes/fcs/images/production/FcsWappen.ico?ver=1420564287 HTTP/1.1" 301 306 www.fc-schnaittach.de "-" "Mozilla/5.0 (compatible; YandexBot/3.0; +http://yandex.com/bots)" "-"
77.88.9.139 - - [06/May/2018:03:57:34 +0200] "GET /robots.txt HTTP/1.1" 200 35 www.fc-schnaittach.de "-" "Mozilla/5.0 (compatible; YandexBot/3.0; +http://yandex.com/bots)" "-"
77.88.9.131 - - [06/May/2018:03:57:38 +0200] "GET /wp-content/themes/fcs/images/production/FcsWappen.ico?ver=1420564287 HTTP/1.1" 200 4606 www.fc-schnaittach.de "-" "Mozilla/5.0 (compatible; YandexBot/3.0; +http://yandex.com/bots)" "-"
66.249.64.200 - - [06/May/2018:03:58:39 +0200] "GET /hauptverein/sportheim/ HTTP/1.1" 200 6366 www.fc-schnaittach.de "-" "Mozilla/5.0 (compatible; Googlebot/2.1; +http://www.google.com/bot.html)" "-"
207.46.13.66 - - [06/May/2018:04:02:18 +0200] "GET /sitemap-pt-post-2017-06.xml HTTP/1.1" 200 632 www.fc-schnaittach.de "-" "Mozilla/5.0 (compatible; bingbot/2.0; +http://www.bing.com/bingbot.htm)" "-"
91.210.145.87 - - [06/May/2018:04:03:24 +0200] "POST /wp-login.php HTTP/1.1" 200 1311 www.fc-schnaittach.de "https://www.fc-schnaittach.de/wp-login.php" "Mozilla/5.0 (Windows NT 10.0; WOW64) AppleWebKit/537.36 (KHTML, like Gecko) Chrome/53.0.2785.143 Safari/537.36" "-"
91.210.145.87 - - [06/May/2018:04:03:25 +0200] "GET /wp-admin/ HTTP/1.1" 302 23 www.fc-schnaittach.de "https://www.fc-schnaittach.de/wp-admin/" "Mozilla/5.0 (Windows NT 10.0; WOW64) AppleWebKit/537.36 (KHTML, like Gecko) Chrome/53.0.2785.143 Safari/537.36" "-"
207.46.13.66 - - [06/May/2018:04:09:37 +0200] "GET /wp-content/themes/fcs/images/production/Tischtennis_Production.jpg?ver=1487205002 HTTP/1.1" 301 319 www.fc-schnaittach.de "-" "Mozilla/5.0 (compatible; bingbot/2.0; +http://www.bing.com/bingbot.htm)" "-"
207.46.13.66 - - [06/May/2018:04:09:39 +0200] "GET /wp-content/themes/fcs/images/production/Tischtennis_Production.jpg?ver=1487205002 HTTP/1.1" 200 16063 www.fc-schnaittach.de "-" "Mozilla/5.0 (compatible; bingbot/2.0; +http://www.bing.com/bingbot.htm)" "-"
40.77.167.5 - - [06/May/2018:04:17:36 +0200] "GET /wp-content/uploads/2015/04/FCS-2-Mannschaft-Meister-19.jpg HTTP/1.1" 200 29266 www.fc-schnaittach.de "-" "Mozilla/5.0 (compatible; bingbot/2.0; +http://www.bing.com/bingbot.htm)" "-"
77.75.78.166 - - [06/May/2018:04:18:19 +0200] "GET /robots.txt HTTP/1.1" 200 35 www.fc-schnaittach.de "-" "Mozilla/5.0 (compatible; SeznamBot/3.2; +http://napoveda.seznam.cz/en/seznambot-intro/)" "-"
2a02:598:a::78:166 - - [06/May/2018:04:18:20 +0200] "GET /sporterlebnistag-am-1-juni/ HTTP/1.1" 200 6499 www.fc-schnaittach.de "-" "Mozilla/5.0 (compatible; SeznamBot/3.2; +http://napoveda.seznam.cz/en/seznambot-intro/)" "-"
77.75.78.166 - - [06/May/2018:04:18:21 +0200] "GET /robots.txt HTTP/1.1" 301 248 www.fc-schnaittach.de "-" "Mozilla/5.0 (compatible; SeznamBot/3.2; +http://napoveda.seznam.cz/en/seznambot-intro/)" "-"
2a02:598:a::78:166 - - [06/May/2018:04:18:21 +0200] "GET /wp-content/uploads/2015/04/FCS-2-Mannschaft-Meister-19.jpg HTTP/1.1" 301 296 www.fc-schnaittach.de "-" "Mozilla/5.0 (compatible; SeznamBot/3.2; +http://napoveda.seznam.cz/en/seznambot-intro/)" "-"
66.249.64.205 - - [06/May/2018:04:18:52 +0200] "GET / HTTP/1.1" 200 7739 www.fc-schnaittach.de "-" "Mozilla/5.0 (compatible; Googlebot/2.1; +http://www.google.com/bot.html)" "-"
91.210.145.87 - - [06/May/2018:04:19:24 +0200] "POST /wp-login.php HTTP/1.1" 200 1311 www.fc-schnaittach.de "https://www.fc-schnaittach.de/wp-login.php" "Mozilla/5.0 (Windows NT 10.0; WOW64) AppleWebKit/537.36 (KHTML, like Gecko) Chrome/53.0.2785.143 Safari/537.36" "-"
91.210.145.87 - - [06/May/2018:04:19:24 +0200] "GET /wp-admin/ HTTP/1.1" 302 23 www.fc-schnaittach.de "https://www.fc-schnaittach.de/wp-admin/" "Mozilla/5.0 (Windows NT 10.0; WOW64) AppleWebKit/537.36 (KHTML, like Gecko) Chrome/53.0.2785.143 Safari/537.36" "-"
217.160.63.10 - - [06/May/2018:04:22:21 +0200] "POST /wp-cron.php?doing_wp_cron=1525573341.2625110149383544921875 HTTP/1.1" 200 23 www.fc-schnaittach.de "https://www.fc-schnaittach.de/wp-cron.php?doing_wp_cron=1525573341.2625110149383544921875" "WordPress/4.9.5; https://www.fc-schnaittach.de" "-"
66.249.64.207 - - [06/May/2018:04:22:21 +0200] "GET / HTTP/1.1" 200 7739 www.fc-schnaittach.de "-" "Mozilla/5.0 (Linux; Android 6.0.1; Nexus 5X Build/MMB29P) AppleWebKit/537.36 (KHTML, like Gecko) Chrome/41.0.2272.96 Mobile Safari/537.36 (compatible; Googlebot/2.1; +http://www.google.com/bot.html)" "-"
207.46.13.36 - - [06/May/2018:04:24:28 +0200] "GET /wp-content/uploads/2015/08/IMG_6484-300x225.jpg HTTP/1.1" 301 285 www.fc-schnaittach.de "-" "Mozilla/5.0 (compatible; bingbot/2.0; +http://www.bing.com/bingbot.htm)" "-"
207.46.13.36 - - [06/May/2018:04:24:29 +0200] "GET /wp-content/uploads/2015/08/IMG_6484-300x225.jpg HTTP/1.1" 200 15451 www.fc-schnaittach.de "-" "Mozilla/5.0 (compatible; bingbot/2.0; +http://www.bing.com/bingbot.htm)" "-"
54.183.165.74 - - [06/May/2018:04:33:19 +0200] "GET / HTTP/1.1" 200 7739 www.fc-schnaittach.de "-" "Mozilla/5.0 (Macintosh; Intel Mac OS X 10_12_6) AppleWebKit/537.36 (KHTML, like Gecko) Chrome/61.0.3163.100 Safari/537.36" "-"
91.210.145.87 - - [06/May/2018:04:34:41 +0200] "POST /wp-login.php HTTP/1.1" 200 1311 www.fc-schnaittach.de "https://www.fc-schnaittach.de/wp-login.php" "Mozilla/5.0 (Windows NT 10.0; WOW64) AppleWebKit/537.36 (KHTML, like Gecko) Chrome/53.0.2785.143 Safari/537.36" "-"
91.210.145.87 - - [06/May/2018:04:34:42 +0200] "GET /wp-admin/ HTTP/1.1" 302 23 www.fc-schnaittach.de "https://www.fc-schnaittach.de/wp-admin/" "Mozilla/5.0 (Windows NT 10.0; WOW64) AppleWebKit/537.36 (KHTML, like Gecko) Chrome/53.0.2785.143 Safari/537.36" "-"
66.249.64.203 - - [06/May/2018:04:36:11 +0200] "GET /fussball/2-mannschaft/w_dennerlein/ HTTP/1.1" 200 196 www.fc-schnaittach.de "-" "Mozilla/5.0 (compatible; Googlebot/2.1; +http://www.google.com/bot.html)" "-"
37.115.185.9 - - [06/May/2018:04:37:57 +0200] "GET /karate-teilnahme-an-der-bezirksmeisterschaft-2015/ HTTP/1.1" 200 29806 www.fc-schnaittach.de "https://documentsite.net/" "Mozilla/4.0 (compatible; MSIE 6.0; Windows NT 5.0; APC; .NET CLR 1.0.3705; .NET CLR 1.1.4322; .NET CLR 2.0.50215; InfoPath.1)" "-"
91.210.145.87 - - [06/May/2018:04:50:57 +0200] "POST /wp-login.php HTTP/1.1" 200 1311 www.fc-schnaittach.de "https://www.fc-schnaittach.de/wp-login.php" "Mozilla/5.0 (Windows NT 10.0; WOW64) AppleWebKit/537.36 (KHTML, like Gecko) Chrome/53.0.2785.143 Safari/537.36" "-"
91.210.145.87 - - [06/May/2018:04:50:57 +0200] "GET /wp-admin/ HTTP/1.1" 302 23 www.fc-schnaittach.de "https://www.fc-schnaittach.de/wp-admin/" "Mozilla/5.0 (Windows NT 10.0; WOW64) AppleWebKit/537.36 (KHTML, like Gecko) Chrome/53.0.2785.143 Safari/537.36" "-"
77.75.76.172 - - [06/May/2018:04:58:53 +0200] "GET /robots.txt HTTP/1.1" 200 35 www.fc-schnaittach.de "-" "Mozilla/5.0 (compatible; SeznamBot/3.2; +http://napoveda.seznam.cz/en/seznambot-intro/)" "-"
2a02:598:2::172 - - [06/May/2018:04:58:54 +0200] "GET /category/news/wandern/ HTTP/1.1" 200 6871 www.fc-schnaittach.de "-" "Mozilla/5.0 (compatible; SeznamBot/3.2; +http://napoveda.seznam.cz/en/seznambot-intro/)" "-"
2a02:598:2::172 - - [06/May/2018:04:58:56 +0200] "GET /category/wandern/ HTTP/1.1" 200 6871 www.fc-schnaittach.de "-" "Mozilla/5.0 (compatible; SeznamBot/3.2; +http://napoveda.seznam.cz/en/seznambot-intro/)" "-"
77.75.76.172 - - [06/May/2018:04:58:57 +0200] "GET /robots.txt HTTP/1.1" 301 248 www.fc-schnaittach.de "-" "Mozilla/5.0 (compatible; SeznamBot/3.2; +http://napoveda.seznam.cz/en/seznambot-intro/)" "-"
2a02:598:2::172 - - [06/May/2018:04:58:57 +0200] "GET /category/news/ HTTP/1.1" 200 8413 www.fc-schnaittach.de "-" "Mozilla/5.0 (compatible; SeznamBot/3.2; +http://napoveda.seznam.cz/en/seznambot-intro/)" "-"
66.249.64.205 - - [06/May/2018:05:00:40 +0200] "GET /hauptverein/sportheim/ HTTP/1.1" 200 6362 www.fc-schnaittach.de "-" "Mozilla/5.0 (compatible; Googlebot/2.1; +http://www.google.com/bot.html)" "-"
66.249.64.205 - - [06/May/2018:05:02:59 +0200] "GET /loesungsfindung-fuer-das-ferientraining/budo-logo_20-06-2014_7x7cm/ HTTP/1.1" 200 195 www.fc-schnaittach.de "-" "Mozilla/5.0 (compatible; Googlebot/2.1; +http://www.google.com/bot.html)" "-"
66.249.64.207 - - [06/May/2018:05:04:37 +0200] "GET /fussball/2-mannschaft/galerie-2-mannschaft/img-20150315-wa0015/ HTTP/1.1" 200 195 www.fc-schnaittach.de "-" "Mozilla/5.0 (compatible; Googlebot/2.1; +http://www.google.com/bot.html)" "-"
91.210.145.87 - - [06/May/2018:05:06:52 +0200] "POST /wp-login.php HTTP/1.1" 200 1311 www.fc-schnaittach.de "https://www.fc-schnaittach.de/wp-login.php" "Mozilla/5.0 (Windows NT 10.0; WOW64) AppleWebKit/537.36 (KHTML, like Gecko) Chrome/53.0.2785.143 Safari/537.36" "-"
91.210.145.87 - - [06/May/2018:05:06:52 +0200] "GET /wp-admin/ HTTP/1.1" 302 23 www.fc-schnaittach.de "https://www.fc-schnaittach.de/wp-admin/" "Mozilla/5.0 (Windows NT 10.0; WOW64) AppleWebKit/537.36 (KHTML, like Gecko) Chrome/53.0.2785.143 Safari/537.36" "-"
40.77.167.5 - - [06/May/2018:05:09:39 +0200] "GET /e3-jugend/ HTTP/1.1" 200 7217 www.fc-schnaittach.de "-" "Mozilla/5.0 (compatible; bingbot/2.0; +http://www.bing.com/bingbot.htm)" "-"
149.14.159.58 - - [06/May/2018:05:13:33 +0200] "GET /wp-content/uploads/2014/10/Christian_Gulitsch.jpg HTTP/1.1" 200 1948054 www.fc-schnaittach.de "-" "Dalvik/2.1.0 (Linux; U; Android 8.0.0; HTC U Ultra Build/OPR1.170623.032)" "-"
157.55.39.27 - - [06/May/2018:05:24:14 +0200] "GET /robots.txt HTTP/1.1" 301 248 www.fc-schnaittach.de "-" "Mozilla/5.0 (compatible; bingbot/2.0; +http://www.bing.com/bingbot.htm)" "-"
157.55.39.27 - - [06/May/2018:05:24:15 +0200] "GET /robots.txt HTTP/1.1" 200 35 www.fc-schnaittach.de "-" "Mozilla/5.0 (compatible; bingbot/2.0; +http://www.bing.com/bingbot.htm)" "-"
217.160.63.10 - - [06/May/2018:05:24:16 +0200] "POST /wp-cron.php?doing_wp_cron=1525577056.8836109638214111328125 HTTP/1.1" 301 297 www.fc-schnaittach.de "http://www.fc-schnaittach.de/wp-cron.php?doing_wp_cron=1525577056.8836109638214111328125" "WordPress/4.9.5; https://www.fc-schnaittach.de" "-"
207.46.13.51 - - [06/May/2018:05:24:16 +0200] "GET /sitemap.xml HTTP/1.1" 200 1166 www.fc-schnaittach.de "-" "Mozilla/5.0 (compatible; bingbot/2.0; +http://www.bing.com/bingbot.htm)" "-"
66.249.64.205 - - [06/May/2018:05:24:38 +0200] "GET /budo-sommerabschluss-mit-freunden/img_6463/ HTTP/1.1" 200 196 www.fc-schnaittach.de "-" "Mozilla/5.0 (compatible; Googlebot/2.1; +http://www.google.com/bot.html)" "-"
178.68.137.93 - - [06/May/2018:05:27:08 +0200] "GET /wp-login.php HTTP/1.1" 301 250 fc-schnaittach.de "-" "Mozilla/5.0 (Windows NT 6.0; rv:34.0) Gecko/20100101 Firefox/34.0" "-"
217.160.63.10 - - [06/May/2018:05:27:20 +0200] "POST /wp-cron.php?doing_wp_cron=1525577240.5762600898742675781250 HTTP/1.1" 200 23 www.fc-schnaittach.de "https://www.fc-schnaittach.de/wp-cron.php?doing_wp_cron=1525577240.5762600898742675781250" "WordPress/4.9.5; https://www.fc-schnaittach.de" "-"
178.68.137.93 - - [06/May/2018:05:27:20 +0200] "GET /wp-login.php HTTP/1.1" 200 2793 www.fc-schnaittach.de "-" "Mozilla/5.0 (Windows NT 6.0; rv:34.0) Gecko/20100101 Firefox/34.0" "-"
178.68.137.93 - - [06/May/2018:05:27:32 +0200] "POST /wp-login.php HTTP/1.1" 503 299 www.fc-schnaittach.de "https://www.fc-schnaittach.de/wp-login.php" "Mozilla/5.0 (Windows NT 6.0; rv:34.0) Gecko/20100101 Firefox/34.0" "-"
52.47.168.171 - - [06/May/2018:05:31:51 +0200] "GET /ads.txt HTTP/1.1" 301 23 fc-schnaittach.de "-" "Mozilla/5.0 (Macintosh; Intel Mac OS X 10.13; rv:58.0) Gecko/20100101 Firefox/58.0" "-"
52.47.168.171 - - [06/May/2018:05:31:51 +0200] "GET /ads.txt HTTP/1.1" 404 5784 www.fc-schnaittach.de "http://fc-schnaittach.de/ads.txt" "Mozilla/5.0 (Macintosh; Intel Mac OS X 10.13; rv:58.0) Gecko/20100101 Firefox/58.0" "-"
52.47.168.171 - - [06/May/2018:05:31:51 +0200] "GET /ads.txt HTTP/1.1" 404 5784 www.fc-schnaittach.de "-" "Mozilla/5.0 (Macintosh; Intel Mac OS X 10.13; rv:58.0) Gecko/20100101 Firefox/58.0" "-"
85.25.210.234 - - [06/May/2018:05:32:42 +0200] "GET /robots.txt HTTP/1.1" 301 248 www.fc-schnaittach.de "-" "Mozilla/5.0 (compatible; adscanner/)" "-"
85.25.210.234 - - [06/May/2018:05:32:49 +0200] "GET /robots.txt HTTP/1.1" 200 35 www.fc-schnaittach.de "-" "Mozilla/5.0 (compatible; adscanner/)" "-"
85.25.210.234 - - [06/May/2018:05:32:49 +0200] "GET /wp-content/uploads/2018/04/J%C3%A4hnigen-300x73.png HTTP/1.1" 301 289 www.fc-schnaittach.de "-" "Mozilla/5.0 (compatible; adscanner/)" "-"
85.25.210.234 - - [06/May/2018:05:32:52 +0200] "GET /wp-content/uploads/2018/04/J%c3%a4hnigen-300x73.png HTTP/1.1" 200 20055 www.fc-schnaittach.de "-" "Mozilla/5.0 (compatible; adscanner/)" "-"
91.210.145.87 - - [06/May/2018:05:39:14 +0200] "POST /wp-login.php HTTP/1.1" 200 1311 www.fc-schnaittach.de "https://www.fc-schnaittach.de/wp-login.php" "Mozilla/5.0 (Windows NT 10.0; WOW64) AppleWebKit/537.36 (KHTML, like Gecko) Chrome/53.0.2785.143 Safari/537.36" "-"
91.210.145.87 - - [06/May/2018:05:39:14 +0200] "GET /wp-admin/ HTTP/1.1" 302 23 www.fc-schnaittach.de "https://www.fc-schnaittach.de/wp-admin/" "Mozilla/5.0 (Windows NT 10.0; WOW64) AppleWebKit/537.36 (KHTML, like Gecko) Chrome/53.0.2785.143 Safari/537.36" "-"
207.46.13.51 - - [06/May/2018:05:40:01 +0200] "GET /sitemap-pt-page-2017-07.xml HTTP/1.1" 200 621 www.fc-schnaittach.de "-" "Mozilla/5.0 (compatible; bingbot/2.0; +http://www.bing.com/bingbot.htm)" "-"
66.249.64.207 - - [06/May/2018:05:48:38 +0200] "GET /fussball/damen/mannschaft/ HTTP/1.1" 200 9207 www.fc-schnaittach.de "-" "Mozilla/5.0 (compatible; Googlebot/2.1; +http://www.google.com/bot.html)" "-"
87.250.244.8 - - [06/May/2018:05:54:46 +0200] "GET /robots.txt HTTP/1.1" 301 248 www.fc-schnaittach.de "-" "Mozilla/5.0 (compatible; YandexBot/3.0; +http://yandex.com/bots)" "-"
5.45.203.6 - - [06/May/2018:05:54:50 +0200] "GET /?p=38 HTTP/1.1" 301 243 www.fc-schnaittach.de "-" "Mozilla/5.0 (compatible; YandexBot/3.0; +http://yandex.com/bots)" "-"
5.255.251.1 - - [06/May/2018:05:54:50 +0200] "GET /?p=38 HTTP/1.1" 301 23 www.fc-schnaittach.de "-" "Mozilla/5.0 (compatible; YandexBot/3.0; +http://yandex.com/bots)" "-"
87.250.244.12 - - [06/May/2018:05:54:54 +0200] "GET /budo/ HTTP/1.1" 200 7427 www.fc-schnaittach.de "-" "Mozilla/5.0 (compatible; YandexBot/3.0; +http://yandex.com/bots)" "-"
91.210.145.87 - - [06/May/2018:05:55:27 +0200] "POST /wp-login.php HTTP/1.1" 200 1311 www.fc-schnaittach.de "https://www.fc-schnaittach.de/wp-login.php" "Mozilla/5.0 (Windows NT 10.0; WOW64) AppleWebKit/537.36 (KHTML, like Gecko) Chrome/53.0.2785.143 Safari/537.36" "-"
91.210.145.87 - - [06/May/2018:05:55:28 +0200] "GET /wp-admin/ HTTP/1.1" 302 23 www.fc-schnaittach.de "https://www.fc-schnaittach.de/wp-admin/" "Mozilla/5.0 (Windows NT 10.0; WOW64) AppleWebKit/537.36 (KHTML, like Gecko) Chrome/53.0.2785.143 Safari/537.36" "-"
77.75.79.54 - - [06/May/2018:05:57:49 +0200] "GET /robots.txt HTTP/1.1" 200 35 www.fc-schnaittach.de "-" "Mozilla/5.0 (compatible; SeznamBot/3.2; +http://napoveda.seznam.cz/en/seznambot-intro/)" "-"
2a02:598:a::79:54 - - [06/May/2018:05:57:50 +0200] "GET /hauptverein/bilder/ HTTP/1.1" 200 6495 www.fc-schnaittach.de "-" "Mozilla/5.0 (compatible; SeznamBot/3.2; +http://napoveda.seznam.cz/en/seznambot-intro/)" "-"
77.75.79.54 - - [06/May/2018:05:57:52 +0200] "GET /robots.txt HTTP/1.1" 301 248 www.fc-schnaittach.de "-" "Mozilla/5.0 (compatible; SeznamBot/3.2; +http://napoveda.seznam.cz/en/seznambot-intro/)" "-"
2a02:598:a::79:54 - - [06/May/2018:05:57:52 +0200] "GET / HTTP/1.1" 301 238 www.fc-schnaittach.de "-" "Mozilla/5.0 (compatible; SeznamBot/3.2; +http://napoveda.seznam.cz/en/seznambot-intro/)" "-"
62.2.217.3 - - [06/May/2018:06:01:00 +0200] "GET /Dragonrun HTTP/1.1" 301 23 fc-schnaittach.de "http://www.laufkalender24.de/" "Mozilla/5.0 (Windows NT 6.1; WOW64; Trident/7.0; rv:11.0) like Gecko" "-"
62.2.217.3 - - [06/May/2018:06:01:00 +0200] "GET /Dragonrun/ HTTP/1.1" 200 9088 www.fc-schnaittach.de "http://www.laufkalender24.de/" "Mozilla/5.0 (Windows NT 6.1; WOW64; Trident/7.0; rv:11.0) like Gecko" "-"
91.210.145.87 - - [06/May/2018:06:10:48 +0200] "POST /wp-login.php HTTP/1.1" 200 1311 www.fc-schnaittach.de "https://www.fc-schnaittach.de/wp-login.php" "Mozilla/5.0 (Windows NT 10.0; WOW64) AppleWebKit/537.36 (KHTML, like Gecko) Chrome/53.0.2785.143 Safari/537.36" "-"
91.210.145.87 - - [06/May/2018:06:10:48 +0200] "GET /wp-admin/ HTTP/1.1" 302 23 www.fc-schnaittach.de "https://www.fc-schnaittach.de/wp-admin/" "Mozilla/5.0 (Windows NT 10.0; WOW64) AppleWebKit/537.36 (KHTML, like Gecko) Chrome/53.0.2785.143 Safari/537.36" "-"
66.249.64.203 - - [06/May/2018:06:11:44 +0200] "GET / HTTP/1.1" 200 7739 www.fc-schnaittach.de "-" "Mozilla/5.0 (Linux; Android 6.0.1; Nexus 5X Build/MMB29P) AppleWebKit/537.36 (KHTML, like Gecko) Chrome/41.0.2272.96 Mobile Safari/537.36 (compatible; Googlebot/2.1; +http://www.google.com/bot.html)" "-"
40.77.167.5 - - [06/May/2018:06:14:07 +0200] "GET /wp-content/uploads/2016/11/Amelie-Raum.jpg HTTP/1.1" 301 280 www.fc-schnaittach.de "-" "Mozilla/5.0 (compatible; bingbot/2.0; +http://www.bing.com/bingbot.htm)" "-"
40.77.167.5 - - [06/May/2018:06:14:10 +0200] "GET /wp-content/uploads/2016/11/Amelie-Raum.jpg HTTP/1.1" 200 1075787 www.fc-schnaittach.de "-" "Mozilla/5.0 (compatible; bingbot/2.0; +http://www.bing.com/bingbot.htm)" "-"
217.160.63.10 - - [06/May/2018:06:26:58 +0200] "POST /wp-cron.php?doing_wp_cron=1525580818.5707180500030517578125 HTTP/1.1" 200 23 www.fc-schnaittach.de "https://www.fc-schnaittach.de/wp-cron.php?doing_wp_cron=1525580818.5707180500030517578125" "WordPress/4.9.5; https://www.fc-schnaittach.de" "-"
91.210.145.87 - - [06/May/2018:06:26:58 +0200] "POST /wp-login.php HTTP/1.1" 200 1311 www.fc-schnaittach.de "https://www.fc-schnaittach.de/wp-login.php" "Mozilla/5.0 (Windows NT 10.0; WOW64) AppleWebKit/537.36 (KHTML, like Gecko) Chrome/53.0.2785.143 Safari/537.36" "-"
91.210.145.87 - - [06/May/2018:06:26:59 +0200] "GET /wp-admin/ HTTP/1.1" 302 23 www.fc-schnaittach.de "https://www.fc-schnaittach.de/wp-admin/" "Mozilla/5.0 (Windows NT 10.0; WOW64) AppleWebKit/537.36 (KHTML, like Gecko) Chrome/53.0.2785.143 Safari/537.36" "-"
207.46.13.51 - - [06/May/2018:06:30:18 +0200] "GET /hauptverein/geschichte/ HTTP/1.1" 200 8093 www.fc-schnaittach.de "-" "Mozilla/5.0 (compatible; bingbot/2.0; +http://www.bing.com/bingbot.htm)" "-"
40.77.167.68 - - [06/May/2018:06:30:22 +0200] "GET /wp-content/themes/fcs/style.css?ver=1460744932 HTTP/1.1" 301 284 www.fc-schnaittach.de "-" "Mozilla/5.0 (compatible; bingbot/2.0; +http://www.bing.com/bingbot.htm)" "-"
40.77.167.68 - - [06/May/2018:06:30:24 +0200] "GET /wp-content/themes/fcs/style.css?ver=1460744932 HTTP/1.1" 200 22587 www.fc-schnaittach.de "-" "Mozilla/5.0 (compatible; bingbot/2.0; +http://www.bing.com/bingbot.htm)" "-"
77.220.214.180 - - [06/May/2018:06:31:09 +0200] "HEAD / HTTP/1.1" 301 - www.fc-schnaittach.de "http://dompechey.by/catalog/vertikal" "Mozilla/6.0 (compatible; MSIE4.00; Windows 2003)" "-"
18.236.130.106 - - [06/May/2018:06:37:00 +0200] "GET /wp-login.php HTTP/1.1" 200 1204 fc-schnaittach.de "https://www.google.com" "Mozilla/5.0 (Windows NT 6.2; rv:31.0) Gecko/20100101 Firefox/31.0" "-"
18.236.130.106 - - [06/May/2018:06:37:12 +0200] "POST /wp-login.php HTTP/1.1" 200 1617 fc-schnaittach.de "https://www.google.com" "Mozilla/5.0 (Windows NT 6.2; rv:31.0) Gecko/20100101 Firefox/31.0" "-"
91.210.145.87 - - [06/May/2018:06:42:13 +0200] "POST /wp-login.php HTTP/1.1" 200 1311 www.fc-schnaittach.de "https://www.fc-schnaittach.de/wp-login.php" "Mozilla/5.0 (Windows NT 10.0; WOW64) AppleWebKit/537.36 (KHTML, like Gecko) Chrome/53.0.2785.143 Safari/537.36" "-"
91.210.145.87 - - [06/May/2018:06:42:13 +0200] "GET /wp-admin/ HTTP/1.1" 302 23 www.fc-schnaittach.de "https://www.fc-schnaittach.de/wp-admin/" "Mozilla/5.0 (Windows NT 10.0; WOW64) AppleWebKit/537.36 (KHTML, like Gecko) Chrome/53.0.2785.143 Safari/537.36" "-"
45.227.254.240 - - [06/May/2018:06:42:58 +0200] "POST /wp-login.php HTTP/1.1" 301 250 www.fc-schnaittach.de "http://www.fc-schnaittach.de/wp-login.php" "Mozilla/5.0 (Windows NT 6.3; WOW64) AppleWebKit/535.24.77 (KHTML, like Gecko) Chrome/53.7.3648.8910 Safari/531.84" "-"
45.227.254.240 - - [06/May/2018:06:43:10 +0200] "POST /wp-login.php HTTP/1.1" 301 250 www.fc-schnaittach.de "http://www.fc-schnaittach.de/wp-login.php" "Mozilla/5.0 (Windows NT 6.3; WOW64; rv:52.65.18) Gecko/20177431 Firefox/52.65.18" "-"
45.227.254.240 - - [06/May/2018:06:43:22 +0200] "GET /wp-login.php HTTP/1.1" 200 1204 www.fc-schnaittach.de "http://www.fc-schnaittach.de/wp-login.php" "Mozilla/5.0 (Windows NT 6.3; WOW64) AppleWebKit/535.24.77 (KHTML, like Gecko) Chrome/53.7.3648.8910 Safari/531.84" "-"
45.227.254.240 - - [06/May/2018:06:43:34 +0200] "GET /wp-login.php HTTP/1.1" 200 1205 www.fc-schnaittach.de "http://www.fc-schnaittach.de/wp-login.php" "Mozilla/5.0 (Windows NT 6.3; WOW64; rv:52.65.18) Gecko/20177431 Firefox/52.65.18" "-"
66.249.64.207 - - [06/May/2018:06:49:34 +0200] "GET /weihnachtsfeier-2016/ HTTP/1.1" 200 6949 www.fc-schnaittach.de "-" "Mozilla/5.0 (compatible; Googlebot/2.1; +http://www.google.com/bot.html)" "-"
217.69.143.69 - - [06/May/2018:06:54:11 +0200] "GET /robots.txt HTTP/1.1" 200 35 fc-schnaittach.de "-" "Mozilla/5.0 (compatible; Linux x86_64; Mail.RU_Bot/Robots/2.0; +http://go.mail.ru/help/robots)" "-"
217.69.143.66 - - [06/May/2018:06:54:12 +0200] "GET / HTTP/1.1" 301 23 fc-schnaittach.de "-" "Mozilla/5.0 (compatible; Linux x86_64; Mail.RU_Bot/Robots/2.0; +http://go.mail.ru/help/robots)" "-"
217.69.143.65 - - [06/May/2018:06:54:17 +0200] "GET /robots.txt HTTP/1.1" 200 35 www.fc-schnaittach.de "-" "Mozilla/5.0 (compatible; Linux x86_64; Mail.RU_Bot/Robots/2.0; +http://go.mail.ru/help/robots)" "-"
217.69.143.68 - - [06/May/2018:06:54:18 +0200] "GET / HTTP/1.1" 200 7740 www.fc-schnaittach.de "https://fc-schnaittach.de/" "Mozilla/5.0 (compatible; Linux x86_64; Mail.RU_Bot/Robots/2.0; +http://go.mail.ru/help/robots)" "-"
207.46.13.36 - - [06/May/2018:06:57:11 +0200] "GET /wp-content/uploads/2016/12/Ascot.png HTTP/1.1" 301 274 www.fc-schnaittach.de "-" "Mozilla/5.0 (compatible; bingbot/2.0; +http://www.bing.com/bingbot.htm)" "-"
207.46.13.36 - - [06/May/2018:06:57:12 +0200] "GET /wp-content/uploads/2016/12/Ascot.png HTTP/1.1" 200 38266 www.fc-schnaittach.de "-" "Mozilla/5.0 (compatible; bingbot/2.0; +http://www.bing.com/bingbot.htm)" "-"
77.75.78.161 - - [06/May/2018:06:57:31 +0200] "GET /robots.txt HTTP/1.1" 200 35 www.fc-schnaittach.de "-" "Mozilla/5.0 (compatible; SeznamBot/3.2; +http://napoveda.seznam.cz/en/seznambot-intro/)" "-"
2a02:598:a::78:161 - - [06/May/2018:06:57:31 +0200] "GET / HTTP/1.1" 200 7740 www.fc-schnaittach.de "-" "Mozilla/5.0 (compatible; SeznamBot/3.2; +http://napoveda.seznam.cz/en/seznambot-intro/)" "-"
91.210.145.87 - - [06/May/2018:06:57:58 +0200] "POST /wp-login.php HTTP/1.1" 200 1311 www.fc-schnaittach.de "https://www.fc-schnaittach.de/wp-login.php" "Mozilla/5.0 (Windows NT 10.0; WOW64) AppleWebKit/537.36 (KHTML, like Gecko) Chrome/53.0.2785.143 Safari/537.36" "-"
91.210.145.87 - - [06/May/2018:06:57:59 +0200] "GET /wp-admin/ HTTP/1.1" 302 23 www.fc-schnaittach.de "https://www.fc-schnaittach.de/wp-admin/" "Mozilla/5.0 (Windows NT 10.0; WOW64) AppleWebKit/537.36 (KHTML, like Gecko) Chrome/53.0.2785.143 Safari/537.36" "-"
185.236.130.56 - - [06/May/2018:07:01:36 +0200] "HEAD / HTTP/1.1" 301 - www.fc-schnaittach.de "https://mhp.su/brands/sun-pharma" "Mozilla/6.0 (compatible; MSIE5.00; Windows 2002)" "-"
85.25.210.234 - - [06/May/2018:07:05:45 +0200] "GET /robots.txt HTTP/1.1" 301 248 www.fc-schnaittach.de "-" "Mozilla/5.0 (compatible; adscanner/)" "-"
85.25.210.234 - - [06/May/2018:07:05:46 +0200] "GET /robots.txt HTTP/1.1" 200 35 www.fc-schnaittach.de "-" "Mozilla/5.0 (compatible; adscanner/)" "-"
85.25.210.234 - - [06/May/2018:07:05:46 +0200] "GET /wp-content/uploads/2018/04/Werbebanner_1-768x766.jpg HTTP/1.1" 301 290 www.fc-schnaittach.de "-" "Mozilla/5.0 (compatible; adscanner/)" "-"
85.25.210.234 - - [06/May/2018:07:05:48 +0200] "GET /wp-content/uploads/2018/04/Werbebanner_1-768x766.jpg HTTP/1.1" 200 153241 www.fc-schnaittach.de "-" "Mozilla/5.0 (compatible; adscanner/)" "-"
5.79.166.195 - - [06/May/2018:07:06:24 +0200] "GET /wp-login.php HTTP/1.1" 301 250 fc-schnaittach.de "-" "Mozilla/5.0 (Windows NT 6.0; rv:34.0) Gecko/20100101 Firefox/34.0" "-"
5.79.166.195 - - [06/May/2018:07:06:36 +0200] "GET /wp-login.php HTTP/1.1" 200 2793 www.fc-schnaittach.de "-" "Mozilla/5.0 (Windows NT 6.0; rv:34.0) Gecko/20100101 Firefox/34.0" "-"
5.79.166.195 - - [06/May/2018:07:06:48 +0200] "POST /wp-login.php HTTP/1.1" 503 299 www.fc-schnaittach.de "https://www.fc-schnaittach.de/wp-login.php" "Mozilla/5.0 (Windows NT 6.0; rv:34.0) Gecko/20100101 Firefox/34.0" "-"
31.135.45.160 - - [06/May/2018:07:07:38 +0200] "GET /wp-login.php HTTP/1.1" 301 250 fc-schnaittach.de "-" "Mozilla/5.0 (Windows NT 6.0; rv:34.0) Gecko/20100101 Firefox/34.0" "-"
31.135.45.160 - - [06/May/2018:07:07:50 +0200] "GET /wp-login.php HTTP/1.1" 200 2793 www.fc-schnaittach.de "-" "Mozilla/5.0 (Windows NT 6.0; rv:34.0) Gecko/20100101 Firefox/34.0" "-"
31.135.45.160 - - [06/May/2018:07:08:02 +0200] "POST /wp-login.php HTTP/1.1" 503 299 www.fc-schnaittach.de "https://www.fc-schnaittach.de/wp-login.php" "Mozilla/5.0 (Windows NT 6.0; rv:34.0) Gecko/20100101 Firefox/34.0" "-"
40.77.167.5 - - [06/May/2018:07:09:36 +0200] "GET /wp-content/uploads/2015/08/IMG_6469-300x225.jpg HTTP/1.1" 301 285 www.fc-schnaittach.de "-" "Mozilla/5.0 (compatible; bingbot/2.0; +http://www.bing.com/bingbot.htm)" "-"
40.77.167.5 - - [06/May/2018:07:09:37 +0200] "GET /wp-content/uploads/2015/08/IMG_6469-300x225.jpg HTTP/1.1" 200 20524 www.fc-schnaittach.de "-" "Mozilla/5.0 (compatible; bingbot/2.0; +http://www.bing.com/bingbot.htm)" "-"
40.77.167.5 - - [06/May/2018:07:13:14 +0200] "GET /fussball/damen/aktuelle-nachrichten-fuer-die-damen-kreisliga-erlangenpegnitzgrund/ HTTP/1.1" 200 6875 www.fc-schnaittach.de "-" "Mozilla/5.0 (compatible; bingbot/2.0; +http://www.bing.com/bingbot.htm)" "-"
91.210.145.87 - - [06/May/2018:07:14:11 +0200] "POST /wp-login.php HTTP/1.1" 200 1311 www.fc-schnaittach.de "https://www.fc-schnaittach.de/wp-login.php" "Mozilla/5.0 (Windows NT 10.0; WOW64) AppleWebKit/537.36 (KHTML, like Gecko) Chrome/53.0.2785.143 Safari/537.36" "-"
91.210.145.87 - - [06/May/2018:07:14:12 +0200] "GET /wp-admin/ HTTP/1.1" 302 23 www.fc-schnaittach.de "https://www.fc-schnaittach.de/wp-admin/" "Mozilla/5.0 (Windows NT 10.0; WOW64) AppleWebKit/537.36 (KHTML, like Gecko) Chrome/53.0.2785.143 Safari/537.36" "-"
207.46.13.36 - - [06/May/2018:07:18:37 +0200] "GET /wp-content/themes/fcs/images/production/WappenThumbnail.png HTTP/1.1" 301 297 www.fc-schnaittach.de "-" "Mozilla/5.0 (compatible; bingbot/2.0; +http://www.bing.com/bingbot.htm)" "-"
207.46.13.36 - - [06/May/2018:07:18:39 +0200] "GET /wp-content/themes/fcs/images/production/WappenThumbnail.png HTTP/1.1" 200 13158 www.fc-schnaittach.de "-" "Mozilla/5.0 (compatible; bingbot/2.0; +http://www.bing.com/bingbot.htm)" "-"
207.46.13.36 - - [06/May/2018:07:19:58 +0200] "GET /wp-content/uploads/2015/01/DSC00624.jpg HTTP/1.1" 301 277 www.fc-schnaittach.de "-" "Mozilla/5.0 (compatible; bingbot/2.0; +http://www.bing.com/bingbot.htm)" "-"
207.46.13.36 - - [06/May/2018:07:19:59 +0200] "GET /wp-content/uploads/2015/01/DSC00624.jpg HTTP/1.1" 200 141484 www.fc-schnaittach.de "-" "Mozilla/5.0 (compatible; bingbot/2.0; +http://www.bing.com/bingbot.htm)" "-"
40.77.167.5 - - [06/May/2018:07:28:10 +0200] "GET /sitemap.xml HTTP/1.1" 200 1165 www.fc-schnaittach.de "-" "Mozilla/5.0 (compatible; bingbot/2.0; +http://www.bing.com/bingbot.htm)" "-"
217.160.63.10 - - [06/May/2018:07:28:11 +0200] "POST /wp-cron.php?doing_wp_cron=1525584491.0525801181793212890625 HTTP/1.1" 200 23 www.fc-schnaittach.de "https://www.fc-schnaittach.de/wp-cron.php?doing_wp_cron=1525584491.0525801181793212890625" "WordPress/4.9.5; https://www.fc-schnaittach.de" "-"
91.210.145.87 - - [06/May/2018:07:29:30 +0200] "POST /wp-login.php HTTP/1.1" 200 1311 www.fc-schnaittach.de "https://www.fc-schnaittach.de/wp-login.php" "Mozilla/5.0 (Windows NT 10.0; WOW64) AppleWebKit/537.36 (KHTML, like Gecko) Chrome/53.0.2785.143 Safari/537.36" "-"
91.210.145.87 - - [06/May/2018:07:29:30 +0200] "GET /wp-admin/ HTTP/1.1" 302 23 www.fc-schnaittach.de "https://www.fc-schnaittach.de/wp-admin/" "Mozilla/5.0 (Windows NT 10.0; WOW64) AppleWebKit/537.36 (KHTML, like Gecko) Chrome/53.0.2785.143 Safari/537.36" "-"
207.46.13.51 - - [06/May/2018:07:32:21 +0200] "GET /wp-content/uploads/2016/11/Tamara-Holfelder-2.jpg HTTP/1.1" 301 287 www.fc-schnaittach.de "-" "Mozilla/5.0 (compatible; bingbot/2.0; +http://www.bing.com/bingbot.htm)" "-"
207.46.13.51 - - [06/May/2018:07:32:22 +0200] "GET /wp-content/uploads/2016/11/Tamara-Holfelder-2.jpg HTTP/1.1" 200 574878 www.fc-schnaittach.de "-" "Mozilla/5.0 (compatible; bingbot/2.0; +http://www.bing.com/bingbot.htm)" "-"
66.249.64.207 - - [06/May/2018:07:43:03 +0200] "GET / HTTP/1.1" 200 7739 www.fc-schnaittach.de "-" "Mozilla/5.0 (compatible; Googlebot/2.1; +http://www.google.com/bot.html)" "-"
91.210.145.87 - - [06/May/2018:07:45:19 +0200] "POST /wp-login.php HTTP/1.1" 200 1311 www.fc-schnaittach.de "https://www.fc-schnaittach.de/wp-login.php" "Mozilla/5.0 (Windows NT 10.0; WOW64) AppleWebKit/537.36 (KHTML, like Gecko) Chrome/53.0.2785.143 Safari/537.36" "-"
91.210.145.87 - - [06/May/2018:07:45:20 +0200] "GET /wp-admin/ HTTP/1.1" 302 23 www.fc-schnaittach.de "https://www.fc-schnaittach.de/wp-admin/" "Mozilla/5.0 (Windows NT 10.0; WOW64) AppleWebKit/537.36 (KHTML, like Gecko) Chrome/53.0.2785.143 Safari/537.36" "-"
54.36.148.37 - - [06/May/2018:07:52:40 +0200] "GET /wp-content/uploads/2014/10/DSC03515-e1430394707610.jpg HTTP/1.1" 301 292 www.fc-schnaittach.de "-" "Mozilla/5.0 (compatible; AhrefsBot/5.2; +http://ahrefs.com/robot/)" "-"
66.249.64.207 - - [06/May/2018:07:53:41 +0200] "GET /fussball/2-mannschaft/galerie-2-mannschaft/20150315_130423/ HTTP/1.1" 200 196 www.fc-schnaittach.de "-" "Mozilla/5.0 (compatible; Googlebot/2.1; +http://www.google.com/bot.html)" "-"
54.36.148.99 - - [06/May/2018:07:57:03 +0200] "GET /tag/werbepartner/ HTTP/1.1" 200 6164 www.fc-schnaittach.de "-" "Mozilla/5.0 (compatible; AhrefsBot/5.2; +http://ahrefs.com/robot/)" "-"
66.249.64.203 - - [06/May/2018:07:58:00 +0200] "GET /hauptverein/sportheim/foto-sportheimpaechter-012016-2-2/ HTTP/1.1" 200 196 www.fc-schnaittach.de "-" "Mozilla/5.0 (compatible; Googlebot/2.1; +http://www.google.com/bot.html)" "-"
77.75.76.170 - - [06/May/2018:07:58:38 +0200] "GET /robots.txt HTTP/1.1" 301 248 www.fc-schnaittach.de "-" "Mozilla/5.0 (compatible; SeznamBot/3.2; +http://napoveda.seznam.cz/en/seznambot-intro/)" "-"
2a02:598:2::170 - - [06/May/2018:07:58:39 +0200] "GET /hauptverein/bilder/ HTTP/1.1" 200 6503 www.fc-schnaittach.de "-" "Mozilla/5.0 (compatible; SeznamBot/3.2; +http://napoveda.seznam.cz/en/seznambot-intro/)" "-"
66.249.64.200 - - [06/May/2018:08:00:22 +0200] "GET /wp-content/plugins/recently-updated-posts-widget/css/style.css?ver=4.9.4 HTTP/1.1" 301 310 www.fc-schnaittach.de "http://www.fc-schnaittach.de/fussball/1-mannschaft/" "Mozilla/5.0 (compatible; Googlebot/2.1; +http://www.google.com/bot.html)" "-"
66.249.64.198 - - [06/May/2018:08:00:22 +0200] "GET /wp-content/plugins/feedzy-rss-feeds/css/feedzy-rss-feeds.css?ver=3.2.9 HTTP/1.1" 301 308 www.fc-schnaittach.de "http://www.fc-schnaittach.de/fussball/1-mannschaft/" "Mozilla/5.0 (compatible; Googlebot/2.1; +http://www.google.com/bot.html)" "-"
66.249.64.207 - - [06/May/2018:08:00:23 +0200] "GET /wp-content/plugins/recently-updated-posts-widget/css/style.css?ver=4.9.4 HTTP/1.1" 200 45 www.fc-schnaittach.de "http://www.fc-schnaittach.de/fussball/1-mannschaft/" "Mozilla/5.0 (compatible; Googlebot/2.1; +http://www.google.com/bot.html)" "-"
66.249.64.207 - - [06/May/2018:08:00:23 +0200] "GET /wp-content/plugins/feedzy-rss-feeds/css/feedzy-rss-feeds.css?ver=3.2.9 HTTP/1.1" 200 9822 www.fc-schnaittach.de "http://www.fc-schnaittach.de/fussball/1-mannschaft/" "Mozilla/5.0 (compatible; Googlebot/2.1; +http://www.google.com/bot.html)" "-"
91.210.145.87 - - [06/May/2018:08:01:17 +0200] "POST /wp-login.php HTTP/1.1" 200 1311 www.fc-schnaittach.de "https://www.fc-schnaittach.de/wp-login.php" "Mozilla/5.0 (Windows NT 10.0; WOW64) AppleWebKit/537.36 (KHTML, like Gecko) Chrome/53.0.2785.143 Safari/537.36" "-"
91.210.145.87 - - [06/May/2018:08:01:17 +0200] "GET /wp-admin/ HTTP/1.1" 302 23 www.fc-schnaittach.de "https://www.fc-schnaittach.de/wp-admin/" "Mozilla/5.0 (Windows NT 10.0; WOW64) AppleWebKit/537.36 (KHTML, like Gecko) Chrome/53.0.2785.143 Safari/537.36" "-"
79.228.2.145 - - [06/May/2018:08:06:44 +0200] "GET /dragonrun/ HTTP/1.1" 200 9082 www.fc-schnaittach.de "https://m.facebook.com/" "Mozilla/5.0 (iPhone; CPU iPhone OS 11_3 like Mac OS X) AppleWebKit/605.1.15 (KHTML, like Gecko) Version/11.0 Mobile/15E148 Safari/604.1" "-"
79.228.2.145 - - [06/May/2018:08:06:45 +0200] "GET /wp-includes/js/wp-emoji-release.min.js?ver=4.9.5 HTTP/1.1" 200 11721 www.fc-schnaittach.de "https://www.fc-schnaittach.de/dragonrun/" "Mozilla/5.0 (iPhone; CPU iPhone OS 11_3 like Mac OS X) AppleWebKit/605.1.15 (KHTML, like Gecko) Version/11.0 Mobile/15E148 Safari/604.1" "-"
79.228.2.145 - - [06/May/2018:08:06:45 +0200] "GET /wp-content/plugins/contact-form-7/includes/css/styles.css?ver=5.0.1 HTTP/1.1" 200 1683 www.fc-schnaittach.de "https://www.fc-schnaittach.de/dragonrun/" "Mozilla/5.0 (iPhone; CPU iPhone OS 11_3 like Mac OS X) AppleWebKit/605.1.15 (KHTML, like Gecko) Version/11.0 Mobile/15E148 Safari/604.1" "-"
79.228.2.145 - - [06/May/2018:08:06:45 +0200] "GET /wp-content/plugins/feedzy-rss-feeds/css/feedzy-rss-feeds.css?ver=3.2.10 HTTP/1.1" 200 9822 www.fc-schnaittach.de "https://www.fc-schnaittach.de/dragonrun/" "Mozilla/5.0 (iPhone; CPU iPhone OS 11_3 like Mac OS X) AppleWebKit/605.1.15 (KHTML, like Gecko) Version/11.0 Mobile/15E148 Safari/604.1" "-"
79.228.2.145 - - [06/May/2018:08:06:45 +0200] "GET /wp-content/plugins/recently-updated-posts-widget/css/style.css?ver=4.9.5 HTTP/1.1" 200 45 www.fc-schnaittach.de "https://www.fc-schnaittach.de/dragonrun/" "Mozilla/5.0 (iPhone; CPU iPhone OS 11_3 like Mac OS X) AppleWebKit/605.1.15 (KHTML, like Gecko) Version/11.0 Mobile/15E148 Safari/604.1" "-"
79.228.2.145 - - [06/May/2018:08:06:45 +0200] "GET /wp-content/plugins/user-access-manager/assets/css/uamLoginForm.css?ver=2.1.11 HTTP/1.1" 200 468 www.fc-schnaittach.de "https://www.fc-schnaittach.de/dragonrun/" "Mozilla/5.0 (iPhone; CPU iPhone OS 11_3 like Mac OS X) AppleWebKit/605.1.15 (KHTML, like Gecko) Version/11.0 Mobile/15E148 Safari/604.1" "-"
79.228.2.145 - - [06/May/2018:08:06:45 +0200] "GET /wp-includes/js/jquery/jquery.js?ver=1.12.4 HTTP/1.1" 200 97184 www.fc-schnaittach.de "https://www.fc-schnaittach.de/dragonrun/" "Mozilla/5.0 (iPhone; CPU iPhone OS 11_3 like Mac OS X) AppleWebKit/605.1.15 (KHTML, like Gecko) Version/11.0 Mobile/15E148 Safari/604.1" "-"
79.228.2.145 - - [06/May/2018:08:06:45 +0200] "GET /wp-includes/js/jquery/jquery-migrate.min.js?ver=1.4.1 HTTP/1.1" 200 10056 www.fc-schnaittach.de "https://www.fc-schnaittach.de/dragonrun/" "Mozilla/5.0 (iPhone; CPU iPhone OS 11_3 like Mac OS X) AppleWebKit/605.1.15 (KHTML, like Gecko) Version/11.0 Mobile/15E148 Safari/604.1" "-"
79.228.2.145 - - [06/May/2018:08:06:45 +0200] "GET /wp-content/themes/fcs/css/jquery.smartmenus.bootstrap.css?ver=1418749976 HTTP/1.1" 200 3128 www.fc-schnaittach.de "https://www.fc-schnaittach.de/dragonrun/" "Mozilla/5.0 (iPhone; CPU iPhone OS 11_3 like Mac OS X) AppleWebKit/605.1.15 (KHTML, like Gecko) Version/11.0 Mobile/15E148 Safari/604.1" "-"
79.228.2.145 - - [06/May/2018:08:06:45 +0200] "GET /wp-content/themes/fcs/style.css?ver=1460744932 HTTP/1.1" 200 22587 www.fc-schnaittach.de "https://www.fc-schnaittach.de/dragonrun/" "Mozilla/5.0 (iPhone; CPU iPhone OS 11_3 like Mac OS X) AppleWebKit/605.1.15 (KHTML, like Gecko) Version/11.0 Mobile/15E148 Safari/604.1" "-"
79.228.2.145 - - [06/May/2018:08:06:45 +0200] "GET /wp-content/themes/fcs/images/production/FcsWappen.png?ver=1487205002 HTTP/1.1" 200 12482 www.fc-schnaittach.de "https://www.fc-schnaittach.de/dragonrun/" "Mozilla/5.0 (iPhone; CPU iPhone OS 11_3 like Mac OS X) AppleWebKit/605.1.15 (KHTML, like Gecko) Version/11.0 Mobile/15E148 Safari/604.1" "-"
79.228.2.145 - - [06/May/2018:08:06:45 +0200] "GET /wp-content/uploads/2018/04/A3-Poster-724x1024.jpeg HTTP/1.1" 200 148817 www.fc-schnaittach.de "https://www.fc-schnaittach.de/dragonrun/" "Mozilla/5.0 (iPhone; CPU iPhone OS 11_3 like Mac OS X) AppleWebKit/605.1.15 (KHTML, like Gecko) Version/11.0 Mobile/15E148 Safari/604.1" "-"
79.228.2.145 - - [06/May/2018:08:06:45 +0200] "GET /wp-content/uploads/2018/03/Gel%C3%A4ndekarte_8-768x445.png HTTP/1.1" 200 263795 www.fc-schnaittach.de "https://www.fc-schnaittach.de/dragonrun/" "Mozilla/5.0 (iPhone; CPU iPhone OS 11_3 like Mac OS X) AppleWebKit/605.1.15 (KHTML, like Gecko) Version/11.0 Mobile/15E148 Safari/604.1" "-"
79.228.2.145 - - [06/May/2018:08:06:45 +0200] "GET /wp-content/uploads/2018/04/Gel%C3%A4ndekarte_Homepage_1-1-768x499.png HTTP/1.1" 200 331422 www.fc-schnaittach.de "https://www.fc-schnaittach.de/dragonrun/" "Mozilla/5.0 (iPhone; CPU iPhone OS 11_3 like Mac OS X) AppleWebKit/605.1.15 (KHTML, like Gecko) Version/11.0 Mobile/15E148 Safari/604.1" "-"
79.228.2.145 - - [06/May/2018:08:06:45 +0200] "GET /wp-content/uploads/2018/05/Small_Wall_1-768x768.jpg HTTP/1.1" 200 126002 www.fc-schnaittach.de "https://www.fc-schnaittach.de/dragonrun/" "Mozilla/5.0 (iPhone; CPU iPhone OS 11_3 like Mac OS X) AppleWebKit/605.1.15 (KHTML, like Gecko) Version/11.0 Mobile/15E148 Safari/604.1" "-"
79.228.2.145 - - [06/May/2018:08:06:45 +0200] "GET /wp-content/uploads/2018/05/Rock_your_hair_Chevy_1-768x768.png HTTP/1.1" 200 733340 www.fc-schnaittach.de "https://www.fc-schnaittach.de/dragonrun/" "Mozilla/5.0 (iPhone; CPU iPhone OS 11_3 like Mac OS X) AppleWebKit/605.1.15 (KHTML, like Gecko) Version/11.0 Mobile/15E148 Safari/604.1" "-"
79.228.2.145 - - [06/May/2018:08:06:45 +0200] "GET /wp-content/uploads/2018/04/Werbebanner_1-768x766.jpg HTTP/1.1" 200 153241 www.fc-schnaittach.de "https://www.fc-schnaittach.de/dragonrun/" "Mozilla/5.0 (iPhone; CPU iPhone OS 11_3 like Mac OS X) AppleWebKit/605.1.15 (KHTML, like Gecko) Version/11.0 Mobile/15E148 Safari/604.1" "-"
79.228.2.145 - - [06/May/2018:08:06:45 +0200] "GET /wp-content/themes/fcs/images/production/FcsWappen.png HTTP/1.1" 200 12482 www.fc-schnaittach.de "https://www.fc-schnaittach.de/dragonrun/" "Mozilla/5.0 (iPhone; CPU iPhone OS 11_3 like Mac OS X) AppleWebKit/605.1.15 (KHTML, like Gecko) Version/11.0 Mobile/15E148 Safari/604.1" "-"
79.228.2.145 - - [06/May/2018:08:06:45 +0200] "GET /wp-content/themes/fcs/js/fcs.js?ver=1442772175 HTTP/1.1" 200 5542 www.fc-schnaittach.de "https://www.fc-schnaittach.de/dragonrun/" "Mozilla/5.0 (iPhone; CPU iPhone OS 11_3 like Mac OS X) AppleWebKit/605.1.15 (KHTML, like Gecko) Version/11.0 Mobile/15E148 Safari/604.1" "-"
79.228.2.145 - - [06/May/2018:08:06:45 +0200] "GET /wp-content/themes/fcs/js/jquery.smartmenus.min.js?ver=1418750004 HTTP/1.1" 200 22672 www.fc-schnaittach.de "https://www.fc-schnaittach.de/dragonrun/" "Mozilla/5.0 (iPhone; CPU iPhone OS 11_3 like Mac OS X) AppleWebKit/605.1.15 (KHTML, like Gecko) Version/11.0 Mobile/15E148 Safari/604.1" "-"
79.228.2.145 - - [06/May/2018:08:06:46 +0200] "GET /wp-content/themes/fcs/js/jquery.smartmenus.bootstrap.min.js?ver=1418750004 HTTP/1.1" 200 1252 www.fc-schnaittach.de "https://www.fc-schnaittach.de/dragonrun/" "Mozilla/5.0 (iPhone; CPU iPhone OS 11_3 like Mac OS X) AppleWebKit/605.1.15 (KHTML, like Gecko) Version/11.0 Mobile/15E148 Safari/604.1" "-"
79.228.2.145 - - [06/May/2018:08:06:46 +0200] "GET /wp-content/plugins/contact-form-7/includes/js/scripts.js?ver=5.0.1 HTTP/1.1" 200 14551 www.fc-schnaittach.de "https://www.fc-schnaittach.de/dragonrun/" "Mozilla/5.0 (iPhone; CPU iPhone OS 11_3 like Mac OS X) AppleWebKit/605.1.15 (KHTML, like Gecko) Version/11.0 Mobile/15E148 Safari/604.1" "-"
79.228.2.145 - - [06/May/2018:08:06:46 +0200] "GET /wp-includes/js/wp-embed.min.js?ver=4.9.5 HTTP/1.1" 200 1398 www.fc-schnaittach.de "https://www.fc-schnaittach.de/dragonrun/" "Mozilla/5.0 (iPhone; CPU iPhone OS 11_3 like Mac OS X) AppleWebKit/605.1.15 (KHTML, like Gecko) Version/11.0 Mobile/15E148 Safari/604.1" "-"
79.228.2.145 - - [06/May/2018:08:06:47 +0200] "GET /wp-content/uploads/2018/04/A3-Poster.jpeg HTTP/1.1" 200 1321632 www.fc-schnaittach.de "https://www.fc-schnaittach.de/dragonrun/" "Mozilla/5.0 (iPhone; CPU iPhone OS 11_3 like Mac OS X) AppleWebKit/605.1.15 (KHTML, like Gecko) Version/11.0 Mobile/15E148 Safari/604.1" "-"
40.77.167.5 - - [06/May/2018:08:07:03 +0200] "GET /wp-content/uploads/2015/06/WP_20150725_12_47_22_Pro.jpg HTTP/1.1" 301 293 www.fc-schnaittach.de "-" "Mozilla/5.0 (compatible; bingbot/2.0; +http://www.bing.com/bingbot.htm)" "-"
40.77.167.5 - - [06/May/2018:08:07:04 +0200] "GET /wp-content/uploads/2015/06/WP_20150725_12_47_22_Pro.jpg HTTP/1.1" 200 68837 www.fc-schnaittach.de "-" "Mozilla/5.0 (compatible; bingbot/2.0; +http://www.bing.com/bingbot.htm)" "-"
66.249.64.207 - - [06/May/2018:08:10:12 +0200] "GET /dragonrun/ HTTP/1.1" 200 9080 www.fc-schnaittach.de "-" "Mozilla/5.0 (compatible; Googlebot/2.1; +http://www.google.com/bot.html)" "-"
2a02:8071:894:2d00:7c22:ef2c:80c:cb6f - - [06/May/2018:08:14:04 +0200] "GET /dragonrun/ HTTP/1.1" 200 9081 www.fc-schnaittach.de "http://m.facebook.com" "Mozilla/5.0 (iPhone; CPU iPhone OS 11_3 like Mac OS X) AppleWebKit/605.1.15 (KHTML, like Gecko) Mobile/15E216 [FBAN/FBIOS;FBAV/170.0.0.60.91;FBBV/105964764;FBDV/iPhone10,4;FBMD/iPhone;FBSN/iOS;FBSV/11.3;FBSS/2;FBCR/o2-de;FBID/phone;FBLC/de_DE;FBOP/5;FBRV/106631002]" "-"
40.77.167.5 - - [06/May/2018:08:15:19 +0200] "GET /sitemap-pt-post-2016-01.xml HTTP/1.1" 200 691 www.fc-schnaittach.de "-" "Mozilla/5.0 (compatible; bingbot/2.0; +http://www.bing.com/bingbot.htm)" "-"
91.210.145.87 - - [06/May/2018:08:17:19 +0200] "POST /wp-login.php HTTP/1.1" 200 1311 www.fc-schnaittach.de "https://www.fc-schnaittach.de/wp-login.php" "Mozilla/5.0 (Windows NT 10.0; WOW64) AppleWebKit/537.36 (KHTML, like Gecko) Chrome/53.0.2785.143 Safari/537.36" "-"
91.210.145.87 - - [06/May/2018:08:17:20 +0200] "GET /wp-admin/ HTTP/1.1" 302 23 www.fc-schnaittach.de "https://www.fc-schnaittach.de/wp-admin/" "Mozilla/5.0 (Windows NT 10.0; WOW64) AppleWebKit/537.36 (KHTML, like Gecko) Chrome/53.0.2785.143 Safari/537.36" "-"
207.46.13.36 - - [06/May/2018:08:24:21 +0200] "GET /wp-content/uploads/2015/03/Olivia-Kornek.jpg HTTP/1.1" 200 65912 www.fc-schnaittach.de "-" "Mozilla/5.0 (compatible; bingbot/2.0; +http://www.bing.com/bingbot.htm)" "-"
207.46.13.36 - - [06/May/2018:08:30:40 +0200] "GET /sitemap-pt-post-2017-10.xml HTTP/1.1" 200 596 www.fc-schnaittach.de "-" "Mozilla/5.0 (compatible; bingbot/2.0; +http://www.bing.com/bingbot.htm)" "-"
217.160.63.10 - - [06/May/2018:08:30:41 +0200] "POST /wp-cron.php?doing_wp_cron=1525588241.0015840530395507812500 HTTP/1.1" 301 297 www.fc-schnaittach.de "http://www.fc-schnaittach.de/wp-cron.php?doing_wp_cron=1525588241.0015840530395507812500" "WordPress/4.9.5; https://www.fc-schnaittach.de" "-"
217.160.63.10 - - [06/May/2018:08:32:53 +0200] "POST /wp-cron.php?doing_wp_cron=1525588373.8051459789276123046875 HTTP/1.1" 200 23 www.fc-schnaittach.de "https://www.fc-schnaittach.de/wp-cron.php?doing_wp_cron=1525588373.8051459789276123046875" "WordPress/4.9.5; https://www.fc-schnaittach.de" "-"
91.210.145.87 - - [06/May/2018:08:32:53 +0200] "POST /wp-login.php HTTP/1.1" 200 1311 www.fc-schnaittach.de "https://www.fc-schnaittach.de/wp-login.php" "Mozilla/5.0 (Windows NT 10.0; WOW64) AppleWebKit/537.36 (KHTML, like Gecko) Chrome/53.0.2785.143 Safari/537.36" "-"
91.210.145.87 - - [06/May/2018:08:32:54 +0200] "GET /wp-admin/ HTTP/1.1" 302 23 www.fc-schnaittach.de "https://www.fc-schnaittach.de/wp-admin/" "Mozilla/5.0 (Windows NT 10.0; WOW64) AppleWebKit/537.36 (KHTML, like Gecko) Chrome/53.0.2785.143 Safari/537.36" "-"
2a03:2880:2131:7fc7:face:b00c:0:8000 - - [06/May/2018:08:33:34 +0200] "GET /wp-content/uploads/2018/03/DIN_A6_Flyer_22.02.2018_1.png HTTP/1.1" 200 205587 www.fc-schnaittach.de "-" "facebookexternalhit/1.1 (+http://www.facebook.com/externalhit_uatext.php)" "-"
66.249.64.203 - - [06/May/2018:08:36:00 +0200] "GET /sitemap-pt-post-2015-08.xml HTTP/1.1" 200 602 www.fc-schnaittach.de "-" "Mozilla/5.0 (compatible; Googlebot/2.1; +http://www.google.com/bot.html)" "-"
87.250.244.4 - - [06/May/2018:08:46:24 +0200] "GET /robots.txt HTTP/1.1" 200 35 www.fc-schnaittach.de "-" "Mozilla/5.0 (compatible; YandexBot/3.0; +http://yandex.com/bots)" "-"
5.45.203.13 - - [06/May/2018:08:46:28 +0200] "GET /jahresfahrt-der-wanderabteilung-3/sam_1643/ HTTP/1.1" 200 196 www.fc-schnaittach.de "-" "Mozilla/5.0 (compatible; YandexBot/3.0; +http://yandex.com/bots)" "-"
91.210.145.87 - - [06/May/2018:08:48:41 +0200] "POST /wp-login.php HTTP/1.1" 200 1309 www.fc-schnaittach.de "https://www.fc-schnaittach.de/wp-login.php" "Mozilla/5.0 (Windows NT 10.0; WOW64) AppleWebKit/537.36 (KHTML, like Gecko) Chrome/53.0.2785.143 Safari/537.36" "-"
91.210.145.87 - - [06/May/2018:08:48:42 +0200] "GET /wp-admin/ HTTP/1.1" 302 23 www.fc-schnaittach.de "https://www.fc-schnaittach.de/wp-admin/" "Mozilla/5.0 (Windows NT 10.0; WOW64) AppleWebKit/537.36 (KHTML, like Gecko) Chrome/53.0.2785.143 Safari/537.36" "-"
42.236.99.9 - - [06/May/2018:08:50:51 +0200] "GET / HTTP/1.1" 301 238 fc-schnaittach.de "http://fc-schnaittach.de/" "Mozilla/5.0 (Windows NT 6.1; WOW64) AppleWebKit/537.36 (KHTML, like Gecko) Chrome/50.0.2661.102 Safari/537.36; 360Spider" "-"
42.236.99.9 - - [06/May/2018:08:50:52 +0200] "GET / HTTP/1.1" 200 7739 www.fc-schnaittach.de "https://www.fc-schnaittach.de/" "Mozilla/5.0 (Windows NT 6.1; WOW64) AppleWebKit/537.36 (KHTML, like Gecko) Chrome/50.0.2661.102 Safari/537.36; 360Spider" "-"
2003:cf:bbed:e5ab:e1f1:2f76:8532:905b - - [06/May/2018:08:51:30 +0200] "GET /fussball/damen/ HTTP/1.1" 200 8170 www.fc-schnaittach.de "https://www.google.de/" "Mozilla/5.0 (iPhone; CPU iPhone OS 11_2_6 like Mac OS X) AppleWebKit/604.5.6 (KHTML, like Gecko) Version/11.0 Mobile/15D100 Safari/604.1" "-"
2003:cf:bbed:e5ab:e1f1:2f76:8532:905b - - [06/May/2018:08:51:31 +0200] "GET /wp-includes/js/wp-emoji-release.min.js?ver=4.9.5 HTTP/1.1" 200 11721 www.fc-schnaittach.de "https://www.fc-schnaittach.de/fussball/damen/" "Mozilla/5.0 (iPhone; CPU iPhone OS 11_2_6 like Mac OS X) AppleWebKit/604.5.6 (KHTML, like Gecko) Version/11.0 Mobile/15D100 Safari/604.1" "-"
2003:cf:bbed:e5ab:e1f1:2f76:8532:905b - - [06/May/2018:08:51:31 +0200] "GET /wp-content/plugins/contact-form-7/includes/css/styles.css?ver=5.0.1 HTTP/1.1" 200 1683 www.fc-schnaittach.de "https://www.fc-schnaittach.de/fussball/damen/" "Mozilla/5.0 (iPhone; CPU iPhone OS 11_2_6 like Mac OS X) AppleWebKit/604.5.6 (KHTML, like Gecko) Version/11.0 Mobile/15D100 Safari/604.1" "-"
