217.160.63.0 - - [03/Aug/2018:04:26:49 +0200] "HEAD /wp-content/uploads/2015/03/Budo_Terminplan_12.03.2015_2.pdf HTTP/1.1" 200 - www.fc-schnaittach.de "https://www.fc-schnaittach.de" "Mozilla/5.0 (compatible; MSIE 9.0; Windows NT 6.1; WOW64; Trident/5.0)" "-"
217.160.63.0 - - [03/Aug/2018:04:26:54 +0200] "HEAD /wp-content/uploads/2016/01/WF2016_1-300x225.jpg HTTP/1.1" 301 - www.fc-schnaittach.de "https://www.fc-schnaittach.de" "Mozilla/5.0 (compatible; MSIE 9.0; Windows NT 6.1; WOW64; Trident/5.0)" "-"
217.160.63.0 - - [03/Aug/2018:04:26:54 +0200] "HEAD /wp-content/uploads/2016/01/WF2016_1-300x225.jpg HTTP/1.1" 200 - www.fc-schnaittach.de "https://www.fc-schnaittach.de" "Mozilla/5.0 (compatible; MSIE 9.0; Windows NT 6.1; WOW64; Trident/5.0)" "-"
52.175.195.0 - - [03/Aug/2018:04:27:00 +0200] "HEAD / HTTP/1.1" 301 - www.fc-schnaittach.de "-" "HTTPing v2.4" "-"
185.203.240.0 - - [03/Aug/2018:04:32:52 +0200] "HEAD / HTTP/1.1" 301 - www.fc-schnaittach.de "https://torgovoeoborudovanie.com.ua/g4671725-kartofelechistki-ovoschechistki" "Mozilla/8.0 (compatible; MSIE3.00; Windows 2004)" "-"
212.86.109.0 - - [03/Aug/2018:04:32:53 +0200] "HEAD / HTTP/1.1" 301 - www.fc-schnaittach.de "https://criptoblog.ru/news/" "Mozilla/8.0 (compatible; MSIE5.00; Windows 2008)" "-"
77.220.215.0 - - [03/Aug/2018:04:32:53 +0200] "HEAD / HTTP/1.1" 301 - www.fc-schnaittach.de "http://electro-tobacco.com/komplektuyushie/akkumulyatori-li-ion/" "Mozilla/7.0 (compatible; MSIE4.00; Windows 2008)" "-"
157.55.39.0 - - [03/Aug/2018:04:45:01 +0200] "GET /tischtennis/herren-1/ HTTP/1.1" 200 6805 www.fc-schnaittach.de "-" "Mozilla/5.0 (compatible; bingbot/2.0; +http://www.bing.com/bingbot.htm)" "-"
178.159.43.0 - - [03/Aug/2018:04:47:32 +0200] "HEAD / HTTP/1.1" 301 - www.fc-schnaittach.de "https://magic-present.su/gift/brother" "Mozilla/6.0 (compatible; MSIE4.00; Windows 2003)" "-"
207.46.13.0 - - [03/Aug/2018:04:53:01 +0200] "GET /category/startseite/ HTTP/1.1" 200 8231 www.fc-schnaittach.de "-" "Mozilla/5.0 (compatible; bingbot/2.0; +http://www.bing.com/bingbot.htm)" "-"
46.229.168.0 - - [03/Aug/2018:04:56:12 +0200] "GET /robots.txt HTTP/1.1" 301 248 www.fc-schnaittach.de "-" "Mozilla/5.0 (compatible; SemrushBot/2~bl; +http://www.semrush.com/bot.html)" "-"
46.229.168.0 - - [03/Aug/2018:04:56:12 +0200] "GET /robots.txt HTTP/1.1" 200 35 www.fc-schnaittach.de "-" "Mozilla/5.0 (compatible; SemrushBot/2~bl; +http://www.semrush.com/bot.html)" "-"
54.36.148.0 - - [03/Aug/2018:05:04:47 +0200] "GET /wp-content/uploads/2014/10/A_Lenz.jpg HTTP/1.1" 200 105664 www.fc-schnaittach.de "-" "Mozilla/5.0 (compatible; AhrefsBot/5.2; +http://ahrefs.com/robot/)" "-"
207.46.13.0 - - [03/Aug/2018:05:05:23 +0200] "GET /wp-content/uploads/2014/10/T_Tyrach.jpg HTTP/1.1" 301 277 www.fc-schnaittach.de "-" "Mozilla/5.0 (compatible; bingbot/2.0; +http://www.bing.com/bingbot.htm)" "-"
207.46.13.0 - - [03/Aug/2018:05:05:25 +0200] "GET /wp-content/uploads/2014/10/T_Tyrach.jpg HTTP/1.1" 200 124533 www.fc-schnaittach.de "-" "Mozilla/5.0 (compatible; bingbot/2.0; +http://www.bing.com/bingbot.htm)" "-"
207.46.13.0 - - [03/Aug/2018:05:09:18 +0200] "GET /wp-includes/js/wp-emoji-release.min.js?ver=4.9.7 HTTP/1.1" 301 286 www.fc-schnaittach.de "-" "Mozilla/5.0 (compatible; bingbot/2.0; +http://www.bing.com/bingbot.htm)" "-"
207.46.13.0 - - [03/Aug/2018:05:09:19 +0200] "GET /wp-includes/js/wp-emoji-release.min.js?ver=4.9.7 HTTP/1.1" 200 11721 www.fc-schnaittach.de "-" "Mozilla/5.0 (compatible; bingbot/2.0; +http://www.bing.com/bingbot.htm)" "-"
207.46.13.0 - - [03/Aug/2018:05:13:36 +0200] "GET /fussball/damen/spielplan-tabelle/ HTTP/1.1" 200 6782 www.fc-schnaittach.de "-" "Mozilla/5.0 (compatible; bingbot/2.0; +http://www.bing.com/bingbot.htm)" "-"
46.229.168.0 - - [03/Aug/2018:05:14:19 +0200] "GET /neugruendungderbudoabteilung HTTP/1.1" 301 23 www.fc-schnaittach.de "-" "Mozilla/5.0 (compatible; SemrushBot/2~bl; +http://www.semrush.com/bot.html)" "-"
54.36.149.0 - - [03/Aug/2018:05:18:24 +0200] "GET /fussball/2-mannschaft/feed/ HTTP/1.1" 200 545 www.fc-schnaittach.de "-" "Mozilla/5.0 (compatible; AhrefsBot/5.2; +http://ahrefs.com/robot/)" "-"
217.160.63.0 - - [03/Aug/2018:05:25:25 +0200] "HEAD /wp-content/uploads/2018/05/4-1.jpg HTTP/1.1" 200 - www.fc-schnaittach.de "https://www.fc-schnaittach.de" "Mozilla/5.0 (compatible; MSIE 9.0; Windows NT 6.1; WOW64; Trident/5.0)" "-"
157.55.39.0 - - [03/Aug/2018:05:25:25 +0200] "GET /einladung-zur-mitgliederversammlung-2018/ HTTP/1.1" 200 6459 www.fc-schnaittach.de "-" "Mozilla/5.0 (compatible; bingbot/2.0; +http://www.bing.com/bingbot.htm)" "-"
217.160.63.0 - - [03/Aug/2018:05:25:25 +0200] "POST /wp-cron.php?doing_wp_cron=1533266725.4081909656524658203125 HTTP/1.1" 200 23 www.fc-schnaittach.de "https://www.fc-schnaittach.de/wp-cron.php?doing_wp_cron=1533266725.4081909656524658203125" "WordPress/4.9.7; https://www.fc-schnaittach.de" "-"
217.160.63.0 - - [03/Aug/2018:05:25:27 +0200] "HEAD /wp-content/uploads/2018/05/4-1-300x300.jpg HTTP/1.1" 200 - www.fc-schnaittach.de "https://www.fc-schnaittach.de" "Mozilla/5.0 (compatible; MSIE 9.0; Windows NT 6.1; WOW64; Trident/5.0)" "-"
194.67.207.0 - - [03/Aug/2018:05:28:33 +0200] "HEAD / HTTP/1.1" 301 - www.fc-schnaittach.de "https://sxtoys.pro/zhenskoe-bele/" "Mozilla/4.0 (compatible; MSIE5.00; Windows 2006)" "-"
185.125.219.0 - - [03/Aug/2018:05:28:33 +0200] "HEAD / HTTP/1.1" 301 - www.fc-schnaittach.de "http://senoopt.pro" "Mozilla/8.0 (compatible; MSIE7.00; Windows 2009)" "-"
194.67.207.0 - - [03/Aug/2018:05:28:34 +0200] "HEAD / HTTP/1.1" 301 - www.fc-schnaittach.de "https://bankrotperm.ru" "Mozilla/7.0 (compatible; MSIE3.00; Windows 2009)" "-"
207.46.13.0 - - [03/Aug/2018:05:39:47 +0200] "GET /wp-content/uploads/2015/03/Syna-Luther.jpg HTTP/1.1" 301 280 www.fc-schnaittach.de "-" "Mozilla/5.0 (compatible; bingbot/2.0; +http://www.bing.com/bingbot.htm)" "-"
207.46.13.0 - - [03/Aug/2018:05:39:48 +0200] "GET /wp-content/uploads/2015/03/Syna-Luther.jpg HTTP/1.1" 200 60085 www.fc-schnaittach.de "-" "Mozilla/5.0 (compatible; bingbot/2.0; +http://www.bing.com/bingbot.htm)" "-"
178.137.161.0 - - [03/Aug/2018:05:40:34 +0200] "GET /fussball/damen/ HTTP/1.1" 200 34403 www.fc-schnaittach.de "http://www.rospromtest.ru/" "Mozilla/4.0 (compatible; MSIE 6.0; Windows NT 5.1; MRA 4.6 (build 01425))" "-"
178.137.161.0 - - [03/Aug/2018:05:40:35 +0200] "GET /fussball/damen/ HTTP/1.1" 200 34403 www.fc-schnaittach.de "http://www.rospromtest.ru/" "Mozilla/4.0 (compatible; MSIE 6.0; Windows NT 5.1; MRA 4.6 (build 01425))" "-"
178.137.161.0 - - [03/Aug/2018:05:40:35 +0200] "GET /fussball/damen/ HTTP/1.1" 200 34403 www.fc-schnaittach.de "http://www.rospromtest.ru/" "Mozilla/4.0 (compatible; MSIE 6.0; Windows NT 5.1; MRA 4.6 (build 01425))" "-"
207.46.13.0 - - [03/Aug/2018:05:41:46 +0200] "GET /wp-content/uploads/2015/04/FCS-2-Mannschaft-Meister-19-300x225.jpg HTTP/1.1" 301 304 www.fc-schnaittach.de "-" "Mozilla/5.0 (compatible; bingbot/2.0; +http://www.bing.com/bingbot.htm)" "-"
207.46.13.0 - - [03/Aug/2018:05:41:48 +0200] "GET /wp-content/uploads/2015/04/FCS-2-Mannschaft-Meister-19-300x225.jpg HTTP/1.1" 200 23895 www.fc-schnaittach.de "-" "Mozilla/5.0 (compatible; bingbot/2.0; +http://www.bing.com/bingbot.htm)" "-"
193.124.179.0 - - [03/Aug/2018:05:42:11 +0200] "HEAD / HTTP/1.1" 301 - www.fc-schnaittach.de "http://filter-ot-zheleza.ru/dlya-dachi-i-kottedzhej.html" "Mozilla/4.0 (compatible; MSIE2.00; Windows 2009)" "-"
216.244.66.0 - - [03/Aug/2018:05:46:40 +0200] "GET /robots.txt HTTP/1.1" 301 248 www.fc-schnaittach.de "-" "Mozilla/5.0 (compatible; DotBot/1.1; http://www.opensiteexplorer.org/dotbot, help@moz.com)" "-"
216.244.66.0 - - [03/Aug/2018:05:46:43 +0200] "GET /robots.txt HTTP/1.1" 200 35 www.fc-schnaittach.de "-" "Mozilla/5.0 (compatible; DotBot/1.1; http://www.opensiteexplorer.org/dotbot, help@moz.com)" "-"
54.36.149.0 - - [03/Aug/2018:06:00:48 +0200] "GET /julius-hirsch-preis-urkunde/ HTTP/1.1" 200 7565 www.fc-schnaittach.de "-" "Mozilla/5.0 (compatible; AhrefsBot/5.2; +http://ahrefs.com/robot/)" "-"
52.175.195.0 - - [03/Aug/2018:06:00:56 +0200] "HEAD / HTTP/1.1" 301 - www.fc-schnaittach.de "-" "HTTPing v2.4" "-"
62.2.217.0 - - [03/Aug/2018:06:01:05 +0200] "GET /Dragonrun HTTP/1.1" 301 23 fc-schnaittach.de "http://www.laufkalender24.de/" "Mozilla/5.0 (Windows NT 6.1; WOW64; Trident/7.0; rv:11.0) like Gecko" "-"
62.2.217.0 - - [03/Aug/2018:06:01:06 +0200] "GET /Dragonrun/ HTTP/1.1" 200 11391 www.fc-schnaittach.de "http://www.laufkalender24.de/" "Mozilla/5.0 (Windows NT 6.1; WOW64; Trident/7.0; rv:11.0) like Gecko" "-"
217.91.26.0 - - [03/Aug/2018:06:01:09 +0200] "GET /dragonrun/ HTTP/1.1" 200 11384 www.fc-schnaittach.de "https://www.google.de/" "Mozilla/5.0 (Windows NT 10.0; Win64; x64) AppleWebKit/537.36 (KHTML, like Gecko) Chrome/64.0.3282.140 Safari/537.36 Edge/17.17134" "-"
217.91.26.0 - - [03/Aug/2018:06:01:10 +0200] "GET /wp-content/themes/fcs/css/jquery.smartmenus.bootstrap.css?ver=1418749976 HTTP/1.1" 200 3128 www.fc-schnaittach.de "https://www.fc-schnaittach.de/dragonrun/" "Mozilla/5.0 (Windows NT 10.0; Win64; x64) AppleWebKit/537.36 (KHTML, like Gecko) Chrome/64.0.3282.140 Safari/537.36 Edge/17.17134" "-"
217.91.26.0 - - [03/Aug/2018:06:01:10 +0200] "GET /wp-content/themes/fcs/style.css?ver=1460744932 HTTP/1.1" 200 22587 www.fc-schnaittach.de "https://www.fc-schnaittach.de/dragonrun/" "Mozilla/5.0 (Windows NT 10.0; Win64; x64) AppleWebKit/537.36 (KHTML, like Gecko) Chrome/64.0.3282.140 Safari/537.36 Edge/17.17134" "-"
217.91.26.0 - - [03/Aug/2018:06:01:10 +0200] "GET /wp-content/themes/fcs/images/production/FcsWappen.png?ver=1487205002 HTTP/1.1" 200 12482 www.fc-schnaittach.de "https://www.fc-schnaittach.de/dragonrun/" "Mozilla/5.0 (Windows NT 10.0; Win64; x64) AppleWebKit/537.36 (KHTML, like Gecko) Chrome/64.0.3282.140 Safari/537.36 Edge/17.17134" "-"
217.91.26.0 - - [03/Aug/2018:06:01:10 +0200] "GET /wp-content/themes/fcs/images/production/FcsWappen.png HTTP/1.1" 200 12482 www.fc-schnaittach.de "https://www.fc-schnaittach.de/dragonrun/" "Mozilla/5.0 (Windows NT 10.0; Win64; x64) AppleWebKit/537.36 (KHTML, like Gecko) Chrome/64.0.3282.140 Safari/537.36 Edge/17.17134" "-"
217.91.26.0 - - [03/Aug/2018:06:01:10 +0200] "GET /wp-content/plugins/feedzy-rss-feeds/css/feedzy-rss-feeds.css?ver=3.2.10 HTTP/1.1" 200 9822 www.fc-schnaittach.de "https://www.fc-schnaittach.de/dragonrun/" "Mozilla/5.0 (Windows NT 10.0; Win64; x64) AppleWebKit/537.36 (KHTML, like Gecko) Chrome/64.0.3282.140 Safari/537.36 Edge/17.17134" "-"
217.91.26.0 - - [03/Aug/2018:06:01:10 +0200] "GET /wp-content/plugins/recently-updated-posts-widget/css/style.css?ver=4.9.7 HTTP/1.1" 200 45 www.fc-schnaittach.de "https://www.fc-schnaittach.de/dragonrun/" "Mozilla/5.0 (Windows NT 10.0; Win64; x64) AppleWebKit/537.36 (KHTML, like Gecko) Chrome/64.0.3282.140 Safari/537.36 Edge/17.17134" "-"
217.91.26.0 - - [03/Aug/2018:06:01:10 +0200] "GET /wp-content/plugins/contact-form-7/includes/css/styles.css?ver=5.0.2 HTTP/1.1" 200 1683 www.fc-schnaittach.de "https://www.fc-schnaittach.de/dragonrun/" "Mozilla/5.0 (Windows NT 10.0; Win64; x64) AppleWebKit/537.36 (KHTML, like Gecko) Chrome/64.0.3282.140 Safari/537.36 Edge/17.17134" "-"
217.91.26.0 - - [03/Aug/2018:06:01:10 +0200] "GET /wp-content/themes/fcs/js/jquery.smartmenus.min.js?ver=1418750004 HTTP/1.1" 200 22672 www.fc-schnaittach.de "https://www.fc-schnaittach.de/dragonrun/" "Mozilla/5.0 (Windows NT 10.0; Win64; x64) AppleWebKit/537.36 (KHTML, like Gecko) Chrome/64.0.3282.140 Safari/537.36 Edge/17.17134" "-"
217.91.26.0 - - [03/Aug/2018:06:01:10 +0200] "GET /wp-content/themes/fcs/js/fcs.js?ver=1442772175 HTTP/1.1" 200 5542 www.fc-schnaittach.de "https://www.fc-schnaittach.de/dragonrun/" "Mozilla/5.0 (Windows NT 10.0; Win64; x64) AppleWebKit/537.36 (KHTML, like Gecko) Chrome/64.0.3282.140 Safari/537.36 Edge/17.17134" "-"
217.91.26.0 - - [03/Aug/2018:06:01:10 +0200] "GET /wp-includes/js/jquery/jquery-migrate.min.js?ver=1.4.1 HTTP/1.1" 200 10056 www.fc-schnaittach.de "https://www.fc-schnaittach.de/dragonrun/" "Mozilla/5.0 (Windows NT 10.0; Win64; x64) AppleWebKit/537.36 (KHTML, like Gecko) Chrome/64.0.3282.140 Safari/537.36 Edge/17.17134" "-"
217.91.26.0 - - [03/Aug/2018:06:01:10 +0200] "GET /wp-includes/js/jquery/jquery.js?ver=1.12.4 HTTP/1.1" 200 97184 www.fc-schnaittach.de "https://www.fc-schnaittach.de/dragonrun/" "Mozilla/5.0 (Windows NT 10.0; Win64; x64) AppleWebKit/537.36 (KHTML, like Gecko) Chrome/64.0.3282.140 Safari/537.36 Edge/17.17134" "-"
217.91.26.0 - - [03/Aug/2018:06:01:10 +0200] "GET /wp-content/plugins/user-access-manager/assets/css/uamLoginForm.css?ver=2.1.11 HTTP/1.1" 200 468 www.fc-schnaittach.de "https://www.fc-schnaittach.de/dragonrun/" "Mozilla/5.0 (Windows NT 10.0; Win64; x64) AppleWebKit/537.36 (KHTML, like Gecko) Chrome/64.0.3282.140 Safari/537.36 Edge/17.17134" "-"
217.91.26.0 - - [03/Aug/2018:06:01:10 +0200] "GET /wp-content/themes/fcs/js/jquery.smartmenus.bootstrap.min.js?ver=1418750004 HTTP/1.1" 200 1252 www.fc-schnaittach.de "https://www.fc-schnaittach.de/dragonrun/" "Mozilla/5.0 (Windows NT 10.0; Win64; x64) AppleWebKit/537.36 (KHTML, like Gecko) Chrome/64.0.3282.140 Safari/537.36 Edge/17.17134" "-"
217.91.26.0 - - [03/Aug/2018:06:01:10 +0200] "GET /wp-includes/js/wp-embed.min.js?ver=4.9.7 HTTP/1.1" 200 1398 www.fc-schnaittach.de "https://www.fc-schnaittach.de/dragonrun/" "Mozilla/5.0 (Windows NT 10.0; Win64; x64) AppleWebKit/537.36 (KHTML, like Gecko) Chrome/64.0.3282.140 Safari/537.36 Edge/17.17134" "-"
217.91.26.0 - - [03/Aug/2018:06:01:10 +0200] "GET /wp-content/plugins/contact-form-7/includes/js/scripts.js?ver=5.0.2 HTTP/1.1" 200 14585 www.fc-schnaittach.de "https://www.fc-schnaittach.de/dragonrun/" "Mozilla/5.0 (Windows NT 10.0; Win64; x64) AppleWebKit/537.36 (KHTML, like Gecko) Chrome/64.0.3282.140 Safari/537.36 Edge/17.17134" "-"
217.91.26.0 - - [03/Aug/2018:06:01:10 +0200] "GET /wp-includes/js/wp-emoji-release.min.js?ver=4.9.7 HTTP/1.1" 200 11721 www.fc-schnaittach.de "https://www.fc-schnaittach.de/dragonrun/" "Mozilla/5.0 (Windows NT 10.0; Win64; x64) AppleWebKit/537.36 (KHTML, like Gecko) Chrome/64.0.3282.140 Safari/537.36 Edge/17.17134" "-"
217.91.26.0 - - [03/Aug/2018:06:01:10 +0200] "GET /wp-content/uploads/2018/07/33-300x200.jpg HTTP/1.1" 200 17500 www.fc-schnaittach.de "https://www.fc-schnaittach.de/dragonrun/" "Mozilla/5.0 (Windows NT 10.0; Win64; x64) AppleWebKit/537.36 (KHTML, like Gecko) Chrome/64.0.3282.140 Safari/537.36 Edge/17.17134" "-"
217.91.26.0 - - [03/Aug/2018:06:01:10 +0200] "GET /wp-content/uploads/2018/07/30-300x199.jpg HTTP/1.1" 200 15645 www.fc-schnaittach.de "https://www.fc-schnaittach.de/dragonrun/" "Mozilla/5.0 (Windows NT 10.0; Win64; x64) AppleWebKit/537.36 (KHTML, like Gecko) Chrome/64.0.3282.140 Safari/537.36 Edge/17.17134" "-"
217.91.26.0 - - [03/Aug/2018:06:01:10 +0200] "GET /wp-content/uploads/2018/07/34-271x300.jpg HTTP/1.1" 200 19627 www.fc-schnaittach.de "https://www.fc-schnaittach.de/dragonrun/" "Mozilla/5.0 (Windows NT 10.0; Win64; x64) AppleWebKit/537.36 (KHTML, like Gecko) Chrome/64.0.3282.140 Safari/537.36 Edge/17.17134" "-"
217.91.26.0 - - [03/Aug/2018:06:01:10 +0200] "GET /wp-content/uploads/2018/07/36-1024x383.jpg HTTP/1.1" 200 61172 www.fc-schnaittach.de "https://www.fc-schnaittach.de/dragonrun/" "Mozilla/5.0 (Windows NT 10.0; Win64; x64) AppleWebKit/537.36 (KHTML, like Gecko) Chrome/64.0.3282.140 Safari/537.36 Edge/17.17134" "-"
217.91.26.0 - - [03/Aug/2018:06:01:10 +0200] "GET /wp-content/uploads/2018/04/A3-Poster-212x300.jpeg HTTP/1.1" 200 23307 www.fc-schnaittach.de "https://www.fc-schnaittach.de/dragonrun/" "Mozilla/5.0 (Windows NT 10.0; Win64; x64) AppleWebKit/537.36 (KHTML, like Gecko) Chrome/64.0.3282.140 Safari/537.36 Edge/17.17134" "-"
217.91.26.0 - - [03/Aug/2018:06:01:10 +0200] "GET /wp-content/uploads/2018/06/Hindernisverteilung-2-1024x768.png HTTP/1.1" 200 573287 www.fc-schnaittach.de "https://www.fc-schnaittach.de/dragonrun/" "Mozilla/5.0 (Windows NT 10.0; Win64; x64) AppleWebKit/537.36 (KHTML, like Gecko) Chrome/64.0.3282.140 Safari/537.36 Edge/17.17134" "-"
217.91.26.0 - - [03/Aug/2018:06:01:10 +0200] "GET /wp-content/uploads/2018/06/SBC-Flyer-Spendenziel-2018-300x224.png HTTP/1.1" 200 37803 www.fc-schnaittach.de "https://www.fc-schnaittach.de/dragonrun/" "Mozilla/5.0 (Windows NT 10.0; Win64; x64) AppleWebKit/537.36 (KHTML, like Gecko) Chrome/64.0.3282.140 Safari/537.36 Edge/17.17134" "-"
217.91.26.0 - - [03/Aug/2018:06:01:10 +0200] "GET /wp-content/uploads/2018/05/Dragonzone_1-1024x738.png HTTP/1.1" 200 589429 www.fc-schnaittach.de "https://www.fc-schnaittach.de/dragonrun/" "Mozilla/5.0 (Windows NT 10.0; Win64; x64) AppleWebKit/537.36 (KHTML, like Gecko) Chrome/64.0.3282.140 Safari/537.36 Edge/17.17134" "-"
217.91.26.0 - - [03/Aug/2018:06:01:11 +0200] "GET /wp-content/uploads/2018/06/13-300x300.jpg HTTP/1.1" 200 27363 www.fc-schnaittach.de "https://www.fc-schnaittach.de/dragonrun/" "Mozilla/5.0 (Windows NT 10.0; Win64; x64) AppleWebKit/537.36 (KHTML, like Gecko) Chrome/64.0.3282.140 Safari/537.36 Edge/17.17134" "-"
217.91.26.0 - - [03/Aug/2018:06:01:11 +0200] "GET /wp-content/uploads/2018/05/Small_Wall_1-300x300.jpg HTTP/1.1" 200 25990 www.fc-schnaittach.de "https://www.fc-schnaittach.de/dragonrun/" "Mozilla/5.0 (Windows NT 10.0; Win64; x64) AppleWebKit/537.36 (KHTML, like Gecko) Chrome/64.0.3282.140 Safari/537.36 Edge/17.17134" "-"
217.91.26.0 - - [03/Aug/2018:06:01:11 +0200] "GET /wp-content/themes/fcs/images/production/FcsWappen.ico?ver=1420564287 HTTP/1.1" 200 4606 www.fc-schnaittach.de "-" "Mozilla/5.0 (Windows NT 10.0; Win64; x64) AppleWebKit/537.36 (KHTML, like Gecko) Chrome/64.0.3282.140 Safari/537.36 Edge/17.17134" "-"
217.91.26.0 - - [03/Aug/2018:06:01:11 +0200] "GET /wp-content/uploads/2018/07/21-300x300.jpg HTTP/1.1" 200 33010 www.fc-schnaittach.de "https://www.fc-schnaittach.de/dragonrun/" "Mozilla/5.0 (Windows NT 10.0; Win64; x64) AppleWebKit/537.36 (KHTML, like Gecko) Chrome/64.0.3282.140 Safari/537.36 Edge/17.17134" "-"
217.91.26.0 - - [03/Aug/2018:06:01:11 +0200] "GET /wp-content/uploads/2018/05/3-1-300x300.jpg HTTP/1.1" 200 26946 www.fc-schnaittach.de "https://www.fc-schnaittach.de/dragonrun/" "Mozilla/5.0 (Windows NT 10.0; Win64; x64) AppleWebKit/537.36 (KHTML, like Gecko) Chrome/64.0.3282.140 Safari/537.36 Edge/17.17134" "-"
217.91.26.0 - - [03/Aug/2018:06:01:11 +0200] "GET /wp-content/uploads/2018/06/DragonRun-Shirt_2-300x184.png HTTP/1.1" 200 24477 www.fc-schnaittach.de "https://www.fc-schnaittach.de/dragonrun/" "Mozilla/5.0 (Windows NT 10.0; Win64; x64) AppleWebKit/537.36 (KHTML, like Gecko) Chrome/64.0.3282.140 Safari/537.36 Edge/17.17134" "-"
217.91.26.0 - - [03/Aug/2018:06:01:11 +0200] "GET /wp-content/uploads/2018/07/23-300x300.jpg HTTP/1.1" 200 28496 www.fc-schnaittach.de "https://www.fc-schnaittach.de/dragonrun/" "Mozilla/5.0 (Windows NT 10.0; Win64; x64) AppleWebKit/537.36 (KHTML, like Gecko) Chrome/64.0.3282.140 Safari/537.36 Edge/17.17134" "-"
217.91.26.0 - - [03/Aug/2018:06:01:11 +0200] "GET /wp-content/uploads/2018/03/Gel%C3%A4ndekarte_8-1024x594.png HTTP/1.1" 200 378336 www.fc-schnaittach.de "https://www.fc-schnaittach.de/dragonrun/" "Mozilla/5.0 (Windows NT 10.0; Win64; x64) AppleWebKit/537.36 (KHTML, like Gecko) Chrome/64.0.3282.140 Safari/537.36 Edge/17.17134" "-"
217.91.26.0 - - [03/Aug/2018:06:01:11 +0200] "GET /wp-content/uploads/2018/05/6-300x225.jpg HTTP/1.1" 200 22079 www.fc-schnaittach.de "https://www.fc-schnaittach.de/dragonrun/" "Mozilla/5.0 (Windows NT 10.0; Win64; x64) AppleWebKit/537.36 (KHTML, like Gecko) Chrome/64.0.3282.140 Safari/537.36 Edge/17.17134" "-"
217.91.26.0 - - [03/Aug/2018:06:01:11 +0200] "GET /wp-content/uploads/2018/05/Rock_your_hair_Chevy_1-300x300.png HTTP/1.1" 200 163841 www.fc-schnaittach.de "https://www.fc-schnaittach.de/dragonrun/" "Mozilla/5.0 (Windows NT 10.0; Win64; x64) AppleWebKit/537.36 (KHTML, like Gecko) Chrome/64.0.3282.140 Safari/537.36 Edge/17.17134" "-"
217.91.26.0 - - [03/Aug/2018:06:01:11 +0200] "GET /wp-content/uploads/2018/06/11-300x300.jpg HTTP/1.1" 200 31140 www.fc-schnaittach.de "https://www.fc-schnaittach.de/dragonrun/" "Mozilla/5.0 (Windows NT 10.0; Win64; x64) AppleWebKit/537.36 (KHTML, like Gecko) Chrome/64.0.3282.140 Safari/537.36 Edge/17.17134" "-"
217.91.26.0 - - [03/Aug/2018:06:01:11 +0200] "GET /wp-content/uploads/2018/06/12-300x300.jpg HTTP/1.1" 200 28994 www.fc-schnaittach.de "https://www.fc-schnaittach.de/dragonrun/" "Mozilla/5.0 (Windows NT 10.0; Win64; x64) AppleWebKit/537.36 (KHTML, like Gecko) Chrome/64.0.3282.140 Safari/537.36 Edge/17.17134" "-"
217.91.26.0 - - [03/Aug/2018:06:01:11 +0200] "GET /wp-content/uploads/2018/06/15-300x300.jpg HTTP/1.1" 200 31712 www.fc-schnaittach.de "https://www.fc-schnaittach.de/dragonrun/" "Mozilla/5.0 (Windows NT 10.0; Win64; x64) AppleWebKit/537.36 (KHTML, like Gecko) Chrome/64.0.3282.140 Safari/537.36 Edge/17.17134" "-"
217.91.26.0 - - [03/Aug/2018:06:01:11 +0200] "GET /wp-content/uploads/2018/06/17-300x300.jpg HTTP/1.1" 200 25422 www.fc-schnaittach.de "https://www.fc-schnaittach.de/dragonrun/" "Mozilla/5.0 (Windows NT 10.0; Win64; x64) AppleWebKit/537.36 (KHTML, like Gecko) Chrome/64.0.3282.140 Safari/537.36 Edge/17.17134" "-"
217.91.26.0 - - [03/Aug/2018:06:01:11 +0200] "GET /wp-content/uploads/2018/07/25-300x300.jpg HTTP/1.1" 200 31526 www.fc-schnaittach.de "https://www.fc-schnaittach.de/dragonrun/" "Mozilla/5.0 (Windows NT 10.0; Win64; x64) AppleWebKit/537.36 (KHTML, like Gecko) Chrome/64.0.3282.140 Safari/537.36 Edge/17.17134" "-"
217.91.26.0 - - [03/Aug/2018:06:01:11 +0200] "GET /wp-content/uploads/2018/07/20-300x300.jpg HTTP/1.1" 200 36415 www.fc-schnaittach.de "https://www.fc-schnaittach.de/dragonrun/" "Mozilla/5.0 (Windows NT 10.0; Win64; x64) AppleWebKit/537.36 (KHTML, like Gecko) Chrome/64.0.3282.140 Safari/537.36 Edge/17.17134" "-"
217.91.26.0 - - [03/Aug/2018:06:01:11 +0200] "GET /wp-content/uploads/2018/06/9-300x300.jpg HTTP/1.1" 200 28078 www.fc-schnaittach.de "https://www.fc-schnaittach.de/dragonrun/" "Mozilla/5.0 (Windows NT 10.0; Win64; x64) AppleWebKit/537.36 (KHTML, like Gecko) Chrome/64.0.3282.140 Safari/537.36 Edge/17.17134" "-"
217.91.26.0 - - [03/Aug/2018:06:01:11 +0200] "GET /wp-content/uploads/2018/07/19-300x300.jpg HTTP/1.1" 200 41686 www.fc-schnaittach.de "https://www.fc-schnaittach.de/dragonrun/" "Mozilla/5.0 (Windows NT 10.0; Win64; x64) AppleWebKit/537.36 (KHTML, like Gecko) Chrome/64.0.3282.140 Safari/537.36 Edge/17.17134" "-"
217.91.26.0 - - [03/Aug/2018:06:01:11 +0200] "GET /wp-content/uploads/2018/05/4-300x300.jpg HTTP/1.1" 200 25044 www.fc-schnaittach.de "https://www.fc-schnaittach.de/dragonrun/" "Mozilla/5.0 (Windows NT 10.0; Win64; x64) AppleWebKit/537.36 (KHTML, like Gecko) Chrome/64.0.3282.140 Safari/537.36 Edge/17.17134" "-"
217.91.26.0 - - [03/Aug/2018:06:01:11 +0200] "GET /wp-content/uploads/2018/05/4-1-300x300.jpg HTTP/1.1" 200 25204 www.fc-schnaittach.de "https://www.fc-schnaittach.de/dragonrun/" "Mozilla/5.0 (Windows NT 10.0; Win64; x64) AppleWebKit/537.36 (KHTML, like Gecko) Chrome/64.0.3282.140 Safari/537.36 Edge/17.17134" "-"
217.91.26.0 - - [03/Aug/2018:06:01:11 +0200] "GET /wp-content/uploads/2018/06/10-300x300.jpg HTTP/1.1" 200 30818 www.fc-schnaittach.de "https://www.fc-schnaittach.de/dragonrun/" "Mozilla/5.0 (Windows NT 10.0; Win64; x64) AppleWebKit/537.36 (KHTML, like Gecko) Chrome/64.0.3282.140 Safari/537.36 Edge/17.17134" "-"
217.91.26.0 - - [03/Aug/2018:06:01:11 +0200] "GET /wp-content/uploads/2018/06/6-300x300.jpg HTTP/1.1" 200 27247 www.fc-schnaittach.de "https://www.fc-schnaittach.de/dragonrun/" "Mozilla/5.0 (Windows NT 10.0; Win64; x64) AppleWebKit/537.36 (KHTML, like Gecko) Chrome/64.0.3282.140 Safari/537.36 Edge/17.17134" "-"
217.91.26.0 - - [03/Aug/2018:06:01:11 +0200] "GET /wp-content/uploads/2018/07/26-300x300.jpg HTTP/1.1" 200 19999 www.fc-schnaittach.de "https://www.fc-schnaittach.de/dragonrun/" "Mozilla/5.0 (Windows NT 10.0; Win64; x64) AppleWebKit/537.36 (KHTML, like Gecko) Chrome/64.0.3282.140 Safari/537.36 Edge/17.17134" "-"
217.91.26.0 - - [03/Aug/2018:06:01:11 +0200] "GET /wp-content/uploads/2018/07/27-300x300.jpg HTTP/1.1" 200 14799 www.fc-schnaittach.de "https://www.fc-schnaittach.de/dragonrun/" "Mozilla/5.0 (Windows NT 10.0; Win64; x64) AppleWebKit/537.36 (KHTML, like Gecko) Chrome/64.0.3282.140 Safari/537.36 Edge/17.17134" "-"
217.91.26.0 - - [03/Aug/2018:06:01:11 +0200] "GET /wp-content/uploads/2018/07/IMG_0056-300x300.jpg HTTP/1.1" 200 30863 www.fc-schnaittach.de "https://www.fc-schnaittach.de/dragonrun/" "Mozilla/5.0 (Windows NT 10.0; Win64; x64) AppleWebKit/537.36 (KHTML, like Gecko) Chrome/64.0.3282.140 Safari/537.36 Edge/17.17134" "-"
217.91.26.0 - - [03/Aug/2018:06:01:11 +0200] "GET /wp-content/uploads/2018/04/Werbebanner_1-300x300.jpg HTTP/1.1" 200 28954 www.fc-schnaittach.de "https://www.fc-schnaittach.de/dragonrun/" "Mozilla/5.0 (Windows NT 10.0; Win64; x64) AppleWebKit/537.36 (KHTML, like Gecko) Chrome/64.0.3282.140 Safari/537.36 Edge/17.17134" "-"
217.91.26.0 - - [03/Aug/2018:06:01:11 +0200] "GET /wp-content/uploads/2018/07/IMG_0096-300x300.jpg HTTP/1.1" 200 33072 www.fc-schnaittach.de "https://www.fc-schnaittach.de/dragonrun/" "Mozilla/5.0 (Windows NT 10.0; Win64; x64) AppleWebKit/537.36 (KHTML, like Gecko) Chrome/64.0.3282.140 Safari/537.36 Edge/17.17134" "-"
217.91.26.0 - - [03/Aug/2018:06:01:11 +0200] "GET /wp-content/uploads/2018/07/IMG_0003-147x300.jpg HTTP/1.1" 200 16550 www.fc-schnaittach.de "https://www.fc-schnaittach.de/dragonrun/" "Mozilla/5.0 (Windows NT 10.0; Win64; x64) AppleWebKit/537.36 (KHTML, like Gecko) Chrome/64.0.3282.140 Safari/537.36 Edge/17.17134" "-"
217.91.26.0 - - [03/Aug/2018:06:01:11 +0200] "GET /wp-content/uploads/2018/07/31-300x199.jpg HTTP/1.1" 200 16830 www.fc-schnaittach.de "https://www.fc-schnaittach.de/dragonrun/" "Mozilla/5.0 (Windows NT 10.0; Win64; x64) AppleWebKit/537.36 (KHTML, like Gecko) Chrome/64.0.3282.140 Safari/537.36 Edge/17.17134" "-"
217.91.26.0 - - [03/Aug/2018:06:01:11 +0200] "GET /wp-content/uploads/2018/07/IMG_0095-300x300.jpg HTTP/1.1" 200 30696 www.fc-schnaittach.de "https://www.fc-schnaittach.de/dragonrun/" "Mozilla/5.0 (Windows NT 10.0; Win64; x64) AppleWebKit/537.36 (KHTML, like Gecko) Chrome/64.0.3282.140 Safari/537.36 Edge/17.17134" "-"
2003:e3:b700:: - - [03/Aug/2018:06:03:07 +0200] "HEAD /robots.txt HTTP/1.1" 301 - www.fc-schnaittach.de "-" "Toplistbot" "-"
2003:e3:b700:: - - [03/Aug/2018:06:03:07 +0200] "GET / HTTP/1.1" 301 238 www.fc-schnaittach.de "-" "Toplistbot" "-"
2003:e3:b700:: - - [03/Aug/2018:06:03:08 +0200] "GET / HTTP/1.1" 200 39792 www.fc-schnaittach.de "-" "Toplistbot" "-"
5.255.251.0 - - [03/Aug/2018:06:12:13 +0200] "GET /robots.txt HTTP/1.1" 200 35 www.fc-schnaittach.de "-" "Mozilla/5.0 (compatible; YandexBot/3.0; +http://yandex.com/bots)" "-"
141.8.141.0 - - [03/Aug/2018:06:12:17 +0200] "GET /wp-content/uploads/2015/07/IMG-20150628-WA0052.jpg HTTP/1.1" 200 105636 www.fc-schnaittach.de "-" "Mozilla/5.0 (compatible; YandexImages/3.0; +http://yandex.com/bots)" "-"
207.46.13.0 - - [03/Aug/2018:06:19:58 +0200] "GET /wp-content/uploads/2015/01/DSC00624.jpg HTTP/1.1" 301 277 www.fc-schnaittach.de "-" "Mozilla/5.0 (compatible; bingbot/2.0; +http://www.bing.com/bingbot.htm)" "-"
207.46.13.0 - - [03/Aug/2018:06:19:59 +0200] "GET /wp-content/uploads/2015/01/DSC00624.jpg HTTP/1.1" 200 141484 www.fc-schnaittach.de "-" "Mozilla/5.0 (compatible; bingbot/2.0; +http://www.bing.com/bingbot.htm)" "-"
66.249.66.0 - - [03/Aug/2018:06:20:55 +0200] "GET /zumba/ HTTP/1.1" 200 6318 www.fc-schnaittach.de "-" "Mozilla/5.0 (compatible; Googlebot/2.1; +http://www.google.com/bot.html)" "-"
207.46.13.0 - - [03/Aug/2018:06:30:06 +0200] "GET /wp-content/uploads/2015/03/Syna-Luther.jpg HTTP/1.1" 301 280 www.fc-schnaittach.de "-" "Mozilla/5.0 (compatible; bingbot/2.0; +http://www.bing.com/bingbot.htm)" "-"
207.46.13.0 - - [03/Aug/2018:06:30:08 +0200] "GET /wp-content/uploads/2015/03/Syna-Luther.jpg HTTP/1.1" 200 60085 www.fc-schnaittach.de "-" "Mozilla/5.0 (compatible; bingbot/2.0; +http://www.bing.com/bingbot.htm)" "-"
13.82.188.0 - - [03/Aug/2018:06:33:15 +0200] "HEAD / HTTP/1.1" 301 - www.fc-schnaittach.de "-" "HTTPing v2.4" "-"
217.160.63.0 - - [03/Aug/2018:06:33:37 +0200] "POST /wp-cron.php?doing_wp_cron=1533270817.6622068881988525390625 HTTP/1.1" 200 23 www.fc-schnaittach.de "https://www.fc-schnaittach.de/wp-cron.php?doing_wp_cron=1533270817.6622068881988525390625" "WordPress/4.9.7; https://www.fc-schnaittach.de" "-"
207.46.13.0 - - [03/Aug/2018:06:33:37 +0200] "GET /fussball/1-mannschaft/facebook-news/ HTTP/1.1" 200 6936 www.fc-schnaittach.de "-" "Mozilla/5.0 (compatible; bingbot/2.0; +http://www.bing.com/bingbot.htm)" "-"
216.244.66.0 - - [03/Aug/2018:06:35:46 +0200] "GET /robots.txt HTTP/1.1" 301 248 www.fc-schnaittach.de "-" "Mozilla/5.0 (compatible; DotBot/1.1; http://www.opensiteexplorer.org/dotbot, help@moz.com)" "-"
207.46.13.0 - - [03/Aug/2018:06:35:47 +0200] "GET /wp-content/uploads/2016/11/Tamara-Holfelder-2.jpg HTTP/1.1" 301 287 www.fc-schnaittach.de "-" "Mozilla/5.0 (compatible; bingbot/2.0; +http://www.bing.com/bingbot.htm)" "-"
207.46.13.0 - - [03/Aug/2018:06:35:48 +0200] "GET /wp-content/uploads/2016/11/Tamara-Holfelder-2.jpg HTTP/1.1" 200 574878 www.fc-schnaittach.de "-" "Mozilla/5.0 (compatible; bingbot/2.0; +http://www.bing.com/bingbot.htm)" "-"
216.244.66.0 - - [03/Aug/2018:06:35:49 +0200] "GET /robots.txt HTTP/1.1" 200 35 www.fc-schnaittach.de "-" "Mozilla/5.0 (compatible; DotBot/1.1; http://www.opensiteexplorer.org/dotbot, help@moz.com)" "-"
66.249.66.0 - - [03/Aug/2018:06:36:07 +0200] "GET /g-jugend/ HTTP/1.1" 200 7169 www.fc-schnaittach.de "-" "Mozilla/5.0 (compatible; Googlebot/2.1; +http://www.google.com/bot.html)" "-"
66.249.66.0 - - [03/Aug/2018:06:38:10 +0200] "GET /category/news/hauptverein/ HTTP/1.1" 200 8373 www.fc-schnaittach.de "-" "Mozilla/5.0 (compatible; Googlebot/2.1; +http://www.google.com/bot.html)" "-"
66.249.66.0 - - [03/Aug/2018:06:39:04 +0200] "GET /e3-jugend/ HTTP/1.1" 200 7210 www.fc-schnaittach.de "-" "Mozilla/5.0 (compatible; Googlebot/2.1; +http://www.google.com/bot.html)" "-"
66.249.66.0 - - [03/Aug/2018:06:41:42 +0200] "GET / HTTP/1.1" 200 7770 www.fc-schnaittach.de "-" "Mozilla/5.0 (Linux; Android 6.0.1; Nexus 5X Build/MMB29P) AppleWebKit/537.36 (KHTML, like Gecko) Chrome/41.0.2272.96 Mobile Safari/537.36 (compatible; Googlebot/2.1; +http://www.google.com/bot.html)" "-"
54.36.149.0 - - [03/Aug/2018:06:42:31 +0200] "GET /wp-content/uploads/2015/08/IMG_6491.jpg HTTP/1.1" 200 78583 www.fc-schnaittach.de "-" "Mozilla/5.0 (compatible; AhrefsBot/5.2; +http://ahrefs.com/robot/)" "-"
66.249.66.0 - - [03/Aug/2018:06:50:37 +0200] "GET /robots.txt HTTP/1.1" 301 248 fc-schnaittach.de "-" "Mozilla/5.0 (compatible; Googlebot/2.1; +http://www.google.com/bot.html)" "-"
66.249.66.0 - - [03/Aug/2018:06:50:38 +0200] "GET /robots.txt HTTP/1.1" 200 35 www.fc-schnaittach.de "-" "Mozilla/5.0 (compatible; Googlebot/2.1; +http://www.google.com/bot.html)" "-"
66.249.66.0 - - [03/Aug/2018:06:50:38 +0200] "GET / HTTP/1.1" 301 238 fc-schnaittach.de "-" "Mozilla/5.0 (Linux; Android 6.0.1; Nexus 5X Build/MMB29P) AppleWebKit/537.36 (KHTML, like Gecko) Chrome/41.0.2272.96 Mobile Safari/537.36 (compatible; Googlebot/2.1; +http://www.google.com/bot.html)" "-"
66.249.66.0 - - [03/Aug/2018:06:50:39 +0200] "GET /robots.txt HTTP/1.1" 200 35 fc-schnaittach.de "-" "Mozilla/5.0 (compatible; Googlebot/2.1; +http://www.google.com/bot.html)" "-"
66.249.66.0 - - [03/Aug/2018:06:50:39 +0200] "GET / HTTP/1.1" 301 23 fc-schnaittach.de "-" "Mozilla/5.0 (Linux; Android 6.0.1; Nexus 5X Build/MMB29P) AppleWebKit/537.36 (KHTML, like Gecko) Chrome/41.0.2272.96 Mobile Safari/537.36 (compatible; Googlebot/2.1; +http://www.google.com/bot.html)" "-"
178.137.161.0 - - [03/Aug/2018:06:51:00 +0200] "GET /fussball/damen/ HTTP/1.1" 200 34403 www.fc-schnaittach.de "https://moinozhki.com/" "Mozilla/4.0 (compatible; MSIE 5.0; Windows NT; DigExt)" "-"
178.137.161.0 - - [03/Aug/2018:06:51:02 +0200] "GET /fussball/damen/ HTTP/1.1" 200 34403 www.fc-schnaittach.de "https://moinozhki.com/" "Mozilla/4.0 (compatible; MSIE 5.0; Windows NT; DigExt)" "-"
178.137.161.0 - - [03/Aug/2018:06:51:02 +0200] "GET /fussball/damen/ HTTP/1.1" 200 34403 www.fc-schnaittach.de "https://moinozhki.com/" "Mozilla/4.0 (compatible; MSIE 5.0; Windows NT; DigExt)" "-"
178.137.161.0 - - [03/Aug/2018:06:51:03 +0200] "GET /fussball/damen/ HTTP/1.1" 200 34403 www.fc-schnaittach.de "https://moinozhki.com/" "Mozilla/4.0 (compatible; MSIE 5.0; Windows NT; DigExt)" "-"
207.46.13.0 - - [03/Aug/2018:06:54:07 +0200] "GET /hauptverein/geschichte/ HTTP/1.1" 200 8062 www.fc-schnaittach.de "-" "Mozilla/5.0 (compatible; bingbot/2.0; +http://www.bing.com/bingbot.htm)" "-"
66.249.66.0 - - [03/Aug/2018:06:55:38 +0200] "GET / HTTP/1.1" 301 238 www.fc-schnaittach.de "-" "Mozilla/5.0 (Linux; Android 6.0.1; Nexus 5X Build/MMB29P) AppleWebKit/537.36 (KHTML, like Gecko) Chrome/41.0.2272.96 Mobile Safari/537.36 (compatible; Googlebot/2.1; +http://www.google.com/bot.html)" "-"
207.46.13.0 - - [03/Aug/2018:06:56:06 +0200] "GET /hauptverein/ HTTP/1.1" 200 5940 www.fc-schnaittach.de "-" "Mozilla/5.0 (compatible; bingbot/2.0; +http://www.bing.com/bingbot.htm)" "-"
5.248.253.0 - - [03/Aug/2018:07:01:10 +0200] "GET /karate-teilnahme-an-der-bezirksmeisterschaft-2015/ HTTP/1.1" 200 29599 www.fc-schnaittach.de "https://russian-translator.com/transcription-services" "Opera/9.0 (Windows NT 5.1; U; en)" "-"
5.248.253.0 - - [03/Aug/2018:07:01:11 +0200] "GET /karate-teilnahme-an-der-bezirksmeisterschaft-2015/ HTTP/1.1" 200 29599 www.fc-schnaittach.de "https://russian-translator.com/transcription-services" "Opera/9.0 (Windows NT 5.1; U; en)" "-"
5.248.253.0 - - [03/Aug/2018:07:01:11 +0200] "GET /karate-teilnahme-an-der-bezirksmeisterschaft-2015/ HTTP/1.1" 200 29599 www.fc-schnaittach.de "https://russian-translator.com/transcription-services" "Opera/9.0 (Windows NT 5.1; U; en)" "-"
54.36.148.0 - - [03/Aug/2018:07:02:14 +0200] "GET /tag/fussball/ HTTP/1.1" 200 6208 www.fc-schnaittach.de "-" "Mozilla/5.0 (compatible; AhrefsBot/5.2; +http://ahrefs.com/robot/)" "-"
85.25.210.0 - - [03/Aug/2018:07:04:35 +0200] "GET /robots.txt HTTP/1.1" 301 248 www.fc-schnaittach.de "-" "Mozilla/5.0 (Windows NT 6.1; WOW64) AppleWebKit/537.36 (KHTML, like Gecko) Chrome/37.0.2062.120 Safari/537.36" "-"
85.25.210.0 - - [03/Aug/2018:07:04:36 +0200] "GET /robots.txt HTTP/1.1" 200 35 www.fc-schnaittach.de "-" "Mozilla/5.0 (Windows NT 6.1; WOW64) AppleWebKit/537.36 (KHTML, like Gecko) Chrome/37.0.2062.120 Safari/537.36" "-"
85.25.210.0 - - [03/Aug/2018:07:04:39 +0200] "GET /robots.txt HTTP/1.1" 301 248 www.fc-schnaittach.de "-" "Mozilla/5.0 (compatible; adscanner/)" "-"
85.25.210.0 - - [03/Aug/2018:07:04:41 +0200] "GET /robots.txt HTTP/1.1" 200 35 www.fc-schnaittach.de "-" "Mozilla/5.0 (Windows NT 6.1; WOW64) AppleWebKit/537.36 (KHTML, like Gecko) Chrome/37.0.2062.120 Safari/537.36" "-"
85.25.210.0 - - [03/Aug/2018:07:04:42 +0200] "GET /robots.txt HTTP/1.1" 200 35 www.fc-schnaittach.de "-" "Mozilla/5.0 (compatible; adscanner/)" "-"
85.25.210.0 - - [03/Aug/2018:07:04:46 +0200] "GET /wp-login.php?redirect_to=/category/news/fussball/ HTTP/1.1" 301 287 www.fc-schnaittach.de "-" "Mozilla/5.0 (Windows NT 6.1; WOW64) AppleWebKit/537.36 (KHTML, like Gecko) Chrome/37.0.2062.120 Safari/537.36" "-"
85.25.210.0 - - [03/Aug/2018:07:04:47 +0200] "GET /wp-login.php?redirect_to=/category/news/fussball/ HTTP/1.1" 200 1274 www.fc-schnaittach.de "-" "Mozilla/5.0 (Windows NT 6.1; WOW64) AppleWebKit/537.36 (KHTML, like Gecko) Chrome/37.0.2062.120 Safari/537.36" "-"
85.25.210.0 - - [03/Aug/2018:07:04:47 +0200] "GET /wp-admin/load-styles.php?c=0&dir=ltr&load%5B%5D=dashicons,buttons,forms,l10n,login&ver=4.9.7 HTTP/1.1" 200 36688 www.fc-schnaittach.de "https://www.fc-schnaittach.de/wp-login.php?redirect_to=/category/news/fussball/" "Mozilla/5.0 (Windows NT 6.1; WOW64) AppleWebKit/537.36 (KHTML, like Gecko) Chrome/37.0.2062.120 Safari/537.36" "-"
85.25.210.0 - - [03/Aug/2018:07:04:48 +0200] "GET /wp-admin/images/wordpress-logo.svg?ver=20131107 HTTP/1.1" 200 1521 www.fc-schnaittach.de "https://www.fc-schnaittach.de/wp-login.php?redirect_to=/category/news/fussball/" "Mozilla/5.0 (Windows NT 6.1; WOW64) AppleWebKit/537.36 (KHTML, like Gecko) Chrome/37.0.2062.120 Safari/537.36" "-"
85.25.210.0 - - [03/Aug/2018:07:04:48 +0200] "GET /wp-login.php?redirect_to=/category/news/fussball/ HTTP/1.1" 301 287 www.fc-schnaittach.de "-" "Mozilla/5.0 (compatible; adscanner/)" "-"
85.25.210.0 - - [03/Aug/2018:07:04:50 +0200] "GET /wp-login.php?redirect_to=/category/news/fussball/ HTTP/1.1" 200 1274 www.fc-schnaittach.de "-" "Mozilla/5.0 (Windows NT 6.1; WOW64) AppleWebKit/537.36 (KHTML, like Gecko) Chrome/37.0.2062.120 Safari/537.36" "-"
85.25.210.0 - - [03/Aug/2018:07:04:50 +0200] "GET /wp-admin/load-styles.php?c=0&dir=ltr&load%5B%5D=dashicons,buttons,forms,l10n,login&ver=4.9.7 HTTP/1.1" 200 36688 www.fc-schnaittach.de "https://www.fc-schnaittach.de/wp-login.php?redirect_to=/category/news/fussball/" "Mozilla/5.0 (Windows NT 6.1; WOW64) AppleWebKit/537.36 (KHTML, like Gecko) Chrome/37.0.2062.120 Safari/537.36" "-"
85.25.210.0 - - [03/Aug/2018:07:04:50 +0200] "GET /wp-admin/images/wordpress-logo.svg?ver=20131107 HTTP/1.1" 200 1521 www.fc-schnaittach.de "https://www.fc-schnaittach.de/wp-login.php?redirect_to=/category/news/fussball/" "Mozilla/5.0 (Windows NT 6.1; WOW64) AppleWebKit/537.36 (KHTML, like Gecko) Chrome/37.0.2062.120 Safari/537.36" "-"
85.25.210.0 - - [03/Aug/2018:07:04:51 +0200] "GET /wp-login.php?redirect_to=/category/news/fussball/ HTTP/1.1" 200 1274 www.fc-schnaittach.de "-" "Mozilla/5.0 (compatible; adscanner/)" "-"
157.55.39.0 - - [03/Aug/2018:07:07:39 +0200] "GET /hauptverein/sportheim/ HTTP/1.1" 200 6330 www.fc-schnaittach.de "-" "Mozilla/5.0 (compatible; bingbot/2.0; +http://www.bing.com/bingbot.htm)" "-"
207.46.13.0 - - [03/Aug/2018:07:11:54 +0200] "GET /wp-content/uploads/2016/11/Johanna-Winkler.jpg HTTP/1.1" 301 284 www.fc-schnaittach.de "-" "Mozilla/5.0 (compatible; bingbot/2.0; +http://www.bing.com/bingbot.htm)" "-"
207.46.13.0 - - [03/Aug/2018:07:11:55 +0200] "GET /wp-content/uploads/2016/11/Johanna-Winkler.jpg HTTP/1.1" 200 861918 www.fc-schnaittach.de "-" "Mozilla/5.0 (compatible; bingbot/2.0; +http://www.bing.com/bingbot.htm)" "-"
217.7.79.0 - - [03/Aug/2018:07:14:32 +0200] "GET /wp-content/uploads/2018/05/Small_Wall_1-1024x1024.jpg HTTP/1.1" 200 208539 www.fc-schnaittach.de "-" "Mozilla/5.0 (Windows NT 6.1; rv:61.0) Gecko/20100101 Firefox/61.0" "-"
66.249.66.0 - - [03/Aug/2018:07:17:06 +0200] "GET / HTTP/1.1" 301 238 www.fc-schnaittach.de "-" "Mozilla/5.0 (compatible; Googlebot/2.1; +http://www.google.com/bot.html)" "-"
66.249.66.0 - - [03/Aug/2018:07:17:06 +0200] "GET / HTTP/1.1" 200 7770 www.fc-schnaittach.de "-" "Mozilla/5.0 (compatible; Googlebot/2.1; +http://www.google.com/bot.html)" "-"
207.46.13.0 - - [03/Aug/2018:07:21:32 +0200] "GET /robots.txt HTTP/1.1" 301 248 www.fc-schnaittach.de "-" "Mozilla/5.0 (compatible; bingbot/2.0; +http://www.bing.com/bingbot.htm)" "-"
207.46.13.0 - - [03/Aug/2018:07:21:33 +0200] "GET /robots.txt HTTP/1.1" 200 35 www.fc-schnaittach.de "-" "Mozilla/5.0 (compatible; bingbot/2.0; +http://www.bing.com/bingbot.htm)" "-"
207.46.13.0 - - [03/Aug/2018:07:21:35 +0200] "GET /robots.txt HTTP/1.1" 200 35 www.fc-schnaittach.de "-" "Mozilla/5.0 (compatible; bingbot/2.0; +http://www.bing.com/bingbot.htm)" "-"
207.46.13.0 - - [03/Aug/2018:07:21:36 +0200] "GET /wp-content/uploads/2016/11/Luisa-Pfisterer.jpg HTTP/1.1" 301 284 www.fc-schnaittach.de "-" "Mozilla/5.0 (compatible; bingbot/2.0; +http://www.bing.com/bingbot.htm)" "-"
207.46.13.0 - - [03/Aug/2018:07:21:37 +0200] "GET /wp-content/uploads/2016/11/Luisa-Pfisterer.jpg HTTP/1.1" 200 1058920 www.fc-schnaittach.de "-" "Mozilla/5.0 (compatible; bingbot/2.0; +http://www.bing.com/bingbot.htm)" "-"
207.46.13.0 - - [03/Aug/2018:07:22:07 +0200] "GET /wp-content/uploads/2015/12/Julius-Hirsch-Preis-2015.jpg HTTP/1.1" 301 293 www.fc-schnaittach.de "-" "Mozilla/5.0 (compatible; bingbot/2.0; +http://www.bing.com/bingbot.htm)" "-"
207.46.13.0 - - [03/Aug/2018:07:22:08 +0200] "GET /wp-content/uploads/2015/12/Julius-Hirsch-Preis-2015.jpg HTTP/1.1" 200 67717 www.fc-schnaittach.de "-" "Mozilla/5.0 (compatible; bingbot/2.0; +http://www.bing.com/bingbot.htm)" "-"
207.46.13.0 - - [03/Aug/2018:07:24:22 +0200] "GET /wp-content/uploads/2014/10/Patryk_Wasenczuk.jpg HTTP/1.1" 301 285 www.fc-schnaittach.de "-" "Mozilla/5.0 (compatible; bingbot/2.0; +http://www.bing.com/bingbot.htm)" "-"
207.46.13.0 - - [03/Aug/2018:07:24:23 +0200] "GET /wp-content/uploads/2014/10/Patryk_Wasenczuk.jpg HTTP/1.1" 200 955542 www.fc-schnaittach.de "-" "Mozilla/5.0 (compatible; bingbot/2.0; +http://www.bing.com/bingbot.htm)" "-"
151.80.39.0 - - [03/Aug/2018:07:31:13 +0200] "GET /wp-content/uploads/2015/03/P1020761.jpg HTTP/1.1" 301 277 www.fc-schnaittach.de "-" "Mozilla/5.0 (compatible; AhrefsBot/5.2; +http://ahrefs.com/robot/)" "-"
2003:e3:b700:: - - [03/Aug/2018:07:31:14 +0200] "GET / HTTP/1.1" 301 238 www.fc-schnaittach.de "-" "Toplistbot" "-"
2003:e3:b700:: - - [03/Aug/2018:07:31:14 +0200] "GET / HTTP/1.1" 200 39792 www.fc-schnaittach.de "-" "Toplistbot" "-"
217.160.63.0 - - [03/Aug/2018:07:31:15 +0200] "HEAD /wp-content/uploads/2018/06/DragonRun-Shirt_2.png HTTP/1.1" 200 - www.fc-schnaittach.de "https://www.fc-schnaittach.de" "Mozilla/5.0 (compatible; MSIE 9.0; Windows NT 6.1; WOW64; Trident/5.0)" "-"
217.160.63.0 - - [03/Aug/2018:07:31:15 +0200] "POST /wp-cron.php?doing_wp_cron=1533274275.1091449260711669921875 HTTP/1.1" 200 23 www.fc-schnaittach.de "https://www.fc-schnaittach.de/wp-cron.php?doing_wp_cron=1533274275.1091449260711669921875" "WordPress/4.9.7; https://www.fc-schnaittach.de" "-"
217.160.63.0 - - [03/Aug/2018:07:31:17 +0200] "HEAD /wp-content/uploads/2018/06/DragonRun-Shirt_2-300x184.png HTTP/1.1" 200 - www.fc-schnaittach.de "https://www.fc-schnaittach.de" "Mozilla/5.0 (compatible; MSIE 9.0; Windows NT 6.1; WOW64; Trident/5.0)" "-"
217.160.63.0 - - [03/Aug/2018:07:31:30 +0200] "POST /wp-admin/upgrade.php?step=upgrade_db HTTP/1.1" 200 24 www.fc-schnaittach.de "https://www.fc-schnaittach.de/wp-admin/upgrade.php?step=upgrade_db" "WordPress/4.9.7; https://www.fc-schnaittach.de" "-"
66.249.66.0 - - [03/Aug/2018:07:31:47 +0200] "GET /favicon.ico HTTP/1.1" 200 3 www.fc-schnaittach.de "-" "Googlebot-Image/1.0" "-"
66.249.66.0 - - [03/Aug/2018:07:36:15 +0200] "GET /hauptverein/sportheim/ HTTP/1.1" 200 6333 www.fc-schnaittach.de "-" "Mozilla/5.0 (Linux; Android 6.0.1; Nexus 5X Build/MMB29P) AppleWebKit/537.36 (KHTML, like Gecko) Chrome/41.0.2272.96 Mobile Safari/537.36 (compatible; Googlebot/2.1; +http://www.google.com/bot.html)" "-"
66.249.66.0 - - [03/Aug/2018:07:36:18 +0200] "GET /wp-includes/js/wp-embed.min.js?ver=4.9.8 HTTP/1.1" 301 278 www.fc-schnaittach.de "http://www.fc-schnaittach.de/hauptverein/sportheim/" "Mozilla/5.0 (Linux; Android 6.0.1; Nexus 5X Build/MMB29P) AppleWebKit/537.36 (KHTML, like Gecko) Chrome/41.0.2272.96 Mobile Safari/537.36 (compatible; Googlebot/2.1; +http://www.google.com/bot.html)" "-"
66.249.66.0 - - [03/Aug/2018:07:36:18 +0200] "GET /wp-content/plugins/user-access-manager/assets/css/uamLoginForm.css?ver=2.1.11 HTTP/1.1" 301 315 www.fc-schnaittach.de "http://www.fc-schnaittach.de/hauptverein/sportheim/" "Mozilla/5.0 (Linux; Android 6.0.1; Nexus 5X Build/MMB29P) AppleWebKit/537.36 (KHTML, like Gecko) Chrome/41.0.2272.96 Mobile Safari/537.36 (compatible; Googlebot/2.1; +http://www.google.com/bot.html)" "-"
66.249.66.0 - - [03/Aug/2018:07:36:18 +0200] "GET /wp-includes/js/wp-emoji-release.min.js?ver=4.9.8 HTTP/1.1" 301 286 www.fc-schnaittach.de "http://www.fc-schnaittach.de/hauptverein/sportheim/" "Mozilla/5.0 (Linux; Android 6.0.1; Nexus 5X Build/MMB29P) AppleWebKit/537.36 (KHTML, like Gecko) Chrome/41.0.2272.96 Mobile Safari/537.36 (compatible; Googlebot/2.1; +http://www.google.com/bot.html)" "-"
66.249.66.0 - - [03/Aug/2018:07:36:19 +0200] "GET /wp-content/plugins/contact-form-7/includes/js/scripts.js?ver=5.0.2 HTTP/1.1" 301 304 www.fc-schnaittach.de "http://www.fc-schnaittach.de/hauptverein/sportheim/" "Mozilla/5.0 (Linux; Android 6.0.1; Nexus 5X Build/MMB29P) AppleWebKit/537.36 (KHTML, like Gecko) Chrome/41.0.2272.96 Mobile Safari/537.36 (compatible; Googlebot/2.1; +http://www.google.com/bot.html)" "-"
66.249.66.0 - - [03/Aug/2018:07:36:19 +0200] "GET /wp-content/plugins/recently-updated-posts-widget/css/style.css?ver=4.9.8 HTTP/1.1" 301 310 www.fc-schnaittach.de "http://www.fc-schnaittach.de/hauptverein/sportheim/" "Mozilla/5.0 (Linux; Android 6.0.1; Nexus 5X Build/MMB29P) AppleWebKit/537.36 (KHTML, like Gecko) Chrome/41.0.2272.96 Mobile Safari/537.36 (compatible; Googlebot/2.1; +http://www.google.com/bot.html)" "-"
66.249.66.0 - - [03/Aug/2018:07:36:19 +0200] "GET /wp-content/plugins/feedzy-rss-feeds/css/feedzy-rss-feeds.css?ver=3.2.10 HTTP/1.1" 301 309 www.fc-schnaittach.de "http://www.fc-schnaittach.de/hauptverein/sportheim/" "Mozilla/5.0 (Linux; Android 6.0.1; Nexus 5X Build/MMB29P) AppleWebKit/537.36 (KHTML, like Gecko) Chrome/41.0.2272.96 Mobile Safari/537.36 (compatible; Googlebot/2.1; +http://www.google.com/bot.html)" "-"
66.249.66.0 - - [03/Aug/2018:07:36:19 +0200] "GET /wp-includes/js/wp-emoji-release.min.js?ver=4.9.8 HTTP/1.1" 200 12026 www.fc-schnaittach.de "http://www.fc-schnaittach.de/hauptverein/sportheim/" "Mozilla/5.0 (Linux; Android 6.0.1; Nexus 5X Build/MMB29P) AppleWebKit/537.36 (KHTML, like Gecko) Chrome/41.0.2272.96 Mobile Safari/537.36 (compatible; Googlebot/2.1; +http://www.google.com/bot.html)" "-"
66.249.66.0 - - [03/Aug/2018:07:36:20 +0200] "GET /wp-content/plugins/recently-updated-posts-widget/css/style.css?ver=4.9.8 HTTP/1.1" 200 45 www.fc-schnaittach.de "http://www.fc-schnaittach.de/hauptverein/sportheim/" "Mozilla/5.0 (Linux; Android 6.0.1; Nexus 5X Build/MMB29P) AppleWebKit/537.36 (KHTML, like Gecko) Chrome/41.0.2272.96 Mobile Safari/537.36 (compatible; Googlebot/2.1; +http://www.google.com/bot.html)" "-"
66.249.66.0 - - [03/Aug/2018:07:36:20 +0200] "GET /wp-includes/js/wp-embed.min.js?ver=4.9.8 HTTP/1.1" 200 1398 www.fc-schnaittach.de "http://www.fc-schnaittach.de/hauptverein/sportheim/" "Mozilla/5.0 (Linux; Android 6.0.1; Nexus 5X Build/MMB29P) AppleWebKit/537.36 (KHTML, like Gecko) Chrome/41.0.2272.96 Mobile Safari/537.36 (compatible; Googlebot/2.1; +http://www.google.com/bot.html)" "-"
17.58.102.0 - - [03/Aug/2018:07:38:41 +0200] "GET /robots.txt HTTP/1.1" 200 35 www.fc-schnaittach.de "-" "Mozilla/5.0 (Macintosh; Intel Mac OS X 10_10_1) AppleWebKit/600.2.5 (KHTML, like Gecko) Version/8.0.2 Safari/600.2.5 (Applebot/0.1; +http://www.apple.com/go/applebot)" "-"
17.58.102.0 - - [03/Aug/2018:07:38:41 +0200] "GET /ansprechpartner/verein HTTP/1.1" 301 23 www.fc-schnaittach.de "-" "Mozilla/5.0 (Macintosh; Intel Mac OS X 10_10_1) AppleWebKit/600.2.5 (KHTML, like Gecko) Version/8.0.2 Safari/600.2.5 (Applebot/0.1; +http://www.apple.com/go/applebot)" "-"
17.58.102.0 - - [03/Aug/2018:07:38:41 +0200] "GET /robots.txt HTTP/1.1" 200 35 www.fc-schnaittach.de "-" "Mozilla/5.0 (Macintosh; Intel Mac OS X 10_10_1) AppleWebKit/600.2.5 (KHTML, like Gecko) Version/8.0.2 Safari/600.2.5 (Applebot/0.1; +http://www.apple.com/go/applebot)" "-"
17.58.102.0 - - [03/Aug/2018:07:38:42 +0200] "GET /ansprechpartner/verein/ HTTP/1.1" 200 7094 www.fc-schnaittach.de "-" "Mozilla/5.0 (Macintosh; Intel Mac OS X 10_10_1) AppleWebKit/600.2.5 (KHTML, like Gecko) Version/8.0.2 Safari/600.2.5 (Applebot/0.1; +http://www.apple.com/go/applebot)" "-"
66.249.66.0 - - [03/Aug/2018:07:39:33 +0200] "GET /sitemap-pt-page-2015-07.xml HTTP/1.1" 200 603 www.fc-schnaittach.de "-" "Mozilla/5.0 (compatible; Googlebot/2.1; +http://www.google.com/bot.html)" "-"
54.36.148.0 - - [03/Aug/2018:07:40:00 +0200] "GET /wp-content/uploads/2016/11/Johanna-Winkler.jpg HTTP/1.1" 301 284 www.fc-schnaittach.de "-" "Mozilla/5.0 (compatible; AhrefsBot/5.2; +http://ahrefs.com/robot/)" "-"
90.186.70.0 - - [03/Aug/2018:07:40:17 +0200] "GET /tag/wanderabteilung/ HTTP/1.1" 200 5698 www.fc-schnaittach.de "https://www.google.de/" "Mozilla/5.0 (Linux; Android 8.0.0; VTR-L09 Build/HUAWEIVTR-L09) AppleWebKit/537.36 (KHTML, like Gecko) Chrome/67.0.3396.87 Mobile Safari/537.36" "-"
90.186.70.0 - - [03/Aug/2018:07:40:18 +0200] "GET /wp-content/plugins/contact-form-7/includes/css/styles.css?ver=5.0.2 HTTP/1.1" 200 1683 www.fc-schnaittach.de "https://www.fc-schnaittach.de/tag/wanderabteilung/" "Mozilla/5.0 (Linux; Android 8.0.0; VTR-L09 Build/HUAWEIVTR-L09) AppleWebKit/537.36 (KHTML, like Gecko) Chrome/67.0.3396.87 Mobile Safari/537.36" "-"
90.186.70.0 - - [03/Aug/2018:07:40:18 +0200] "GET /wp-content/plugins/feedzy-rss-feeds/css/feedzy-rss-feeds.css?ver=3.2.10 HTTP/1.1" 200 9822 www.fc-schnaittach.de "https://www.fc-schnaittach.de/tag/wanderabteilung/" "Mozilla/5.0 (Linux; Android 8.0.0; VTR-L09 Build/HUAWEIVTR-L09) AppleWebKit/537.36 (KHTML, like Gecko) Chrome/67.0.3396.87 Mobile Safari/537.36" "-"
90.186.70.0 - - [03/Aug/2018:07:40:18 +0200] "GET /wp-content/plugins/recently-updated-posts-widget/css/style.css?ver=4.9.8 HTTP/1.1" 200 45 www.fc-schnaittach.de "https://www.fc-schnaittach.de/tag/wanderabteilung/" "Mozilla/5.0 (Linux; Android 8.0.0; VTR-L09 Build/HUAWEIVTR-L09) AppleWebKit/537.36 (KHTML, like Gecko) Chrome/67.0.3396.87 Mobile Safari/537.36" "-"
90.186.70.0 - - [03/Aug/2018:07:40:18 +0200] "GET /wp-content/plugins/user-access-manager/assets/css/uamLoginForm.css?ver=2.1.11 HTTP/1.1" 200 468 www.fc-schnaittach.de "https://www.fc-schnaittach.de/tag/wanderabteilung/" "Mozilla/5.0 (Linux; Android 8.0.0; VTR-L09 Build/HUAWEIVTR-L09) AppleWebKit/537.36 (KHTML, like Gecko) Chrome/67.0.3396.87 Mobile Safari/537.36" "-"
