217.160.63.0 - - [02/Aug/2018:04:29:37 +0200] "POST /wp-cron.php?doing_wp_cron=1533176977.1229929924011230468750 HTTP/1.1" 301 297 www.fc-schnaittach.de "http://www.fc-schnaittach.de/wp-cron.php?doing_wp_cron=1533176977.1229929924011230468750" "WordPress/4.9.7; https://www.fc-schnaittach.de" "-"
66.249.66.0 - - [02/Aug/2018:04:32:52 +0200] "GET /sitemap-pt-page-2015-06.xml HTTP/1.1" 200 607 www.fc-schnaittach.de "-" "Mozilla/5.0 (compatible; Googlebot/2.1; +http://www.google.com/bot.html)" "-"
217.160.63.0 - - [02/Aug/2018:04:32:53 +0200] "HEAD /wp-content/uploads/2015/01/AG-N%C3%BCrnberg-Registergericht-Notar-FCS-Satzung-.pdf HTTP/1.1" 301 - www.fc-schnaittach.de "https://www.fc-schnaittach.de" "Mozilla/5.0 (compatible; MSIE 9.0; Windows NT 6.1; WOW64; Trident/5.0)" "-"
217.160.63.0 - - [02/Aug/2018:04:32:53 +0200] "HEAD /wp-content/uploads/2015/01/AG-N%c3%bcrnberg-Registergericht-Notar-FCS-Satzung-.pdf HTTP/1.1" 200 - www.fc-schnaittach.de "https://www.fc-schnaittach.de" "Mozilla/5.0 (compatible; MSIE 9.0; Windows NT 6.1; WOW64; Trident/5.0)" "-"
217.160.63.0 - - [02/Aug/2018:04:32:55 +0200] "HEAD /neugruendungderbudoabteilung/ HTTP/1.1" 200 - www.fc-schnaittach.de "https://www.fc-schnaittach.de" "Mozilla/5.0 (compatible; MSIE 9.0; Windows NT 6.1; WOW64; Trident/5.0)" "-"
217.160.63.0 - - [02/Aug/2018:04:32:57 +0200] "HEAD /wp-content/uploads/2014/12/Foto-Goldene-Raute-300x187.jpg HTTP/1.1" 301 - www.fc-schnaittach.de "https://www.fc-schnaittach.de" "Mozilla/5.0 (compatible; MSIE 9.0; Windows NT 6.1; WOW64; Trident/5.0)" "-"
217.160.63.0 - - [02/Aug/2018:04:32:57 +0200] "HEAD /wp-content/uploads/2014/12/Foto-Goldene-Raute-300x187.jpg HTTP/1.1" 200 - www.fc-schnaittach.de "https://www.fc-schnaittach.de" "Mozilla/5.0 (compatible; MSIE 9.0; Windows NT 6.1; WOW64; Trident/5.0)" "-"
217.160.63.0 - - [02/Aug/2018:04:32:59 +0200] "HEAD /wp-content/uploads/2016/08/13528992_1108260322579003_2412787463204857658_n-225x300.jpg HTTP/1.1" 301 - www.fc-schnaittach.de "https://www.fc-schnaittach.de" "Mozilla/5.0 (compatible; MSIE 9.0; Windows NT 6.1; WOW64; Trident/5.0)" "-"
217.160.63.0 - - [02/Aug/2018:04:32:59 +0200] "HEAD /wp-content/uploads/2016/08/13528992_1108260322579003_2412787463204857658_n-225x300.jpg HTTP/1.1" 200 - www.fc-schnaittach.de "https://www.fc-schnaittach.de" "Mozilla/5.0 (compatible; MSIE 9.0; Windows NT 6.1; WOW64; Trident/5.0)" "-"
217.160.63.0 - - [02/Aug/2018:04:33:03 +0200] "HEAD /wp-content/uploads/2016/12/IMG_9921.jpg HTTP/1.1" 301 - www.fc-schnaittach.de "https://www.fc-schnaittach.de" "Mozilla/5.0 (compatible; MSIE 9.0; Windows NT 6.1; WOW64; Trident/5.0)" "-"
217.160.63.0 - - [02/Aug/2018:04:33:03 +0200] "HEAD /wp-content/uploads/2016/12/IMG_9921.jpg HTTP/1.1" 200 - www.fc-schnaittach.de "https://www.fc-schnaittach.de" "Mozilla/5.0 (compatible; MSIE 9.0; Windows NT 6.1; WOW64; Trident/5.0)" "-"
217.160.63.0 - - [02/Aug/2018:04:33:08 +0200] "HEAD /kickboxen-guertelpruefung-13-06-2015/ HTTP/1.1" 200 - www.fc-schnaittach.de "https://www.fc-schnaittach.de" "Mozilla/5.0 (compatible; MSIE 9.0; Windows NT 6.1; WOW64; Trident/5.0)" "-"
217.160.63.0 - - [02/Aug/2018:04:33:13 +0200] "HEAD /wp-content/uploads/2016/12/IMG_9931-300x225.jpg HTTP/1.1" 301 - www.fc-schnaittach.de "https://www.fc-schnaittach.de" "Mozilla/5.0 (compatible; MSIE 9.0; Windows NT 6.1; WOW64; Trident/5.0)" "-"
217.160.63.0 - - [02/Aug/2018:04:33:13 +0200] "HEAD /wp-content/uploads/2016/12/IMG_9931-300x225.jpg HTTP/1.1" 200 - www.fc-schnaittach.de "https://www.fc-schnaittach.de" "Mozilla/5.0 (compatible; MSIE 9.0; Windows NT 6.1; WOW64; Trident/5.0)" "-"
217.160.63.0 - - [02/Aug/2018:04:33:18 +0200] "HEAD /wp-content/uploads/2016/08/13076999_1108260119245690_9163087026079502882_n.jpg HTTP/1.1" 301 - www.fc-schnaittach.de "https://www.fc-schnaittach.de" "Mozilla/5.0 (compatible; MSIE 9.0; Windows NT 6.1; WOW64; Trident/5.0)" "-"
217.160.63.0 - - [02/Aug/2018:04:33:18 +0200] "HEAD /wp-content/uploads/2016/08/13076999_1108260119245690_9163087026079502882_n.jpg HTTP/1.1" 200 - www.fc-schnaittach.de "https://www.fc-schnaittach.de" "Mozilla/5.0 (compatible; MSIE 9.0; Windows NT 6.1; WOW64; Trident/5.0)" "-"
217.160.63.0 - - [02/Aug/2018:04:33:23 +0200] "HEAD /wp-content/uploads/2016/08/13590421_1108260135912355_6916912371857242760_n.jpg HTTP/1.1" 301 - www.fc-schnaittach.de "https://www.fc-schnaittach.de" "Mozilla/5.0 (compatible; MSIE 9.0; Windows NT 6.1; WOW64; Trident/5.0)" "-"
217.160.63.0 - - [02/Aug/2018:04:33:23 +0200] "HEAD /wp-content/uploads/2016/08/13590421_1108260135912355_6916912371857242760_n.jpg HTTP/1.1" 200 - www.fc-schnaittach.de "https://www.fc-schnaittach.de" "Mozilla/5.0 (compatible; MSIE 9.0; Windows NT 6.1; WOW64; Trident/5.0)" "-"
217.160.63.0 - - [02/Aug/2018:04:32:52 +0200] "POST /wp-cron.php?doing_wp_cron=1533177172.2664299011230468750000 HTTP/1.1" 200 23 www.fc-schnaittach.de "https://www.fc-schnaittach.de/wp-cron.php?doing_wp_cron=1533177172.2664299011230468750000" "WordPress/4.9.7; https://www.fc-schnaittach.de" "-"
217.160.63.0 - - [02/Aug/2018:04:33:28 +0200] "HEAD /budo-termine-fuer-2015/ HTTP/1.1" 200 - www.fc-schnaittach.de "https://www.fc-schnaittach.de" "Mozilla/5.0 (compatible; MSIE 9.0; Windows NT 6.1; WOW64; Trident/5.0)" "-"
217.160.63.0 - - [02/Aug/2018:04:33:34 +0200] "HEAD /wp-content/uploads/2016/08/13592613_1108260389245663_4991370026486690592_n.jpg HTTP/1.1" 301 - www.fc-schnaittach.de "https://www.fc-schnaittach.de" "Mozilla/5.0 (compatible; MSIE 9.0; Windows NT 6.1; WOW64; Trident/5.0)" "-"
217.160.63.0 - - [02/Aug/2018:04:33:34 +0200] "HEAD /wp-content/uploads/2016/08/13592613_1108260389245663_4991370026486690592_n.jpg HTTP/1.1" 200 - www.fc-schnaittach.de "https://www.fc-schnaittach.de" "Mozilla/5.0 (compatible; MSIE 9.0; Windows NT 6.1; WOW64; Trident/5.0)" "-"
217.160.63.0 - - [02/Aug/2018:04:33:38 +0200] "HEAD /wp-content/uploads/2016/08/13590421_1108260135912355_6916912371857242760_n-300x225.jpg HTTP/1.1" 301 - www.fc-schnaittach.de "https://www.fc-schnaittach.de" "Mozilla/5.0 (compatible; MSIE 9.0; Windows NT 6.1; WOW64; Trident/5.0)" "-"
217.160.63.0 - - [02/Aug/2018:04:33:38 +0200] "HEAD /wp-content/uploads/2016/08/13590421_1108260135912355_6916912371857242760_n-300x225.jpg HTTP/1.1" 200 - www.fc-schnaittach.de "https://www.fc-schnaittach.de" "Mozilla/5.0 (compatible; MSIE 9.0; Windows NT 6.1; WOW64; Trident/5.0)" "-"
217.160.63.0 - - [02/Aug/2018:04:33:43 +0200] "HEAD /wp-content/uploads/2016/12/IMG_9915-300x225.jpg HTTP/1.1" 301 - www.fc-schnaittach.de "https://www.fc-schnaittach.de" "Mozilla/5.0 (compatible; MSIE 9.0; Windows NT 6.1; WOW64; Trident/5.0)" "-"
217.160.63.0 - - [02/Aug/2018:04:33:43 +0200] "HEAD /wp-content/uploads/2016/12/IMG_9915-300x225.jpg HTTP/1.1" 200 - www.fc-schnaittach.de "https://www.fc-schnaittach.de" "Mozilla/5.0 (compatible; MSIE 9.0; Windows NT 6.1; WOW64; Trident/5.0)" "-"
207.46.13.0 - - [02/Aug/2018:04:42:10 +0200] "GET /dragonrun/4-3/ HTTP/1.1" 200 195 www.fc-schnaittach.de "-" "Mozilla/5.0 (compatible; bingbot/2.0; +http://www.bing.com/bingbot.htm)" "-"
207.46.13.0 - - [02/Aug/2018:04:46:09 +0200] "GET /wp-content/uploads/2014/10/P1018319.jpg HTTP/1.1" 200 1910661 www.fc-schnaittach.de "-" "Mozilla/5.0 (compatible; bingbot/2.0; +http://www.bing.com/bingbot.htm)" "-"
194.67.210.0 - - [02/Aug/2018:05:10:31 +0200] "HEAD / HTTP/1.1" 301 - www.fc-schnaittach.de "http://weddman-ufa.ru/restorany/" "Mozilla/6.0 (compatible; MSIE5.00; Windows 2004)" "-"
185.125.219.0 - - [02/Aug/2018:05:10:33 +0200] "HEAD / HTTP/1.1" 301 - www.fc-schnaittach.de "https://www.rodec-light.com/products/elstead" "Mozilla/5.0 (compatible; MSIE6.00; Windows 2004)" "-"
193.124.176.0 - - [02/Aug/2018:05:10:33 +0200] "HEAD / HTTP/1.1" 301 - www.fc-schnaittach.de "http://weddman-lipetsk.ru/videografy/" "Mozilla/6.0 (compatible; MSIE6.00; Windows 2004)" "-"
193.124.190.0 - - [02/Aug/2018:05:10:34 +0200] "HEAD / HTTP/1.1" 301 - www.fc-schnaittach.de "https://gourmet-shop.ru/caviar/payusnaya-ikra/" "Mozilla/4.0 (compatible; MSIE6.00; Windows 2005)" "-"
185.5.249.0 - - [02/Aug/2018:05:10:34 +0200] "HEAD / HTTP/1.1" 301 - www.fc-schnaittach.de "http://weddman.ru" "Mozilla/3.0 (compatible; MSIE7.00; Windows 2002)" "-"
85.25.210.0 - - [02/Aug/2018:05:11:03 +0200] "GET /robots.txt HTTP/1.1" 301 248 www.fc-schnaittach.de "-" "Mozilla/5.0 (compatible; adscanner/)" "-"
85.25.210.0 - - [02/Aug/2018:05:11:03 +0200] "GET /robots.txt HTTP/1.1" 200 35 www.fc-schnaittach.de "-" "Mozilla/5.0 (compatible; adscanner/)" "-"
85.25.210.0 - - [02/Aug/2018:05:11:03 +0200] "GET /wp-content/uploads/2018/06/Hindernisverteilung-2-1024x768.png HTTP/1.1" 301 299 www.fc-schnaittach.de "-" "Mozilla/5.0 (compatible; adscanner/)" "-"
85.25.210.0 - - [02/Aug/2018:05:11:04 +0200] "GET /wp-content/uploads/2018/06/Hindernisverteilung-2-1024x768.png HTTP/1.1" 200 573287 www.fc-schnaittach.de "-" "Mozilla/5.0 (compatible; adscanner/)" "-"
66.249.66.0 - - [02/Aug/2018:05:20:42 +0200] "GET /alle-fussballspiele-sind-heute-29-10-2017-wegen-sturm-abgesagt/ HTTP/1.1" 404 5769 www.fc-schnaittach.de "-" "Mozilla/5.0 (Linux; Android 6.0.1; Nexus 5X Build/MMB29P) AppleWebKit/537.36 (KHTML, like Gecko) Chrome/41.0.2272.96 Mobile Safari/537.36 (compatible; Googlebot/2.1; +http://www.google.com/bot.html)" "-"
217.160.63.0 - - [02/Aug/2018:05:22:42 +0200] "POST /wp-cron.php?doing_wp_cron=1533180162.5081410408020019531250 HTTP/1.1" 301 297 www.fc-schnaittach.de "http://www.fc-schnaittach.de/wp-cron.php?doing_wp_cron=1533180162.5081410408020019531250" "WordPress/4.9.7; https://www.fc-schnaittach.de" "-"
66.249.66.0 - - [02/Aug/2018:05:22:42 +0200] "GET /sitemap.xml HTTP/1.1" 200 1177 www.fc-schnaittach.de "-" "Mozilla/5.0 (compatible; Googlebot/2.1; +http://www.google.com/bot.html)" "-"
62.138.0.0 - - [02/Aug/2018:05:24:23 +0200] "GET /robots.txt HTTP/1.1" 301 248 www.fc-schnaittach.de "-" "Mozilla/5.0 (compatible; adscanner/)" "-"
62.138.0.0 - - [02/Aug/2018:05:24:24 +0200] "GET /robots.txt HTTP/1.1" 200 35 www.fc-schnaittach.de "-" "Mozilla/5.0 (compatible; adscanner/)" "-"
62.138.0.0 - - [02/Aug/2018:05:24:25 +0200] "GET /wp-content/uploads/2018/06/9-300x300.jpg HTTP/1.1" 301 278 www.fc-schnaittach.de "-" "Mozilla/5.0 (compatible; adscanner/)" "-"
62.138.0.0 - - [02/Aug/2018:05:24:28 +0200] "GET /wp-content/uploads/2018/06/9-300x300.jpg HTTP/1.1" 200 28078 www.fc-schnaittach.de "-" "Mozilla/5.0 (compatible; adscanner/)" "-"
207.46.13.0 - - [02/Aug/2018:05:26:36 +0200] "GET /wp-content/themes/fcs/images/production/WappenThumbnail.png HTTP/1.1" 301 297 www.fc-schnaittach.de "-" "Mozilla/5.0 (compatible; bingbot/2.0; +http://www.bing.com/bingbot.htm)" "-"
207.46.13.0 - - [02/Aug/2018:05:26:37 +0200] "GET /wp-content/themes/fcs/images/production/WappenThumbnail.png HTTP/1.1" 200 13158 www.fc-schnaittach.de "-" "Mozilla/5.0 (compatible; bingbot/2.0; +http://www.bing.com/bingbot.htm)" "-"
54.36.149.0 - - [02/Aug/2018:05:32:10 +0200] "GET /tag/bambini/ HTTP/1.1" 200 6211 www.fc-schnaittach.de "-" "Mozilla/5.0 (compatible; AhrefsBot/5.2; +http://ahrefs.com/robot/)" "-"
217.160.63.0 - - [02/Aug/2018:05:32:11 +0200] "POST /wp-cron.php?doing_wp_cron=1533180731.0239601135253906250000 HTTP/1.1" 301 297 www.fc-schnaittach.de "http://www.fc-schnaittach.de/wp-cron.php?doing_wp_cron=1533180731.0239601135253906250000" "WordPress/4.9.7; https://www.fc-schnaittach.de" "-"
52.175.195.0 - - [02/Aug/2018:05:32:15 +0200] "HEAD / HTTP/1.1" 301 - www.fc-schnaittach.de "-" "HTTPing v2.4" "-"
217.160.63.0 - - [02/Aug/2018:05:33:53 +0200] "POST /wp-cron.php?doing_wp_cron=1533180833.6360719203948974609375 HTTP/1.1" 301 297 www.fc-schnaittach.de "http://www.fc-schnaittach.de/wp-cron.php?doing_wp_cron=1533180833.6360719203948974609375" "WordPress/4.9.7; https://www.fc-schnaittach.de" "-"
5.248.253.0 - - [02/Aug/2018:05:33:53 +0200] "GET /karate-teilnahme-an-der-bezirksmeisterschaft-2015/ HTTP/1.1" 200 29599 www.fc-schnaittach.de "https://russian-translator.com/literal-translation-services" "Mozilla/4.0 (compatible; MSIE 6.0; Windows NT 5.1; ru) Opera 8.01" "-"
5.248.253.0 - - [02/Aug/2018:05:33:53 +0200] "GET /karate-teilnahme-an-der-bezirksmeisterschaft-2015/ HTTP/1.1" 200 29599 www.fc-schnaittach.de "https://russian-translator.com/literal-translation-services" "Mozilla/4.0 (compatible; MSIE 6.0; Windows NT 5.1; ru) Opera 8.01" "-"
5.248.253.0 - - [02/Aug/2018:05:33:54 +0200] "GET /karate-teilnahme-an-der-bezirksmeisterschaft-2015/ HTTP/1.1" 200 29599 www.fc-schnaittach.de "https://russian-translator.com/literal-translation-services" "Mozilla/4.0 (compatible; MSIE 6.0; Windows NT 5.1; ru) Opera 8.01" "-"
52.175.195.0 - - [02/Aug/2018:05:35:46 +0200] "HEAD / HTTP/1.1" 301 - www.fc-schnaittach.de "-" "HTTPing v2.4" "-"
217.160.63.0 - - [02/Aug/2018:05:39:26 +0200] "POST /wp-cron.php?doing_wp_cron=1533181166.4779400825500488281250 HTTP/1.1" 301 297 www.fc-schnaittach.de "http://www.fc-schnaittach.de/wp-cron.php?doing_wp_cron=1533181166.4779400825500488281250" "WordPress/4.9.7; https://www.fc-schnaittach.de" "-"
5.9.17.0 - - [02/Aug/2018:05:39:26 +0200] "GET /hauptverein/geschichte/ HTTP/1.1" 200 35080 www.fc-schnaittach.de "-" "Mozilla/5.0 (Macintosh; Intel Mac OS X 10_13_3) AppleWebKit/604.5.6 (KHTML, like Gecko) Version/11.0.3 Safari/604.5.6" "-"
207.46.13.0 - - [02/Aug/2018:05:47:57 +0200] "GET /wp-content/themes/fcs/images/production/WappenThumbnail.png HTTP/1.1" 301 297 www.fc-schnaittach.de "-" "Mozilla/5.0 (compatible; bingbot/2.0; +http://www.bing.com/bingbot.htm)" "-"
207.46.13.0 - - [02/Aug/2018:05:47:58 +0200] "GET /wp-content/themes/fcs/images/production/WappenThumbnail.png HTTP/1.1" 200 13158 www.fc-schnaittach.de "-" "Mozilla/5.0 (compatible; bingbot/2.0; +http://www.bing.com/bingbot.htm)" "-"
2003:ec:6b00:: - - [02/Aug/2018:05:50:09 +0200] "GET /wp-content/uploads/2018/03/DIN_A6_Flyer_22.02.2018_1.png HTTP/1.1" 200 205587 www.fc-schnaittach.de "-" "Mozilla/5.0 (Windows NT 10.0; Win64; x64; rv:61.0) Gecko/20100101 Firefox/61.0" "-"
85.25.210.0 - - [02/Aug/2018:05:54:35 +0200] "GET /robots.txt HTTP/1.1" 301 248 www.fc-schnaittach.de "-" "Mozilla/5.0 (Windows NT 6.1; WOW64) AppleWebKit/537.36 (KHTML, like Gecko) Chrome/37.0.2062.120 Safari/537.36" "-"
85.25.210.0 - - [02/Aug/2018:05:54:35 +0200] "GET /robots.txt HTTP/1.1" 200 35 www.fc-schnaittach.de "-" "Mozilla/5.0 (Windows NT 6.1; WOW64) AppleWebKit/537.36 (KHTML, like Gecko) Chrome/37.0.2062.120 Safari/537.36" "-"
85.25.210.0 - - [02/Aug/2018:05:54:35 +0200] "GET /robots.txt HTTP/1.1" 301 248 www.fc-schnaittach.de "-" "Mozilla/5.0 (compatible; adscanner/)" "-"
85.25.210.0 - - [02/Aug/2018:05:54:35 +0200] "GET /robots.txt HTTP/1.1" 200 35 www.fc-schnaittach.de "-" "Mozilla/5.0 (Windows NT 6.1; WOW64) AppleWebKit/537.36 (KHTML, like Gecko) Chrome/37.0.2062.120 Safari/537.36" "-"
85.25.210.0 - - [02/Aug/2018:05:54:35 +0200] "GET /robots.txt HTTP/1.1" 200 35 www.fc-schnaittach.de "-" "Mozilla/5.0 (compatible; adscanner/)" "-"
85.25.210.0 - - [02/Aug/2018:05:54:35 +0200] "GET /tagesausflug-nach-volkach/ HTTP/1.1" 200 7281 www.fc-schnaittach.de "-" "Mozilla/5.0 (Windows NT 6.1; WOW64) AppleWebKit/537.36 (KHTML, like Gecko) Chrome/37.0.2062.120 Safari/537.36" "-"
217.160.63.0 - - [02/Aug/2018:05:54:36 +0200] "POST /wp-cron.php?doing_wp_cron=1533182076.1105320453643798828125 HTTP/1.1" 301 297 www.fc-schnaittach.de "http://www.fc-schnaittach.de/wp-cron.php?doing_wp_cron=1533182076.1105320453643798828125" "WordPress/4.9.7; https://www.fc-schnaittach.de" "-"
85.25.210.0 - - [02/Aug/2018:05:54:36 +0200] "GET /wp-includes/js/wp-emoji-release.min.js?ver=4.9.7 HTTP/1.1" 301 286 www.fc-schnaittach.de "http://www.fc-schnaittach.de/tagesausflug-nach-volkach/" "Mozilla/5.0 (Windows NT 6.1; WOW64) AppleWebKit/537.36 (KHTML, like Gecko) Chrome/37.0.2062.120 Safari/537.36" "-"
85.25.210.0 - - [02/Aug/2018:05:54:36 +0200] "GET /wp-content/plugins/user-access-manager/assets/css/uamLoginForm.css?ver=2.1.11 HTTP/1.1" 301 315 www.fc-schnaittach.de "http://www.fc-schnaittach.de/tagesausflug-nach-volkach/" "Mozilla/5.0 (Windows NT 6.1; WOW64) AppleWebKit/537.36 (KHTML, like Gecko) Chrome/37.0.2062.120 Safari/537.36" "-"
85.25.210.0 - - [02/Aug/2018:05:54:36 +0200] "GET /wp-content/plugins/recently-updated-posts-widget/css/style.css?ver=4.9.7 HTTP/1.1" 301 310 www.fc-schnaittach.de "http://www.fc-schnaittach.de/tagesausflug-nach-volkach/" "Mozilla/5.0 (Windows NT 6.1; WOW64) AppleWebKit/537.36 (KHTML, like Gecko) Chrome/37.0.2062.120 Safari/537.36" "-"
85.25.210.0 - - [02/Aug/2018:05:54:36 +0200] "GET /wp-includes/js/jquery/jquery.js?ver=1.12.4 HTTP/1.1" 301 280 www.fc-schnaittach.de "http://www.fc-schnaittach.de/tagesausflug-nach-volkach/" "Mozilla/5.0 (Windows NT 6.1; WOW64) AppleWebKit/537.36 (KHTML, like Gecko) Chrome/37.0.2062.120 Safari/537.36" "-"
85.25.210.0 - - [02/Aug/2018:05:54:36 +0200] "GET /wp-content/plugins/contact-form-7/includes/css/styles.css?ver=5.0.2 HTTP/1.1" 301 305 www.fc-schnaittach.de "http://www.fc-schnaittach.de/tagesausflug-nach-volkach/" "Mozilla/5.0 (Windows NT 6.1; WOW64) AppleWebKit/537.36 (KHTML, like Gecko) Chrome/37.0.2062.120 Safari/537.36" "-"
85.25.210.0 - - [02/Aug/2018:05:54:36 +0200] "GET /wp-content/plugins/feedzy-rss-feeds/css/feedzy-rss-feeds.css?ver=3.2.10 HTTP/1.1" 301 309 www.fc-schnaittach.de "http://www.fc-schnaittach.de/tagesausflug-nach-volkach/" "Mozilla/5.0 (Windows NT 6.1; WOW64) AppleWebKit/537.36 (KHTML, like Gecko) Chrome/37.0.2062.120 Safari/537.36" "-"
85.25.210.0 - - [02/Aug/2018:05:54:36 +0200] "GET /wp-content/themes/fcs/js/jquery.smartmenus.min.js?ver=1418750004 HTTP/1.1" 301 302 www.fc-schnaittach.de "http://www.fc-schnaittach.de/tagesausflug-nach-volkach/" "Mozilla/5.0 (Windows NT 6.1; WOW64) AppleWebKit/537.36 (KHTML, like Gecko) Chrome/37.0.2062.120 Safari/537.36" "-"
85.25.210.0 - - [02/Aug/2018:05:54:36 +0200] "GET /wp-content/themes/fcs/css/jquery.smartmenus.bootstrap.css?ver=1418749976 HTTP/1.1" 301 310 www.fc-schnaittach.de "http://www.fc-schnaittach.de/tagesausflug-nach-volkach/" "Mozilla/5.0 (Windows NT 6.1; WOW64) AppleWebKit/537.36 (KHTML, like Gecko) Chrome/37.0.2062.120 Safari/537.36" "-"
85.25.210.0 - - [02/Aug/2018:05:54:36 +0200] "GET /wp-content/themes/fcs/js/jquery.smartmenus.bootstrap.min.js?ver=1418750004 HTTP/1.1" 301 312 www.fc-schnaittach.de "http://www.fc-schnaittach.de/tagesausflug-nach-volkach/" "Mozilla/5.0 (Windows NT 6.1; WOW64) AppleWebKit/537.36 (KHTML, like Gecko) Chrome/37.0.2062.120 Safari/537.36" "-"
85.25.210.0 - - [02/Aug/2018:05:54:36 +0200] "GET /wp-includes/js/jquery/jquery-migrate.min.js?ver=1.4.1 HTTP/1.1" 301 291 www.fc-schnaittach.de "http://www.fc-schnaittach.de/tagesausflug-nach-volkach/" "Mozilla/5.0 (Windows NT 6.1; WOW64) AppleWebKit/537.36 (KHTML, like Gecko) Chrome/37.0.2062.120 Safari/537.36" "-"
85.25.210.0 - - [02/Aug/2018:05:54:36 +0200] "GET /wp-content/themes/fcs/style.css?ver=1460744932 HTTP/1.1" 301 284 www.fc-schnaittach.de "http://www.fc-schnaittach.de/tagesausflug-nach-volkach/" "Mozilla/5.0 (Windows NT 6.1; WOW64) AppleWebKit/537.36 (KHTML, like Gecko) Chrome/37.0.2062.120 Safari/537.36" "-"
85.25.210.0 - - [02/Aug/2018:05:54:36 +0200] "GET /wp-content/plugins/contact-form-7/includes/js/scripts.js?ver=5.0.2 HTTP/1.1" 301 304 www.fc-schnaittach.de "http://www.fc-schnaittach.de/tagesausflug-nach-volkach/" "Mozilla/5.0 (Windows NT 6.1; WOW64) AppleWebKit/537.36 (KHTML, like Gecko) Chrome/37.0.2062.120 Safari/537.36" "-"
85.25.210.0 - - [02/Aug/2018:05:54:36 +0200] "GET /wp-content/themes/fcs/js/fcs.js?ver=1442772175 HTTP/1.1" 301 284 www.fc-schnaittach.de "http://www.fc-schnaittach.de/tagesausflug-nach-volkach/" "Mozilla/5.0 (Windows NT 6.1; WOW64) AppleWebKit/537.36 (KHTML, like Gecko) Chrome/37.0.2062.120 Safari/537.36" "-"
85.25.210.0 - - [02/Aug/2018:05:54:36 +0200] "GET /wp-includes/js/wp-embed.min.js?ver=4.9.7 HTTP/1.1" 301 278 www.fc-schnaittach.de "http://www.fc-schnaittach.de/tagesausflug-nach-volkach/" "Mozilla/5.0 (Windows NT 6.1; WOW64) AppleWebKit/537.36 (KHTML, like Gecko) Chrome/37.0.2062.120 Safari/537.36" "-"
85.25.210.0 - - [02/Aug/2018:05:54:36 +0200] "GET /wp-includes/js/wp-emoji-release.min.js?ver=4.9.7 HTTP/1.1" 200 11721 www.fc-schnaittach.de "http://www.fc-schnaittach.de/tagesausflug-nach-volkach/" "Mozilla/5.0 (Windows NT 6.1; WOW64) AppleWebKit/537.36 (KHTML, like Gecko) Chrome/37.0.2062.120 Safari/537.36" "-"
85.25.210.0 - - [02/Aug/2018:05:54:36 +0200] "GET /wp-content/plugins/user-access-manager/assets/css/uamLoginForm.css?ver=2.1.11 HTTP/1.1" 200 468 www.fc-schnaittach.de "http://www.fc-schnaittach.de/tagesausflug-nach-volkach/" "Mozilla/5.0 (Windows NT 6.1; WOW64) AppleWebKit/537.36 (KHTML, like Gecko) Chrome/37.0.2062.120 Safari/537.36" "-"
85.25.210.0 - - [02/Aug/2018:05:54:36 +0200] "GET /wp-content/plugins/contact-form-7/includes/css/styles.css?ver=5.0.2 HTTP/1.1" 200 1683 www.fc-schnaittach.de "http://www.fc-schnaittach.de/tagesausflug-nach-volkach/" "Mozilla/5.0 (Windows NT 6.1; WOW64) AppleWebKit/537.36 (KHTML, like Gecko) Chrome/37.0.2062.120 Safari/537.36" "-"
85.25.210.0 - - [02/Aug/2018:05:54:36 +0200] "GET /wp-content/themes/fcs/js/jquery.smartmenus.min.js?ver=1418750004 HTTP/1.1" 200 22672 www.fc-schnaittach.de "http://www.fc-schnaittach.de/tagesausflug-nach-volkach/" "Mozilla/5.0 (Windows NT 6.1; WOW64) AppleWebKit/537.36 (KHTML, like Gecko) Chrome/37.0.2062.120 Safari/537.36" "-"
85.25.210.0 - - [02/Aug/2018:05:54:36 +0200] "GET /wp-content/plugins/recently-updated-posts-widget/css/style.css?ver=4.9.7 HTTP/1.1" 200 45 www.fc-schnaittach.de "http://www.fc-schnaittach.de/tagesausflug-nach-volkach/" "Mozilla/5.0 (Windows NT 6.1; WOW64) AppleWebKit/537.36 (KHTML, like Gecko) Chrome/37.0.2062.120 Safari/537.36" "-"
85.25.210.0 - - [02/Aug/2018:05:54:36 +0200] "GET /wp-content/themes/fcs/css/jquery.smartmenus.bootstrap.css?ver=1418749976 HTTP/1.1" 200 3128 www.fc-schnaittach.de "http://www.fc-schnaittach.de/tagesausflug-nach-volkach/" "Mozilla/5.0 (Windows NT 6.1; WOW64) AppleWebKit/537.36 (KHTML, like Gecko) Chrome/37.0.2062.120 Safari/537.36" "-"
85.25.210.0 - - [02/Aug/2018:05:54:36 +0200] "GET /wp-content/themes/fcs/js/jquery.smartmenus.bootstrap.min.js?ver=1418750004 HTTP/1.1" 200 1252 www.fc-schnaittach.de "http://www.fc-schnaittach.de/tagesausflug-nach-volkach/" "Mozilla/5.0 (Windows NT 6.1; WOW64) AppleWebKit/537.36 (KHTML, like Gecko) Chrome/37.0.2062.120 Safari/537.36" "-"
85.25.210.0 - - [02/Aug/2018:05:54:36 +0200] "GET /wp-includes/js/jquery/jquery.js?ver=1.12.4 HTTP/1.1" 200 97184 www.fc-schnaittach.de "http://www.fc-schnaittach.de/tagesausflug-nach-volkach/" "Mozilla/5.0 (Windows NT 6.1; WOW64) AppleWebKit/537.36 (KHTML, like Gecko) Chrome/37.0.2062.120 Safari/537.36" "-"
85.25.210.0 - - [02/Aug/2018:05:54:36 +0200] "GET /wp-content/plugins/contact-form-7/includes/js/scripts.js?ver=5.0.2 HTTP/1.1" 200 14585 www.fc-schnaittach.de "http://www.fc-schnaittach.de/tagesausflug-nach-volkach/" "Mozilla/5.0 (Windows NT 6.1; WOW64) AppleWebKit/537.36 (KHTML, like Gecko) Chrome/37.0.2062.120 Safari/537.36" "-"
85.25.210.0 - - [02/Aug/2018:05:54:36 +0200] "GET /wp-content/themes/fcs/style.css?ver=1460744932 HTTP/1.1" 200 22587 www.fc-schnaittach.de "http://www.fc-schnaittach.de/tagesausflug-nach-volkach/" "Mozilla/5.0 (Windows NT 6.1; WOW64) AppleWebKit/537.36 (KHTML, like Gecko) Chrome/37.0.2062.120 Safari/537.36" "-"
85.25.210.0 - - [02/Aug/2018:05:54:36 +0200] "GET /wp-content/plugins/feedzy-rss-feeds/css/feedzy-rss-feeds.css?ver=3.2.10 HTTP/1.1" 200 9822 www.fc-schnaittach.de "http://www.fc-schnaittach.de/tagesausflug-nach-volkach/" "Mozilla/5.0 (Windows NT 6.1; WOW64) AppleWebKit/537.36 (KHTML, like Gecko) Chrome/37.0.2062.120 Safari/537.36" "-"
85.25.210.0 - - [02/Aug/2018:05:54:37 +0200] "GET /wp-includes/js/jquery/jquery-migrate.min.js?ver=1.4.1 HTTP/1.1" 200 10056 www.fc-schnaittach.de "http://www.fc-schnaittach.de/tagesausflug-nach-volkach/" "Mozilla/5.0 (Windows NT 6.1; WOW64) AppleWebKit/537.36 (KHTML, like Gecko) Chrome/37.0.2062.120 Safari/537.36" "-"
85.25.210.0 - - [02/Aug/2018:05:54:37 +0200] "GET /wp-content/themes/fcs/js/fcs.js?ver=1442772175 HTTP/1.1" 200 5542 www.fc-schnaittach.de "http://www.fc-schnaittach.de/tagesausflug-nach-volkach/" "Mozilla/5.0 (Windows NT 6.1; WOW64) AppleWebKit/537.36 (KHTML, like Gecko) Chrome/37.0.2062.120 Safari/537.36" "-"
85.25.210.0 - - [02/Aug/2018:05:54:37 +0200] "GET /wp-includes/js/wp-embed.min.js?ver=4.9.7 HTTP/1.1" 200 1398 www.fc-schnaittach.de "http://www.fc-schnaittach.de/tagesausflug-nach-volkach/" "Mozilla/5.0 (Windows NT 6.1; WOW64) AppleWebKit/537.36 (KHTML, like Gecko) Chrome/37.0.2062.120 Safari/537.36" "-"
85.25.210.0 - - [02/Aug/2018:05:54:37 +0200] "GET /wp-content/themes/fcs/images/production/FcsWappen.png?ver=1487205002 HTTP/1.1" 301 306 www.fc-schnaittach.de "http://www.fc-schnaittach.de/tagesausflug-nach-volkach/" "Mozilla/5.0 (Windows NT 6.1; WOW64) AppleWebKit/537.36 (KHTML, like Gecko) Chrome/37.0.2062.120 Safari/537.36" "-"
85.25.210.0 - - [02/Aug/2018:05:54:37 +0200] "GET /wp-content/themes/fcs/images/production/FcsWappen.png HTTP/1.1" 301 291 www.fc-schnaittach.de "http://www.fc-schnaittach.de/tagesausflug-nach-volkach/" "Mozilla/5.0 (Windows NT 6.1; WOW64) AppleWebKit/537.36 (KHTML, like Gecko) Chrome/37.0.2062.120 Safari/537.36" "-"
85.25.210.0 - - [02/Aug/2018:05:54:37 +0200] "GET /wp-content/themes/fcs/images/production/FcsWappen.png?ver=1487205002 HTTP/1.1" 200 12482 www.fc-schnaittach.de "http://www.fc-schnaittach.de/tagesausflug-nach-volkach/" "Mozilla/5.0 (Windows NT 6.1; WOW64) AppleWebKit/537.36 (KHTML, like Gecko) Chrome/37.0.2062.120 Safari/537.36" "-"
85.25.210.0 - - [02/Aug/2018:05:54:37 +0200] "GET /wp-content/themes/fcs/images/production/FcsWappen.png HTTP/1.1" 200 12482 www.fc-schnaittach.de "http://www.fc-schnaittach.de/tagesausflug-nach-volkach/" "Mozilla/5.0 (Windows NT 6.1; WOW64) AppleWebKit/537.36 (KHTML, like Gecko) Chrome/37.0.2062.120 Safari/537.36" "-"
85.25.210.0 - - [02/Aug/2018:05:54:37 +0200] "GET /tagesausflug-nach-volkach/ HTTP/1.1" 200 7281 www.fc-schnaittach.de "-" "Mozilla/5.0 (compatible; adscanner/)" "-"
216.244.66.0 - - [02/Aug/2018:05:54:49 +0200] "GET /robots.txt HTTP/1.1" 301 248 www.fc-schnaittach.de "-" "Mozilla/5.0 (compatible; DotBot/1.1; http://www.opensiteexplorer.org/dotbot, help@moz.com)" "-"
216.244.66.0 - - [02/Aug/2018:05:54:50 +0200] "GET /robots.txt HTTP/1.1" 200 35 www.fc-schnaittach.de "-" "Mozilla/5.0 (compatible; DotBot/1.1; http://www.opensiteexplorer.org/dotbot, help@moz.com)" "-"
52.175.195.0 - - [02/Aug/2018:05:58:44 +0200] "HEAD / HTTP/1.1" 301 - www.fc-schnaittach.de "-" "HTTPing v2.4" "-"
217.160.63.0 - - [02/Aug/2018:06:02:41 +0200] "POST /wp-cron.php?doing_wp_cron=1533182561.5319020748138427734375 HTTP/1.1" 301 297 www.fc-schnaittach.de "http://www.fc-schnaittach.de/wp-cron.php?doing_wp_cron=1533182561.5319020748138427734375" "WordPress/4.9.7; https://www.fc-schnaittach.de" "-"
62.2.217.0 - - [02/Aug/2018:06:02:41 +0200] "GET /Dragonrun HTTP/1.1" 301 23 fc-schnaittach.de "http://www.laufkalender24.de/" "Mozilla/5.0 (Windows NT 6.1; WOW64; Trident/7.0; rv:11.0) like Gecko" "-"
62.2.217.0 - - [02/Aug/2018:06:02:41 +0200] "GET /Dragonrun/ HTTP/1.1" 200 11391 www.fc-schnaittach.de "http://www.laufkalender24.de/" "Mozilla/5.0 (Windows NT 6.1; WOW64; Trident/7.0; rv:11.0) like Gecko" "-"
217.160.63.0 - - [02/Aug/2018:06:04:42 +0200] "POST /wp-cron.php?doing_wp_cron=1533182682.8517351150512695312500 HTTP/1.1" 301 297 www.fc-schnaittach.de "http://www.fc-schnaittach.de/wp-cron.php?doing_wp_cron=1533182682.8517351150512695312500" "WordPress/4.9.7; https://www.fc-schnaittach.de" "-"
54.36.149.0 - - [02/Aug/2018:06:04:42 +0200] "GET /f3-jugend/ HTTP/1.1" 200 7264 www.fc-schnaittach.de "-" "Mozilla/5.0 (compatible; AhrefsBot/5.2; +http://ahrefs.com/robot/)" "-"
207.46.13.0 - - [02/Aug/2018:06:08:05 +0200] "GET /wp-content/uploads/2016/12/Ascot.png HTTP/1.1" 301 274 www.fc-schnaittach.de "-" "Mozilla/5.0 (compatible; bingbot/2.0; +http://www.bing.com/bingbot.htm)" "-"
207.46.13.0 - - [02/Aug/2018:06:08:07 +0200] "GET /wp-content/uploads/2016/12/Ascot.png HTTP/1.1" 200 38266 www.fc-schnaittach.de "-" "Mozilla/5.0 (compatible; bingbot/2.0; +http://www.bing.com/bingbot.htm)" "-"
66.249.66.0 - - [02/Aug/2018:06:09:33 +0200] "GET /sitemap_index.xml HTTP/1.1" 200 525 www.fc-schnaittach.de "-" "Mozilla/5.0 (compatible; Googlebot/2.1; +http://www.google.com/bot.html)" "-"
217.160.63.0 - - [02/Aug/2018:06:09:34 +0200] "POST /wp-cron.php?doing_wp_cron=1533182974.0021328926086425781250 HTTP/1.1" 200 23 www.fc-schnaittach.de "https://www.fc-schnaittach.de/wp-cron.php?doing_wp_cron=1533182974.0021328926086425781250" "WordPress/4.9.7; https://www.fc-schnaittach.de" "-"
207.46.13.0 - - [02/Aug/2018:06:09:58 +0200] "GET /wp-content/uploads/2015/11/Budo-Logo_20.06.2014_7x7cm.jpg HTTP/1.1" 200 23065 www.fc-schnaittach.de "-" "Mozilla/5.0 (compatible; bingbot/2.0; +http://www.bing.com/bingbot.htm)" "-"
217.160.63.0 - - [02/Aug/2018:06:28:35 +0200] "POST /wp-cron.php?doing_wp_cron=1533184115.7872920036315917968750 HTTP/1.1" 301 297 www.fc-schnaittach.de "http://www.fc-schnaittach.de/wp-cron.php?doing_wp_cron=1533184115.7872920036315917968750" "WordPress/4.9.7; https://www.fc-schnaittach.de" "-"
54.36.148.0 - - [02/Aug/2018:06:28:35 +0200] "GET /category/news/karate/ HTTP/1.1" 200 6432 www.fc-schnaittach.de "-" "Mozilla/5.0 (compatible; AhrefsBot/5.2; +http://ahrefs.com/robot/)" "-"
52.175.195.0 - - [02/Aug/2018:06:32:36 +0200] "HEAD / HTTP/1.1" 301 - www.fc-schnaittach.de "-" "HTTPing v2.4" "-"
2a03:2880:3000:: - - [02/Aug/2018:06:34:44 +0200] "GET /wp-content/uploads/2018/03/DIN_A6_Flyer_22.02.2018_1.png HTTP/1.1" 200 205587 www.fc-schnaittach.de "-" "facebookexternalhit/1.1 (+http://www.facebook.com/externalhit_uatext.php)" "-"
217.160.63.0 - - [02/Aug/2018:06:45:06 +0200] "POST /wp-cron.php?doing_wp_cron=1533185106.7880880832672119140625 HTTP/1.1" 200 23 www.fc-schnaittach.de "https://www.fc-schnaittach.de/wp-cron.php?doing_wp_cron=1533185106.7880880832672119140625" "WordPress/4.9.7; https://www.fc-schnaittach.de" "-"
54.36.148.0 - - [02/Aug/2018:06:45:06 +0200] "GET /karate/feed/ HTTP/1.1" 200 537 www.fc-schnaittach.de "-" "Mozilla/5.0 (compatible; AhrefsBot/5.2; +http://ahrefs.com/robot/)" "-"
66.249.66.0 - - [02/Aug/2018:06:47:38 +0200] "GET /einladung-zur-mitgliederversammlung-2018/ HTTP/1.1" 200 6461 www.fc-schnaittach.de "-" "Mozilla/5.0 (compatible; Googlebot/2.1; +http://www.google.com/bot.html)" "-"
207.46.13.0 - - [02/Aug/2018:06:48:02 +0200] "GET /wp-content/uploads/2016/12/Ascot.png HTTP/1.1" 301 274 www.fc-schnaittach.de "-" "Mozilla/5.0 (compatible; bingbot/2.0; +http://www.bing.com/bingbot.htm)" "-"
207.46.13.0 - - [02/Aug/2018:06:48:03 +0200] "GET /wp-content/uploads/2016/12/Ascot.png HTTP/1.1" 200 38266 www.fc-schnaittach.de "-" "Mozilla/5.0 (compatible; bingbot/2.0; +http://www.bing.com/bingbot.htm)" "-"
207.46.13.0 - - [02/Aug/2018:06:50:05 +0200] "GET /wp-content/uploads/2015/11/Budo-Logo_20.06.2014_7x7cm.jpg HTTP/1.1" 200 23065 www.fc-schnaittach.de "-" "Mozilla/5.0 (compatible; bingbot/2.0; +http://www.bing.com/bingbot.htm)" "-"
13.66.207.0 - - [02/Aug/2018:06:53:14 +0200] "GET /robots.txt HTTP/1.1" 301 248 www.fc-schnaittach.de "-" "Mozilla/5.0 (compatible; bingbot/2.0; +http://www.bing.com/bingbot.htm)" "-"
13.66.207.0 - - [02/Aug/2018:06:53:14 +0200] "GET /robots.txt HTTP/1.1" 200 35 www.fc-schnaittach.de "-" "Mozilla/5.0 (compatible; bingbot/2.0; +http://www.bing.com/bingbot.htm)" "-"
13.66.185.0 - - [02/Aug/2018:06:53:19 +0200] "GET /category/news/100-jahre/ HTTP/1.1" 200 6681 www.fc-schnaittach.de "-" "Mozilla/5.0 (compatible; bingbot/2.0; +http://www.bing.com/bingbot.htm)" "-"
66.249.66.0 - - [02/Aug/2018:06:54:30 +0200] "GET /bericht-BOL-05-19.htm HTTP/1.1" 404 5769 www.fc-schnaittach.de "-" "Mozilla/5.0 (compatible; Googlebot/2.1; +http://www.google.com/bot.html)" "-"
66.249.66.0 - - [02/Aug/2018:06:55:53 +0200] "GET /wp-includes/js/wp-emoji-release.min.js?ver=4.7.5 HTTP/1.1" 301 286 www.fc-schnaittach.de "http://www.fc-schnaittach.de/budo-termine-fuer-2015/" "Mozilla/5.0 (Linux; Android 6.0.1; Nexus 5X Build/MMB29P) AppleWebKit/537.36 (KHTML, like Gecko) Chrome/41.0.2272.96 Mobile Safari/537.36 (compatible; Googlebot/2.1; +http://www.google.com/bot.html)" "-"
66.249.66.0 - - [02/Aug/2018:06:55:53 +0200] "GET /wp-content/plugins/contact-form-7/includes/js/scripts.js?ver=4.7 HTTP/1.1" 301 302 www.fc-schnaittach.de "http://www.fc-schnaittach.de/budo-termine-fuer-2015/" "Mozilla/5.0 (Linux; Android 6.0.1; Nexus 5X Build/MMB29P) AppleWebKit/537.36 (KHTML, like Gecko) Chrome/41.0.2272.96 Mobile Safari/537.36 (compatible; Googlebot/2.1; +http://www.google.com/bot.html)" "-"
66.249.66.0 - - [02/Aug/2018:06:55:53 +0200] "GET /wp-content/plugins/contact-form-7/includes/js/jquery.form.min.js?ver=3.51.0-2014.06.20 HTTP/1.1" 404 5769 www.fc-schnaittach.de "http://www.fc-schnaittach.de/budo-termine-fuer-2015/" "Mozilla/5.0 (Linux; Android 6.0.1; Nexus 5X Build/MMB29P) AppleWebKit/537.36 (KHTML, like Gecko) Chrome/41.0.2272.96 Mobile Safari/537.36 (compatible; Googlebot/2.1; +http://www.google.com/bot.html)" "-"
66.249.66.0 - - [02/Aug/2018:06:55:53 +0200] "GET /wp-content/plugins/recently-updated-posts-widget/css/style.css?ver=4.7.5 HTTP/1.1" 200 45 www.fc-schnaittach.de "http://www.fc-schnaittach.de/budo-termine-fuer-2015/" "Mozilla/5.0 (Linux; Android 6.0.1; Nexus 5X Build/MMB29P) AppleWebKit/537.36 (KHTML, like Gecko) Chrome/41.0.2272.96 Mobile Safari/537.36 (compatible; Googlebot/2.1; +http://www.google.com/bot.html)" "-"
66.249.66.0 - - [02/Aug/2018:06:55:54 +0200] "GET /wp-content/plugins/contact-form-7/includes/js/scripts.js?ver=4.7 HTTP/1.1" 200 14585 www.fc-schnaittach.de "http://www.fc-schnaittach.de/budo-termine-fuer-2015/" "Mozilla/5.0 (Linux; Android 6.0.1; Nexus 5X Build/MMB29P) AppleWebKit/537.36 (KHTML, like Gecko) Chrome/41.0.2272.96 Mobile Safari/537.36 (compatible; Googlebot/2.1; +http://www.google.com/bot.html)" "-"
52.175.195.0 - - [02/Aug/2018:07:00:08 +0200] "HEAD / HTTP/1.1" 301 - www.fc-schnaittach.de "-" "HTTPing v2.4" "-"
85.25.210.0 - - [02/Aug/2018:07:03:51 +0200] "GET /robots.txt HTTP/1.1" 301 248 www.fc-schnaittach.de "-" "Mozilla/5.0 (compatible; adscanner/)" "-"
85.25.210.0 - - [02/Aug/2018:07:03:53 +0200] "GET /robots.txt HTTP/1.1" 200 35 www.fc-schnaittach.de "-" "Mozilla/5.0 (compatible; adscanner/)" "-"
85.25.210.0 - - [02/Aug/2018:07:03:53 +0200] "GET /wp-content/uploads/2018/06/15.jpg HTTP/1.1" 301 271 www.fc-schnaittach.de "-" "Mozilla/5.0 (compatible; adscanner/)" "-"
85.25.210.0 - - [02/Aug/2018:07:03:57 +0200] "GET /wp-content/uploads/2018/06/15.jpg HTTP/1.1" 200 273093 www.fc-schnaittach.de "-" "Mozilla/5.0 (compatible; adscanner/)" "-"
157.55.39.0 - - [02/Aug/2018:07:07:49 +0200] "GET /wp-content/uploads/2014/10/Stefan_Schmid.jpg HTTP/1.1" 301 282 www.fc-schnaittach.de "-" "Mozilla/5.0 (compatible; bingbot/2.0; +http://www.bing.com/bingbot.htm)" "-"
157.55.39.0 - - [02/Aug/2018:07:07:50 +0200] "GET /wp-content/uploads/2014/10/Stefan_Schmid.jpg HTTP/1.1" 200 1182201 www.fc-schnaittach.de "-" "Mozilla/5.0 (compatible; bingbot/2.0; +http://www.bing.com/bingbot.htm)" "-"
217.7.79.0 - - [02/Aug/2018:07:15:12 +0200] "GET /wp-content/uploads/2018/05/Small_Wall_1-1024x1024.jpg HTTP/1.1" 200 208539 www.fc-schnaittach.de "-" "Mozilla/5.0 (Windows NT 6.1; rv:61.0) Gecko/20100101 Firefox/61.0" "-"
62.138.0.0 - - [02/Aug/2018:07:18:07 +0200] "GET /robots.txt HTTP/1.1" 301 248 www.fc-schnaittach.de "-" "Mozilla/5.0 (compatible; adscanner/)" "-"
62.138.0.0 - - [02/Aug/2018:07:18:08 +0200] "GET /robots.txt HTTP/1.1" 200 35 www.fc-schnaittach.de "-" "Mozilla/5.0 (compatible; adscanner/)" "-"
62.138.0.0 - - [02/Aug/2018:07:18:09 +0200] "GET /wp-content/uploads/2018/06/8.jpg HTTP/1.1" 301 270 www.fc-schnaittach.de "-" "Mozilla/5.0 (compatible; adscanner/)" "-"
62.138.0.0 - - [02/Aug/2018:07:18:10 +0200] "GET /wp-content/uploads/2018/06/8.jpg HTTP/1.1" 200 205412 www.fc-schnaittach.de "-" "Mozilla/5.0 (compatible; adscanner/)" "-"
207.46.13.0 - - [02/Aug/2018:07:18:19 +0200] "GET /wp-content/uploads/2014/10/DSC03528-e1430394640707.jpg HTTP/1.1" 301 292 www.fc-schnaittach.de "-" "Mozilla/5.0 (compatible; bingbot/2.0; +http://www.bing.com/bingbot.htm)" "-"
207.46.13.0 - - [02/Aug/2018:07:18:20 +0200] "GET /wp-content/uploads/2014/10/DSC03528-e1430394640707.jpg HTTP/1.1" 200 118741 www.fc-schnaittach.de "-" "Mozilla/5.0 (compatible; bingbot/2.0; +http://www.bing.com/bingbot.htm)" "-"
197.234.221.0 - - [02/Aug/2018:07:21:37 +0200] "GET /wp-content/themes/fcs/images/production/FcsWappen.ico?ver=1420564287 HTTP/1.1" 200 4606 www.fc-schnaittach.de "-" "Mozilla/5.0 (Windows NT 6.1; Win64; x64; rv:61.0) Gecko/20100101 Firefox/61.0" "-"
66.249.66.0 - - [02/Aug/2018:07:22:11 +0200] "GET /fussball/frauen/mannschaft/ HTTP/1.1" 404 5769 www.fc-schnaittach.de "-" "Mozilla/5.0 (compatible; Googlebot/2.1; +http://www.google.com/bot.html)" "-"
54.36.148.0 - - [02/Aug/2018:07:26:07 +0200] "GET /tag/budo/feed/ HTTP/1.1" 200 1849 www.fc-schnaittach.de "-" "Mozilla/5.0 (compatible; AhrefsBot/5.2; +http://ahrefs.com/robot/)" "-"
217.160.63.0 - - [02/Aug/2018:07:26:07 +0200] "POST /wp-cron.php?doing_wp_cron=1533187567.7840130329132080078125 HTTP/1.1" 200 23 www.fc-schnaittach.de "https://www.fc-schnaittach.de/wp-cron.php?doing_wp_cron=1533187567.7840130329132080078125" "WordPress/4.9.7; https://www.fc-schnaittach.de" "-"
207.46.13.0 - - [02/Aug/2018:07:26:10 +0200] "GET /wp-content/uploads/2015/03/Corinna-Preb%C3%B6ck.jpg HTTP/1.1" 301 289 www.fc-schnaittach.de "-" "Mozilla/5.0 (compatible; bingbot/2.0; +http://www.bing.com/bingbot.htm)" "-"
207.46.13.0 - - [02/Aug/2018:07:26:11 +0200] "GET /wp-content/uploads/2015/03/Corinna-Preb%c3%b6ck.jpg HTTP/1.1" 200 636311 www.fc-schnaittach.de "-" "Mozilla/5.0 (compatible; bingbot/2.0; +http://www.bing.com/bingbot.htm)" "-"
54.36.149.0 - - [02/Aug/2018:07:33:49 +0200] "GET /tischtennis/herren-1/feed/ HTTP/1.1" 200 547 www.fc-schnaittach.de "-" "Mozilla/5.0 (compatible; AhrefsBot/5.2; +http://ahrefs.com/robot/)" "-"
69.16.236.0 - - [02/Aug/2018:07:37:55 +0200] "GET /wp-content/plugins/akismet/class.akismet-widget.php HTTP/1.1" 200 3 fc-schnaittach.de "http://site.ru" "Mozilla/5.0 (Windows; U; Windows NT 5.1; en-US) AppleWebKit/533.4 (KHTML, like Gecko) Chrome/5.0.375.99 Safari/533.4" "-"
69.16.236.0 - - [02/Aug/2018:07:38:04 +0200] "GET /wp-content/plugins/akismet/class.akismet-widget.php HTTP/1.1" 200 3 fc-schnaittach.de "http://site.ru" "Mozilla/5.0 (Windows; U; Windows NT 5.1; en-US) AppleWebKit/533.4 (KHTML, like Gecko) Chrome/5.0.375.99 Safari/533.4" "-"
54.36.148.0 - - [02/Aug/2018:07:40:39 +0200] "GET /wp-content/uploads/2015/03/SAM_0354.jpg HTTP/1.1" 200 116354 www.fc-schnaittach.de "-" "Mozilla/5.0 (compatible; AhrefsBot/5.2; +http://ahrefs.com/robot/)" "-"
178.189.36.0 - - [02/Aug/2018:07:41:40 +0200] "GET /wp-content/uploads/2015/04/2-Mannschaft-1960-1.jpg HTTP/1.1" 301 288 www.fc-schnaittach.de "https://www.google.at/" "Mozilla/5.0 (Linux; Android 8.1.0; CLT-L29 Build/HUAWEICLT-L29) AppleWebKit/537.36 (KHTML, like Gecko) Chrome/67.0.3396.87 Mobile Safari/537.36" "-"
178.189.36.0 - - [02/Aug/2018:07:41:40 +0200] "GET /wp-content/uploads/2015/04/2-Mannschaft-1960-1.jpg HTTP/1.1" 200 44696 www.fc-schnaittach.de "https://www.google.at/" "Mozilla/5.0 (Linux; Android 8.1.0; CLT-L29 Build/HUAWEICLT-L29) AppleWebKit/537.36 (KHTML, like Gecko) Chrome/67.0.3396.87 Mobile Safari/537.36" "-"
77.220.215.0 - - [02/Aug/2018:07:43:45 +0200] "HEAD / HTTP/1.1" 301 - www.fc-schnaittach.de "https://konica.kz/printers/konica-cv" "Mozilla/8.0 (compatible; MSIE7.00; Windows 2009)" "-"
185.203.240.0 - - [02/Aug/2018:07:43:45 +0200] "HEAD / HTTP/1.1" 301 - www.fc-schnaittach.de "https://tonerbox.kz/g3632105-aksessuary-dlya-fotovideo" "Mozilla/6.0 (compatible; MSIE4.00; Windows 2008)" "-"
185.209.20.0 - - [02/Aug/2018:07:43:46 +0200] "HEAD / HTTP/1.1" 301 - www.fc-schnaittach.de "https://www.my-floor.in.ua/product/laminat-yuni-titan-metalik" "Mozilla/3.0 (compatible; MSIE3.00; Windows 2007)" "-"
77.220.213.0 - - [02/Aug/2018:07:43:46 +0200] "HEAD / HTTP/1.1" 301 - www.fc-schnaittach.de "https://avto-oligarh.ru" "Mozilla/6.0 (compatible; MSIE3.00; Windows 2003)" "-"
178.159.39.0 - - [02/Aug/2018:07:43:46 +0200] "HEAD / HTTP/1.1" 301 - www.fc-schnaittach.de "http://angel777.kz" "Mozilla/2.0 (compatible; MSIE4.00; Windows 2002)" "-"
212.86.109.0 - - [02/Aug/2018:07:43:46 +0200] "HEAD / HTTP/1.1" 301 - www.fc-schnaittach.de "https://kovrenok.ru/catalog/vitebskie-kovry-belarus/" "Mozilla/3.0 (compatible; MSIE2.00; Windows 2007)" "-"
77.220.214.0 - - [02/Aug/2018:07:43:46 +0200] "HEAD / HTTP/1.1" 301 - www.fc-schnaittach.de "https://vk.com/chelrestoran" "Mozilla/7.0 (compatible; MSIE6.00; Windows 2003)" "-"
207.46.13.0 - - [02/Aug/2018:07:49:44 +0200] "GET /tischtennis/damen/attachment/13731508269647197/ HTTP/1.1" 200 195 www.fc-schnaittach.de "-" "Mozilla/5.0 (compatible; bingbot/2.0; +http://www.bing.com/bingbot.htm)" "-"
13.82.188.0 - - [02/Aug/2018:07:54:02 +0200] "HEAD / HTTP/1.1" 301 - www.fc-schnaittach.de "-" "HTTPing v2.4" "-"
54.36.148.0 - - [02/Aug/2018:07:54:10 +0200] "GET /fussball/1-mannschaft/feed/ HTTP/1.1" 200 546 www.fc-schnaittach.de "-" "Mozilla/5.0 (compatible; AhrefsBot/5.2; +http://ahrefs.com/robot/)" "-"
2003:c2:c700:: - - [02/Aug/2018:08:00:49 +0200] "GET /dragonrun/ HTTP/1.1" 200 11384 www.fc-schnaittach.de "https://www.google.de/" "Mozilla/5.0 (Linux; Android 7.0; HUAWEI VNS-L31 Build/HUAWEIVNS-L31) AppleWebKit/537.36 (KHTML, like Gecko) Chrome/67.0.3396.87 Mobile Safari/537.36" "-"
2003:c2:c700:: - - [02/Aug/2018:08:00:49 +0200] "GET /wp-content/plugins/contact-form-7/includes/css/styles.css?ver=5.0.2 HTTP/1.1" 200 1683 www.fc-schnaittach.de "https://www.fc-schnaittach.de/dragonrun/" "Mozilla/5.0 (Linux; Android 7.0; HUAWEI VNS-L31 Build/HUAWEIVNS-L31) AppleWebKit/537.36 (KHTML, like Gecko) Chrome/67.0.3396.87 Mobile Safari/537.36" "-"
2003:c2:c700:: - - [02/Aug/2018:08:00:49 +0200] "GET /wp-content/plugins/feedzy-rss-feeds/css/feedzy-rss-feeds.css?ver=3.2.10 HTTP/1.1" 200 9822 www.fc-schnaittach.de "https://www.fc-schnaittach.de/dragonrun/" "Mozilla/5.0 (Linux; Android 7.0; HUAWEI VNS-L31 Build/HUAWEIVNS-L31) AppleWebKit/537.36 (KHTML, like Gecko) Chrome/67.0.3396.87 Mobile Safari/537.36" "-"
2003:c2:c700:: - - [02/Aug/2018:08:00:49 +0200] "GET /wp-includes/js/jquery/jquery.js?ver=1.12.4 HTTP/1.1" 200 97184 www.fc-schnaittach.de "https://www.fc-schnaittach.de/dragonrun/" "Mozilla/5.0 (Linux; Android 7.0; HUAWEI VNS-L31 Build/HUAWEIVNS-L31) AppleWebKit/537.36 (KHTML, like Gecko) Chrome/67.0.3396.87 Mobile Safari/537.36" "-"
2003:c2:c700:: - - [02/Aug/2018:08:00:49 +0200] "GET /wp-content/themes/fcs/css/jquery.smartmenus.bootstrap.css?ver=1418749976 HTTP/1.1" 200 3128 www.fc-schnaittach.de "https://www.fc-schnaittach.de/dragonrun/" "Mozilla/5.0 (Linux; Android 7.0; HUAWEI VNS-L31 Build/HUAWEIVNS-L31) AppleWebKit/537.36 (KHTML, like Gecko) Chrome/67.0.3396.87 Mobile Safari/537.36" "-"
2003:c2:c700:: - - [02/Aug/2018:08:00:49 +0200] "GET /wp-content/plugins/recently-updated-posts-widget/css/style.css?ver=4.9.7 HTTP/1.1" 200 45 www.fc-schnaittach.de "https://www.fc-schnaittach.de/dragonrun/" "Mozilla/5.0 (Linux; Android 7.0; HUAWEI VNS-L31 Build/HUAWEIVNS-L31) AppleWebKit/537.36 (KHTML, like Gecko) Chrome/67.0.3396.87 Mobile Safari/537.36" "-"
2003:c2:c700:: - - [02/Aug/2018:08:00:50 +0200] "GET /wp-content/themes/fcs/images/production/FcsWappen.png?ver=1487205002 HTTP/1.1" 200 12482 www.fc-schnaittach.de "https://www.fc-schnaittach.de/dragonrun/" "Mozilla/5.0 (Linux; Android 7.0; HUAWEI VNS-L31 Build/HUAWEIVNS-L31) AppleWebKit/537.36 (KHTML, like Gecko) Chrome/67.0.3396.87 Mobile Safari/537.36" "-"
2003:c2:c700:: - - [02/Aug/2018:08:00:50 +0200] "GET /wp-content/plugins/user-access-manager/assets/css/uamLoginForm.css?ver=2.1.11 HTTP/1.1" 200 468 www.fc-schnaittach.de "https://www.fc-schnaittach.de/dragonrun/" "Mozilla/5.0 (Linux; Android 7.0; HUAWEI VNS-L31 Build/HUAWEIVNS-L31) AppleWebKit/537.36 (KHTML, like Gecko) Chrome/67.0.3396.87 Mobile Safari/537.36" "-"
2003:c2:c700:: - - [02/Aug/2018:08:00:50 +0200] "GET /wp-includes/js/jquery/jquery-migrate.min.js?ver=1.4.1 HTTP/1.1" 200 10056 www.fc-schnaittach.de "https://www.fc-schnaittach.de/dragonrun/" "Mozilla/5.0 (Linux; Android 7.0; HUAWEI VNS-L31 Build/HUAWEIVNS-L31) AppleWebKit/537.36 (KHTML, like Gecko) Chrome/67.0.3396.87 Mobile Safari/537.36" "-"
2003:c2:c700:: - - [02/Aug/2018:08:00:50 +0200] "GET /wp-content/themes/fcs/style.css?ver=1460744932 HTTP/1.1" 200 22587 www.fc-schnaittach.de "https://www.fc-schnaittach.de/dragonrun/" "Mozilla/5.0 (Linux; Android 7.0; HUAWEI VNS-L31 Build/HUAWEIVNS-L31) AppleWebKit/537.36 (KHTML, like Gecko) Chrome/67.0.3396.87 Mobile Safari/537.36" "-"
2003:c2:c700:: - - [02/Aug/2018:08:00:50 +0200] "GET /wp-content/themes/fcs/js/fcs.js?ver=1442772175 HTTP/1.1" 200 5542 www.fc-schnaittach.de "https://www.fc-schnaittach.de/dragonrun/" "Mozilla/5.0 (Linux; Android 7.0; HUAWEI VNS-L31 Build/HUAWEIVNS-L31) AppleWebKit/537.36 (KHTML, like Gecko) Chrome/67.0.3396.87 Mobile Safari/537.36" "-"
2003:c2:c700:: - - [02/Aug/2018:08:00:50 +0200] "GET /wp-content/uploads/2018/07/30-1024x678.jpg HTTP/1.1" 200 132428 www.fc-schnaittach.de "https://www.fc-schnaittach.de/dragonrun/" "Mozilla/5.0 (Linux; Android 7.0; HUAWEI VNS-L31 Build/HUAWEIVNS-L31) AppleWebKit/537.36 (KHTML, like Gecko) Chrome/67.0.3396.87 Mobile Safari/537.36" "-"
2003:c2:c700:: - - [02/Aug/2018:08:00:50 +0200] "GET /wp-content/uploads/2018/07/31-1024x678.jpg HTTP/1.1" 200 102913 www.fc-schnaittach.de "https://www.fc-schnaittach.de/dragonrun/" "Mozilla/5.0 (Linux; Android 7.0; HUAWEI VNS-L31 Build/HUAWEIVNS-L31) AppleWebKit/537.36 (KHTML, like Gecko) Chrome/67.0.3396.87 Mobile Safari/537.36" "-"
2003:c2:c700:: - - [02/Aug/2018:08:00:50 +0200] "GET /wp-content/themes/fcs/js/jquery.smartmenus.min.js?ver=1418750004 HTTP/1.1" 200 22672 www.fc-schnaittach.de "https://www.fc-schnaittach.de/dragonrun/" "Mozilla/5.0 (Linux; Android 7.0; HUAWEI VNS-L31 Build/HUAWEIVNS-L31) AppleWebKit/537.36 (KHTML, like Gecko) Chrome/67.0.3396.87 Mobile Safari/537.36" "-"
2003:c2:c700:: - - [02/Aug/2018:08:00:50 +0200] "GET /wp-content/themes/fcs/js/jquery.smartmenus.bootstrap.min.js?ver=1418750004 HTTP/1.1" 200 1252 www.fc-schnaittach.de "https://www.fc-schnaittach.de/dragonrun/" "Mozilla/5.0 (Linux; Android 7.0; HUAWEI VNS-L31 Build/HUAWEIVNS-L31) AppleWebKit/537.36 (KHTML, like Gecko) Chrome/67.0.3396.87 Mobile Safari/537.36" "-"
2003:c2:c700:: - - [02/Aug/2018:08:00:50 +0200] "GET /wp-content/plugins/contact-form-7/includes/js/scripts.js?ver=5.0.2 HTTP/1.1" 200 14585 www.fc-schnaittach.de "https://www.fc-schnaittach.de/dragonrun/" "Mozilla/5.0 (Linux; Android 7.0; HUAWEI VNS-L31 Build/HUAWEIVNS-L31) AppleWebKit/537.36 (KHTML, like Gecko) Chrome/67.0.3396.87 Mobile Safari/537.36" "-"
2003:c2:c700:: - - [02/Aug/2018:08:00:50 +0200] "GET /wp-includes/js/wp-embed.min.js?ver=4.9.7 HTTP/1.1" 200 1398 www.fc-schnaittach.de "https://www.fc-schnaittach.de/dragonrun/" "Mozilla/5.0 (Linux; Android 7.0; HUAWEI VNS-L31 Build/HUAWEIVNS-L31) AppleWebKit/537.36 (KHTML, like Gecko) Chrome/67.0.3396.87 Mobile Safari/537.36" "-"
2003:c2:c700:: - - [02/Aug/2018:08:00:50 +0200] "GET /wp-content/uploads/2018/06/Hindernisverteilung-2-1024x768.png HTTP/1.1" 200 573287 www.fc-schnaittach.de "https://www.fc-schnaittach.de/dragonrun/" "Mozilla/5.0 (Linux; Android 7.0; HUAWEI VNS-L31 Build/HUAWEIVNS-L31) AppleWebKit/537.36 (KHTML, like Gecko) Chrome/67.0.3396.87 Mobile Safari/537.36" "-"
2003:c2:c700:: - - [02/Aug/2018:08:00:50 +0200] "GET /wp-content/uploads/2018/07/33.jpg HTTP/1.1" 200 83501 www.fc-schnaittach.de "https://www.fc-schnaittach.de/dragonrun/" "Mozilla/5.0 (Linux; Android 7.0; HUAWEI VNS-L31 Build/HUAWEIVNS-L31) AppleWebKit/537.36 (KHTML, like Gecko) Chrome/67.0.3396.87 Mobile Safari/537.36" "-"
2003:c2:c700:: - - [02/Aug/2018:08:00:50 +0200] "GET /wp-content/uploads/2018/07/34.jpg HTTP/1.1" 200 73090 www.fc-schnaittach.de "https://www.fc-schnaittach.de/dragonrun/" "Mozilla/5.0 (Linux; Android 7.0; HUAWEI VNS-L31 Build/HUAWEIVNS-L31) AppleWebKit/537.36 (KHTML, like Gecko) Chrome/67.0.3396.87 Mobile Safari/537.36" "-"
2003:c2:c700:: - - [02/Aug/2018:08:00:51 +0200] "GET /wp-content/uploads/2018/07/36-1024x383.jpg HTTP/1.1" 200 61172 www.fc-schnaittach.de "https://www.fc-schnaittach.de/dragonrun/" "Mozilla/5.0 (Linux; Android 7.0; HUAWEI VNS-L31 Build/HUAWEIVNS-L31) AppleWebKit/537.36 (KHTML, like Gecko) Chrome/67.0.3396.87 Mobile Safari/537.36" "-"
2003:c2:c700:: - - [02/Aug/2018:08:00:51 +0200] "GET /wp-content/uploads/2018/04/A3-Poster-768x1086.jpeg HTTP/1.1" 200 163618 www.fc-schnaittach.de "https://www.fc-schnaittach.de/dragonrun/" "Mozilla/5.0 (Linux; Android 7.0; HUAWEI VNS-L31 Build/HUAWEIVNS-L31) AppleWebKit/537.36 (KHTML, like Gecko) Chrome/67.0.3396.87 Mobile Safari/537.36" "-"
2003:c2:c700:: - - [02/Aug/2018:08:00:51 +0200] "GET /wp-content/uploads/2018/03/Gel%C3%A4ndekarte_8-1024x594.png HTTP/1.1" 200 378336 www.fc-schnaittach.de "https://www.fc-schnaittach.de/dragonrun/" "Mozilla/5.0 (Linux; Android 7.0; HUAWEI VNS-L31 Build/HUAWEIVNS-L31) AppleWebKit/537.36 (KHTML, like Gecko) Chrome/67.0.3396.87 Mobile Safari/537.36" "-"
2003:c2:c700:: - - [02/Aug/2018:08:00:51 +0200] "GET /wp-content/uploads/2018/05/Dragonzone_1.png HTTP/1.1" 200 329526 www.fc-schnaittach.de "https://www.fc-schnaittach.de/dragonrun/" "Mozilla/5.0 (Linux; Android 7.0; HUAWEI VNS-L31 Build/HUAWEIVNS-L31) AppleWebKit/537.36 (KHTML, like Gecko) Chrome/67.0.3396.87 Mobile Safari/537.36" "-"
