80.209.208.0 - - [07/Aug/2018:08:31:20 +0200] "GET /wp-content/uploads/2018/03/Gel%C3%A4ndekarte_8-1024x594.png HTTP/1.1" 200 378336 www.fc-schnaittach.de "https://www.fc-schnaittach.de/dragonrun/" "Mozilla/5.0 (iPad; CPU OS 11_4 like Mac OS X) AppleWebKit/605.1.15 (KHTML, like Gecko) Version/11.0 Mobile/15E148 Safari/604.1" "-"
80.209.208.0 - - [07/Aug/2018:08:31:20 +0200] "GET /wp-content/uploads/2018/05/Small_Wall_1-768x768.jpg HTTP/1.1" 200 126002 www.fc-schnaittach.de "https://www.fc-schnaittach.de/dragonrun/" "Mozilla/5.0 (iPad; CPU OS 11_4 like Mac OS X) AppleWebKit/605.1.15 (KHTML, like Gecko) Version/11.0 Mobile/15E148 Safari/604.1" "-"
80.209.208.0 - - [07/Aug/2018:08:31:20 +0200] "GET /wp-content/uploads/2018/06/Hindernisverteilung-2.png HTTP/1.1" 200 772223 www.fc-schnaittach.de "https://www.fc-schnaittach.de/dragonrun/" "Mozilla/5.0 (iPad; CPU OS 11_4 like Mac OS X) AppleWebKit/605.1.15 (KHTML, like Gecko) Version/11.0 Mobile/15E148 Safari/604.1" "-"
80.209.208.0 - - [07/Aug/2018:08:31:20 +0200] "GET /wp-content/uploads/2018/07/25-768x768.jpg HTTP/1.1" 200 147793 www.fc-schnaittach.de "https://www.fc-schnaittach.de/dragonrun/" "Mozilla/5.0 (iPad; CPU OS 11_4 like Mac OS X) AppleWebKit/605.1.15 (KHTML, like Gecko) Version/11.0 Mobile/15E148 Safari/604.1" "-"
80.209.208.0 - - [07/Aug/2018:08:31:20 +0200] "GET /wp-content/uploads/2018/07/20-768x768.jpg HTTP/1.1" 200 212788 www.fc-schnaittach.de "https://www.fc-schnaittach.de/dragonrun/" "Mozilla/5.0 (iPad; CPU OS 11_4 like Mac OS X) AppleWebKit/605.1.15 (KHTML, like Gecko) Version/11.0 Mobile/15E148 Safari/604.1" "-"
80.209.208.0 - - [07/Aug/2018:08:31:20 +0200] "GET /wp-content/uploads/2018/07/27-768x768.jpg HTTP/1.1" 200 70597 www.fc-schnaittach.de "https://www.fc-schnaittach.de/dragonrun/" "Mozilla/5.0 (iPad; CPU OS 11_4 like Mac OS X) AppleWebKit/605.1.15 (KHTML, like Gecko) Version/11.0 Mobile/15E148 Safari/604.1" "-"
80.209.208.0 - - [07/Aug/2018:08:31:20 +0200] "GET /wp-content/uploads/2018/07/IMG_0003-501x1024.jpg HTTP/1.1" 200 150285 www.fc-schnaittach.de "https://www.fc-schnaittach.de/dragonrun/" "Mozilla/5.0 (iPad; CPU OS 11_4 like Mac OS X) AppleWebKit/605.1.15 (KHTML, like Gecko) Version/11.0 Mobile/15E148 Safari/604.1" "-"
80.209.208.0 - - [07/Aug/2018:08:31:20 +0200] "GET /wp-content/themes/fcs/js/fcs.js?ver=1442772175 HTTP/1.1" 200 5542 www.fc-schnaittach.de "https://www.fc-schnaittach.de/dragonrun/" "Mozilla/5.0 (iPad; CPU OS 11_4 like Mac OS X) AppleWebKit/605.1.15 (KHTML, like Gecko) Version/11.0 Mobile/15E148 Safari/604.1" "-"
80.209.208.0 - - [07/Aug/2018:08:31:20 +0200] "GET /wp-content/uploads/2018/05/Rock_your_hair_Chevy_1-768x768.png HTTP/1.1" 200 733340 www.fc-schnaittach.de "https://www.fc-schnaittach.de/dragonrun/" "Mozilla/5.0 (iPad; CPU OS 11_4 like Mac OS X) AppleWebKit/605.1.15 (KHTML, like Gecko) Version/11.0 Mobile/15E148 Safari/604.1" "-"
80.209.208.0 - - [07/Aug/2018:08:31:20 +0200] "GET /wp-content/uploads/2018/05/3-1-768x768.jpg HTTP/1.1" 200 144876 www.fc-schnaittach.de "https://www.fc-schnaittach.de/dragonrun/" "Mozilla/5.0 (iPad; CPU OS 11_4 like Mac OS X) AppleWebKit/605.1.15 (KHTML, like Gecko) Version/11.0 Mobile/15E148 Safari/604.1" "-"
80.209.208.0 - - [07/Aug/2018:08:31:20 +0200] "GET /wp-content/uploads/2018/07/19.jpg HTTP/1.1" 200 201270 www.fc-schnaittach.de "https://www.fc-schnaittach.de/dragonrun/" "Mozilla/5.0 (iPad; CPU OS 11_4 like Mac OS X) AppleWebKit/605.1.15 (KHTML, like Gecko) Version/11.0 Mobile/15E148 Safari/604.1" "-"
80.209.208.0 - - [07/Aug/2018:08:31:20 +0200] "GET /wp-content/uploads/2018/06/6.jpg HTTP/1.1" 200 79659 www.fc-schnaittach.de "https://www.fc-schnaittach.de/dragonrun/" "Mozilla/5.0 (iPad; CPU OS 11_4 like Mac OS X) AppleWebKit/605.1.15 (KHTML, like Gecko) Version/11.0 Mobile/15E148 Safari/604.1" "-"
80.209.208.0 - - [07/Aug/2018:08:31:20 +0200] "GET /wp-content/uploads/2018/06/10-768x768.jpg HTTP/1.1" 200 179182 www.fc-schnaittach.de "https://www.fc-schnaittach.de/dragonrun/" "Mozilla/5.0 (iPad; CPU OS 11_4 like Mac OS X) AppleWebKit/605.1.15 (KHTML, like Gecko) Version/11.0 Mobile/15E148 Safari/604.1" "-"
80.209.208.0 - - [07/Aug/2018:08:31:20 +0200] "GET /wp-content/uploads/2018/05/4-1-768x768.jpg HTTP/1.1" 200 129805 www.fc-schnaittach.de "https://www.fc-schnaittach.de/dragonrun/" "Mozilla/5.0 (iPad; CPU OS 11_4 like Mac OS X) AppleWebKit/605.1.15 (KHTML, like Gecko) Version/11.0 Mobile/15E148 Safari/604.1" "-"
217.160.63.0 - - [07/Aug/2018:08:36:26 +0200] "POST /wp-cron.php?doing_wp_cron=1533623786.7804980278015136718750 HTTP/1.1" 301 297 www.fc-schnaittach.de "http://www.fc-schnaittach.de/wp-cron.php?doing_wp_cron=1533623786.7804980278015136718750" "WordPress/4.9.8; https://www.fc-schnaittach.de" "-"
2003:c0:3f00:: - - [07/Aug/2018:08:36:26 +0200] "GET /Dragonrun HTTP/1.1" 301 23 fc-schnaittach.de "http://m.facebook.com" "Mozilla/5.0 (iPhone; CPU iPhone OS 11_4_1 like Mac OS X) AppleWebKit/605.1.15 (KHTML, like Gecko) Mobile/15G77 [FBAN/FBIOS;FBAV/183.0.0.41.81;FBBV/119182652;FBDV/iPhone10,4;FBMD/iPhone;FBSN/iOS;FBSV/11.4.1;FBSS/2;FBCR/o2-de;FBID/phone;FBLC/de_DE;FBOP/5;FBRV/119807530]" "-"
2a03:2880:: - - [07/Aug/2018:08:36:27 +0200] "GET /wp-content/uploads/2018/03/DIN_A6_Flyer_22.02.2018_1.png HTTP/1.1" 200 205587 www.fc-schnaittach.de "-" "facebookexternalhit/1.1 (+http://www.facebook.com/externalhit_uatext.php)" "-"
2003:c0:3f00:: - - [07/Aug/2018:08:36:27 +0200] "GET /Dragonrun/ HTTP/1.1" 200 11389 www.fc-schnaittach.de "http://m.facebook.com" "Mozilla/5.0 (iPhone; CPU iPhone OS 11_4_1 like Mac OS X) AppleWebKit/605.1.15 (KHTML, like Gecko) Mobile/15G77 [FBAN/FBIOS;FBAV/183.0.0.41.81;FBBV/119182652;FBDV/iPhone10,4;FBMD/iPhone;FBSN/iOS;FBSV/11.4.1;FBSS/2;FBCR/o2-de;FBID/phone;FBLC/de_DE;FBOP/5;FBRV/119807530]" "-"
207.46.13.0 - - [07/Aug/2018:08:42:45 +0200] "GET /dragonrun/ HTTP/1.1" 200 11383 www.fc-schnaittach.de "-" "Mozilla/5.0 (compatible; bingbot/2.0; +http://www.bing.com/bingbot.htm)" "-"
217.160.63.0 - - [07/Aug/2018:08:42:46 +0200] "POST /wp-cron.php?doing_wp_cron=1533624166.0142600536346435546875 HTTP/1.1" 200 23 www.fc-schnaittach.de "https://www.fc-schnaittach.de/wp-cron.php?doing_wp_cron=1533624166.0142600536346435546875" "WordPress/4.9.8; https://www.fc-schnaittach.de" "-"
5.248.253.0 - - [07/Aug/2018:08:51:06 +0200] "GET /fussball/damen/ HTTP/1.1" 200 34396 www.fc-schnaittach.de "https://zen.yandex.ru/vseocreditax" "Mozilla/4.0 (compatible; MSIE 6.0; Windows NT 5.1; SV1; .NET CLR 1.1.4322) NS8/0.9.6" "-"
5.248.253.0 - - [07/Aug/2018:08:51:06 +0200] "GET /fussball/damen/ HTTP/1.1" 200 34396 www.fc-schnaittach.de "https://zen.yandex.ru/vseocreditax" "Mozilla/4.0 (compatible; MSIE 6.0; Windows NT 5.1; SV1; .NET CLR 1.1.4322) NS8/0.9.6" "-"
5.248.253.0 - - [07/Aug/2018:08:51:07 +0200] "GET /fussball/damen/ HTTP/1.1" 200 34396 www.fc-schnaittach.de "https://zen.yandex.ru/vseocreditax" "Mozilla/4.0 (compatible; MSIE 6.0; Windows NT 5.1; SV1; .NET CLR 1.1.4322) NS8/0.9.6" "-"
5.248.253.0 - - [07/Aug/2018:08:52:22 +0200] "GET /fussball/damen/ HTTP/1.1" 200 34396 www.fc-schnaittach.de "https://zen.yandex.ru/vseocreditax" "Mozilla/4.0 (compatible; MSIE 6.0; Windows NT 5.0; KTXN)" "-"
5.248.253.0 - - [07/Aug/2018:08:52:22 +0200] "GET /fussball/damen/ HTTP/1.1" 200 34396 www.fc-schnaittach.de "https://zen.yandex.ru/vseocreditax" "Mozilla/4.0 (compatible; MSIE 6.0; Windows NT 5.0; KTXN)" "-"
5.248.253.0 - - [07/Aug/2018:08:52:23 +0200] "GET /fussball/damen/ HTTP/1.1" 200 34396 www.fc-schnaittach.de "https://zen.yandex.ru/vseocreditax" "Mozilla/4.0 (compatible; MSIE 6.0; Windows NT 5.0; KTXN)" "-"
5.248.253.0 - - [07/Aug/2018:08:53:36 +0200] "GET /fussball/damen/ HTTP/1.1" 200 34396 www.fc-schnaittach.de "https://rent2spb.ru/" "Mozilla/4.0 (compatible; MSIE 6.0; Windows XP)" "-"
5.248.253.0 - - [07/Aug/2018:08:53:37 +0200] "GET /fussball/damen/ HTTP/1.1" 200 34396 www.fc-schnaittach.de "https://rent2spb.ru/" "Mozilla/4.0 (compatible; MSIE 6.0; Windows XP)" "-"
5.248.253.0 - - [07/Aug/2018:08:53:37 +0200] "GET /fussball/damen/ HTTP/1.1" 200 34396 www.fc-schnaittach.de "https://rent2spb.ru/" "Mozilla/4.0 (compatible; MSIE 6.0; Windows XP)" "-"
78.46.156.0 - - [07/Aug/2018:08:57:45 +0200] "GET /hauptverein/sponsoren/ HTTP/1.1" 200 27401 www.fc-schnaittach.de "-" "Mozilla/5.0 (Windows NT 10.0; Win64; x64) AppleWebKit/537.36 (KHTML, like Gecko) Chrome/63.0.3239.132 Safari/537.36" "-"
78.46.90.0 - - [07/Aug/2018:08:57:50 +0200] "GET /vereinsbusprojekt/ HTTP/1.1" 200 26552 www.fc-schnaittach.de "-" "Mozilla/5.0 (Macintosh; Intel Mac OS X 10_13_2) AppleWebKit/537.36 (KHTML, like Gecko) Chrome/63.0.3239.132 Safari/537.36" "-"
148.251.50.0 - - [07/Aug/2018:08:57:52 +0200] "GET /hauptverein/sponsoren/ HTTP/1.1" 200 27365 www.fc-schnaittach.de "-" "Mozilla/5.0 (compatible; MSIE 10.0; Windows NT 6.1; Trident/6.0)" "-"
77.220.215.0 - - [07/Aug/2018:09:04:02 +0200] "HEAD / HTTP/1.1" 301 - www.fc-schnaittach.de "https://www.rodecs.com.ua/product-details/kludi-zenta-386708675" "Mozilla/5.0 (compatible; MSIE2.00; Windows 2007)" "-"
212.86.109.0 - - [07/Aug/2018:09:04:03 +0200] "HEAD / HTTP/1.1" 301 - www.fc-schnaittach.de "https://autorazborka.kiev.ua/Products/114/bamper-perednij-skoda-tour-rs" "Mozilla/2.0 (compatible; MSIE3.00; Windows 2008)" "-"
178.159.39.0 - - [07/Aug/2018:09:04:03 +0200] "HEAD / HTTP/1.1" 301 - www.fc-schnaittach.de "https://dekka-msk.ru/6-demisezonnye-palto" "Mozilla/4.0 (compatible; MSIE5.00; Windows 2007)" "-"
46.4.83.0 - - [07/Aug/2018:09:04:05 +0200] "GET /ehrenabend-beim-1-fc-schnaittach/ HTTP/1.1" 200 30163 www.fc-schnaittach.de "-" "Mozilla/5.0 (Windows NT 6.1; Win64; x64; rv:57.0) Gecko/20100101 Firefox/57.0" "-"
13.82.188.0 - - [07/Aug/2018:09:08:20 +0200] "HEAD / HTTP/1.1" 301 - www.fc-schnaittach.de "-" "HTTPing v2.4" "-"
77.75.79.0 - - [07/Aug/2018:09:10:43 +0200] "GET /robots.txt HTTP/1.1" 200 35 www.fc-schnaittach.de "-" "Mozilla/5.0 (compatible; SeznamBot/3.2; +http://napoveda.seznam.cz/en/seznambot-intro/)" "-"
2a02:598:: - - [07/Aug/2018:09:10:44 +0200] "GET /wp-content/uploads/2018/05/4-300x300.jpg HTTP/1.1" 200 25044 www.fc-schnaittach.de "-" "Mozilla/5.0 (compatible; SeznamBot/3.2; +http://napoveda.seznam.cz/en/seznambot-intro/)" "-"
2a02:598:: - - [07/Aug/2018:09:10:44 +0200] "GET /wp-content/uploads/2018/06/6-300x300.jpg HTTP/1.1" 200 27247 www.fc-schnaittach.de "-" "Mozilla/5.0 (compatible; SeznamBot/3.2; +http://napoveda.seznam.cz/en/seznambot-intro/)" "-"
40.77.167.0 - - [07/Aug/2018:09:11:58 +0200] "GET /sitemap-pt-page-2014-12.xml HTTP/1.1" 200 870 www.fc-schnaittach.de "-" "Mozilla/5.0 (compatible; bingbot/2.0; +http://www.bing.com/bingbot.htm)" "-"
216.244.66.0 - - [07/Aug/2018:09:13:45 +0200] "GET /robots.txt HTTP/1.1" 301 248 www.fc-schnaittach.de "-" "Mozilla/5.0 (compatible; DotBot/1.1; http://www.opensiteexplorer.org/dotbot, help@moz.com)" "-"
216.244.66.0 - - [07/Aug/2018:09:13:48 +0200] "GET /robots.txt HTTP/1.1" 200 35 www.fc-schnaittach.de "-" "Mozilla/5.0 (compatible; DotBot/1.1; http://www.opensiteexplorer.org/dotbot, help@moz.com)" "-"
95.163.255.0 - - [07/Aug/2018:09:15:30 +0200] "GET /robots.txt HTTP/1.1" 200 35 www.fc-schnaittach.de "-" "Mozilla/5.0 (compatible; Linux x86_64; Mail.RU_Bot/2.0; +http://go.mail.ru/help/robots)" "-"
95.163.255.0 - - [07/Aug/2018:09:15:32 +0200] "GET /dragonrun/ HTTP/1.1" 200 11383 www.fc-schnaittach.de "-" "Mozilla/5.0 (compatible; Linux x86_64; Mail.RU_Bot/2.0; +http://go.mail.ru/help/robots)" "-"
40.77.167.0 - - [07/Aug/2018:09:19:35 +0200] "GET /wp-content/uploads/2015/03/P1020762.jpg HTTP/1.1" 301 277 www.fc-schnaittach.de "-" "Mozilla/5.0 (compatible; bingbot/2.0; +http://www.bing.com/bingbot.htm)" "-"
40.77.167.0 - - [07/Aug/2018:09:19:37 +0200] "GET /wp-content/uploads/2015/03/P1020762.jpg HTTP/1.1" 200 40048 www.fc-schnaittach.de "-" "Mozilla/5.0 (compatible; bingbot/2.0; +http://www.bing.com/bingbot.htm)" "-"
13.82.188.0 - - [07/Aug/2018:09:32:03 +0200] "HEAD / HTTP/1.1" 301 - www.fc-schnaittach.de "-" "HTTPing v2.4" "-"
217.160.63.0 - - [07/Aug/2018:09:34:02 +0200] "POST /wp-cron.php?doing_wp_cron=1533627242.8665010929107666015625 HTTP/1.1" 200 23 www.fc-schnaittach.de "https://www.fc-schnaittach.de/wp-cron.php?doing_wp_cron=1533627242.8665010929107666015625" "WordPress/4.9.8; https://www.fc-schnaittach.de" "-"
40.77.167.0 - - [07/Aug/2018:09:34:02 +0200] "GET /contactperson-sitemap.xml HTTP/1.1" 200 530 www.fc-schnaittach.de "-" "Mozilla/5.0 (compatible; bingbot/2.0; +http://www.bing.com/bingbot.htm)" "-"
216.244.66.0 - - [07/Aug/2018:09:38:53 +0200] "GET /robots.txt HTTP/1.1" 301 248 www.fc-schnaittach.de "-" "Mozilla/5.0 (compatible; DotBot/1.1; http://www.opensiteexplorer.org/dotbot, help@moz.com)" "-"
216.244.66.0 - - [07/Aug/2018:09:38:55 +0200] "GET /robots.txt HTTP/1.1" 200 35 www.fc-schnaittach.de "-" "Mozilla/5.0 (compatible; DotBot/1.1; http://www.opensiteexplorer.org/dotbot, help@moz.com)" "-"
207.46.13.0 - - [07/Aug/2018:09:39:27 +0200] "GET /wp-content/uploads/2016/11/Stefanie-Roberts.jpg HTTP/1.1" 301 285 www.fc-schnaittach.de "-" "Mozilla/5.0 (compatible; bingbot/2.0; +http://www.bing.com/bingbot.htm)" "-"
207.46.13.0 - - [07/Aug/2018:09:39:28 +0200] "GET /wp-content/uploads/2016/11/Stefanie-Roberts.jpg HTTP/1.1" 200 966619 www.fc-schnaittach.de "-" "Mozilla/5.0 (compatible; bingbot/2.0; +http://www.bing.com/bingbot.htm)" "-"
40.77.189.0 - - [07/Aug/2018:09:43:51 +0200] "GET /wp-includes/js/wp-emoji-release.min.js?ver=4.9.8 HTTP/1.1" 200 12026 www.fc-schnaittach.de "-" "Mozilla/5.0 (Windows NT 6.1; WOW64) AppleWebKit/534+ (KHTML, like Gecko) BingPreview/1.0b" "-"
157.55.39.0 - - [07/Aug/2018:09:45:38 +0200] "GET /wp-content/uploads/2015/03/P1020683.jpg HTTP/1.1" 301 277 www.fc-schnaittach.de "-" "Mozilla/5.0 (compatible; bingbot/2.0; +http://www.bing.com/bingbot.htm)" "-"
157.55.39.0 - - [07/Aug/2018:09:45:39 +0200] "GET /wp-content/uploads/2015/03/P1020683.jpg HTTP/1.1" 200 25610 www.fc-schnaittach.de "-" "Mozilla/5.0 (compatible; bingbot/2.0; +http://www.bing.com/bingbot.htm)" "-"
157.55.39.0 - - [07/Aug/2018:09:47:38 +0200] "GET /tischtennis/damen/ HTTP/1.1" 200 6788 www.fc-schnaittach.de "-" "Mozilla/5.0 (compatible; bingbot/2.0; +http://www.bing.com/bingbot.htm)" "-"
40.77.167.0 - - [07/Aug/2018:09:48:06 +0200] "GET /wp-content/uploads/2015/03/P1020762.jpg HTTP/1.1" 301 277 www.fc-schnaittach.de "-" "Mozilla/5.0 (compatible; bingbot/2.0; +http://www.bing.com/bingbot.htm)" "-"
40.77.167.0 - - [07/Aug/2018:09:48:07 +0200] "GET /wp-content/uploads/2015/03/P1020762.jpg HTTP/1.1" 200 40048 www.fc-schnaittach.de "-" "Mozilla/5.0 (compatible; bingbot/2.0; +http://www.bing.com/bingbot.htm)" "-"
216.244.66.0 - - [07/Aug/2018:10:03:45 +0200] "GET /robots.txt HTTP/1.1" 301 248 www.fc-schnaittach.de "-" "Mozilla/5.0 (compatible; DotBot/1.1; http://www.opensiteexplorer.org/dotbot, help@moz.com)" "-"
216.244.66.0 - - [07/Aug/2018:10:03:48 +0200] "GET /robots.txt HTTP/1.1" 200 35 www.fc-schnaittach.de "-" "Mozilla/5.0 (compatible; DotBot/1.1; http://www.opensiteexplorer.org/dotbot, help@moz.com)" "-"
2a03:2880:2100:: - - [07/Aug/2018:10:03:51 +0200] "GET /wp-content/uploads/2018/03/DIN_A6_Flyer_22.02.2018_1.png HTTP/1.1" 200 205587 www.fc-schnaittach.de "-" "facebookexternalhit/1.1 (+http://www.facebook.com/externalhit_uatext.php)" "-"
77.75.76.0 - - [07/Aug/2018:10:04:18 +0200] "GET /robots.txt HTTP/1.1" 200 35 www.fc-schnaittach.de "-" "Mozilla/5.0 (compatible; SeznamBot/3.2; +http://napoveda.seznam.cz/en/seznambot-intro/)" "-"
2a02:598:: - - [07/Aug/2018:10:04:19 +0200] "GET /wp-content/themes/fcs/images/production/FcsWappen.png HTTP/1.1" 200 12482 www.fc-schnaittach.de "-" "Mozilla/5.0 (compatible; SeznamBot/3.2; +http://napoveda.seznam.cz/en/seznambot-intro/)" "-"
2a02:598:: - - [07/Aug/2018:10:04:19 +0200] "GET /wp-content/uploads/2018/05/7-300x225.jpg HTTP/1.1" 200 17133 www.fc-schnaittach.de "-" "Mozilla/5.0 (compatible; SeznamBot/3.2; +http://napoveda.seznam.cz/en/seznambot-intro/)" "-"
95.163.255.0 - - [07/Aug/2018:10:05:03 +0200] "GET /robots.txt HTTP/1.1" 200 35 www.fc-schnaittach.de "-" "Mozilla/5.0 (compatible; Linux x86_64; Mail.RU_Bot/2.0; +http://go.mail.ru/help/robots)" "-"
217.160.63.0 - - [07/Aug/2018:10:05:22 +0200] "POST /wp-cron.php?doing_wp_cron=1533629122.6227099895477294921875 HTTP/1.1" 200 23 www.fc-schnaittach.de "https://www.fc-schnaittach.de/wp-cron.php?doing_wp_cron=1533629122.6227099895477294921875" "WordPress/4.9.8; https://www.fc-schnaittach.de" "-"
95.163.255.0 - - [07/Aug/2018:10:05:22 +0200] "GET /schirmherr/ HTTP/1.1" 200 6235 www.fc-schnaittach.de "-" "Mozilla/5.0 (compatible; Linux x86_64; Mail.RU_Bot/2.0; +http://go.mail.ru/help/robots)" "-"
66.249.66.0 - - [07/Aug/2018:10:06:56 +0200] "GET /wp-content/uploads/2016/11/Michaela-Boos-225x300.jpg HTTP/1.1" 200 17016 www.fc-schnaittach.de "-" "Googlebot-Image/1.0" "-"
207.46.13.0 - - [07/Aug/2018:10:08:38 +0200] "GET /sitemap_index.xml HTTP/1.1" 200 502 www.fc-schnaittach.de "-" "Mozilla/5.0 (compatible; bingbot/2.0; +http://www.bing.com/bingbot.htm)" "-"
207.46.13.0 - - [07/Aug/2018:10:10:21 +0200] "GET /budo-weihnachtsfeier-2016/ HTTP/1.1" 200 8405 www.fc-schnaittach.de "-" "Mozilla/5.0 (compatible; bingbot/2.0; +http://www.bing.com/bingbot.htm)" "-"
13.57.233.0 - - [07/Aug/2018:10:12:30 +0200] "GET / HTTP/1.1" 200 7768 www.fc-schnaittach.de "-" "Mozilla/5.0 (Macintosh; Intel Mac OS X 10_12_6) AppleWebKit/537.36 (KHTML, like Gecko) Chrome/61.0.3163.100 Safari/537.36" "-"
66.249.66.0 - - [07/Aug/2018:10:16:36 +0200] "GET /hauptverein/sportheim/ HTTP/1.1" 200 6330 www.fc-schnaittach.de "-" "Mozilla/5.0 (compatible; Googlebot/2.1; +http://www.google.com/bot.html)" "-"
66.249.66.0 - - [07/Aug/2018:10:17:05 +0200] "GET /sitemap-pt-page-2015-01.xml HTTP/1.1" 200 591 www.fc-schnaittach.de "-" "Mozilla/5.0 (compatible; Googlebot/2.1; +http://www.google.com/bot.html)" "-"
13.82.188.0 - - [07/Aug/2018:10:21:31 +0200] "HEAD / HTTP/1.1" 301 - www.fc-schnaittach.de "-" "HTTPing v2.4" "-"
40.77.167.0 - - [07/Aug/2018:10:26:14 +0200] "GET /wp-content/uploads/2014/10/Tischtennis025.jpg HTTP/1.1" 301 283 www.fc-schnaittach.de "-" "Mozilla/5.0 (compatible; bingbot/2.0; +http://www.bing.com/bingbot.htm)" "-"
40.77.167.0 - - [07/Aug/2018:10:26:15 +0200] "GET /wp-content/uploads/2014/10/Tischtennis025.jpg HTTP/1.1" 200 113069 www.fc-schnaittach.de "-" "Mozilla/5.0 (compatible; bingbot/2.0; +http://www.bing.com/bingbot.htm)" "-"
217.160.63.0 - - [07/Aug/2018:10:28:41 +0200] "POST /wp-cron.php?doing_wp_cron=1533630521.6515560150146484375000 HTTP/1.1" 200 23 www.fc-schnaittach.de "https://www.fc-schnaittach.de/wp-cron.php?doing_wp_cron=1533630521.6515560150146484375000" "WordPress/4.9.8; https://www.fc-schnaittach.de" "-"
217.160.63.0 - - [07/Aug/2018:10:28:41 +0200] "POST /wp-cron.php?doing_wp_cron=1533630521.6515610218048095703125 HTTP/1.1" 200 23 www.fc-schnaittach.de "https://www.fc-schnaittach.de/wp-cron.php?doing_wp_cron=1533630521.6515610218048095703125" "WordPress/4.9.8; https://www.fc-schnaittach.de" "-"
192.158.28.0 - - [07/Aug/2018:10:28:41 +0200] "GET /fussball/1-mannschaft/feed/ HTTP/1.1" 200 546 www.fc-schnaittach.de "-" "-" "-"
192.158.28.0 - - [07/Aug/2018:10:28:41 +0200] "GET /fussball/2-mannschaft/feed/ HTTP/1.1" 200 545 www.fc-schnaittach.de "-" "-" "-"
192.158.28.0 - - [07/Aug/2018:10:28:41 +0200] "GET /category/news/feed/ HTTP/1.1" 200 10169 www.fc-schnaittach.de "-" "-" "-"
192.158.28.0 - - [07/Aug/2018:10:28:41 +0200] "GET /category/news/feed/ HTTP/1.1" 200 10169 www.fc-schnaittach.de "-" "-" "-"
192.158.28.0 - - [07/Aug/2018:10:28:41 +0200] "GET /category/news/fussball/feed/ HTTP/1.1" 200 10359 www.fc-schnaittach.de "-" "-" "-"
192.158.28.0 - - [07/Aug/2018:10:28:42 +0200] "GET /category/news/feed/ HTTP/1.1" 200 10169 www.fc-schnaittach.de "-" "-" "-"
192.158.28.0 - - [07/Aug/2018:10:28:42 +0200] "GET /category/news/fussball/feed/ HTTP/1.1" 200 10359 www.fc-schnaittach.de "-" "-" "-"
192.158.28.0 - - [07/Aug/2018:10:28:42 +0200] "GET /fussball/2-mannschaft/feed/ HTTP/1.1" 200 545 www.fc-schnaittach.de "-" "-" "-"
192.158.28.0 - - [07/Aug/2018:10:28:42 +0200] "GET /fussball/1-mannschaft/feed/ HTTP/1.1" 200 546 www.fc-schnaittach.de "-" "-" "-"
192.158.28.0 - - [07/Aug/2018:10:28:42 +0200] "GET /category/news/fussball/feed/ HTTP/1.1" 200 10359 www.fc-schnaittach.de "-" "-" "-"
192.158.28.0 - - [07/Aug/2018:10:28:42 +0200] "GET /fussball/2-mannschaft/feed/ HTTP/1.1" 200 545 www.fc-schnaittach.de "-" "-" "-"
192.158.28.0 - - [07/Aug/2018:10:28:43 +0200] "GET /fussball/1-mannschaft/feed/ HTTP/1.1" 200 546 www.fc-schnaittach.de "-" "-" "-"
194.67.207.0 - - [07/Aug/2018:10:37:30 +0200] "HEAD / HTTP/1.1" 301 - www.fc-schnaittach.de "https://www.bravica.pro/ru/" "Mozilla/3.0 (compatible; MSIE2.00; Windows 2008)" "-"
185.125.219.0 - - [07/Aug/2018:10:37:31 +0200] "HEAD / HTTP/1.1" 301 - www.fc-schnaittach.de "https://www.bravica.me/ru/" "Mozilla/5.0 (compatible; MSIE2.00; Windows 2006)" "-"
194.67.210.0 - - [07/Aug/2018:10:37:31 +0200] "HEAD / HTTP/1.1" 301 - www.fc-schnaittach.de "https://www.bravica.news/ru/" "Mozilla/4.0 (compatible; MSIE5.00; Windows 2005)" "-"
194.67.207.0 - - [07/Aug/2018:10:37:31 +0200] "HEAD / HTTP/1.1" 301 - www.fc-schnaittach.de "https://www.bravica.com/ru/" "Mozilla/3.0 (compatible; MSIE5.00; Windows 2003)" "-"
185.5.249.0 - - [07/Aug/2018:10:37:31 +0200] "HEAD / HTTP/1.1" 301 - www.fc-schnaittach.de "https://www.bravica.su/" "Mozilla/7.0 (compatible; MSIE5.00; Windows 2005)" "-"
52.1.109.0 - - [07/Aug/2018:10:38:53 +0200] "GET /wp-content/uploads/2018/03/DIN_A6_Flyer_22.02.2018_1.png HTTP/1.1" 200 205587 www.fc-schnaittach.de "-" "Embedly +support@embed.ly" "-"
207.46.13.0 - - [07/Aug/2018:10:42:10 +0200] "GET /sitemap-pt-contactperson-2018-03.xml HTTP/1.1" 200 497 www.fc-schnaittach.de "-" "Mozilla/5.0 (compatible; bingbot/2.0; +http://www.bing.com/bingbot.htm)" "-"
40.77.167.0 - - [07/Aug/2018:10:42:32 +0200] "GET /wp-content/uploads/2015/04/1.Mannschaft-1955.jpg HTTP/1.1" 200 47064 www.fc-schnaittach.de "-" "Mozilla/5.0 (compatible; bingbot/2.0; +http://www.bing.com/bingbot.htm)" "-"
128.199.34.0 - - [07/Aug/2018:10:44:12 +0200] "GET /fussball/1-mannschaft/nachrichten-aus-der-liga-kreisliga-erlangen-pegnitzgrund-2/ HTTP/1.1" 200 37274 www.fc-schnaittach.de "-" "Mozilla/5.0 (iPhone; CPU iPhone OS 8_3 like Mac OS X) AppleWebKit/600.1.4 (KHTML, like Gecko) Version/8.0 Mobile/12F70 Safari/600.1. 4 (compatible; HyScore/1.0; +https://hyscore.io/crawler/)" "-"
13.82.188.0 - - [07/Aug/2018:10:46:54 +0200] "HEAD / HTTP/1.1" 301 - www.fc-schnaittach.de "-" "HTTPing v2.4" "-"
13.82.188.0 - - [07/Aug/2018:10:47:23 +0200] "HEAD / HTTP/1.1" 301 - www.fc-schnaittach.de "-" "HTTPing v2.4" "-"
66.249.66.0 - - [07/Aug/2018:10:47:26 +0200] "GET /sitemap-pt-post-2016-05.xml HTTP/1.1" 200 686 www.fc-schnaittach.de "-" "Mozilla/5.0 (compatible; Googlebot/2.1; +http://www.google.com/bot.html)" "-"
207.46.13.0 - - [07/Aug/2018:10:48:22 +0200] "GET /wp-content/uploads/2014/12/tt-2017-300x201.jpg HTTP/1.1" 301 284 www.fc-schnaittach.de "-" "Mozilla/5.0 (compatible; bingbot/2.0; +http://www.bing.com/bingbot.htm)" "-"
207.46.13.0 - - [07/Aug/2018:10:48:24 +0200] "GET /wp-content/uploads/2014/12/tt-2017-300x201.jpg HTTP/1.1" 200 11440 www.fc-schnaittach.de "-" "Mozilla/5.0 (compatible; bingbot/2.0; +http://www.bing.com/bingbot.htm)" "-"
77.75.78.0 - - [07/Aug/2018:10:50:01 +0200] "GET /robots.txt HTTP/1.1" 200 35 www.fc-schnaittach.de "-" "Mozilla/5.0 (compatible; SeznamBot/3.2; +http://napoveda.seznam.cz/en/seznambot-intro/)" "-"
2a02:598:: - - [07/Aug/2018:10:50:01 +0200] "GET /wp-content/uploads/2018/05/Rock_your_hair_Chevy_1-300x300.png HTTP/1.1" 200 163841 www.fc-schnaittach.de "-" "Mozilla/5.0 (compatible; SeznamBot/3.2; +http://napoveda.seznam.cz/en/seznambot-intro/)" "-"
2a02:598:: - - [07/Aug/2018:10:50:01 +0200] "GET /wp-content/uploads/2015/08/IMG_6485-300x225.jpg HTTP/1.1" 200 15007 www.fc-schnaittach.de "-" "Mozilla/5.0 (compatible; SeznamBot/3.2; +http://napoveda.seznam.cz/en/seznambot-intro/)" "-"
216.244.66.0 - - [07/Aug/2018:10:53:31 +0200] "GET /robots.txt HTTP/1.1" 301 248 www.fc-schnaittach.de "-" "Mozilla/5.0 (compatible; DotBot/1.1; http://www.opensiteexplorer.org/dotbot, help@moz.com)" "-"
216.244.66.0 - - [07/Aug/2018:10:53:34 +0200] "GET /robots.txt HTTP/1.1" 200 35 www.fc-schnaittach.de "-" "Mozilla/5.0 (compatible; DotBot/1.1; http://www.opensiteexplorer.org/dotbot, help@moz.com)" "-"
66.249.66.0 - - [07/Aug/2018:11:03:06 +0200] "GET /wp-content/uploads/2015/06/WP_20150626_16_07_13_Pro.jpg HTTP/1.1" 200 62166 www.fc-schnaittach.de "-" "Googlebot-Image/1.0" "-"
66.249.66.0 - - [07/Aug/2018:11:03:18 +0200] "GET /wp-content/uploads/2015/01/IMG-20161004-WA0002.jpg HTTP/1.1" 200 322930 www.fc-schnaittach.de "-" "Googlebot-Image/1.0" "-"
66.249.66.0 - - [07/Aug/2018:11:03:28 +0200] "GET /wp-content/uploads/2015/12/Julius-Hirsch-Preis-2015.jpg HTTP/1.1" 200 67717 www.fc-schnaittach.de "-" "Googlebot-Image/1.0" "-"
66.249.66.0 - - [07/Aug/2018:11:04:24 +0200] "GET /f3-jugend-2/ HTTP/1.1" 200 6902 www.fc-schnaittach.de "-" "Mozilla/5.0 (compatible; Googlebot/2.1; +http://www.google.com/bot.html)" "-"
148.251.50.0 - - [07/Aug/2018:11:06:10 +0200] "GET /budo/kickboxen-guertelpruefung-13-06-2015/ HTTP/1.1" 200 34901 www.fc-schnaittach.de "-" "Mozilla/5.0 (Windows NT 10.0; Win64; x64) AppleWebKit/537.36 (KHTML, like Gecko) Chrome/64.0.3282.119 Safari/537.36" "-"
13.82.188.0 - - [07/Aug/2018:11:07:05 +0200] "HEAD / HTTP/1.1" 301 - www.fc-schnaittach.de "-" "HTTPing v2.4" "-"
185.57.80.0 - - [07/Aug/2018:11:08:02 +0200] "GET / HTTP/1.1" 301 238 fc-schnaittach.de "http://fc-schnaittach.de/" "Mozilla/5.0 (Windows NT 10.0; Win64; x64; rv:57.0) Gecko/20100101 Firefox/57.0" "-"
185.57.80.0 - - [07/Aug/2018:11:08:02 +0200] "GET / HTTP/1.1" 200 39785 www.fc-schnaittach.de "https://www.fc-schnaittach.de/" "Mozilla/5.0 (Windows NT 10.0; Win64; x64; rv:57.0) Gecko/20100101 Firefox/57.0" "-"
185.57.80.0 - - [07/Aug/2018:11:08:04 +0200] "GET /hauptverein/kontakt/ HTTP/1.1" 200 29901 www.fc-schnaittach.de "https://www.fc-schnaittach.de/hauptverein/kontakt/" "Mozilla/5.0 (Windows NT 10.0; Win64; x64; rv:57.0) Gecko/20100101 Firefox/57.0" "-"
185.57.80.0 - - [07/Aug/2018:11:08:05 +0200] "POST /hauptverein/kontakt/ HTTP/1.1" 200 30042 www.fc-schnaittach.de "https://www.fc-schnaittach.de/hauptverein/kontakt/" "Mozilla/5.0 (Windows NT 10.0; Win64; x64; rv:57.0) Gecko/20100101 Firefox/57.0" "-"
95.90.243.0 - - [07/Aug/2018:11:08:43 +0200] "GET /einladung-zur-mitgliederversammlung-2018/ HTTP/1.1" 200 6459 www.fc-schnaittach.de "https://www.google.de/" "Mozilla/5.0 (Windows NT 10.0; Win64; x64) AppleWebKit/537.36 (KHTML, like Gecko) Chrome/51.0.2704.79 Safari/537.36 Edge/14.14393" "-"
95.90.243.0 - - [07/Aug/2018:11:08:43 +0200] "GET /wp-content/plugins/contact-form-7/includes/css/styles.css?ver=5.0.2 HTTP/1.1" 200 1683 www.fc-schnaittach.de "https://www.fc-schnaittach.de/einladung-zur-mitgliederversammlung-2018/" "Mozilla/5.0 (Windows NT 10.0; Win64; x64) AppleWebKit/537.36 (KHTML, like Gecko) Chrome/51.0.2704.79 Safari/537.36 Edge/14.14393" "-"
95.90.243.0 - - [07/Aug/2018:11:08:43 +0200] "GET /wp-content/plugins/feedzy-rss-feeds/css/feedzy-rss-feeds.css?ver=3.2.10 HTTP/1.1" 200 9822 www.fc-schnaittach.de "https://www.fc-schnaittach.de/einladung-zur-mitgliederversammlung-2018/" "Mozilla/5.0 (Windows NT 10.0; Win64; x64) AppleWebKit/537.36 (KHTML, like Gecko) Chrome/51.0.2704.79 Safari/537.36 Edge/14.14393" "-"
95.90.243.0 - - [07/Aug/2018:11:08:43 +0200] "GET /wp-content/plugins/recently-updated-posts-widget/css/style.css?ver=4.9.8 HTTP/1.1" 200 45 www.fc-schnaittach.de "https://www.fc-schnaittach.de/einladung-zur-mitgliederversammlung-2018/" "Mozilla/5.0 (Windows NT 10.0; Win64; x64) AppleWebKit/537.36 (KHTML, like Gecko) Chrome/51.0.2704.79 Safari/537.36 Edge/14.14393" "-"
95.90.243.0 - - [07/Aug/2018:11:08:43 +0200] "GET /wp-content/plugins/user-access-manager/assets/css/uamLoginForm.css?ver=2.1.11 HTTP/1.1" 200 468 www.fc-schnaittach.de "https://www.fc-schnaittach.de/einladung-zur-mitgliederversammlung-2018/" "Mozilla/5.0 (Windows NT 10.0; Win64; x64) AppleWebKit/537.36 (KHTML, like Gecko) Chrome/51.0.2704.79 Safari/537.36 Edge/14.14393" "-"
95.90.243.0 - - [07/Aug/2018:11:08:43 +0200] "GET /wp-includes/js/jquery/jquery.js?ver=1.12.4 HTTP/1.1" 200 97184 www.fc-schnaittach.de "https://www.fc-schnaittach.de/einladung-zur-mitgliederversammlung-2018/" "Mozilla/5.0 (Windows NT 10.0; Win64; x64) AppleWebKit/537.36 (KHTML, like Gecko) Chrome/51.0.2704.79 Safari/537.36 Edge/14.14393" "-"
95.90.243.0 - - [07/Aug/2018:11:08:43 +0200] "GET /wp-includes/js/jquery/jquery-migrate.min.js?ver=1.4.1 HTTP/1.1" 200 10056 www.fc-schnaittach.de "https://www.fc-schnaittach.de/einladung-zur-mitgliederversammlung-2018/" "Mozilla/5.0 (Windows NT 10.0; Win64; x64) AppleWebKit/537.36 (KHTML, like Gecko) Chrome/51.0.2704.79 Safari/537.36 Edge/14.14393" "-"
95.90.243.0 - - [07/Aug/2018:11:08:43 +0200] "GET /wp-content/themes/fcs/css/jquery.smartmenus.bootstrap.css?ver=1418749976 HTTP/1.1" 200 3128 www.fc-schnaittach.de "https://www.fc-schnaittach.de/einladung-zur-mitgliederversammlung-2018/" "Mozilla/5.0 (Windows NT 10.0; Win64; x64) AppleWebKit/537.36 (KHTML, like Gecko) Chrome/51.0.2704.79 Safari/537.36 Edge/14.14393" "-"
95.90.243.0 - - [07/Aug/2018:11:08:43 +0200] "GET /wp-content/themes/fcs/style.css?ver=1460744932 HTTP/1.1" 200 22587 www.fc-schnaittach.de "https://www.fc-schnaittach.de/einladung-zur-mitgliederversammlung-2018/" "Mozilla/5.0 (Windows NT 10.0; Win64; x64) AppleWebKit/537.36 (KHTML, like Gecko) Chrome/51.0.2704.79 Safari/537.36 Edge/14.14393" "-"
95.90.243.0 - - [07/Aug/2018:11:08:43 +0200] "GET /wp-content/themes/fcs/images/production/FcsWappen.png?ver=1487205002 HTTP/1.1" 200 12482 www.fc-schnaittach.de "https://www.fc-schnaittach.de/einladung-zur-mitgliederversammlung-2018/" "Mozilla/5.0 (Windows NT 10.0; Win64; x64) AppleWebKit/537.36 (KHTML, like Gecko) Chrome/51.0.2704.79 Safari/537.36 Edge/14.14393" "-"
95.90.243.0 - - [07/Aug/2018:11:08:43 +0200] "GET /wp-content/themes/fcs/images/production/FcsWappen.png HTTP/1.1" 200 12482 www.fc-schnaittach.de "https://www.fc-schnaittach.de/einladung-zur-mitgliederversammlung-2018/" "Mozilla/5.0 (Windows NT 10.0; Win64; x64) AppleWebKit/537.36 (KHTML, like Gecko) Chrome/51.0.2704.79 Safari/537.36 Edge/14.14393" "-"
95.90.243.0 - - [07/Aug/2018:11:08:43 +0200] "GET /wp-content/themes/fcs/js/fcs.js?ver=1442772175 HTTP/1.1" 200 5542 www.fc-schnaittach.de "https://www.fc-schnaittach.de/einladung-zur-mitgliederversammlung-2018/" "Mozilla/5.0 (Windows NT 10.0; Win64; x64) AppleWebKit/537.36 (KHTML, like Gecko) Chrome/51.0.2704.79 Safari/537.36 Edge/14.14393" "-"
95.90.243.0 - - [07/Aug/2018:11:08:43 +0200] "GET /wp-content/themes/fcs/js/jquery.smartmenus.min.js?ver=1418750004 HTTP/1.1" 200 22672 www.fc-schnaittach.de "https://www.fc-schnaittach.de/einladung-zur-mitgliederversammlung-2018/" "Mozilla/5.0 (Windows NT 10.0; Win64; x64) AppleWebKit/537.36 (KHTML, like Gecko) Chrome/51.0.2704.79 Safari/537.36 Edge/14.14393" "-"
95.90.243.0 - - [07/Aug/2018:11:08:44 +0200] "GET /wp-content/themes/fcs/js/jquery.smartmenus.bootstrap.min.js?ver=1418750004 HTTP/1.1" 200 1252 www.fc-schnaittach.de "https://www.fc-schnaittach.de/einladung-zur-mitgliederversammlung-2018/" "Mozilla/5.0 (Windows NT 10.0; Win64; x64) AppleWebKit/537.36 (KHTML, like Gecko) Chrome/51.0.2704.79 Safari/537.36 Edge/14.14393" "-"
95.90.243.0 - - [07/Aug/2018:11:08:44 +0200] "GET /wp-content/plugins/contact-form-7/includes/js/scripts.js?ver=5.0.2 HTTP/1.1" 200 14585 www.fc-schnaittach.de "https://www.fc-schnaittach.de/einladung-zur-mitgliederversammlung-2018/" "Mozilla/5.0 (Windows NT 10.0; Win64; x64) AppleWebKit/537.36 (KHTML, like Gecko) Chrome/51.0.2704.79 Safari/537.36 Edge/14.14393" "-"
95.90.243.0 - - [07/Aug/2018:11:08:44 +0200] "GET /wp-includes/js/wp-embed.min.js?ver=4.9.8 HTTP/1.1" 200 1398 www.fc-schnaittach.de "https://www.fc-schnaittach.de/einladung-zur-mitgliederversammlung-2018/" "Mozilla/5.0 (Windows NT 10.0; Win64; x64) AppleWebKit/537.36 (KHTML, like Gecko) Chrome/51.0.2704.79 Safari/537.36 Edge/14.14393" "-"
95.90.243.0 - - [07/Aug/2018:11:08:44 +0200] "GET /wp-includes/js/wp-emoji-release.min.js?ver=4.9.8 HTTP/1.1" 200 12026 www.fc-schnaittach.de "https://www.fc-schnaittach.de/einladung-zur-mitgliederversammlung-2018/" "Mozilla/5.0 (Windows NT 10.0; Win64; x64) AppleWebKit/537.36 (KHTML, like Gecko) Chrome/51.0.2704.79 Safari/537.36 Edge/14.14393" "-"
95.90.243.0 - - [07/Aug/2018:11:08:44 +0200] "GET /wp-content/themes/fcs/images/production/FcsWappen.ico?ver=1420564287 HTTP/1.1" 200 4606 www.fc-schnaittach.de "-" "Mozilla/5.0 (Windows NT 10.0; Win64; x64) AppleWebKit/537.36 (KHTML, like Gecko) Chrome/51.0.2704.79 Safari/537.36 Edge/14.14393" "-"
66.249.66.0 - - [07/Aug/2018:11:08:55 +0200] "GET /jahresfahrt-der-wanderabteilung-3/ HTTP/1.1" 200 8104 www.fc-schnaittach.de "-" "Mozilla/5.0 (compatible; Googlebot/2.1; +http://www.google.com/bot.html)" "-"
207.46.13.0 - - [07/Aug/2018:11:12:18 +0200] "GET /wp-content/uploads/2015/03/P1020666.jpg HTTP/1.1" 301 277 www.fc-schnaittach.de "-" "Mozilla/5.0 (compatible; bingbot/2.0; +http://www.bing.com/bingbot.htm)" "-"
207.46.13.0 - - [07/Aug/2018:11:12:19 +0200] "GET /wp-content/uploads/2015/03/P1020666.jpg HTTP/1.1" 200 35566 www.fc-schnaittach.de "-" "Mozilla/5.0 (compatible; bingbot/2.0; +http://www.bing.com/bingbot.htm)" "-"
148.64.56.0 - - [07/Aug/2018:11:13:08 +0200] "GET /fussball/1-mannschaft/nachrichten-aus-der-liga-kreisliga-erlangen-pegnitzgrund-2/ HTTP/1.1" 200 8215 www.fc-schnaittach.de "-" "Mozilla/5.0 (compatible; GrapeshotCrawler/2.0; +http://www.grapeshot.co.uk/crawler.php)" "-"
149.100.190.0 - - [07/Aug/2018:11:13:13 +0200] "GET / HTTP/1.1" 301 238 fc-schnaittach.de "-" "Mozilla/5.0 (Windows NT 6.1; WOW64; rv:27.0) Gecko/20100101 Firefox/27.0" "-"
13.82.188.0 - - [07/Aug/2018:11:15:25 +0200] "HEAD / HTTP/1.1" 301 - www.fc-schnaittach.de "-" "HTTPing v2.4" "-"
46.118.125.0 - - [07/Aug/2018:11:29:35 +0200] "GET /fussball/damen/ HTTP/1.1" 200 34396 www.fc-schnaittach.de "https://atleticpharm.org/" "Mozilla/4.0 (compatible; MSIE 6.0; Windows NT 5.1; TheFreeDictionary.com; .NET CLR 1.1.4322; .NET CLR 1.0.3705; .NET CLR 2.0.50727)" "-"
217.160.63.0 - - [07/Aug/2018:11:29:36 +0200] "POST /wp-cron.php?doing_wp_cron=1533634176.0017740726470947265625 HTTP/1.1" 301 297 www.fc-schnaittach.de "http://www.fc-schnaittach.de/wp-cron.php?doing_wp_cron=1533634176.0017740726470947265625" "WordPress/4.9.8; https://www.fc-schnaittach.de" "-"
207.46.13.0 - - [07/Aug/2018:11:34:19 +0200] "GET /wp-content/uploads/2015/03/P1020750.jpg HTTP/1.1" 301 277 www.fc-schnaittach.de "-" "Mozilla/5.0 (compatible; bingbot/2.0; +http://www.bing.com/bingbot.htm)" "-"
207.46.13.0 - - [07/Aug/2018:11:34:21 +0200] "GET /wp-content/uploads/2015/03/P1020750.jpg HTTP/1.1" 200 42106 www.fc-schnaittach.de "-" "Mozilla/5.0 (compatible; bingbot/2.0; +http://www.bing.com/bingbot.htm)" "-"
40.77.167.0 - - [07/Aug/2018:11:35:48 +0200] "GET /g-jugend/ HTTP/1.1" 200 7168 www.fc-schnaittach.de "-" "Mozilla/5.0 (compatible; bingbot/2.0; +http://www.bing.com/bingbot.htm)" "-"
217.160.63.0 - - [07/Aug/2018:11:35:49 +0200] "POST /wp-cron.php?doing_wp_cron=1533634548.9921228885650634765625 HTTP/1.1" 200 23 www.fc-schnaittach.de "https://www.fc-schnaittach.de/wp-cron.php?doing_wp_cron=1533634548.9921228885650634765625" "WordPress/4.9.8; https://www.fc-schnaittach.de" "-"
207.46.13.0 - - [07/Aug/2018:11:37:50 +0200] "GET /maifeiertag-2017/ HTTP/1.1" 200 6760 www.fc-schnaittach.de "-" "Mozilla/5.0 (compatible; bingbot/2.0; +http://www.bing.com/bingbot.htm)" "-"
66.249.66.0 - - [07/Aug/2018:11:39:28 +0200] "GET /budo/kickboxen-guertelpruefung-13-06-2015/ HTTP/1.1" 200 7637 www.fc-schnaittach.de "-" "Mozilla/5.0 (compatible; Googlebot/2.1; +http://www.google.com/bot.html)" "-"
62.138.0.0 - - [07/Aug/2018:11:40:11 +0200] "GET /robots.txt HTTP/1.1" 301 248 www.fc-schnaittach.de "-" "Mozilla/5.0 (compatible; adscanner/)" "-"
62.138.0.0 - - [07/Aug/2018:11:40:11 +0200] "GET /robots.txt HTTP/1.1" 200 35 www.fc-schnaittach.de "-" "Mozilla/5.0 (compatible; adscanner/)" "-"
62.138.0.0 - - [07/Aug/2018:11:40:11 +0200] "GET /wp-content/uploads/2018/06/9-150x150.jpg HTTP/1.1" 301 278 www.fc-schnaittach.de "-" "Mozilla/5.0 (compatible; adscanner/)" "-"
62.138.0.0 - - [07/Aug/2018:11:40:12 +0200] "GET /wp-content/uploads/2018/06/9-150x150.jpg HTTP/1.1" 200 8088 www.fc-schnaittach.de "-" "Mozilla/5.0 (compatible; adscanner/)" "-"
54.36.150.0 - - [07/Aug/2018:11:42:56 +0200] "GET /robots.txt HTTP/1.1" 200 35 www.fc-schnaittach.de "-" "Mozilla/5.0 (compatible; AhrefsBot/5.2; +http://ahrefs.com/robot/)" "-"
165.225.72.0 - - [07/Aug/2018:11:47:25 +0200] "GET /wp-content/uploads/2016/11/FCS_MW41076_online.jpg HTTP/1.1" 301 287 www.fc-schnaittach.de "https://www.google.de/" "Mozilla/5.0 (Windows NT 10.0; Win64; x64) AppleWebKit/537.36 (KHTML, like Gecko) Chrome/68.0.3440.84 Safari/537.36" "-"
165.225.72.0 - - [07/Aug/2018:11:47:26 +0200] "GET /wp-content/uploads/2016/11/FCS_MW41076_online.jpg HTTP/1.1" 200 480662 www.fc-schnaittach.de "https://www.google.de/" "Mozilla/5.0 (Windows NT 10.0; Win64; x64) AppleWebKit/537.36 (KHTML, like Gecko) Chrome/68.0.3440.84 Safari/537.36" "-"
217.83.102.0 - - [07/Aug/2018:11:48:49 +0200] "GET / HTTP/1.1" 200 7769 www.fc-schnaittach.de "https://www.google.com/" "Mozilla/5.0 (Linux; Android 7.0; LG-M250 Build/NRD90U) AppleWebKit/537.36 (KHTML, like Gecko) Chrome/67.0.3396.87 Mobile Safari/537.36" "-"
217.83.102.0 - - [07/Aug/2018:11:48:50 +0200] "GET /wp-content/plugins/contact-form-7/includes/css/styles.css?ver=5.0.2 HTTP/1.1" 200 1683 www.fc-schnaittach.de "https://www.fc-schnaittach.de/" "Mozilla/5.0 (Linux; Android 7.0; LG-M250 Build/NRD90U) AppleWebKit/537.36 (KHTML, like Gecko) Chrome/67.0.3396.87 Mobile Safari/537.36" "-"
217.83.102.0 - - [07/Aug/2018:11:48:50 +0200] "GET /wp-content/plugins/feedzy-rss-feeds/css/feedzy-rss-feeds.css?ver=3.2.10 HTTP/1.1" 200 9822 www.fc-schnaittach.de "https://www.fc-schnaittach.de/" "Mozilla/5.0 (Linux; Android 7.0; LG-M250 Build/NRD90U) AppleWebKit/537.36 (KHTML, like Gecko) Chrome/67.0.3396.87 Mobile Safari/537.36" "-"
217.83.102.0 - - [07/Aug/2018:11:48:50 +0200] "GET /wp-content/plugins/recently-updated-posts-widget/css/style.css?ver=4.9.8 HTTP/1.1" 200 45 www.fc-schnaittach.de "https://www.fc-schnaittach.de/" "Mozilla/5.0 (Linux; Android 7.0; LG-M250 Build/NRD90U) AppleWebKit/537.36 (KHTML, like Gecko) Chrome/67.0.3396.87 Mobile Safari/537.36" "-"
217.83.102.0 - - [07/Aug/2018:11:48:50 +0200] "GET /wp-content/plugins/user-access-manager/assets/css/uamLoginForm.css?ver=2.1.11 HTTP/1.1" 200 468 www.fc-schnaittach.de "https://www.fc-schnaittach.de/" "Mozilla/5.0 (Linux; Android 7.0; LG-M250 Build/NRD90U) AppleWebKit/537.36 (KHTML, like Gecko) Chrome/67.0.3396.87 Mobile Safari/537.36" "-"
217.83.102.0 - - [07/Aug/2018:11:48:50 +0200] "GET /wp-includes/js/jquery/jquery.js?ver=1.12.4 HTTP/1.1" 200 97184 www.fc-schnaittach.de "https://www.fc-schnaittach.de/" "Mozilla/5.0 (Linux; Android 7.0; LG-M250 Build/NRD90U) AppleWebKit/537.36 (KHTML, like Gecko) Chrome/67.0.3396.87 Mobile Safari/537.36" "-"
217.83.102.0 - - [07/Aug/2018:11:48:50 +0200] "GET /wp-content/themes/fcs/css/jquery.smartmenus.bootstrap.css?ver=1418749976 HTTP/1.1" 200 3128 www.fc-schnaittach.de "https://www.fc-schnaittach.de/" "Mozilla/5.0 (Linux; Android 7.0; LG-M250 Build/NRD90U) AppleWebKit/537.36 (KHTML, like Gecko) Chrome/67.0.3396.87 Mobile Safari/537.36" "-"
217.83.102.0 - - [07/Aug/2018:11:48:50 +0200] "GET /wp-content/themes/fcs/style.css?ver=1460744932 HTTP/1.1" 200 22587 www.fc-schnaittach.de "https://www.fc-schnaittach.de/" "Mozilla/5.0 (Linux; Android 7.0; LG-M250 Build/NRD90U) AppleWebKit/537.36 (KHTML, like Gecko) Chrome/67.0.3396.87 Mobile Safari/537.36" "-"
217.83.102.0 - - [07/Aug/2018:11:48:50 +0200] "GET /wp-includes/js/jquery/jquery-migrate.min.js?ver=1.4.1 HTTP/1.1" 200 10056 www.fc-schnaittach.de "https://www.fc-schnaittach.de/" "Mozilla/5.0 (Linux; Android 7.0; LG-M250 Build/NRD90U) AppleWebKit/537.36 (KHTML, like Gecko) Chrome/67.0.3396.87 Mobile Safari/537.36" "-"
217.83.102.0 - - [07/Aug/2018:11:48:50 +0200] "GET /wp-content/themes/fcs/images/production/FcsWappen.png?ver=1487205002 HTTP/1.1" 200 12482 www.fc-schnaittach.de "https://www.fc-schnaittach.de/" "Mozilla/5.0 (Linux; Android 7.0; LG-M250 Build/NRD90U) AppleWebKit/537.36 (KHTML, like Gecko) Chrome/67.0.3396.87 Mobile Safari/537.36" "-"
217.83.102.0 - - [07/Aug/2018:11:48:50 +0200] "GET /wp-content/themes/fcs/images/production/Transparent.png?ver=1487205002 HTTP/1.1" 200 124 www.fc-schnaittach.de "https://www.fc-schnaittach.de/" "Mozilla/5.0 (Linux; Android 7.0; LG-M250 Build/NRD90U) AppleWebKit/537.36 (KHTML, like Gecko) Chrome/67.0.3396.87 Mobile Safari/537.36" "-"
217.83.102.0 - - [07/Aug/2018:11:48:50 +0200] "GET /wp-content/themes/fcs/js/fcs.js?ver=1442772175 HTTP/1.1" 200 5542 www.fc-schnaittach.de "https://www.fc-schnaittach.de/" "Mozilla/5.0 (Linux; Android 7.0; LG-M250 Build/NRD90U) AppleWebKit/537.36 (KHTML, like Gecko) Chrome/67.0.3396.87 Mobile Safari/537.36" "-"
217.83.102.0 - - [07/Aug/2018:11:48:50 +0200] "GET /wp-content/themes/fcs/js/jquery.smartmenus.min.js?ver=1418750004 HTTP/1.1" 200 22672 www.fc-schnaittach.de "https://www.fc-schnaittach.de/" "Mozilla/5.0 (Linux; Android 7.0; LG-M250 Build/NRD90U) AppleWebKit/537.36 (KHTML, like Gecko) Chrome/67.0.3396.87 Mobile Safari/537.36" "-"
217.83.102.0 - - [07/Aug/2018:11:48:50 +0200] "GET /wp-content/themes/fcs/js/jquery.smartmenus.bootstrap.min.js?ver=1418750004 HTTP/1.1" 200 1252 www.fc-schnaittach.de "https://www.fc-schnaittach.de/" "Mozilla/5.0 (Linux; Android 7.0; LG-M250 Build/NRD90U) AppleWebKit/537.36 (KHTML, like Gecko) Chrome/67.0.3396.87 Mobile Safari/537.36" "-"
217.83.102.0 - - [07/Aug/2018:11:48:50 +0200] "GET /wp-content/plugins/contact-form-7/includes/js/scripts.js?ver=5.0.2 HTTP/1.1" 200 14585 www.fc-schnaittach.de "https://www.fc-schnaittach.de/" "Mozilla/5.0 (Linux; Android 7.0; LG-M250 Build/NRD90U) AppleWebKit/537.36 (KHTML, like Gecko) Chrome/67.0.3396.87 Mobile Safari/537.36" "-"
217.83.102.0 - - [07/Aug/2018:11:48:50 +0200] "GET /wp-includes/js/wp-embed.min.js?ver=4.9.8 HTTP/1.1" 200 1398 www.fc-schnaittach.de "https://www.fc-schnaittach.de/" "Mozilla/5.0 (Linux; Android 7.0; LG-M250 Build/NRD90U) AppleWebKit/537.36 (KHTML, like Gecko) Chrome/67.0.3396.87 Mobile Safari/537.36" "-"
217.83.102.0 - - [07/Aug/2018:11:48:50 +0200] "GET /wp-content/themes/fcs/images/production/Transparent.png HTTP/1.1" 200 124 www.fc-schnaittach.de "https://www.fc-schnaittach.de/" "Mozilla/5.0 (Linux; Android 7.0; LG-M250 Build/NRD90U) AppleWebKit/537.36 (KHTML, like Gecko) Chrome/67.0.3396.87 Mobile Safari/537.36" "-"
217.83.102.0 - - [07/Aug/2018:11:48:50 +0200] "GET /wp-content/themes/fcs/images/production/FcsWappen.png HTTP/1.1" 200 12482 www.fc-schnaittach.de "https://www.fc-schnaittach.de/" "Mozilla/5.0 (Linux; Android 7.0; LG-M250 Build/NRD90U) AppleWebKit/537.36 (KHTML, like Gecko) Chrome/67.0.3396.87 Mobile Safari/537.36" "-"
217.83.102.0 - - [07/Aug/2018:11:48:50 +0200] "GET /wp-includes/js/wp-emoji-release.min.js?ver=4.9.8 HTTP/1.1" 200 12026 www.fc-schnaittach.de "https://www.fc-schnaittach.de/" "Mozilla/5.0 (Linux; Android 7.0; LG-M250 Build/NRD90U) AppleWebKit/537.36 (KHTML, like Gecko) Chrome/67.0.3396.87 Mobile Safari/537.36" "-"
217.83.102.0 - - [07/Aug/2018:11:48:51 +0200] "GET /wp-content/themes/fcs/images/production/Tischtennis_Production.jpg?ver=1487205002 HTTP/1.1" 200 16063 www.fc-schnaittach.de "https://www.fc-schnaittach.de/" "Mozilla/5.0 (Linux; Android 7.0; LG-M250 Build/NRD90U) AppleWebKit/537.36 (KHTML, like Gecko) Chrome/67.0.3396.87 Mobile Safari/537.36" "-"
217.83.102.0 - - [07/Aug/2018:11:48:52 +0200] "GET /wp-content/themes/fcs/images/production/Fussball_Production.jpg?ver=1487205002 HTTP/1.1" 200 24902 www.fc-schnaittach.de "https://www.fc-schnaittach.de/" "Mozilla/5.0 (Linux; Android 7.0; LG-M250 Build/NRD90U) AppleWebKit/537.36 (KHTML, like Gecko) Chrome/67.0.3396.87 Mobile Safari/537.36" "-"
217.83.102.0 - - [07/Aug/2018:11:48:52 +0200] "GET /wp-content/themes/fcs/images/production/FcsWappen.ico?ver=1420564287 HTTP/1.1" 200 4606 www.fc-schnaittach.de "https://www.fc-schnaittach.de/" "Mozilla/5.0 (Linux; Android 7.0; LG-M250 Build/NRD90U) AppleWebKit/537.36 (KHTML, like Gecko) Chrome/67.0.3396.87 Mobile Safari/537.36" "-"
217.83.102.0 - - [07/Aug/2018:11:48:52 +0200] "GET /wp-content/themes/fcs/images/production/FcsWappenMobileBookmark.png?ver=1487205003 HTTP/1.1" 200 12628 www.fc-schnaittach.de "https://www.fc-schnaittach.de/" "Mozilla/5.0 (Linux; Android 7.0; LG-M250 Build/NRD90U) AppleWebKit/537.36 (KHTML, like Gecko) Chrome/67.0.3396.87 Mobile Safari/537.36" "-"
217.83.102.0 - - [07/Aug/2018:11:48:52 +0200] "GET /wp-content/themes/fcs/images/production/Budo_Production.jpg?ver=1487205003 HTTP/1.1" 200 9924 www.fc-schnaittach.de "https://www.fc-schnaittach.de/" "Mozilla/5.0 (Linux; Android 7.0; LG-M250 Build/NRD90U) AppleWebKit/537.36 (KHTML, like Gecko) Chrome/67.0.3396.87 Mobile Safari/537.36" "-"
217.83.102.0 - - [07/Aug/2018:11:48:52 +0200] "GET /wp-content/themes/fcs/images/production/Wandern_Production.jpg?ver=1487205003 HTTP/1.1" 200 16247 www.fc-schnaittach.de "https://www.fc-schnaittach.de/" "Mozilla/5.0 (Linux; Android 7.0; LG-M250 Build/NRD90U) AppleWebKit/537.36 (KHTML, like Gecko) Chrome/67.0.3396.87 Mobile Safari/537.36" "-"
217.83.102.0 - - [07/Aug/2018:11:48:52 +0200] "GET /wp-content/themes/fcs/images/production/Zumba_Production.jpg?ver=1487205003 HTTP/1.1" 200 54365 www.fc-schnaittach.de "https://www.fc-schnaittach.de/" "Mozilla/5.0 (Linux; Android 7.0; LG-M250 Build/NRD90U) AppleWebKit/537.36 (KHTML, like Gecko) Chrome/67.0.3396.87 Mobile Safari/537.36" "-"
217.83.102.0 - - [07/Aug/2018:11:48:52 +0200] "GET /wp-content/themes/fcs/images/production/Karate_Production.jpg?ver=1487205002 HTTP/1.1" 200 16055 www.fc-schnaittach.de "https://www.fc-schnaittach.de/" "Mozilla/5.0 (Linux; Android 7.0; LG-M250 Build/NRD90U) AppleWebKit/537.36 (KHTML, like Gecko) Chrome/67.0.3396.87 Mobile Safari/537.36" "-"
217.83.102.0 - - [07/Aug/2018:11:48:52 +0200] "GET /wp-content/uploads/2018/05/SAM_1762-002-300x225.jpg HTTP/1.1" 200 22206 www.fc-schnaittach.de "https://www.fc-schnaittach.de/" "Mozilla/5.0 (Linux; Android 7.0; LG-M250 Build/NRD90U) AppleWebKit/537.36 (KHTML, like Gecko) Chrome/67.0.3396.87 Mobile Safari/537.36" "-"
217.83.102.0 - - [07/Aug/2018:11:48:53 +0200] "GET /1-mannschaft/ HTTP/1.1" 301 23 www.fc-schnaittach.de "https://www.fc-schnaittach.de/" "Mozilla/5.0 (Linux; Android 7.0; LG-M250 Build/NRD90U) AppleWebKit/537.36 (KHTML, like Gecko) Chrome/67.0.3396.87 Mobile Safari/537.36" "-"
217.83.102.0 - - [07/Aug/2018:11:48:53 +0200] "GET /fussball/1-mannschaft/ HTTP/1.1" 200 7399 www.fc-schnaittach.de "https://www.fc-schnaittach.de/" "Mozilla/5.0 (Linux; Android 7.0; LG-M250 Build/NRD90U) AppleWebKit/537.36 (KHTML, like Gecko) Chrome/67.0.3396.87 Mobile Safari/537.36" "-"
217.83.102.0 - - [07/Aug/2018:11:48:54 +0200] "GET /wp-content/uploads/2015/04/feedIcon.png HTTP/1.1" 301 277 www.fc-schnaittach.de "-" "Mozilla/5.0 (Linux; Android 7.0; LG-M250 Build/NRD90U) AppleWebKit/537.36 (KHTML, like Gecko) Chrome/67.0.3396.87 Mobile Safari/537.36" "-"
217.83.102.0 - - [07/Aug/2018:11:48:54 +0200] "GET /wp-content/uploads/2015/04/BFV.png HTTP/1.1" 301 272 www.fc-schnaittach.de "-" "Mozilla/5.0 (Linux; Android 7.0; LG-M250 Build/NRD90U) AppleWebKit/537.36 (KHTML, like Gecko) Chrome/67.0.3396.87 Mobile Safari/537.36" "-"
217.83.102.0 - - [07/Aug/2018:11:48:54 +0200] "GET /wp-content/uploads/2015/04/feedIcon.png HTTP/1.1" 200 1211 www.fc-schnaittach.de "-" "Mozilla/5.0 (Linux; Android 7.0; LG-M250 Build/NRD90U) AppleWebKit/537.36 (KHTML, like Gecko) Chrome/67.0.3396.87 Mobile Safari/537.36" "-"
217.83.102.0 - - [07/Aug/2018:11:48:54 +0200] "GET /wp-content/uploads/2015/04/BFV.png HTTP/1.1" 200 5443 www.fc-schnaittach.de "-" "Mozilla/5.0 (Linux; Android 7.0; LG-M250 Build/NRD90U) AppleWebKit/537.36 (KHTML, like Gecko) Chrome/67.0.3396.87 Mobile Safari/537.36" "-"
217.83.102.0 - - [07/Aug/2018:11:49:38 +0200] "GET /wp-content/uploads/2018/05/Small_Wall_1-300x300.jpg HTTP/1.1" 200 25990 www.fc-schnaittach.de "https://www.fc-schnaittach.de/" "Mozilla/5.0 (Linux; Android 7.0; LG-M250 Build/NRD90U) AppleWebKit/537.36 (KHTML, like Gecko) Chrome/67.0.3396.87 Mobile Safari/537.36" "-"
217.83.102.0 - - [07/Aug/2018:11:49:40 +0200] "GET /1-mannschaft/ HTTP/1.1" 301 23 www.fc-schnaittach.de "https://www.fc-schnaittach.de/" "Mozilla/5.0 (Linux; Android 7.0; LG-M250 Build/NRD90U) AppleWebKit/537.36 (KHTML, like Gecko) Chrome/67.0.3396.87 Mobile Safari/537.36" "-"
217.83.102.0 - - [07/Aug/2018:11:49:40 +0200] "GET /fussball/1-mannschaft/ HTTP/1.1" 200 7400 www.fc-schnaittach.de "https://www.fc-schnaittach.de/" "Mozilla/5.0 (Linux; Android 7.0; LG-M250 Build/NRD90U) AppleWebKit/537.36 (KHTML, like Gecko) Chrome/67.0.3396.87 Mobile Safari/537.36" "-"
13.82.188.0 - - [07/Aug/2018:11:57:04 +0200] "HEAD / HTTP/1.1" 301 - www.fc-schnaittach.de "-" "HTTPing v2.4" "-"
157.55.39.0 - - [07/Aug/2018:11:58:29 +0200] "GET /budo/pruefungsvorbereitung-mit-chris-grupe-baku-20-03-15/ HTTP/1.1" 200 7617 www.fc-schnaittach.de "-" "Mozilla/5.0 (compatible; bingbot/2.0; +http://www.bing.com/bingbot.htm)" "-"
207.46.13.0 - - [07/Aug/2018:11:58:43 +0200] "GET /wp-content/uploads/2015/03/P1020508-300x225.jpg HTTP/1.1" 200 19457 www.fc-schnaittach.de "-" "Mozilla/5.0 (compatible; bingbot/2.0; +http://www.bing.com/bingbot.htm)" "-"
207.46.13.0 - - [07/Aug/2018:11:58:44 +0200] "GET /wp-content/uploads/2015/03/P1020525-204x300.jpg HTTP/1.1" 200 15260 www.fc-schnaittach.de "-" "Mozilla/5.0 (compatible; bingbot/2.0; +http://www.bing.com/bingbot.htm)" "-"
