207.46.13.0 - - [05/Aug/2018:00:07:21 +0200] "GET /dragonrun/ HTTP/1.1" 200 11389 www.fc-schnaittach.de "-" "Mozilla/5.0 (compatible; bingbot/2.0; +http://www.bing.com/bingbot.htm)" "-"
54.36.150.0 - - [05/Aug/2018:00:09:46 +0200] "GET /robots.txt HTTP/1.1" 200 35 www.fc-schnaittach.de "-" "Mozilla/5.0 (compatible; AhrefsBot/5.2; +http://ahrefs.com/robot/)" "-"
54.36.148.0 - - [05/Aug/2018:00:09:47 +0200] "GET /fussball/damen/facebook-news/feed/ HTTP/1.1" 200 553 www.fc-schnaittach.de "-" "Mozilla/5.0 (compatible; AhrefsBot/5.2; +http://ahrefs.com/robot/)" "-"
207.46.13.0 - - [05/Aug/2018:00:09:51 +0200] "GET /fussball/1-mannschaft/ HTTP/1.1" 200 7399 www.fc-schnaittach.de "-" "Mozilla/5.0 (compatible; bingbot/2.0; +http://www.bing.com/bingbot.htm)" "-"
54.36.149.0 - - [05/Aug/2018:00:11:02 +0200] "GET /wp-content/uploads/2015/03/P1020529.jpg HTTP/1.1" 200 45145 www.fc-schnaittach.de "-" "Mozilla/5.0 (compatible; AhrefsBot/5.2; +http://ahrefs.com/robot/)" "-"
54.36.149.0 - - [05/Aug/2018:00:12:45 +0200] "GET /category/news/fussball/2-mannschaft/spielberichte/feed/ HTTP/1.1" 200 4411 www.fc-schnaittach.de "-" "Mozilla/5.0 (compatible; AhrefsBot/5.2; +http://ahrefs.com/robot/)" "-"
217.160.63.0 - - [05/Aug/2018:00:12:46 +0200] "POST /wp-cron.php?doing_wp_cron=1533420766.0380980968475341796875 HTTP/1.1" 200 23 www.fc-schnaittach.de "https://www.fc-schnaittach.de/wp-cron.php?doing_wp_cron=1533420766.0380980968475341796875" "WordPress/4.9.8; https://www.fc-schnaittach.de" "-"
54.36.148.0 - - [05/Aug/2018:00:14:16 +0200] "GET /tag/ehrenabend/ HTTP/1.1" 200 6800 www.fc-schnaittach.de "-" "Mozilla/5.0 (compatible; AhrefsBot/5.2; +http://ahrefs.com/robot/)" "-"
85.25.210.0 - - [05/Aug/2018:00:20:08 +0200] "GET /robots.txt HTTP/1.1" 301 248 www.fc-schnaittach.de "-" "Mozilla/5.0 (Windows NT 6.1; WOW64) AppleWebKit/537.36 (KHTML, like Gecko) Chrome/37.0.2062.120 Safari/537.36" "-"
85.25.210.0 - - [05/Aug/2018:00:20:11 +0200] "GET /robots.txt HTTP/1.1" 200 35 www.fc-schnaittach.de "-" "Mozilla/5.0 (Windows NT 6.1; WOW64) AppleWebKit/537.36 (KHTML, like Gecko) Chrome/37.0.2062.120 Safari/537.36" "-"
85.25.210.0 - - [05/Aug/2018:00:20:13 +0200] "GET /robots.txt HTTP/1.1" 301 248 www.fc-schnaittach.de "-" "Mozilla/5.0 (compatible; adscanner/)" "-"
85.25.210.0 - - [05/Aug/2018:00:20:17 +0200] "GET /robots.txt HTTP/1.1" 200 35 www.fc-schnaittach.de "-" "Mozilla/5.0 (Windows NT 6.1; WOW64) AppleWebKit/537.36 (KHTML, like Gecko) Chrome/37.0.2062.120 Safari/537.36" "-"
85.25.210.0 - - [05/Aug/2018:00:20:19 +0200] "GET /robots.txt HTTP/1.1" 200 35 www.fc-schnaittach.de "-" "Mozilla/5.0 (compatible; adscanner/)" "-"
85.25.210.0 - - [05/Aug/2018:00:20:19 +0200] "GET /wp-content/uploads/2015/06/WP_20150626_16_06_32_Pro.jpg HTTP/1.1" 301 293 www.fc-schnaittach.de "-" "Mozilla/5.0 (Windows NT 6.1; WOW64) AppleWebKit/537.36 (KHTML, like Gecko) Chrome/37.0.2062.120 Safari/537.36" "-"
85.25.210.0 - - [05/Aug/2018:00:20:20 +0200] "GET /wp-content/uploads/2015/06/WP_20150626_16_06_32_Pro.jpg HTTP/1.1" 200 54716 www.fc-schnaittach.de "-" "Mozilla/5.0 (Windows NT 6.1; WOW64) AppleWebKit/537.36 (KHTML, like Gecko) Chrome/37.0.2062.120 Safari/537.36" "-"
85.25.210.0 - - [05/Aug/2018:00:20:21 +0200] "GET /wp-content/uploads/2015/06/WP_20150626_16_06_32_Pro.jpg HTTP/1.1" 301 293 www.fc-schnaittach.de "-" "Java/1.8.0_151" "-"
85.25.210.0 - - [05/Aug/2018:00:20:21 +0200] "GET /wp-content/uploads/2015/06/WP_20150626_16_06_32_Pro.jpg HTTP/1.1" 301 293 www.fc-schnaittach.de "-" "Mozilla/5.0 (compatible; adscanner/)" "-"
85.25.210.0 - - [05/Aug/2018:00:20:21 +0200] "GET /wp-content/uploads/2015/06/WP_20150626_16_06_32_Pro.jpg HTTP/1.1" 200 54716 www.fc-schnaittach.de "-" "Mozilla/5.0 (Windows NT 6.1; WOW64) AppleWebKit/537.36 (KHTML, like Gecko) Chrome/37.0.2062.120 Safari/537.36" "-"
94.130.71.0 - - [05/Aug/2018:00:20:22 +0200] "GET /wp-content/uploads/2015/06/WP_20150626_16_06_32_Pro.jpg HTTP/1.1" 200 54716 www.fc-schnaittach.de "-" "Java/1.8.0_151" "-"
85.25.210.0 - - [05/Aug/2018:00:20:23 +0200] "GET /wp-content/uploads/2015/06/WP_20150626_16_06_32_Pro.jpg HTTP/1.1" 200 54716 www.fc-schnaittach.de "-" "Mozilla/5.0 (compatible; adscanner/)" "-"
136.243.83.0 - - [05/Aug/2018:00:24:08 +0200] "GET /robots.txt HTTP/1.1" 200 35 www.fc-schnaittach.de "-" "Mozilla/5.0 (compatible; MetaJobBot; http://www.metajob.de/crawler)" "-"
136.243.83.0 - - [05/Aug/2018:00:24:08 +0200] "GET / HTTP/1.1" 200 7768 www.fc-schnaittach.de "-" "Mozilla/5.0 (compatible; MetaJobBot; http://www.metajob.de/crawler)" "-"
217.160.63.0 - - [05/Aug/2018:00:24:09 +0200] "POST /wp-cron.php?doing_wp_cron=1533421449.0451600551605224609375 HTTP/1.1" 200 23 www.fc-schnaittach.de "https://www.fc-schnaittach.de/wp-cron.php?doing_wp_cron=1533421449.0451600551605224609375" "WordPress/4.9.8; https://www.fc-schnaittach.de" "-"
136.243.83.0 - - [05/Aug/2018:00:24:21 +0200] "GET /fussball/3-mannschaft/ HTTP/1.1" 200 6617 www.fc-schnaittach.de "-" "Mozilla/5.0 (compatible; MetaJobBot; http://www.metajob.de/crawler)" "-"
136.243.83.0 - - [05/Aug/2018:00:24:27 +0200] "GET /category/news/hauptverein/ HTTP/1.1" 200 8372 www.fc-schnaittach.de "-" "Mozilla/5.0 (compatible; MetaJobBot; http://www.metajob.de/crawler)" "-"
216.244.66.0 - - [05/Aug/2018:00:24:49 +0200] "GET /robots.txt HTTP/1.1" 301 248 www.fc-schnaittach.de "-" "Mozilla/5.0 (compatible; DotBot/1.1; http://www.opensiteexplorer.org/dotbot, help@moz.com)" "-"
216.244.66.0 - - [05/Aug/2018:00:24:53 +0200] "GET /robots.txt HTTP/1.1" 200 35 www.fc-schnaittach.de "-" "Mozilla/5.0 (compatible; DotBot/1.1; http://www.opensiteexplorer.org/dotbot, help@moz.com)" "-"
2a03:2880:3100:: - - [05/Aug/2018:00:25:51 +0200] "GET /wp-content/uploads/2018/03/DIN_A6_Flyer_22.02.2018_1.png HTTP/1.1" 200 205587 www.fc-schnaittach.de "-" "facebookexternalhit/1.1 (+http://www.facebook.com/externalhit_uatext.php)" "-"
138.201.30.0 - - [05/Aug/2018:00:32:07 +0200] "GET /robots.txt HTTP/1.1" 200 35 www.fc-schnaittach.de "http://www.fc-schnaittach.de/robots.txt" "Mozilla/5.0 (compatible; SEOkicks; +https://www.seokicks.de/robot.html)" "-"
138.201.30.0 - - [05/Aug/2018:00:32:09 +0200] "GET / HTTP/1.1" 200 7768 www.fc-schnaittach.de "http://www.fc-schnaittach.de/" "Mozilla/5.0 (compatible; SEOkicks; +https://www.seokicks.de/robot.html)" "-"
138.201.30.0 - - [05/Aug/2018:00:33:59 +0200] "GET /dragonrun/ HTTP/1.1" 200 11383 www.fc-schnaittach.de "http://www.schwengler.de/volksl_f.html" "Mozilla/5.0 (compatible; SEOkicks; +https://www.seokicks.de/robot.html)" "-"
138.201.30.0 - - [05/Aug/2018:00:34:22 +0200] "GET /?p=2547 HTTP/1.1" 301 23 www.fc-schnaittach.de "https://www.fc-schnaittach.de/dragonrun/" "Mozilla/5.0 (compatible; SEOkicks; +https://www.seokicks.de/robot.html)" "-"
138.201.30.0 - - [05/Aug/2018:00:34:46 +0200] "GET /wp-json/oembed/1.0/embed?url=https%3A%2F%2Fwww.fc-schnaittach.de%2Fdragonrun%2F HTTP/1.1" 200 1224 www.fc-schnaittach.de "https://www.fc-schnaittach.de/dragonrun/" "Mozilla/5.0 (compatible; SEOkicks; +https://www.seokicks.de/robot.html)" "-"
138.201.30.0 - - [05/Aug/2018:00:34:48 +0200] "GET /wp-json/oembed/1.0/embed?url=https%3A%2F%2Fwww.fc-schnaittach.de%2Fdragonrun%2F&format=xml HTTP/1.1" 200 1367 www.fc-schnaittach.de "https://www.fc-schnaittach.de/dragonrun/" "Mozilla/5.0 (compatible; SEOkicks; +https://www.seokicks.de/robot.html)" "-"
138.201.30.0 - - [05/Aug/2018:00:34:51 +0200] "GET /wp-content/themes/fcs/images/production/FcsWappen.ico?ver=1420564287 HTTP/1.1" 200 4606 www.fc-schnaittach.de "https://www.fc-schnaittach.de/" "Mozilla/5.0 (compatible; SEOkicks; +https://www.seokicks.de/robot.html)" "-"
138.201.30.0 - - [05/Aug/2018:00:34:52 +0200] "GET /wp-content/themes/fcs/images/production/FcsWappenMobileBookmark.png?ver=1487205003 HTTP/1.1" 200 12628 www.fc-schnaittach.de "https://www.fc-schnaittach.de/" "Mozilla/5.0 (compatible; SEOkicks; +https://www.seokicks.de/robot.html)" "-"
138.201.30.0 - - [05/Aug/2018:00:34:53 +0200] "GET /page/2/ HTTP/1.1" 200 7787 www.fc-schnaittach.de "https://www.fc-schnaittach.de/" "Mozilla/5.0 (compatible; SEOkicks; +https://www.seokicks.de/robot.html)" "-"
138.201.30.0 - - [05/Aug/2018:00:34:57 +0200] "GET /wp-content/plugins/contact-form-7/includes/css/styles.css?ver=5.0.2 HTTP/1.1" 200 1683 www.fc-schnaittach.de "https://www.fc-schnaittach.de/" "Mozilla/5.0 (compatible; SEOkicks; +https://www.seokicks.de/robot.html)" "-"
207.46.13.0 - - [05/Aug/2018:00:42:38 +0200] "GET /sitemap-pt-page-2016-10.xml HTTP/1.1" 200 630 www.fc-schnaittach.de "-" "Mozilla/5.0 (compatible; bingbot/2.0; +http://www.bing.com/bingbot.htm)" "-"
66.249.66.0 - - [05/Aug/2018:00:42:55 +0200] "GET /sitemap-pt-post-2017-05.xml HTTP/1.1" 200 591 www.fc-schnaittach.de "-" "Mozilla/5.0 (compatible; Googlebot/2.1; +http://www.google.com/bot.html)" "-"
178.137.94.0 - - [05/Aug/2018:00:45:15 +0200] "GET /fussball/damen/ HTTP/1.1" 200 34396 www.fc-schnaittach.de "https://top-l2.com/" "Mozilla/4.0 (compatible; MSIE 4.01; Digital AlphaServer 1000A 4/233; Windows NT; Powered By 64-Bit Alpha Processor)" "-"
178.137.94.0 - - [05/Aug/2018:00:45:17 +0200] "GET /fussball/damen/ HTTP/1.1" 200 34396 www.fc-schnaittach.de "https://top-l2.com/" "Mozilla/4.0 (compatible; MSIE 4.01; Digital AlphaServer 1000A 4/233; Windows NT; Powered By 64-Bit Alpha Processor)" "-"
85.25.210.0 - - [05/Aug/2018:00:47:44 +0200] "GET /robots.txt HTTP/1.1" 301 248 www.fc-schnaittach.de "-" "Mozilla/5.0 (compatible; adscanner/)" "-"
85.25.210.0 - - [05/Aug/2018:00:47:45 +0200] "GET /robots.txt HTTP/1.1" 200 35 www.fc-schnaittach.de "-" "Mozilla/5.0 (compatible; adscanner/)" "-"
85.25.210.0 - - [05/Aug/2018:00:47:45 +0200] "GET /wp-content/uploads/2018/07/27-1024x1024.jpg HTTP/1.1" 301 281 www.fc-schnaittach.de "-" "Mozilla/5.0 (compatible; adscanner/)" "-"
85.25.210.0 - - [05/Aug/2018:00:47:45 +0200] "GET /wp-content/uploads/2018/07/27-1024x1024.jpg HTTP/1.1" 200 117046 www.fc-schnaittach.de "-" "Mozilla/5.0 (compatible; adscanner/)" "-"
157.55.39.0 - - [05/Aug/2018:00:49:12 +0200] "GET /wp-content/uploads/2015/04/FCS-1-Mannschaft-1961-2.jpg HTTP/1.1" 301 292 www.fc-schnaittach.de "-" "Mozilla/5.0 (compatible; bingbot/2.0; +http://www.bing.com/bingbot.htm)" "-"
157.55.39.0 - - [05/Aug/2018:00:49:14 +0200] "GET /wp-content/uploads/2015/04/FCS-1-Mannschaft-1961-2.jpg HTTP/1.1" 200 34637 www.fc-schnaittach.de "-" "Mozilla/5.0 (compatible; bingbot/2.0; +http://www.bing.com/bingbot.htm)" "-"
66.249.66.0 - - [05/Aug/2018:00:49:42 +0200] "GET /hauptverein/vereinsbus/vereinsbusordnung/ HTTP/1.1" 200 7809 www.fc-schnaittach.de "-" "Mozilla/5.0 (compatible; Googlebot/2.1; +http://www.google.com/bot.html)" "-"
13.82.188.0 - - [05/Aug/2018:00:56:25 +0200] "HEAD / HTTP/1.1" 301 - www.fc-schnaittach.de "-" "HTTPing v2.4" "-"
207.46.13.0 - - [05/Aug/2018:00:59:35 +0200] "GET /wp-content/uploads/2015/03/P1020522.jpg HTTP/1.1" 301 277 www.fc-schnaittach.de "-" "Mozilla/5.0 (compatible; bingbot/2.0; +http://www.bing.com/bingbot.htm)" "-"
207.46.13.0 - - [05/Aug/2018:00:59:37 +0200] "GET /wp-content/uploads/2015/03/P1020522.jpg HTTP/1.1" 200 43729 www.fc-schnaittach.de "-" "Mozilla/5.0 (compatible; bingbot/2.0; +http://www.bing.com/bingbot.htm)" "-"
207.46.13.0 - - [05/Aug/2018:01:00:52 +0200] "GET /sitemap-pt-page-2018-03.xml HTTP/1.1" 200 588 www.fc-schnaittach.de "-" "Mozilla/5.0 (compatible; bingbot/2.0; +http://www.bing.com/bingbot.htm)" "-"
54.36.149.0 - - [05/Aug/2018:01:01:14 +0200] "GET /wp-content/uploads/2015/03/Arbenita-Mehmeti.jpg HTTP/1.1" 301 285 www.fc-schnaittach.de "-" "Mozilla/5.0 (compatible; AhrefsBot/5.2; +http://ahrefs.com/robot/)" "-"
54.36.149.0 - - [05/Aug/2018:01:02:12 +0200] "GET /tag/jahresfahrt/feed/ HTTP/1.1" 200 594 www.fc-schnaittach.de "-" "Mozilla/5.0 (compatible; AhrefsBot/5.2; +http://ahrefs.com/robot/)" "-"
54.36.148.0 - - [05/Aug/2018:01:05:20 +0200] "GET /wp-content/uploads/2015/03/P1020630.jpg HTTP/1.1" 200 28073 www.fc-schnaittach.de "-" "Mozilla/5.0 (compatible; AhrefsBot/5.2; +http://ahrefs.com/robot/)" "-"
157.55.39.0 - - [05/Aug/2018:01:05:25 +0200] "GET /attachment-sitemap.xml HTTP/1.1" 200 12644 www.fc-schnaittach.de "-" "Mozilla/5.0 (compatible; bingbot/2.0; +http://www.bing.com/bingbot.htm)" "-"
217.160.63.0 - - [05/Aug/2018:01:08:13 +0200] "POST /wp-cron.php?doing_wp_cron=1533424093.3515870571136474609375 HTTP/1.1" 200 23 www.fc-schnaittach.de "https://www.fc-schnaittach.de/wp-cron.php?doing_wp_cron=1533424093.3515870571136474609375" "WordPress/4.9.8; https://www.fc-schnaittach.de" "-"
207.46.13.0 - - [05/Aug/2018:01:08:13 +0200] "GET /julius-hirsch-preis-urkunde/ HTTP/1.1" 200 7564 www.fc-schnaittach.de "-" "Mozilla/5.0 (compatible; bingbot/2.0; +http://www.bing.com/bingbot.htm)" "-"
216.244.66.0 - - [05/Aug/2018:01:15:32 +0200] "GET /robots.txt HTTP/1.1" 301 248 www.fc-schnaittach.de "-" "Mozilla/5.0 (compatible; DotBot/1.1; http://www.opensiteexplorer.org/dotbot, help@moz.com)" "-"
216.244.66.0 - - [05/Aug/2018:01:15:34 +0200] "GET /robots.txt HTTP/1.1" 200 35 www.fc-schnaittach.de "-" "Mozilla/5.0 (compatible; DotBot/1.1; http://www.opensiteexplorer.org/dotbot, help@moz.com)" "-"
207.46.13.0 - - [05/Aug/2018:01:17:24 +0200] "GET /wp-content/uploads/2017/06/Sporterlebnistag_04-3.jpg HTTP/1.1" 301 290 www.fc-schnaittach.de "-" "Mozilla/5.0 (compatible; bingbot/2.0; +http://www.bing.com/bingbot.htm)" "-"
207.46.13.0 - - [05/Aug/2018:01:17:26 +0200] "GET /wp-content/uploads/2017/06/Sporterlebnistag_04-3.jpg HTTP/1.1" 200 306598 www.fc-schnaittach.de "-" "Mozilla/5.0 (compatible; bingbot/2.0; +http://www.bing.com/bingbot.htm)" "-"
185.209.20.0 - - [05/Aug/2018:01:38:10 +0200] "HEAD / HTTP/1.1" 301 - www.fc-schnaittach.de "https://sxtoys.pro/muzhskoe-bele/" "Mozilla/8.0 (compatible; MSIE3.00; Windows 2008)" "-"
185.154.13.0 - - [05/Aug/2018:01:38:10 +0200] "HEAD / HTTP/1.1" 301 - www.fc-schnaittach.de "https://bankrotperm.ru" "Mozilla/5.0 (compatible; MSIE3.00; Windows 2002)" "-"
212.86.109.0 - - [05/Aug/2018:01:38:10 +0200] "HEAD / HTTP/1.1" 301 - www.fc-schnaittach.de "https://torgovoeoborudovanie.com.ua/g5103591-kotly-pischevarochnye" "Mozilla/6.0 (compatible; MSIE6.00; Windows 2007)" "-"
77.220.214.0 - - [05/Aug/2018:01:38:10 +0200] "HEAD / HTTP/1.1" 301 - www.fc-schnaittach.de "https://criptoblog.ru/review/" "Mozilla/5.0 (compatible; MSIE2.00; Windows 2003)" "-"
178.159.39.0 - - [05/Aug/2018:01:38:10 +0200] "HEAD / HTTP/1.1" 301 - www.fc-schnaittach.de "http://senoopt.pro" "Mozilla/3.0 (compatible; MSIE4.00; Windows 2003)" "-"
178.159.43.0 - - [05/Aug/2018:01:38:11 +0200] "HEAD / HTTP/1.1" 301 - www.fc-schnaittach.de "http://www.ekaterinburg.kontaktor.su/nizkovoltnaya-apparatura.html" "Mozilla/3.0 (compatible; MSIE3.00; Windows 2009)" "-"
77.75.78.0 - - [05/Aug/2018:01:40:37 +0200] "GET /robots.txt HTTP/1.1" 200 35 www.fc-schnaittach.de "-" "Mozilla/5.0 (compatible; SeznamBot/3.2; +http://napoveda.seznam.cz/en/seznambot-intro/)" "-"
2a02:598:: - - [05/Aug/2018:01:40:37 +0200] "GET /wp-content/uploads/2018/05/Small_Wall_1.jpg HTTP/1.1" 200 1683847 www.fc-schnaittach.de "-" "Mozilla/5.0 (compatible; SeznamBot/3.2; +http://napoveda.seznam.cz/en/seznambot-intro/)" "-"
66.249.66.0 - - [05/Aug/2018:01:48:42 +0200] "GET /sitemap-pt-page-2018-01.xml HTTP/1.1" 200 587 www.fc-schnaittach.de "-" "Mozilla/5.0 (compatible; Googlebot/2.1; +http://www.google.com/bot.html)" "-"
217.160.63.0 - - [05/Aug/2018:01:48:42 +0200] "POST /wp-cron.php?doing_wp_cron=1533426522.7840960025787353515625 HTTP/1.1" 200 23 www.fc-schnaittach.de "https://www.fc-schnaittach.de/wp-cron.php?doing_wp_cron=1533426522.7840960025787353515625" "WordPress/4.9.8; https://www.fc-schnaittach.de" "-"
217.160.63.0 - - [05/Aug/2018:01:48:43 +0200] "HEAD /wp-content/uploads/2018/07/IMG_0003-147x300.jpg HTTP/1.1" 200 - www.fc-schnaittach.de "https://www.fc-schnaittach.de" "Mozilla/5.0 (compatible; MSIE 9.0; Windows NT 6.1; WOW64; Trident/5.0)" "-"
217.160.63.0 - - [05/Aug/2018:01:48:45 +0200] "HEAD /wp-content/uploads/2018/07/21.jpg HTTP/1.1" 200 - www.fc-schnaittach.de "https://www.fc-schnaittach.de" "Mozilla/5.0 (compatible; MSIE 9.0; Windows NT 6.1; WOW64; Trident/5.0)" "-"
217.160.63.0 - - [05/Aug/2018:01:48:47 +0200] "HEAD /wp-content/uploads/2018/07/19.jpg HTTP/1.1" 200 - www.fc-schnaittach.de "https://www.fc-schnaittach.de" "Mozilla/5.0 (compatible; MSIE 9.0; Windows NT 6.1; WOW64; Trident/5.0)" "-"
217.160.63.0 - - [05/Aug/2018:01:48:49 +0200] "HEAD /wp-content/uploads/2018/07/19-300x300.jpg HTTP/1.1" 200 - www.fc-schnaittach.de "https://www.fc-schnaittach.de" "Mozilla/5.0 (compatible; MSIE 9.0; Windows NT 6.1; WOW64; Trident/5.0)" "-"
217.160.63.0 - - [05/Aug/2018:01:48:53 +0200] "HEAD /wp-content/uploads/2018/07/25.jpg HTTP/1.1" 200 - www.fc-schnaittach.de "https://www.fc-schnaittach.de" "Mozilla/5.0 (compatible; MSIE 9.0; Windows NT 6.1; WOW64; Trident/5.0)" "-"
217.160.63.0 - - [05/Aug/2018:01:48:58 +0200] "HEAD /wp-content/uploads/2018/07/IMG_0056-300x300.jpg HTTP/1.1" 200 - www.fc-schnaittach.de "https://www.fc-schnaittach.de" "Mozilla/5.0 (compatible; MSIE 9.0; Windows NT 6.1; WOW64; Trident/5.0)" "-"
217.160.63.0 - - [05/Aug/2018:01:49:03 +0200] "HEAD /wp-content/uploads/2018/07/26-300x300.jpg HTTP/1.1" 200 - www.fc-schnaittach.de "https://www.fc-schnaittach.de" "Mozilla/5.0 (compatible; MSIE 9.0; Windows NT 6.1; WOW64; Trident/5.0)" "-"
217.160.63.0 - - [05/Aug/2018:01:49:08 +0200] "HEAD /wp-content/uploads/2018/07/IMG_0096-300x300.jpg HTTP/1.1" 200 - www.fc-schnaittach.de "https://www.fc-schnaittach.de" "Mozilla/5.0 (compatible; MSIE 9.0; Windows NT 6.1; WOW64; Trident/5.0)" "-"
217.160.63.0 - - [05/Aug/2018:01:49:13 +0200] "HEAD /wp-content/uploads/2018/07/27.jpg HTTP/1.1" 200 - www.fc-schnaittach.de "https://www.fc-schnaittach.de" "Mozilla/5.0 (compatible; MSIE 9.0; Windows NT 6.1; WOW64; Trident/5.0)" "-"
217.160.63.0 - - [05/Aug/2018:01:49:18 +0200] "HEAD /wp-content/uploads/2018/07/23.jpg HTTP/1.1" 200 - www.fc-schnaittach.de "https://www.fc-schnaittach.de" "Mozilla/5.0 (compatible; MSIE 9.0; Windows NT 6.1; WOW64; Trident/5.0)" "-"
217.160.63.0 - - [05/Aug/2018:01:49:23 +0200] "HEAD /wp-content/uploads/2018/07/21-300x300.jpg HTTP/1.1" 200 - www.fc-schnaittach.de "https://www.fc-schnaittach.de" "Mozilla/5.0 (compatible; MSIE 9.0; Windows NT 6.1; WOW64; Trident/5.0)" "-"
217.160.63.0 - - [05/Aug/2018:01:49:28 +0200] "HEAD /wp-content/uploads/2018/07/IMG_0003.jpg HTTP/1.1" 200 - www.fc-schnaittach.de "https://www.fc-schnaittach.de" "Mozilla/5.0 (compatible; MSIE 9.0; Windows NT 6.1; WOW64; Trident/5.0)" "-"
217.160.63.0 - - [05/Aug/2018:01:49:33 +0200] "HEAD /wp-content/uploads/2018/07/26.jpg HTTP/1.1" 200 - www.fc-schnaittach.de "https://www.fc-schnaittach.de" "Mozilla/5.0 (compatible; MSIE 9.0; Windows NT 6.1; WOW64; Trident/5.0)" "-"
217.160.63.0 - - [05/Aug/2018:01:49:38 +0200] "HEAD /wp-content/uploads/2018/07/20-300x300.jpg HTTP/1.1" 200 - www.fc-schnaittach.de "https://www.fc-schnaittach.de" "Mozilla/5.0 (compatible; MSIE 9.0; Windows NT 6.1; WOW64; Trident/5.0)" "-"
217.160.63.0 - - [05/Aug/2018:01:49:43 +0200] "HEAD /wp-content/uploads/2018/07/23-300x300.jpg HTTP/1.1" 200 - www.fc-schnaittach.de "https://www.fc-schnaittach.de" "Mozilla/5.0 (compatible; MSIE 9.0; Windows NT 6.1; WOW64; Trident/5.0)" "-"
217.160.63.0 - - [05/Aug/2018:01:49:48 +0200] "HEAD /wp-content/uploads/2018/07/IMG_0095-300x300.jpg HTTP/1.1" 200 - www.fc-schnaittach.de "https://www.fc-schnaittach.de" "Mozilla/5.0 (compatible; MSIE 9.0; Windows NT 6.1; WOW64; Trident/5.0)" "-"
217.160.63.0 - - [05/Aug/2018:01:49:53 +0200] "HEAD /wp-content/uploads/2018/07/IMG_0095.jpg HTTP/1.1" 200 - www.fc-schnaittach.de "https://www.fc-schnaittach.de" "Mozilla/5.0 (compatible; MSIE 9.0; Windows NT 6.1; WOW64; Trident/5.0)" "-"
217.160.63.0 - - [05/Aug/2018:01:49:58 +0200] "HEAD /wp-content/uploads/2018/07/IMG_0056.jpg HTTP/1.1" 200 - www.fc-schnaittach.de "https://www.fc-schnaittach.de" "Mozilla/5.0 (compatible; MSIE 9.0; Windows NT 6.1; WOW64; Trident/5.0)" "-"
217.160.63.0 - - [05/Aug/2018:01:50:03 +0200] "HEAD /wp-content/uploads/2018/07/27-300x300.jpg HTTP/1.1" 200 - www.fc-schnaittach.de "https://www.fc-schnaittach.de" "Mozilla/5.0 (compatible; MSIE 9.0; Windows NT 6.1; WOW64; Trident/5.0)" "-"
217.160.63.0 - - [05/Aug/2018:01:50:08 +0200] "HEAD /wp-content/uploads/2018/07/20.jpg HTTP/1.1" 200 - www.fc-schnaittach.de "https://www.fc-schnaittach.de" "Mozilla/5.0 (compatible; MSIE 9.0; Windows NT 6.1; WOW64; Trident/5.0)" "-"
217.160.63.0 - - [05/Aug/2018:01:50:13 +0200] "HEAD /wp-content/uploads/2018/07/25-300x300.jpg HTTP/1.1" 200 - www.fc-schnaittach.de "https://www.fc-schnaittach.de" "Mozilla/5.0 (compatible; MSIE 9.0; Windows NT 6.1; WOW64; Trident/5.0)" "-"
217.160.63.0 - - [05/Aug/2018:01:50:18 +0200] "HEAD /wp-content/uploads/2018/07/IMG_0096.jpg HTTP/1.1" 200 - www.fc-schnaittach.de "https://www.fc-schnaittach.de" "Mozilla/5.0 (compatible; MSIE 9.0; Windows NT 6.1; WOW64; Trident/5.0)" "-"
207.46.13.0 - - [05/Aug/2018:01:50:55 +0200] "GET /wp-content/uploads/2018/06/Hindernisverteilung-2-1024x768.png HTTP/1.1" 200 573287 www.fc-schnaittach.de "-" "Mozilla/5.0 (compatible; bingbot/2.0; +http://www.bing.com/bingbot.htm)" "-"
85.25.210.0 - - [05/Aug/2018:01:55:16 +0200] "GET /robots.txt HTTP/1.1" 301 248 www.fc-schnaittach.de "-" "Mozilla/5.0 (Windows NT 6.1; WOW64) AppleWebKit/537.36 (KHTML, like Gecko) Chrome/37.0.2062.120 Safari/537.36" "-"
85.25.210.0 - - [05/Aug/2018:01:55:18 +0200] "GET /robots.txt HTTP/1.1" 200 35 www.fc-schnaittach.de "-" "Mozilla/5.0 (Windows NT 6.1; WOW64) AppleWebKit/537.36 (KHTML, like Gecko) Chrome/37.0.2062.120 Safari/537.36" "-"
85.25.210.0 - - [05/Aug/2018:01:55:18 +0200] "GET /robots.txt HTTP/1.1" 301 248 www.fc-schnaittach.de "-" "Mozilla/5.0 (compatible; adscanner/)" "-"
85.25.210.0 - - [05/Aug/2018:01:55:18 +0200] "GET /robots.txt HTTP/1.1" 200 35 www.fc-schnaittach.de "-" "Mozilla/5.0 (Windows NT 6.1; WOW64) AppleWebKit/537.36 (KHTML, like Gecko) Chrome/37.0.2062.120 Safari/537.36" "-"
85.25.210.0 - - [05/Aug/2018:01:55:19 +0200] "GET /robots.txt HTTP/1.1" 200 35 www.fc-schnaittach.de "-" "Mozilla/5.0 (compatible; adscanner/)" "-"
85.25.210.0 - - [05/Aug/2018:01:55:19 +0200] "GET /wp-content/uploads/2015/06/WP_20150626_16_08_32_Pro.jpg HTTP/1.1" 301 293 www.fc-schnaittach.de "-" "Mozilla/5.0 (Windows NT 6.1; WOW64) AppleWebKit/537.36 (KHTML, like Gecko) Chrome/37.0.2062.120 Safari/537.36" "-"
85.25.210.0 - - [05/Aug/2018:01:55:23 +0200] "GET /wp-content/uploads/2015/06/WP_20150626_16_08_32_Pro.jpg HTTP/1.1" 200 47113 www.fc-schnaittach.de "-" "Mozilla/5.0 (Windows NT 6.1; WOW64) AppleWebKit/537.36 (KHTML, like Gecko) Chrome/37.0.2062.120 Safari/537.36" "-"
85.25.210.0 - - [05/Aug/2018:01:55:24 +0200] "GET /wp-content/uploads/2015/06/WP_20150626_16_08_32_Pro.jpg HTTP/1.1" 301 293 www.fc-schnaittach.de "-" "Java/1.8.0_151" "-"
85.25.210.0 - - [05/Aug/2018:01:55:24 +0200] "GET /wp-content/uploads/2015/06/WP_20150626_16_08_32_Pro.jpg HTTP/1.1" 301 293 www.fc-schnaittach.de "-" "Mozilla/5.0 (compatible; adscanner/)" "-"
85.25.210.0 - - [05/Aug/2018:01:55:24 +0200] "GET /wp-content/uploads/2015/06/WP_20150626_16_08_32_Pro.jpg HTTP/1.1" 200 47113 www.fc-schnaittach.de "-" "Mozilla/5.0 (Windows NT 6.1; WOW64) AppleWebKit/537.36 (KHTML, like Gecko) Chrome/37.0.2062.120 Safari/537.36" "-"
94.130.71.0 - - [05/Aug/2018:01:55:25 +0200] "GET /wp-content/uploads/2015/06/WP_20150626_16_08_32_Pro.jpg HTTP/1.1" 200 47113 www.fc-schnaittach.de "-" "Java/1.8.0_151" "-"
85.25.210.0 - - [05/Aug/2018:01:55:30 +0200] "GET /wp-content/uploads/2015/06/WP_20150626_16_08_32_Pro.jpg HTTP/1.1" 200 47113 www.fc-schnaittach.de "-" "Mozilla/5.0 (Windows NT 6.1; WOW64) AppleWebKit/537.36 (KHTML, like Gecko) Chrome/37.0.2062.120 Safari/537.36" "-"
66.249.66.0 - - [05/Aug/2018:01:55:30 +0200] "GET /sitemap-pt-contactperson-2015-11.xml HTTP/1.1" 200 496 www.fc-schnaittach.de "-" "Mozilla/5.0 (compatible; Googlebot/2.1; +http://www.google.com/bot.html)" "-"
94.130.71.0 - - [05/Aug/2018:01:55:31 +0200] "GET /wp-content/uploads/2015/06/WP_20150626_16_08_32_Pro.jpg HTTP/1.1" 200 47113 www.fc-schnaittach.de "-" "Java/1.8.0_151" "-"
138.201.30.0 - - [05/Aug/2018:01:59:14 +0200] "GET /hauptverein/vereinsbus/ HTTP/1.1" 200 7082 www.fc-schnaittach.de "-" "Mozilla/5.0 (compatible; SEOkicks; +https://www.seokicks.de/robot.html)" "-"
138.201.30.0 - - [05/Aug/2018:01:59:19 +0200] "GET /wp-content/themes/fcs/images/production/FcsWappen.ico?ver=1420564287 HTTP/1.1" 301 306 www.fc-schnaittach.de "http://www.fc-schnaittach.de/hauptverein/vereinsbus/" "Mozilla/5.0 (compatible; SEOkicks; +https://www.seokicks.de/robot.html)" "-"
138.201.30.0 - - [05/Aug/2018:01:59:38 +0200] "GET /wp-content/themes/fcs/images/production/FcsWappenMobileBookmark.png?ver=1487205003 HTTP/1.1" 301 320 www.fc-schnaittach.de "http://www.fc-schnaittach.de/hauptverein/vereinsbus/" "Mozilla/5.0 (compatible; SEOkicks; +https://www.seokicks.de/robot.html)" "-"
138.201.30.0 - - [05/Aug/2018:01:59:40 +0200] "GET /wp-content/plugins/contact-form-7/includes/css/styles.css?ver=5.0.2 HTTP/1.1" 301 305 www.fc-schnaittach.de "http://www.fc-schnaittach.de/hauptverein/vereinsbus/" "Mozilla/5.0 (compatible; SEOkicks; +https://www.seokicks.de/robot.html)" "-"
138.201.30.0 - - [05/Aug/2018:01:59:41 +0200] "GET /wp-content/plugins/feedzy-rss-feeds/css/feedzy-rss-feeds.css?ver=3.2.10 HTTP/1.1" 301 309 www.fc-schnaittach.de "http://www.fc-schnaittach.de/hauptverein/vereinsbus/" "Mozilla/5.0 (compatible; SEOkicks; +https://www.seokicks.de/robot.html)" "-"
138.201.30.0 - - [05/Aug/2018:01:59:42 +0200] "GET /wp-content/plugins/recently-updated-posts-widget/css/style.css?ver=4.9.8 HTTP/1.1" 301 310 www.fc-schnaittach.de "http://www.fc-schnaittach.de/hauptverein/vereinsbus/" "Mozilla/5.0 (compatible; SEOkicks; +https://www.seokicks.de/robot.html)" "-"
138.201.30.0 - - [05/Aug/2018:01:59:43 +0200] "GET /wp-content/plugins/user-access-manager/assets/css/uamLoginForm.css?ver=2.1.11 HTTP/1.1" 301 315 www.fc-schnaittach.de "http://www.fc-schnaittach.de/hauptverein/vereinsbus/" "Mozilla/5.0 (compatible; SEOkicks; +https://www.seokicks.de/robot.html)" "-"
54.227.133.0 - - [05/Aug/2018:02:00:30 +0200] "GET / HTTP/1.1" 301 238 fc-schnaittach.de "-" "Mozilla/5.0 (X11; Ubuntu; Linux x86_64) AppleWebKit/537.36 (KHTML, like Gecko) Chrome/60.0.3112.101 Safari/537.36" "-"
54.227.133.0 - - [05/Aug/2018:02:00:34 +0200] "GET / HTTP/1.1" 200 7768 www.fc-schnaittach.de "-" "Mozilla/5.0 (X11; Ubuntu; Linux x86_64) AppleWebKit/537.36 (KHTML, like Gecko) Chrome/60.0.3112.101 Safari/537.36" "-"
66.249.66.0 - - [05/Aug/2018:02:07:58 +0200] "GET /sitemap-pt-post-2015-06.xml HTTP/1.1" 200 653 www.fc-schnaittach.de "-" "Mozilla/5.0 (compatible; Googlebot/2.1; +http://www.google.com/bot.html)" "-"
193.124.190.0 - - [05/Aug/2018:02:09:25 +0200] "HEAD / HTTP/1.1" 301 - www.fc-schnaittach.de "https://www.bravica.net/ru/" "Mozilla/8.0 (compatible; MSIE3.00; Windows 2002)" "-"
185.125.219.0 - - [05/Aug/2018:02:09:25 +0200] "HEAD / HTTP/1.1" 301 - www.fc-schnaittach.de "https://www.bravica.pro/ru/" "Mozilla/7.0 (compatible; MSIE2.00; Windows 2005)" "-"
193.124.176.0 - - [05/Aug/2018:02:09:26 +0200] "HEAD / HTTP/1.1" 301 - www.fc-schnaittach.de "https://www.bravica.biz/ru/" "Mozilla/5.0 (compatible; MSIE6.00; Windows 2006)" "-"
194.67.210.0 - - [05/Aug/2018:02:09:26 +0200] "HEAD / HTTP/1.1" 301 - www.fc-schnaittach.de "https://www.bravica.online/ru/" "Mozilla/7.0 (compatible; MSIE2.00; Windows 2009)" "-"
85.25.210.0 - - [05/Aug/2018:02:10:46 +0200] "GET /robots.txt HTTP/1.1" 301 248 www.fc-schnaittach.de "-" "Mozilla/5.0 (Windows NT 6.1; WOW64) AppleWebKit/537.36 (KHTML, like Gecko) Chrome/37.0.2062.120 Safari/537.36" "-"
85.25.210.0 - - [05/Aug/2018:02:10:47 +0200] "GET /robots.txt HTTP/1.1" 200 35 www.fc-schnaittach.de "-" "Mozilla/5.0 (Windows NT 6.1; WOW64) AppleWebKit/537.36 (KHTML, like Gecko) Chrome/37.0.2062.120 Safari/537.36" "-"
85.25.210.0 - - [05/Aug/2018:02:10:47 +0200] "GET /robots.txt HTTP/1.1" 301 248 www.fc-schnaittach.de "-" "Mozilla/5.0 (compatible; adscanner/)" "-"
85.25.210.0 - - [05/Aug/2018:02:10:48 +0200] "GET /robots.txt HTTP/1.1" 200 35 www.fc-schnaittach.de "-" "Mozilla/5.0 (Windows NT 6.1; WOW64) AppleWebKit/537.36 (KHTML, like Gecko) Chrome/37.0.2062.120 Safari/537.36" "-"
85.25.210.0 - - [05/Aug/2018:02:10:49 +0200] "GET /robots.txt HTTP/1.1" 200 35 www.fc-schnaittach.de "-" "Mozilla/5.0 (compatible; adscanner/)" "-"
85.25.210.0 - - [05/Aug/2018:02:10:50 +0200] "GET /ansprechpartner/fussball/ HTTP/1.1" 200 8182 www.fc-schnaittach.de "-" "Mozilla/5.0 (Windows NT 6.1; WOW64) AppleWebKit/537.36 (KHTML, like Gecko) Chrome/37.0.2062.120 Safari/537.36" "-"
85.25.210.0 - - [05/Aug/2018:02:10:50 +0200] "GET /wp-includes/js/wp-emoji-release.min.js?ver=4.9.8 HTTP/1.1" 301 286 www.fc-schnaittach.de "http://www.fc-schnaittach.de/ansprechpartner/fussball/" "Mozilla/5.0 (Windows NT 6.1; WOW64) AppleWebKit/537.36 (KHTML, like Gecko) Chrome/37.0.2062.120 Safari/537.36" "-"
85.25.210.0 - - [05/Aug/2018:02:10:50 +0200] "GET /wp-includes/js/jquery/jquery-migrate.min.js?ver=1.4.1 HTTP/1.1" 301 291 www.fc-schnaittach.de "http://www.fc-schnaittach.de/ansprechpartner/fussball/" "Mozilla/5.0 (Windows NT 6.1; WOW64) AppleWebKit/537.36 (KHTML, like Gecko) Chrome/37.0.2062.120 Safari/537.36" "-"
85.25.210.0 - - [05/Aug/2018:02:10:50 +0200] "GET /wp-content/plugins/user-access-manager/assets/css/uamLoginForm.css?ver=2.1.11 HTTP/1.1" 301 315 www.fc-schnaittach.de "http://www.fc-schnaittach.de/ansprechpartner/fussball/" "Mozilla/5.0 (Windows NT 6.1; WOW64) AppleWebKit/537.36 (KHTML, like Gecko) Chrome/37.0.2062.120 Safari/537.36" "-"
85.25.210.0 - - [05/Aug/2018:02:10:50 +0200] "GET /wp-content/themes/fcs/css/jquery.smartmenus.bootstrap.css?ver=1418749976 HTTP/1.1" 301 310 www.fc-schnaittach.de "http://www.fc-schnaittach.de/ansprechpartner/fussball/" "Mozilla/5.0 (Windows NT 6.1; WOW64) AppleWebKit/537.36 (KHTML, like Gecko) Chrome/37.0.2062.120 Safari/537.36" "-"
85.25.210.0 - - [05/Aug/2018:02:10:50 +0200] "GET /wp-content/themes/fcs/style.css?ver=1460744932 HTTP/1.1" 301 284 www.fc-schnaittach.de "http://www.fc-schnaittach.de/ansprechpartner/fussball/" "Mozilla/5.0 (Windows NT 6.1; WOW64) AppleWebKit/537.36 (KHTML, like Gecko) Chrome/37.0.2062.120 Safari/537.36" "-"
85.25.210.0 - - [05/Aug/2018:02:10:50 +0200] "GET /wp-content/plugins/contact-form-7/includes/css/styles.css?ver=5.0.2 HTTP/1.1" 301 305 www.fc-schnaittach.de "http://www.fc-schnaittach.de/ansprechpartner/fussball/" "Mozilla/5.0 (Windows NT 6.1; WOW64) AppleWebKit/537.36 (KHTML, like Gecko) Chrome/37.0.2062.120 Safari/537.36" "-"
85.25.210.0 - - [05/Aug/2018:02:10:50 +0200] "GET /wp-content/plugins/recently-updated-posts-widget/css/style.css?ver=4.9.8 HTTP/1.1" 301 310 www.fc-schnaittach.de "http://www.fc-schnaittach.de/ansprechpartner/fussball/" "Mozilla/5.0 (Windows NT 6.1; WOW64) AppleWebKit/537.36 (KHTML, like Gecko) Chrome/37.0.2062.120 Safari/537.36" "-"
85.25.210.0 - - [05/Aug/2018:02:10:51 +0200] "GET /wp-content/themes/fcs/js/fcs.js?ver=1442772175 HTTP/1.1" 301 284 www.fc-schnaittach.de "http://www.fc-schnaittach.de/ansprechpartner/fussball/" "Mozilla/5.0 (Windows NT 6.1; WOW64) AppleWebKit/537.36 (KHTML, like Gecko) Chrome/37.0.2062.120 Safari/537.36" "-"
85.25.210.0 - - [05/Aug/2018:02:10:51 +0200] "GET /wp-content/plugins/feedzy-rss-feeds/css/feedzy-rss-feeds.css?ver=3.2.10 HTTP/1.1" 301 309 www.fc-schnaittach.de "http://www.fc-schnaittach.de/ansprechpartner/fussball/" "Mozilla/5.0 (Windows NT 6.1; WOW64) AppleWebKit/537.36 (KHTML, like Gecko) Chrome/37.0.2062.120 Safari/537.36" "-"
85.25.210.0 - - [05/Aug/2018:02:10:51 +0200] "GET /wp-includes/js/jquery/jquery.js?ver=1.12.4 HTTP/1.1" 301 280 www.fc-schnaittach.de "http://www.fc-schnaittach.de/ansprechpartner/fussball/" "Mozilla/5.0 (Windows NT 6.1; WOW64) AppleWebKit/537.36 (KHTML, like Gecko) Chrome/37.0.2062.120 Safari/537.36" "-"
85.25.210.0 - - [05/Aug/2018:02:10:51 +0200] "GET /wp-content/themes/fcs/js/jquery.smartmenus.min.js?ver=1418750004 HTTP/1.1" 301 302 www.fc-schnaittach.de "http://www.fc-schnaittach.de/ansprechpartner/fussball/" "Mozilla/5.0 (Windows NT 6.1; WOW64) AppleWebKit/537.36 (KHTML, like Gecko) Chrome/37.0.2062.120 Safari/537.36" "-"
85.25.210.0 - - [05/Aug/2018:02:10:51 +0200] "GET /wp-content/themes/fcs/js/jquery.smartmenus.bootstrap.min.js?ver=1418750004 HTTP/1.1" 301 312 www.fc-schnaittach.de "http://www.fc-schnaittach.de/ansprechpartner/fussball/" "Mozilla/5.0 (Windows NT 6.1; WOW64) AppleWebKit/537.36 (KHTML, like Gecko) Chrome/37.0.2062.120 Safari/537.36" "-"
85.25.210.0 - - [05/Aug/2018:02:10:51 +0200] "GET /wp-includes/js/jquery/jquery-migrate.min.js?ver=1.4.1 HTTP/1.1" 200 10056 www.fc-schnaittach.de "http://www.fc-schnaittach.de/ansprechpartner/fussball/" "Mozilla/5.0 (Windows NT 6.1; WOW64) AppleWebKit/537.36 (KHTML, like Gecko) Chrome/37.0.2062.120 Safari/537.36" "-"
85.25.210.0 - - [05/Aug/2018:02:10:51 +0200] "GET /wp-content/plugins/contact-form-7/includes/js/scripts.js?ver=5.0.2 HTTP/1.1" 301 304 www.fc-schnaittach.de "http://www.fc-schnaittach.de/ansprechpartner/fussball/" "Mozilla/5.0 (Windows NT 6.1; WOW64) AppleWebKit/537.36 (KHTML, like Gecko) Chrome/37.0.2062.120 Safari/537.36" "-"
85.25.210.0 - - [05/Aug/2018:02:10:51 +0200] "GET /wp-includes/js/wp-embed.min.js?ver=4.9.8 HTTP/1.1" 301 278 www.fc-schnaittach.de "http://www.fc-schnaittach.de/ansprechpartner/fussball/" "Mozilla/5.0 (Windows NT 6.1; WOW64) AppleWebKit/537.36 (KHTML, like Gecko) Chrome/37.0.2062.120 Safari/537.36" "-"
85.25.210.0 - - [05/Aug/2018:02:10:51 +0200] "GET /wp-includes/js/wp-emoji-release.min.js?ver=4.9.8 HTTP/1.1" 200 12026 www.fc-schnaittach.de "http://www.fc-schnaittach.de/ansprechpartner/fussball/" "Mozilla/5.0 (Windows NT 6.1; WOW64) AppleWebKit/537.36 (KHTML, like Gecko) Chrome/37.0.2062.120 Safari/537.36" "-"
85.25.210.0 - - [05/Aug/2018:02:10:51 +0200] "GET /wp-content/plugins/user-access-manager/assets/css/uamLoginForm.css?ver=2.1.11 HTTP/1.1" 200 468 www.fc-schnaittach.de "http://www.fc-schnaittach.de/ansprechpartner/fussball/" "Mozilla/5.0 (Windows NT 6.1; WOW64) AppleWebKit/537.36 (KHTML, like Gecko) Chrome/37.0.2062.120 Safari/537.36" "-"
85.25.210.0 - - [05/Aug/2018:02:10:51 +0200] "GET /wp-content/plugins/contact-form-7/includes/css/styles.css?ver=5.0.2 HTTP/1.1" 200 1683 www.fc-schnaittach.de "http://www.fc-schnaittach.de/ansprechpartner/fussball/" "Mozilla/5.0 (Windows NT 6.1; WOW64) AppleWebKit/537.36 (KHTML, like Gecko) Chrome/37.0.2062.120 Safari/537.36" "-"
85.25.210.0 - - [05/Aug/2018:02:10:51 +0200] "GET /wp-content/plugins/recently-updated-posts-widget/css/style.css?ver=4.9.8 HTTP/1.1" 200 45 www.fc-schnaittach.de "http://www.fc-schnaittach.de/ansprechpartner/fussball/" "Mozilla/5.0 (Windows NT 6.1; WOW64) AppleWebKit/537.36 (KHTML, like Gecko) Chrome/37.0.2062.120 Safari/537.36" "-"
85.25.210.0 - - [05/Aug/2018:02:10:51 +0200] "GET /wp-content/themes/fcs/js/fcs.js?ver=1442772175 HTTP/1.1" 200 5542 www.fc-schnaittach.de "http://www.fc-schnaittach.de/ansprechpartner/fussball/" "Mozilla/5.0 (Windows NT 6.1; WOW64) AppleWebKit/537.36 (KHTML, like Gecko) Chrome/37.0.2062.120 Safari/537.36" "-"
85.25.210.0 - - [05/Aug/2018:02:10:51 +0200] "GET /wp-content/themes/fcs/style.css?ver=1460744932 HTTP/1.1" 200 22587 www.fc-schnaittach.de "http://www.fc-schnaittach.de/ansprechpartner/fussball/" "Mozilla/5.0 (Windows NT 6.1; WOW64) AppleWebKit/537.36 (KHTML, like Gecko) Chrome/37.0.2062.120 Safari/537.36" "-"
85.25.210.0 - - [05/Aug/2018:02:10:51 +0200] "GET /wp-content/themes/fcs/css/jquery.smartmenus.bootstrap.css?ver=1418749976 HTTP/1.1" 200 3128 www.fc-schnaittach.de "http://www.fc-schnaittach.de/ansprechpartner/fussball/" "Mozilla/5.0 (Windows NT 6.1; WOW64) AppleWebKit/537.36 (KHTML, like Gecko) Chrome/37.0.2062.120 Safari/537.36" "-"
85.25.210.0 - - [05/Aug/2018:02:10:51 +0200] "GET /wp-content/plugins/feedzy-rss-feeds/css/feedzy-rss-feeds.css?ver=3.2.10 HTTP/1.1" 200 9822 www.fc-schnaittach.de "http://www.fc-schnaittach.de/ansprechpartner/fussball/" "Mozilla/5.0 (Windows NT 6.1; WOW64) AppleWebKit/537.36 (KHTML, like Gecko) Chrome/37.0.2062.120 Safari/537.36" "-"
85.25.210.0 - - [05/Aug/2018:02:10:51 +0200] "GET /wp-includes/js/jquery/jquery.js?ver=1.12.4 HTTP/1.1" 200 97184 www.fc-schnaittach.de "http://www.fc-schnaittach.de/ansprechpartner/fussball/" "Mozilla/5.0 (Windows NT 6.1; WOW64) AppleWebKit/537.36 (KHTML, like Gecko) Chrome/37.0.2062.120 Safari/537.36" "-"
85.25.210.0 - - [05/Aug/2018:02:10:51 +0200] "GET /wp-content/themes/fcs/js/jquery.smartmenus.min.js?ver=1418750004 HTTP/1.1" 200 22672 www.fc-schnaittach.de "http://www.fc-schnaittach.de/ansprechpartner/fussball/" "Mozilla/5.0 (Windows NT 6.1; WOW64) AppleWebKit/537.36 (KHTML, like Gecko) Chrome/37.0.2062.120 Safari/537.36" "-"
85.25.210.0 - - [05/Aug/2018:02:10:51 +0200] "GET /wp-content/themes/fcs/js/jquery.smartmenus.bootstrap.min.js?ver=1418750004 HTTP/1.1" 200 1252 www.fc-schnaittach.de "http://www.fc-schnaittach.de/ansprechpartner/fussball/" "Mozilla/5.0 (Windows NT 6.1; WOW64) AppleWebKit/537.36 (KHTML, like Gecko) Chrome/37.0.2062.120 Safari/537.36" "-"
85.25.210.0 - - [05/Aug/2018:02:10:51 +0200] "GET /wp-content/plugins/contact-form-7/includes/js/scripts.js?ver=5.0.2 HTTP/1.1" 200 14585 www.fc-schnaittach.de "http://www.fc-schnaittach.de/ansprechpartner/fussball/" "Mozilla/5.0 (Windows NT 6.1; WOW64) AppleWebKit/537.36 (KHTML, like Gecko) Chrome/37.0.2062.120 Safari/537.36" "-"
85.25.210.0 - - [05/Aug/2018:02:10:51 +0200] "GET /wp-includes/js/wp-embed.min.js?ver=4.9.8 HTTP/1.1" 200 1398 www.fc-schnaittach.de "http://www.fc-schnaittach.de/ansprechpartner/fussball/" "Mozilla/5.0 (Windows NT 6.1; WOW64) AppleWebKit/537.36 (KHTML, like Gecko) Chrome/37.0.2062.120 Safari/537.36" "-"
85.25.210.0 - - [05/Aug/2018:02:10:51 +0200] "GET /wp-content/themes/fcs/images/production/FcsWappen.png HTTP/1.1" 301 291 www.fc-schnaittach.de "http://www.fc-schnaittach.de/ansprechpartner/fussball/" "Mozilla/5.0 (Windows NT 6.1; WOW64) AppleWebKit/537.36 (KHTML, like Gecko) Chrome/37.0.2062.120 Safari/537.36" "-"
85.25.210.0 - - [05/Aug/2018:02:10:51 +0200] "GET /wp-content/themes/fcs/images/production/FcsWappen.png?ver=1487205002 HTTP/1.1" 301 306 www.fc-schnaittach.de "http://www.fc-schnaittach.de/ansprechpartner/fussball/" "Mozilla/5.0 (Windows NT 6.1; WOW64) AppleWebKit/537.36 (KHTML, like Gecko) Chrome/37.0.2062.120 Safari/537.36" "-"
85.25.210.0 - - [05/Aug/2018:02:10:52 +0200] "GET /wp-content/themes/fcs/images/production/FcsWappen.png?ver=1487205002 HTTP/1.1" 200 12482 www.fc-schnaittach.de "http://www.fc-schnaittach.de/ansprechpartner/fussball/" "Mozilla/5.0 (Windows NT 6.1; WOW64) AppleWebKit/537.36 (KHTML, like Gecko) Chrome/37.0.2062.120 Safari/537.36" "-"
85.25.210.0 - - [05/Aug/2018:02:10:52 +0200] "GET /wp-content/themes/fcs/images/production/FcsWappen.png HTTP/1.1" 200 12482 www.fc-schnaittach.de "http://www.fc-schnaittach.de/ansprechpartner/fussball/" "Mozilla/5.0 (Windows NT 6.1; WOW64) AppleWebKit/537.36 (KHTML, like Gecko) Chrome/37.0.2062.120 Safari/537.36" "-"
85.25.210.0 - - [05/Aug/2018:02:10:52 +0200] "GET /ansprechpartner/fussball/ HTTP/1.1" 200 8182 www.fc-schnaittach.de "-" "Mozilla/5.0 (compatible; adscanner/)" "-"
77.75.78.0 - - [05/Aug/2018:02:13:51 +0200] "GET /robots.txt HTTP/1.1" 200 35 www.fc-schnaittach.de "-" "Mozilla/5.0 (compatible; SeznamBot/3.2; +http://napoveda.seznam.cz/en/seznambot-intro/)" "-"
2a02:598:: - - [05/Aug/2018:02:13:52 +0200] "GET /wp-content/uploads/2017/09/SAM_1659-300x225.jpg HTTP/1.1" 200 20551 www.fc-schnaittach.de "-" "Mozilla/5.0 (compatible; SeznamBot/3.2; +http://napoveda.seznam.cz/en/seznambot-intro/)" "-"
207.46.13.0 - - [05/Aug/2018:02:20:41 +0200] "GET /einladung-zur-mitgliederversammlung-2018/ HTTP/1.1" 200 6458 www.fc-schnaittach.de "-" "Mozilla/5.0 (compatible; bingbot/2.0; +http://www.bing.com/bingbot.htm)" "-"
207.46.13.0 - - [05/Aug/2018:02:24:09 +0200] "GET /category/news/ HTTP/1.1" 200 8494 www.fc-schnaittach.de "-" "Mozilla/5.0 (compatible; bingbot/2.0; +http://www.bing.com/bingbot.htm)" "-"
217.160.63.0 - - [05/Aug/2018:02:24:10 +0200] "POST /wp-cron.php?doing_wp_cron=1533428650.0937240123748779296875 HTTP/1.1" 200 23 www.fc-schnaittach.de "https://www.fc-schnaittach.de/wp-cron.php?doing_wp_cron=1533428650.0937240123748779296875" "WordPress/4.9.8; https://www.fc-schnaittach.de" "-"
207.46.13.0 - - [05/Aug/2018:02:26:04 +0200] "GET /hauptverein/sportheim/ HTTP/1.1" 200 6330 www.fc-schnaittach.de "-" "Mozilla/5.0 (compatible; bingbot/2.0; +http://www.bing.com/bingbot.htm)" "-"
207.46.13.0 - - [05/Aug/2018:02:26:06 +0200] "GET /robots.txt HTTP/1.1" 200 35 www.fc-schnaittach.de "-" "Mozilla/5.0 (compatible; bingbot/2.0; +http://www.bing.com/bingbot.htm)" "-"
207.46.13.0 - - [05/Aug/2018:02:26:53 +0200] "GET /fussball/1-mannschaft/ HTTP/1.1" 200 7400 www.fc-schnaittach.de "-" "Mozilla/5.0 (compatible; bingbot/2.0; +http://www.bing.com/bingbot.htm)" "-"
207.46.13.0 - - [05/Aug/2018:02:27:18 +0200] "GET /category/news/fussball/ HTTP/1.1" 200 9673 www.fc-schnaittach.de "-" "Mozilla/5.0 (compatible; bingbot/2.0; +http://www.bing.com/bingbot.htm)" "-"
207.46.13.0 - - [05/Aug/2018:02:27:19 +0200] "GET /hauptverein/bilder/ HTTP/1.1" 200 6465 www.fc-schnaittach.de "-" "Mozilla/5.0 (compatible; bingbot/2.0; +http://www.bing.com/bingbot.htm)" "-"
207.46.13.0 - - [05/Aug/2018:02:28:03 +0200] "GET /aufnahmen-des-sportgelaendes/ HTTP/1.1" 200 6614 www.fc-schnaittach.de "-" "Mozilla/5.0 (compatible; bingbot/2.0; +http://www.bing.com/bingbot.htm)" "-"
207.46.13.0 - - [05/Aug/2018:02:28:39 +0200] "GET /tischtennis/herren-1/ HTTP/1.1" 200 6804 www.fc-schnaittach.de "-" "Mozilla/5.0 (compatible; bingbot/2.0; +http://www.bing.com/bingbot.htm)" "-"
207.46.13.0 - - [05/Aug/2018:02:28:53 +0200] "GET /fussball/3-mannschaft/ HTTP/1.1" 200 6617 www.fc-schnaittach.de "-" "Mozilla/5.0 (compatible; bingbot/2.0; +http://www.bing.com/bingbot.htm)" "-"
54.36.149.0 - - [05/Aug/2018:02:29:09 +0200] "GET /budo-weihnachtsfeier-2016/feed/ HTTP/1.1" 200 552 www.fc-schnaittach.de "-" "Mozilla/5.0 (compatible; AhrefsBot/5.2; +http://ahrefs.com/robot/)" "-"
54.36.149.0 - - [05/Aug/2018:02:29:20 +0200] "GET /wp-content/uploads/2015/03/Johanna-Winkler.jpg HTTP/1.1" 200 702309 www.fc-schnaittach.de "-" "Mozilla/5.0 (compatible; AhrefsBot/5.2; +http://ahrefs.com/robot/)" "-"
207.46.13.0 - - [05/Aug/2018:02:29:20 +0200] "GET /impressum/ HTTP/1.1" 200 8308 www.fc-schnaittach.de "-" "Mozilla/5.0 (compatible; bingbot/2.0; +http://www.bing.com/bingbot.htm)" "-"
207.46.13.0 - - [05/Aug/2018:02:29:22 +0200] "GET /tischtennis/damen/ HTTP/1.1" 200 6790 www.fc-schnaittach.de "-" "Mozilla/5.0 (compatible; bingbot/2.0; +http://www.bing.com/bingbot.htm)" "-"
93.89.235.0 - - [05/Aug/2018:02:31:14 +0200] "GET /wp-content/themes/config.php HTTP/1.1" 200 3 fc-schnaittach.de "http://site.ru" "Mozilla/5.0 (Windows; U; Windows NT 5.1; en-US) AppleWebKit/533.4 (KHTML, like Gecko) Chrome/5.0.375.99 Safari/533.4" "-"
93.89.235.0 - - [05/Aug/2018:02:31:18 +0200] "GET /wp-content/themes/config.php HTTP/1.1" 200 3 fc-schnaittach.de "http://site.ru" "Mozilla/5.0 (Windows; U; Windows NT 5.1; en-US) AppleWebKit/533.4 (KHTML, like Gecko) Chrome/5.0.375.99 Safari/533.4" "-"
66.249.66.0 - - [05/Aug/2018:02:38:37 +0200] "GET /sitemap.xml HTTP/1.1" 200 1176 www.fc-schnaittach.de "-" "Mozilla/5.0 (compatible; Googlebot/2.1; +http://www.google.com/bot.html)" "-"
207.46.13.0 - - [05/Aug/2018:02:41:29 +0200] "GET /datenschutzerklaerung/ HTTP/1.1" 200 15826 www.fc-schnaittach.de "-" "Mozilla/5.0 (compatible; bingbot/2.0; +http://www.bing.com/bingbot.htm)" "-"
207.46.13.0 - - [05/Aug/2018:02:43:11 +0200] "GET /fussball/2-damen/ HTTP/1.1" 200 6620 www.fc-schnaittach.de "-" "Mozilla/5.0 (compatible; bingbot/2.0; +http://www.bing.com/bingbot.htm)" "-"
207.46.13.0 - - [05/Aug/2018:02:44:47 +0200] "GET /category/news/wandern/ HTTP/1.1" 200 7124 www.fc-schnaittach.de "-" "Mozilla/5.0 (compatible; bingbot/2.0; +http://www.bing.com/bingbot.htm)" "-"
157.55.39.0 - - [05/Aug/2018:02:45:43 +0200] "GET /julius-hirsch-preis-2015/ HTTP/1.1" 200 6207 www.fc-schnaittach.de "-" "Mozilla/5.0 (compatible; bingbot/2.0; +http://www.bing.com/bingbot.htm)" "-"
157.55.39.0 - - [05/Aug/2018:02:46:52 +0200] "GET /noch-platz-fuer-spender/ HTTP/1.1" 200 6208 www.fc-schnaittach.de "-" "Mozilla/5.0 (compatible; bingbot/2.0; +http://www.bing.com/bingbot.htm)" "-"
157.55.39.0 - - [05/Aug/2018:02:51:51 +0200] "GET /category/news/karate/ HTTP/1.1" 200 6423 www.fc-schnaittach.de "-" "Mozilla/5.0 (compatible; bingbot/2.0; +http://www.bing.com/bingbot.htm)" "-"
157.55.39.0 - - [05/Aug/2018:02:52:33 +0200] "GET /sitemap-misc.xml HTTP/1.1" 200 582 www.fc-schnaittach.de "-" "Mozilla/5.0 (compatible; bingbot/2.0; +http://www.bing.com/bingbot.htm)" "-"
54.36.148.0 - - [05/Aug/2018:02:53:44 +0200] "GET /kirwa-turnier-1-fc-schnaittach/feed/ HTTP/1.1" 200 554 www.fc-schnaittach.de "-" "Mozilla/5.0 (compatible; AhrefsBot/5.2; +http://ahrefs.com/robot/)" "-"
157.55.39.0 - - [05/Aug/2018:02:56:30 +0200] "GET /fussball/2-mannschaft/ HTTP/1.1" 200 9345 www.fc-schnaittach.de "-" "Mozilla/5.0 (compatible; bingbot/2.0; +http://www.bing.com/bingbot.htm)" "-"
54.36.149.0 - - [05/Aug/2018:02:59:06 +0200] "GET /vorbereitungsplan-saison-20162017/feed/ HTTP/1.1" 200 549 www.fc-schnaittach.de "-" "Mozilla/5.0 (compatible; AhrefsBot/5.2; +http://ahrefs.com/robot/)" "-"
77.75.77.0 - - [05/Aug/2018:03:00:28 +0200] "GET /robots.txt HTTP/1.1" 200 35 www.fc-schnaittach.de "-" "Mozilla/5.0 (compatible; SeznamBot/3.2; +http://napoveda.seznam.cz/en/seznambot-intro/)" "-"
2a02:598:: - - [05/Aug/2018:03:00:29 +0200] "GET /wp-content/uploads/2015/04/FCS-1Jugend-1959.gif HTTP/1.1" 200 272823 www.fc-schnaittach.de "-" "Mozilla/5.0 (compatible; SeznamBot/3.2; +http://napoveda.seznam.cz/en/seznambot-intro/)" "-"
85.25.210.0 - - [05/Aug/2018:03:06:41 +0200] "GET /robots.txt HTTP/1.1" 301 248 www.fc-schnaittach.de "-" "Mozilla/5.0 (Windows NT 6.1; WOW64) AppleWebKit/537.36 (KHTML, like Gecko) Chrome/37.0.2062.120 Safari/537.36" "-"
85.25.210.0 - - [05/Aug/2018:03:06:41 +0200] "GET /robots.txt HTTP/1.1" 200 35 www.fc-schnaittach.de "-" "Mozilla/5.0 (Windows NT 6.1; WOW64) AppleWebKit/537.36 (KHTML, like Gecko) Chrome/37.0.2062.120 Safari/537.36" "-"
85.25.210.0 - - [05/Aug/2018:03:06:43 +0200] "GET /robots.txt HTTP/1.1" 301 248 www.fc-schnaittach.de "-" "Mozilla/5.0 (compatible; adscanner/)" "-"
85.25.210.0 - - [05/Aug/2018:03:06:48 +0200] "GET /wp-content/uploads/2018/06/12.jpg HTTP/1.1" 301 271 www.fc-schnaittach.de "-" "Mozilla/5.0 (Windows NT 6.1; WOW64) AppleWebKit/537.36 (KHTML, like Gecko) Chrome/37.0.2062.120 Safari/537.36" "-"
85.25.210.0 - - [05/Aug/2018:03:06:51 +0200] "GET /wp-content/uploads/2018/06/12.jpg HTTP/1.1" 200 153432 www.fc-schnaittach.de "-" "Mozilla/5.0 (Windows NT 6.1; WOW64) AppleWebKit/537.36 (KHTML, like Gecko) Chrome/37.0.2062.120 Safari/537.36" "-"
85.25.210.0 - - [05/Aug/2018:03:06:51 +0200] "GET /wp-content/uploads/2018/06/12.jpg HTTP/1.1" 301 271 www.fc-schnaittach.de "-" "Java/1.8.0_151" "-"
85.25.210.0 - - [05/Aug/2018:03:06:52 +0200] "GET /wp-content/uploads/2018/06/12.jpg HTTP/1.1" 301 271 www.fc-schnaittach.de "-" "Mozilla/5.0 (compatible; adscanner/)" "-"
85.25.210.0 - - [05/Aug/2018:03:06:54 +0200] "GET /robots.txt HTTP/1.1" 200 35 www.fc-schnaittach.de "-" "Mozilla/5.0 (Windows NT 6.1; WOW64) AppleWebKit/537.36 (KHTML, like Gecko) Chrome/37.0.2062.120 Safari/537.36" "-"
85.25.210.0 - - [05/Aug/2018:03:06:54 +0200] "GET /robots.txt HTTP/1.1" 200 35 www.fc-schnaittach.de "-" "Mozilla/5.0 (compatible; adscanner/)" "-"
85.25.210.0 - - [05/Aug/2018:03:06:58 +0200] "GET /wp-content/uploads/2018/06/12.jpg HTTP/1.1" 200 153432 www.fc-schnaittach.de "-" "Mozilla/5.0 (Windows NT 6.1; WOW64) AppleWebKit/537.36 (KHTML, like Gecko) Chrome/37.0.2062.120 Safari/537.36" "-"
94.130.71.0 - - [05/Aug/2018:03:06:58 +0200] "GET /wp-content/uploads/2018/06/12.jpg HTTP/1.1" 200 153432 www.fc-schnaittach.de "-" "Java/1.8.0_151" "-"
85.25.210.0 - - [05/Aug/2018:03:07:05 +0200] "GET /wp-content/uploads/2018/06/12.jpg HTTP/1.1" 200 153432 www.fc-schnaittach.de "-" "Mozilla/5.0 (Windows NT 6.1; WOW64) AppleWebKit/537.36 (KHTML, like Gecko) Chrome/37.0.2062.120 Safari/537.36" "-"
94.130.71.0 - - [05/Aug/2018:03:07:06 +0200] "GET /wp-content/uploads/2018/06/12.jpg HTTP/1.1" 200 153432 www.fc-schnaittach.de "-" "Java/1.8.0_151" "-"
85.25.210.0 - - [05/Aug/2018:03:07:07 +0200] "GET /wp-content/uploads/2018/06/12.jpg HTTP/1.1" 200 153432 www.fc-schnaittach.de "-" "Mozilla/5.0 (compatible; adscanner/)" "-"
85.25.210.0 - - [05/Aug/2018:03:07:24 +0200] "GET /robots.txt HTTP/1.1" 301 248 www.fc-schnaittach.de "-" "Mozilla/5.0 (compatible; adscanner/)" "-"
85.25.210.0 - - [05/Aug/2018:03:07:25 +0200] "GET /robots.txt HTTP/1.1" 200 35 www.fc-schnaittach.de "-" "Mozilla/5.0 (Windows NT 6.1; WOW64) AppleWebKit/537.36 (KHTML, like Gecko) Chrome/37.0.2062.120 Safari/537.36" "-"
85.25.210.0 - - [05/Aug/2018:03:07:26 +0200] "GET /robots.txt HTTP/1.1" 200 35 www.fc-schnaittach.de "-" "Mozilla/5.0 (compatible; adscanner/)" "-"
85.25.210.0 - - [05/Aug/2018:03:07:27 +0200] "GET /wp-login.php?redirect_to=/fcs-ii-tsv-rueckersdorf-ii-51-10-03-2018/ HTTP/1.1" 301 305 www.fc-schnaittach.de "-" "Mozilla/5.0 (Windows NT 6.1; WOW64) AppleWebKit/537.36 (KHTML, like Gecko) Chrome/37.0.2062.120 Safari/537.36" "-"
85.25.210.0 - - [05/Aug/2018:03:07:28 +0200] "GET /wp-login.php?redirect_to=/fcs-ii-tsv-rueckersdorf-ii-51-10-03-2018/ HTTP/1.1" 200 1286 www.fc-schnaittach.de "-" "Mozilla/5.0 (Windows NT 6.1; WOW64) AppleWebKit/537.36 (KHTML, like Gecko) Chrome/37.0.2062.120 Safari/537.36" "-"
