157.55.39.0 - - [02/Aug/2018:16:21:59 +0200] "GET /wp-content/plugins/contact-form-7/includes/js/scripts.js?ver=5.0.2 HTTP/1.1" 200 14585 www.fc-schnaittach.de "-" "Mozilla/5.0 (compatible; bingbot/2.0; +http://www.bing.com/bingbot.htm)" "-"
217.160.63.0 - - [02/Aug/2018:16:24:42 +0200] "POST /wp-cron.php?doing_wp_cron=1533219882.6204929351806640625000 HTTP/1.1" 301 297 www.fc-schnaittach.de "http://www.fc-schnaittach.de/wp-cron.php?doing_wp_cron=1533219882.6204929351806640625000" "WordPress/4.9.7; https://www.fc-schnaittach.de" "-"
194.187.170.0 - - [02/Aug/2018:16:24:42 +0200] "GET /category/news/hauptverein/ HTTP/1.1" 200 8384 www.fc-schnaittach.de "-" "Mozilla/5.0 (compatible; Qwantify/2.4w; +https://www.qwant.com/)/2.4w" "-"
216.244.66.0 - - [02/Aug/2018:16:26:34 +0200] "GET /robots.txt HTTP/1.1" 301 248 www.fc-schnaittach.de "-" "Mozilla/5.0 (compatible; DotBot/1.1; http://www.opensiteexplorer.org/dotbot, help@moz.com)" "-"
216.244.66.0 - - [02/Aug/2018:16:26:36 +0200] "GET /robots.txt HTTP/1.1" 200 35 www.fc-schnaittach.de "-" "Mozilla/5.0 (compatible; DotBot/1.1; http://www.opensiteexplorer.org/dotbot, help@moz.com)" "-"
217.160.63.0 - - [02/Aug/2018:16:27:47 +0200] "HEAD /wp-content/uploads/2016/01/WF2016_3.jpg HTTP/1.1" 301 - www.fc-schnaittach.de "https://www.fc-schnaittach.de" "Mozilla/5.0 (compatible; MSIE 9.0; Windows NT 6.1; WOW64; Trident/5.0)" "-"
217.160.63.0 - - [02/Aug/2018:16:27:47 +0200] "HEAD /wp-content/uploads/2016/01/WF2016_3.jpg HTTP/1.1" 200 - www.fc-schnaittach.de "https://www.fc-schnaittach.de" "Mozilla/5.0 (compatible; MSIE 9.0; Windows NT 6.1; WOW64; Trident/5.0)" "-"
194.187.170.0 - - [02/Aug/2018:16:27:47 +0200] "GET /hauptverein/sponsoren/ HTTP/1.1" 200 6569 www.fc-schnaittach.de "-" "Mozilla/5.0 (compatible; Qwantify/2.4w; +https://www.qwant.com/)/2.4w" "-"
217.160.63.0 - - [02/Aug/2018:16:27:49 +0200] "HEAD /wp-content/uploads/2018/05/Rock_your_hair_Chevy_1-300x300.png HTTP/1.1" 200 - www.fc-schnaittach.de "https://www.fc-schnaittach.de" "Mozilla/5.0 (compatible; MSIE 9.0; Windows NT 6.1; WOW64; Trident/5.0)" "-"
217.160.63.0 - - [02/Aug/2018:16:27:51 +0200] "HEAD /wp-content/uploads/2018/06/Hindernisverteilung-2-1024x768.png HTTP/1.1" 200 - www.fc-schnaittach.de "https://www.fc-schnaittach.de" "Mozilla/5.0 (compatible; MSIE 9.0; Windows NT 6.1; WOW64; Trident/5.0)" "-"
217.160.63.0 - - [02/Aug/2018:16:27:53 +0200] "HEAD /wp-content/uploads/2018/05/Small_Wall_1.jpg HTTP/1.1" 200 - www.fc-schnaittach.de "https://www.fc-schnaittach.de" "Mozilla/5.0 (compatible; MSIE 9.0; Windows NT 6.1; WOW64; Trident/5.0)" "-"
217.160.63.0 - - [02/Aug/2018:16:27:57 +0200] "HEAD /wp-content/uploads/2018/03/DIN_A6_Flyer_22.02.2018_1-300x215.png HTTP/1.1" 200 - www.fc-schnaittach.de "https://www.fc-schnaittach.de" "Mozilla/5.0 (compatible; MSIE 9.0; Windows NT 6.1; WOW64; Trident/5.0)" "-"
217.160.63.0 - - [02/Aug/2018:16:28:02 +0200] "HEAD /dragonrun/ HTTP/1.1" 200 - www.fc-schnaittach.de "https://www.fc-schnaittach.de" "Mozilla/5.0 (compatible; MSIE 9.0; Windows NT 6.1; WOW64; Trident/5.0)" "-"
217.160.63.0 - - [02/Aug/2018:16:28:08 +0200] "HEAD /wp-content/uploads/2018/05/Rock_your_hair_Chevy_1.png HTTP/1.1" 200 - www.fc-schnaittach.de "https://www.fc-schnaittach.de" "Mozilla/5.0 (compatible; MSIE 9.0; Windows NT 6.1; WOW64; Trident/5.0)" "-"
217.160.63.0 - - [02/Aug/2018:16:28:12 +0200] "HEAD /wp-content/uploads/2018/06/6-300x300.jpg HTTP/1.1" 200 - www.fc-schnaittach.de "https://www.fc-schnaittach.de" "Mozilla/5.0 (compatible; MSIE 9.0; Windows NT 6.1; WOW64; Trident/5.0)" "-"
217.160.63.0 - - [02/Aug/2018:16:28:17 +0200] "HEAD /wp-content/uploads/2018/06/SBC-Flyer-Spendenziel-2018.png HTTP/1.1" 200 - www.fc-schnaittach.de "https://www.fc-schnaittach.de" "Mozilla/5.0 (compatible; MSIE 9.0; Windows NT 6.1; WOW64; Trident/5.0)" "-"
217.160.63.0 - - [02/Aug/2018:16:28:23 +0200] "HEAD /wp-content/uploads/2014/10/Flyer_S2-1024x735.png HTTP/1.1" 301 - www.fc-schnaittach.de "https://www.fc-schnaittach.de" "Mozilla/5.0 (compatible; MSIE 9.0; Windows NT 6.1; WOW64; Trident/5.0)" "-"
217.160.63.0 - - [02/Aug/2018:16:28:23 +0200] "HEAD /wp-content/uploads/2014/10/Flyer_S2-1024x735.png HTTP/1.1" 200 - www.fc-schnaittach.de "https://www.fc-schnaittach.de" "Mozilla/5.0 (compatible; MSIE 9.0; Windows NT 6.1; WOW64; Trident/5.0)" "-"
217.160.63.0 - - [02/Aug/2018:16:28:27 +0200] "HEAD /wp-content/uploads/2014/10/Budo-Logo_Bu-Do_2_hellrot.png HTTP/1.1" 301 - www.fc-schnaittach.de "https://www.fc-schnaittach.de" "Mozilla/5.0 (compatible; MSIE 9.0; Windows NT 6.1; WOW64; Trident/5.0)" "-"
217.160.63.0 - - [02/Aug/2018:16:28:27 +0200] "HEAD /wp-content/uploads/2014/10/Budo-Logo_Bu-Do_2_hellrot.png HTTP/1.1" 200 - www.fc-schnaittach.de "https://www.fc-schnaittach.de" "Mozilla/5.0 (compatible; MSIE 9.0; Windows NT 6.1; WOW64; Trident/5.0)" "-"
217.160.63.0 - - [02/Aug/2018:16:28:32 +0200] "HEAD /wp-content/uploads/2018/06/6.jpg HTTP/1.1" 200 - www.fc-schnaittach.de "https://www.fc-schnaittach.de" "Mozilla/5.0 (compatible; MSIE 9.0; Windows NT 6.1; WOW64; Trident/5.0)" "-"
217.160.63.0 - - [02/Aug/2018:16:27:47 +0200] "POST /wp-cron.php?doing_wp_cron=1533220067.4783511161804199218750 HTTP/1.1" 200 23 www.fc-schnaittach.de "https://www.fc-schnaittach.de/wp-cron.php?doing_wp_cron=1533220067.4783511161804199218750" "WordPress/4.9.7; https://www.fc-schnaittach.de" "-"
217.160.63.0 - - [02/Aug/2018:16:28:37 +0200] "HEAD /wp-content/uploads/2018/06/SBC-Flyer-Spendenziel-2018-150x150.png HTTP/1.1" 200 - www.fc-schnaittach.de "https://www.fc-schnaittach.de" "Mozilla/5.0 (compatible; MSIE 9.0; Windows NT 6.1; WOW64; Trident/5.0)" "-"
217.160.63.0 - - [02/Aug/2018:16:28:42 +0200] "HEAD /wp-content/uploads/2018/06/Hindernisverteilung-2.png HTTP/1.1" 200 - www.fc-schnaittach.de "https://www.fc-schnaittach.de" "Mozilla/5.0 (compatible; MSIE 9.0; Windows NT 6.1; WOW64; Trident/5.0)" "-"
217.160.63.0 - - [02/Aug/2018:16:28:47 +0200] "HEAD /wp-content/uploads/2018/05/Small_Wall_1-300x300.jpg HTTP/1.1" 200 - www.fc-schnaittach.de "https://www.fc-schnaittach.de" "Mozilla/5.0 (compatible; MSIE 9.0; Windows NT 6.1; WOW64; Trident/5.0)" "-"
54.36.149.0 - - [02/Aug/2018:16:31:33 +0200] "GET /wp-content/uploads/2015/03/Terminplan-2015_2.png HTTP/1.1" 301 286 www.fc-schnaittach.de "-" "Mozilla/5.0 (compatible; AhrefsBot/5.2; +http://ahrefs.com/robot/)" "-"
136.243.17.0 - - [02/Aug/2018:16:33:40 +0200] "GET /ehrungen-beim-1-fc-schnaittach/ HTTP/1.1" 200 28792 www.fc-schnaittach.de "-" "Mozilla/5.0 (Macintosh; Intel Mac OS X 10_12_6) AppleWebKit/604.4.7 (KHTML, like Gecko) Version/11.0.2 Safari/604.4.7" "-"
66.249.66.0 - - [02/Aug/2018:16:34:18 +0200] "GET /sitemap-pt-post-2016-12.xml HTTP/1.1" 200 598 www.fc-schnaittach.de "-" "Mozilla/5.0 (compatible; Googlebot/2.1; +http://www.google.com/bot.html)" "-"
46.229.168.0 - - [02/Aug/2018:16:37:10 +0200] "GET /tag/budo HTTP/1.1" 301 23 www.fc-schnaittach.de "-" "Mozilla/5.0 (compatible; SemrushBot/2~bl; +http://www.semrush.com/bot.html)" "-"
13.82.188.0 - - [02/Aug/2018:16:38:10 +0200] "HEAD / HTTP/1.1" 301 - www.fc-schnaittach.de "-" "HTTPing v2.4" "-"
188.105.229.0 - - [02/Aug/2018:16:38:28 +0200] "GET / HTTP/1.1" 301 238 www.fc-schnaittach.de "http://m.facebook.com" "Mozilla/5.0 (iPhone; CPU iPhone OS 11_4_1 like Mac OS X) AppleWebKit/605.1.15 (KHTML, like Gecko) Mobile/15G77 [FBAN/FBIOS;FBAV/180.0.0.37.85;FBBV/116915501;FBDV/iPhone9,4;FBMD/iPhone;FBSN/iOS;FBSV/11.4.1;FBSS/3;FBCR/Vodafone.de;FBID/phone;FBLC/de_DE;FBOP/5;FBRV/117772964]" "-"
188.105.229.0 - - [02/Aug/2018:16:38:28 +0200] "GET / HTTP/1.1" 200 7770 www.fc-schnaittach.de "http://m.facebook.com" "Mozilla/5.0 (iPhone; CPU iPhone OS 11_4_1 like Mac OS X) AppleWebKit/605.1.15 (KHTML, like Gecko) Mobile/15G77 [FBAN/FBIOS;FBAV/180.0.0.37.85;FBBV/116915501;FBDV/iPhone9,4;FBMD/iPhone;FBSN/iOS;FBSV/11.4.1;FBSS/3;FBCR/Vodafone.de;FBID/phone;FBLC/de_DE;FBOP/5;FBRV/117772964]" "-"
2a03:2880:1000:: - - [02/Aug/2018:16:38:29 +0200] "GET /wp-content/themes/fcs/images/production/Transparent.png?ver=1487205002 HTTP/1.1" 200 124 www.fc-schnaittach.de "-" "facebookexternalhit/1.1 (+http://www.facebook.com/externalhit_uatext.php)" "-"
194.187.170.0 - - [02/Aug/2018:16:38:48 +0200] "GET /f3-jugend/ HTTP/1.1" 200 7264 www.fc-schnaittach.de "-" "Mozilla/5.0 (compatible; Qwantify/2.4w; +https://www.qwant.com/)/2.4w" "-"
194.187.170.0 - - [02/Aug/2018:16:44:08 +0200] "GET /e3-jugend/ HTTP/1.1" 200 7210 www.fc-schnaittach.de "-" "Mozilla/5.0 (compatible; Qwantify/2.4w; +https://www.qwant.com/)/2.4w" "-"
194.187.170.0 - - [02/Aug/2018:16:48:50 +0200] "GET /fussball/2-mannschaft/ HTTP/1.1" 200 9348 www.fc-schnaittach.de "-" "Mozilla/5.0 (compatible; Qwantify/2.4w; +https://www.qwant.com/)/2.4w" "-"
216.244.66.0 - - [02/Aug/2018:16:50:56 +0200] "GET /robots.txt HTTP/1.1" 301 248 www.fc-schnaittach.de "-" "Mozilla/5.0 (compatible; DotBot/1.1; http://www.opensiteexplorer.org/dotbot, help@moz.com)" "-"
194.187.170.0 - - [02/Aug/2018:16:50:56 +0200] "GET /category/news/karate/ HTTP/1.1" 200 6424 www.fc-schnaittach.de "-" "Mozilla/5.0 (compatible; Qwantify/2.4w; +https://www.qwant.com/)/2.4w" "-"
216.244.66.0 - - [02/Aug/2018:16:50:59 +0200] "GET /robots.txt HTTP/1.1" 200 35 www.fc-schnaittach.de "-" "Mozilla/5.0 (compatible; DotBot/1.1; http://www.opensiteexplorer.org/dotbot, help@moz.com)" "-"
62.138.0.0 - - [02/Aug/2018:16:52:11 +0200] "GET /robots.txt HTTP/1.1" 301 248 www.fc-schnaittach.de "-" "Mozilla/5.0 (compatible; adscanner/)" "-"
62.138.0.0 - - [02/Aug/2018:16:52:11 +0200] "GET /robots.txt HTTP/1.1" 200 35 www.fc-schnaittach.de "-" "Mozilla/5.0 (compatible; adscanner/)" "-"
62.138.0.0 - - [02/Aug/2018:16:52:14 +0200] "GET /wp-content/uploads/2018/07/21-768x768.jpg HTTP/1.1" 301 279 www.fc-schnaittach.de "-" "Mozilla/5.0 (compatible; adscanner/)" "-"
62.138.0.0 - - [02/Aug/2018:16:52:15 +0200] "GET /wp-content/uploads/2018/07/21-768x768.jpg HTTP/1.1" 200 161778 www.fc-schnaittach.de "-" "Mozilla/5.0 (compatible; adscanner/)" "-"
194.187.170.0 - - [02/Aug/2018:16:52:36 +0200] "GET /g-jugend/ HTTP/1.1" 200 7171 www.fc-schnaittach.de "-" "Mozilla/5.0 (compatible; Qwantify/2.4w; +https://www.qwant.com/)/2.4w" "-"
194.187.170.0 - - [02/Aug/2018:16:54:26 +0200] "GET /category/news/tischtennis/ HTTP/1.1" 200 6620 www.fc-schnaittach.de "-" "Mozilla/5.0 (compatible; Qwantify/2.4w; +https://www.qwant.com/)/2.4w" "-"
194.187.170.0 - - [02/Aug/2018:16:54:59 +0200] "GET /category/news/ HTTP/1.1" 200 8498 www.fc-schnaittach.de "-" "Mozilla/5.0 (compatible; Qwantify/2.4w; +https://www.qwant.com/)/2.4w" "-"
46.118.125.0 - - [02/Aug/2018:16:55:11 +0200] "GET /fussball/damen/ HTTP/1.1" 200 34403 www.fc-schnaittach.de "http://dosugrostov.site/" "Mozilla/4.0 (compatible; MSIE 6.0; Windows 98; Win 9x 4.90; Creative)" "-"
46.229.168.0 - - [02/Aug/2018:16:56:11 +0200] "GET /tag/budo/ HTTP/1.1" 200 6198 www.fc-schnaittach.de "-" "Mozilla/5.0 (compatible; SemrushBot/2~bl; +http://www.semrush.com/bot.html)" "-"
194.187.170.0 - - [02/Aug/2018:16:57:04 +0200] "GET /zumba/ HTTP/1.1" 200 6318 www.fc-schnaittach.de "-" "Mozilla/5.0 (compatible; Qwantify/2.4w; +https://www.qwant.com/)/2.4w" "-"
194.187.170.0 - - [02/Aug/2018:16:58:00 +0200] "GET /hauptverein/kontakt/ HTTP/1.1" 200 6943 www.fc-schnaittach.de "-" "Mozilla/5.0 (compatible; Qwantify/2.4w; +https://www.qwant.com/)/2.4w" "-"
62.138.0.0 - - [02/Aug/2018:16:58:26 +0200] "GET /robots.txt HTTP/1.1" 301 248 www.fc-schnaittach.de "-" "Mozilla/5.0 (compatible; adscanner/)" "-"
62.138.0.0 - - [02/Aug/2018:16:58:27 +0200] "GET /robots.txt HTTP/1.1" 200 35 www.fc-schnaittach.de "-" "Mozilla/5.0 (compatible; adscanner/)" "-"
62.138.0.0 - - [02/Aug/2018:16:58:28 +0200] "GET /wp-content/uploads/2018/07/IMG_0095-1024x1024.jpg HTTP/1.1" 301 287 www.fc-schnaittach.de "-" "Mozilla/5.0 (compatible; adscanner/)" "-"
62.138.0.0 - - [02/Aug/2018:16:58:29 +0200] "GET /wp-content/uploads/2018/07/IMG_0095-1024x1024.jpg HTTP/1.1" 200 314712 www.fc-schnaittach.de "-" "Mozilla/5.0 (compatible; adscanner/)" "-"
54.36.148.0 - - [02/Aug/2018:16:58:36 +0200] "GET /tischtennis/herren-2/feed/ HTTP/1.1" 200 549 www.fc-schnaittach.de "-" "Mozilla/5.0 (compatible; AhrefsBot/5.2; +http://ahrefs.com/robot/)" "-"
54.36.148.0 - - [02/Aug/2018:16:59:58 +0200] "GET /impressum/ HTTP/1.1" 200 8314 www.fc-schnaittach.de "-" "Mozilla/5.0 (compatible; AhrefsBot/5.2; +http://ahrefs.com/robot/)" "-"
54.36.148.0 - - [02/Aug/2018:17:00:38 +0200] "GET /wp-content/uploads/2015/03/P1020630.jpg HTTP/1.1" 301 277 www.fc-schnaittach.de "-" "Mozilla/5.0 (compatible; AhrefsBot/5.2; +http://ahrefs.com/robot/)" "-"
178.137.94.0 - - [02/Aug/2018:17:00:56 +0200] "GET /fussball/damen/ HTTP/1.1" 200 34403 www.fc-schnaittach.de "https://bpro1.top/" "Opera/9.01 (Windows NT 5.1; U; en)" "-"
178.137.94.0 - - [02/Aug/2018:17:00:57 +0200] "GET /fussball/damen/ HTTP/1.1" 200 34403 www.fc-schnaittach.de "https://bpro1.top/" "Opera/9.01 (Windows NT 5.1; U; en)" "-"
66.249.66.0 - - [02/Aug/2018:17:02:55 +0200] "GET /veranstaltungsart/1-mannschaft/ HTTP/1.1" 200 7694 www.fc-schnaittach.de "-" "Mozilla/5.0 (compatible; Googlebot/2.1; +http://www.google.com/bot.html)" "-"
66.249.66.0 - - [02/Aug/2018:17:03:24 +0200] "GET /hauptverein/sportheim/ HTTP/1.1" 200 6331 www.fc-schnaittach.de "-" "Mozilla/5.0 (compatible; Googlebot/2.1; +http://www.google.com/bot.html)" "-"
194.187.170.0 - - [02/Aug/2018:17:06:46 +0200] "GET /karate/ HTTP/1.1" 200 8451 www.fc-schnaittach.de "-" "Mozilla/5.0 (compatible; Qwantify/2.4w; +https://www.qwant.com/)/2.4w" "-"
62.138.0.0 - - [02/Aug/2018:17:15:34 +0200] "GET /robots.txt HTTP/1.1" 301 248 www.fc-schnaittach.de "-" "Mozilla/5.0 (compatible; adscanner/)" "-"
62.138.0.0 - - [02/Aug/2018:17:15:35 +0200] "GET /robots.txt HTTP/1.1" 200 35 www.fc-schnaittach.de "-" "Mozilla/5.0 (compatible; adscanner/)" "-"
62.138.0.0 - - [02/Aug/2018:17:15:35 +0200] "GET /wp-content/uploads/2018/07/IMG_0095.jpg HTTP/1.1" 301 277 www.fc-schnaittach.de "-" "Mozilla/5.0 (compatible; adscanner/)" "-"
62.138.0.0 - - [02/Aug/2018:17:15:38 +0200] "GET /wp-content/uploads/2018/07/IMG_0095.jpg HTTP/1.1" 200 2631968 www.fc-schnaittach.de "-" "Mozilla/5.0 (compatible; adscanner/)" "-"
194.187.170.0 - - [02/Aug/2018:17:15:51 +0200] "GET /hauptverein/sponsoren/ HTTP/1.1" 200 6574 www.fc-schnaittach.de "-" "Mozilla/5.0 (compatible; Qwantify/2.4w; +https://www.qwant.com/)/2.4w" "-"
194.187.170.0 - - [02/Aug/2018:17:22:03 +0200] "GET /fussball/3-mannschaft/ HTTP/1.1" 200 6623 www.fc-schnaittach.de "-" "Mozilla/5.0 (compatible; Qwantify/2.4w; +https://www.qwant.com/)/2.4w" "-"
23.101.169.0 - - [02/Aug/2018:17:23:16 +0200] "GET / HTTP/1.1" 200 7769 www.fc-schnaittach.de "-" "Mozilla/5.0 (compatible; MSIE 9.0; Windows NT 6.0; Trident/5.0;  Trident/5.0)" "-"
217.160.63.0 - - [02/Aug/2018:17:23:17 +0200] "POST /wp-cron.php?doing_wp_cron=1533223397.2993769645690917968750 HTTP/1.1" 200 23 www.fc-schnaittach.de "https://www.fc-schnaittach.de/wp-cron.php?doing_wp_cron=1533223397.2993769645690917968750" "WordPress/4.9.7; https://www.fc-schnaittach.de" "-"
23.101.169.0 - - [02/Aug/2018:17:23:18 +0200] "GET /wp-content/plugins/contact-form-7/includes/css/styles.css?ver=5.0.2 HTTP/1.1" 200 1683 www.fc-schnaittach.de "https://www.fc-schnaittach.de/" "Mozilla/5.0 (compatible; MSIE 9.0; Windows NT 6.0; Trident/5.0;  Trident/5.0)" "-"
23.101.169.0 - - [02/Aug/2018:17:23:18 +0200] "GET /wp-content/plugins/recently-updated-posts-widget/css/style.css?ver=4.9.7 HTTP/1.1" 200 45 www.fc-schnaittach.de "https://www.fc-schnaittach.de/" "Mozilla/5.0 (compatible; MSIE 9.0; Windows NT 6.0; Trident/5.0;  Trident/5.0)" "-"
23.101.169.0 - - [02/Aug/2018:17:23:18 +0200] "GET /wp-content/plugins/feedzy-rss-feeds/css/feedzy-rss-feeds.css?ver=3.2.10 HTTP/1.1" 200 9822 www.fc-schnaittach.de "https://www.fc-schnaittach.de/" "Mozilla/5.0 (compatible; MSIE 9.0; Windows NT 6.0; Trident/5.0;  Trident/5.0)" "-"
23.101.169.0 - - [02/Aug/2018:17:23:18 +0200] "GET /wp-content/plugins/user-access-manager/assets/css/uamLoginForm.css?ver=2.1.11 HTTP/1.1" 200 468 www.fc-schnaittach.de "https://www.fc-schnaittach.de/" "Mozilla/5.0 (compatible; MSIE 9.0; Windows NT 6.0; Trident/5.0;  Trident/5.0)" "-"
23.101.169.0 - - [02/Aug/2018:17:23:19 +0200] "GET /wp-includes/js/jquery/jquery.js?ver=1.12.4 HTTP/1.1" 200 97184 www.fc-schnaittach.de "https://www.fc-schnaittach.de/" "Mozilla/5.0 (compatible; MSIE 9.0; Windows NT 6.0; Trident/5.0;  Trident/5.0)" "-"
23.101.169.0 - - [02/Aug/2018:17:23:19 +0200] "GET /wp-includes/js/jquery/jquery-migrate.min.js?ver=1.4.1 HTTP/1.1" 200 10056 www.fc-schnaittach.de "https://www.fc-schnaittach.de/" "Mozilla/5.0 (compatible; MSIE 9.0; Windows NT 6.0; Trident/5.0;  Trident/5.0)" "-"
23.101.169.0 - - [02/Aug/2018:17:23:19 +0200] "GET /wp-content/themes/fcs/style.css?ver=1460744932 HTTP/1.1" 200 22587 www.fc-schnaittach.de "https://www.fc-schnaittach.de/" "Mozilla/5.0 (compatible; MSIE 9.0; Windows NT 6.0; Trident/5.0;  Trident/5.0)" "-"
23.101.169.0 - - [02/Aug/2018:17:23:20 +0200] "GET /wp-content/themes/fcs/images/production/FcsWappen.png?ver=1487205002 HTTP/1.1" 200 12482 www.fc-schnaittach.de "https://www.fc-schnaittach.de/" "Mozilla/5.0 (compatible; MSIE 9.0; Windows NT 6.0; Trident/5.0;  Trident/5.0)" "-"
23.101.169.0 - - [02/Aug/2018:17:23:20 +0200] "GET /wp-content/themes/fcs/images/production/Transparent.png?ver=1487205002 HTTP/1.1" 200 124 www.fc-schnaittach.de "https://www.fc-schnaittach.de/" "Mozilla/5.0 (compatible; MSIE 9.0; Windows NT 6.0; Trident/5.0;  Trident/5.0)" "-"
23.101.169.0 - - [02/Aug/2018:17:23:20 +0200] "GET /wp-content/themes/fcs/css/jquery.smartmenus.bootstrap.css?ver=1418749976 HTTP/1.1" 200 3128 www.fc-schnaittach.de "https://www.fc-schnaittach.de/" "Mozilla/5.0 (compatible; MSIE 9.0; Windows NT 6.0; Trident/5.0;  Trident/5.0)" "-"
23.101.169.0 - - [02/Aug/2018:17:23:20 +0200] "GET /wp-includes/js/wp-emoji-release.min.js?ver=4.9.7 HTTP/1.1" 200 11721 www.fc-schnaittach.de "https://www.fc-schnaittach.de/" "Mozilla/5.0 (compatible; MSIE 9.0; Windows NT 6.0; Trident/5.0;  Trident/5.0)" "-"
23.101.169.0 - - [02/Aug/2018:17:23:20 +0200] "GET /wp-content/themes/fcs/images/production/Transparent.png HTTP/1.1" 200 124 www.fc-schnaittach.de "https://www.fc-schnaittach.de/" "Mozilla/5.0 (compatible; MSIE 9.0; Windows NT 6.0; Trident/5.0;  Trident/5.0)" "-"
23.101.169.0 - - [02/Aug/2018:17:23:20 +0200] "GET /wp-content/themes/fcs/images/production/FcsWappen.png HTTP/1.1" 200 12482 www.fc-schnaittach.de "https://www.fc-schnaittach.de/" "Mozilla/5.0 (compatible; MSIE 9.0; Windows NT 6.0; Trident/5.0;  Trident/5.0)" "-"
23.101.169.0 - - [02/Aug/2018:17:23:21 +0200] "GET /wp-content/themes/fcs/js/jquery.smartmenus.min.js?ver=1418750004 HTTP/1.1" 200 22672 www.fc-schnaittach.de "https://www.fc-schnaittach.de/" "Mozilla/5.0 (compatible; MSIE 9.0; Windows NT 6.0; Trident/5.0;  Trident/5.0)" "-"
23.101.169.0 - - [02/Aug/2018:17:23:21 +0200] "GET /wp-content/themes/fcs/js/fcs.js?ver=1442772175 HTTP/1.1" 200 5542 www.fc-schnaittach.de "https://www.fc-schnaittach.de/" "Mozilla/5.0 (compatible; MSIE 9.0; Windows NT 6.0; Trident/5.0;  Trident/5.0)" "-"
23.101.169.0 - - [02/Aug/2018:17:23:21 +0200] "GET /wp-includes/js/wp-embed.min.js?ver=4.9.7 HTTP/1.1" 200 1398 www.fc-schnaittach.de "https://www.fc-schnaittach.de/" "Mozilla/5.0 (compatible; MSIE 9.0; Windows NT 6.0; Trident/5.0;  Trident/5.0)" "-"
23.101.169.0 - - [02/Aug/2018:17:23:21 +0200] "GET /wp-content/plugins/contact-form-7/includes/js/scripts.js?ver=5.0.2 HTTP/1.1" 200 14585 www.fc-schnaittach.de "https://www.fc-schnaittach.de/" "Mozilla/5.0 (compatible; MSIE 9.0; Windows NT 6.0; Trident/5.0;  Trident/5.0)" "-"
23.101.169.0 - - [02/Aug/2018:17:23:21 +0200] "GET /wp-content/themes/fcs/js/jquery.smartmenus.bootstrap.min.js?ver=1418750004 HTTP/1.1" 200 1252 www.fc-schnaittach.de "https://www.fc-schnaittach.de/" "Mozilla/5.0 (compatible; MSIE 9.0; Windows NT 6.0; Trident/5.0;  Trident/5.0)" "-"
23.101.169.0 - - [02/Aug/2018:17:23:24 +0200] "GET /wp-content/themes/fcs/images/production/Tischtennis_Production.jpg?ver=1487205002 HTTP/1.1" 200 16063 www.fc-schnaittach.de "https://www.fc-schnaittach.de/" "Mozilla/5.0 (compatible; MSIE 9.0; Windows NT 6.0; Trident/5.0;  Trident/5.0)" "-"
23.101.169.0 - - [02/Aug/2018:17:23:24 +0200] "GET /wp-content/themes/fcs/images/production/Fussball_Production.jpg?ver=1487205002 HTTP/1.1" 200 24902 www.fc-schnaittach.de "https://www.fc-schnaittach.de/" "Mozilla/5.0 (compatible; MSIE 9.0; Windows NT 6.0; Trident/5.0;  Trident/5.0)" "-"
23.101.169.0 - - [02/Aug/2018:17:23:25 +0200] "GET /wp-content/themes/fcs/images/production/Wandern_Production.jpg?ver=1487205003 HTTP/1.1" 200 16247 www.fc-schnaittach.de "https://www.fc-schnaittach.de/" "Mozilla/5.0 (compatible; MSIE 9.0; Windows NT 6.0; Trident/5.0;  Trident/5.0)" "-"
23.101.169.0 - - [02/Aug/2018:17:23:25 +0200] "GET /wp-content/themes/fcs/images/production/Budo_Production.jpg?ver=1487205003 HTTP/1.1" 200 9924 www.fc-schnaittach.de "https://www.fc-schnaittach.de/" "Mozilla/5.0 (compatible; MSIE 9.0; Windows NT 6.0; Trident/5.0;  Trident/5.0)" "-"
23.101.169.0 - - [02/Aug/2018:17:23:25 +0200] "GET /wp-content/themes/fcs/images/production/Karate_Production.jpg?ver=1487205002 HTTP/1.1" 200 16055 www.fc-schnaittach.de "https://www.fc-schnaittach.de/" "Mozilla/5.0 (compatible; MSIE 9.0; Windows NT 6.0; Trident/5.0;  Trident/5.0)" "-"
23.101.169.0 - - [02/Aug/2018:17:23:25 +0200] "GET /wp-content/uploads/2018/05/SAM_1762-002-300x225.jpg HTTP/1.1" 200 22206 www.fc-schnaittach.de "https://www.fc-schnaittach.de/" "Mozilla/5.0 (compatible; MSIE 9.0; Windows NT 6.0; Trident/5.0;  Trident/5.0)" "-"
23.101.169.0 - - [02/Aug/2018:17:23:26 +0200] "GET /wp-content/uploads/2017/09/SAM_1659-300x225.jpg HTTP/1.1" 200 20551 www.fc-schnaittach.de "https://www.fc-schnaittach.de/" "Mozilla/5.0 (compatible; MSIE 9.0; Windows NT 6.0; Trident/5.0;  Trident/5.0)" "-"
23.101.169.0 - - [02/Aug/2018:17:23:26 +0200] "GET /wp-content/themes/fcs/images/production/WappenThumbnail.png HTTP/1.1" 200 13158 www.fc-schnaittach.de "https://www.fc-schnaittach.de/" "Mozilla/5.0 (compatible; MSIE 9.0; Windows NT 6.0; Trident/5.0;  Trident/5.0)" "-"
23.101.169.0 - - [02/Aug/2018:17:23:26 +0200] "GET /wp-content/themes/fcs/images/production/Zumba_Production.jpg?ver=1487205003 HTTP/1.1" 200 54365 www.fc-schnaittach.de "https://www.fc-schnaittach.de/" "Mozilla/5.0 (compatible; MSIE 9.0; Windows NT 6.0; Trident/5.0;  Trident/5.0)" "-"
23.101.169.0 - - [02/Aug/2018:17:23:26 +0200] "GET /wp-content/uploads/2018/05/Small_Wall_1-300x300.jpg HTTP/1.1" 200 25990 www.fc-schnaittach.de "https://www.fc-schnaittach.de/" "Mozilla/5.0 (compatible; MSIE 9.0; Windows NT 6.0; Trident/5.0;  Trident/5.0)" "-"
23.101.169.0 - - [02/Aug/2018:17:23:27 +0200] "GET /wp-content/uploads/2017/06/Sporterlebnistag_04-4-300x189.jpg HTTP/1.1" 200 17229 www.fc-schnaittach.de "https://www.fc-schnaittach.de/" "Mozilla/5.0 (compatible; MSIE 9.0; Windows NT 6.0; Trident/5.0;  Trident/5.0)" "-"
85.25.210.0 - - [02/Aug/2018:17:26:58 +0200] "GET /robots.txt HTTP/1.1" 301 248 www.fc-schnaittach.de "-" "Mozilla/5.0 (compatible; adscanner/)" "-"
85.25.210.0 - - [02/Aug/2018:17:27:00 +0200] "GET /robots.txt HTTP/1.1" 200 35 www.fc-schnaittach.de "-" "Mozilla/5.0 (compatible; adscanner/)" "-"
85.25.210.0 - - [02/Aug/2018:17:27:00 +0200] "GET /wp-content/uploads/2018/07/33.jpg HTTP/1.1" 301 271 www.fc-schnaittach.de "-" "Mozilla/5.0 (compatible; adscanner/)" "-"
85.25.210.0 - - [02/Aug/2018:17:27:02 +0200] "GET /wp-content/uploads/2018/07/33.jpg HTTP/1.1" 200 83501 www.fc-schnaittach.de "-" "Mozilla/5.0 (compatible; adscanner/)" "-"
157.55.39.0 - - [02/Aug/2018:17:29:05 +0200] "GET /wp-content/uploads/2016/11/Lea-Hoyer.jpg HTTP/1.1" 301 278 www.fc-schnaittach.de "-" "Mozilla/5.0 (compatible; bingbot/2.0; +http://www.bing.com/bingbot.htm)" "-"
157.55.39.0 - - [02/Aug/2018:17:29:07 +0200] "GET /wp-content/uploads/2016/11/Lea-Hoyer.jpg HTTP/1.1" 200 1056207 www.fc-schnaittach.de "-" "Mozilla/5.0 (compatible; bingbot/2.0; +http://www.bing.com/bingbot.htm)" "-"
66.249.66.0 - - [02/Aug/2018:17:30:29 +0200] "GET /sitemap-pt-post-2017-06.xml HTTP/1.1" 200 635 www.fc-schnaittach.de "-" "Mozilla/5.0 (compatible; Googlebot/2.1; +http://www.google.com/bot.html)" "-"
2a03:2880:: - - [02/Aug/2018:17:33:40 +0200] "GET /wp-content/uploads/2014/10/Mannschaftsbild-16_17-mit-Verantwortlichen-1024x700.jpg HTTP/1.1" 200 220566 www.fc-schnaittach.de "-" "facebookexternalhit/1.1 (+http://www.facebook.com/externalhit_uatext.php)" "-"
2a03:2880:2100:: - - [02/Aug/2018:17:33:45 +0200] "GET /wp-content/uploads/2014/10/Mannschaftsbild-16_17-mit-Verantwortlichen-1024x700.jpg HTTP/1.1" 200 220566 www.fc-schnaittach.de "-" "facebookexternalhit/1.1 (+http://www.facebook.com/externalhit_uatext.php)" "-"
194.187.170.0 - - [02/Aug/2018:17:34:06 +0200] "GET /hauptverein/vereinsbus/ HTTP/1.1" 200 7079 www.fc-schnaittach.de "-" "Mozilla/5.0 (compatible; Qwantify/2.4w; +https://www.qwant.com/)/2.4w" "-"
194.187.170.0 - - [02/Aug/2018:17:34:18 +0200] "GET /hauptverein/anfahrt/ HTTP/1.1" 200 6307 www.fc-schnaittach.de "-" "Mozilla/5.0 (compatible; Qwantify/2.4w; +https://www.qwant.com/)/2.4w" "-"
194.187.170.0 - - [02/Aug/2018:17:34:40 +0200] "GET /tischtennis/herren-3/ HTTP/1.1" 200 6909 www.fc-schnaittach.de "-" "Mozilla/5.0 (compatible; Qwantify/2.4w; +https://www.qwant.com/)/2.4w" "-"
52.175.195.0 - - [02/Aug/2018:17:36:50 +0200] "HEAD / HTTP/1.1" 301 - www.fc-schnaittach.de "-" "HTTPing v2.4" "-"
216.244.66.0 - - [02/Aug/2018:17:40:11 +0200] "GET /robots.txt HTTP/1.1" 301 248 www.fc-schnaittach.de "-" "Mozilla/5.0 (compatible; DotBot/1.1; http://www.opensiteexplorer.org/dotbot, help@moz.com)" "-"
216.244.66.0 - - [02/Aug/2018:17:40:15 +0200] "GET /robots.txt HTTP/1.1" 200 35 www.fc-schnaittach.de "-" "Mozilla/5.0 (compatible; DotBot/1.1; http://www.opensiteexplorer.org/dotbot, help@moz.com)" "-"
62.138.0.0 - - [02/Aug/2018:17:41:39 +0200] "GET /robots.txt HTTP/1.1" 301 248 www.fc-schnaittach.de "-" "Mozilla/5.0 (compatible; adscanner/)" "-"
62.138.0.0 - - [02/Aug/2018:17:41:42 +0200] "GET /robots.txt HTTP/1.1" 200 35 www.fc-schnaittach.de "-" "Mozilla/5.0 (compatible; adscanner/)" "-"
62.138.0.0 - - [02/Aug/2018:17:41:42 +0200] "GET /wp-content/uploads/2018/07/31.jpg HTTP/1.1" 301 271 www.fc-schnaittach.de "-" "Mozilla/5.0 (compatible; adscanner/)" "-"
62.138.0.0 - - [02/Aug/2018:17:41:42 +0200] "GET /wp-content/uploads/2018/07/31.jpg HTTP/1.1" 200 277283 www.fc-schnaittach.de "-" "Mozilla/5.0 (compatible; adscanner/)" "-"
207.46.13.0 - - [02/Aug/2018:17:47:56 +0200] "GET /sitemap-pt-page-2015-03.xml HTTP/1.1" 200 789 www.fc-schnaittach.de "-" "Mozilla/5.0 (compatible; bingbot/2.0; +http://www.bing.com/bingbot.htm)" "-"
54.36.149.0 - - [02/Aug/2018:17:49:11 +0200] "GET /tag/spenderstein/feed/ HTTP/1.1" 200 1142 www.fc-schnaittach.de "-" "Mozilla/5.0 (compatible; AhrefsBot/5.2; +http://ahrefs.com/robot/)" "-"
194.187.170.0 - - [02/Aug/2018:17:49:30 +0200] "GET /fussball/2-mannschaft/galerie-2-mannschaft/ HTTP/1.1" 200 7227 www.fc-schnaittach.de "-" "Mozilla/5.0 (compatible; Qwantify/2.4w; +https://www.qwant.com/)/2.4w" "-"
207.46.13.0 - - [02/Aug/2018:17:50:08 +0200] "GET /wp-content/uploads/2015/03/Nadine-Vogl.jpg HTTP/1.1" 200 64963 www.fc-schnaittach.de "-" "Mozilla/5.0 (compatible; bingbot/2.0; +http://www.bing.com/bingbot.htm)" "-"
194.187.170.0 - - [02/Aug/2018:17:52:22 +0200] "GET /tischtennis/herren-2/ HTTP/1.1" 200 6771 www.fc-schnaittach.de "-" "Mozilla/5.0 (compatible; Qwantify/2.4w; +https://www.qwant.com/)/2.4w" "-"
194.187.170.0 - - [02/Aug/2018:17:54:16 +0200] "GET /category/news/hauptverein/ HTTP/1.1" 200 8372 www.fc-schnaittach.de "-" "Mozilla/5.0 (compatible; Qwantify/2.4w; +https://www.qwant.com/)/2.4w" "-"
194.187.170.0 - - [02/Aug/2018:17:57:46 +0200] "GET /ansprechpartner/fussball/ HTTP/1.1" 200 8179 www.fc-schnaittach.de "-" "Mozilla/5.0 (compatible; Qwantify/2.4w; +https://www.qwant.com/)/2.4w" "-"
207.46.13.0 - - [02/Aug/2018:17:58:18 +0200] "GET /wp-content/uploads/2016/11/Nicole-Sch%C3%BCtz.jpg HTTP/1.1" 301 287 www.fc-schnaittach.de "-" "Mozilla/5.0 (compatible; bingbot/2.0; +http://www.bing.com/bingbot.htm)" "-"
207.46.13.0 - - [02/Aug/2018:17:58:19 +0200] "GET /wp-content/uploads/2016/11/Nicole-Sch%c3%bctz.jpg HTTP/1.1" 200 1027863 www.fc-schnaittach.de "-" "Mozilla/5.0 (compatible; bingbot/2.0; +http://www.bing.com/bingbot.htm)" "-"
85.25.210.0 - - [02/Aug/2018:18:02:04 +0200] "GET /robots.txt HTTP/1.1" 301 248 www.fc-schnaittach.de "-" "Mozilla/5.0 (compatible; adscanner/)" "-"
85.25.210.0 - - [02/Aug/2018:18:02:04 +0200] "GET /robots.txt HTTP/1.1" 200 35 www.fc-schnaittach.de "-" "Mozilla/5.0 (compatible; adscanner/)" "-"
85.25.210.0 - - [02/Aug/2018:18:02:08 +0200] "GET /wp-content/uploads/2018/07/25.jpg HTTP/1.1" 301 271 www.fc-schnaittach.de "-" "Mozilla/5.0 (compatible; adscanner/)" "-"
85.25.210.0 - - [02/Aug/2018:18:02:10 +0200] "GET /wp-content/uploads/2018/07/25.jpg HTTP/1.1" 200 184764 www.fc-schnaittach.de "-" "Mozilla/5.0 (compatible; adscanner/)" "-"
194.187.170.0 - - [02/Aug/2018:18:03:17 +0200] "GET /tischtennis/herren-1/ HTTP/1.1" 200 6805 www.fc-schnaittach.de "-" "Mozilla/5.0 (compatible; Qwantify/2.4w; +https://www.qwant.com/)/2.4w" "-"
216.244.66.0 - - [02/Aug/2018:18:05:13 +0200] "GET /robots.txt HTTP/1.1" 301 248 www.fc-schnaittach.de "-" "Mozilla/5.0 (compatible; DotBot/1.1; http://www.opensiteexplorer.org/dotbot, help@moz.com)" "-"
216.244.66.0 - - [02/Aug/2018:18:05:15 +0200] "GET /robots.txt HTTP/1.1" 200 35 www.fc-schnaittach.de "-" "Mozilla/5.0 (compatible; DotBot/1.1; http://www.opensiteexplorer.org/dotbot, help@moz.com)" "-"
207.46.13.0 - - [02/Aug/2018:18:12:21 +0200] "GET /wp-content/uploads/2014/10/DSC03526-e1430394652407.jpg HTTP/1.1" 301 292 www.fc-schnaittach.de "-" "Mozilla/5.0 (compatible; bingbot/2.0; +http://www.bing.com/bingbot.htm)" "-"
207.46.13.0 - - [02/Aug/2018:18:12:22 +0200] "GET /wp-content/uploads/2014/10/DSC03526-e1430394652407.jpg HTTP/1.1" 200 120309 www.fc-schnaittach.de "-" "Mozilla/5.0 (compatible; bingbot/2.0; +http://www.bing.com/bingbot.htm)" "-"
85.25.210.0 - - [02/Aug/2018:18:13:16 +0200] "GET /robots.txt HTTP/1.1" 301 248 www.fc-schnaittach.de "-" "Mozilla/5.0 (compatible; adscanner/)" "-"
85.25.210.0 - - [02/Aug/2018:18:13:20 +0200] "GET /robots.txt HTTP/1.1" 200 35 www.fc-schnaittach.de "-" "Mozilla/5.0 (compatible; adscanner/)" "-"
85.25.210.0 - - [02/Aug/2018:18:13:20 +0200] "GET /wp-content/uploads/2018/06/DragonRun-Shirt_2.png HTTP/1.1" 301 286 www.fc-schnaittach.de "-" "Mozilla/5.0 (compatible; adscanner/)" "-"
85.25.210.0 - - [02/Aug/2018:18:13:21 +0200] "GET /wp-content/uploads/2018/06/DragonRun-Shirt_2.png HTTP/1.1" 200 782623 www.fc-schnaittach.de "-" "Mozilla/5.0 (compatible; adscanner/)" "-"
54.36.148.0 - - [02/Aug/2018:18:22:07 +0200] "GET /jahresfahrt-2015/feed/ HTTP/1.1" 200 538 www.fc-schnaittach.de "-" "Mozilla/5.0 (compatible; AhrefsBot/5.2; +http://ahrefs.com/robot/)" "-"
217.160.63.0 - - [02/Aug/2018:18:24:03 +0200] "POST /wp-cron.php?doing_wp_cron=1533227043.3310370445251464843750 HTTP/1.1" 301 297 www.fc-schnaittach.de "http://www.fc-schnaittach.de/wp-cron.php?doing_wp_cron=1533227043.3310370445251464843750" "WordPress/4.9.7; https://www.fc-schnaittach.de" "-"
66.249.66.0 - - [02/Aug/2018:18:24:03 +0200] "GET /sitemap-pt-page-2017-10.xml HTTP/1.1" 200 498 www.fc-schnaittach.de "-" "Mozilla/5.0 (compatible; Googlebot/2.1; +http://www.google.com/bot.html)" "-"
66.249.66.0 - - [02/Aug/2018:18:24:10 +0200] "GET /sitemap-pt-contactperson-2017-10.xml HTTP/1.1" 200 495 www.fc-schnaittach.de "-" "Mozilla/5.0 (compatible; Googlebot/2.1; +http://www.google.com/bot.html)" "-"
23.101.169.0 - - [02/Aug/2018:18:26:57 +0200] "GET /fussball/1-mannschaft/ HTTP/1.1" 200 7403 www.fc-schnaittach.de "-" "Mozilla/5.0 (compatible; MSIE 9.0; Windows NT 6.0; Trident/5.0;  Trident/5.0)" "-"
217.160.63.0 - - [02/Aug/2018:18:26:58 +0200] "POST /wp-cron.php?doing_wp_cron=1533227218.1456270217895507812500 HTTP/1.1" 200 23 www.fc-schnaittach.de "https://www.fc-schnaittach.de/wp-cron.php?doing_wp_cron=1533227218.1456270217895507812500" "WordPress/4.9.7; https://www.fc-schnaittach.de" "-"
23.101.169.0 - - [02/Aug/2018:18:26:59 +0200] "GET /wp-content/plugins/contact-form-7/includes/css/styles.css?ver=5.0.2 HTTP/1.1" 200 1683 www.fc-schnaittach.de "https://www.fc-schnaittach.de/fussball/1-mannschaft/" "Mozilla/5.0 (compatible; MSIE 9.0; Windows NT 6.0; Trident/5.0;  Trident/5.0)" "-"
23.101.169.0 - - [02/Aug/2018:18:26:59 +0200] "GET /wp-content/plugins/recently-updated-posts-widget/css/style.css?ver=4.9.7 HTTP/1.1" 200 45 www.fc-schnaittach.de "https://www.fc-schnaittach.de/fussball/1-mannschaft/" "Mozilla/5.0 (compatible; MSIE 9.0; Windows NT 6.0; Trident/5.0;  Trident/5.0)" "-"
23.101.169.0 - - [02/Aug/2018:18:27:00 +0200] "GET /wp-content/plugins/user-access-manager/assets/css/uamLoginForm.css?ver=2.1.11 HTTP/1.1" 200 468 www.fc-schnaittach.de "https://www.fc-schnaittach.de/fussball/1-mannschaft/" "Mozilla/5.0 (compatible; MSIE 9.0; Windows NT 6.0; Trident/5.0;  Trident/5.0)" "-"
23.101.169.0 - - [02/Aug/2018:18:27:01 +0200] "GET /wp-content/plugins/feedzy-rss-feeds/css/feedzy-rss-feeds.css?ver=3.2.10 HTTP/1.1" 200 9822 www.fc-schnaittach.de "https://www.fc-schnaittach.de/fussball/1-mannschaft/" "Mozilla/5.0 (compatible; MSIE 9.0; Windows NT 6.0; Trident/5.0;  Trident/5.0)" "-"
23.101.169.0 - - [02/Aug/2018:18:27:01 +0200] "GET /wp-includes/js/jquery/jquery.js?ver=1.12.4 HTTP/1.1" 200 97184 www.fc-schnaittach.de "https://www.fc-schnaittach.de/fussball/1-mannschaft/" "Mozilla/5.0 (compatible; MSIE 9.0; Windows NT 6.0; Trident/5.0;  Trident/5.0)" "-"
23.101.169.0 - - [02/Aug/2018:18:27:01 +0200] "GET /wp-includes/js/jquery/jquery-migrate.min.js?ver=1.4.1 HTTP/1.1" 200 10056 www.fc-schnaittach.de "https://www.fc-schnaittach.de/fussball/1-mannschaft/" "Mozilla/5.0 (compatible; MSIE 9.0; Windows NT 6.0; Trident/5.0;  Trident/5.0)" "-"
23.101.169.0 - - [02/Aug/2018:18:27:01 +0200] "GET /wp-content/themes/fcs/css/jquery.smartmenus.bootstrap.css?ver=1418749976 HTTP/1.1" 200 3128 www.fc-schnaittach.de "https://www.fc-schnaittach.de/fussball/1-mannschaft/" "Mozilla/5.0 (compatible; MSIE 9.0; Windows NT 6.0; Trident/5.0;  Trident/5.0)" "-"
23.101.169.0 - - [02/Aug/2018:18:27:01 +0200] "GET /wp-content/themes/fcs/style.css?ver=1460744932 HTTP/1.1" 200 22587 www.fc-schnaittach.de "https://www.fc-schnaittach.de/fussball/1-mannschaft/" "Mozilla/5.0 (compatible; MSIE 9.0; Windows NT 6.0; Trident/5.0;  Trident/5.0)" "-"
23.101.169.0 - - [02/Aug/2018:18:27:02 +0200] "GET /wp-includes/js/wp-emoji-release.min.js?ver=4.9.7 HTTP/1.1" 200 11721 www.fc-schnaittach.de "https://www.fc-schnaittach.de/fussball/1-mannschaft/" "Mozilla/5.0 (compatible; MSIE 9.0; Windows NT 6.0; Trident/5.0;  Trident/5.0)" "-"
23.101.169.0 - - [02/Aug/2018:18:27:02 +0200] "GET /wp-content/themes/fcs/images/production/FcsWappen.png?ver=1487205002 HTTP/1.1" 200 12482 www.fc-schnaittach.de "https://www.fc-schnaittach.de/fussball/1-mannschaft/" "Mozilla/5.0 (compatible; MSIE 9.0; Windows NT 6.0; Trident/5.0;  Trident/5.0)" "-"
23.101.169.0 - - [02/Aug/2018:18:27:03 +0200] "GET /wp-content/themes/fcs/js/fcs.js?ver=1442772175 HTTP/1.1" 200 5542 www.fc-schnaittach.de "https://www.fc-schnaittach.de/fussball/1-mannschaft/" "Mozilla/5.0 (compatible; MSIE 9.0; Windows NT 6.0; Trident/5.0;  Trident/5.0)" "-"
23.101.169.0 - - [02/Aug/2018:18:27:03 +0200] "GET /wp-content/themes/fcs/images/production/FcsWappen.png HTTP/1.1" 200 12482 www.fc-schnaittach.de "https://www.fc-schnaittach.de/fussball/1-mannschaft/" "Mozilla/5.0 (compatible; MSIE 9.0; Windows NT 6.0; Trident/5.0;  Trident/5.0)" "-"
23.101.169.0 - - [02/Aug/2018:18:27:03 +0200] "GET /wp-content/plugins/contact-form-7/includes/js/scripts.js?ver=5.0.2 HTTP/1.1" 200 14585 www.fc-schnaittach.de "https://www.fc-schnaittach.de/fussball/1-mannschaft/" "Mozilla/5.0 (compatible; MSIE 9.0; Windows NT 6.0; Trident/5.0;  Trident/5.0)" "-"
23.101.169.0 - - [02/Aug/2018:18:27:03 +0200] "GET /wp-content/themes/fcs/js/jquery.smartmenus.bootstrap.min.js?ver=1418750004 HTTP/1.1" 200 1252 www.fc-schnaittach.de "https://www.fc-schnaittach.de/fussball/1-mannschaft/" "Mozilla/5.0 (compatible; MSIE 9.0; Windows NT 6.0; Trident/5.0;  Trident/5.0)" "-"
23.101.169.0 - - [02/Aug/2018:18:27:04 +0200] "GET /wp-content/themes/fcs/js/jquery.smartmenus.min.js?ver=1418750004 HTTP/1.1" 200 22672 www.fc-schnaittach.de "https://www.fc-schnaittach.de/fussball/1-mannschaft/" "Mozilla/5.0 (compatible; MSIE 9.0; Windows NT 6.0; Trident/5.0;  Trident/5.0)" "-"
23.101.169.0 - - [02/Aug/2018:18:27:04 +0200] "GET /wp-includes/js/wp-embed.min.js?ver=4.9.7 HTTP/1.1" 200 1398 www.fc-schnaittach.de "https://www.fc-schnaittach.de/fussball/1-mannschaft/" "Mozilla/5.0 (compatible; MSIE 9.0; Windows NT 6.0; Trident/5.0;  Trident/5.0)" "-"
85.25.210.0 - - [02/Aug/2018:18:29:00 +0200] "GET /robots.txt HTTP/1.1" 301 248 www.fc-schnaittach.de "-" "Mozilla/5.0 (compatible; adscanner/)" "-"
85.25.210.0 - - [02/Aug/2018:18:29:00 +0200] "GET /robots.txt HTTP/1.1" 200 35 www.fc-schnaittach.de "-" "Mozilla/5.0 (compatible; adscanner/)" "-"
85.25.210.0 - - [02/Aug/2018:18:29:00 +0200] "GET /wp-content/uploads/2018/07/26.jpg HTTP/1.1" 301 271 www.fc-schnaittach.de "-" "Mozilla/5.0 (compatible; adscanner/)" "-"
85.25.210.0 - - [02/Aug/2018:18:29:01 +0200] "GET /wp-content/uploads/2018/07/26.jpg HTTP/1.1" 200 238913 www.fc-schnaittach.de "-" "Mozilla/5.0 (compatible; adscanner/)" "-"
216.244.66.0 - - [02/Aug/2018:18:30:55 +0200] "GET /robots.txt HTTP/1.1" 301 248 www.fc-schnaittach.de "-" "Mozilla/5.0 (compatible; DotBot/1.1; http://www.opensiteexplorer.org/dotbot, help@moz.com)" "-"
216.244.66.0 - - [02/Aug/2018:18:30:59 +0200] "GET /robots.txt HTTP/1.1" 200 35 www.fc-schnaittach.de "-" "Mozilla/5.0 (compatible; DotBot/1.1; http://www.opensiteexplorer.org/dotbot, help@moz.com)" "-"
207.46.13.0 - - [02/Aug/2018:18:34:01 +0200] "GET /sitemap-pt-post-2016-12.xml HTTP/1.1" 200 597 www.fc-schnaittach.de "-" "Mozilla/5.0 (compatible; bingbot/2.0; +http://www.bing.com/bingbot.htm)" "-"
85.25.210.0 - - [02/Aug/2018:18:37:02 +0200] "GET /robots.txt HTTP/1.1" 301 248 www.fc-schnaittach.de "-" "Mozilla/5.0 (compatible; adscanner/)" "-"
85.25.210.0 - - [02/Aug/2018:18:37:03 +0200] "GET /robots.txt HTTP/1.1" 200 35 www.fc-schnaittach.de "-" "Mozilla/5.0 (compatible; adscanner/)" "-"
85.25.210.0 - - [02/Aug/2018:18:37:04 +0200] "GET /wp-content/uploads/2018/06/12.jpg HTTP/1.1" 301 271 www.fc-schnaittach.de "-" "Mozilla/5.0 (compatible; adscanner/)" "-"
85.25.210.0 - - [02/Aug/2018:18:37:05 +0200] "GET /wp-content/uploads/2018/06/12.jpg HTTP/1.1" 200 153432 www.fc-schnaittach.de "-" "Mozilla/5.0 (compatible; adscanner/)" "-"
217.160.63.0 - - [02/Aug/2018:18:39:48 +0200] "POST /wp-cron.php?doing_wp_cron=1533227988.7742469310760498046875 HTTP/1.1" 301 297 www.fc-schnaittach.de "http://www.fc-schnaittach.de/wp-cron.php?doing_wp_cron=1533227988.7742469310760498046875" "WordPress/4.9.7; https://www.fc-schnaittach.de" "-"
178.137.161.0 - - [02/Aug/2018:18:39:48 +0200] "GET /fussball/damen/ HTTP/1.1" 200 34403 www.fc-schnaittach.de "https://www.souvenirua.com/uk/" "Mozilla/4.0 (compatible; MSIE 6.0; Windows NT 5.1)" "-"
207.46.13.0 - - [02/Aug/2018:18:42:18 +0200] "GET /wp-content/uploads/2016/11/Laura-Merkel-225x300.jpg HTTP/1.1" 200 16483 www.fc-schnaittach.de "-" "Mozilla/5.0 (compatible; bingbot/2.0; +http://www.bing.com/bingbot.htm)" "-"
217.160.63.0 - - [02/Aug/2018:18:50:53 +0200] "POST /wp-cron.php?doing_wp_cron=1533228653.3715999126434326171875 HTTP/1.1" 301 297 www.fc-schnaittach.de "http://www.fc-schnaittach.de/wp-cron.php?doing_wp_cron=1533228653.3715999126434326171875" "WordPress/4.9.7; https://www.fc-schnaittach.de" "-"
178.137.95.0 - - [02/Aug/2018:18:50:53 +0200] "GET /fussball/damen/ HTTP/1.1" 200 34403 www.fc-schnaittach.de "https://tl.rulate.ru/" "Mozilla/4.0 (compatible; MSIE 6.0; America Online Browser 1.1; rev1.2; Windows NT 5.1; SV1; .NET CLR 1.1.4322)" "-"
178.137.95.0 - - [02/Aug/2018:18:50:54 +0200] "GET /fussball/damen/ HTTP/1.1" 200 34403 www.fc-schnaittach.de "https://tl.rulate.ru/" "Mozilla/4.0 (compatible; MSIE 6.0; America Online Browser 1.1; rev1.2; Windows NT 5.1; SV1; .NET CLR 1.1.4322)" "-"
178.137.95.0 - - [02/Aug/2018:18:50:55 +0200] "GET /fussball/damen/ HTTP/1.1" 200 34403 www.fc-schnaittach.de "https://tl.rulate.ru/" "Mozilla/4.0 (compatible; MSIE 6.0; America Online Browser 1.1; rev1.2; Windows NT 5.1; SV1; .NET CLR 1.1.4322)" "-"
62.138.0.0 - - [02/Aug/2018:18:51:18 +0200] "GET /robots.txt HTTP/1.1" 301 248 www.fc-schnaittach.de "-" "Mozilla/5.0 (compatible; adscanner/)" "-"
62.138.0.0 - - [02/Aug/2018:18:51:19 +0200] "GET /robots.txt HTTP/1.1" 200 35 www.fc-schnaittach.de "-" "Mozilla/5.0 (compatible; adscanner/)" "-"
62.138.0.0 - - [02/Aug/2018:18:51:19 +0200] "GET /wp-content/uploads/2018/06/SBC-Flyer-Spendenziel-2018.png HTTP/1.1" 301 295 www.fc-schnaittach.de "-" "Mozilla/5.0 (compatible; adscanner/)" "-"
62.138.0.0 - - [02/Aug/2018:18:51:21 +0200] "GET /wp-content/uploads/2018/06/SBC-Flyer-Spendenziel-2018.png HTTP/1.1" 200 218519 www.fc-schnaittach.de "-" "Mozilla/5.0 (compatible; adscanner/)" "-"
178.137.16.0 - - [02/Aug/2018:18:53:46 +0200] "GET /wp-content/themes/sketch/404.php HTTP/1.1" 200 3 fc-schnaittach.de "fc-schnaittach.de/wp-content/themes/sketch/404.php" "Mozilla/5.0 (Windows NT 6.1; Win64; x64) AppleWebKit/537.36 (KHTML, like Gecko) Chrome/62.0.3202.94 Safari/537.36" "-"
217.160.63.0 - - [02/Aug/2018:18:53:47 +0200] "POST /wp-cron.php?doing_wp_cron=1533228827.1306860446929931640625 HTTP/1.1" 301 297 www.fc-schnaittach.de "http://www.fc-schnaittach.de/wp-cron.php?doing_wp_cron=1533228827.1306860446929931640625" "WordPress/4.9.7; https://www.fc-schnaittach.de" "-"
2a03:2880:: - - [02/Aug/2018:19:06:20 +0200] "GET /wp-content/uploads/2014/10/Mannschaftsbild-16_17-mit-Verantwortlichen-1024x700.jpg HTTP/1.1" 200 220566 www.fc-schnaittach.de "-" "facebookexternalhit/1.1 (+http://www.facebook.com/externalhit_uatext.php)" "-"
54.36.148.0 - - [02/Aug/2018:19:13:23 +0200] "GET /wp-content/uploads/2014/10/B_M%C3%A4rz.jpg HTTP/1.1" 200 102909 www.fc-schnaittach.de "-" "Mozilla/5.0 (compatible; AhrefsBot/5.2; +http://ahrefs.com/robot/)" "-"
54.36.149.0 - - [02/Aug/2018:19:13:50 +0200] "GET /wp-content/uploads/2015/05/Linder-2015.jpg HTTP/1.1" 200 106047 www.fc-schnaittach.de "-" "Mozilla/5.0 (compatible; AhrefsBot/5.2; +http://ahrefs.com/robot/)" "-"
54.36.148.0 - - [02/Aug/2018:19:16:34 +0200] "GET /wp-content/uploads/2015/03/Marlene-Walther.jpg HTTP/1.1" 200 66250 www.fc-schnaittach.de "-" "Mozilla/5.0 (compatible; AhrefsBot/5.2; +http://ahrefs.com/robot/)" "-"
62.138.0.0 - - [02/Aug/2018:19:16:40 +0200] "GET /robots.txt HTTP/1.1" 301 248 www.fc-schnaittach.de "-" "Mozilla/5.0 (compatible; adscanner/)" "-"
62.138.0.0 - - [02/Aug/2018:19:16:44 +0200] "GET /robots.txt HTTP/1.1" 200 35 www.fc-schnaittach.de "-" "Mozilla/5.0 (compatible; adscanner/)" "-"
62.138.0.0 - - [02/Aug/2018:19:16:45 +0200] "GET /wp-content/uploads/2018/07/27.jpg HTTP/1.1" 301 271 www.fc-schnaittach.de "-" "Mozilla/5.0 (compatible; adscanner/)" "-"
62.138.0.0 - - [02/Aug/2018:19:16:48 +0200] "GET /wp-content/uploads/2018/07/27.jpg HTTP/1.1" 200 783628 www.fc-schnaittach.de "-" "Mozilla/5.0 (compatible; adscanner/)" "-"
217.160.63.0 - - [02/Aug/2018:19:17:07 +0200] "POST /wp-cron.php?doing_wp_cron=1533230227.6890919208526611328125 HTTP/1.1" 301 297 www.fc-schnaittach.de "http://www.fc-schnaittach.de/wp-cron.php?doing_wp_cron=1533230227.6890919208526611328125" "WordPress/4.9.7; https://www.fc-schnaittach.de" "-"
2003:e3:7b00:: - - [02/Aug/2018:19:17:07 +0200] "GET /fussball/2-mannschaft/ HTTP/1.1" 200 9349 www.fc-schnaittach.de "http://m.facebook.com" "Mozilla/5.0 (iPhone; CPU iPhone OS 11_4_1 like Mac OS X) AppleWebKit/605.1.15 (KHTML, like Gecko) Mobile/15G77 [FBAN/FBIOS;FBAV/182.0.0.42.80;FBBV/118457561;FBDV/iPhone9,3;FBMD/iPhone;FBSN/iOS;FBSV/11.4.1;FBSS/2;FBCR/Telekom.de;FBID/phone;FBLC/de_DE;FBOP/5;FBRV/119161735]" "-"
2a03:2880:2100:: - - [02/Aug/2018:19:17:08 +0200] "GET /wp-content/uploads/2014/10/Mannschaftsbild-16_17-mit-Verantwortlichen-1024x700.jpg HTTP/1.1" 200 220566 www.fc-schnaittach.de "-" "facebookexternalhit/1.1 (+http://www.facebook.com/externalhit_uatext.php)" "-"
178.137.95.0 - - [02/Aug/2018:19:17:09 +0200] "GET /fussball/damen/ HTTP/1.1" 200 34403 www.fc-schnaittach.de "http://money7777.info/" "Mozilla/4.0 (compatible; MSIE 5.5; Windows 95)" "-"
54.36.148.0 - - [02/Aug/2018:19:25:37 +0200] "GET /tag/erlangen/feed/ HTTP/1.1" 200 592 www.fc-schnaittach.de "-" "Mozilla/5.0 (compatible; AhrefsBot/5.2; +http://ahrefs.com/robot/)" "-"
217.160.63.0 - - [02/Aug/2018:19:25:37 +0200] "POST /wp-cron.php?doing_wp_cron=1533230737.3154180049896240234375 HTTP/1.1" 200 23 www.fc-schnaittach.de "https://www.fc-schnaittach.de/wp-cron.php?doing_wp_cron=1533230737.3154180049896240234375" "WordPress/4.9.7; https://www.fc-schnaittach.de" "-"
2001:a62:1700:: - - [02/Aug/2018:19:25:42 +0200] "GET / HTTP/1.1" 200 7769 www.fc-schnaittach.de "https://www.google.de/" "Mozilla/5.0 (Windows NT 10.0; Win64; x64) AppleWebKit/537.36 (KHTML, like Gecko) Chrome/67.0.3396.99 Safari/537.36" "-"
2001:a62:1700:: - - [02/Aug/2018:19:25:42 +0200] "GET /wp-content/plugins/contact-form-7/includes/css/styles.css?ver=5.0.2 HTTP/1.1" 200 1683 www.fc-schnaittach.de "https://www.fc-schnaittach.de/" "Mozilla/5.0 (Windows NT 10.0; Win64; x64) AppleWebKit/537.36 (KHTML, like Gecko) Chrome/67.0.3396.99 Safari/537.36" "-"
2001:a62:1700:: - - [02/Aug/2018:19:25:42 +0200] "GET /wp-includes/js/jquery/jquery-migrate.min.js?ver=1.4.1 HTTP/1.1" 200 10056 www.fc-schnaittach.de "https://www.fc-schnaittach.de/" "Mozilla/5.0 (Windows NT 10.0; Win64; x64) AppleWebKit/537.36 (KHTML, like Gecko) Chrome/67.0.3396.99 Safari/537.36" "-"
2001:a62:1700:: - - [02/Aug/2018:19:25:42 +0200] "GET /wp-content/plugins/feedzy-rss-feeds/css/feedzy-rss-feeds.css?ver=3.2.10 HTTP/1.1" 200 9822 www.fc-schnaittach.de "https://www.fc-schnaittach.de/" "Mozilla/5.0 (Windows NT 10.0; Win64; x64) AppleWebKit/537.36 (KHTML, like Gecko) Chrome/67.0.3396.99 Safari/537.36" "-"
2001:a62:1700:: - - [02/Aug/2018:19:25:43 +0200] "GET /wp-content/plugins/recently-updated-posts-widget/css/style.css?ver=4.9.7 HTTP/1.1" 200 45 www.fc-schnaittach.de "https://www.fc-schnaittach.de/" "Mozilla/5.0 (Windows NT 10.0; Win64; x64) AppleWebKit/537.36 (KHTML, like Gecko) Chrome/67.0.3396.99 Safari/537.36" "-"
2001:a62:1700:: - - [02/Aug/2018:19:25:43 +0200] "GET /wp-content/plugins/user-access-manager/assets/css/uamLoginForm.css?ver=2.1.11 HTTP/1.1" 200 468 www.fc-schnaittach.de "https://www.fc-schnaittach.de/" "Mozilla/5.0 (Windows NT 10.0; Win64; x64) AppleWebKit/537.36 (KHTML, like Gecko) Chrome/67.0.3396.99 Safari/537.36" "-"
2001:a62:1700:: - - [02/Aug/2018:19:25:43 +0200] "GET /wp-includes/js/jquery/jquery.js?ver=1.12.4 HTTP/1.1" 200 97184 www.fc-schnaittach.de "https://www.fc-schnaittach.de/" "Mozilla/5.0 (Windows NT 10.0; Win64; x64) AppleWebKit/537.36 (KHTML, like Gecko) Chrome/67.0.3396.99 Safari/537.36" "-"
2001:a62:1700:: - - [02/Aug/2018:19:25:43 +0200] "GET /wp-content/themes/fcs/css/jquery.smartmenus.bootstrap.css?ver=1418749976 HTTP/1.1" 200 3128 www.fc-schnaittach.de "https://www.fc-schnaittach.de/" "Mozilla/5.0 (Windows NT 10.0; Win64; x64) AppleWebKit/537.36 (KHTML, like Gecko) Chrome/67.0.3396.99 Safari/537.36" "-"
2001:a62:1700:: - - [02/Aug/2018:19:25:43 +0200] "GET /wp-content/themes/fcs/style.css?ver=1460744932 HTTP/1.1" 200 22587 www.fc-schnaittach.de "https://www.fc-schnaittach.de/" "Mozilla/5.0 (Windows NT 10.0; Win64; x64) AppleWebKit/537.36 (KHTML, like Gecko) Chrome/67.0.3396.99 Safari/537.36" "-"
2001:a62:1700:: - - [02/Aug/2018:19:25:43 +0200] "GET /wp-content/themes/fcs/images/production/FcsWappen.png?ver=1487205002 HTTP/1.1" 200 12482 www.fc-schnaittach.de "https://www.fc-schnaittach.de/" "Mozilla/5.0 (Windows NT 10.0; Win64; x64) AppleWebKit/537.36 (KHTML, like Gecko) Chrome/67.0.3396.99 Safari/537.36" "-"
2001:a62:1700:: - - [02/Aug/2018:19:25:43 +0200] "GET /wp-content/themes/fcs/images/production/Transparent.png?ver=1487205002 HTTP/1.1" 200 124 www.fc-schnaittach.de "https://www.fc-schnaittach.de/" "Mozilla/5.0 (Windows NT 10.0; Win64; x64) AppleWebKit/537.36 (KHTML, like Gecko) Chrome/67.0.3396.99 Safari/537.36" "-"
2001:a62:1700:: - - [02/Aug/2018:19:25:43 +0200] "GET /wp-content/themes/fcs/js/fcs.js?ver=1442772175 HTTP/1.1" 200 5542 www.fc-schnaittach.de "https://www.fc-schnaittach.de/" "Mozilla/5.0 (Windows NT 10.0; Win64; x64) AppleWebKit/537.36 (KHTML, like Gecko) Chrome/67.0.3396.99 Safari/537.36" "-"
2001:a62:1700:: - - [02/Aug/2018:19:25:43 +0200] "GET /wp-content/themes/fcs/js/jquery.smartmenus.min.js?ver=1418750004 HTTP/1.1" 200 22672 www.fc-schnaittach.de "https://www.fc-schnaittach.de/" "Mozilla/5.0 (Windows NT 10.0; Win64; x64) AppleWebKit/537.36 (KHTML, like Gecko) Chrome/67.0.3396.99 Safari/537.36" "-"
2001:a62:1700:: - - [02/Aug/2018:19:25:43 +0200] "GET /wp-content/themes/fcs/images/production/Transparent.png HTTP/1.1" 200 124 www.fc-schnaittach.de "https://www.fc-schnaittach.de/" "Mozilla/5.0 (Windows NT 10.0; Win64; x64) AppleWebKit/537.36 (KHTML, like Gecko) Chrome/67.0.3396.99 Safari/537.36" "-"
2001:a62:1700:: - - [02/Aug/2018:19:25:43 +0200] "GET /wp-content/themes/fcs/js/jquery.smartmenus.bootstrap.min.js?ver=1418750004 HTTP/1.1" 200 1252 www.fc-schnaittach.de "https://www.fc-schnaittach.de/" "Mozilla/5.0 (Windows NT 10.0; Win64; x64) AppleWebKit/537.36 (KHTML, like Gecko) Chrome/67.0.3396.99 Safari/537.36" "-"
2001:a62:1700:: - - [02/Aug/2018:19:25:43 +0200] "GET /wp-includes/js/wp-emoji-release.min.js?ver=4.9.7 HTTP/1.1" 200 11721 www.fc-schnaittach.de "https://www.fc-schnaittach.de/" "Mozilla/5.0 (Windows NT 10.0; Win64; x64) AppleWebKit/537.36 (KHTML, like Gecko) Chrome/67.0.3396.99 Safari/537.36" "-"
