85.25.210.0 - - [05/Aug/2018:03:07:28 +0200] "GET /wp-admin/load-styles.php?c=0&dir=ltr&load%5B%5D=dashicons,buttons,forms,l10n,login&ver=4.9.8 HTTP/1.1" 200 36688 www.fc-schnaittach.de "https://www.fc-schnaittach.de/wp-login.php?redirect_to=/fcs-ii-tsv-rueckersdorf-ii-51-10-03-2018/" "Mozilla/5.0 (Windows NT 6.1; WOW64) AppleWebKit/537.36 (KHTML, like Gecko) Chrome/37.0.2062.120 Safari/537.36" "-"
85.25.210.0 - - [05/Aug/2018:03:07:29 +0200] "GET /wp-admin/images/wordpress-logo.svg?ver=20131107 HTTP/1.1" 200 1521 www.fc-schnaittach.de "https://www.fc-schnaittach.de/wp-login.php?redirect_to=/fcs-ii-tsv-rueckersdorf-ii-51-10-03-2018/" "Mozilla/5.0 (Windows NT 6.1; WOW64) AppleWebKit/537.36 (KHTML, like Gecko) Chrome/37.0.2062.120 Safari/537.36" "-"
85.25.210.0 - - [05/Aug/2018:03:07:29 +0200] "GET /wp-login.php?redirect_to=/fcs-ii-tsv-rueckersdorf-ii-51-10-03-2018/ HTTP/1.1" 301 305 www.fc-schnaittach.de "-" "Mozilla/5.0 (compatible; adscanner/)" "-"
85.25.210.0 - - [05/Aug/2018:03:07:31 +0200] "GET /wp-login.php?redirect_to=/fcs-ii-tsv-rueckersdorf-ii-51-10-03-2018/ HTTP/1.1" 200 1286 www.fc-schnaittach.de "-" "Mozilla/5.0 (Windows NT 6.1; WOW64) AppleWebKit/537.36 (KHTML, like Gecko) Chrome/37.0.2062.120 Safari/537.36" "-"
85.25.210.0 - - [05/Aug/2018:03:07:31 +0200] "GET /wp-admin/load-styles.php?c=0&dir=ltr&load%5B%5D=dashicons,buttons,forms,l10n,login&ver=4.9.8 HTTP/1.1" 200 36688 www.fc-schnaittach.de "https://www.fc-schnaittach.de/wp-login.php?redirect_to=/fcs-ii-tsv-rueckersdorf-ii-51-10-03-2018/" "Mozilla/5.0 (Windows NT 6.1; WOW64) AppleWebKit/537.36 (KHTML, like Gecko) Chrome/37.0.2062.120 Safari/537.36" "-"
85.25.210.0 - - [05/Aug/2018:03:07:32 +0200] "GET /wp-admin/images/wordpress-logo.svg?ver=20131107 HTTP/1.1" 200 1521 www.fc-schnaittach.de "https://www.fc-schnaittach.de/wp-login.php?redirect_to=/fcs-ii-tsv-rueckersdorf-ii-51-10-03-2018/" "Mozilla/5.0 (Windows NT 6.1; WOW64) AppleWebKit/537.36 (KHTML, like Gecko) Chrome/37.0.2062.120 Safari/537.36" "-"
85.25.210.0 - - [05/Aug/2018:03:07:33 +0200] "GET /wp-login.php?redirect_to=/fcs-ii-tsv-rueckersdorf-ii-51-10-03-2018/ HTTP/1.1" 200 1286 www.fc-schnaittach.de "-" "Mozilla/5.0 (compatible; adscanner/)" "-"
46.229.168.0 - - [05/Aug/2018:03:09:40 +0200] "GET /robots.txt HTTP/1.1" 301 248 www.fc-schnaittach.de "-" "Mozilla/5.0 (compatible; SemrushBot/2~bl; +http://www.semrush.com/bot.html)" "-"
46.229.168.0 - - [05/Aug/2018:03:09:41 +0200] "GET /robots.txt HTTP/1.1" 200 35 www.fc-schnaittach.de "-" "Mozilla/5.0 (compatible; SemrushBot/2~bl; +http://www.semrush.com/bot.html)" "-"
207.46.13.0 - - [05/Aug/2018:03:11:36 +0200] "GET /wp-content/themes/fcs/images/production/Tischtennis_Production.jpg?ver=1420564286 HTTP/1.1" 301 319 www.fc-schnaittach.de "-" "Mozilla/5.0 (compatible; bingbot/2.0; +http://www.bing.com/bingbot.htm)" "-"
207.46.13.0 - - [05/Aug/2018:03:11:39 +0200] "GET /wp-content/themes/fcs/images/production/Tischtennis_Production.jpg?ver=1420564286 HTTP/1.1" 200 16063 www.fc-schnaittach.de "-" "Mozilla/5.0 (compatible; bingbot/2.0; +http://www.bing.com/bingbot.htm)" "-"
207.46.13.0 - - [05/Aug/2018:03:13:56 +0200] "GET /einladung-schueler-und-jugend-turnier/fcslogo/ HTTP/1.1" 200 195 www.fc-schnaittach.de "-" "Mozilla/5.0 (compatible; bingbot/2.0; +http://www.bing.com/bingbot.htm)" "-"
66.249.66.0 - - [05/Aug/2018:03:20:31 +0200] "GET /fussball-probetraining/ HTTP/1.1" 200 6460 www.fc-schnaittach.de "-" "Mozilla/5.0 (compatible; Googlebot/2.1; +http://www.google.com/bot.html)" "-"
207.46.13.0 - - [05/Aug/2018:03:23:59 +0200] "GET /wp-content/uploads/2015/01/FCS-Neufassung-Satzung-DIN-A5.pdf HTTP/1.1" 200 233488 www.fc-schnaittach.de "-" "Mozilla/5.0 (compatible; bingbot/2.0; +http://www.bing.com/bingbot.htm)" "-"
207.46.13.0 - - [05/Aug/2018:03:29:17 +0200] "GET /wp-content/uploads/2014/10/P1160498.jpg HTTP/1.1" 200 531457 www.fc-schnaittach.de "-" "Mozilla/5.0 (compatible; bingbot/2.0; +http://www.bing.com/bingbot.htm)" "-"
46.229.168.0 - - [05/Aug/2018:03:30:49 +0200] "GET /ansprechpartner/tischtennis HTTP/1.1" 301 23 www.fc-schnaittach.de "-" "Mozilla/5.0 (compatible; SemrushBot/2~bl; +http://www.semrush.com/bot.html)" "-"
217.160.63.0 - - [05/Aug/2018:03:30:50 +0200] "POST /wp-cron.php?doing_wp_cron=1533432650.0934228897094726562500 HTTP/1.1" 301 297 www.fc-schnaittach.de "http://www.fc-schnaittach.de/wp-cron.php?doing_wp_cron=1533432650.0934228897094726562500" "WordPress/4.9.8; https://www.fc-schnaittach.de" "-"
77.220.213.0 - - [05/Aug/2018:03:39:43 +0200] "HEAD / HTTP/1.1" 301 - www.fc-schnaittach.de "https://avto-oligarh.ru" "Mozilla/8.0 (compatible; MSIE2.00; Windows 2007)" "-"
185.203.240.0 - - [05/Aug/2018:03:39:43 +0200] "HEAD / HTTP/1.1" 301 - www.fc-schnaittach.de "http://electro-tobacco.com/komplektuyushie/obcluzhivaemie-atomaizeri-rba/" "Mozilla/2.0 (compatible; MSIE3.00; Windows 2008)" "-"
77.220.215.0 - - [05/Aug/2018:03:39:43 +0200] "HEAD / HTTP/1.1" 301 - www.fc-schnaittach.de "https://autorazborka.kiev.ua/news/30/59/Skoda-popolnit-modelnyj-ryad-chetyrmya-novinkami" "Mozilla/4.0 (compatible; MSIE6.00; Windows 2007)" "-"
217.160.63.0 - - [05/Aug/2018:03:48:07 +0200] "POST /wp-cron.php?doing_wp_cron=1533433687.4888589382171630859375 HTTP/1.1" 301 297 www.fc-schnaittach.de "http://www.fc-schnaittach.de/wp-cron.php?doing_wp_cron=1533433687.4888589382171630859375" "WordPress/4.9.8; https://www.fc-schnaittach.de" "-"
46.229.168.0 - - [05/Aug/2018:03:48:07 +0200] "GET /ansprechpartner/tischtennis/ HTTP/1.1" 200 6235 www.fc-schnaittach.de "-" "Mozilla/5.0 (compatible; SemrushBot/2~bl; +http://www.semrush.com/bot.html)" "-"
5.196.87.0 - - [05/Aug/2018:03:52:43 +0200] "GET /wp-content/uploads/2014/12/tt-2017.jpg HTTP/1.1" 301 276 www.fc-schnaittach.de "-" "Mozilla/5.0 (compatible; AhrefsBot/5.2; +http://ahrefs.com/robot/)" "-"
77.75.79.0 - - [05/Aug/2018:03:54:14 +0200] "GET /robots.txt HTTP/1.1" 200 35 fc-schnaittach.de "-" "Mozilla/5.0 (compatible; SeznamBot/3.2; +http://napoveda.seznam.cz/en/seznambot-intro/)" "-"
2a02:598:: - - [05/Aug/2018:03:54:14 +0200] "GET /wp-content/uploads/2015/04/1.Mannschaft-1955.jpg HTTP/1.1" 200 47064 fc-schnaittach.de "-" "Mozilla/5.0 (compatible; SeznamBot/3.2; +http://napoveda.seznam.cz/en/seznambot-intro/)" "-"
217.160.63.0 - - [05/Aug/2018:03:54:21 +0200] "POST /wp-cron.php?doing_wp_cron=1533434061.7650289535522460937500 HTTP/1.1" 200 23 www.fc-schnaittach.de "https://www.fc-schnaittach.de/wp-cron.php?doing_wp_cron=1533434061.7650289535522460937500" "WordPress/4.9.8; https://www.fc-schnaittach.de" "-"
66.249.66.0 - - [05/Aug/2018:03:54:21 +0200] "GET /dragonrun/ HTTP/1.1" 200 11383 www.fc-schnaittach.de "-" "Mozilla/5.0 (compatible; Googlebot/2.1; +http://www.google.com/bot.html)" "-"
207.46.13.0 - - [05/Aug/2018:04:00:18 +0200] "GET /julius-hirsch-preis-urkunde/ HTTP/1.1" 200 7568 www.fc-schnaittach.de "-" "Mozilla/5.0 (iPhone; CPU iPhone OS 7_0 like Mac OS X) AppleWebKit/537.51.1 (KHTML, like Gecko) Version/7.0 Mobile/11A465 Safari/9537.53 (compatible; bingbot/2.0; +http://www.bing.com/bingbot.htm)" "-"
207.46.13.0 - - [05/Aug/2018:04:00:42 +0200] "GET /wp-content/plugins/feedzy-rss-feeds/css/feedzy-rss-feeds.css?ver=3.2.10 HTTP/1.1" 301 309 www.fc-schnaittach.de "-" "Mozilla/5.0 (iPhone; CPU iPhone OS 7_0 like Mac OS X) AppleWebKit/537.51.1 (KHTML, like Gecko) Version/7.0 Mobile/11A465 Safari/9537.53 (compatible; bingbot/2.0; +http://www.bing.com/bingbot.htm)" "-"
207.46.13.0 - - [05/Aug/2018:04:00:43 +0200] "GET /wp-content/plugins/feedzy-rss-feeds/css/feedzy-rss-feeds.css?ver=3.2.10 HTTP/1.1" 200 9822 www.fc-schnaittach.de "-" "Mozilla/5.0 (iPhone; CPU iPhone OS 7_0 like Mac OS X) AppleWebKit/537.51.1 (KHTML, like Gecko) Version/7.0 Mobile/11A465 Safari/9537.53 (compatible; bingbot/2.0; +http://www.bing.com/bingbot.htm)" "-"
207.46.13.0 - - [05/Aug/2018:04:00:44 +0200] "GET /wp-content/plugins/user-access-manager/assets/css/uamLoginForm.css?ver=2.1.11 HTTP/1.1" 301 315 www.fc-schnaittach.de "-" "Mozilla/5.0 (iPhone; CPU iPhone OS 7_0 like Mac OS X) AppleWebKit/537.51.1 (KHTML, like Gecko) Version/7.0 Mobile/11A465 Safari/9537.53 (compatible; bingbot/2.0; +http://www.bing.com/bingbot.htm)" "-"
207.46.13.0 - - [05/Aug/2018:04:00:46 +0200] "GET /wp-content/plugins/user-access-manager/assets/css/uamLoginForm.css?ver=2.1.11 HTTP/1.1" 200 468 www.fc-schnaittach.de "-" "Mozilla/5.0 (iPhone; CPU iPhone OS 7_0 like Mac OS X) AppleWebKit/537.51.1 (KHTML, like Gecko) Version/7.0 Mobile/11A465 Safari/9537.53 (compatible; bingbot/2.0; +http://www.bing.com/bingbot.htm)" "-"
207.46.13.0 - - [05/Aug/2018:04:00:47 +0200] "GET /wp-content/themes/fcs/style.css?ver=1460744932 HTTP/1.1" 301 284 www.fc-schnaittach.de "-" "Mozilla/5.0 (iPhone; CPU iPhone OS 7_0 like Mac OS X) AppleWebKit/537.51.1 (KHTML, like Gecko) Version/7.0 Mobile/11A465 Safari/9537.53 (compatible; bingbot/2.0; +http://www.bing.com/bingbot.htm)" "-"
207.46.13.0 - - [05/Aug/2018:04:00:47 +0200] "GET /veranstaltungsart/1-mannschaft/ HTTP/1.1" 200 7693 www.fc-schnaittach.de "-" "Mozilla/5.0 (compatible; bingbot/2.0; +http://www.bing.com/bingbot.htm)" "-"
207.46.13.0 - - [05/Aug/2018:04:00:48 +0200] "GET /wp-content/plugins/contact-form-7/includes/css/styles.css?ver=5.0.2 HTTP/1.1" 301 305 www.fc-schnaittach.de "-" "Mozilla/5.0 (iPhone; CPU iPhone OS 7_0 like Mac OS X) AppleWebKit/537.51.1 (KHTML, like Gecko) Version/7.0 Mobile/11A465 Safari/9537.53 (compatible; bingbot/2.0; +http://www.bing.com/bingbot.htm)" "-"
207.46.13.0 - - [05/Aug/2018:04:00:50 +0200] "GET /wp-content/plugins/contact-form-7/includes/css/styles.css?ver=5.0.2 HTTP/1.1" 200 1683 www.fc-schnaittach.de "-" "Mozilla/5.0 (iPhone; CPU iPhone OS 7_0 like Mac OS X) AppleWebKit/537.51.1 (KHTML, like Gecko) Version/7.0 Mobile/11A465 Safari/9537.53 (compatible; bingbot/2.0; +http://www.bing.com/bingbot.htm)" "-"
207.46.13.0 - - [05/Aug/2018:04:00:51 +0200] "GET /wp-content/plugins/contact-form-7/includes/js/scripts.js?ver=5.0.2 HTTP/1.1" 301 304 www.fc-schnaittach.de "-" "Mozilla/5.0 (iPhone; CPU iPhone OS 7_0 like Mac OS X) AppleWebKit/537.51.1 (KHTML, like Gecko) Version/7.0 Mobile/11A465 Safari/9537.53 (compatible; bingbot/2.0; +http://www.bing.com/bingbot.htm)" "-"
207.46.13.0 - - [05/Aug/2018:04:00:52 +0200] "GET /wp-content/plugins/contact-form-7/includes/js/scripts.js?ver=5.0.2 HTTP/1.1" 200 14585 www.fc-schnaittach.de "-" "Mozilla/5.0 (iPhone; CPU iPhone OS 7_0 like Mac OS X) AppleWebKit/537.51.1 (KHTML, like Gecko) Version/7.0 Mobile/11A465 Safari/9537.53 (compatible; bingbot/2.0; +http://www.bing.com/bingbot.htm)" "-"
207.46.13.0 - - [05/Aug/2018:04:00:53 +0200] "GET /wp-content/plugins/recently-updated-posts-widget/css/style.css?ver=4.9.8 HTTP/1.1" 301 310 www.fc-schnaittach.de "-" "Mozilla/5.0 (iPhone; CPU iPhone OS 7_0 like Mac OS X) AppleWebKit/537.51.1 (KHTML, like Gecko) Version/7.0 Mobile/11A465 Safari/9537.53 (compatible; bingbot/2.0; +http://www.bing.com/bingbot.htm)" "-"
207.46.13.0 - - [05/Aug/2018:04:00:55 +0200] "GET /wp-content/plugins/recently-updated-posts-widget/css/style.css?ver=4.9.8 HTTP/1.1" 200 45 www.fc-schnaittach.de "-" "Mozilla/5.0 (iPhone; CPU iPhone OS 7_0 like Mac OS X) AppleWebKit/537.51.1 (KHTML, like Gecko) Version/7.0 Mobile/11A465 Safari/9537.53 (compatible; bingbot/2.0; +http://www.bing.com/bingbot.htm)" "-"
207.46.13.0 - - [05/Aug/2018:04:00:55 +0200] "GET /wp-content/themes/fcs/style.css?ver=1460744932 HTTP/1.1" 200 22587 www.fc-schnaittach.de "-" "Mozilla/5.0 (iPhone; CPU iPhone OS 7_0 like Mac OS X) AppleWebKit/537.51.1 (KHTML, like Gecko) Version/7.0 Mobile/11A465 Safari/9537.53 (compatible; bingbot/2.0; +http://www.bing.com/bingbot.htm)" "-"
207.46.13.0 - - [05/Aug/2018:04:00:55 +0200] "GET /wp-content/themes/fcs/js/fcs.js?ver=1442772175 HTTP/1.1" 301 284 www.fc-schnaittach.de "-" "Mozilla/5.0 (iPhone; CPU iPhone OS 7_0 like Mac OS X) AppleWebKit/537.51.1 (KHTML, like Gecko) Version/7.0 Mobile/11A465 Safari/9537.53 (compatible; bingbot/2.0; +http://www.bing.com/bingbot.htm)" "-"
207.46.13.0 - - [05/Aug/2018:04:01:00 +0200] "GET /wp-includes/js/jquery/jquery.js?ver=1.12.4 HTTP/1.1" 301 280 www.fc-schnaittach.de "-" "Mozilla/5.0 (iPhone; CPU iPhone OS 7_0 like Mac OS X) AppleWebKit/537.51.1 (KHTML, like Gecko) Version/7.0 Mobile/11A465 Safari/9537.53 (compatible; bingbot/2.0; +http://www.bing.com/bingbot.htm)" "-"
207.46.13.0 - - [05/Aug/2018:04:01:01 +0200] "GET /wp-content/themes/fcs/js/fcs.js?ver=1442772175 HTTP/1.1" 200 5542 www.fc-schnaittach.de "-" "Mozilla/5.0 (iPhone; CPU iPhone OS 7_0 like Mac OS X) AppleWebKit/537.51.1 (KHTML, like Gecko) Version/7.0 Mobile/11A465 Safari/9537.53 (compatible; bingbot/2.0; +http://www.bing.com/bingbot.htm)" "-"
207.46.13.0 - - [05/Aug/2018:04:01:01 +0200] "GET /wp-includes/js/jquery/jquery.js?ver=1.12.4 HTTP/1.1" 200 97184 www.fc-schnaittach.de "-" "Mozilla/5.0 (iPhone; CPU iPhone OS 7_0 like Mac OS X) AppleWebKit/537.51.1 (KHTML, like Gecko) Version/7.0 Mobile/11A465 Safari/9537.53 (compatible; bingbot/2.0; +http://www.bing.com/bingbot.htm)" "-"
207.46.13.0 - - [05/Aug/2018:04:01:02 +0200] "GET /wp-content/themes/fcs/js/jquery.smartmenus.bootstrap.min.js?ver=1418750004 HTTP/1.1" 301 312 www.fc-schnaittach.de "-" "Mozilla/5.0 (iPhone; CPU iPhone OS 7_0 like Mac OS X) AppleWebKit/537.51.1 (KHTML, like Gecko) Version/7.0 Mobile/11A465 Safari/9537.53 (compatible; bingbot/2.0; +http://www.bing.com/bingbot.htm)" "-"
207.46.13.0 - - [05/Aug/2018:04:01:03 +0200] "GET /wp-content/themes/fcs/js/jquery.smartmenus.bootstrap.min.js?ver=1418750004 HTTP/1.1" 200 1252 www.fc-schnaittach.de "-" "Mozilla/5.0 (iPhone; CPU iPhone OS 7_0 like Mac OS X) AppleWebKit/537.51.1 (KHTML, like Gecko) Version/7.0 Mobile/11A465 Safari/9537.53 (compatible; bingbot/2.0; +http://www.bing.com/bingbot.htm)" "-"
207.46.13.0 - - [05/Aug/2018:04:01:04 +0200] "GET /wp-content/themes/fcs/js/jquery.smartmenus.min.js?ver=1418750004 HTTP/1.1" 301 302 www.fc-schnaittach.de "-" "Mozilla/5.0 (iPhone; CPU iPhone OS 7_0 like Mac OS X) AppleWebKit/537.51.1 (KHTML, like Gecko) Version/7.0 Mobile/11A465 Safari/9537.53 (compatible; bingbot/2.0; +http://www.bing.com/bingbot.htm)" "-"
207.46.13.0 - - [05/Aug/2018:04:01:05 +0200] "GET /wp-content/themes/fcs/js/jquery.smartmenus.min.js?ver=1418750004 HTTP/1.1" 200 22672 www.fc-schnaittach.de "-" "Mozilla/5.0 (iPhone; CPU iPhone OS 7_0 like Mac OS X) AppleWebKit/537.51.1 (KHTML, like Gecko) Version/7.0 Mobile/11A465 Safari/9537.53 (compatible; bingbot/2.0; +http://www.bing.com/bingbot.htm)" "-"
207.46.13.0 - - [05/Aug/2018:04:01:07 +0200] "GET /wp-includes/js/wp-emoji-release.min.js?ver=4.9.8 HTTP/1.1" 301 286 www.fc-schnaittach.de "-" "Mozilla/5.0 (iPhone; CPU iPhone OS 7_0 like Mac OS X) AppleWebKit/537.51.1 (KHTML, like Gecko) Version/7.0 Mobile/11A465 Safari/9537.53 (compatible; bingbot/2.0; +http://www.bing.com/bingbot.htm)" "-"
207.46.13.0 - - [05/Aug/2018:04:01:08 +0200] "GET /wp-includes/js/jquery/jquery-migrate.min.js?ver=1.4.1 HTTP/1.1" 301 291 www.fc-schnaittach.de "-" "Mozilla/5.0 (iPhone; CPU iPhone OS 7_0 like Mac OS X) AppleWebKit/537.51.1 (KHTML, like Gecko) Version/7.0 Mobile/11A465 Safari/9537.53 (compatible; bingbot/2.0; +http://www.bing.com/bingbot.htm)" "-"
207.46.13.0 - - [05/Aug/2018:04:01:09 +0200] "GET /wp-includes/js/wp-embed.min.js?ver=4.9.8 HTTP/1.1" 301 278 www.fc-schnaittach.de "-" "Mozilla/5.0 (iPhone; CPU iPhone OS 7_0 like Mac OS X) AppleWebKit/537.51.1 (KHTML, like Gecko) Version/7.0 Mobile/11A465 Safari/9537.53 (compatible; bingbot/2.0; +http://www.bing.com/bingbot.htm)" "-"
207.46.13.0 - - [05/Aug/2018:04:01:10 +0200] "GET /wp-includes/js/wp-embed.min.js?ver=4.9.8 HTTP/1.1" 200 1398 www.fc-schnaittach.de "-" "Mozilla/5.0 (iPhone; CPU iPhone OS 7_0 like Mac OS X) AppleWebKit/537.51.1 (KHTML, like Gecko) Version/7.0 Mobile/11A465 Safari/9537.53 (compatible; bingbot/2.0; +http://www.bing.com/bingbot.htm)" "-"
207.46.13.0 - - [05/Aug/2018:04:01:11 +0200] "GET /wp-includes/js/jquery/jquery-migrate.min.js?ver=1.4.1 HTTP/1.1" 200 10056 www.fc-schnaittach.de "-" "Mozilla/5.0 (iPhone; CPU iPhone OS 7_0 like Mac OS X) AppleWebKit/537.51.1 (KHTML, like Gecko) Version/7.0 Mobile/11A465 Safari/9537.53 (compatible; bingbot/2.0; +http://www.bing.com/bingbot.htm)" "-"
207.46.13.0 - - [05/Aug/2018:04:01:16 +0200] "GET /wp-includes/js/wp-emoji-release.min.js?ver=4.9.8 HTTP/1.1" 200 12026 www.fc-schnaittach.de "-" "Mozilla/5.0 (iPhone; CPU iPhone OS 7_0 like Mac OS X) AppleWebKit/537.51.1 (KHTML, like Gecko) Version/7.0 Mobile/11A465 Safari/9537.53 (compatible; bingbot/2.0; +http://www.bing.com/bingbot.htm)" "-"
5.102.173.0 - - [05/Aug/2018:04:03:43 +0200] "GET /robots.txt HTTP/1.1" 301 248 www.fc-schnaittach.de "-" "Mozilla/5.0 (compatible; MojeekBot/0.6; +https://www.mojeek.com/bot.html)" "-"
5.102.173.0 - - [05/Aug/2018:04:03:43 +0200] "GET /herren-1/ HTTP/1.1" 301 23 www.fc-schnaittach.de "-" "Mozilla/5.0 (compatible; MojeekBot/0.6; +https://www.mojeek.com/bot.html)" "-"
66.249.66.0 - - [05/Aug/2018:04:07:27 +0200] "GET /wp-includes/js/wp-embed.min.js?ver=4.9.6 HTTP/1.1" 301 278 www.fc-schnaittach.de "http://www.fc-schnaittach.de/category/news/wandern/" "Mozilla/5.0 (Linux; Android 6.0.1; Nexus 5X Build/MMB29P) AppleWebKit/537.36 (KHTML, like Gecko) Chrome/41.0.2272.96 Mobile Safari/537.36 (compatible; Googlebot/2.1; +http://www.google.com/bot.html)" "-"
66.249.66.0 - - [05/Aug/2018:04:07:27 +0200] "GET /wp-includes/js/wp-emoji-release.min.js?ver=4.9.6 HTTP/1.1" 301 286 www.fc-schnaittach.de "http://www.fc-schnaittach.de/category/news/wandern/" "Mozilla/5.0 (Linux; Android 6.0.1; Nexus 5X Build/MMB29P) AppleWebKit/537.36 (KHTML, like Gecko) Chrome/41.0.2272.96 Mobile Safari/537.36 (compatible; Googlebot/2.1; +http://www.google.com/bot.html)" "-"
66.249.66.0 - - [05/Aug/2018:04:07:27 +0200] "GET /wp-content/plugins/recently-updated-posts-widget/css/style.css?ver=4.9.6 HTTP/1.1" 301 310 www.fc-schnaittach.de "http://www.fc-schnaittach.de/category/news/wandern/" "Mozilla/5.0 (Linux; Android 6.0.1; Nexus 5X Build/MMB29P) AppleWebKit/537.36 (KHTML, like Gecko) Chrome/41.0.2272.96 Mobile Safari/537.36 (compatible; Googlebot/2.1; +http://www.google.com/bot.html)" "-"
66.249.66.0 - - [05/Aug/2018:04:10:26 +0200] "GET /fussball/3-mannschaft/ HTTP/1.1" 200 6617 www.fc-schnaittach.de "-" "Mozilla/5.0 (compatible; Googlebot/2.1; +http://www.google.com/bot.html)" "-"
109.102.111.0 - - [05/Aug/2018:04:24:26 +0200] "GET / HTTP/1.1" 301 238 www.fc-schnaittach.de "-" "Java/1.7.0_79" "-"
217.160.63.0 - - [05/Aug/2018:04:24:26 +0200] "POST /wp-cron.php?doing_wp_cron=1533435866.6722469329833984375000 HTTP/1.1" 301 297 www.fc-schnaittach.de "http://www.fc-schnaittach.de/wp-cron.php?doing_wp_cron=1533435866.6722469329833984375000" "WordPress/4.9.8; https://www.fc-schnaittach.de" "-"
109.102.111.0 - - [05/Aug/2018:04:24:26 +0200] "GET /https://www.fc-schnaittach.de HTTP/1.1" 200 3 www.fc-schnaittach.de "-" "Java/1.7.0_79" "-"
217.160.63.0 - - [05/Aug/2018:04:27:50 +0200] "POST /wp-cron.php?doing_wp_cron=1533436070.8775339126586914062500 HTTP/1.1" 301 297 www.fc-schnaittach.de "http://www.fc-schnaittach.de/wp-cron.php?doing_wp_cron=1533436070.8775339126586914062500" "WordPress/4.9.8; https://www.fc-schnaittach.de" "-"
54.36.149.0 - - [05/Aug/2018:04:27:50 +0200] "GET /trainer.htm HTTP/1.1" 404 5767 www.fc-schnaittach.de "-" "Mozilla/5.0 (compatible; AhrefsBot/5.2; +http://ahrefs.com/robot/)" "-"
194.67.207.0 - - [05/Aug/2018:04:34:45 +0200] "HEAD / HTTP/1.1" 301 - www.fc-schnaittach.de "https://www.allcryptonews.com/vyvedenie-sredstv-iz-advcash-obzor-i-harakteristika-raznyh-sposobov/" "Mozilla/5.0 (compatible; MSIE2.00; Windows 2006)" "-"
185.125.219.0 - - [05/Aug/2018:04:34:46 +0200] "HEAD / HTTP/1.1" 301 - www.fc-schnaittach.de "http://weddman.ru/vedushhie/" "Mozilla/6.0 (compatible; MSIE2.00; Windows 2003)" "-"
185.5.249.0 - - [05/Aug/2018:04:34:47 +0200] "HEAD / HTTP/1.1" 301 - www.fc-schnaittach.de "http://xn----7sbzrgodbm4d2ae.xn--p1ai/katalog/" "Mozilla/5.0 (compatible; MSIE7.00; Windows 2006)" "-"
194.67.207.0 - - [05/Aug/2018:04:34:48 +0200] "HEAD / HTTP/1.1" 301 - www.fc-schnaittach.de "http://vsevn.ru/category" "Mozilla/5.0 (compatible; MSIE7.00; Windows 2002)" "-"
217.160.63.0 - - [05/Aug/2018:04:37:18 +0200] "HEAD /wp-content/uploads/2014/12/Foto-Goldene-Raute-300x187.jpg HTTP/1.1" 301 - www.fc-schnaittach.de "https://www.fc-schnaittach.de" "Mozilla/5.0 (compatible; MSIE 9.0; Windows NT 6.1; WOW64; Trident/5.0)" "-"
217.160.63.0 - - [05/Aug/2018:04:37:18 +0200] "HEAD /wp-content/uploads/2014/12/Foto-Goldene-Raute-300x187.jpg HTTP/1.1" 200 - www.fc-schnaittach.de "https://www.fc-schnaittach.de" "Mozilla/5.0 (compatible; MSIE 9.0; Windows NT 6.1; WOW64; Trident/5.0)" "-"
66.249.66.0 - - [05/Aug/2018:04:37:18 +0200] "GET / HTTP/1.1" 200 7769 www.fc-schnaittach.de "-" "Mozilla/5.0 (compatible; Googlebot/2.1; +http://www.google.com/bot.html)" "-"
217.160.63.0 - - [05/Aug/2018:04:37:18 +0200] "POST /wp-cron.php?doing_wp_cron=1533436638.4503619670867919921875 HTTP/1.1" 200 23 www.fc-schnaittach.de "https://www.fc-schnaittach.de/wp-cron.php?doing_wp_cron=1533436638.4503619670867919921875" "WordPress/4.9.8; https://www.fc-schnaittach.de" "-"
217.160.63.0 - - [05/Aug/2018:04:37:20 +0200] "HEAD /wp-content/uploads/2015/01/AG-N%C3%BCrnberg-Registergericht-Notar-FCS-Satzung-.pdf HTTP/1.1" 301 - www.fc-schnaittach.de "https://www.fc-schnaittach.de" "Mozilla/5.0 (compatible; MSIE 9.0; Windows NT 6.1; WOW64; Trident/5.0)" "-"
217.160.63.0 - - [05/Aug/2018:04:37:20 +0200] "HEAD /wp-content/uploads/2015/01/AG-N%c3%bcrnberg-Registergericht-Notar-FCS-Satzung-.pdf HTTP/1.1" 200 - www.fc-schnaittach.de "https://www.fc-schnaittach.de" "Mozilla/5.0 (compatible; MSIE 9.0; Windows NT 6.1; WOW64; Trident/5.0)" "-"
217.160.63.0 - - [05/Aug/2018:04:37:22 +0200] "HEAD /kickboxen-guertelpruefung-13-06-2015/ HTTP/1.1" 200 - www.fc-schnaittach.de "https://www.fc-schnaittach.de" "Mozilla/5.0 (compatible; MSIE 9.0; Windows NT 6.1; WOW64; Trident/5.0)" "-"
217.160.63.0 - - [05/Aug/2018:04:37:24 +0200] "HEAD /wp-content/uploads/2016/08/13076999_1108260119245690_9163087026079502882_n.jpg HTTP/1.1" 301 - www.fc-schnaittach.de "https://www.fc-schnaittach.de" "Mozilla/5.0 (compatible; MSIE 9.0; Windows NT 6.1; WOW64; Trident/5.0)" "-"
217.160.63.0 - - [05/Aug/2018:04:37:24 +0200] "HEAD /wp-content/uploads/2016/08/13076999_1108260119245690_9163087026079502882_n.jpg HTTP/1.1" 200 - www.fc-schnaittach.de "https://www.fc-schnaittach.de" "Mozilla/5.0 (compatible; MSIE 9.0; Windows NT 6.1; WOW64; Trident/5.0)" "-"
217.160.63.0 - - [05/Aug/2018:04:37:28 +0200] "HEAD /wp-content/uploads/2016/08/13590421_1108260135912355_6916912371857242760_n.jpg HTTP/1.1" 301 - www.fc-schnaittach.de "https://www.fc-schnaittach.de" "Mozilla/5.0 (compatible; MSIE 9.0; Windows NT 6.1; WOW64; Trident/5.0)" "-"
217.160.63.0 - - [05/Aug/2018:04:37:28 +0200] "HEAD /wp-content/uploads/2016/08/13590421_1108260135912355_6916912371857242760_n.jpg HTTP/1.1" 200 - www.fc-schnaittach.de "https://www.fc-schnaittach.de" "Mozilla/5.0 (compatible; MSIE 9.0; Windows NT 6.1; WOW64; Trident/5.0)" "-"
217.160.63.0 - - [05/Aug/2018:04:37:33 +0200] "HEAD /wp-content/uploads/2016/08/13528992_1108260322579003_2412787463204857658_n-225x300.jpg HTTP/1.1" 301 - www.fc-schnaittach.de "https://www.fc-schnaittach.de" "Mozilla/5.0 (compatible; MSIE 9.0; Windows NT 6.1; WOW64; Trident/5.0)" "-"
217.160.63.0 - - [05/Aug/2018:04:37:33 +0200] "HEAD /wp-content/uploads/2016/08/13528992_1108260322579003_2412787463204857658_n-225x300.jpg HTTP/1.1" 200 - www.fc-schnaittach.de "https://www.fc-schnaittach.de" "Mozilla/5.0 (compatible; MSIE 9.0; Windows NT 6.1; WOW64; Trident/5.0)" "-"
217.160.63.0 - - [05/Aug/2018:04:37:40 +0200] "HEAD /wp-content/uploads/2016/12/IMG_9931-300x225.jpg HTTP/1.1" 301 - www.fc-schnaittach.de "https://www.fc-schnaittach.de" "Mozilla/5.0 (compatible; MSIE 9.0; Windows NT 6.1; WOW64; Trident/5.0)" "-"
217.160.63.0 - - [05/Aug/2018:04:37:40 +0200] "HEAD /wp-content/uploads/2016/12/IMG_9931-300x225.jpg HTTP/1.1" 200 - www.fc-schnaittach.de "https://www.fc-schnaittach.de" "Mozilla/5.0 (compatible; MSIE 9.0; Windows NT 6.1; WOW64; Trident/5.0)" "-"
217.160.63.0 - - [05/Aug/2018:04:37:43 +0200] "HEAD /wp-content/uploads/2016/12/IMG_9915-300x225.jpg HTTP/1.1" 301 - www.fc-schnaittach.de "https://www.fc-schnaittach.de" "Mozilla/5.0 (compatible; MSIE 9.0; Windows NT 6.1; WOW64; Trident/5.0)" "-"
217.160.63.0 - - [05/Aug/2018:04:37:43 +0200] "HEAD /wp-content/uploads/2016/12/IMG_9915-300x225.jpg HTTP/1.1" 200 - www.fc-schnaittach.de "https://www.fc-schnaittach.de" "Mozilla/5.0 (compatible; MSIE 9.0; Windows NT 6.1; WOW64; Trident/5.0)" "-"
217.160.63.0 - - [05/Aug/2018:04:37:48 +0200] "HEAD /wp-content/uploads/2016/08/13590421_1108260135912355_6916912371857242760_n-300x225.jpg HTTP/1.1" 301 - www.fc-schnaittach.de "https://www.fc-schnaittach.de" "Mozilla/5.0 (compatible; MSIE 9.0; Windows NT 6.1; WOW64; Trident/5.0)" "-"
217.160.63.0 - - [05/Aug/2018:04:37:48 +0200] "HEAD /wp-content/uploads/2016/08/13590421_1108260135912355_6916912371857242760_n-300x225.jpg HTTP/1.1" 200 - www.fc-schnaittach.de "https://www.fc-schnaittach.de" "Mozilla/5.0 (compatible; MSIE 9.0; Windows NT 6.1; WOW64; Trident/5.0)" "-"
217.160.63.0 - - [05/Aug/2018:04:37:53 +0200] "HEAD /wp-content/uploads/2016/08/13592613_1108260389245663_4991370026486690592_n.jpg HTTP/1.1" 301 - www.fc-schnaittach.de "https://www.fc-schnaittach.de" "Mozilla/5.0 (compatible; MSIE 9.0; Windows NT 6.1; WOW64; Trident/5.0)" "-"
217.160.63.0 - - [05/Aug/2018:04:37:53 +0200] "HEAD /wp-content/uploads/2016/08/13592613_1108260389245663_4991370026486690592_n.jpg HTTP/1.1" 200 - www.fc-schnaittach.de "https://www.fc-schnaittach.de" "Mozilla/5.0 (compatible; MSIE 9.0; Windows NT 6.1; WOW64; Trident/5.0)" "-"
217.160.63.0 - - [05/Aug/2018:04:37:58 +0200] "HEAD /wp-content/uploads/2016/12/IMG_9921.jpg HTTP/1.1" 301 - www.fc-schnaittach.de "https://www.fc-schnaittach.de" "Mozilla/5.0 (compatible; MSIE 9.0; Windows NT 6.1; WOW64; Trident/5.0)" "-"
217.160.63.0 - - [05/Aug/2018:04:37:59 +0200] "HEAD /wp-content/uploads/2016/12/IMG_9921.jpg HTTP/1.1" 200 - www.fc-schnaittach.de "https://www.fc-schnaittach.de" "Mozilla/5.0 (compatible; MSIE 9.0; Windows NT 6.1; WOW64; Trident/5.0)" "-"
217.160.63.0 - - [05/Aug/2018:04:38:03 +0200] "HEAD /neugruendungderbudoabteilung/ HTTP/1.1" 200 - www.fc-schnaittach.de "https://www.fc-schnaittach.de" "Mozilla/5.0 (compatible; MSIE 9.0; Windows NT 6.1; WOW64; Trident/5.0)" "-"
217.160.63.0 - - [05/Aug/2018:04:38:09 +0200] "HEAD /budo-termine-fuer-2015/ HTTP/1.1" 200 - www.fc-schnaittach.de "https://www.fc-schnaittach.de" "Mozilla/5.0 (compatible; MSIE 9.0; Windows NT 6.1; WOW64; Trident/5.0)" "-"
62.138.0.0 - - [05/Aug/2018:04:38:59 +0200] "GET /robots.txt HTTP/1.1" 301 248 www.fc-schnaittach.de "-" "Mozilla/5.0 (compatible; adscanner/)" "-"
62.138.0.0 - - [05/Aug/2018:04:39:00 +0200] "GET /robots.txt HTTP/1.1" 200 35 www.fc-schnaittach.de "-" "Mozilla/5.0 (compatible; adscanner/)" "-"
62.138.0.0 - - [05/Aug/2018:04:39:01 +0200] "GET /wp-content/uploads/2018/06/11-150x150.jpg HTTP/1.1" 301 279 www.fc-schnaittach.de "-" "Mozilla/5.0 (compatible; adscanner/)" "-"
62.138.0.0 - - [05/Aug/2018:04:39:03 +0200] "GET /wp-content/uploads/2018/06/11-150x150.jpg HTTP/1.1" 200 8874 www.fc-schnaittach.de "-" "Mozilla/5.0 (compatible; adscanner/)" "-"
54.36.149.0 - - [05/Aug/2018:04:47:56 +0200] "GET /neufassung-der-satzung-ausserordentliche-mitgliederversammlung/ HTTP/1.1" 200 6990 www.fc-schnaittach.de "-" "Mozilla/5.0 (compatible; AhrefsBot/5.2; +http://ahrefs.com/robot/)" "-"
207.46.13.0 - - [05/Aug/2018:04:51:51 +0200] "GET /wp-content/uploads/2015/03/P1020692.jpg HTTP/1.1" 301 277 www.fc-schnaittach.de "-" "Mozilla/5.0 (compatible; bingbot/2.0; +http://www.bing.com/bingbot.htm)" "-"
207.46.13.0 - - [05/Aug/2018:04:51:59 +0200] "GET /wp-content/uploads/2015/03/P1020692.jpg HTTP/1.1" 200 36109 www.fc-schnaittach.de "-" "Mozilla/5.0 (compatible; bingbot/2.0; +http://www.bing.com/bingbot.htm)" "-"
54.36.150.0 - - [05/Aug/2018:04:59:12 +0200] "GET /robots.txt HTTP/1.1" 301 248 fc-schnaittach.de "-" "Mozilla/5.0 (compatible; AhrefsBot/5.2; +http://ahrefs.com/robot/)" "-"
54.36.150.0 - - [05/Aug/2018:04:59:13 +0200] "GET /robots.txt HTTP/1.1" 200 35 www.fc-schnaittach.de "-" "Mozilla/5.0 (compatible; AhrefsBot/5.2; +http://ahrefs.com/robot/)" "-"
54.36.149.0 - - [05/Aug/2018:04:59:13 +0200] "GET /Wanderabteilung%202010 HTTP/1.1" 301 23 fc-schnaittach.de "-" "Mozilla/5.0 (compatible; AhrefsBot/5.2; +http://ahrefs.com/robot/)" "-"
77.75.77.0 - - [05/Aug/2018:04:59:32 +0200] "GET /robots.txt HTTP/1.1" 200 35 www.fc-schnaittach.de "-" "Mozilla/5.0 (compatible; SeznamBot/3.2; +http://napoveda.seznam.cz/en/seznambot-intro/)" "-"
2a02:598:: - - [05/Aug/2018:04:59:32 +0200] "GET /faq-dragonrun/ HTTP/1.1" 200 6708 www.fc-schnaittach.de "-" "Mozilla/5.0 (compatible; SeznamBot/3.2; +http://napoveda.seznam.cz/en/seznambot-intro/)" "-"
178.137.161.0 - - [05/Aug/2018:05:04:26 +0200] "GET /fussball/damen/ HTTP/1.1" 200 34396 www.fc-schnaittach.de "https://www.souvenirua.com/uk/" "Mozilla/4.0 (compatible; MSIE 6.0; Windows NT 5.1; SV1; InfoPath.1)" "-"
178.137.161.0 - - [05/Aug/2018:05:04:29 +0200] "GET /fussball/damen/ HTTP/1.1" 200 34396 www.fc-schnaittach.de "https://www.souvenirua.com/uk/" "Mozilla/4.0 (compatible; MSIE 6.0; Windows NT 5.1; SV1; InfoPath.1)" "-"
178.137.161.0 - - [05/Aug/2018:05:04:30 +0200] "GET /fussball/damen/ HTTP/1.1" 200 34396 www.fc-schnaittach.de "https://www.souvenirua.com/uk/" "Mozilla/4.0 (compatible; MSIE 6.0; Windows NT 5.1; SV1; InfoPath.1)" "-"
54.36.148.0 - - [05/Aug/2018:05:21:18 +0200] "GET /wp-content/uploads/2015/03/Tamara-Holfelder-.jpg HTTP/1.1" 200 574878 www.fc-schnaittach.de "-" "Mozilla/5.0 (compatible; AhrefsBot/5.2; +http://ahrefs.com/robot/)" "-"
217.160.63.0 - - [05/Aug/2018:05:38:38 +0200] "POST /wp-cron.php?doing_wp_cron=1533440318.1965229511260986328125 HTTP/1.1" 200 23 www.fc-schnaittach.de "https://www.fc-schnaittach.de/wp-cron.php?doing_wp_cron=1533440318.1965229511260986328125" "WordPress/4.9.8; https://www.fc-schnaittach.de" "-"
54.36.148.0 - - [05/Aug/2018:05:38:38 +0200] "GET /der-1-fc-schnaittach-erhaelt-die-goldene-raute-des-bfv/feed/ HTTP/1.1" 200 600 www.fc-schnaittach.de "-" "Mozilla/5.0 (compatible; AhrefsBot/5.2; +http://ahrefs.com/robot/)" "-"
216.244.66.0 - - [05/Aug/2018:05:43:50 +0200] "GET /robots.txt HTTP/1.1" 301 248 www.fc-schnaittach.de "-" "Mozilla/5.0 (compatible; DotBot/1.1; http://www.opensiteexplorer.org/dotbot, help@moz.com)" "-"
216.244.66.0 - - [05/Aug/2018:05:43:52 +0200] "GET /robots.txt HTTP/1.1" 200 35 www.fc-schnaittach.de "-" "Mozilla/5.0 (compatible; DotBot/1.1; http://www.opensiteexplorer.org/dotbot, help@moz.com)" "-"
54.36.148.0 - - [05/Aug/2018:05:56:06 +0200] "GET /zumba/feed/ HTTP/1.1" 200 546 www.fc-schnaittach.de "-" "Mozilla/5.0 (compatible; AhrefsBot/5.2; +http://ahrefs.com/robot/)" "-"
17.58.102.0 - - [05/Aug/2018:05:56:35 +0200] "GET /robots.txt HTTP/1.1" 200 35 www.fc-schnaittach.de "-" "Mozilla/5.0 (Macintosh; Intel Mac OS X 10_10_1) AppleWebKit/600.2.5 (KHTML, like Gecko) Version/8.0.2 Safari/600.2.5 (Applebot/0.1; +http://www.apple.com/go/applebot)" "-"
17.58.102.0 - - [05/Aug/2018:05:56:35 +0200] "GET /budo/ HTTP/1.1" 200 7430 www.fc-schnaittach.de "-" "Mozilla/5.0 (Macintosh; Intel Mac OS X 10_10_1) AppleWebKit/600.2.5 (KHTML, like Gecko) Version/8.0.2 Safari/600.2.5 (Applebot/0.1; +http://www.apple.com/go/applebot)" "-"
5.196.87.0 - - [05/Aug/2018:05:57:51 +0200] "GET /wp-content/uploads/2014/10/DSC03539-e1430394609582.jpg HTTP/1.1" 301 292 www.fc-schnaittach.de "-" "Mozilla/5.0 (compatible; AhrefsBot/5.2; +http://ahrefs.com/robot/)" "-"
62.2.217.0 - - [05/Aug/2018:06:01:23 +0200] "GET /Dragonrun HTTP/1.1" 301 23 fc-schnaittach.de "http://www.laufkalender24.de/" "Mozilla/5.0 (Windows NT 6.1; WOW64; Trident/7.0; rv:11.0) like Gecko" "-"
62.2.217.0 - - [05/Aug/2018:06:01:24 +0200] "GET /Dragonrun/ HTTP/1.1" 200 11389 www.fc-schnaittach.de "http://www.laufkalender24.de/" "Mozilla/5.0 (Windows NT 6.1; WOW64; Trident/7.0; rv:11.0) like Gecko" "-"
77.75.77.0 - - [05/Aug/2018:06:03:47 +0200] "GET /robots.txt HTTP/1.1" 200 35 www.fc-schnaittach.de "-" "Mozilla/5.0 (compatible; SeznamBot/3.2; +http://napoveda.seznam.cz/en/seznambot-intro/)" "-"
2a02:598:: - - [05/Aug/2018:06:03:48 +0200] "GET /neugruendungderbudoabteilung/ HTTP/1.1" 200 6900 www.fc-schnaittach.de "-" "Mozilla/5.0 (compatible; SeznamBot/3.2; +http://napoveda.seznam.cz/en/seznambot-intro/)" "-"
17.58.102.0 - - [05/Aug/2018:06:08:47 +0200] "GET /hauptverein/kontakt/ HTTP/1.1" 200 6937 www.fc-schnaittach.de "-" "Mozilla/5.0 (Macintosh; Intel Mac OS X 10_10_1) AppleWebKit/600.2.5 (KHTML, like Gecko) Version/8.0.2 Safari/600.2.5 (Applebot/0.1; +http://www.apple.com/go/applebot)" "-"
46.118.125.0 - - [05/Aug/2018:06:22:07 +0200] "GET /fussball/damen/ HTTP/1.1" 200 34396 www.fc-schnaittach.de "http://xn-----6kcamwewcd9bayelq.xn--p1ai/" "Mozilla/4.0 (compatible; MSIE 5.5; Windows 95; BCD2000)" "-"
46.118.125.0 - - [05/Aug/2018:06:22:09 +0200] "GET /fussball/damen/ HTTP/1.1" 200 34396 www.fc-schnaittach.de "http://xn-----6kcamwewcd9bayelq.xn--p1ai/" "Mozilla/4.0 (compatible; MSIE 5.5; Windows 95; BCD2000)" "-"
62.138.0.0 - - [05/Aug/2018:06:22:55 +0200] "GET /robots.txt HTTP/1.1" 301 248 www.fc-schnaittach.de "-" "Mozilla/5.0 (compatible; adscanner/)" "-"
62.138.0.0 - - [05/Aug/2018:06:22:55 +0200] "GET /robots.txt HTTP/1.1" 200 35 www.fc-schnaittach.de "-" "Mozilla/5.0 (compatible; adscanner/)" "-"
62.138.0.0 - - [05/Aug/2018:06:22:56 +0200] "GET /wp-content/uploads/2018/07/34-271x300.jpg HTTP/1.1" 301 279 www.fc-schnaittach.de "-" "Mozilla/5.0 (compatible; adscanner/)" "-"
62.138.0.0 - - [05/Aug/2018:06:22:56 +0200] "GET /wp-content/uploads/2018/07/34-271x300.jpg HTTP/1.1" 200 19627 www.fc-schnaittach.de "-" "Mozilla/5.0 (compatible; adscanner/)" "-"
88.198.43.0 - - [05/Aug/2018:06:23:11 +0200] "GET / HTTP/1.1" 301 238 www.fc-schnaittach.de "-" "Mozilla/5.0 (X11; Linux x86_64) AppleWebKit/537.36 (KHTML, like Gecko) Chrome/64.0.3282.119 Safari/537.36" "-"
217.160.63.0 - - [05/Aug/2018:06:23:11 +0200] "POST /wp-cron.php?doing_wp_cron=1533442991.6385569572448730468750 HTTP/1.1" 200 23 www.fc-schnaittach.de "https://www.fc-schnaittach.de/wp-cron.php?doing_wp_cron=1533442991.6385569572448730468750" "WordPress/4.9.8; https://www.fc-schnaittach.de" "-"
88.198.43.0 - - [05/Aug/2018:06:23:11 +0200] "GET / HTTP/1.1" 200 39785 www.fc-schnaittach.de "-" "Mozilla/5.0 (X11; Linux x86_64) AppleWebKit/537.36 (KHTML, like Gecko) Chrome/64.0.3282.119 Safari/537.36" "-"
88.198.43.0 - - [05/Aug/2018:06:23:48 +0200] "GET /category/news/fussball/ HTTP/1.1" 200 46923 www.fc-schnaittach.de "-" "Mozilla/5.0 (X11; Ubuntu; Linux x86_64; rv:58.0) Gecko/20100101 Firefox/58.0" "-"
88.198.43.0 - - [05/Aug/2018:06:23:48 +0200] "GET /mitgliederversammlung-am-17-03/ HTTP/1.1" 200 25744 www.fc-schnaittach.de "-" "Mozilla/5.0 (X11; Linux x86_64) AppleWebKit/537.36 (KHTML, like Gecko) Chrome/64.0.3282.140 Safari/537.36" "-"
88.198.43.0 - - [05/Aug/2018:06:23:48 +0200] "GET /tischtennis/herren-1/ HTTP/1.1" 200 28400 www.fc-schnaittach.de "-" "Mozilla/5.0 (X11; Linux x86_64) AppleWebKit/537.36 (KHTML, like Gecko) Chrome/64.0.3282.119 Safari/537.36" "-"
88.198.43.0 - - [05/Aug/2018:06:23:48 +0200] "GET /f3-jugend/ HTTP/1.1" 200 32363 www.fc-schnaittach.de "-" "Mozilla/5.0 (Macintosh; U; Intel Mac OS X 10_5_8; zh-cn) AppleWebKit/533.18.1 (KHTML, like Gecko) Version/5.0.2 Safari/533.18.5" "-"
88.198.43.0 - - [05/Aug/2018:06:23:48 +0200] "GET /e3-jugend/ HTTP/1.1" 200 31886 www.fc-schnaittach.de "-" "Mozilla/5.0 (Macintosh; Intel Mac OS X 10_13_3) AppleWebKit/537.36 (KHTML, like Gecko) Chrome/63.0.3239.132 Safari/537.36" "-"
88.198.43.0 - - [05/Aug/2018:06:23:48 +0200] "GET /category/news/ HTTP/1.1" 200 40023 www.fc-schnaittach.de "-" "Mozilla/5.0 (compatible; MSIE 10.0; Windows NT 6.1; Trident/5.0)" "-"
88.198.43.0 - - [05/Aug/2018:06:23:48 +0200] "GET / HTTP/1.1" 200 39785 www.fc-schnaittach.de "-" "Mozilla/5.0 (Windows NT 10.0; Win64; x64) AppleWebKit/537.36 (KHTML, like Gecko) Chrome/63.0.3239.132 Safari/537.36 OPR/50.0.2762.67" "-"
88.198.43.0 - - [05/Aug/2018:06:23:48 +0200] "GET /fussball/damen/ HTTP/1.1" 200 34432 www.fc-schnaittach.de "-" "Mozilla/5.0 (Windows NT 10.0; Win64; x64) AppleWebKit/537.36 (KHTML, like Gecko) Chrome/58.0.3029.110 Safari/537.36 Edge/16.16299" "-"
88.198.43.0 - - [05/Aug/2018:06:23:48 +0200] "GET /fussball/3-mannschaft/ HTTP/1.1" 200 29697 www.fc-schnaittach.de "-" "Mozilla/5.0 (Macintosh; Intel Mac OS X 10_8_2) AppleWebKit/536.26.17 (KHTML, like Gecko) Version/6.0.2 Safari/536.26.17" "-"
88.198.43.0 - - [05/Aug/2018:06:23:48 +0200] "GET /fussball/2-damen/ HTTP/1.1" 200 29679 www.fc-schnaittach.de "-" "Mozilla/5.0 (Windows NT 6.1; Win64; x64) AppleWebKit/537.36 (KHTML, like Gecko) Chrome/63.0.3239.84 Safari/537.36" "-"
88.198.43.0 - - [05/Aug/2018:06:23:49 +0200] "GET /fussball/2-mannschaft/ HTTP/1.1" 503 1363 www.fc-schnaittach.de "-" "Mozilla/5.0 (compatible; MSIE 10.0; Windows NT 6.1; Trident/5.0)" "-"
88.198.43.0 - - [05/Aug/2018:06:23:49 +0200] "GET /fussball/1-mannschaft/ HTTP/1.1" 503 1363 www.fc-schnaittach.de "-" "Mozilla/5.0 (Macintosh; Intel Mac OS X 10_13_1) AppleWebKit/604.3.5 (KHTML, like Gecko) Version/11.0.1 Safari/604.3.5" "-"
88.198.43.0 - - [05/Aug/2018:06:23:49 +0200] "GET /ansprechpartner/verein/ HTTP/1.1" 503 1363 www.fc-schnaittach.de "-" "Mozilla/5.0 (Macintosh; Intel Mac OS X 10_11_6) AppleWebKit/604.5.6 (KHTML, like Gecko) Version/11.0.3 Safari/604.5.6" "-"
88.198.43.0 - - [05/Aug/2018:06:23:49 +0200] "GET /hauptverein/anfahrt/ HTTP/1.1" 503 1363 www.fc-schnaittach.de "-" "Mozilla/5.0 (Windows NT 10.0; Win64; x64) AppleWebKit/537.36 (KHTML, like Gecko) Chrome/63.0.3239.84 Safari/537.36" "-"
88.198.43.0 - - [05/Aug/2018:06:23:49 +0200] "GET /trainingsplan-sommer-2017/ HTTP/1.1" 503 1363 www.fc-schnaittach.de "-" "Mozilla/5.0 (compatible; MSIE 10.0; Windows NT 6.1; Trident/6.0)" "-"
88.198.43.0 - - [05/Aug/2018:06:23:49 +0200] "GET /maifeiertag-2017/ HTTP/1.1" 503 1363 www.fc-schnaittach.de "-" "Mozilla/5.0 (Windows NT 10.0; Win64; x64) AppleWebKit/537.36 (KHTML, like Gecko) Chrome/64.0.3282.167 Safari/537.36" "-"
88.198.43.0 - - [05/Aug/2018:06:23:49 +0200] "GET /ansprechpartner/tischtennis/ HTTP/1.1" 503 1363 www.fc-schnaittach.de "-" "Mozilla/5.0 (Macintosh; Intel Mac OS X 107) AppleWebKit/534.48.3 (KHTML like Gecko) Version/5.1 Safari/534.48.3" "-"
88.198.43.0 - - [05/Aug/2018:06:23:49 +0200] "GET /sporterlebnistag-am-1-juni/ HTTP/1.1" 503 1363 www.fc-schnaittach.de "-" "Mozilla/5.0 (Windows NT 10.0; Win64; x64) AppleWebKit/537.36 (KHTML, like Gecko) Chrome/58.0.3029.110 Safari/537.36 Edge/16.16299" "-"
88.198.43.0 - - [05/Aug/2018:06:23:49 +0200] "GET /g-jugend/ HTTP/1.1" 503 1363 www.fc-schnaittach.de "-" "Mozilla/5.0 (Macintosh; Intel Mac OS X 10_12_6) AppleWebKit/537.36 (KHTML, like Gecko) Chrome/64.0.3282.119 Safari/537.36" "-"
88.198.43.0 - - [05/Aug/2018:06:23:49 +0200] "GET /hauptverein/kontakt/ HTTP/1.1" 503 1363 www.fc-schnaittach.de "-" "Mozilla/5.0 (Macintosh; Intel Mac OS X 10_13_1) AppleWebKit/604.3.5 (KHTML, like Gecko) Version/11.0.1 Safari/604.3.5" "-"
88.198.43.0 - - [05/Aug/2018:06:23:49 +0200] "GET /impressum/ HTTP/1.1" 503 1363 www.fc-schnaittach.de "-" "Mozilla/5.0 (X11; Linux x86_64) AppleWebKit/537.36 (KHTML, like Gecko) Chrome/64.0.3282.119 Safari/537.36" "-"
88.198.43.0 - - [05/Aug/2018:06:23:49 +0200] "GET /wp-admin HTTP/1.1" 301 247 www.fc-schnaittach.de "-" "Mozilla/5.0 (X11; Linux x86_64) AppleWebKit/537.36 (KHTML, like Gecko) Chrome/51.0.2704.106 Safari/537.36" "-"
88.198.43.0 - - [05/Aug/2018:06:23:49 +0200] "GET /ansprechpartner/fussball/ HTTP/1.1" 503 1363 www.fc-schnaittach.de "-" "Mozilla/5.0 (Macintosh; Intel Mac OS X 10_13_2) AppleWebKit/537.36 (KHTML, like Gecko) Chrome/63.0.3239.132 Safari/537.36" "-"
88.198.43.0 - - [05/Aug/2018:06:23:49 +0200] "GET /dragon-run-28-07-2018/ HTTP/1.1" 503 1363 www.fc-schnaittach.de "-" "Mozilla/5.0 (Windows NT 6.1; WOW64) AppleWebKit/537.36 (KHTML, like Gecko) Chrome/43.0.2357.134 Safari/537.36" "-"
88.198.43.0 - - [05/Aug/2018:06:23:49 +0200] "GET /vorbereitungsplan-der-1-2-damenmannschaft-sommer-2017/ HTTP/1.1" 503 1363 www.fc-schnaittach.de "-" "Mozilla/5.0 (Macintosh; Intel Mac OS X 107) AppleWebKit/534.48.3 (KHTML like Gecko) Version/5.1 Safari/534.48.3" "-"
88.198.43.0 - - [05/Aug/2018:06:23:49 +0200] "GET /wp-admin/ HTTP/1.1" 503 1363 www.fc-schnaittach.de "-" "Mozilla/5.0 (X11; Linux x86_64) AppleWebKit/537.36 (KHTML, like Gecko) Chrome/51.0.2704.106 Safari/537.36" "-"
88.198.43.0 - - [05/Aug/2018:06:23:49 +0200] "GET /datenschutzerklaerung/ HTTP/1.1" 200 60456 www.fc-schnaittach.de "-" "Mozilla/5.0 (compatible; MSIE 10.0; Windows NT 6.1; Trident/6.0)" "-"
88.198.43.0 - - [05/Aug/2018:06:23:51 +0200] "GET /ansprechpartner/tischtennis/ HTTP/1.1" 200 26079 www.fc-schnaittach.de "-" "Mozilla/5.0 (Macintosh; Intel Mac OS X 10.13; rv:58.0) Gecko/20100101 Firefox/58.0" "-"
88.198.43.0 - - [05/Aug/2018:06:23:51 +0200] "GET /sporterlebnistag-am-1-juni/ HTTP/1.1" 200 26791 www.fc-schnaittach.de "-" "Mozilla/5.0 (Macintosh; Intel Mac OS X 10_13_2) AppleWebKit/537.36 (KHTML, like Gecko) Chrome/63.0.3239.132 Safari/537.36" "-"
88.198.43.0 - - [05/Aug/2018:06:23:51 +0200] "GET /g-jugend/ HTTP/1.1" 200 31585 www.fc-schnaittach.de "-" "Mozilla/5.0 (Windows NT 6.3; Win64; x64; rv:57.0) Gecko/20100101 Firefox/57.0" "-"
88.198.43.0 - - [05/Aug/2018:06:23:52 +0200] "GET /ansprechpartner/verein/ HTTP/1.1" 200 30770 www.fc-schnaittach.de "-" "Mozilla/5.0 (Windows NT 10.0; Win64; x64) AppleWebKit/537.36 (KHTML, like Gecko) Chrome/63.0.3239.132 Safari/537.36 OPR/50.0.2762.67" "-"
88.198.43.0 - - [05/Aug/2018:06:23:52 +0200] "GET /vorbereitungsplan-der-1-2-damenmannschaft-sommer-2017/ HTTP/1.1" 200 27731 www.fc-schnaittach.de "-" "Mozilla/5.0 (Windows NT 10.0; WOW64; Trident/7.0; rv:11.0) like Gecko" "-"
88.198.43.0 - - [05/Aug/2018:06:23:52 +0200] "GET /maifeiertag-2017/ HTTP/1.1" 200 26314 www.fc-schnaittach.de "-" "Mozilla/5.0 (Macintosh; Intel Mac OS X 10_13_3) AppleWebKit/537.36 (KHTML, like Gecko) Chrome/64.0.3282.140 Safari/537.36" "-"
88.198.43.0 - - [05/Aug/2018:06:23:52 +0200] "GET /fussball/1-mannschaft/ HTTP/1.1" 200 32459 www.fc-schnaittach.de "-" "Mozilla/5.0 (Windows NT 6.1; Win64; x64; rv:57.0) Gecko/20100101 Firefox/57.0" "-"
88.198.43.0 - - [05/Aug/2018:06:23:53 +0200] "GET /wp-admin HTTP/1.1" 301 247 www.fc-schnaittach.de "-" "Mozilla/5.0 (Windows NT 6.1; Win64; x64) AppleWebKit/537.36 (KHTML, like Gecko) Chrome/64.0.3282.140 Safari/537.36" "-"
88.198.43.0 - - [05/Aug/2018:06:23:53 +0200] "GET /ansprechpartner/fussball/ HTTP/1.1" 200 37006 www.fc-schnaittach.de "-" "Mozilla/5.0 (Windows NT 6.1; Win64; x64) AppleWebKit/537.36 (KHTML, like Gecko) Chrome/63.0.3239.132 Safari/537.36" "-"
88.198.43.0 - - [05/Aug/2018:06:23:53 +0200] "GET /fussball/2-mannschaft/ HTTP/1.1" 200 49466 www.fc-schnaittach.de "-" "Mozilla/5.0 (Macintosh; Intel Mac OS X 10.12; rv:58.0) Gecko/20100101 Firefox/58.0" "-"
88.198.43.0 - - [05/Aug/2018:06:23:53 +0200] "GET /wp-admin/ HTTP/1.1" 200 3 www.fc-schnaittach.de "-" "Mozilla/5.0 (Windows NT 6.1; Win64; x64) AppleWebKit/537.36 (KHTML, like Gecko) Chrome/64.0.3282.140 Safari/537.36" "-"
88.198.43.0 - - [05/Aug/2018:06:23:54 +0200] "GET /trainingsplan-sommer-2017/ HTTP/1.1" 200 27091 www.fc-schnaittach.de "-" "Mozilla/5.0 (Macintosh; Intel Mac OS X 10_10_5) AppleWebKit/537.36 (KHTML, like Gecko) Chrome/63.0.3239.132 Safari/537.36" "-"
88.198.43.0 - - [05/Aug/2018:06:23:54 +0200] "GET /impressum/ HTTP/1.1" 200 29600 www.fc-schnaittach.de "-" "Mozilla/5.0 (Macintosh; Intel Mac OS X 10_12_6) AppleWebKit/604.4.7 (KHTML, like Gecko) Version/11.0.2 Safari/604.4.7" "-"
88.198.43.0 - - [05/Aug/2018:06:23:55 +0200] "GET /dragon-run-28-07-2018/ HTTP/1.1" 200 27539 www.fc-schnaittach.de "-" "Mozilla/5.0 (X11; Linux x86_64; rv:58.0) Gecko/20100101 Firefox/58.0" "-"
88.198.43.0 - - [05/Aug/2018:06:23:55 +0200] "GET /hauptverein/anfahrt/ HTTP/1.1" 200 26425 www.fc-schnaittach.de "-" "Mozilla/5.0 (Macintosh; Intel Mac OS X 10_13_1) AppleWebKit/537.36 (KHTML, like Gecko) Chrome/63.0.3239.132 Safari/537.36" "-"
88.198.43.0 - - [05/Aug/2018:06:23:55 +0200] "GET /hauptverein/kontakt/ HTTP/1.1" 200 29901 www.fc-schnaittach.de "-" "Mozilla/5.0 (Windows NT 6.3; Win64; x64; rv:57.0) Gecko/20100101 Firefox/57.0" "-"
88.198.43.0 - - [05/Aug/2018:06:25:10 +0200] "GET /ansprechpartner/fussball/ HTTP/1.1" 200 36970 www.fc-schnaittach.de "-" "Mozilla/5.0 (Macintosh; Intel Mac OS X 107) AppleWebKit/534.48.3 (KHTML like Gecko) Version/5.1 Safari/534.48.3" "-"
88.198.43.0 - - [05/Aug/2018:06:25:10 +0200] "GET /impressum/ HTTP/1.1" 200 29564 www.fc-schnaittach.de "-" "Mozilla/5.0 (Macintosh; Intel Mac OS X 10_10_5) AppleWebKit/537.36 (KHTML, like Gecko) Chrome/63.0.3239.132 Safari/537.36" "-"
88.198.43.0 - - [05/Aug/2018:06:25:10 +0200] "GET /ansprechpartner/tischtennis/ HTTP/1.1" 200 26043 www.fc-schnaittach.de "-" "Mozilla/5.0 (Windows NT 6.3; Win64; x64; rv:57.0) Gecko/20100101 Firefox/57.0" "-"
88.198.43.0 - - [05/Aug/2018:06:25:10 +0200] "GET /vereinsbusprojekt/ HTTP/1.1" 200 26552 www.fc-schnaittach.de "-" "Mozilla/5.0 (X11; Linux x86_64) AppleWebKit/537.36 (KHTML, like Gecko) Chrome/51.0.2704.106 Safari/537.36" "-"
88.198.43.0 - - [05/Aug/2018:06:25:10 +0200] "GET /hauptverein/kontakt/ HTTP/1.1" 200 29865 www.fc-schnaittach.de "-" "Mozilla/5.0 (compatible; MSIE 10.0; Windows NT 6.1; Trident/4.0; InfoPath.2; SV1; .NET CLR 2.0.50727; WOW64)" "-"
88.198.43.0 - - [05/Aug/2018:06:25:10 +0200] "GET /fussball/damen/ansprechpartner/ HTTP/1.1" 200 31784 www.fc-schnaittach.de "-" "Mozilla/5.0 (Macintosh; Intel Mac OS X 10_6_8) AppleWebKit/534.59.8 (KHTML, like Gecko) Version/5.1.9 Safari/534.59.8" "-"
88.198.43.0 - - [05/Aug/2018:06:25:10 +0200] "GET /dragonrun/ HTTP/1.1" 200 56126 www.fc-schnaittach.de "-" "Mozilla/5.0 (Macintosh; Intel Mac OS X 10_6_8) AppleWebKit/537.13+ (KHTML, like Gecko) Version/5.1.7 Safari/534.57.2" "-"
54.36.148.0 - - [05/Aug/2018:06:25:36 +0200] "GET /maiausflug-der-wanderabteilung/ HTTP/1.1" 301 23 www.fc-schnaittach.de "-" "Mozilla/5.0 (compatible; AhrefsBot/5.2; +http://ahrefs.com/robot/)" "-"
54.36.148.0 - - [05/Aug/2018:06:26:08 +0200] "GET /trainingsplan-herren-winter-2017/feed/ HTTP/1.1" 200 549 www.fc-schnaittach.de "-" "Mozilla/5.0 (compatible; AhrefsBot/5.2; +http://ahrefs.com/robot/)" "-"
207.46.13.0 - - [05/Aug/2018:06:27:39 +0200] "GET /category/news/hauptverein/ HTTP/1.1" 200 8372 www.fc-schnaittach.de "-" "Mozilla/5.0 (compatible; bingbot/2.0; +http://www.bing.com/bingbot.htm)" "-"
216.244.66.0 - - [05/Aug/2018:06:33:23 +0200] "GET /robots.txt HTTP/1.1" 301 248 www.fc-schnaittach.de "-" "Mozilla/5.0 (compatible; DotBot/1.1; http://www.opensiteexplorer.org/dotbot, help@moz.com)" "-"
216.244.66.0 - - [05/Aug/2018:06:33:25 +0200] "GET /robots.txt HTTP/1.1" 200 35 www.fc-schnaittach.de "-" "Mozilla/5.0 (compatible; DotBot/1.1; http://www.opensiteexplorer.org/dotbot, help@moz.com)" "-"
207.46.13.0 - - [05/Aug/2018:06:39:22 +0200] "GET /fussball/2-damen/ HTTP/1.1" 200 6621 www.fc-schnaittach.de "-" "Mozilla/5.0 (compatible; bingbot/2.0; +http://www.bing.com/bingbot.htm)" "-"
207.46.13.0 - - [05/Aug/2018:06:40:12 +0200] "GET /category/news/ HTTP/1.1" 200 8495 www.fc-schnaittach.de "-" "Mozilla/5.0 (compatible; bingbot/2.0; +http://www.bing.com/bingbot.htm)" "-"
207.46.13.0 - - [05/Aug/2018:06:50:24 +0200] "GET /jahresplanung-2016/ HTTP/1.1" 200 6098 www.fc-schnaittach.de "-" "Mozilla/5.0 (compatible; bingbot/2.0; +http://www.bing.com/bingbot.htm)" "-"
2a03:2880:: - - [05/Aug/2018:06:52:35 +0200] "GET /wp-content/uploads/2014/10/Mannschaftsbild-16_17-mit-Verantwortlichen-1024x700.jpg HTTP/1.1" 200 220566 www.fc-schnaittach.de "-" "facebookexternalhit/1.1 (+http://www.facebook.com/externalhit_uatext.php)" "-"
85.25.210.0 - - [05/Aug/2018:06:54:58 +0200] "GET /robots.txt HTTP/1.1" 301 248 www.fc-schnaittach.de "-" "Mozilla/5.0 (Windows NT 6.1; WOW64) AppleWebKit/537.36 (KHTML, like Gecko) Chrome/37.0.2062.120 Safari/537.36" "-"
85.25.210.0 - - [05/Aug/2018:06:54:59 +0200] "GET /robots.txt HTTP/1.1" 200 35 www.fc-schnaittach.de "-" "Mozilla/5.0 (Windows NT 6.1; WOW64) AppleWebKit/537.36 (KHTML, like Gecko) Chrome/37.0.2062.120 Safari/537.36" "-"
85.25.210.0 - - [05/Aug/2018:06:54:59 +0200] "GET /robots.txt HTTP/1.1" 301 248 www.fc-schnaittach.de "-" "Mozilla/5.0 (compatible; adscanner/)" "-"
85.25.210.0 - - [05/Aug/2018:06:55:00 +0200] "GET /robots.txt HTTP/1.1" 200 35 www.fc-schnaittach.de "-" "Mozilla/5.0 (Windows NT 6.1; WOW64) AppleWebKit/537.36 (KHTML, like Gecko) Chrome/37.0.2062.120 Safari/537.36" "-"
85.25.210.0 - - [05/Aug/2018:06:55:01 +0200] "GET /robots.txt HTTP/1.1" 200 35 www.fc-schnaittach.de "-" "Mozilla/5.0 (compatible; adscanner/)" "-"
85.25.210.0 - - [05/Aug/2018:06:55:01 +0200] "GET /wp-content/uploads/2016/11/Laura-Merkel-768x1024.jpg HTTP/1.1" 301 290 www.fc-schnaittach.de "-" "Mozilla/5.0 (compatible; adscanner/)" "-"
85.25.210.0 - - [05/Aug/2018:06:55:02 +0200] "GET /wp-content/uploads/2016/11/Laura-Merkel-768x1024.jpg HTTP/1.1" 200 120806 www.fc-schnaittach.de "-" "Mozilla/5.0 (Windows NT 6.1; WOW64) AppleWebKit/537.36 (KHTML, like Gecko) Chrome/37.0.2062.120 Safari/537.36" "-"
94.130.71.0 - - [05/Aug/2018:06:55:03 +0200] "GET /wp-content/uploads/2016/11/Laura-Merkel-768x1024.jpg HTTP/1.1" 200 120806 www.fc-schnaittach.de "-" "Java/1.8.0_151" "-"
85.25.210.0 - - [05/Aug/2018:06:55:03 +0200] "GET /wp-content/uploads/2016/11/Laura-Merkel-768x1024.jpg HTTP/1.1" 200 120806 www.fc-schnaittach.de "-" "Mozilla/5.0 (compatible; adscanner/)" "-"
