207.46.13.0 - - [03/Aug/2018:19:37:48 +0200] "GET /wp-content/uploads/2015/03/Marina-W%C3%B6rrlein.jpg HTTP/1.1" 301 289 www.fc-schnaittach.de "-" "Mozilla/5.0 (compatible; bingbot/2.0; +http://www.bing.com/bingbot.htm)" "-"
207.46.13.0 - - [03/Aug/2018:19:37:49 +0200] "GET /wp-content/uploads/2015/03/Marina-W%c3%b6rrlein.jpg HTTP/1.1" 200 708326 www.fc-schnaittach.de "-" "Mozilla/5.0 (compatible; bingbot/2.0; +http://www.bing.com/bingbot.htm)" "-"
207.46.13.0 - - [03/Aug/2018:19:42:16 +0200] "GET /dragonrun/6-2/ HTTP/1.1" 200 195 www.fc-schnaittach.de "-" "Mozilla/5.0 (compatible; bingbot/2.0; +http://www.bing.com/bingbot.htm)" "-"
217.160.63.0 - - [03/Aug/2018:19:42:16 +0200] "POST /wp-cron.php?doing_wp_cron=1533318136.8502581119537353515625 HTTP/1.1" 200 23 www.fc-schnaittach.de "https://www.fc-schnaittach.de/wp-cron.php?doing_wp_cron=1533318136.8502581119537353515625" "WordPress/4.9.8; https://www.fc-schnaittach.de" "-"
207.46.13.0 - - [03/Aug/2018:19:45:11 +0200] "GET /wp-content/uploads/2014/10/Dieter_K%C3%BCnzel.jpg HTTP/1.1" 301 287 www.fc-schnaittach.de "-" "Mozilla/5.0 (compatible; bingbot/2.0; +http://www.bing.com/bingbot.htm)" "-"
207.46.13.0 - - [03/Aug/2018:19:45:12 +0200] "GET /wp-content/uploads/2014/10/Dieter_K%c3%bcnzel.jpg HTTP/1.1" 200 1215243 www.fc-schnaittach.de "-" "Mozilla/5.0 (compatible; bingbot/2.0; +http://www.bing.com/bingbot.htm)" "-"
66.249.66.0 - - [03/Aug/2018:19:45:57 +0200] "GET /fcs-ii-asv-pettensiedel-42-06-09-2015/ HTTP/1.1" 404 5766 www.fc-schnaittach.de "-" "Mozilla/5.0 (compatible; Googlebot/2.1; +http://www.google.com/bot.html)" "-"
66.249.66.0 - - [03/Aug/2018:19:47:15 +0200] "GET /sitemap-pt-post-2017-04.xml HTTP/1.1" 200 597 www.fc-schnaittach.de "-" "Mozilla/5.0 (compatible; Googlebot/2.1; +http://www.google.com/bot.html)" "-"
66.249.66.0 - - [03/Aug/2018:19:49:26 +0200] "GET /fussball/frauen/ HTTP/1.1" 404 5767 www.fc-schnaittach.de "-" "Mozilla/5.0 (compatible; Googlebot/2.1; +http://www.google.com/bot.html)" "-"
149.202.54.0 - - [03/Aug/2018:19:54:51 +0200] "GET /wp-includes/Text/Diff/Renderer/admin.php HTTP/1.1" 200 3 fc-schnaittach.de "http://site.ru" "Mozilla/5.0 (Windows; U; Windows NT 5.1; en-US) AppleWebKit/533.4 (KHTML, like Gecko) Chrome/5.0.375.99 Safari/533.4" "-"
149.202.54.0 - - [03/Aug/2018:19:55:17 +0200] "GET /wp-includes/Text/Diff/Renderer/admin.php HTTP/1.1" 200 3 fc-schnaittach.de "http://site.ru" "Mozilla/5.0 (Windows; U; Windows NT 5.1; en-US) AppleWebKit/533.4 (KHTML, like Gecko) Chrome/5.0.375.99 Safari/533.4" "-"
149.202.54.0 - - [03/Aug/2018:19:55:21 +0200] "GET /wp-includes/Text/Diff/Renderer/admin.php HTTP/1.1" 200 3 fc-schnaittach.de "http://site.ru" "Mozilla/5.0 (Windows; U; Windows NT 5.1; en-US) AppleWebKit/533.4 (KHTML, like Gecko) Chrome/5.0.375.99 Safari/533.4" "-"
194.187.170.0 - - [03/Aug/2018:19:57:44 +0200] "GET /wp-content/uploads/2015/01/AG-N%C3%BCrnberg-Registergericht-Notar-FCS-Satzung-.pdf HTTP/1.1" 301 320 www.fc-schnaittach.de "-" "Mozilla/5.0 (compatible; Qwantify/2.4w; +https://www.qwant.com/)/2.4w" "-"
194.187.170.0 - - [03/Aug/2018:19:57:44 +0200] "GET /wp-content/uploads/2015/01/AG-N%C3%BCrnberg-Registergericht-Notar-FCS-Satzung-.pdf HTTP/1.1" 200 3947907 www.fc-schnaittach.de "-" "Mozilla/5.0 (compatible; Qwantify/2.4w; +https://www.qwant.com/)/2.4w" "-"
13.82.188.0 - - [03/Aug/2018:20:00:45 +0200] "HEAD / HTTP/1.1" 301 - www.fc-schnaittach.de "-" "HTTPing v2.4" "-"
66.249.66.0 - - [03/Aug/2018:20:05:19 +0200] "GET /fcs-ii-tsv-brand-ii-20-25-10-2015/ HTTP/1.1" 404 5767 www.fc-schnaittach.de "-" "Mozilla/5.0 (compatible; Googlebot/2.1; +http://www.google.com/bot.html)" "-"
217.160.63.0 - - [03/Aug/2018:20:05:20 +0200] "POST /wp-cron.php?doing_wp_cron=1533319520.2641999721527099609375 HTTP/1.1" 301 297 www.fc-schnaittach.de "http://www.fc-schnaittach.de/wp-cron.php?doing_wp_cron=1533319520.2641999721527099609375" "WordPress/4.9.8; https://www.fc-schnaittach.de" "-"
157.55.39.0 - - [03/Aug/2018:20:07:16 +0200] "GET /wp-content/uploads/2016/11/Lea-Hoyer.jpg HTTP/1.1" 301 278 www.fc-schnaittach.de "-" "Mozilla/5.0 (compatible; bingbot/2.0; +http://www.bing.com/bingbot.htm)" "-"
157.55.39.0 - - [03/Aug/2018:20:07:17 +0200] "GET /wp-content/uploads/2016/11/Lea-Hoyer.jpg HTTP/1.1" 200 1056207 www.fc-schnaittach.de "-" "Mozilla/5.0 (compatible; bingbot/2.0; +http://www.bing.com/bingbot.htm)" "-"
194.187.170.0 - - [03/Aug/2018:20:11:18 +0200] "GET /wp-content/uploads/2015/12/Programm-Budo_FJ_2016.pdf HTTP/1.1" 301 290 www.fc-schnaittach.de "-" "Mozilla/5.0 (compatible; Qwantify/2.4w; +https://www.qwant.com/)/2.4w" "-"
194.187.170.0 - - [03/Aug/2018:20:11:18 +0200] "GET /wp-content/uploads/2015/12/Programm-Budo_FJ_2016.pdf HTTP/1.1" 200 131156 www.fc-schnaittach.de "-" "Mozilla/5.0 (compatible; Qwantify/2.4w; +https://www.qwant.com/)/2.4w" "-"
216.244.66.0 - - [03/Aug/2018:20:17:09 +0200] "GET /robots.txt HTTP/1.1" 301 248 www.fc-schnaittach.de "-" "Mozilla/5.0 (compatible; DotBot/1.1; http://www.opensiteexplorer.org/dotbot, help@moz.com)" "-"
216.244.66.0 - - [03/Aug/2018:20:17:12 +0200] "GET /robots.txt HTTP/1.1" 200 35 www.fc-schnaittach.de "-" "Mozilla/5.0 (compatible; DotBot/1.1; http://www.opensiteexplorer.org/dotbot, help@moz.com)" "-"
194.187.170.0 - - [03/Aug/2018:20:19:03 +0200] "GET /wp-content/uploads/2016/01/Kalender-2016_1.pdf HTTP/1.1" 200 61406 www.fc-schnaittach.de "-" "Mozilla/5.0 (compatible; Qwantify/2.4w; +https://www.qwant.com/)/2.4w" "-"
207.46.13.0 - - [03/Aug/2018:20:21:27 +0200] "GET /wp-content/themes/fcs/images/production/Budo_Production.jpg?ver=1487205003 HTTP/1.1" 200 9924 www.fc-schnaittach.de "-" "Mozilla/5.0 (compatible; bingbot/2.0; +http://www.bing.com/bingbot.htm)" "-"
194.187.170.0 - - [03/Aug/2018:20:22:26 +0200] "GET /wp-content/uploads/2015/01/FCS-Neufassung-Satzung-DIN-A5.pdf HTTP/1.1" 200 233488 www.fc-schnaittach.de "-" "Mozilla/5.0 (compatible; Qwantify/2.4w; +https://www.qwant.com/)/2.4w" "-"
194.187.170.0 - - [03/Aug/2018:20:24:32 +0200] "GET /wp-content/uploads/2016/01/Kalender-2016_1.pdf HTTP/1.1" 301 284 www.fc-schnaittach.de "-" "Mozilla/5.0 (compatible; Qwantify/2.4w; +https://www.qwant.com/)/2.4w" "-"
194.187.170.0 - - [03/Aug/2018:20:24:32 +0200] "GET /wp-content/uploads/2016/01/Kalender-2016_1.pdf HTTP/1.1" 200 61406 www.fc-schnaittach.de "-" "Mozilla/5.0 (compatible; Qwantify/2.4w; +https://www.qwant.com/)/2.4w" "-"
207.46.13.0 - - [03/Aug/2018:20:28:03 +0200] "GET /wp-content/uploads/2016/08/13076999_1108260119245690_9163087026079502882_n-300x225.jpg HTTP/1.1" 301 324 www.fc-schnaittach.de "-" "Mozilla/5.0 (compatible; bingbot/2.0; +http://www.bing.com/bingbot.htm)" "-"
207.46.13.0 - - [03/Aug/2018:20:28:04 +0200] "GET /wp-content/uploads/2016/08/13076999_1108260119245690_9163087026079502882_n-300x225.jpg HTTP/1.1" 200 14855 www.fc-schnaittach.de "-" "Mozilla/5.0 (compatible; bingbot/2.0; +http://www.bing.com/bingbot.htm)" "-"
207.46.13.0 - - [03/Aug/2018:20:28:13 +0200] "GET /fcs-ii-fc-roethenbach-10-17-03-2018-2/ HTTP/1.1" 200 7888 www.fc-schnaittach.de "-" "Mozilla/5.0 (compatible; bingbot/2.0; +http://www.bing.com/bingbot.htm)" "-"
217.160.63.0 - - [03/Aug/2018:20:28:14 +0200] "HEAD /wp-content/uploads/2015/12/Julius-Hirsch-Preis-Anschreiben-2015-167x300.jpg HTTP/1.1" 301 - www.fc-schnaittach.de "https://www.fc-schnaittach.de" "Mozilla/5.0 (compatible; MSIE 9.0; Windows NT 6.1; WOW64; Trident/5.0)" "-"
217.160.63.0 - - [03/Aug/2018:20:28:14 +0200] "HEAD /wp-content/uploads/2015/12/Julius-Hirsch-Preis-Anschreiben-2015-167x300.jpg HTTP/1.1" 200 - www.fc-schnaittach.de "https://www.fc-schnaittach.de" "Mozilla/5.0 (compatible; MSIE 9.0; Windows NT 6.1; WOW64; Trident/5.0)" "-"
217.160.63.0 - - [03/Aug/2018:20:28:16 +0200] "HEAD /wp-content/uploads/2015/08/IMG_6456-300x225.jpg HTTP/1.1" 301 - www.fc-schnaittach.de "https://www.fc-schnaittach.de" "Mozilla/5.0 (compatible; MSIE 9.0; Windows NT 6.1; WOW64; Trident/5.0)" "-"
217.160.63.0 - - [03/Aug/2018:20:28:16 +0200] "HEAD /wp-content/uploads/2015/08/IMG_6456-300x225.jpg HTTP/1.1" 200 - www.fc-schnaittach.de "https://www.fc-schnaittach.de" "Mozilla/5.0 (compatible; MSIE 9.0; Windows NT 6.1; WOW64; Trident/5.0)" "-"
217.160.63.0 - - [03/Aug/2018:20:28:18 +0200] "HEAD /wp-content/uploads/2015/06/20150613_115638.jpg HTTP/1.1" 301 - www.fc-schnaittach.de "https://www.fc-schnaittach.de" "Mozilla/5.0 (compatible; MSIE 9.0; Windows NT 6.1; WOW64; Trident/5.0)" "-"
217.160.63.0 - - [03/Aug/2018:20:28:18 +0200] "HEAD /wp-content/uploads/2015/06/20150613_115638.jpg HTTP/1.1" 200 - www.fc-schnaittach.de "https://www.fc-schnaittach.de" "Mozilla/5.0 (compatible; MSIE 9.0; Windows NT 6.1; WOW64; Trident/5.0)" "-"
217.160.63.0 - - [03/Aug/2018:20:28:20 +0200] "HEAD /wp-content/uploads/2015/07/Zeitung-062015.jpg HTTP/1.1" 301 - www.fc-schnaittach.de "https://www.fc-schnaittach.de" "Mozilla/5.0 (compatible; MSIE 9.0; Windows NT 6.1; WOW64; Trident/5.0)" "-"
217.160.63.0 - - [03/Aug/2018:20:28:20 +0200] "HEAD /wp-content/uploads/2015/07/Zeitung-062015.jpg HTTP/1.1" 200 - www.fc-schnaittach.de "https://www.fc-schnaittach.de" "Mozilla/5.0 (compatible; MSIE 9.0; Windows NT 6.1; WOW64; Trident/5.0)" "-"
217.160.63.0 - - [03/Aug/2018:20:28:24 +0200] "HEAD /wp-content/uploads/2015/06/20150613_115636-e1434303450659-225x300.jpg HTTP/1.1" 301 - www.fc-schnaittach.de "https://www.fc-schnaittach.de" "Mozilla/5.0 (compatible; MSIE 9.0; Windows NT 6.1; WOW64; Trident/5.0)" "-"
217.160.63.0 - - [03/Aug/2018:20:28:24 +0200] "HEAD /wp-content/uploads/2015/06/20150613_115636-e1434303450659-225x300.jpg HTTP/1.1" 200 - www.fc-schnaittach.de "https://www.fc-schnaittach.de" "Mozilla/5.0 (compatible; MSIE 9.0; Windows NT 6.1; WOW64; Trident/5.0)" "-"
217.160.63.0 - - [03/Aug/2018:20:28:29 +0200] "HEAD /wp-content/uploads/2015/08/IMG_6491.jpg HTTP/1.1" 301 - www.fc-schnaittach.de "https://www.fc-schnaittach.de" "Mozilla/5.0 (compatible; MSIE 9.0; Windows NT 6.1; WOW64; Trident/5.0)" "-"
217.160.63.0 - - [03/Aug/2018:20:28:29 +0200] "HEAD /wp-content/uploads/2015/08/IMG_6491.jpg HTTP/1.1" 200 - www.fc-schnaittach.de "https://www.fc-schnaittach.de" "Mozilla/5.0 (compatible; MSIE 9.0; Windows NT 6.1; WOW64; Trident/5.0)" "-"
217.160.63.0 - - [03/Aug/2018:20:28:34 +0200] "HEAD /wp-content/uploads/2015/12/Julius-Hirsch-Preis-2015-194x300.jpg HTTP/1.1" 301 - www.fc-schnaittach.de "https://www.fc-schnaittach.de" "Mozilla/5.0 (compatible; MSIE 9.0; Windows NT 6.1; WOW64; Trident/5.0)" "-"
217.160.63.0 - - [03/Aug/2018:20:28:34 +0200] "HEAD /wp-content/uploads/2015/12/Julius-Hirsch-Preis-2015-194x300.jpg HTTP/1.1" 200 - www.fc-schnaittach.de "https://www.fc-schnaittach.de" "Mozilla/5.0 (compatible; MSIE 9.0; Windows NT 6.1; WOW64; Trident/5.0)" "-"
217.160.63.0 - - [03/Aug/2018:20:28:39 +0200] "HEAD /wp-content/uploads/2014/12/13731508269647197.jpg HTTP/1.1" 301 - www.fc-schnaittach.de "https://www.fc-schnaittach.de" "Mozilla/5.0 (compatible; MSIE 9.0; Windows NT 6.1; WOW64; Trident/5.0)" "-"
217.160.63.0 - - [03/Aug/2018:20:28:39 +0200] "HEAD /wp-content/uploads/2014/12/13731508269647197.jpg HTTP/1.1" 200 - www.fc-schnaittach.de "https://www.fc-schnaittach.de" "Mozilla/5.0 (compatible; MSIE 9.0; Windows NT 6.1; WOW64; Trident/5.0)" "-"
217.160.63.0 - - [03/Aug/2018:20:28:44 +0200] "HEAD /wp-content/uploads/2015/08/IMG_6469-300x225.jpg HTTP/1.1" 301 - www.fc-schnaittach.de "https://www.fc-schnaittach.de" "Mozilla/5.0 (compatible; MSIE 9.0; Windows NT 6.1; WOW64; Trident/5.0)" "-"
217.160.63.0 - - [03/Aug/2018:20:28:44 +0200] "HEAD /wp-content/uploads/2015/08/IMG_6469-300x225.jpg HTTP/1.1" 200 - www.fc-schnaittach.de "https://www.fc-schnaittach.de" "Mozilla/5.0 (compatible; MSIE 9.0; Windows NT 6.1; WOW64; Trident/5.0)" "-"
217.160.63.0 - - [03/Aug/2018:20:28:49 +0200] "HEAD /wp-content/uploads/2014/12/13731508269647197-300x200.jpg HTTP/1.1" 301 - www.fc-schnaittach.de "https://www.fc-schnaittach.de" "Mozilla/5.0 (compatible; MSIE 9.0; Windows NT 6.1; WOW64; Trident/5.0)" "-"
217.160.63.0 - - [03/Aug/2018:20:28:49 +0200] "HEAD /wp-content/uploads/2014/12/13731508269647197-300x200.jpg HTTP/1.1" 200 - www.fc-schnaittach.de "https://www.fc-schnaittach.de" "Mozilla/5.0 (compatible; MSIE 9.0; Windows NT 6.1; WOW64; Trident/5.0)" "-"
217.160.63.0 - - [03/Aug/2018:20:28:54 +0200] "HEAD /wp-content/uploads/2018/04/Schuhe-300x225.png HTTP/1.1" 200 - www.fc-schnaittach.de "https://www.fc-schnaittach.de" "Mozilla/5.0 (compatible; MSIE 9.0; Windows NT 6.1; WOW64; Trident/5.0)" "-"
217.160.63.0 - - [03/Aug/2018:20:28:59 +0200] "HEAD /wp-content/uploads/2014/12/tt-2017.jpg HTTP/1.1" 301 - www.fc-schnaittach.de "https://www.fc-schnaittach.de" "Mozilla/5.0 (compatible; MSIE 9.0; Windows NT 6.1; WOW64; Trident/5.0)" "-"
217.160.63.0 - - [03/Aug/2018:20:28:59 +0200] "HEAD /wp-content/uploads/2014/12/tt-2017.jpg HTTP/1.1" 200 - www.fc-schnaittach.de "https://www.fc-schnaittach.de" "Mozilla/5.0 (compatible; MSIE 9.0; Windows NT 6.1; WOW64; Trident/5.0)" "-"
217.160.63.0 - - [03/Aug/2018:20:29:04 +0200] "HEAD /wp-content/uploads/2015/04/feedIcon.png HTTP/1.1" 301 - www.fc-schnaittach.de "https://www.fc-schnaittach.de" "Mozilla/5.0 (compatible; MSIE 9.0; Windows NT 6.1; WOW64; Trident/5.0)" "-"
217.160.63.0 - - [03/Aug/2018:20:29:04 +0200] "HEAD /wp-content/uploads/2015/04/feedIcon.png HTTP/1.1" 200 - www.fc-schnaittach.de "https://www.fc-schnaittach.de" "Mozilla/5.0 (compatible; MSIE 9.0; Windows NT 6.1; WOW64; Trident/5.0)" "-"
217.160.63.0 - - [03/Aug/2018:20:29:09 +0200] "HEAD /wp-content/uploads/2015/12/Julius-Hirsch-Preis-Anschreiben-2015.jpg HTTP/1.1" 301 - www.fc-schnaittach.de "https://www.fc-schnaittach.de" "Mozilla/5.0 (compatible; MSIE 9.0; Windows NT 6.1; WOW64; Trident/5.0)" "-"
217.160.63.0 - - [03/Aug/2018:20:29:09 +0200] "HEAD /wp-content/uploads/2015/12/Julius-Hirsch-Preis-Anschreiben-2015.jpg HTTP/1.1" 200 - www.fc-schnaittach.de "https://www.fc-schnaittach.de" "Mozilla/5.0 (compatible; MSIE 9.0; Windows NT 6.1; WOW64; Trident/5.0)" "-"
217.160.63.0 - - [03/Aug/2018:20:29:14 +0200] "HEAD /wp-content/uploads/2015/08/IMG_6453.jpg HTTP/1.1" 301 - www.fc-schnaittach.de "https://www.fc-schnaittach.de" "Mozilla/5.0 (compatible; MSIE 9.0; Windows NT 6.1; WOW64; Trident/5.0)" "-"
217.160.63.0 - - [03/Aug/2018:20:29:14 +0200] "HEAD /wp-content/uploads/2015/08/IMG_6453.jpg HTTP/1.1" 200 - www.fc-schnaittach.de "https://www.fc-schnaittach.de" "Mozilla/5.0 (compatible; MSIE 9.0; Windows NT 6.1; WOW64; Trident/5.0)" "-"
217.160.63.0 - - [03/Aug/2018:20:29:19 +0200] "HEAD /wp-content/uploads/2015/06/FOvfGhvzlY9EcbZ8.jpg HTTP/1.1" 301 - www.fc-schnaittach.de "https://www.fc-schnaittach.de" "Mozilla/5.0 (compatible; MSIE 9.0; Windows NT 6.1; WOW64; Trident/5.0)" "-"
217.160.63.0 - - [03/Aug/2018:20:29:19 +0200] "HEAD /wp-content/uploads/2015/06/FOvfGhvzlY9EcbZ8.jpg HTTP/1.1" 200 - www.fc-schnaittach.de "https://www.fc-schnaittach.de" "Mozilla/5.0 (compatible; MSIE 9.0; Windows NT 6.1; WOW64; Trident/5.0)" "-"
217.160.63.0 - - [03/Aug/2018:20:29:24 +0200] "HEAD /wp-content/uploads/2015/08/IMG_6507.jpg HTTP/1.1" 301 - www.fc-schnaittach.de "https://www.fc-schnaittach.de" "Mozilla/5.0 (compatible; MSIE 9.0; Windows NT 6.1; WOW64; Trident/5.0)" "-"
217.160.63.0 - - [03/Aug/2018:20:29:24 +0200] "HEAD /wp-content/uploads/2015/08/IMG_6507.jpg HTTP/1.1" 200 - www.fc-schnaittach.de "https://www.fc-schnaittach.de" "Mozilla/5.0 (compatible; MSIE 9.0; Windows NT 6.1; WOW64; Trident/5.0)" "-"
217.160.63.0 - - [03/Aug/2018:20:29:30 +0200] "HEAD /wp-content/uploads/2014/10/1-Mannschaft.jpg HTTP/1.1" 301 - www.fc-schnaittach.de "https://www.fc-schnaittach.de" "Mozilla/5.0 (compatible; MSIE 9.0; Windows NT 6.1; WOW64; Trident/5.0)" "-"
217.160.63.0 - - [03/Aug/2018:20:29:30 +0200] "HEAD /wp-content/uploads/2014/10/1-Mannschaft.jpg HTTP/1.1" 200 - www.fc-schnaittach.de "https://www.fc-schnaittach.de" "Mozilla/5.0 (compatible; MSIE 9.0; Windows NT 6.1; WOW64; Trident/5.0)" "-"
217.160.63.0 - - [03/Aug/2018:20:29:34 +0200] "HEAD /wp-content/uploads/2015/04/2-Mannschaft-1960-1.jpg HTTP/1.1" 301 - www.fc-schnaittach.de "https://www.fc-schnaittach.de" "Mozilla/5.0 (compatible; MSIE 9.0; Windows NT 6.1; WOW64; Trident/5.0)" "-"
217.160.63.0 - - [03/Aug/2018:20:29:34 +0200] "HEAD /wp-content/uploads/2015/04/2-Mannschaft-1960-1.jpg HTTP/1.1" 200 - www.fc-schnaittach.de "https://www.fc-schnaittach.de" "Mozilla/5.0 (compatible; MSIE 9.0; Windows NT 6.1; WOW64; Trident/5.0)" "-"
217.160.63.0 - - [03/Aug/2018:20:29:39 +0200] "HEAD /wp-content/uploads/2015/12/Julius-Hirsch-Preis-2015.jpg HTTP/1.1" 301 - www.fc-schnaittach.de "https://www.fc-schnaittach.de" "Mozilla/5.0 (compatible; MSIE 9.0; Windows NT 6.1; WOW64; Trident/5.0)" "-"
217.160.63.0 - - [03/Aug/2018:20:29:39 +0200] "HEAD /wp-content/uploads/2015/12/Julius-Hirsch-Preis-2015.jpg HTTP/1.1" 200 - www.fc-schnaittach.de "https://www.fc-schnaittach.de" "Mozilla/5.0 (compatible; MSIE 9.0; Windows NT 6.1; WOW64; Trident/5.0)" "-"
217.160.63.0 - - [03/Aug/2018:20:29:44 +0200] "HEAD /wp-content/uploads/2015/08/IMG_6492-300x225.jpg HTTP/1.1" 301 - www.fc-schnaittach.de "https://www.fc-schnaittach.de" "Mozilla/5.0 (compatible; MSIE 9.0; Windows NT 6.1; WOW64; Trident/5.0)" "-"
217.160.63.0 - - [03/Aug/2018:20:29:44 +0200] "HEAD /wp-content/uploads/2015/08/IMG_6492-300x225.jpg HTTP/1.1" 200 - www.fc-schnaittach.de "https://www.fc-schnaittach.de" "Mozilla/5.0 (compatible; MSIE 9.0; Windows NT 6.1; WOW64; Trident/5.0)" "-"
217.160.63.0 - - [03/Aug/2018:20:29:49 +0200] "HEAD /wp-content/uploads/2015/08/IMG_6491-300x225.jpg HTTP/1.1" 301 - www.fc-schnaittach.de "https://www.fc-schnaittach.de" "Mozilla/5.0 (compatible; MSIE 9.0; Windows NT 6.1; WOW64; Trident/5.0)" "-"
217.160.63.0 - - [03/Aug/2018:20:29:49 +0200] "HEAD /wp-content/uploads/2015/08/IMG_6491-300x225.jpg HTTP/1.1" 200 - www.fc-schnaittach.de "https://www.fc-schnaittach.de" "Mozilla/5.0 (compatible; MSIE 9.0; Windows NT 6.1; WOW64; Trident/5.0)" "-"
217.160.63.0 - - [03/Aug/2018:20:29:54 +0200] "HEAD /wp-content/uploads/2015/08/IMG_65251.jpg HTTP/1.1" 301 - www.fc-schnaittach.de "https://www.fc-schnaittach.de" "Mozilla/5.0 (compatible; MSIE 9.0; Windows NT 6.1; WOW64; Trident/5.0)" "-"
217.160.63.0 - - [03/Aug/2018:20:29:54 +0200] "HEAD /wp-content/uploads/2015/08/IMG_65251.jpg HTTP/1.1" 200 - www.fc-schnaittach.de "https://www.fc-schnaittach.de" "Mozilla/5.0 (compatible; MSIE 9.0; Windows NT 6.1; WOW64; Trident/5.0)" "-"
217.160.63.0 - - [03/Aug/2018:20:29:59 +0200] "HEAD /wp-content/uploads/2015/08/IMG_6484.jpg HTTP/1.1" 301 - www.fc-schnaittach.de "https://www.fc-schnaittach.de" "Mozilla/5.0 (compatible; MSIE 9.0; Windows NT 6.1; WOW64; Trident/5.0)" "-"
217.160.63.0 - - [03/Aug/2018:20:29:59 +0200] "HEAD /wp-content/uploads/2015/08/IMG_6484.jpg HTTP/1.1" 200 - www.fc-schnaittach.de "https://www.fc-schnaittach.de" "Mozilla/5.0 (compatible; MSIE 9.0; Windows NT 6.1; WOW64; Trident/5.0)" "-"
217.160.63.0 - - [03/Aug/2018:20:30:04 +0200] "POST /wp-cron.php?doing_wp_cron=1533321004.5849449634552001953125 HTTP/1.1" 301 297 www.fc-schnaittach.de "http://www.fc-schnaittach.de/wp-cron.php?doing_wp_cron=1533321004.5849449634552001953125" "WordPress/4.9.8; https://www.fc-schnaittach.de" "-"
217.160.63.0 - - [03/Aug/2018:20:30:04 +0200] "HEAD /runterra-2015-eine-andere-art-zu-kaempfen/ HTTP/1.1" 200 - www.fc-schnaittach.de "https://www.fc-schnaittach.de" "Mozilla/5.0 (compatible; MSIE 9.0; Windows NT 6.1; WOW64; Trident/5.0)" "-"
217.160.63.0 - - [03/Aug/2018:20:30:09 +0200] "HEAD /wp-content/uploads/2015/08/IMG_6459-300x225.jpg HTTP/1.1" 301 - www.fc-schnaittach.de "https://www.fc-schnaittach.de" "Mozilla/5.0 (compatible; MSIE 9.0; Windows NT 6.1; WOW64; Trident/5.0)" "-"
217.160.63.0 - - [03/Aug/2018:20:30:09 +0200] "HEAD /wp-content/uploads/2015/08/IMG_6459-300x225.jpg HTTP/1.1" 200 - www.fc-schnaittach.de "https://www.fc-schnaittach.de" "Mozilla/5.0 (compatible; MSIE 9.0; Windows NT 6.1; WOW64; Trident/5.0)" "-"
217.160.63.0 - - [03/Aug/2018:20:28:14 +0200] "POST /wp-cron.php?doing_wp_cron=1533320894.0658669471740722656250 HTTP/1.1" 200 23 www.fc-schnaittach.de "https://www.fc-schnaittach.de/wp-cron.php?doing_wp_cron=1533320894.0658669471740722656250" "WordPress/4.9.8; https://www.fc-schnaittach.de" "-"
217.160.63.0 - - [03/Aug/2018:20:30:14 +0200] "HEAD /ansprechpartner/tischtennis/ HTTP/1.1" 200 - www.fc-schnaittach.de "https://www.fc-schnaittach.de" "Mozilla/5.0 (compatible; MSIE 9.0; Windows NT 6.1; WOW64; Trident/5.0)" "-"
217.160.63.0 - - [03/Aug/2018:20:30:19 +0200] "HEAD /wp-content/uploads/2015/08/IMG_6507-300x225.jpg HTTP/1.1" 301 - www.fc-schnaittach.de "https://www.fc-schnaittach.de" "Mozilla/5.0 (compatible; MSIE 9.0; Windows NT 6.1; WOW64; Trident/5.0)" "-"
217.160.63.0 - - [03/Aug/2018:20:30:19 +0200] "HEAD /wp-content/uploads/2015/08/IMG_6507-300x225.jpg HTTP/1.1" 200 - www.fc-schnaittach.de "https://www.fc-schnaittach.de" "Mozilla/5.0 (compatible; MSIE 9.0; Windows NT 6.1; WOW64; Trident/5.0)" "-"
217.160.63.0 - - [03/Aug/2018:20:30:24 +0200] "HEAD /wp-content/uploads/2014/10/2-Mannschaft-300x225.jpeg HTTP/1.1" 301 - www.fc-schnaittach.de "https://www.fc-schnaittach.de" "Mozilla/5.0 (compatible; MSIE 9.0; Windows NT 6.1; WOW64; Trident/5.0)" "-"
217.160.63.0 - - [03/Aug/2018:20:30:24 +0200] "HEAD /wp-content/uploads/2014/10/2-Mannschaft-300x225.jpeg HTTP/1.1" 200 - www.fc-schnaittach.de "https://www.fc-schnaittach.de" "Mozilla/5.0 (compatible; MSIE 9.0; Windows NT 6.1; WOW64; Trident/5.0)" "-"
217.160.63.0 - - [03/Aug/2018:20:30:29 +0200] "HEAD /wp-content/uploads/2015/04/P4197519.jpg HTTP/1.1" 301 - www.fc-schnaittach.de "https://www.fc-schnaittach.de" "Mozilla/5.0 (compatible; MSIE 9.0; Windows NT 6.1; WOW64; Trident/5.0)" "-"
217.160.63.0 - - [03/Aug/2018:20:30:29 +0200] "HEAD /wp-content/uploads/2015/04/P4197519.jpg HTTP/1.1" 200 - www.fc-schnaittach.de "https://www.fc-schnaittach.de" "Mozilla/5.0 (compatible; MSIE 9.0; Windows NT 6.1; WOW64; Trident/5.0)" "-"
217.160.63.0 - - [03/Aug/2018:20:30:34 +0200] "HEAD /wp-content/uploads/2014/10/1-Mannschaft-300x225.jpg HTTP/1.1" 301 - www.fc-schnaittach.de "https://www.fc-schnaittach.de" "Mozilla/5.0 (compatible; MSIE 9.0; Windows NT 6.1; WOW64; Trident/5.0)" "-"
217.160.63.0 - - [03/Aug/2018:20:30:34 +0200] "HEAD /wp-content/uploads/2014/10/1-Mannschaft-300x225.jpg HTTP/1.1" 200 - www.fc-schnaittach.de "https://www.fc-schnaittach.de" "Mozilla/5.0 (compatible; MSIE 9.0; Windows NT 6.1; WOW64; Trident/5.0)" "-"
217.160.63.0 - - [03/Aug/2018:20:30:39 +0200] "HEAD /wp-content/uploads/2015/04/Ehrenabend-ALLE2.jpg HTTP/1.1" 301 - www.fc-schnaittach.de "https://www.fc-schnaittach.de" "Mozilla/5.0 (compatible; MSIE 9.0; Windows NT 6.1; WOW64; Trident/5.0)" "-"
217.160.63.0 - - [03/Aug/2018:20:30:39 +0200] "HEAD /wp-content/uploads/2015/04/Ehrenabend-ALLE2.jpg HTTP/1.1" 200 - www.fc-schnaittach.de "https://www.fc-schnaittach.de" "Mozilla/5.0 (compatible; MSIE 9.0; Windows NT 6.1; WOW64; Trident/5.0)" "-"
217.160.63.0 - - [03/Aug/2018:20:30:44 +0200] "HEAD /wp-content/uploads/2015/04/FCS-2-Mannschaft-Meister-19.jpg HTTP/1.1" 301 - www.fc-schnaittach.de "https://www.fc-schnaittach.de" "Mozilla/5.0 (compatible; MSIE 9.0; Windows NT 6.1; WOW64; Trident/5.0)" "-"
217.160.63.0 - - [03/Aug/2018:20:30:44 +0200] "HEAD /wp-content/uploads/2015/04/FCS-2-Mannschaft-Meister-19.jpg HTTP/1.1" 200 - www.fc-schnaittach.de "https://www.fc-schnaittach.de" "Mozilla/5.0 (compatible; MSIE 9.0; Windows NT 6.1; WOW64; Trident/5.0)" "-"
217.160.63.0 - - [03/Aug/2018:20:30:49 +0200] "HEAD /zeitungsbericht-pegnitzzeitung/ HTTP/1.1" 200 - www.fc-schnaittach.de "https://www.fc-schnaittach.de" "Mozilla/5.0 (compatible; MSIE 9.0; Windows NT 6.1; WOW64; Trident/5.0)" "-"
217.160.63.0 - - [03/Aug/2018:20:30:54 +0200] "HEAD /wp-content/uploads/2014/12/tt-2017-300x201.jpg HTTP/1.1" 301 - www.fc-schnaittach.de "https://www.fc-schnaittach.de" "Mozilla/5.0 (compatible; MSIE 9.0; Windows NT 6.1; WOW64; Trident/5.0)" "-"
217.160.63.0 - - [03/Aug/2018:20:30:54 +0200] "HEAD /wp-content/uploads/2014/12/tt-2017-300x201.jpg HTTP/1.1" 200 - www.fc-schnaittach.de "https://www.fc-schnaittach.de" "Mozilla/5.0 (compatible; MSIE 9.0; Windows NT 6.1; WOW64; Trident/5.0)" "-"
217.160.63.0 - - [03/Aug/2018:20:30:59 +0200] "HEAD /wp-content/uploads/2015/08/IMG_6492.jpg HTTP/1.1" 301 - www.fc-schnaittach.de "https://www.fc-schnaittach.de" "Mozilla/5.0 (compatible; MSIE 9.0; Windows NT 6.1; WOW64; Trident/5.0)" "-"
217.160.63.0 - - [03/Aug/2018:20:30:59 +0200] "HEAD /wp-content/uploads/2015/08/IMG_6492.jpg HTTP/1.1" 200 - www.fc-schnaittach.de "https://www.fc-schnaittach.de" "Mozilla/5.0 (compatible; MSIE 9.0; Windows NT 6.1; WOW64; Trident/5.0)" "-"
217.160.63.0 - - [03/Aug/2018:20:32:39 +0200] "POST /wp-cron.php?doing_wp_cron=1533321159.3581099510192871093750 HTTP/1.1" 301 297 www.fc-schnaittach.de "http://www.fc-schnaittach.de/wp-cron.php?doing_wp_cron=1533321159.3581099510192871093750" "WordPress/4.9.8; https://www.fc-schnaittach.de" "-"
194.187.170.0 - - [03/Aug/2018:20:32:39 +0200] "GET /tag/ehrenmitglied/ HTTP/1.1" 200 6831 www.fc-schnaittach.de "-" "Mozilla/5.0 (compatible; Qwantify/2.4w; +https://www.qwant.com/)/2.4w" "-"
207.46.13.0 - - [03/Aug/2018:20:33:10 +0200] "GET /trainingsplan-sommer-2017/ HTTP/1.1" 200 6574 www.fc-schnaittach.de "-" "Mozilla/5.0 (iPhone; CPU iPhone OS 7_0 like Mac OS X) AppleWebKit/537.51.1 (KHTML, like Gecko) Version/7.0 Mobile/11A465 Safari/9537.53 (compatible; bingbot/2.0; +http://www.bing.com/bingbot.htm)" "-"
207.46.13.0 - - [03/Aug/2018:20:33:15 +0200] "GET /robots.txt HTTP/1.1" 301 248 www.fc-schnaittach.de "-" "Mozilla/5.0 (compatible; bingbot/2.0; +http://www.bing.com/bingbot.htm)" "-"
207.46.13.0 - - [03/Aug/2018:20:33:17 +0200] "GET /robots.txt HTTP/1.1" 200 35 www.fc-schnaittach.de "-" "Mozilla/5.0 (compatible; bingbot/2.0; +http://www.bing.com/bingbot.htm)" "-"
207.46.13.0 - - [03/Aug/2018:20:33:39 +0200] "GET /wp-content/plugins/feedzy-rss-feeds/css/feedzy-rss-feeds.css?ver=3.2.10 HTTP/1.1" 301 309 www.fc-schnaittach.de "-" "Mozilla/5.0 (iPhone; CPU iPhone OS 7_0 like Mac OS X) AppleWebKit/537.51.1 (KHTML, like Gecko) Version/7.0 Mobile/11A465 Safari/9537.53 (compatible; bingbot/2.0; +http://www.bing.com/bingbot.htm)" "-"
207.46.13.0 - - [03/Aug/2018:20:33:40 +0200] "GET /wp-content/plugins/feedzy-rss-feeds/css/feedzy-rss-feeds.css?ver=3.2.10 HTTP/1.1" 200 9822 www.fc-schnaittach.de "-" "Mozilla/5.0 (iPhone; CPU iPhone OS 7_0 like Mac OS X) AppleWebKit/537.51.1 (KHTML, like Gecko) Version/7.0 Mobile/11A465 Safari/9537.53 (compatible; bingbot/2.0; +http://www.bing.com/bingbot.htm)" "-"
207.46.13.0 - - [03/Aug/2018:20:33:42 +0200] "GET /wp-content/themes/fcs/images/production/FcsWappen.png?ver=1487205002 HTTP/1.1" 301 306 www.fc-schnaittach.de "-" "Mozilla/5.0 (iPhone; CPU iPhone OS 7_0 like Mac OS X) AppleWebKit/537.51.1 (KHTML, like Gecko) Version/7.0 Mobile/11A465 Safari/9537.53 (compatible; bingbot/2.0; +http://www.bing.com/bingbot.htm)" "-"
207.46.13.0 - - [03/Aug/2018:20:33:42 +0200] "GET /wp-content/themes/fcs/images/production/FcsWappen.png?ver=1487205002 HTTP/1.1" 200 12482 www.fc-schnaittach.de "-" "Mozilla/5.0 (iPhone; CPU iPhone OS 7_0 like Mac OS X) AppleWebKit/537.51.1 (KHTML, like Gecko) Version/7.0 Mobile/11A465 Safari/9537.53 (compatible; bingbot/2.0; +http://www.bing.com/bingbot.htm)" "-"
207.46.13.0 - - [03/Aug/2018:20:33:43 +0200] "GET /wp-includes/js/jquery/jquery.js?ver=1.12.4 HTTP/1.1" 301 280 www.fc-schnaittach.de "-" "Mozilla/5.0 (iPhone; CPU iPhone OS 7_0 like Mac OS X) AppleWebKit/537.51.1 (KHTML, like Gecko) Version/7.0 Mobile/11A465 Safari/9537.53 (compatible; bingbot/2.0; +http://www.bing.com/bingbot.htm)" "-"
207.46.13.0 - - [03/Aug/2018:20:33:44 +0200] "GET /wp-content/plugins/user-access-manager/assets/css/uamLoginForm.css?ver=2.1.11 HTTP/1.1" 301 315 www.fc-schnaittach.de "-" "Mozilla/5.0 (iPhone; CPU iPhone OS 7_0 like Mac OS X) AppleWebKit/537.51.1 (KHTML, like Gecko) Version/7.0 Mobile/11A465 Safari/9537.53 (compatible; bingbot/2.0; +http://www.bing.com/bingbot.htm)" "-"
207.46.13.0 - - [03/Aug/2018:20:33:44 +0200] "GET /wp-content/plugins/user-access-manager/assets/css/uamLoginForm.css?ver=2.1.11 HTTP/1.1" 200 468 www.fc-schnaittach.de "-" "Mozilla/5.0 (iPhone; CPU iPhone OS 7_0 like Mac OS X) AppleWebKit/537.51.1 (KHTML, like Gecko) Version/7.0 Mobile/11A465 Safari/9537.53 (compatible; bingbot/2.0; +http://www.bing.com/bingbot.htm)" "-"
207.46.13.0 - - [03/Aug/2018:20:33:45 +0200] "GET /wp-content/themes/fcs/style.css?ver=1460744932 HTTP/1.1" 301 284 www.fc-schnaittach.de "-" "Mozilla/5.0 (iPhone; CPU iPhone OS 7_0 like Mac OS X) AppleWebKit/537.51.1 (KHTML, like Gecko) Version/7.0 Mobile/11A465 Safari/9537.53 (compatible; bingbot/2.0; +http://www.bing.com/bingbot.htm)" "-"
207.46.13.0 - - [03/Aug/2018:20:33:47 +0200] "GET /wp-content/themes/fcs/style.css?ver=1460744932 HTTP/1.1" 200 22587 www.fc-schnaittach.de "-" "Mozilla/5.0 (iPhone; CPU iPhone OS 7_0 like Mac OS X) AppleWebKit/537.51.1 (KHTML, like Gecko) Version/7.0 Mobile/11A465 Safari/9537.53 (compatible; bingbot/2.0; +http://www.bing.com/bingbot.htm)" "-"
157.55.39.0 - - [03/Aug/2018:20:33:48 +0200] "GET /wp-content/plugins/contact-form-7/includes/css/styles.css?ver=5.0.2 HTTP/1.1" 301 305 www.fc-schnaittach.de "-" "Mozilla/5.0 (iPhone; CPU iPhone OS 7_0 like Mac OS X) AppleWebKit/537.51.1 (KHTML, like Gecko) Version/7.0 Mobile/11A465 Safari/9537.53 (compatible; bingbot/2.0; +http://www.bing.com/bingbot.htm)" "-"
157.55.39.0 - - [03/Aug/2018:20:33:49 +0200] "GET /wp-content/plugins/contact-form-7/includes/css/styles.css?ver=5.0.2 HTTP/1.1" 200 1683 www.fc-schnaittach.de "-" "Mozilla/5.0 (iPhone; CPU iPhone OS 7_0 like Mac OS X) AppleWebKit/537.51.1 (KHTML, like Gecko) Version/7.0 Mobile/11A465 Safari/9537.53 (compatible; bingbot/2.0; +http://www.bing.com/bingbot.htm)" "-"
157.55.39.0 - - [03/Aug/2018:20:33:50 +0200] "GET /wp-content/plugins/contact-form-7/includes/js/scripts.js?ver=5.0.2 HTTP/1.1" 301 304 www.fc-schnaittach.de "-" "Mozilla/5.0 (iPhone; CPU iPhone OS 7_0 like Mac OS X) AppleWebKit/537.51.1 (KHTML, like Gecko) Version/7.0 Mobile/11A465 Safari/9537.53 (compatible; bingbot/2.0; +http://www.bing.com/bingbot.htm)" "-"
157.55.39.0 - - [03/Aug/2018:20:33:52 +0200] "GET /wp-content/plugins/contact-form-7/includes/js/scripts.js?ver=5.0.2 HTTP/1.1" 200 14585 www.fc-schnaittach.de "-" "Mozilla/5.0 (iPhone; CPU iPhone OS 7_0 like Mac OS X) AppleWebKit/537.51.1 (KHTML, like Gecko) Version/7.0 Mobile/11A465 Safari/9537.53 (compatible; bingbot/2.0; +http://www.bing.com/bingbot.htm)" "-"
157.55.39.0 - - [03/Aug/2018:20:33:53 +0200] "GET /wp-content/plugins/recently-updated-posts-widget/css/style.css?ver=4.9.8 HTTP/1.1" 301 310 www.fc-schnaittach.de "-" "Mozilla/5.0 (iPhone; CPU iPhone OS 7_0 like Mac OS X) AppleWebKit/537.51.1 (KHTML, like Gecko) Version/7.0 Mobile/11A465 Safari/9537.53 (compatible; bingbot/2.0; +http://www.bing.com/bingbot.htm)" "-"
157.55.39.0 - - [03/Aug/2018:20:33:55 +0200] "GET /wp-content/plugins/recently-updated-posts-widget/css/style.css?ver=4.9.8 HTTP/1.1" 200 45 www.fc-schnaittach.de "-" "Mozilla/5.0 (iPhone; CPU iPhone OS 7_0 like Mac OS X) AppleWebKit/537.51.1 (KHTML, like Gecko) Version/7.0 Mobile/11A465 Safari/9537.53 (compatible; bingbot/2.0; +http://www.bing.com/bingbot.htm)" "-"
157.55.39.0 - - [03/Aug/2018:20:33:55 +0200] "GET /wp-content/themes/fcs/css/jquery.smartmenus.bootstrap.css?ver=1418749976 HTTP/1.1" 301 310 www.fc-schnaittach.de "-" "Mozilla/5.0 (iPhone; CPU iPhone OS 7_0 like Mac OS X) AppleWebKit/537.51.1 (KHTML, like Gecko) Version/7.0 Mobile/11A465 Safari/9537.53 (compatible; bingbot/2.0; +http://www.bing.com/bingbot.htm)" "-"
157.55.39.0 - - [03/Aug/2018:20:33:57 +0200] "GET /wp-content/themes/fcs/css/jquery.smartmenus.bootstrap.css?ver=1418749976 HTTP/1.1" 200 3128 www.fc-schnaittach.de "-" "Mozilla/5.0 (iPhone; CPU iPhone OS 7_0 like Mac OS X) AppleWebKit/537.51.1 (KHTML, like Gecko) Version/7.0 Mobile/11A465 Safari/9537.53 (compatible; bingbot/2.0; +http://www.bing.com/bingbot.htm)" "-"
207.46.13.0 - - [03/Aug/2018:20:33:58 +0200] "GET /wp-includes/js/jquery/jquery.js?ver=1.12.4 HTTP/1.1" 200 97184 www.fc-schnaittach.de "-" "Mozilla/5.0 (iPhone; CPU iPhone OS 7_0 like Mac OS X) AppleWebKit/537.51.1 (KHTML, like Gecko) Version/7.0 Mobile/11A465 Safari/9537.53 (compatible; bingbot/2.0; +http://www.bing.com/bingbot.htm)" "-"
157.55.39.0 - - [03/Aug/2018:20:33:58 +0200] "GET /wp-content/themes/fcs/js/fcs.js?ver=1442772175 HTTP/1.1" 301 284 www.fc-schnaittach.de "-" "Mozilla/5.0 (iPhone; CPU iPhone OS 7_0 like Mac OS X) AppleWebKit/537.51.1 (KHTML, like Gecko) Version/7.0 Mobile/11A465 Safari/9537.53 (compatible; bingbot/2.0; +http://www.bing.com/bingbot.htm)" "-"
207.46.13.0 - - [03/Aug/2018:20:33:59 +0200] "GET /wp-includes/js/wp-emoji-release.min.js?ver=4.9.8 HTTP/1.1" 301 286 www.fc-schnaittach.de "-" "Mozilla/5.0 (iPhone; CPU iPhone OS 7_0 like Mac OS X) AppleWebKit/537.51.1 (KHTML, like Gecko) Version/7.0 Mobile/11A465 Safari/9537.53 (compatible; bingbot/2.0; +http://www.bing.com/bingbot.htm)" "-"
207.46.13.0 - - [03/Aug/2018:20:34:00 +0200] "GET /wp-includes/js/wp-emoji-release.min.js?ver=4.9.8 HTTP/1.1" 200 12026 www.fc-schnaittach.de "-" "Mozilla/5.0 (iPhone; CPU iPhone OS 7_0 like Mac OS X) AppleWebKit/537.51.1 (KHTML, like Gecko) Version/7.0 Mobile/11A465 Safari/9537.53 (compatible; bingbot/2.0; +http://www.bing.com/bingbot.htm)" "-"
157.55.39.0 - - [03/Aug/2018:20:34:02 +0200] "GET /wp-content/themes/fcs/js/fcs.js?ver=1442772175 HTTP/1.1" 200 5542 www.fc-schnaittach.de "-" "Mozilla/5.0 (iPhone; CPU iPhone OS 7_0 like Mac OS X) AppleWebKit/537.51.1 (KHTML, like Gecko) Version/7.0 Mobile/11A465 Safari/9537.53 (compatible; bingbot/2.0; +http://www.bing.com/bingbot.htm)" "-"
157.55.39.0 - - [03/Aug/2018:20:34:03 +0200] "GET /wp-content/themes/fcs/js/jquery.smartmenus.bootstrap.min.js?ver=1418750004 HTTP/1.1" 301 312 www.fc-schnaittach.de "-" "Mozilla/5.0 (iPhone; CPU iPhone OS 7_0 like Mac OS X) AppleWebKit/537.51.1 (KHTML, like Gecko) Version/7.0 Mobile/11A465 Safari/9537.53 (compatible; bingbot/2.0; +http://www.bing.com/bingbot.htm)" "-"
157.55.39.0 - - [03/Aug/2018:20:34:04 +0200] "GET /wp-content/themes/fcs/js/jquery.smartmenus.bootstrap.min.js?ver=1418750004 HTTP/1.1" 200 1252 www.fc-schnaittach.de "-" "Mozilla/5.0 (iPhone; CPU iPhone OS 7_0 like Mac OS X) AppleWebKit/537.51.1 (KHTML, like Gecko) Version/7.0 Mobile/11A465 Safari/9537.53 (compatible; bingbot/2.0; +http://www.bing.com/bingbot.htm)" "-"
157.55.39.0 - - [03/Aug/2018:20:34:05 +0200] "GET /wp-content/themes/fcs/js/jquery.smartmenus.min.js?ver=1418750004 HTTP/1.1" 301 302 www.fc-schnaittach.de "-" "Mozilla/5.0 (iPhone; CPU iPhone OS 7_0 like Mac OS X) AppleWebKit/537.51.1 (KHTML, like Gecko) Version/7.0 Mobile/11A465 Safari/9537.53 (compatible; bingbot/2.0; +http://www.bing.com/bingbot.htm)" "-"
157.55.39.0 - - [03/Aug/2018:20:34:06 +0200] "GET /wp-content/themes/fcs/js/jquery.smartmenus.min.js?ver=1418750004 HTTP/1.1" 200 22672 www.fc-schnaittach.de "-" "Mozilla/5.0 (iPhone; CPU iPhone OS 7_0 like Mac OS X) AppleWebKit/537.51.1 (KHTML, like Gecko) Version/7.0 Mobile/11A465 Safari/9537.53 (compatible; bingbot/2.0; +http://www.bing.com/bingbot.htm)" "-"
157.55.39.0 - - [03/Aug/2018:20:34:07 +0200] "GET /wp-includes/js/jquery/jquery-migrate.min.js?ver=1.4.1 HTTP/1.1" 301 291 www.fc-schnaittach.de "-" "Mozilla/5.0 (iPhone; CPU iPhone OS 7_0 like Mac OS X) AppleWebKit/537.51.1 (KHTML, like Gecko) Version/7.0 Mobile/11A465 Safari/9537.53 (compatible; bingbot/2.0; +http://www.bing.com/bingbot.htm)" "-"
157.55.39.0 - - [03/Aug/2018:20:34:09 +0200] "GET /wp-includes/js/jquery/jquery-migrate.min.js?ver=1.4.1 HTTP/1.1" 200 10056 www.fc-schnaittach.de "-" "Mozilla/5.0 (iPhone; CPU iPhone OS 7_0 like Mac OS X) AppleWebKit/537.51.1 (KHTML, like Gecko) Version/7.0 Mobile/11A465 Safari/9537.53 (compatible; bingbot/2.0; +http://www.bing.com/bingbot.htm)" "-"
157.55.39.0 - - [03/Aug/2018:20:34:10 +0200] "GET /wp-includes/js/wp-embed.min.js?ver=4.9.8 HTTP/1.1" 301 278 www.fc-schnaittach.de "-" "Mozilla/5.0 (iPhone; CPU iPhone OS 7_0 like Mac OS X) AppleWebKit/537.51.1 (KHTML, like Gecko) Version/7.0 Mobile/11A465 Safari/9537.53 (compatible; bingbot/2.0; +http://www.bing.com/bingbot.htm)" "-"
157.55.39.0 - - [03/Aug/2018:20:34:10 +0200] "GET /wp-includes/js/wp-embed.min.js?ver=4.9.8 HTTP/1.1" 200 1398 www.fc-schnaittach.de "-" "Mozilla/5.0 (iPhone; CPU iPhone OS 7_0 like Mac OS X) AppleWebKit/537.51.1 (KHTML, like Gecko) Version/7.0 Mobile/11A465 Safari/9537.53 (compatible; bingbot/2.0; +http://www.bing.com/bingbot.htm)" "-"
207.46.13.0 - - [03/Aug/2018:20:34:30 +0200] "GET /robots.txt HTTP/1.1" 200 35 www.fc-schnaittach.de "-" "Mozilla/5.0 (compatible; bingbot/2.0; +http://www.bing.com/bingbot.htm)" "-"
217.160.63.0 - - [03/Aug/2018:20:34:37 +0200] "POST /wp-cron.php?doing_wp_cron=1533321277.3502919673919677734375 HTTP/1.1" 200 23 www.fc-schnaittach.de "https://www.fc-schnaittach.de/wp-cron.php?doing_wp_cron=1533321277.3502919673919677734375" "WordPress/4.9.8; https://www.fc-schnaittach.de" "-"
207.46.13.0 - - [03/Aug/2018:20:34:37 +0200] "GET /karate/ HTTP/1.1" 200 8448 www.fc-schnaittach.de "-" "Mozilla/5.0 (compatible; bingbot/2.0; +http://www.bing.com/bingbot.htm)" "-"
216.244.66.0 - - [03/Aug/2018:20:42:05 +0200] "GET /robots.txt HTTP/1.1" 301 248 www.fc-schnaittach.de "-" "Mozilla/5.0 (compatible; DotBot/1.1; http://www.opensiteexplorer.org/dotbot, help@moz.com)" "-"
216.244.66.0 - - [03/Aug/2018:20:42:08 +0200] "GET /robots.txt HTTP/1.1" 200 35 www.fc-schnaittach.de "-" "Mozilla/5.0 (compatible; DotBot/1.1; http://www.opensiteexplorer.org/dotbot, help@moz.com)" "-"
66.249.66.0 - - [03/Aug/2018:20:45:36 +0200] "GET /jahresfahrt-der-wanderabteilung-2/ HTTP/1.1" 404 5767 www.fc-schnaittach.de "-" "Mozilla/5.0 (compatible; Googlebot/2.1; +http://www.google.com/bot.html)" "-"
52.175.195.0 - - [03/Aug/2018:20:50:29 +0200] "HEAD / HTTP/1.1" 301 - www.fc-schnaittach.de "-" "HTTPing v2.4" "-"
77.75.78.0 - - [03/Aug/2018:20:55:21 +0200] "GET /robots.txt HTTP/1.1" 200 35 www.fc-schnaittach.de "-" "Mozilla/5.0 (compatible; SeznamBot/3.2; +http://napoveda.seznam.cz/en/seznambot-intro/)" "-"
2a02:598:: - - [03/Aug/2018:20:55:21 +0200] "GET /wp-content/uploads/2018/04/Werbebanner_1.jpg HTTP/1.1" 200 193604 www.fc-schnaittach.de "-" "Mozilla/5.0 (compatible; SeznamBot/3.2; +http://napoveda.seznam.cz/en/seznambot-intro/)" "-"
77.75.78.0 - - [03/Aug/2018:20:55:22 +0200] "GET /robots.txt HTTP/1.1" 301 248 www.fc-schnaittach.de "-" "Mozilla/5.0 (compatible; SeznamBot/3.2; +http://napoveda.seznam.cz/en/seznambot-intro/)" "-"
2a02:598:: - - [03/Aug/2018:20:55:22 +0200] "GET /wp-content/uploads/2015/08/IMG_6507.jpg HTTP/1.1" 301 277 www.fc-schnaittach.de "-" "Mozilla/5.0 (compatible; SeznamBot/3.2; +http://napoveda.seznam.cz/en/seznambot-intro/)" "-"
66.249.66.0 - - [03/Aug/2018:20:56:35 +0200] "GET /fcs-ii-fc-hedersdorf-31-27-09-2015/ HTTP/1.1" 404 5767 www.fc-schnaittach.de "-" "Mozilla/5.0 (compatible; Googlebot/2.1; +http://www.google.com/bot.html)" "-"
54.36.148.0 - - [03/Aug/2018:21:02:08 +0200] "GET /trainingsplan-sommer-2017/feed/ HTTP/1.1" 200 554 www.fc-schnaittach.de "-" "Mozilla/5.0 (compatible; AhrefsBot/5.2; +http://ahrefs.com/robot/)" "-"
216.244.66.0 - - [03/Aug/2018:21:06:28 +0200] "GET /robots.txt HTTP/1.1" 301 248 www.fc-schnaittach.de "-" "Mozilla/5.0 (compatible; DotBot/1.1; http://www.opensiteexplorer.org/dotbot, help@moz.com)" "-"
216.244.66.0 - - [03/Aug/2018:21:06:29 +0200] "GET /robots.txt HTTP/1.1" 200 35 www.fc-schnaittach.de "-" "Mozilla/5.0 (compatible; DotBot/1.1; http://www.opensiteexplorer.org/dotbot, help@moz.com)" "-"
207.46.13.0 - - [03/Aug/2018:21:09:02 +0200] "GET /wp-content/uploads/2014/12/TT-Herren3-300x200.jpg HTTP/1.1" 301 287 www.fc-schnaittach.de "-" "Mozilla/5.0 (compatible; bingbot/2.0; +http://www.bing.com/bingbot.htm)" "-"
207.46.13.0 - - [03/Aug/2018:21:09:03 +0200] "GET /wp-content/uploads/2014/12/TT-Herren3-300x200.jpg HTTP/1.1" 200 16711 www.fc-schnaittach.de "-" "Mozilla/5.0 (compatible; bingbot/2.0; +http://www.bing.com/bingbot.htm)" "-"
194.187.170.0 - - [03/Aug/2018:21:11:45 +0200] "GET /trainingsauftakt-saison-1617/ HTTP/1.1" 301 23 www.fc-schnaittach.de "-" "Mozilla/5.0 (compatible; Qwantify/2.4w; +https://www.qwant.com/)/2.4w" "-"
194.187.170.0 - - [03/Aug/2018:21:11:46 +0200] "GET /fussball/1-mannschaft/trainingsauftakt-saison-1617/ HTTP/1.1" 200 7589 www.fc-schnaittach.de "-" "Mozilla/5.0 (compatible; Qwantify/2.4w; +https://www.qwant.com/)/2.4w" "-"
13.82.188.0 - - [03/Aug/2018:21:12:57 +0200] "HEAD / HTTP/1.1" 301 - www.fc-schnaittach.de "-" "HTTPing v2.4" "-"
66.249.66.0 - - [03/Aug/2018:21:14:16 +0200] "GET /sitemap-pt-post-2017-03.xml HTTP/1.1" 200 603 www.fc-schnaittach.de "-" "Mozilla/5.0 (compatible; Googlebot/2.1; +http://www.google.com/bot.html)" "-"
157.55.39.0 - - [03/Aug/2018:21:15:14 +0200] "GET /wp-content/uploads/2015/06/20150613_115638.jpg HTTP/1.1" 301 284 www.fc-schnaittach.de "-" "Mozilla/5.0 (compatible; bingbot/2.0; +http://www.bing.com/bingbot.htm)" "-"
157.55.39.0 - - [03/Aug/2018:21:15:15 +0200] "GET /wp-content/uploads/2015/06/20150613_115638.jpg HTTP/1.1" 200 89384 www.fc-schnaittach.de "-" "Mozilla/5.0 (compatible; bingbot/2.0; +http://www.bing.com/bingbot.htm)" "-"
66.249.66.0 - - [03/Aug/2018:21:19:39 +0200] "GET /fussball/1-mannschaft/nachrichten-aus-der-liga-kreisliga-erlangen-pegnitzgrund-2/ HTTP/1.1" 200 8212 www.fc-schnaittach.de "-" "Mozilla/5.0 (Linux; Android 6.0.1; Nexus 5X Build/MMB29P) AppleWebKit/537.36 (KHTML, like Gecko) Chrome/41.0.2272.96 Mobile Safari/537.36 (compatible; Googlebot/2.1; +http://www.google.com/bot.html)" "-"
194.187.170.0 - - [03/Aug/2018:21:22:59 +0200] "GET /wp-content/uploads/2015/01/Beitragsordnung-Entwurf.pdf HTTP/1.1" 301 292 www.fc-schnaittach.de "-" "Mozilla/5.0 (compatible; Qwantify/2.4w; +https://www.qwant.com/)/2.4w" "-"
194.187.170.0 - - [03/Aug/2018:21:23:00 +0200] "GET /wp-content/uploads/2015/01/Beitragsordnung-Entwurf.pdf HTTP/1.1" 200 111662 www.fc-schnaittach.de "-" "Mozilla/5.0 (compatible; Qwantify/2.4w; +https://www.qwant.com/)/2.4w" "-"
217.160.63.0 - - [03/Aug/2018:21:26:50 +0200] "POST /wp-cron.php?doing_wp_cron=1533324410.1590840816497802734375 HTTP/1.1" 301 297 www.fc-schnaittach.de "http://www.fc-schnaittach.de/wp-cron.php?doing_wp_cron=1533324410.1590840816497802734375" "WordPress/4.9.8; https://www.fc-schnaittach.de" "-"
66.249.66.0 - - [03/Aug/2018:21:26:50 +0200] "GET /jahresplanung-2016-weihnachtsfeier-2015-am-18-12-2015/ HTTP/1.1" 404 5767 www.fc-schnaittach.de "-" "Mozilla/5.0 (compatible; Googlebot/2.1; +http://www.google.com/bot.html)" "-"
54.36.148.0 - - [03/Aug/2018:21:28:46 +0200] "GET /hauptverein/mitgliedschaft/ HTTP/1.1" 200 6555 www.fc-schnaittach.de "-" "Mozilla/5.0 (compatible; AhrefsBot/5.2; +http://ahrefs.com/robot/)" "-"
217.160.63.0 - - [03/Aug/2018:21:28:47 +0200] "POST /wp-cron.php?doing_wp_cron=1533324527.1519870758056640625000 HTTP/1.1" 301 297 www.fc-schnaittach.de "http://www.fc-schnaittach.de/wp-cron.php?doing_wp_cron=1533324527.1519870758056640625000" "WordPress/4.9.8; https://www.fc-schnaittach.de" "-"
40.77.194.0 - - [03/Aug/2018:21:34:42 +0200] "GET /wp-content/plugins/feedzy-rss-feeds/css/feedzy-rss-feeds.css?ver=3.2.10 HTTP/1.1" 301 309 www.fc-schnaittach.de "-" "Mozilla/5.0 (iPhone; CPU iPhone OS 7_0 like Mac OS X) AppleWebKit/537.51.1 (KHTML, like Gecko) Version/7.0 Mobile/11A465 Safari/9537.53 BingPreview/1.0b" "-"
40.77.253.0 - - [03/Aug/2018:21:34:44 +0200] "GET /wp-content/plugins/feedzy-rss-feeds/css/feedzy-rss-feeds.css?ver=3.2.10 HTTP/1.1" 200 9822 www.fc-schnaittach.de "-" "Mozilla/5.0 (iPhone; CPU iPhone OS 7_0 like Mac OS X) AppleWebKit/537.51.1 (KHTML, like Gecko) Version/7.0 Mobile/11A465 Safari/9537.53 BingPreview/1.0b" "-"
157.55.39.0 - - [03/Aug/2018:21:37:00 +0200] "GET /wp-content/uploads/2014/10/C_Hoppe.jpg HTTP/1.1" 301 276 www.fc-schnaittach.de "-" "Mozilla/5.0 (compatible; bingbot/2.0; +http://www.bing.com/bingbot.htm)" "-"
157.55.39.0 - - [03/Aug/2018:21:37:01 +0200] "GET /wp-content/uploads/2014/10/C_Hoppe.jpg HTTP/1.1" 200 113757 www.fc-schnaittach.de "-" "Mozilla/5.0 (compatible; bingbot/2.0; +http://www.bing.com/bingbot.htm)" "-"
85.25.210.0 - - [03/Aug/2018:21:37:02 +0200] "GET /robots.txt HTTP/1.1" 301 248 www.fc-schnaittach.de "-" "Mozilla/5.0 (compatible; adscanner/)" "-"
85.25.210.0 - - [03/Aug/2018:21:37:02 +0200] "GET /robots.txt HTTP/1.1" 200 35 www.fc-schnaittach.de "-" "Mozilla/5.0 (compatible; adscanner/)" "-"
85.25.210.0 - - [03/Aug/2018:21:37:03 +0200] "GET /wp-content/uploads/2018/06/9.jpg HTTP/1.1" 301 270 www.fc-schnaittach.de "-" "Mozilla/5.0 (compatible; adscanner/)" "-"
85.25.210.0 - - [03/Aug/2018:21:37:03 +0200] "GET /wp-content/uploads/2018/06/9.jpg HTTP/1.1" 200 205874 www.fc-schnaittach.de "-" "Mozilla/5.0 (compatible; adscanner/)" "-"
207.46.13.0 - - [03/Aug/2018:21:44:50 +0200] "GET /wp-content/uploads/2015/01/DSC00624.jpg HTTP/1.1" 301 277 www.fc-schnaittach.de "-" "Mozilla/5.0 (compatible; bingbot/2.0; +http://www.bing.com/bingbot.htm)" "-"
207.46.13.0 - - [03/Aug/2018:21:44:51 +0200] "GET /wp-content/uploads/2015/01/DSC00624.jpg HTTP/1.1" 200 141484 www.fc-schnaittach.de "-" "Mozilla/5.0 (compatible; bingbot/2.0; +http://www.bing.com/bingbot.htm)" "-"
217.160.63.0 - - [03/Aug/2018:21:49:26 +0200] "POST /wp-cron.php?doing_wp_cron=1533325766.6440739631652832031250 HTTP/1.1" 200 23 www.fc-schnaittach.de "https://www.fc-schnaittach.de/wp-cron.php?doing_wp_cron=1533325766.6440739631652832031250" "WordPress/4.9.8; https://www.fc-schnaittach.de" "-"
207.46.13.0 - - [03/Aug/2018:21:49:26 +0200] "GET /category/news/wandern/ HTTP/1.1" 200 7124 www.fc-schnaittach.de "-" "Mozilla/5.0 (compatible; bingbot/2.0; +http://www.bing.com/bingbot.htm)" "-"
13.82.188.0 - - [03/Aug/2018:21:50:10 +0200] "HEAD / HTTP/1.1" 301 - www.fc-schnaittach.de "-" "HTTPing v2.4" "-"
165.227.127.0 - - [03/Aug/2018:21:50:57 +0200] "HEAD /ads.txt HTTP/1.1" 200 - fc-schnaittach.de "-" "curl/7.58.0" "-"
207.46.13.0 - - [03/Aug/2018:21:51:02 +0200] "GET /budo-weihnachtsfeier-2016/ HTTP/1.1" 200 8406 www.fc-schnaittach.de "-" "Mozilla/5.0 (compatible; bingbot/2.0; +http://www.bing.com/bingbot.htm)" "-"
66.249.66.0 - - [03/Aug/2018:21:52:57 +0200] "GET /robots.txt HTTP/1.1" 404 1363 s520810972.online.de "-" "Mozilla/5.0 (compatible; Googlebot/2.1; +http://www.google.com/bot.html)" "-"
66.249.66.0 - - [03/Aug/2018:21:52:57 +0200] "GET /karate/ HTTP/1.1" 404 1363 s520810972.online.de "-" "Mozilla/5.0 (compatible; Googlebot/2.1; +http://www.google.com/bot.html)" "-"
178.137.94.0 - - [03/Aug/2018:21:53:00 +0200] "GET /fussball/damen/ HTTP/1.1" 200 34396 www.fc-schnaittach.de "https://manimpotence.com/" "Mozilla/4.0 (compatible; MSIE 6.0; Windows 98; Win 9x 4.90; Creative)" "-"
178.137.94.0 - - [03/Aug/2018:21:53:01 +0200] "GET /fussball/damen/ HTTP/1.1" 200 34396 www.fc-schnaittach.de "https://manimpotence.com/" "Mozilla/4.0 (compatible; MSIE 6.0; Windows 98; Win 9x 4.90; Creative)" "-"
66.249.66.0 - - [03/Aug/2018:21:54:18 +0200] "GET /fcs-ii-sv-ermreuth-ii-41-08-11-2015/ HTTP/1.1" 404 5768 www.fc-schnaittach.de "-" "Mozilla/5.0 (compatible; Googlebot/2.1; +http://www.google.com/bot.html)" "-"
216.244.66.0 - - [03/Aug/2018:21:54:57 +0200] "GET /robots.txt HTTP/1.1" 301 248 www.fc-schnaittach.de "-" "Mozilla/5.0 (compatible; DotBot/1.1; http://www.opensiteexplorer.org/dotbot, help@moz.com)" "-"
216.244.66.0 - - [03/Aug/2018:21:55:00 +0200] "GET /robots.txt HTTP/1.1" 200 35 www.fc-schnaittach.de "-" "Mozilla/5.0 (compatible; DotBot/1.1; http://www.opensiteexplorer.org/dotbot, help@moz.com)" "-"
207.46.13.0 - - [03/Aug/2018:21:57:17 +0200] "GET /wp-content/uploads/2014/10/M_Schult-300x296.jpg HTTP/1.1" 301 285 www.fc-schnaittach.de "-" "Mozilla/5.0 (compatible; bingbot/2.0; +http://www.bing.com/bingbot.htm)" "-"
207.46.13.0 - - [03/Aug/2018:21:57:18 +0200] "GET /wp-content/uploads/2014/10/M_Schult-300x296.jpg HTTP/1.1" 200 23848 www.fc-schnaittach.de "-" "Mozilla/5.0 (compatible; bingbot/2.0; +http://www.bing.com/bingbot.htm)" "-"
54.36.149.0 - - [03/Aug/2018:21:58:27 +0200] "GET /mitgliederversammlung-am-17-03/ HTTP/1.1" 200 6324 www.fc-schnaittach.de "-" "Mozilla/5.0 (compatible; AhrefsBot/5.2; +http://ahrefs.com/robot/)" "-"
194.187.170.0 - - [03/Aug/2018:22:03:08 +0200] "GET /wp-content/uploads/2015/01/FCS-Neufassung-Satzung-DIN-A5.pdf HTTP/1.1" 301 298 www.fc-schnaittach.de "-" "Mozilla/5.0 (compatible; Qwantify/2.4w; +https://www.qwant.com/)/2.4w" "-"
194.187.170.0 - - [03/Aug/2018:22:03:10 +0200] "GET /wp-content/uploads/2015/01/FCS-Neufassung-Satzung-DIN-A5.pdf HTTP/1.1" 200 233488 www.fc-schnaittach.de "-" "Mozilla/5.0 (compatible; Qwantify/2.4w; +https://www.qwant.com/)/2.4w" "-"
157.55.39.0 - - [03/Aug/2018:22:04:00 +0200] "GET /category/news/ HTTP/1.1" 200 8494 www.fc-schnaittach.de "-" "Mozilla/5.0 (compatible; bingbot/2.0; +http://www.bing.com/bingbot.htm)" "-"
62.138.0.0 - - [03/Aug/2018:22:04:49 +0200] "GET /robots.txt HTTP/1.1" 301 248 www.fc-schnaittach.de "-" "Mozilla/5.0 (compatible; adscanner/)" "-"
62.138.0.0 - - [03/Aug/2018:22:04:49 +0200] "GET /robots.txt HTTP/1.1" 200 35 www.fc-schnaittach.de "-" "Mozilla/5.0 (compatible; adscanner/)" "-"
62.138.0.0 - - [03/Aug/2018:22:04:49 +0200] "GET /wp-content/uploads/2018/07/33-300x200.jpg HTTP/1.1" 301 279 www.fc-schnaittach.de "-" "Mozilla/5.0 (compatible; adscanner/)" "-"
62.138.0.0 - - [03/Aug/2018:22:04:49 +0200] "GET /wp-content/uploads/2018/07/33-300x200.jpg HTTP/1.1" 200 17500 www.fc-schnaittach.de "-" "Mozilla/5.0 (compatible; adscanner/)" "-"
54.36.148.0 - - [03/Aug/2018:22:05:51 +0200] "GET /tag/bilder/feed/ HTTP/1.1" 200 1267 www.fc-schnaittach.de "-" "Mozilla/5.0 (compatible; AhrefsBot/5.2; +http://ahrefs.com/robot/)" "-"
77.75.78.0 - - [03/Aug/2018:22:06:25 +0200] "GET /robots.txt HTTP/1.1" 200 35 www.fc-schnaittach.de "-" "Mozilla/5.0 (compatible; SeznamBot/3.2; +http://napoveda.seznam.cz/en/seznambot-intro/)" "-"
