66.249.66.0 - - [02/Aug/2018:00:05:47 +0200] "GET /wp-content/plugins/contact-form-7/includes/css/styles.css?ver=5.0.1 HTTP/1.1" 200 1683 www.fc-schnaittach.de "https://www.fc-schnaittach.de/e3-jugend/" "Mozilla/5.0 (Linux; Android 6.0.1; Nexus 5X Build/MMB29P) AppleWebKit/537.36 (KHTML, like Gecko) Chrome/41.0.2272.96 Mobile Safari/537.36 (compatible; Googlebot/2.1; +http://www.google.com/bot.html)" "-"
66.249.66.0 - - [02/Aug/2018:00:05:47 +0200] "GET /wp-content/plugins/recently-updated-posts-widget/css/style.css?ver=4.9.5 HTTP/1.1" 200 45 www.fc-schnaittach.de "https://www.fc-schnaittach.de/e3-jugend/" "Mozilla/5.0 (Linux; Android 6.0.1; Nexus 5X Build/MMB29P) AppleWebKit/537.36 (KHTML, like Gecko) Chrome/41.0.2272.96 Mobile Safari/537.36 (compatible; Googlebot/2.1; +http://www.google.com/bot.html)" "-"
184.168.193.0 - - [02/Aug/2018:00:06:39 +0200] "GET /wp-content/themes/Chameleon/thumb.php HTTP/1.1" 404 5763 www.fc-schnaittach.de "-" "Mozilla/5.0 (Windows NT 10.0; Win64; x64) AppleWebKit/537.36 (KHTML, like Gecko) Chrome/61.0.3163.100 Safari/537.36" "-"
184.168.193.0 - - [02/Aug/2018:00:06:39 +0200] "GET /wp-content/themes/Chameleon/timthumb.php HTTP/1.1" 404 5763 www.fc-schnaittach.de "-" "Mozilla/5.0 (Macintosh; Intel Mac OS X 10_13) AppleWebKit/604.1.38 (KHTML, like Gecko) Version/11.0 Safari/604.1.38" "-"
216.244.66.0 - - [02/Aug/2018:00:08:35 +0200] "GET /robots.txt HTTP/1.1" 301 248 www.fc-schnaittach.de "-" "Mozilla/5.0 (compatible; DotBot/1.1; http://www.opensiteexplorer.org/dotbot, help@moz.com)" "-"
216.244.66.0 - - [02/Aug/2018:00:08:37 +0200] "GET /robots.txt HTTP/1.1" 200 35 www.fc-schnaittach.de "-" "Mozilla/5.0 (compatible; DotBot/1.1; http://www.opensiteexplorer.org/dotbot, help@moz.com)" "-"
54.36.148.0 - - [02/Aug/2018:00:18:14 +0200] "GET /tag/karate/feed/ HTTP/1.1" 200 2574 www.fc-schnaittach.de "-" "Mozilla/5.0 (compatible; AhrefsBot/5.2; +http://ahrefs.com/robot/)" "-"
217.160.63.0 - - [02/Aug/2018:00:18:15 +0200] "POST /wp-cron.php?doing_wp_cron=1533161895.0582590103149414062500 HTTP/1.1" 301 297 www.fc-schnaittach.de "http://www.fc-schnaittach.de/wp-cron.php?doing_wp_cron=1533161895.0582590103149414062500" "WordPress/4.9.7; https://www.fc-schnaittach.de" "-"
5.102.173.0 - - [02/Aug/2018:00:29:03 +0200] "GET /robots.txt HTTP/1.1" 301 248 www.fc-schnaittach.de "-" "Mozilla/5.0 (compatible; MojeekBot/0.6; +https://www.mojeek.com/bot.html)" "-"
217.160.63.0 - - [02/Aug/2018:00:29:03 +0200] "POST /wp-cron.php?doing_wp_cron=1533162543.8712370395660400390625 HTTP/1.1" 301 297 www.fc-schnaittach.de "http://www.fc-schnaittach.de/wp-cron.php?doing_wp_cron=1533162543.8712370395660400390625" "WordPress/4.9.7; https://www.fc-schnaittach.de" "-"
5.102.173.0 - - [02/Aug/2018:00:29:03 +0200] "GET /hauptverein/terminvorschau/ HTTP/1.1" 404 5769 www.fc-schnaittach.de "-" "Mozilla/5.0 (compatible; MojeekBot/0.6; +https://www.mojeek.com/bot.html)" "-"
207.46.13.0 - - [02/Aug/2018:00:44:27 +0200] "GET /robots.txt HTTP/1.1" 301 248 www.fc-schnaittach.de "-" "Mozilla/5.0 (compatible; bingbot/2.0; +http://www.bing.com/bingbot.htm)" "-"
207.46.13.0 - - [02/Aug/2018:00:44:28 +0200] "GET /robots.txt HTTP/1.1" 200 35 www.fc-schnaittach.de "-" "Mozilla/5.0 (compatible; bingbot/2.0; +http://www.bing.com/bingbot.htm)" "-"
207.46.13.0 - - [02/Aug/2018:00:44:28 +0200] "GET /robots.txt HTTP/1.1" 301 248 www.fc-schnaittach.de "-" "Mozilla/5.0 (compatible; bingbot/2.0; +http://www.bing.com/bingbot.htm)" "-"
207.46.13.0 - - [02/Aug/2018:00:44:30 +0200] "GET /robots.txt HTTP/1.1" 200 35 www.fc-schnaittach.de "-" "Mozilla/5.0 (compatible; bingbot/2.0; +http://www.bing.com/bingbot.htm)" "-"
207.46.13.0 - - [02/Aug/2018:00:44:30 +0200] "GET /robots.txt HTTP/1.1" 301 248 www.fc-schnaittach.de "-" "Mozilla/5.0 (compatible; bingbot/2.0; +http://www.bing.com/bingbot.htm)" "-"
207.46.13.0 - - [02/Aug/2018:00:44:33 +0200] "GET /robots.txt HTTP/1.1" 200 35 www.fc-schnaittach.de "-" "Mozilla/5.0 (compatible; bingbot/2.0; +http://www.bing.com/bingbot.htm)" "-"
13.82.188.0 - - [02/Aug/2018:00:47:27 +0200] "HEAD / HTTP/1.1" 301 - www.fc-schnaittach.de "-" "HTTPing v2.4" "-"
13.82.188.0 - - [02/Aug/2018:00:51:08 +0200] "HEAD / HTTP/1.1" 301 - www.fc-schnaittach.de "-" "HTTPing v2.4" "-"
217.160.63.0 - - [02/Aug/2018:00:51:34 +0200] "POST /wp-cron.php?doing_wp_cron=1533163894.9054739475250244140625 HTTP/1.1" 200 23 www.fc-schnaittach.de "https://www.fc-schnaittach.de/wp-cron.php?doing_wp_cron=1533163894.9054739475250244140625" "WordPress/4.9.7; https://www.fc-schnaittach.de" "-"
207.46.13.0 - - [02/Aug/2018:00:51:34 +0200] "GET /sporterlebnistag-am-1-juni/ HTTP/1.1" 200 6481 www.fc-schnaittach.de "-" "Mozilla/5.0 (compatible; bingbot/2.0; +http://www.bing.com/bingbot.htm)" "-"
216.244.66.0 - - [02/Aug/2018:00:57:44 +0200] "GET /robots.txt HTTP/1.1" 301 248 www.fc-schnaittach.de "-" "Mozilla/5.0 (compatible; DotBot/1.1; http://www.opensiteexplorer.org/dotbot, help@moz.com)" "-"
216.244.66.0 - - [02/Aug/2018:00:57:48 +0200] "GET /robots.txt HTTP/1.1" 200 35 www.fc-schnaittach.de "-" "Mozilla/5.0 (compatible; DotBot/1.1; http://www.opensiteexplorer.org/dotbot, help@moz.com)" "-"
95.163.255.0 - - [02/Aug/2018:01:00:33 +0200] "GET /robots.txt HTTP/1.1" 200 35 www.fc-schnaittach.de "-" "Mozilla/5.0 (compatible; Linux x86_64; Mail.RU_Bot/2.0; +http://go.mail.ru/help/robots)" "-"
95.163.255.0 - - [02/Aug/2018:01:00:41 +0200] "GET /dragon-run-kids/ HTTP/1.1" 200 6492 www.fc-schnaittach.de "-" "Mozilla/5.0 (compatible; Linux x86_64; Mail.RU_Bot/2.0; +http://go.mail.ru/help/robots)" "-"
62.138.0.0 - - [02/Aug/2018:01:02:53 +0200] "GET /robots.txt HTTP/1.1" 301 248 www.fc-schnaittach.de "-" "Mozilla/5.0 (compatible; adscanner/)" "-"
62.138.0.0 - - [02/Aug/2018:01:02:54 +0200] "GET /robots.txt HTTP/1.1" 200 35 www.fc-schnaittach.de "-" "Mozilla/5.0 (compatible; adscanner/)" "-"
62.138.0.0 - - [02/Aug/2018:01:02:55 +0200] "GET /wp-content/uploads/2016/01/Werbung-Sportheim-300x173.png HTTP/1.1" 404 5769 www.fc-schnaittach.de "-" "Mozilla/5.0 (compatible; adscanner/)" "-"
207.46.13.0 - - [02/Aug/2018:01:03:34 +0200] "GET /dragonrun/6-2/ HTTP/1.1" 200 195 www.fc-schnaittach.de "-" "Mozilla/5.0 (compatible; bingbot/2.0; +http://www.bing.com/bingbot.htm)" "-"
171.221.128.0 - - [02/Aug/2018:01:09:46 +0200] "GET /wp-content/uploads/2015/04/ManfredHofmannEhrenmitglied.jpg HTTP/1.1" 301 296 www.fc-schnaittach.de "http://cn.bing.com/images/search?view=detailV2&ccid=G%2F1Z4qkK&id=0F810842F6C98EF99592769C2D024526360E5FA6&thid=OIP.G_1Z4qkKrskbfBxpZoB2bAHaEK&mediaurl=https%3A%2F%2Fwww.op-online.de%2Fbilder%2F2017%2F11%2F08%2F9196898%2F650073458-f9a3ee19-ed0f-40bf-9aa2-3d2aa4b5258c-vqymM70a7.jpg&exph=576&expw=1024&q=Manfred+Hofmann&simid=608014857350415140&selectedindex=14" "Mozilla/5.0 (Windows NT 10.0; WOW64) AppleWebKit/537.36 (KHTML, like Gecko) HeadlessChrome/64.0.3282.186 Safari/537.36" "-"
171.221.128.0 - - [02/Aug/2018:01:09:47 +0200] "GET /wp-content/uploads/2015/04/ManfredHofmannEhrenmitglied.jpg HTTP/1.1" 200 146873 www.fc-schnaittach.de "http://cn.bing.com/images/search?view=detailV2&ccid=G%2F1Z4qkK&id=0F810842F6C98EF99592769C2D024526360E5FA6&thid=OIP.G_1Z4qkKrskbfBxpZoB2bAHaEK&mediaurl=https%3A%2F%2Fwww.op-online.de%2Fbilder%2F2017%2F11%2F08%2F9196898%2F650073458-f9a3ee19-ed0f-40bf-9aa2-3d2aa4b5258c-vqymM70a7.jpg&exph=576&expw=1024&q=Manfred+Hofmann&simid=608014857350415140&selectedindex=14" "Mozilla/5.0 (Windows NT 10.0; WOW64) AppleWebKit/537.36 (KHTML, like Gecko) HeadlessChrome/64.0.3282.186 Safari/537.36" "-"
217.160.63.0 - - [02/Aug/2018:01:10:01 +0200] "POST /wp-cron.php?doing_wp_cron=1533165001.3618841171264648437500 HTTP/1.1" 200 23 www.fc-schnaittach.de "https://www.fc-schnaittach.de/wp-cron.php?doing_wp_cron=1533165001.3618841171264648437500" "WordPress/4.9.7; https://www.fc-schnaittach.de" "-"
78.46.94.0 - - [02/Aug/2018:01:10:01 +0200] "GET /hauptverein/geschichte/ HTTP/1.1" 200 35116 www.fc-schnaittach.de "-" "Mozilla/5.0 (Macintosh; Intel Mac OS X 10_13_2) AppleWebKit/537.36 (KHTML, like Gecko) Chrome/63.0.3239.132 Safari/537.36" "-"
171.221.128.0 - - [02/Aug/2018:01:10:31 +0200] "GET /wp-content/uploads/2015/04/ManfredHofmannEhrenmitglied.jpg HTTP/1.1" 301 296 www.fc-schnaittach.de "-" "python-requests/2.18.4" "-"
171.221.128.0 - - [02/Aug/2018:01:10:32 +0200] "GET /wp-content/uploads/2015/04/ManfredHofmannEhrenmitglied.jpg HTTP/1.1" 200 146873 www.fc-schnaittach.de "-" "python-requests/2.18.4" "-"
157.55.39.0 - - [02/Aug/2018:01:15:27 +0200] "GET /tischtennis/ HTTP/1.1" 200 6024 www.fc-schnaittach.de "-" "Mozilla/5.0 (compatible; bingbot/2.0; +http://www.bing.com/bingbot.htm)" "-"
207.46.13.0 - - [02/Aug/2018:01:19:04 +0200] "GET /tischtennis/herren-1/ HTTP/1.1" 200 6808 www.fc-schnaittach.de "-" "Mozilla/5.0 (compatible; bingbot/2.0; +http://www.bing.com/bingbot.htm)" "-"
207.46.13.0 - - [02/Aug/2018:01:19:40 +0200] "GET /budo-weihnachtsfeier-2016/ HTTP/1.1" 200 8410 www.fc-schnaittach.de "-" "Mozilla/5.0 (compatible; bingbot/2.0; +http://www.bing.com/bingbot.htm)" "-"
216.244.66.0 - - [02/Aug/2018:01:22:33 +0200] "GET /robots.txt HTTP/1.1" 301 248 www.fc-schnaittach.de "-" "Mozilla/5.0 (compatible; DotBot/1.1; http://www.opensiteexplorer.org/dotbot, help@moz.com)" "-"
216.244.66.0 - - [02/Aug/2018:01:22:37 +0200] "GET /robots.txt HTTP/1.1" 200 35 www.fc-schnaittach.de "-" "Mozilla/5.0 (compatible; DotBot/1.1; http://www.opensiteexplorer.org/dotbot, help@moz.com)" "-"
207.46.13.0 - - [02/Aug/2018:01:27:20 +0200] "GET /wp-content/plugins/user-access-manager/assets/css/uamLoginForm.css?ver=2.1.11 HTTP/1.1" 301 315 www.fc-schnaittach.de "-" "Mozilla/5.0 (compatible; bingbot/2.0; +http://www.bing.com/bingbot.htm)" "-"
207.46.13.0 - - [02/Aug/2018:01:27:22 +0200] "GET /wp-content/plugins/user-access-manager/assets/css/uamLoginForm.css?ver=2.1.11 HTTP/1.1" 200 468 www.fc-schnaittach.de "-" "Mozilla/5.0 (compatible; bingbot/2.0; +http://www.bing.com/bingbot.htm)" "-"
217.160.63.0 - - [02/Aug/2018:01:36:13 +0200] "HEAD /wp-content/uploads/2018/07/19.jpg HTTP/1.1" 200 - www.fc-schnaittach.de "https://www.fc-schnaittach.de" "Mozilla/5.0 (compatible; MSIE 9.0; Windows NT 6.1; WOW64; Trident/5.0)" "-"
66.249.66.0 - - [02/Aug/2018:01:36:13 +0200] "GET /fcs-ii-fc-roethenbach-10-17-03-2018/ HTTP/1.1" 200 7878 www.fc-schnaittach.de "-" "Mozilla/5.0 (compatible; Googlebot/2.1; +http://www.google.com/bot.html)" "-"
217.160.63.0 - - [02/Aug/2018:01:36:13 +0200] "POST /wp-cron.php?doing_wp_cron=1533166573.3762528896331787109375 HTTP/1.1" 200 23 www.fc-schnaittach.de "https://www.fc-schnaittach.de/wp-cron.php?doing_wp_cron=1533166573.3762528896331787109375" "WordPress/4.9.7; https://www.fc-schnaittach.de" "-"
217.160.63.0 - - [02/Aug/2018:01:36:15 +0200] "HEAD /wp-content/uploads/2018/07/21.jpg HTTP/1.1" 200 - www.fc-schnaittach.de "https://www.fc-schnaittach.de" "Mozilla/5.0 (compatible; MSIE 9.0; Windows NT 6.1; WOW64; Trident/5.0)" "-"
217.160.63.0 - - [02/Aug/2018:01:36:17 +0200] "HEAD /wp-content/uploads/2018/07/IMG_0056.jpg HTTP/1.1" 200 - www.fc-schnaittach.de "https://www.fc-schnaittach.de" "Mozilla/5.0 (compatible; MSIE 9.0; Windows NT 6.1; WOW64; Trident/5.0)" "-"
217.160.63.0 - - [02/Aug/2018:01:36:19 +0200] "HEAD /wp-content/uploads/2018/07/25.jpg HTTP/1.1" 200 - www.fc-schnaittach.de "https://www.fc-schnaittach.de" "Mozilla/5.0 (compatible; MSIE 9.0; Windows NT 6.1; WOW64; Trident/5.0)" "-"
217.160.63.0 - - [02/Aug/2018:01:36:23 +0200] "HEAD /wp-content/uploads/2018/07/IMG_0095-300x300.jpg HTTP/1.1" 200 - www.fc-schnaittach.de "https://www.fc-schnaittach.de" "Mozilla/5.0 (compatible; MSIE 9.0; Windows NT 6.1; WOW64; Trident/5.0)" "-"
217.160.63.0 - - [02/Aug/2018:01:36:28 +0200] "HEAD /wp-content/uploads/2018/07/IMG_0056-300x300.jpg HTTP/1.1" 200 - www.fc-schnaittach.de "https://www.fc-schnaittach.de" "Mozilla/5.0 (compatible; MSIE 9.0; Windows NT 6.1; WOW64; Trident/5.0)" "-"
217.160.63.0 - - [02/Aug/2018:01:36:33 +0200] "HEAD /wp-content/uploads/2018/07/26.jpg HTTP/1.1" 200 - www.fc-schnaittach.de "https://www.fc-schnaittach.de" "Mozilla/5.0 (compatible; MSIE 9.0; Windows NT 6.1; WOW64; Trident/5.0)" "-"
217.160.63.0 - - [02/Aug/2018:01:36:38 +0200] "HEAD /wp-content/uploads/2018/07/IMG_0003.jpg HTTP/1.1" 200 - www.fc-schnaittach.de "https://www.fc-schnaittach.de" "Mozilla/5.0 (compatible; MSIE 9.0; Windows NT 6.1; WOW64; Trident/5.0)" "-"
217.160.63.0 - - [02/Aug/2018:01:36:43 +0200] "HEAD /wp-content/uploads/2018/07/27-300x300.jpg HTTP/1.1" 200 - www.fc-schnaittach.de "https://www.fc-schnaittach.de" "Mozilla/5.0 (compatible; MSIE 9.0; Windows NT 6.1; WOW64; Trident/5.0)" "-"
217.160.63.0 - - [02/Aug/2018:01:36:48 +0200] "HEAD /wp-content/uploads/2018/07/25-300x300.jpg HTTP/1.1" 200 - www.fc-schnaittach.de "https://www.fc-schnaittach.de" "Mozilla/5.0 (compatible; MSIE 9.0; Windows NT 6.1; WOW64; Trident/5.0)" "-"
217.160.63.0 - - [02/Aug/2018:01:36:53 +0200] "HEAD /wp-content/uploads/2018/07/IMG_0095.jpg HTTP/1.1" 200 - www.fc-schnaittach.de "https://www.fc-schnaittach.de" "Mozilla/5.0 (compatible; MSIE 9.0; Windows NT 6.1; WOW64; Trident/5.0)" "-"
217.160.63.0 - - [02/Aug/2018:01:36:58 +0200] "HEAD /wp-content/uploads/2018/07/IMG_0096.jpg HTTP/1.1" 200 - www.fc-schnaittach.de "https://www.fc-schnaittach.de" "Mozilla/5.0 (compatible; MSIE 9.0; Windows NT 6.1; WOW64; Trident/5.0)" "-"
217.160.63.0 - - [02/Aug/2018:01:37:03 +0200] "HEAD /wp-content/uploads/2018/07/20-300x300.jpg HTTP/1.1" 200 - www.fc-schnaittach.de "https://www.fc-schnaittach.de" "Mozilla/5.0 (compatible; MSIE 9.0; Windows NT 6.1; WOW64; Trident/5.0)" "-"
217.160.63.0 - - [02/Aug/2018:01:37:08 +0200] "HEAD /wp-content/uploads/2018/07/IMG_0096-300x300.jpg HTTP/1.1" 200 - www.fc-schnaittach.de "https://www.fc-schnaittach.de" "Mozilla/5.0 (compatible; MSIE 9.0; Windows NT 6.1; WOW64; Trident/5.0)" "-"
217.160.63.0 - - [02/Aug/2018:01:37:13 +0200] "HEAD /wp-content/uploads/2018/07/23-300x300.jpg HTTP/1.1" 200 - www.fc-schnaittach.de "https://www.fc-schnaittach.de" "Mozilla/5.0 (compatible; MSIE 9.0; Windows NT 6.1; WOW64; Trident/5.0)" "-"
217.160.63.0 - - [02/Aug/2018:01:37:18 +0200] "HEAD /wp-content/uploads/2018/07/27.jpg HTTP/1.1" 200 - www.fc-schnaittach.de "https://www.fc-schnaittach.de" "Mozilla/5.0 (compatible; MSIE 9.0; Windows NT 6.1; WOW64; Trident/5.0)" "-"
217.160.63.0 - - [02/Aug/2018:01:37:23 +0200] "HEAD /wp-content/uploads/2018/07/23.jpg HTTP/1.1" 200 - www.fc-schnaittach.de "https://www.fc-schnaittach.de" "Mozilla/5.0 (compatible; MSIE 9.0; Windows NT 6.1; WOW64; Trident/5.0)" "-"
217.160.63.0 - - [02/Aug/2018:01:37:28 +0200] "HEAD /wp-content/uploads/2018/07/20.jpg HTTP/1.1" 200 - www.fc-schnaittach.de "https://www.fc-schnaittach.de" "Mozilla/5.0 (compatible; MSIE 9.0; Windows NT 6.1; WOW64; Trident/5.0)" "-"
217.160.63.0 - - [02/Aug/2018:01:37:33 +0200] "HEAD /wp-content/uploads/2018/07/19-300x300.jpg HTTP/1.1" 200 - www.fc-schnaittach.de "https://www.fc-schnaittach.de" "Mozilla/5.0 (compatible; MSIE 9.0; Windows NT 6.1; WOW64; Trident/5.0)" "-"
62.138.0.0 - - [02/Aug/2018:01:37:36 +0200] "GET /robots.txt HTTP/1.1" 301 248 www.fc-schnaittach.de "-" "Mozilla/5.0 (compatible; adscanner/)" "-"
62.138.0.0 - - [02/Aug/2018:01:37:37 +0200] "GET /robots.txt HTTP/1.1" 200 35 www.fc-schnaittach.de "-" "Mozilla/5.0 (compatible; adscanner/)" "-"
62.138.0.0 - - [02/Aug/2018:01:37:37 +0200] "GET /wp-content/uploads/2018/06/SBC-Flyer-Spendenziel-2018-150x150.png HTTP/1.1" 301 303 www.fc-schnaittach.de "-" "Mozilla/5.0 (compatible; adscanner/)" "-"
62.138.0.0 - - [02/Aug/2018:01:37:38 +0200] "GET /wp-content/uploads/2018/06/SBC-Flyer-Spendenziel-2018-150x150.png HTTP/1.1" 200 15250 www.fc-schnaittach.de "-" "Mozilla/5.0 (compatible; adscanner/)" "-"
217.160.63.0 - - [02/Aug/2018:01:37:38 +0200] "HEAD /wp-content/uploads/2018/07/21-300x300.jpg HTTP/1.1" 200 - www.fc-schnaittach.de "https://www.fc-schnaittach.de" "Mozilla/5.0 (compatible; MSIE 9.0; Windows NT 6.1; WOW64; Trident/5.0)" "-"
217.160.63.0 - - [02/Aug/2018:01:37:43 +0200] "HEAD /wp-content/uploads/2018/07/26-300x300.jpg HTTP/1.1" 200 - www.fc-schnaittach.de "https://www.fc-schnaittach.de" "Mozilla/5.0 (compatible; MSIE 9.0; Windows NT 6.1; WOW64; Trident/5.0)" "-"
217.160.63.0 - - [02/Aug/2018:01:37:48 +0200] "HEAD /wp-content/uploads/2018/07/IMG_0003-147x300.jpg HTTP/1.1" 200 - www.fc-schnaittach.de "https://www.fc-schnaittach.de" "Mozilla/5.0 (compatible; MSIE 9.0; Windows NT 6.1; WOW64; Trident/5.0)" "-"
85.25.210.0 - - [02/Aug/2018:01:44:50 +0200] "GET /robots.txt HTTP/1.1" 301 248 fc-schnaittach.de "-" "Mozilla/5.0 (Windows NT 6.1; WOW64) AppleWebKit/537.36 (KHTML, like Gecko) Chrome/37.0.2062.120 Safari/537.36" "-"
85.25.210.0 - - [02/Aug/2018:01:44:52 +0200] "GET /robots.txt HTTP/1.1" 200 35 www.fc-schnaittach.de "-" "Mozilla/5.0 (Windows NT 6.1; WOW64) AppleWebKit/537.36 (KHTML, like Gecko) Chrome/37.0.2062.120 Safari/537.36" "-"
85.25.210.0 - - [02/Aug/2018:01:44:56 +0200] "GET /robots.txt HTTP/1.1" 301 248 fc-schnaittach.de "-" "Mozilla/5.0 (compatible; adscanner/)" "-"
85.25.210.0 - - [02/Aug/2018:01:44:57 +0200] "GET /robots.txt HTTP/1.1" 200 35 www.fc-schnaittach.de "-" "Mozilla/5.0 (Windows NT 6.1; WOW64) AppleWebKit/537.36 (KHTML, like Gecko) Chrome/37.0.2062.120 Safari/537.36" "-"
85.25.210.0 - - [02/Aug/2018:01:44:58 +0200] "GET /robots.txt HTTP/1.1" 200 35 www.fc-schnaittach.de "-" "Mozilla/5.0 (compatible; adscanner/)" "-"
85.25.210.0 - - [02/Aug/2018:01:44:59 +0200] "GET /1-mannschaft/nachrichten-aus-der-liga-kreisliga-erlangen-pegnitzgrund-2/ HTTP/1.1" 301 23 fc-schnaittach.de "-" "Mozilla/5.0 (Windows NT 6.1; WOW64) AppleWebKit/537.36 (KHTML, like Gecko) Chrome/37.0.2062.120 Safari/537.36" "-"
85.25.210.0 - - [02/Aug/2018:01:45:00 +0200] "GET /fussball/1-mannschaft/nachrichten-aus-der-liga-kreisliga-erlangen-pegnitzgrund-2/ HTTP/1.1" 200 8215 www.fc-schnaittach.de "-" "Mozilla/5.0 (Windows NT 6.1; WOW64) AppleWebKit/537.36 (KHTML, like Gecko) Chrome/37.0.2062.120 Safari/537.36" "-"
85.25.210.0 - - [02/Aug/2018:01:45:01 +0200] "GET /wp-includes/js/wp-emoji-release.min.js?ver=4.9.7 HTTP/1.1" 200 11721 www.fc-schnaittach.de "https://www.fc-schnaittach.de/fussball/1-mannschaft/nachrichten-aus-der-liga-kreisliga-erlangen-pegnitzgrund-2/" "Mozilla/5.0 (Windows NT 6.1; WOW64) AppleWebKit/537.36 (KHTML, like Gecko) Chrome/37.0.2062.120 Safari/537.36" "-"
85.25.210.0 - - [02/Aug/2018:01:45:01 +0200] "GET /wp-content/plugins/contact-form-7/includes/css/styles.css?ver=5.0.2 HTTP/1.1" 200 1683 www.fc-schnaittach.de "https://www.fc-schnaittach.de/fussball/1-mannschaft/nachrichten-aus-der-liga-kreisliga-erlangen-pegnitzgrund-2/" "Mozilla/5.0 (Windows NT 6.1; WOW64) AppleWebKit/537.36 (KHTML, like Gecko) Chrome/37.0.2062.120 Safari/537.36" "-"
85.25.210.0 - - [02/Aug/2018:01:45:01 +0200] "GET /wp-content/plugins/feedzy-rss-feeds/css/feedzy-rss-feeds.css?ver=3.2.10 HTTP/1.1" 200 9822 www.fc-schnaittach.de "https://www.fc-schnaittach.de/fussball/1-mannschaft/nachrichten-aus-der-liga-kreisliga-erlangen-pegnitzgrund-2/" "Mozilla/5.0 (Windows NT 6.1; WOW64) AppleWebKit/537.36 (KHTML, like Gecko) Chrome/37.0.2062.120 Safari/537.36" "-"
85.25.210.0 - - [02/Aug/2018:01:45:02 +0200] "GET /wp-content/plugins/recently-updated-posts-widget/css/style.css?ver=4.9.7 HTTP/1.1" 200 45 www.fc-schnaittach.de "https://www.fc-schnaittach.de/fussball/1-mannschaft/nachrichten-aus-der-liga-kreisliga-erlangen-pegnitzgrund-2/" "Mozilla/5.0 (Windows NT 6.1; WOW64) AppleWebKit/537.36 (KHTML, like Gecko) Chrome/37.0.2062.120 Safari/537.36" "-"
85.25.210.0 - - [02/Aug/2018:01:45:02 +0200] "GET /wp-content/plugins/user-access-manager/assets/css/uamLoginForm.css?ver=2.1.11 HTTP/1.1" 200 468 www.fc-schnaittach.de "https://www.fc-schnaittach.de/fussball/1-mannschaft/nachrichten-aus-der-liga-kreisliga-erlangen-pegnitzgrund-2/" "Mozilla/5.0 (Windows NT 6.1; WOW64) AppleWebKit/537.36 (KHTML, like Gecko) Chrome/37.0.2062.120 Safari/537.36" "-"
85.25.210.0 - - [02/Aug/2018:01:45:02 +0200] "GET /wp-includes/js/jquery/jquery.js?ver=1.12.4 HTTP/1.1" 200 97184 www.fc-schnaittach.de "https://www.fc-schnaittach.de/fussball/1-mannschaft/nachrichten-aus-der-liga-kreisliga-erlangen-pegnitzgrund-2/" "Mozilla/5.0 (Windows NT 6.1; WOW64) AppleWebKit/537.36 (KHTML, like Gecko) Chrome/37.0.2062.120 Safari/537.36" "-"
85.25.210.0 - - [02/Aug/2018:01:45:02 +0200] "GET /wp-includes/js/jquery/jquery-migrate.min.js?ver=1.4.1 HTTP/1.1" 200 10056 www.fc-schnaittach.de "https://www.fc-schnaittach.de/fussball/1-mannschaft/nachrichten-aus-der-liga-kreisliga-erlangen-pegnitzgrund-2/" "Mozilla/5.0 (Windows NT 6.1; WOW64) AppleWebKit/537.36 (KHTML, like Gecko) Chrome/37.0.2062.120 Safari/537.36" "-"
85.25.210.0 - - [02/Aug/2018:01:45:02 +0200] "GET /wp-content/themes/fcs/css/jquery.smartmenus.bootstrap.css?ver=1418749976 HTTP/1.1" 200 3128 www.fc-schnaittach.de "https://www.fc-schnaittach.de/fussball/1-mannschaft/nachrichten-aus-der-liga-kreisliga-erlangen-pegnitzgrund-2/" "Mozilla/5.0 (Windows NT 6.1; WOW64) AppleWebKit/537.36 (KHTML, like Gecko) Chrome/37.0.2062.120 Safari/537.36" "-"
85.25.210.0 - - [02/Aug/2018:01:45:03 +0200] "GET /wp-content/themes/fcs/js/fcs.js?ver=1442772175 HTTP/1.1" 200 5542 www.fc-schnaittach.de "https://www.fc-schnaittach.de/fussball/1-mannschaft/nachrichten-aus-der-liga-kreisliga-erlangen-pegnitzgrund-2/" "Mozilla/5.0 (Windows NT 6.1; WOW64) AppleWebKit/537.36 (KHTML, like Gecko) Chrome/37.0.2062.120 Safari/537.36" "-"
85.25.210.0 - - [02/Aug/2018:01:45:03 +0200] "GET /wp-content/themes/fcs/style.css?ver=1460744932 HTTP/1.1" 200 22587 www.fc-schnaittach.de "https://www.fc-schnaittach.de/fussball/1-mannschaft/nachrichten-aus-der-liga-kreisliga-erlangen-pegnitzgrund-2/" "Mozilla/5.0 (Windows NT 6.1; WOW64) AppleWebKit/537.36 (KHTML, like Gecko) Chrome/37.0.2062.120 Safari/537.36" "-"
85.25.210.0 - - [02/Aug/2018:01:45:03 +0200] "GET /wp-content/themes/fcs/js/jquery.smartmenus.min.js?ver=1418750004 HTTP/1.1" 200 22672 www.fc-schnaittach.de "https://www.fc-schnaittach.de/fussball/1-mannschaft/nachrichten-aus-der-liga-kreisliga-erlangen-pegnitzgrund-2/" "Mozilla/5.0 (Windows NT 6.1; WOW64) AppleWebKit/537.36 (KHTML, like Gecko) Chrome/37.0.2062.120 Safari/537.36" "-"
85.25.210.0 - - [02/Aug/2018:01:45:03 +0200] "GET /wp-content/themes/fcs/js/jquery.smartmenus.bootstrap.min.js?ver=1418750004 HTTP/1.1" 200 1252 www.fc-schnaittach.de "https://www.fc-schnaittach.de/fussball/1-mannschaft/nachrichten-aus-der-liga-kreisliga-erlangen-pegnitzgrund-2/" "Mozilla/5.0 (Windows NT 6.1; WOW64) AppleWebKit/537.36 (KHTML, like Gecko) Chrome/37.0.2062.120 Safari/537.36" "-"
85.25.210.0 - - [02/Aug/2018:01:45:03 +0200] "GET /wp-content/plugins/contact-form-7/includes/js/scripts.js?ver=5.0.2 HTTP/1.1" 200 14585 www.fc-schnaittach.de "https://www.fc-schnaittach.de/fussball/1-mannschaft/nachrichten-aus-der-liga-kreisliga-erlangen-pegnitzgrund-2/" "Mozilla/5.0 (Windows NT 6.1; WOW64) AppleWebKit/537.36 (KHTML, like Gecko) Chrome/37.0.2062.120 Safari/537.36" "-"
85.25.210.0 - - [02/Aug/2018:01:45:03 +0200] "GET /wp-includes/js/wp-embed.min.js?ver=4.9.7 HTTP/1.1" 200 1398 www.fc-schnaittach.de "https://www.fc-schnaittach.de/fussball/1-mannschaft/nachrichten-aus-der-liga-kreisliga-erlangen-pegnitzgrund-2/" "Mozilla/5.0 (Windows NT 6.1; WOW64) AppleWebKit/537.36 (KHTML, like Gecko) Chrome/37.0.2062.120 Safari/537.36" "-"
85.25.210.0 - - [02/Aug/2018:01:45:03 +0200] "GET /wp-content/themes/fcs/images/production/FcsWappen.png?ver=1487205002 HTTP/1.1" 200 12482 www.fc-schnaittach.de "https://www.fc-schnaittach.de/fussball/1-mannschaft/nachrichten-aus-der-liga-kreisliga-erlangen-pegnitzgrund-2/" "Mozilla/5.0 (Windows NT 6.1; WOW64) AppleWebKit/537.36 (KHTML, like Gecko) Chrome/37.0.2062.120 Safari/537.36" "-"
85.25.210.0 - - [02/Aug/2018:01:45:03 +0200] "GET /wp-content/themes/fcs/images/production/FcsWappen.png HTTP/1.1" 200 12482 www.fc-schnaittach.de "https://www.fc-schnaittach.de/fussball/1-mannschaft/nachrichten-aus-der-liga-kreisliga-erlangen-pegnitzgrund-2/" "Mozilla/5.0 (Windows NT 6.1; WOW64) AppleWebKit/537.36 (KHTML, like Gecko) Chrome/37.0.2062.120 Safari/537.36" "-"
85.25.210.0 - - [02/Aug/2018:01:45:04 +0200] "GET /wp-content/themes/fcs/images/fussball.jpg HTTP/1.1" 301 279 www.fc-schnaittach.de "-" "Mozilla/5.0 (Windows NT 6.1; WOW64) AppleWebKit/537.36 (KHTML, like Gecko) Chrome/37.0.2062.120 Safari/537.36" "-"
85.25.210.0 - - [02/Aug/2018:01:45:04 +0200] "GET /wp-content/themes/fcs/images/fussball.jpg HTTP/1.1" 200 26126 www.fc-schnaittach.de "-" "Mozilla/5.0 (Windows NT 6.1; WOW64) AppleWebKit/537.36 (KHTML, like Gecko) Chrome/37.0.2062.120 Safari/537.36" "-"
85.25.210.0 - - [02/Aug/2018:01:45:06 +0200] "GET /1-mannschaft/nachrichten-aus-der-liga-kreisliga-erlangen-pegnitzgrund-2/ HTTP/1.1" 301 23 fc-schnaittach.de "-" "Mozilla/5.0 (compatible; adscanner/)" "-"
85.25.210.0 - - [02/Aug/2018:01:45:07 +0200] "GET /fussball/1-mannschaft/nachrichten-aus-der-liga-kreisliga-erlangen-pegnitzgrund-2/ HTTP/1.1" 200 8215 www.fc-schnaittach.de "-" "Mozilla/5.0 (Windows NT 6.1; WOW64) AppleWebKit/537.36 (KHTML, like Gecko) Chrome/37.0.2062.120 Safari/537.36" "-"
85.25.210.0 - - [02/Aug/2018:01:45:08 +0200] "GET /wp-includes/js/wp-emoji-release.min.js?ver=4.9.7 HTTP/1.1" 200 11721 www.fc-schnaittach.de "https://www.fc-schnaittach.de/fussball/1-mannschaft/nachrichten-aus-der-liga-kreisliga-erlangen-pegnitzgrund-2/" "Mozilla/5.0 (Windows NT 6.1; WOW64) AppleWebKit/537.36 (KHTML, like Gecko) Chrome/37.0.2062.120 Safari/537.36" "-"
85.25.210.0 - - [02/Aug/2018:01:45:08 +0200] "GET /wp-content/plugins/contact-form-7/includes/css/styles.css?ver=5.0.2 HTTP/1.1" 200 1683 www.fc-schnaittach.de "https://www.fc-schnaittach.de/fussball/1-mannschaft/nachrichten-aus-der-liga-kreisliga-erlangen-pegnitzgrund-2/" "Mozilla/5.0 (Windows NT 6.1; WOW64) AppleWebKit/537.36 (KHTML, like Gecko) Chrome/37.0.2062.120 Safari/537.36" "-"
85.25.210.0 - - [02/Aug/2018:01:45:08 +0200] "GET /wp-content/plugins/feedzy-rss-feeds/css/feedzy-rss-feeds.css?ver=3.2.10 HTTP/1.1" 200 9822 www.fc-schnaittach.de "https://www.fc-schnaittach.de/fussball/1-mannschaft/nachrichten-aus-der-liga-kreisliga-erlangen-pegnitzgrund-2/" "Mozilla/5.0 (Windows NT 6.1; WOW64) AppleWebKit/537.36 (KHTML, like Gecko) Chrome/37.0.2062.120 Safari/537.36" "-"
85.25.210.0 - - [02/Aug/2018:01:45:08 +0200] "GET /wp-content/plugins/recently-updated-posts-widget/css/style.css?ver=4.9.7 HTTP/1.1" 200 45 www.fc-schnaittach.de "https://www.fc-schnaittach.de/fussball/1-mannschaft/nachrichten-aus-der-liga-kreisliga-erlangen-pegnitzgrund-2/" "Mozilla/5.0 (Windows NT 6.1; WOW64) AppleWebKit/537.36 (KHTML, like Gecko) Chrome/37.0.2062.120 Safari/537.36" "-"
85.25.210.0 - - [02/Aug/2018:01:45:08 +0200] "GET /wp-content/plugins/user-access-manager/assets/css/uamLoginForm.css?ver=2.1.11 HTTP/1.1" 200 468 www.fc-schnaittach.de "https://www.fc-schnaittach.de/fussball/1-mannschaft/nachrichten-aus-der-liga-kreisliga-erlangen-pegnitzgrund-2/" "Mozilla/5.0 (Windows NT 6.1; WOW64) AppleWebKit/537.36 (KHTML, like Gecko) Chrome/37.0.2062.120 Safari/537.36" "-"
85.25.210.0 - - [02/Aug/2018:01:45:08 +0200] "GET /wp-includes/js/jquery/jquery-migrate.min.js?ver=1.4.1 HTTP/1.1" 200 10056 www.fc-schnaittach.de "https://www.fc-schnaittach.de/fussball/1-mannschaft/nachrichten-aus-der-liga-kreisliga-erlangen-pegnitzgrund-2/" "Mozilla/5.0 (Windows NT 6.1; WOW64) AppleWebKit/537.36 (KHTML, like Gecko) Chrome/37.0.2062.120 Safari/537.36" "-"
85.25.210.0 - - [02/Aug/2018:01:45:08 +0200] "GET /wp-content/themes/fcs/css/jquery.smartmenus.bootstrap.css?ver=1418749976 HTTP/1.1" 200 3128 www.fc-schnaittach.de "https://www.fc-schnaittach.de/fussball/1-mannschaft/nachrichten-aus-der-liga-kreisliga-erlangen-pegnitzgrund-2/" "Mozilla/5.0 (Windows NT 6.1; WOW64) AppleWebKit/537.36 (KHTML, like Gecko) Chrome/37.0.2062.120 Safari/537.36" "-"
85.25.210.0 - - [02/Aug/2018:01:45:08 +0200] "GET /wp-includes/js/jquery/jquery.js?ver=1.12.4 HTTP/1.1" 200 97184 www.fc-schnaittach.de "https://www.fc-schnaittach.de/fussball/1-mannschaft/nachrichten-aus-der-liga-kreisliga-erlangen-pegnitzgrund-2/" "Mozilla/5.0 (Windows NT 6.1; WOW64) AppleWebKit/537.36 (KHTML, like Gecko) Chrome/37.0.2062.120 Safari/537.36" "-"
85.25.210.0 - - [02/Aug/2018:01:45:08 +0200] "GET /wp-content/themes/fcs/style.css?ver=1460744932 HTTP/1.1" 200 22587 www.fc-schnaittach.de "https://www.fc-schnaittach.de/fussball/1-mannschaft/nachrichten-aus-der-liga-kreisliga-erlangen-pegnitzgrund-2/" "Mozilla/5.0 (Windows NT 6.1; WOW64) AppleWebKit/537.36 (KHTML, like Gecko) Chrome/37.0.2062.120 Safari/537.36" "-"
85.25.210.0 - - [02/Aug/2018:01:45:08 +0200] "GET /wp-content/themes/fcs/js/fcs.js?ver=1442772175 HTTP/1.1" 200 5542 www.fc-schnaittach.de "https://www.fc-schnaittach.de/fussball/1-mannschaft/nachrichten-aus-der-liga-kreisliga-erlangen-pegnitzgrund-2/" "Mozilla/5.0 (Windows NT 6.1; WOW64) AppleWebKit/537.36 (KHTML, like Gecko) Chrome/37.0.2062.120 Safari/537.36" "-"
85.25.210.0 - - [02/Aug/2018:01:45:08 +0200] "GET /wp-content/themes/fcs/js/jquery.smartmenus.min.js?ver=1418750004 HTTP/1.1" 200 22672 www.fc-schnaittach.de "https://www.fc-schnaittach.de/fussball/1-mannschaft/nachrichten-aus-der-liga-kreisliga-erlangen-pegnitzgrund-2/" "Mozilla/5.0 (Windows NT 6.1; WOW64) AppleWebKit/537.36 (KHTML, like Gecko) Chrome/37.0.2062.120 Safari/537.36" "-"
85.25.210.0 - - [02/Aug/2018:01:45:08 +0200] "GET /wp-content/themes/fcs/js/jquery.smartmenus.bootstrap.min.js?ver=1418750004 HTTP/1.1" 200 1252 www.fc-schnaittach.de "https://www.fc-schnaittach.de/fussball/1-mannschaft/nachrichten-aus-der-liga-kreisliga-erlangen-pegnitzgrund-2/" "Mozilla/5.0 (Windows NT 6.1; WOW64) AppleWebKit/537.36 (KHTML, like Gecko) Chrome/37.0.2062.120 Safari/537.36" "-"
85.25.210.0 - - [02/Aug/2018:01:45:08 +0200] "GET /wp-content/themes/fcs/images/production/FcsWappen.png?ver=1487205002 HTTP/1.1" 200 12482 www.fc-schnaittach.de "https://www.fc-schnaittach.de/fussball/1-mannschaft/nachrichten-aus-der-liga-kreisliga-erlangen-pegnitzgrund-2/" "Mozilla/5.0 (Windows NT 6.1; WOW64) AppleWebKit/537.36 (KHTML, like Gecko) Chrome/37.0.2062.120 Safari/537.36" "-"
85.25.210.0 - - [02/Aug/2018:01:45:08 +0200] "GET /wp-content/themes/fcs/images/production/FcsWappen.png HTTP/1.1" 200 12482 www.fc-schnaittach.de "https://www.fc-schnaittach.de/fussball/1-mannschaft/nachrichten-aus-der-liga-kreisliga-erlangen-pegnitzgrund-2/" "Mozilla/5.0 (Windows NT 6.1; WOW64) AppleWebKit/537.36 (KHTML, like Gecko) Chrome/37.0.2062.120 Safari/537.36" "-"
85.25.210.0 - - [02/Aug/2018:01:45:08 +0200] "GET /wp-content/plugins/contact-form-7/includes/js/scripts.js?ver=5.0.2 HTTP/1.1" 200 14585 www.fc-schnaittach.de "https://www.fc-schnaittach.de/fussball/1-mannschaft/nachrichten-aus-der-liga-kreisliga-erlangen-pegnitzgrund-2/" "Mozilla/5.0 (Windows NT 6.1; WOW64) AppleWebKit/537.36 (KHTML, like Gecko) Chrome/37.0.2062.120 Safari/537.36" "-"
85.25.210.0 - - [02/Aug/2018:01:45:08 +0200] "GET /wp-includes/js/wp-embed.min.js?ver=4.9.7 HTTP/1.1" 200 1398 www.fc-schnaittach.de "https://www.fc-schnaittach.de/fussball/1-mannschaft/nachrichten-aus-der-liga-kreisliga-erlangen-pegnitzgrund-2/" "Mozilla/5.0 (Windows NT 6.1; WOW64) AppleWebKit/537.36 (KHTML, like Gecko) Chrome/37.0.2062.120 Safari/537.36" "-"
85.25.210.0 - - [02/Aug/2018:01:45:11 +0200] "GET /wp-content/themes/fcs/images/fussball.jpg HTTP/1.1" 301 279 www.fc-schnaittach.de "-" "Mozilla/5.0 (Windows NT 6.1; WOW64) AppleWebKit/537.36 (KHTML, like Gecko) Chrome/37.0.2062.120 Safari/537.36" "-"
85.25.210.0 - - [02/Aug/2018:01:45:12 +0200] "GET /wp-content/themes/fcs/images/fussball.jpg HTTP/1.1" 200 26126 www.fc-schnaittach.de "-" "Mozilla/5.0 (Windows NT 6.1; WOW64) AppleWebKit/537.36 (KHTML, like Gecko) Chrome/37.0.2062.120 Safari/537.36" "-"
85.25.210.0 - - [02/Aug/2018:01:45:13 +0200] "GET /fussball/1-mannschaft/nachrichten-aus-der-liga-kreisliga-erlangen-pegnitzgrund-2/ HTTP/1.1" 200 8215 www.fc-schnaittach.de "-" "Mozilla/5.0 (compatible; adscanner/)" "-"
207.46.13.0 - - [02/Aug/2018:01:45:35 +0200] "GET /wp-content/uploads/2015/03/P1020529-300x225.jpg HTTP/1.1" 200 17876 www.fc-schnaittach.de "-" "Mozilla/5.0 (compatible; bingbot/2.0; +http://www.bing.com/bingbot.htm)" "-"
207.46.13.0 - - [02/Aug/2018:01:45:35 +0200] "GET /wp-content/uploads/2015/03/P1020525-204x300.jpg HTTP/1.1" 200 15260 www.fc-schnaittach.de "-" "Mozilla/5.0 (compatible; bingbot/2.0; +http://www.bing.com/bingbot.htm)" "-"
207.46.13.0 - - [02/Aug/2018:01:45:39 +0200] "GET /wp-content/uploads/2015/03/P1020508-300x225.jpg HTTP/1.1" 200 19457 www.fc-schnaittach.de "-" "Mozilla/5.0 (compatible; bingbot/2.0; +http://www.bing.com/bingbot.htm)" "-"
157.55.39.0 - - [02/Aug/2018:01:45:45 +0200] "GET /wp-content/uploads/2015/03/P1020522-300x225.jpg HTTP/1.1" 200 17426 www.fc-schnaittach.de "-" "Mozilla/5.0 (compatible; bingbot/2.0; +http://www.bing.com/bingbot.htm)" "-"
216.244.66.0 - - [02/Aug/2018:01:47:06 +0200] "GET /robots.txt HTTP/1.1" 301 248 www.fc-schnaittach.de "-" "Mozilla/5.0 (compatible; DotBot/1.1; http://www.opensiteexplorer.org/dotbot, help@moz.com)" "-"
216.244.66.0 - - [02/Aug/2018:01:47:08 +0200] "GET /robots.txt HTTP/1.1" 200 35 www.fc-schnaittach.de "-" "Mozilla/5.0 (compatible; DotBot/1.1; http://www.opensiteexplorer.org/dotbot, help@moz.com)" "-"
207.46.13.0 - - [02/Aug/2018:01:56:08 +0200] "GET /wp-content/uploads/2014/10/Christian_Gulitsch-300x225.jpg HTTP/1.1" 200 14481 www.fc-schnaittach.de "-" "Mozilla/5.0 (compatible; bingbot/2.0; +http://www.bing.com/bingbot.htm)" "-"
66.249.66.0 - - [02/Aug/2018:01:57:03 +0200] "GET /robots.txt HTTP/1.1" 404 1363 s520810972.online.de "-" "Mozilla/5.0 (compatible; Googlebot/2.1; +http://www.google.com/bot.html)" "-"
66.249.66.0 - - [02/Aug/2018:01:57:03 +0200] "GET /geschichte/ HTTP/1.1" 404 1363 s520810972.online.de "-" "Mozilla/5.0 (compatible; Googlebot/2.1; +http://www.google.com/bot.html)" "-"
62.138.0.0 - - [02/Aug/2018:01:58:42 +0200] "GET /robots.txt HTTP/1.1" 301 248 www.fc-schnaittach.de "-" "Mozilla/5.0 (compatible; adscanner/)" "-"
62.138.0.0 - - [02/Aug/2018:01:58:42 +0200] "GET /robots.txt HTTP/1.1" 200 35 www.fc-schnaittach.de "-" "Mozilla/5.0 (compatible; adscanner/)" "-"
62.138.0.0 - - [02/Aug/2018:01:58:42 +0200] "GET /wp-content/uploads/2018/06/15-768x766.jpg HTTP/1.1" 301 279 www.fc-schnaittach.de "-" "Mozilla/5.0 (compatible; adscanner/)" "-"
62.138.0.0 - - [02/Aug/2018:01:58:44 +0200] "GET /wp-content/uploads/2018/06/15-768x766.jpg HTTP/1.1" 200 175244 www.fc-schnaittach.de "-" "Mozilla/5.0 (compatible; adscanner/)" "-"
77.220.215.0 - - [02/Aug/2018:02:05:10 +0200] "HEAD / HTTP/1.1" 301 - www.fc-schnaittach.de "https://konica.kz/printers/konica-cv" "Mozilla/7.0 (compatible; MSIE5.00; Windows 2003)" "-"
185.203.240.0 - - [02/Aug/2018:02:05:10 +0200] "HEAD / HTTP/1.1" 301 - www.fc-schnaittach.de "https://tonerbox.kz/g3632109-kabeli-hdmi-audio" "Mozilla/2.0 (compatible; MSIE2.00; Windows 2008)" "-"
77.220.213.0 - - [02/Aug/2018:02:05:10 +0200] "HEAD / HTTP/1.1" 301 - www.fc-schnaittach.de "https://avto-oligarh.ru" "Mozilla/6.0 (compatible; MSIE4.00; Windows 2005)" "-"
212.86.109.0 - - [02/Aug/2018:02:05:11 +0200] "HEAD / HTTP/1.1" 301 - www.fc-schnaittach.de "https://kovrenok.ru/catalog/kovry-s-tigrami/" "Mozilla/5.0 (compatible; MSIE6.00; Windows 2007)" "-"
185.209.20.0 - - [02/Aug/2018:02:05:11 +0200] "HEAD / HTTP/1.1" 301 - www.fc-schnaittach.de "https://www.my-floor.in.ua/product/laminat-dub-merilend-sl" "Mozilla/2.0 (compatible; MSIE3.00; Windows 2009)" "-"
178.159.39.0 - - [02/Aug/2018:02:05:11 +0200] "HEAD / HTTP/1.1" 301 - www.fc-schnaittach.de "http://angel777.kz" "Mozilla/2.0 (compatible; MSIE6.00; Windows 2006)" "-"
77.220.214.0 - - [02/Aug/2018:02:05:11 +0200] "HEAD / HTTP/1.1" 301 - www.fc-schnaittach.de "https://vk.com/chelrestoran" "Mozilla/5.0 (compatible; MSIE3.00; Windows 2006)" "-"
157.55.39.0 - - [02/Aug/2018:02:05:46 +0200] "GET /wp-content/uploads/2015/03/Ramona-Dotzler.jpg HTTP/1.1" 301 283 www.fc-schnaittach.de "-" "Mozilla/5.0 (compatible; bingbot/2.0; +http://www.bing.com/bingbot.htm)" "-"
157.55.39.0 - - [02/Aug/2018:02:05:47 +0200] "GET /wp-content/uploads/2015/03/Ramona-Dotzler.jpg HTTP/1.1" 200 69799 www.fc-schnaittach.de "-" "Mozilla/5.0 (compatible; bingbot/2.0; +http://www.bing.com/bingbot.htm)" "-"
112.5.248.0 - - [02/Aug/2018:02:08:53 +0200] "GET / HTTP/1.1" 301 238 fc-schnaittach.de "https://www.blog100.org/online-traffic-problems-are-now-a-thing-of-the-past/47195462/" "Mozilla/5.0 (iPhone; CPU iPhone OS 10_2_1 like Mac OS X) AppleWebKit/602.4.6 (KHTML, like Gecko) Version/10.0 Mobile/14D27 Safari/602.1" "-"
112.5.248.0 - - [02/Aug/2018:02:08:55 +0200] "GET / HTTP/1.1" 200 7770 www.fc-schnaittach.de "https://www.blog100.org/online-traffic-problems-are-now-a-thing-of-the-past/47195462/" "Mozilla/5.0 (iPhone; CPU iPhone OS 10_2_1 like Mac OS X) AppleWebKit/602.4.6 (KHTML, like Gecko) Version/10.0 Mobile/14D27 Safari/602.1" "-"
13.82.188.0 - - [02/Aug/2018:02:19:20 +0200] "HEAD / HTTP/1.1" 301 - www.fc-schnaittach.de "-" "HTTPing v2.4" "-"
207.46.13.0 - - [02/Aug/2018:02:25:43 +0200] "GET /wp-content/uploads/2014/10/M_Wazlav.jpg HTTP/1.1" 301 277 www.fc-schnaittach.de "-" "Mozilla/5.0 (compatible; bingbot/2.0; +http://www.bing.com/bingbot.htm)" "-"
207.46.13.0 - - [02/Aug/2018:02:25:44 +0200] "GET /wp-content/uploads/2014/10/M_Wazlav.jpg HTTP/1.1" 200 132583 www.fc-schnaittach.de "-" "Mozilla/5.0 (compatible; bingbot/2.0; +http://www.bing.com/bingbot.htm)" "-"
85.25.210.0 - - [02/Aug/2018:02:28:38 +0200] "GET /robots.txt HTTP/1.1" 301 248 www.fc-schnaittach.de "-" "Mozilla/5.0 (compatible; adscanner/)" "-"
85.25.210.0 - - [02/Aug/2018:02:28:40 +0200] "GET /robots.txt HTTP/1.1" 200 35 www.fc-schnaittach.de "-" "Mozilla/5.0 (compatible; adscanner/)" "-"
85.25.210.0 - - [02/Aug/2018:02:28:40 +0200] "GET /wp-content/uploads/2018/06/12-300x300.jpg HTTP/1.1" 301 279 www.fc-schnaittach.de "-" "Mozilla/5.0 (compatible; adscanner/)" "-"
85.25.210.0 - - [02/Aug/2018:02:28:42 +0200] "GET /wp-content/uploads/2018/06/12-300x300.jpg HTTP/1.1" 200 28994 www.fc-schnaittach.de "-" "Mozilla/5.0 (compatible; adscanner/)" "-"
207.46.13.0 - - [02/Aug/2018:02:29:33 +0200] "GET /wp-content/uploads/2014/10/DSC03526-e1430394652407.jpg HTTP/1.1" 301 292 www.fc-schnaittach.de "-" "Mozilla/5.0 (compatible; bingbot/2.0; +http://www.bing.com/bingbot.htm)" "-"
207.46.13.0 - - [02/Aug/2018:02:29:35 +0200] "GET /wp-content/uploads/2014/10/DSC03526-e1430394652407.jpg HTTP/1.1" 200 120309 www.fc-schnaittach.de "-" "Mozilla/5.0 (compatible; bingbot/2.0; +http://www.bing.com/bingbot.htm)" "-"
216.244.66.0 - - [02/Aug/2018:02:36:53 +0200] "GET /robots.txt HTTP/1.1" 301 248 www.fc-schnaittach.de "-" "Mozilla/5.0 (compatible; DotBot/1.1; http://www.opensiteexplorer.org/dotbot, help@moz.com)" "-"
216.244.66.0 - - [02/Aug/2018:02:36:56 +0200] "GET /robots.txt HTTP/1.1" 200 35 www.fc-schnaittach.de "-" "Mozilla/5.0 (compatible; DotBot/1.1; http://www.opensiteexplorer.org/dotbot, help@moz.com)" "-"
52.175.195.0 - - [02/Aug/2018:02:37:11 +0200] "HEAD / HTTP/1.1" 301 - www.fc-schnaittach.de "-" "HTTPing v2.4" "-"
194.67.207.0 - - [02/Aug/2018:02:38:04 +0200] "HEAD / HTTP/1.1" 301 - www.fc-schnaittach.de "https://potolki5.by/natyazhnoj-potolok-v-vannuyu/" "Mozilla/2.0 (compatible; MSIE4.00; Windows 2002)" "-"
194.67.207.0 - - [02/Aug/2018:02:38:08 +0200] "HEAD / HTTP/1.1" 301 - www.fc-schnaittach.de "http://www.ekaterinburg.kontaktor.su/tali-elektricheskie.html" "Mozilla/3.0 (compatible; MSIE7.00; Windows 2005)" "-"
62.138.0.0 - - [02/Aug/2018:02:38:20 +0200] "GET /robots.txt HTTP/1.1" 301 248 www.fc-schnaittach.de "-" "Mozilla/5.0 (compatible; adscanner/)" "-"
62.138.0.0 - - [02/Aug/2018:02:38:20 +0200] "GET /robots.txt HTTP/1.1" 200 35 www.fc-schnaittach.de "-" "Mozilla/5.0 (compatible; adscanner/)" "-"
62.138.0.0 - - [02/Aug/2018:02:38:20 +0200] "GET /wp-content/uploads/2018/07/30-1024x678.jpg HTTP/1.1" 301 280 www.fc-schnaittach.de "-" "Mozilla/5.0 (compatible; adscanner/)" "-"
62.138.0.0 - - [02/Aug/2018:02:38:21 +0200] "GET /wp-content/uploads/2018/07/30-1024x678.jpg HTTP/1.1" 200 132428 www.fc-schnaittach.de "-" "Mozilla/5.0 (compatible; adscanner/)" "-"
217.160.63.0 - - [02/Aug/2018:02:50:17 +0200] "POST /wp-cron.php?doing_wp_cron=1533171017.1730439662933349609375 HTTP/1.1" 200 23 www.fc-schnaittach.de "https://www.fc-schnaittach.de/wp-cron.php?doing_wp_cron=1533171017.1730439662933349609375" "WordPress/4.9.7; https://www.fc-schnaittach.de" "-"
66.249.66.0 - - [02/Aug/2018:02:50:17 +0200] "GET /sporterlebnistag-am-1-juni/ HTTP/1.1" 200 6480 www.fc-schnaittach.de "-" "Mozilla/5.0 (compatible; Googlebot/2.1; +http://www.google.com/bot.html)" "-"
85.25.210.0 - - [02/Aug/2018:02:55:24 +0200] "GET /robots.txt HTTP/1.1" 301 248 www.fc-schnaittach.de "-" "Mozilla/5.0 (compatible; adscanner/)" "-"
85.25.210.0 - - [02/Aug/2018:02:55:25 +0200] "GET /robots.txt HTTP/1.1" 200 35 www.fc-schnaittach.de "-" "Mozilla/5.0 (compatible; adscanner/)" "-"
85.25.210.0 - - [02/Aug/2018:02:55:26 +0200] "GET /wp-content/uploads/2018/06/10-768x768.jpg HTTP/1.1" 301 279 www.fc-schnaittach.de "-" "Mozilla/5.0 (compatible; adscanner/)" "-"
85.25.210.0 - - [02/Aug/2018:02:55:27 +0200] "GET /wp-content/uploads/2018/06/10-768x768.jpg HTTP/1.1" 200 179182 www.fc-schnaittach.de "-" "Mozilla/5.0 (compatible; adscanner/)" "-"
157.55.39.0 - - [02/Aug/2018:02:56:01 +0200] "GET /wp-content/uploads/2014/10/Jonas_Weigel.jpg HTTP/1.1" 301 281 www.fc-schnaittach.de "-" "Mozilla/5.0 (compatible; bingbot/2.0; +http://www.bing.com/bingbot.htm)" "-"
157.55.39.0 - - [02/Aug/2018:02:56:02 +0200] "GET /wp-content/uploads/2014/10/Jonas_Weigel.jpg HTTP/1.1" 200 1953198 www.fc-schnaittach.de "-" "Mozilla/5.0 (compatible; bingbot/2.0; +http://www.bing.com/bingbot.htm)" "-"
85.25.210.0 - - [02/Aug/2018:02:56:39 +0200] "GET /robots.txt HTTP/1.1" 301 248 www.fc-schnaittach.de "-" "Mozilla/5.0 (compatible; adscanner/)" "-"
85.25.210.0 - - [02/Aug/2018:02:56:40 +0200] "GET /robots.txt HTTP/1.1" 200 35 www.fc-schnaittach.de "-" "Mozilla/5.0 (compatible; adscanner/)" "-"
85.25.210.0 - - [02/Aug/2018:02:56:40 +0200] "GET /wp-content/uploads/2018/07/21-300x300.jpg HTTP/1.1" 301 279 www.fc-schnaittach.de "-" "Mozilla/5.0 (compatible; adscanner/)" "-"
85.25.210.0 - - [02/Aug/2018:02:56:41 +0200] "GET /wp-content/uploads/2018/07/21-300x300.jpg HTTP/1.1" 200 33010 www.fc-schnaittach.de "-" "Mozilla/5.0 (compatible; adscanner/)" "-"
207.46.13.0 - - [02/Aug/2018:03:01:35 +0200] "GET /wp-content/uploads/2014/10/M_Wazlav.jpg HTTP/1.1" 301 277 www.fc-schnaittach.de "-" "Mozilla/5.0 (compatible; bingbot/2.0; +http://www.bing.com/bingbot.htm)" "-"
207.46.13.0 - - [02/Aug/2018:03:01:36 +0200] "GET /wp-content/uploads/2014/10/M_Wazlav.jpg HTTP/1.1" 200 132583 www.fc-schnaittach.de "-" "Mozilla/5.0 (compatible; bingbot/2.0; +http://www.bing.com/bingbot.htm)" "-"
207.46.13.0 - - [02/Aug/2018:03:08:16 +0200] "GET /wp-content/uploads/2016/02/fahnesmall.jpg HTTP/1.1" 301 279 www.fc-schnaittach.de "-" "Mozilla/5.0 (compatible; bingbot/2.0; +http://www.bing.com/bingbot.htm)" "-"
207.46.13.0 - - [02/Aug/2018:03:08:18 +0200] "GET /wp-content/uploads/2016/02/fahnesmall.jpg HTTP/1.1" 200 178324 www.fc-schnaittach.de "-" "Mozilla/5.0 (compatible; bingbot/2.0; +http://www.bing.com/bingbot.htm)" "-"
207.46.13.0 - - [02/Aug/2018:03:09:42 +0200] "GET / HTTP/1.1" 200 7770 www.fc-schnaittach.de "-" "Mozilla/5.0 (compatible; bingbot/2.0; +http://www.bing.com/bingbot.htm)" "-"
54.36.148.0 - - [02/Aug/2018:03:10:31 +0200] "GET /wp-content/uploads/2014/12/DSC_0009.jpg HTTP/1.1" 301 277 www.fc-schnaittach.de "-" "Mozilla/5.0 (compatible; AhrefsBot/5.2; +http://ahrefs.com/robot/)" "-"
13.66.207.0 - - [02/Aug/2018:03:15:11 +0200] "GET /robots.txt HTTP/1.1" 200 35 www.fc-schnaittach.de "-" "Mozilla/5.0 (compatible; bingbot/2.0; +http://www.bing.com/bingbot.htm)" "-"
13.66.185.0 - - [02/Aug/2018:03:15:18 +0200] "GET /dragonrun/9-2/ HTTP/1.1" 200 195 www.fc-schnaittach.de "-" "Mozilla/5.0 (compatible; bingbot/2.0; +http://www.bing.com/bingbot.htm)" "-"
66.249.66.0 - - [02/Aug/2018:03:16:58 +0200] "GET /sitemap-pt-post-2017-04.xml HTTP/1.1" 200 598 www.fc-schnaittach.de "-" "Mozilla/5.0 (compatible; Googlebot/2.1; +http://www.google.com/bot.html)" "-"
66.249.66.0 - - [02/Aug/2018:03:17:59 +0200] "GET /sitemap-pt-page-2017-05.xml HTTP/1.1" 200 495 www.fc-schnaittach.de "-" "Mozilla/5.0 (compatible; Googlebot/2.1; +http://www.google.com/bot.html)" "-"
52.175.195.0 - - [02/Aug/2018:03:21:12 +0200] "HEAD / HTTP/1.1" 301 - www.fc-schnaittach.de "-" "HTTPing v2.4" "-"
95.163.255.0 - - [02/Aug/2018:03:31:43 +0200] "GET /robots.txt HTTP/1.1" 200 35 www.fc-schnaittach.de "-" "Mozilla/5.0 (compatible; Linux x86_64; Mail.RU_Bot/2.0; +http://go.mail.ru/help/robots)" "-"
217.160.63.0 - - [02/Aug/2018:03:32:09 +0200] "POST /wp-cron.php?doing_wp_cron=1533173529.8168179988861083984375 HTTP/1.1" 200 23 www.fc-schnaittach.de "https://www.fc-schnaittach.de/wp-cron.php?doing_wp_cron=1533173529.8168179988861083984375" "WordPress/4.9.7; https://www.fc-schnaittach.de" "-"
95.163.255.0 - - [02/Aug/2018:03:32:09 +0200] "GET /guideline-ocr-dragon-run/ HTTP/1.1" 200 7301 www.fc-schnaittach.de "-" "Mozilla/5.0 (compatible; Linux x86_64; Mail.RU_Bot/2.0; +http://go.mail.ru/help/robots)" "-"
54.36.148.0 - - [02/Aug/2018:03:35:58 +0200] "GET /tag/2015/feed/ HTTP/1.1" 200 590 www.fc-schnaittach.de "-" "Mozilla/5.0 (compatible; AhrefsBot/5.2; +http://ahrefs.com/robot/)" "-"
35.204.175.0 - - [02/Aug/2018:03:37:27 +0200] "GET /wp-content/themes/fcs/images/production/FcsWappen.png HTTP/1.1" 200 12482 www.fc-schnaittach.de "-" "Mozilla/5.0 (compatible; tracemyfile/1.0; +bot@tracemyfile.com)" "-"
85.25.210.0 - - [02/Aug/2018:03:42:13 +0200] "GET /robots.txt HTTP/1.1" 301 248 www.fc-schnaittach.de "-" "Mozilla/5.0 (compatible; adscanner/)" "-"
85.25.210.0 - - [02/Aug/2018:03:42:13 +0200] "GET /robots.txt HTTP/1.1" 200 35 www.fc-schnaittach.de "-" "Mozilla/5.0 (compatible; adscanner/)" "-"
85.25.210.0 - - [02/Aug/2018:03:42:13 +0200] "GET /wp-content/uploads/2018/07/IMG_0003-501x1024.jpg HTTP/1.1" 301 286 www.fc-schnaittach.de "-" "Mozilla/5.0 (compatible; adscanner/)" "-"
85.25.210.0 - - [02/Aug/2018:03:42:14 +0200] "GET /wp-content/uploads/2018/07/IMG_0003-501x1024.jpg HTTP/1.1" 200 150285 www.fc-schnaittach.de "-" "Mozilla/5.0 (compatible; adscanner/)" "-"
85.25.210.0 - - [02/Aug/2018:03:46:57 +0200] "GET /robots.txt HTTP/1.1" 301 248 www.fc-schnaittach.de "-" "Mozilla/5.0 (compatible; adscanner/)" "-"
85.25.210.0 - - [02/Aug/2018:03:46:58 +0200] "GET /robots.txt HTTP/1.1" 200 35 www.fc-schnaittach.de "-" "Mozilla/5.0 (compatible; adscanner/)" "-"
85.25.210.0 - - [02/Aug/2018:03:46:58 +0200] "GET /wp-content/uploads/2018/07/31-300x199.jpg HTTP/1.1" 301 279 www.fc-schnaittach.de "-" "Mozilla/5.0 (compatible; adscanner/)" "-"
85.25.210.0 - - [02/Aug/2018:03:46:59 +0200] "GET /wp-content/uploads/2018/07/31-300x199.jpg HTTP/1.1" 200 16830 www.fc-schnaittach.de "-" "Mozilla/5.0 (compatible; adscanner/)" "-"
157.55.39.0 - - [02/Aug/2018:03:53:43 +0200] "GET /einladung-zur-mitgliederversammlung-2018/ HTTP/1.1" 200 6459 www.fc-schnaittach.de "-" "Mozilla/5.0 (compatible; bingbot/2.0; +http://www.bing.com/bingbot.htm)" "-"
52.175.195.0 - - [02/Aug/2018:03:56:12 +0200] "HEAD / HTTP/1.1" 301 - www.fc-schnaittach.de "-" "HTTPing v2.4" "-"
157.55.39.0 - - [02/Aug/2018:04:00:24 +0200] "GET /veranstaltungsart/1-mannschaft/ HTTP/1.1" 200 7694 www.fc-schnaittach.de "-" "Mozilla/5.0 (compatible; bingbot/2.0; +http://www.bing.com/bingbot.htm)" "-"
40.77.252.0 - - [02/Aug/2018:04:08:00 +0200] "GET /wp-includes/js/wp-emoji-release.min.js?ver=4.9.7 HTTP/1.1" 200 11721 www.fc-schnaittach.de "-" "Mozilla/5.0 (Windows NT 6.1; WOW64) AppleWebKit/534+ (KHTML, like Gecko) BingPreview/1.0b" "-"
62.138.0.0 - - [02/Aug/2018:04:11:47 +0200] "GET /robots.txt HTTP/1.1" 301 248 www.fc-schnaittach.de "-" "Mozilla/5.0 (compatible; adscanner/)" "-"
62.138.0.0 - - [02/Aug/2018:04:11:48 +0200] "GET /robots.txt HTTP/1.1" 200 35 www.fc-schnaittach.de "-" "Mozilla/5.0 (compatible; adscanner/)" "-"
62.138.0.0 - - [02/Aug/2018:04:11:48 +0200] "GET /wp-content/uploads/2018/07/19-300x300.jpg HTTP/1.1" 301 279 www.fc-schnaittach.de "-" "Mozilla/5.0 (compatible; adscanner/)" "-"
62.138.0.0 - - [02/Aug/2018:04:11:49 +0200] "GET /wp-content/uploads/2018/07/19-300x300.jpg HTTP/1.1" 200 41686 www.fc-schnaittach.de "-" "Mozilla/5.0 (compatible; adscanner/)" "-"
66.249.66.0 - - [02/Aug/2018:04:17:41 +0200] "GET /sitemap-pt-page-2014-12.xml HTTP/1.1" 200 870 www.fc-schnaittach.de "-" "Mozilla/5.0 (compatible; Googlebot/2.1; +http://www.google.com/bot.html)" "-"
185.154.13.0 - - [02/Aug/2018:04:19:52 +0200] "HEAD / HTTP/1.1" 301 - www.fc-schnaittach.de "https://spalnya-massiv.co.ua/kovannaya-mebel/" "Mozilla/6.0 (compatible; MSIE4.00; Windows 2009)" "-"
62.138.0.0 - - [02/Aug/2018:04:22:02 +0200] "GET /robots.txt HTTP/1.1" 301 248 www.fc-schnaittach.de "-" "Mozilla/5.0 (compatible; adscanner/)" "-"
62.138.0.0 - - [02/Aug/2018:04:22:03 +0200] "GET /robots.txt HTTP/1.1" 200 35 www.fc-schnaittach.de "-" "Mozilla/5.0 (compatible; adscanner/)" "-"
62.138.0.0 - - [02/Aug/2018:04:22:03 +0200] "GET /wp-content/uploads/2018/06/Hindernisverteilung-2-768x576.png HTTP/1.1" 301 298 www.fc-schnaittach.de "-" "Mozilla/5.0 (compatible; adscanner/)" "-"
62.138.0.0 - - [02/Aug/2018:04:22:05 +0200] "GET /wp-content/uploads/2018/06/Hindernisverteilung-2-768x576.png HTTP/1.1" 200 365228 www.fc-schnaittach.de "-" "Mozilla/5.0 (compatible; adscanner/)" "-"
178.159.43.0 - - [02/Aug/2018:04:25:31 +0200] "HEAD / HTTP/1.1" 301 - www.fc-schnaittach.de "https://www.mebel-master.com.ua/product-details/belyj-obedennyj-stol-bruklin-s-matovym-steklom-dzhoss" "Mozilla/8.0 (compatible; MSIE3.00; Windows 2006)" "-"
54.36.149.0 - - [02/Aug/2018:04:29:36 +0200] "GET /fussball/2-mannschaft/facebook-news/feed/ HTTP/1.1" 200 559 www.fc-schnaittach.de "-" "Mozilla/5.0 (compatible; AhrefsBot/5.2; +http://ahrefs.com/robot/)" "-"
