157.55.39.0 - - [31/Jul/2018:00:01:21 +0200] "GET /wp-content/uploads/2015/06/20150613_115354-300x277.jpg HTTP/1.1" 301 292 www.fc-schnaittach.de "-" "Mozilla/5.0 (compatible; bingbot/2.0; +http://www.bing.com/bingbot.htm)" "-"
157.55.39.0 - - [31/Jul/2018:00:01:22 +0200] "GET /wp-content/uploads/2015/06/20150613_115354-300x277.jpg HTTP/1.1" 200 18584 www.fc-schnaittach.de "-" "Mozilla/5.0 (compatible; bingbot/2.0; +http://www.bing.com/bingbot.htm)" "-"
157.55.39.0 - - [31/Jul/2018:00:02:10 +0200] "GET /wp-content/uploads/2014/10/DSC03540-e1430393694830.jpg HTTP/1.1" 301 292 www.fc-schnaittach.de "-" "Mozilla/5.0 (compatible; bingbot/2.0; +http://www.bing.com/bingbot.htm)" "-"
157.55.39.0 - - [31/Jul/2018:00:02:12 +0200] "GET /wp-content/uploads/2014/10/DSC03540-e1430393694830.jpg HTTP/1.1" 200 110591 www.fc-schnaittach.de "-" "Mozilla/5.0 (compatible; bingbot/2.0; +http://www.bing.com/bingbot.htm)" "-"
207.46.13.0 - - [31/Jul/2018:00:09:34 +0200] "GET /hauptverein/vereinsbus/ HTTP/1.1" 200 7083 www.fc-schnaittach.de "-" "Mozilla/5.0 (compatible; bingbot/2.0; +http://www.bing.com/bingbot.htm)" "-"
157.55.39.0 - - [31/Jul/2018:00:09:47 +0200] "GET /wp-content/plugins/recently-updated-posts-widget/css/style.css?ver=4.9.7 HTTP/1.1" 301 310 www.fc-schnaittach.de "-" "Mozilla/5.0 (compatible; bingbot/2.0; +http://www.bing.com/bingbot.htm)" "-"
157.55.39.0 - - [31/Jul/2018:00:09:48 +0200] "GET /wp-content/plugins/recently-updated-posts-widget/css/style.css?ver=4.9.7 HTTP/1.1" 200 45 www.fc-schnaittach.de "-" "Mozilla/5.0 (compatible; bingbot/2.0; +http://www.bing.com/bingbot.htm)" "-"
157.55.39.0 - - [31/Jul/2018:00:09:49 +0200] "GET /wp-content/plugins/user-access-manager/assets/css/uamLoginForm.css?ver=2.1.11 HTTP/1.1" 301 315 www.fc-schnaittach.de "-" "Mozilla/5.0 (compatible; bingbot/2.0; +http://www.bing.com/bingbot.htm)" "-"
157.55.39.0 - - [31/Jul/2018:00:09:50 +0200] "GET /wp-content/plugins/user-access-manager/assets/css/uamLoginForm.css?ver=2.1.11 HTTP/1.1" 200 468 www.fc-schnaittach.de "-" "Mozilla/5.0 (compatible; bingbot/2.0; +http://www.bing.com/bingbot.htm)" "-"
216.244.66.0 - - [31/Jul/2018:00:12:13 +0200] "GET /robots.txt HTTP/1.1" 301 248 www.fc-schnaittach.de "-" "Mozilla/5.0 (compatible; DotBot/1.1; http://www.opensiteexplorer.org/dotbot, help@moz.com)" "-"
216.244.66.0 - - [31/Jul/2018:00:12:16 +0200] "GET /robots.txt HTTP/1.1" 200 35 www.fc-schnaittach.de "-" "Mozilla/5.0 (compatible; DotBot/1.1; http://www.opensiteexplorer.org/dotbot, help@moz.com)" "-"
54.36.149.0 - - [31/Jul/2018:00:24:56 +0200] "GET /g-jugend/feed/ HTTP/1.1" 200 542 www.fc-schnaittach.de "-" "Mozilla/5.0 (compatible; AhrefsBot/5.2; +http://ahrefs.com/robot/)" "-"
217.160.63.0 - - [31/Jul/2018:00:24:57 +0200] "POST /wp-cron.php?doing_wp_cron=1532989497.0812330245971679687500 HTTP/1.1" 301 297 www.fc-schnaittach.de "http://www.fc-schnaittach.de/wp-cron.php?doing_wp_cron=1532989497.0812330245971679687500" "WordPress/4.9.7; https://www.fc-schnaittach.de" "-"
217.160.63.0 - - [31/Jul/2018:00:26:31 +0200] "POST /wp-cron.php?doing_wp_cron=1532989591.5878639221191406250000 HTTP/1.1" 200 23 www.fc-schnaittach.de "https://www.fc-schnaittach.de/wp-cron.php?doing_wp_cron=1532989591.5878639221191406250000" "WordPress/4.9.7; https://www.fc-schnaittach.de" "-"
207.46.13.0 - - [31/Jul/2018:00:26:31 +0200] "GET /sitemap-pt-post-2017-05.xml HTTP/1.1" 200 597 www.fc-schnaittach.de "-" "Mozilla/5.0 (compatible; bingbot/2.0; +http://www.bing.com/bingbot.htm)" "-"
54.36.148.0 - - [31/Jul/2018:00:28:18 +0200] "GET /wp-admin HTTP/1.1" 301 247 www.fc-schnaittach.de "-" "Mozilla/5.0 (compatible; AhrefsBot/5.2; +http://ahrefs.com/robot/)" "-"
157.55.39.0 - - [31/Jul/2018:00:51:20 +0200] "GET /wp-content/uploads/2015/04/FCS-1-Mannschaft-1961-2-300x201.jpg HTTP/1.1" 301 300 www.fc-schnaittach.de "-" "Mozilla/5.0 (compatible; bingbot/2.0; +http://www.bing.com/bingbot.htm)" "-"
157.55.39.0 - - [31/Jul/2018:00:51:21 +0200] "GET /wp-content/uploads/2015/04/FCS-1-Mannschaft-1961-2-300x201.jpg HTTP/1.1" 200 18857 www.fc-schnaittach.de "-" "Mozilla/5.0 (compatible; bingbot/2.0; +http://www.bing.com/bingbot.htm)" "-"
207.46.13.0 - - [31/Jul/2018:00:53:22 +0200] "GET /wp-content/uploads/2014/10/C_Leupold-300x300.jpg HTTP/1.1" 301 286 www.fc-schnaittach.de "-" "Mozilla/5.0 (compatible; bingbot/2.0; +http://www.bing.com/bingbot.htm)" "-"
207.46.13.0 - - [31/Jul/2018:00:53:23 +0200] "GET /wp-content/uploads/2014/10/C_Leupold-300x300.jpg HTTP/1.1" 200 25406 www.fc-schnaittach.de "-" "Mozilla/5.0 (compatible; bingbot/2.0; +http://www.bing.com/bingbot.htm)" "-"
157.55.39.0 - - [31/Jul/2018:00:55:06 +0200] "GET /wp-content/uploads/2015/06/20150613_115354-300x277.jpg HTTP/1.1" 301 292 www.fc-schnaittach.de "-" "Mozilla/5.0 (compatible; bingbot/2.0; +http://www.bing.com/bingbot.htm)" "-"
157.55.39.0 - - [31/Jul/2018:00:55:07 +0200] "GET /wp-content/uploads/2015/06/20150613_115354-300x277.jpg HTTP/1.1" 200 18584 www.fc-schnaittach.de "-" "Mozilla/5.0 (compatible; bingbot/2.0; +http://www.bing.com/bingbot.htm)" "-"
212.86.109.0 - - [31/Jul/2018:01:07:07 +0200] "HEAD / HTTP/1.1" 301 - www.fc-schnaittach.de "https://xn----7sbabm1ahc4b2aqff.su/category/%D0%B2%D0%B0%D0%B3%D0%BE%D0%BD%D0%BA%D0%B0/" "Mozilla/5.0 (compatible; MSIE3.00; Windows 2008)" "-"
77.220.213.0 - - [31/Jul/2018:01:07:07 +0200] "HEAD / HTTP/1.1" 301 - www.fc-schnaittach.de "https://www.mebel-master.com.ua/product-details/ne-raskladnoj-divan-u8330038-jeshli-dlja-gostinoj-dzhoss" "Mozilla/6.0 (compatible; MSIE5.00; Windows 2002)" "-"
185.154.13.0 - - [31/Jul/2018:01:07:08 +0200] "HEAD / HTTP/1.1" 301 - www.fc-schnaittach.de "https://smt4.ru/truby-vgp-vodogazoprovodnye-stalnye.html" "Mozilla/8.0 (compatible; MSIE2.00; Windows 2006)" "-"
178.159.39.0 - - [31/Jul/2018:01:07:08 +0200] "HEAD / HTTP/1.1" 301 - www.fc-schnaittach.de "https://www.rodec-light.com/product-details/k3926-45b" "Mozilla/2.0 (compatible; MSIE4.00; Windows 2008)" "-"
77.220.214.0 - - [31/Jul/2018:01:07:08 +0200] "HEAD / HTTP/1.1" 301 - www.fc-schnaittach.de "https://spalnya-massiv.co.ua/myagkie-ctenovie-paneli-dlya-cpal-ni.html" "Mozilla/2.0 (compatible; MSIE3.00; Windows 2003)" "-"
217.160.63.0 - - [31/Jul/2018:01:31:56 +0200] "POST /wp-cron.php?doing_wp_cron=1532993516.5382161140441894531250 HTTP/1.1" 200 23 www.fc-schnaittach.de "https://www.fc-schnaittach.de/wp-cron.php?doing_wp_cron=1532993516.5382161140441894531250" "WordPress/4.9.7; https://www.fc-schnaittach.de" "-"
66.249.66.0 - - [31/Jul/2018:01:31:56 +0200] "GET /dragonrun/ HTTP/1.1" 200 11385 www.fc-schnaittach.de "-" "Mozilla/5.0 (Linux; Android 6.0.1; Nexus 5X Build/MMB29P) AppleWebKit/537.36 (KHTML, like Gecko) Chrome/41.0.2272.96 Mobile Safari/537.36 (compatible; Googlebot/2.1; +http://www.google.com/bot.html)" "-"
157.55.39.0 - - [31/Jul/2018:01:33:23 +0200] "GET /wp-content/uploads/2016/11/Julietta-Fano.jpg HTTP/1.1" 301 282 www.fc-schnaittach.de "-" "Mozilla/5.0 (compatible; bingbot/2.0; +http://www.bing.com/bingbot.htm)" "-"
157.55.39.0 - - [31/Jul/2018:01:33:25 +0200] "GET /wp-content/uploads/2016/11/Julietta-Fano.jpg HTTP/1.1" 200 1068581 www.fc-schnaittach.de "-" "Mozilla/5.0 (compatible; bingbot/2.0; +http://www.bing.com/bingbot.htm)" "-"
23.101.169.0 - - [31/Jul/2018:01:36:10 +0200] "GET /faq-dragonrun/ HTTP/1.1" 200 6710 www.fc-schnaittach.de "http://www.bing.com/search?q=www.fe+schnaittach+.de%2Fdragonrun%2F&form=MSNH14&sc=8-4&sp=-1&qs=n&sk=" "Mozilla/5.0 (compatible; MSIE 9.0; Windows NT 6.1; Trident/5.0;  Trident/5.0)" "-"
23.101.169.0 - - [31/Jul/2018:01:36:11 +0200] "GET /wp-content/plugins/contact-form-7/includes/css/styles.css?ver=5.0.2 HTTP/1.1" 200 1683 www.fc-schnaittach.de "https://www.fc-schnaittach.de/faq-dragonrun/" "Mozilla/5.0 (compatible; MSIE 9.0; Windows NT 6.1; Trident/5.0;  Trident/5.0)" "-"
23.101.169.0 - - [31/Jul/2018:01:36:12 +0200] "GET /wp-content/plugins/recently-updated-posts-widget/css/style.css?ver=4.9.7 HTTP/1.1" 200 45 www.fc-schnaittach.de "https://www.fc-schnaittach.de/faq-dragonrun/" "Mozilla/5.0 (compatible; MSIE 9.0; Windows NT 6.1; Trident/5.0;  Trident/5.0)" "-"
23.101.169.0 - - [31/Jul/2018:01:36:12 +0200] "GET /wp-content/plugins/feedzy-rss-feeds/css/feedzy-rss-feeds.css?ver=3.2.10 HTTP/1.1" 200 9822 www.fc-schnaittach.de "https://www.fc-schnaittach.de/faq-dragonrun/" "Mozilla/5.0 (compatible; MSIE 9.0; Windows NT 6.1; Trident/5.0;  Trident/5.0)" "-"
23.101.169.0 - - [31/Jul/2018:01:36:12 +0200] "GET /wp-content/plugins/user-access-manager/assets/css/uamLoginForm.css?ver=2.1.11 HTTP/1.1" 200 468 www.fc-schnaittach.de "https://www.fc-schnaittach.de/faq-dragonrun/" "Mozilla/5.0 (compatible; MSIE 9.0; Windows NT 6.1; Trident/5.0;  Trident/5.0)" "-"
23.101.169.0 - - [31/Jul/2018:01:36:12 +0200] "GET /wp-includes/js/jquery/jquery.js?ver=1.12.4 HTTP/1.1" 200 97184 www.fc-schnaittach.de "https://www.fc-schnaittach.de/faq-dragonrun/" "Mozilla/5.0 (compatible; MSIE 9.0; Windows NT 6.1; Trident/5.0;  Trident/5.0)" "-"
23.101.169.0 - - [31/Jul/2018:01:36:13 +0200] "GET /wp-includes/js/jquery/jquery-migrate.min.js?ver=1.4.1 HTTP/1.1" 200 10056 www.fc-schnaittach.de "https://www.fc-schnaittach.de/faq-dragonrun/" "Mozilla/5.0 (compatible; MSIE 9.0; Windows NT 6.1; Trident/5.0;  Trident/5.0)" "-"
23.101.169.0 - - [31/Jul/2018:01:36:13 +0200] "GET /wp-content/themes/fcs/css/jquery.smartmenus.bootstrap.css?ver=1418749976 HTTP/1.1" 200 3128 www.fc-schnaittach.de "https://www.fc-schnaittach.de/faq-dragonrun/" "Mozilla/5.0 (compatible; MSIE 9.0; Windows NT 6.1; Trident/5.0;  Trident/5.0)" "-"
23.101.169.0 - - [31/Jul/2018:01:36:13 +0200] "GET /wp-content/themes/fcs/style.css?ver=1460744932 HTTP/1.1" 200 22587 www.fc-schnaittach.de "https://www.fc-schnaittach.de/faq-dragonrun/" "Mozilla/5.0 (compatible; MSIE 9.0; Windows NT 6.1; Trident/5.0;  Trident/5.0)" "-"
23.101.169.0 - - [31/Jul/2018:01:36:13 +0200] "GET /wp-includes/js/wp-emoji-release.min.js?ver=4.9.7 HTTP/1.1" 200 11721 www.fc-schnaittach.de "https://www.fc-schnaittach.de/faq-dragonrun/" "Mozilla/5.0 (compatible; MSIE 9.0; Windows NT 6.1; Trident/5.0;  Trident/5.0)" "-"
23.101.169.0 - - [31/Jul/2018:01:36:13 +0200] "GET /wp-content/themes/fcs/images/production/FcsWappen.png?ver=1487205002 HTTP/1.1" 200 12482 www.fc-schnaittach.de "https://www.fc-schnaittach.de/faq-dragonrun/" "Mozilla/5.0 (compatible; MSIE 9.0; Windows NT 6.1; Trident/5.0;  Trident/5.0)" "-"
23.101.169.0 - - [31/Jul/2018:01:36:13 +0200] "GET /wp-content/themes/fcs/images/production/FcsWappen.png HTTP/1.1" 200 12482 www.fc-schnaittach.de "https://www.fc-schnaittach.de/faq-dragonrun/" "Mozilla/5.0 (compatible; MSIE 9.0; Windows NT 6.1; Trident/5.0;  Trident/5.0)" "-"
23.101.169.0 - - [31/Jul/2018:01:36:13 +0200] "GET /wp-content/themes/fcs/js/fcs.js?ver=1442772175 HTTP/1.1" 200 5542 www.fc-schnaittach.de "https://www.fc-schnaittach.de/faq-dragonrun/" "Mozilla/5.0 (compatible; MSIE 9.0; Windows NT 6.1; Trident/5.0;  Trident/5.0)" "-"
23.101.169.0 - - [31/Jul/2018:01:36:13 +0200] "GET /wp-content/themes/fcs/js/jquery.smartmenus.min.js?ver=1418750004 HTTP/1.1" 200 22672 www.fc-schnaittach.de "https://www.fc-schnaittach.de/faq-dragonrun/" "Mozilla/5.0 (compatible; MSIE 9.0; Windows NT 6.1; Trident/5.0;  Trident/5.0)" "-"
23.101.169.0 - - [31/Jul/2018:01:36:13 +0200] "GET /wp-content/themes/fcs/js/jquery.smartmenus.bootstrap.min.js?ver=1418750004 HTTP/1.1" 200 1252 www.fc-schnaittach.de "https://www.fc-schnaittach.de/faq-dragonrun/" "Mozilla/5.0 (compatible; MSIE 9.0; Windows NT 6.1; Trident/5.0;  Trident/5.0)" "-"
23.101.169.0 - - [31/Jul/2018:01:36:14 +0200] "GET /wp-includes/js/wp-embed.min.js?ver=4.9.7 HTTP/1.1" 200 1398 www.fc-schnaittach.de "https://www.fc-schnaittach.de/faq-dragonrun/" "Mozilla/5.0 (compatible; MSIE 9.0; Windows NT 6.1; Trident/5.0;  Trident/5.0)" "-"
23.101.169.0 - - [31/Jul/2018:01:36:14 +0200] "GET /wp-content/plugins/contact-form-7/includes/js/scripts.js?ver=5.0.2 HTTP/1.1" 200 14585 www.fc-schnaittach.de "https://www.fc-schnaittach.de/faq-dragonrun/" "Mozilla/5.0 (compatible; MSIE 9.0; Windows NT 6.1; Trident/5.0;  Trident/5.0)" "-"
207.46.13.0 - - [31/Jul/2018:01:37:37 +0200] "GET /wp-content/uploads/2018/05/SAM_1762-002.jpg HTTP/1.1" 200 2994821 www.fc-schnaittach.de "-" "Mozilla/5.0 (compatible; bingbot/2.0; +http://www.bing.com/bingbot.htm)" "-"
66.249.66.0 - - [31/Jul/2018:01:41:16 +0200] "GET / HTTP/1.1" 200 7770 www.fc-schnaittach.de "-" "Mozilla/5.0 (Linux; Android 6.0.1; Nexus 5X Build/MMB29P) AppleWebKit/537.36 (KHTML, like Gecko) Chrome/41.0.2272.96 Mobile Safari/537.36 (compatible; Googlebot/2.1; +http://www.google.com/bot.html)" "-"
54.36.148.0 - - [31/Jul/2018:01:43:27 +0200] "GET /category/news/page/3/ HTTP/1.1" 200 8258 www.fc-schnaittach.de "-" "Mozilla/5.0 (compatible; AhrefsBot/5.2; +http://ahrefs.com/robot/)" "-"
193.124.190.0 - - [31/Jul/2018:01:52:17 +0200] "HEAD / HTTP/1.1" 301 - www.fc-schnaittach.de "http://www.kazan.kontaktor.su/kranovoe-oborudovanie.html" "Mozilla/4.0 (compatible; MSIE5.00; Windows 2003)" "-"
5.196.87.0 - - [31/Jul/2018:01:52:59 +0200] "GET /wp-content/uploads/2015/10/IMG_6673.jpg HTTP/1.1" 301 277 www.fc-schnaittach.de "-" "Mozilla/5.0 (compatible; AhrefsBot/5.2; +http://ahrefs.com/robot/)" "-"
66.249.66.0 - - [31/Jul/2018:01:55:35 +0200] "GET /tagesausflug-nach-volkach/ HTTP/1.1" 200 7275 www.fc-schnaittach.de "-" "Mozilla/5.0 (compatible; Googlebot/2.1; +http://www.google.com/bot.html)" "-"
207.46.13.0 - - [31/Jul/2018:02:05:57 +0200] "GET /sitemap-pt-post-2017-03.xml HTTP/1.1" 200 601 www.fc-schnaittach.de "-" "Mozilla/5.0 (compatible; bingbot/2.0; +http://www.bing.com/bingbot.htm)" "-"
157.55.39.0 - - [31/Jul/2018:02:20:03 +0200] "GET /wp-content/uploads/2015/03/Olivia-Kornek.jpg HTTP/1.1" 200 65912 www.fc-schnaittach.de "-" "Mozilla/5.0 (compatible; bingbot/2.0; +http://www.bing.com/bingbot.htm)" "-"
157.55.39.0 - - [31/Jul/2018:02:30:51 +0200] "GET /wp-content/uploads/2014/10/P1160518.jpg HTTP/1.1" 200 423482 www.fc-schnaittach.de "-" "Mozilla/5.0 (compatible; bingbot/2.0; +http://www.bing.com/bingbot.htm)" "-"
216.244.66.0 - - [31/Jul/2018:02:31:38 +0200] "GET /robots.txt HTTP/1.1" 301 248 www.fc-schnaittach.de "-" "Mozilla/5.0 (compatible; DotBot/1.1; http://www.opensiteexplorer.org/dotbot, help@moz.com)" "-"
216.244.66.0 - - [31/Jul/2018:02:31:41 +0200] "GET /robots.txt HTTP/1.1" 200 35 www.fc-schnaittach.de "-" "Mozilla/5.0 (compatible; DotBot/1.1; http://www.opensiteexplorer.org/dotbot, help@moz.com)" "-"
217.160.63.0 - - [31/Jul/2018:02:39:47 +0200] "POST /wp-cron.php?doing_wp_cron=1532997587.3265318870544433593750 HTTP/1.1" 301 297 www.fc-schnaittach.de "http://www.fc-schnaittach.de/wp-cron.php?doing_wp_cron=1532997587.3265318870544433593750" "WordPress/4.9.7; https://www.fc-schnaittach.de" "-"
66.249.66.0 - - [31/Jul/2018:02:39:47 +0200] "GET /sitemap-pt-contactperson-2017-05.xml HTTP/1.1" 200 497 www.fc-schnaittach.de "-" "Mozilla/5.0 (compatible; Googlebot/2.1; +http://www.google.com/bot.html)" "-"
217.160.63.0 - - [31/Jul/2018:02:45:18 +0200] "POST /wp-cron.php?doing_wp_cron=1532997918.9246809482574462890625 HTTP/1.1" 301 297 www.fc-schnaittach.de "http://www.fc-schnaittach.de/wp-cron.php?doing_wp_cron=1532997918.9246809482574462890625" "WordPress/4.9.7; https://www.fc-schnaittach.de" "-"
46.118.229.0 - - [31/Jul/2018:02:45:18 +0200] "GET /fussball/damen/ HTTP/1.1" 200 34403 www.fc-schnaittach.de "https://bezprostatita.com/" "Mozilla/4.0 (compatible; MSIE 6.0; Windows NT 5.1; SV1; Media Center PC" "-"
46.118.229.0 - - [31/Jul/2018:02:45:19 +0200] "GET /fussball/damen/ HTTP/1.1" 200 34403 www.fc-schnaittach.de "https://bezprostatita.com/" "Mozilla/4.0 (compatible; MSIE 6.0; Windows NT 5.1; SV1; Media Center PC" "-"
157.55.39.0 - - [31/Jul/2018:02:45:43 +0200] "GET /wp-content/uploads/2016/12/IMG_9912.jpg HTTP/1.1" 301 277 www.fc-schnaittach.de "-" "Mozilla/5.0 (compatible; bingbot/2.0; +http://www.bing.com/bingbot.htm)" "-"
157.55.39.0 - - [31/Jul/2018:02:45:44 +0200] "GET /wp-content/uploads/2016/12/IMG_9912.jpg HTTP/1.1" 200 1300784 www.fc-schnaittach.de "-" "Mozilla/5.0 (compatible; bingbot/2.0; +http://www.bing.com/bingbot.htm)" "-"
66.249.79.0 - - [31/Jul/2018:02:52:53 +0200] "GET /robots.txt HTTP/1.1" 200 35 fc-schnaittach.de "-" "Mozilla/5.0 (compatible; Googlebot/2.1; +http://www.google.com/bot.html)" "-"
217.160.63.0 - - [31/Jul/2018:02:52:53 +0200] "POST /wp-cron.php?doing_wp_cron=1532998373.9506900310516357421875 HTTP/1.1" 200 23 www.fc-schnaittach.de "https://www.fc-schnaittach.de/wp-cron.php?doing_wp_cron=1532998373.9506900310516357421875" "WordPress/4.9.7; https://www.fc-schnaittach.de" "-"
66.249.66.0 - - [31/Jul/2018:02:52:53 +0200] "GET / HTTP/1.1" 301 23 fc-schnaittach.de "-" "Mozilla/5.0 (compatible; Googlebot/2.1; +http://www.google.com/bot.html)" "-"
66.249.66.0 - - [31/Jul/2018:02:52:54 +0200] "GET /robots.txt HTTP/1.1" 301 248 fc-schnaittach.de "-" "Mozilla/5.0 (compatible; Googlebot/2.1; +http://www.google.com/bot.html)" "-"
66.249.66.0 - - [31/Jul/2018:02:52:55 +0200] "GET /robots.txt HTTP/1.1" 200 35 www.fc-schnaittach.de "-" "Mozilla/5.0 (compatible; Googlebot/2.1; +http://www.google.com/bot.html)" "-"
66.249.66.0 - - [31/Jul/2018:02:52:55 +0200] "GET / HTTP/1.1" 301 238 fc-schnaittach.de "-" "Mozilla/5.0 (compatible; Googlebot/2.1; +http://www.google.com/bot.html)" "-"
66.249.66.0 - - [31/Jul/2018:02:54:34 +0200] "GET /sitemap-pt-page-2015-01.xml HTTP/1.1" 200 586 www.fc-schnaittach.de "-" "Mozilla/5.0 (compatible; Googlebot/2.1; +http://www.google.com/bot.html)" "-"
87.250.233.0 - - [31/Jul/2018:02:55:14 +0200] "GET /wp-content/themes/fcs/images/production/FcsWappen.ico?ver=1420564287 HTTP/1.1" 200 4606 www.fc-schnaittach.de "-" "Mozilla/5.0 (compatible; YandexBot/3.0; +http://yandex.com/bots)" "-"
54.36.149.0 - - [31/Jul/2018:02:55:26 +0200] "GET /wp-content/uploads/2018/07/19.jpg HTTP/1.1" 200 201270 www.fc-schnaittach.de "-" "Mozilla/5.0 (compatible; AhrefsBot/5.2; +http://ahrefs.com/robot/)" "-"
66.249.66.0 - - [31/Jul/2018:03:02:33 +0200] "GET /author-sitemap.xml HTTP/1.1" 200 577 www.fc-schnaittach.de "-" "Mozilla/5.0 (compatible; Googlebot/2.1; +http://www.google.com/bot.html)" "-"
66.249.66.0 - - [31/Jul/2018:03:05:47 +0200] "GET /sitemap-pt-nav_menu_item-2016-10.xml HTTP/1.1" 200 493 www.fc-schnaittach.de "-" "Mozilla/5.0 (compatible; Googlebot/2.1; +http://www.google.com/bot.html)" "-"
54.36.149.0 - - [31/Jul/2018:03:07:45 +0200] "GET /tag/vereinsbus/ HTTP/1.1" 200 6142 www.fc-schnaittach.de "-" "Mozilla/5.0 (compatible; AhrefsBot/5.2; +http://ahrefs.com/robot/)" "-"
185.203.240.0 - - [31/Jul/2018:03:10:55 +0200] "HEAD / HTTP/1.1" 301 - www.fc-schnaittach.de "https://www.my-floor.in.ua/product/laminat-serebristyy-dub" "Mozilla/3.0 (compatible; MSIE7.00; Windows 2004)" "-"
77.220.215.0 - - [31/Jul/2018:03:10:55 +0200] "HEAD / HTTP/1.1" 301 - www.fc-schnaittach.de "http://angel777.kz" "Mozilla/3.0 (compatible; MSIE6.00; Windows 2002)" "-"
185.209.20.0 - - [31/Jul/2018:03:10:55 +0200] "HEAD / HTTP/1.1" 301 - www.fc-schnaittach.de "https://magic-present.su/gift/son" "Mozilla/6.0 (compatible; MSIE4.00; Windows 2008)" "-"
207.46.13.0 - - [31/Jul/2018:03:12:43 +0200] "GET /sitemap_index.xml HTTP/1.1" 200 501 www.fc-schnaittach.de "-" "Mozilla/5.0 (compatible; bingbot/2.0; +http://www.bing.com/bingbot.htm)" "-"
178.159.43.0 - - [31/Jul/2018:03:28:04 +0200] "HEAD / HTTP/1.1" 301 - www.fc-schnaittach.de "https://xn--b1afqijbobqr.xn--p1ai/about_us" "Mozilla/4.0 (compatible; MSIE5.00; Windows 2002)" "-"
217.160.63.0 - - [31/Jul/2018:03:34:45 +0200] "POST /wp-cron.php?doing_wp_cron=1533000885.6556680202484130859375 HTTP/1.1" 301 297 www.fc-schnaittach.de "http://www.fc-schnaittach.de/wp-cron.php?doing_wp_cron=1533000885.6556680202484130859375" "WordPress/4.9.7; https://www.fc-schnaittach.de" "-"
54.36.148.0 - - [31/Jul/2018:03:34:45 +0200] "GET /julius-hirsch-preis-urkunde/ HTTP/1.1" 200 7570 www.fc-schnaittach.de "-" "Mozilla/5.0 (compatible; AhrefsBot/5.2; +http://ahrefs.com/robot/)" "-"
217.160.63.0 - - [31/Jul/2018:03:37:24 +0200] "HEAD /wp-content/uploads/2016/12/IMG_9915.jpg HTTP/1.1" 301 - www.fc-schnaittach.de "https://www.fc-schnaittach.de" "Mozilla/5.0 (compatible; MSIE 9.0; Windows NT 6.1; WOW64; Trident/5.0)" "-"
217.160.63.0 - - [31/Jul/2018:03:37:24 +0200] "HEAD /wp-content/uploads/2016/12/IMG_9915.jpg HTTP/1.1" 200 - www.fc-schnaittach.de "https://www.fc-schnaittach.de" "Mozilla/5.0 (compatible; MSIE 9.0; Windows NT 6.1; WOW64; Trident/5.0)" "-"
23.101.169.0 - - [31/Jul/2018:03:37:24 +0200] "GET /faq-dragonrun/ HTTP/1.1" 200 6711 www.fc-schnaittach.de "http://www.bing.com/search?q=www.fe+schnaittach+.de%2Fdragonrun%2F&form=MSNH14&sc=8-4&sp=-1&qs=n&sk=" "Mozilla/5.0 (compatible; MSIE 9.0; Windows NT 6.1; Trident/5.0;  Trident/5.0)" "-"
217.160.63.0 - - [31/Jul/2018:03:37:24 +0200] "POST /wp-cron.php?doing_wp_cron=1533001044.4187738895416259765625 HTTP/1.1" 200 23 www.fc-schnaittach.de "https://www.fc-schnaittach.de/wp-cron.php?doing_wp_cron=1533001044.4187738895416259765625" "WordPress/4.9.7; https://www.fc-schnaittach.de" "-"
217.160.63.0 - - [31/Jul/2018:03:37:26 +0200] "HEAD /wp-content/uploads/2015/03/Budo_Terminplan_12.03.2015_2.pdf HTTP/1.1" 301 - www.fc-schnaittach.de "https://www.fc-schnaittach.de" "Mozilla/5.0 (compatible; MSIE 9.0; Windows NT 6.1; WOW64; Trident/5.0)" "-"
217.160.63.0 - - [31/Jul/2018:03:37:26 +0200] "HEAD /wp-content/uploads/2015/03/Budo_Terminplan_12.03.2015_2.pdf HTTP/1.1" 200 - www.fc-schnaittach.de "https://www.fc-schnaittach.de" "Mozilla/5.0 (compatible; MSIE 9.0; Windows NT 6.1; WOW64; Trident/5.0)" "-"
23.101.169.0 - - [31/Jul/2018:03:37:27 +0200] "GET /wp-content/plugins/contact-form-7/includes/css/styles.css?ver=5.0.2 HTTP/1.1" 200 1683 www.fc-schnaittach.de "https://www.fc-schnaittach.de/faq-dragonrun/" "Mozilla/5.0 (compatible; MSIE 9.0; Windows NT 6.1; Trident/5.0;  Trident/5.0)" "-"
217.160.63.0 - - [31/Jul/2018:03:37:28 +0200] "HEAD /wp-content/uploads/2016/01/WF2016_1-300x225.jpg HTTP/1.1" 301 - www.fc-schnaittach.de "https://www.fc-schnaittach.de" "Mozilla/5.0 (compatible; MSIE 9.0; Windows NT 6.1; WOW64; Trident/5.0)" "-"
217.160.63.0 - - [31/Jul/2018:03:37:28 +0200] "HEAD /wp-content/uploads/2016/01/WF2016_1-300x225.jpg HTTP/1.1" 200 - www.fc-schnaittach.de "https://www.fc-schnaittach.de" "Mozilla/5.0 (compatible; MSIE 9.0; Windows NT 6.1; WOW64; Trident/5.0)" "-"
23.101.169.0 - - [31/Jul/2018:03:37:28 +0200] "GET /wp-content/plugins/recently-updated-posts-widget/css/style.css?ver=4.9.7 HTTP/1.1" 200 45 www.fc-schnaittach.de "https://www.fc-schnaittach.de/faq-dragonrun/" "Mozilla/5.0 (compatible; MSIE 9.0; Windows NT 6.1; Trident/5.0;  Trident/5.0)" "-"
23.101.169.0 - - [31/Jul/2018:03:37:29 +0200] "GET /wp-content/plugins/user-access-manager/assets/css/uamLoginForm.css?ver=2.1.11 HTTP/1.1" 200 468 www.fc-schnaittach.de "https://www.fc-schnaittach.de/faq-dragonrun/" "Mozilla/5.0 (compatible; MSIE 9.0; Windows NT 6.1; Trident/5.0;  Trident/5.0)" "-"
23.101.169.0 - - [31/Jul/2018:03:37:29 +0200] "GET /wp-content/plugins/feedzy-rss-feeds/css/feedzy-rss-feeds.css?ver=3.2.10 HTTP/1.1" 200 9822 www.fc-schnaittach.de "https://www.fc-schnaittach.de/faq-dragonrun/" "Mozilla/5.0 (compatible; MSIE 9.0; Windows NT 6.1; Trident/5.0;  Trident/5.0)" "-"
23.101.169.0 - - [31/Jul/2018:03:37:29 +0200] "GET /wp-includes/js/jquery/jquery.js?ver=1.12.4 HTTP/1.1" 200 97184 www.fc-schnaittach.de "https://www.fc-schnaittach.de/faq-dragonrun/" "Mozilla/5.0 (compatible; MSIE 9.0; Windows NT 6.1; Trident/5.0;  Trident/5.0)" "-"
23.101.169.0 - - [31/Jul/2018:03:37:29 +0200] "GET /wp-includes/js/jquery/jquery-migrate.min.js?ver=1.4.1 HTTP/1.1" 200 10056 www.fc-schnaittach.de "https://www.fc-schnaittach.de/faq-dragonrun/" "Mozilla/5.0 (compatible; MSIE 9.0; Windows NT 6.1; Trident/5.0;  Trident/5.0)" "-"
23.101.169.0 - - [31/Jul/2018:03:37:30 +0200] "GET /wp-content/themes/fcs/css/jquery.smartmenus.bootstrap.css?ver=1418749976 HTTP/1.1" 200 3128 www.fc-schnaittach.de "https://www.fc-schnaittach.de/faq-dragonrun/" "Mozilla/5.0 (compatible; MSIE 9.0; Windows NT 6.1; Trident/5.0;  Trident/5.0)" "-"
23.101.169.0 - - [31/Jul/2018:03:37:30 +0200] "GET /wp-content/themes/fcs/style.css?ver=1460744932 HTTP/1.1" 200 22587 www.fc-schnaittach.de "https://www.fc-schnaittach.de/faq-dragonrun/" "Mozilla/5.0 (compatible; MSIE 9.0; Windows NT 6.1; Trident/5.0;  Trident/5.0)" "-"
23.101.169.0 - - [31/Jul/2018:03:37:30 +0200] "GET /wp-content/themes/fcs/images/production/FcsWappen.png HTTP/1.1" 200 12482 www.fc-schnaittach.de "https://www.fc-schnaittach.de/faq-dragonrun/" "Mozilla/5.0 (compatible; MSIE 9.0; Windows NT 6.1; Trident/5.0;  Trident/5.0)" "-"
23.101.169.0 - - [31/Jul/2018:03:37:30 +0200] "GET /wp-includes/js/wp-emoji-release.min.js?ver=4.9.7 HTTP/1.1" 200 11721 www.fc-schnaittach.de "https://www.fc-schnaittach.de/faq-dragonrun/" "Mozilla/5.0 (compatible; MSIE 9.0; Windows NT 6.1; Trident/5.0;  Trident/5.0)" "-"
217.160.63.0 - - [31/Jul/2018:03:37:30 +0200] "HEAD /pruefungsvorbereitung-mit-chris-grupe-baku-20-03-15/ HTTP/1.1" 200 - www.fc-schnaittach.de "https://www.fc-schnaittach.de" "Mozilla/5.0 (compatible; MSIE 9.0; Windows NT 6.1; WOW64; Trident/5.0)" "-"
23.101.169.0 - - [31/Jul/2018:03:37:30 +0200] "GET /wp-content/themes/fcs/images/production/FcsWappen.png?ver=1487205002 HTTP/1.1" 200 12482 www.fc-schnaittach.de "https://www.fc-schnaittach.de/faq-dragonrun/" "Mozilla/5.0 (compatible; MSIE 9.0; Windows NT 6.1; Trident/5.0;  Trident/5.0)" "-"
23.101.169.0 - - [31/Jul/2018:03:37:31 +0200] "GET /wp-content/themes/fcs/js/fcs.js?ver=1442772175 HTTP/1.1" 200 5542 www.fc-schnaittach.de "https://www.fc-schnaittach.de/faq-dragonrun/" "Mozilla/5.0 (compatible; MSIE 9.0; Windows NT 6.1; Trident/5.0;  Trident/5.0)" "-"
23.101.169.0 - - [31/Jul/2018:03:37:31 +0200] "GET /wp-content/themes/fcs/js/jquery.smartmenus.bootstrap.min.js?ver=1418750004 HTTP/1.1" 200 1252 www.fc-schnaittach.de "https://www.fc-schnaittach.de/faq-dragonrun/" "Mozilla/5.0 (compatible; MSIE 9.0; Windows NT 6.1; Trident/5.0;  Trident/5.0)" "-"
23.101.169.0 - - [31/Jul/2018:03:37:31 +0200] "GET /wp-content/plugins/contact-form-7/includes/js/scripts.js?ver=5.0.2 HTTP/1.1" 200 14585 www.fc-schnaittach.de "https://www.fc-schnaittach.de/faq-dragonrun/" "Mozilla/5.0 (compatible; MSIE 9.0; Windows NT 6.1; Trident/5.0;  Trident/5.0)" "-"
23.101.169.0 - - [31/Jul/2018:03:37:32 +0200] "GET /wp-content/themes/fcs/js/jquery.smartmenus.min.js?ver=1418750004 HTTP/1.1" 200 22672 www.fc-schnaittach.de "https://www.fc-schnaittach.de/faq-dragonrun/" "Mozilla/5.0 (compatible; MSIE 9.0; Windows NT 6.1; Trident/5.0;  Trident/5.0)" "-"
23.101.169.0 - - [31/Jul/2018:03:37:32 +0200] "GET /wp-includes/js/wp-embed.min.js?ver=4.9.7 HTTP/1.1" 200 1398 www.fc-schnaittach.de "https://www.fc-schnaittach.de/faq-dragonrun/" "Mozilla/5.0 (compatible; MSIE 9.0; Windows NT 6.1; Trident/5.0;  Trident/5.0)" "-"
217.160.63.0 - - [31/Jul/2018:03:37:34 +0200] "HEAD /budo-weihnachtsfeier-2016/ HTTP/1.1" 200 - www.fc-schnaittach.de "https://www.fc-schnaittach.de" "Mozilla/5.0 (compatible; MSIE 9.0; Windows NT 6.1; WOW64; Trident/5.0)" "-"
217.160.63.0 - - [31/Jul/2018:03:37:39 +0200] "HEAD /wp-content/uploads/2016/12/IMG_9907-150x150.jpg HTTP/1.1" 301 - www.fc-schnaittach.de "https://www.fc-schnaittach.de" "Mozilla/5.0 (compatible; MSIE 9.0; Windows NT 6.1; WOW64; Trident/5.0)" "-"
217.160.63.0 - - [31/Jul/2018:03:37:39 +0200] "HEAD /wp-content/uploads/2016/12/IMG_9907-150x150.jpg HTTP/1.1" 200 - www.fc-schnaittach.de "https://www.fc-schnaittach.de" "Mozilla/5.0 (compatible; MSIE 9.0; Windows NT 6.1; WOW64; Trident/5.0)" "-"
217.160.63.0 - - [31/Jul/2018:03:37:44 +0200] "HEAD /wp-content/uploads/2015/02/UnterschriftVorstand1.png HTTP/1.1" 301 - www.fc-schnaittach.de "https://www.fc-schnaittach.de" "Mozilla/5.0 (compatible; MSIE 9.0; Windows NT 6.1; WOW64; Trident/5.0)" "-"
217.160.63.0 - - [31/Jul/2018:03:37:44 +0200] "HEAD /wp-content/uploads/2015/02/UnterschriftVorstand1.png HTTP/1.1" 200 - www.fc-schnaittach.de "https://www.fc-schnaittach.de" "Mozilla/5.0 (compatible; MSIE 9.0; Windows NT 6.1; WOW64; Trident/5.0)" "-"
217.160.63.0 - - [31/Jul/2018:03:37:49 +0200] "HEAD /wp-content/uploads/2016/01/Urkunde-Julius-Hirsch-Preis-2015-page-002-214x300.jpg HTTP/1.1" 301 - www.fc-schnaittach.de "https://www.fc-schnaittach.de" "Mozilla/5.0 (compatible; MSIE 9.0; Windows NT 6.1; WOW64; Trident/5.0)" "-"
217.160.63.0 - - [31/Jul/2018:03:37:49 +0200] "HEAD /wp-content/uploads/2016/01/Urkunde-Julius-Hirsch-Preis-2015-page-002-214x300.jpg HTTP/1.1" 200 - www.fc-schnaittach.de "https://www.fc-schnaittach.de" "Mozilla/5.0 (compatible; MSIE 9.0; Windows NT 6.1; WOW64; Trident/5.0)" "-"
46.88.196.0 - - [31/Jul/2018:03:45:10 +0200] "GET / HTTP/1.1" 301 238 www.fc-schnaittach.de "-" "Mozilla/5.0 (Windows NT 10.0; Win64; x64) AppleWebKit/537.36 (KHTML, like Gecko) Chrome/68.0.3440.75 Safari/537.36" "-"
46.88.196.0 - - [31/Jul/2018:03:45:11 +0200] "GET / HTTP/1.1" 200 7770 www.fc-schnaittach.de "-" "Mozilla/5.0 (Windows NT 10.0; Win64; x64) AppleWebKit/537.36 (KHTML, like Gecko) Chrome/68.0.3440.75 Safari/537.36" "-"
207.46.13.0 - - [31/Jul/2018:03:55:39 +0200] "GET /wp-content/uploads/2014/10/Flyer_S2.png HTTP/1.1" 301 277 www.fc-schnaittach.de "-" "Mozilla/5.0 (compatible; bingbot/2.0; +http://www.bing.com/bingbot.htm)" "-"
207.46.13.0 - - [31/Jul/2018:03:55:40 +0200] "GET /wp-content/uploads/2014/10/Flyer_S2.png HTTP/1.1" 200 247692 www.fc-schnaittach.de "-" "Mozilla/5.0 (compatible; bingbot/2.0; +http://www.bing.com/bingbot.htm)" "-"
66.249.66.0 - - [31/Jul/2018:03:59:32 +0200] "GET /tischtennis/herren-2/ HTTP/1.1" 200 6766 www.fc-schnaittach.de "-" "Mozilla/5.0 (compatible; Googlebot/2.1; +http://www.google.com/bot.html)" "-"
54.36.148.0 - - [31/Jul/2018:04:08:03 +0200] "GET /tag/probetraining/feed/ HTTP/1.1" 200 1335 www.fc-schnaittach.de "-" "Mozilla/5.0 (compatible; AhrefsBot/5.2; +http://ahrefs.com/robot/)" "-"
216.244.66.0 - - [31/Jul/2018:04:08:51 +0200] "GET /robots.txt HTTP/1.1" 301 248 www.fc-schnaittach.de "-" "Mozilla/5.0 (compatible; DotBot/1.1; http://www.opensiteexplorer.org/dotbot, help@moz.com)" "-"
216.244.66.0 - - [31/Jul/2018:04:08:55 +0200] "GET /robots.txt HTTP/1.1" 200 35 www.fc-schnaittach.de "-" "Mozilla/5.0 (compatible; DotBot/1.1; http://www.opensiteexplorer.org/dotbot, help@moz.com)" "-"
66.249.66.0 - - [31/Jul/2018:04:15:14 +0200] "GET /sitemap-pt-post-2017-03.xml HTTP/1.1" 200 600 www.fc-schnaittach.de "-" "Mozilla/5.0 (compatible; Googlebot/2.1; +http://www.google.com/bot.html)" "-"
66.249.66.0 - - [31/Jul/2018:04:16:10 +0200] "GET /wp-includes/js/wp-embed.min.js?ver=4.9.6 HTTP/1.1" 301 278 www.fc-schnaittach.de "http://www.fc-schnaittach.de/category/wandern/" "Mozilla/5.0 AppleWebKit/537.36 (KHTML, like Gecko; compatible; Googlebot/2.1; +http://www.google.com/bot.html) Safari/537.36" "-"
66.249.66.0 - - [31/Jul/2018:04:16:10 +0200] "GET /wp-includes/js/wp-emoji-release.min.js?ver=4.9.6 HTTP/1.1" 301 286 www.fc-schnaittach.de "http://www.fc-schnaittach.de/category/wandern/" "Mozilla/5.0 AppleWebKit/537.36 (KHTML, like Gecko; compatible; Googlebot/2.1; +http://www.google.com/bot.html) Safari/537.36" "-"
66.249.66.0 - - [31/Jul/2018:04:16:10 +0200] "GET /wp-content/plugins/recently-updated-posts-widget/css/style.css?ver=4.9.6 HTTP/1.1" 301 310 www.fc-schnaittach.de "http://www.fc-schnaittach.de/category/wandern/" "Mozilla/5.0 AppleWebKit/537.36 (KHTML, like Gecko; compatible; Googlebot/2.1; +http://www.google.com/bot.html) Safari/537.36" "-"
66.249.66.0 - - [31/Jul/2018:04:16:10 +0200] "GET /wp-includes/js/wp-emoji-release.min.js?ver=4.9.6 HTTP/1.1" 200 11721 www.fc-schnaittach.de "http://www.fc-schnaittach.de/category/wandern/" "Mozilla/5.0 AppleWebKit/537.36 (KHTML, like Gecko; compatible; Googlebot/2.1; +http://www.google.com/bot.html) Safari/537.36" "-"
66.249.66.0 - - [31/Jul/2018:04:16:11 +0200] "GET /wp-content/plugins/recently-updated-posts-widget/css/style.css?ver=4.9.6 HTTP/1.1" 200 45 www.fc-schnaittach.de "http://www.fc-schnaittach.de/category/wandern/" "Mozilla/5.0 AppleWebKit/537.36 (KHTML, like Gecko; compatible; Googlebot/2.1; +http://www.google.com/bot.html) Safari/537.36" "-"
66.249.66.0 - - [31/Jul/2018:04:16:11 +0200] "GET /wp-includes/js/wp-embed.min.js?ver=4.9.6 HTTP/1.1" 200 1398 www.fc-schnaittach.de "http://www.fc-schnaittach.de/category/wandern/" "Mozilla/5.0 AppleWebKit/537.36 (KHTML, like Gecko; compatible; Googlebot/2.1; +http://www.google.com/bot.html) Safari/537.36" "-"
17.58.102.0 - - [31/Jul/2018:04:16:49 +0200] "GET /robots.txt HTTP/1.1" 301 248 www.fc-schnaittach.de "-" "Mozilla/5.0 (Macintosh; Intel Mac OS X 10_10_1) AppleWebKit/600.2.5 (KHTML, like Gecko) Version/8.0.2 Safari/600.2.5 (Applebot/0.1; +http://www.apple.com/go/applebot)" "-"
17.58.102.0 - - [31/Jul/2018:04:16:50 +0200] "GET /robots.txt HTTP/1.1" 200 35 www.fc-schnaittach.de "-" "Mozilla/5.0 (Macintosh; Intel Mac OS X 10_10_1) AppleWebKit/600.2.5 (KHTML, like Gecko) Version/8.0.2 Safari/600.2.5 (Applebot/0.1; +http://www.apple.com/go/applebot)" "-"
17.58.102.0 - - [31/Jul/2018:04:16:50 +0200] "GET /hauptverein/vereinsbus/ HTTP/1.1" 200 7083 www.fc-schnaittach.de "-" "Mozilla/5.0 (Macintosh; Intel Mac OS X 10_10_1) AppleWebKit/600.2.5 (KHTML, like Gecko) Version/8.0.2 Safari/600.2.5 (Applebot/0.1; +http://www.apple.com/go/applebot)" "-"
185.5.249.0 - - [31/Jul/2018:04:22:17 +0200] "HEAD / HTTP/1.1" 301 - www.fc-schnaittach.de "http://sberbank-online-business.ru" "Mozilla/7.0 (compatible; MSIE2.00; Windows 2008)" "-"
194.67.210.0 - - [31/Jul/2018:04:22:18 +0200] "HEAD / HTTP/1.1" 301 - www.fc-schnaittach.de "http://online-trust.ru" "Mozilla/2.0 (compatible; MSIE7.00; Windows 2004)" "-"
194.67.207.0 - - [31/Jul/2018:04:22:18 +0200] "HEAD / HTTP/1.1" 301 - www.fc-schnaittach.de "https://potolki5.by/satinovye-natyazhnye-potolki-minsk/" "Mozilla/8.0 (compatible; MSIE4.00; Windows 2007)" "-"
193.124.179.0 - - [31/Jul/2018:04:22:18 +0200] "HEAD / HTTP/1.1" 301 - www.fc-schnaittach.de "https://partizan19.ru/catalog/perchatki-rukavitsy/perchatki-takticheskie-black.html" "Mozilla/7.0 (compatible; MSIE5.00; Windows 2004)" "-"
185.125.219.0 - - [31/Jul/2018:04:22:20 +0200] "HEAD / HTTP/1.1" 301 - www.fc-schnaittach.de "https://sevkomfort.ru/about_us" "Mozilla/5.0 (compatible; MSIE6.00; Windows 2004)" "-"
185.125.219.0 - - [31/Jul/2018:04:22:20 +0200] "HEAD / HTTP/1.1" 301 - www.fc-schnaittach.de "http://b-stringer.ru/cat/publikacii/spravki/" "Mozilla/8.0 (compatible; MSIE7.00; Windows 2006)" "-"
194.67.207.0 - - [31/Jul/2018:04:22:20 +0200] "HEAD / HTTP/1.1" 301 - www.fc-schnaittach.de "https://sberbanki-onlajn.ru" "Mozilla/3.0 (compatible; MSIE3.00; Windows 2008)" "-"
193.124.176.0 - - [31/Jul/2018:04:22:20 +0200] "HEAD / HTTP/1.1" 301 - www.fc-schnaittach.de "http://online-citibank.ru" "Mozilla/7.0 (compatible; MSIE3.00; Windows 2009)" "-"
66.249.66.0 - - [31/Jul/2018:04:25:09 +0200] "GET /wp-content/plugins/contact-form-7/includes/js/jquery.form.min.js?ver=3.51.0-2014.06.20 HTTP/1.1" 404 5769 www.fc-schnaittach.de "http://www.fc-schnaittach.de/g-jugend/" "Mozilla/5.0 AppleWebKit/537.36 (KHTML, like Gecko; compatible; Googlebot/2.1; +http://www.google.com/bot.html) Safari/537.36" "-"
217.160.63.0 - - [31/Jul/2018:04:25:12 +0200] "POST /wp-cron.php?doing_wp_cron=1533003912.0901989936828613281250 HTTP/1.1" 301 297 www.fc-schnaittach.de "http://www.fc-schnaittach.de/wp-cron.php?doing_wp_cron=1533003912.0901989936828613281250" "WordPress/4.9.7; https://www.fc-schnaittach.de" "-"
66.249.66.0 - - [31/Jul/2018:04:25:30 +0200] "GET /fussball/damen/ HTTP/1.1" 200 8167 www.fc-schnaittach.de "-" "Mozilla/5.0 (Linux; Android 6.0.1; Nexus 5X Build/MMB29P) AppleWebKit/537.36 (KHTML, like Gecko) Chrome/41.0.2272.96 Mobile Safari/537.36 (compatible; Googlebot/2.1; +http://www.google.com/bot.html)" "-"
157.55.39.0 - - [31/Jul/2018:04:28:38 +0200] "GET /wp-content/uploads/2014/12/Foto-Goldene-Raute.jpg HTTP/1.1" 200 93681 www.fc-schnaittach.de "-" "Mozilla/5.0 (compatible; bingbot/2.0; +http://www.bing.com/bingbot.htm)" "-"
217.160.63.0 - - [31/Jul/2018:04:32:20 +0200] "HEAD /wp-content/uploads/2018/05/4-1-300x300.jpg HTTP/1.1" 200 - www.fc-schnaittach.de "https://www.fc-schnaittach.de" "Mozilla/5.0 (compatible; MSIE 9.0; Windows NT 6.1; WOW64; Trident/5.0)" "-"
157.55.39.0 - - [31/Jul/2018:04:32:20 +0200] "GET /guideline-ocr-dragon-run/ HTTP/1.1" 200 7301 www.fc-schnaittach.de "-" "Mozilla/5.0 (compatible; bingbot/2.0; +http://www.bing.com/bingbot.htm)" "-"
217.160.63.0 - - [31/Jul/2018:04:32:20 +0200] "POST /wp-cron.php?doing_wp_cron=1533004340.3432080745697021484375 HTTP/1.1" 200 23 www.fc-schnaittach.de "https://www.fc-schnaittach.de/wp-cron.php?doing_wp_cron=1533004340.3432080745697021484375" "WordPress/4.9.7; https://www.fc-schnaittach.de" "-"
217.160.63.0 - - [31/Jul/2018:04:32:22 +0200] "HEAD /wp-content/uploads/2018/05/4-1.jpg HTTP/1.1" 200 - www.fc-schnaittach.de "https://www.fc-schnaittach.de" "Mozilla/5.0 (compatible; MSIE 9.0; Windows NT 6.1; WOW64; Trident/5.0)" "-"
216.244.66.0 - - [31/Jul/2018:04:33:14 +0200] "GET /robots.txt HTTP/1.1" 301 248 www.fc-schnaittach.de "-" "Mozilla/5.0 (compatible; DotBot/1.1; http://www.opensiteexplorer.org/dotbot, help@moz.com)" "-"
216.244.66.0 - - [31/Jul/2018:04:33:16 +0200] "GET /robots.txt HTTP/1.1" 200 35 www.fc-schnaittach.de "-" "Mozilla/5.0 (compatible; DotBot/1.1; http://www.opensiteexplorer.org/dotbot, help@moz.com)" "-"
66.249.66.0 - - [31/Jul/2018:04:38:28 +0200] "GET /mitgliederversammlung-am-17-03/ HTTP/1.1" 200 6321 www.fc-schnaittach.de "-" "Mozilla/5.0 (compatible; Googlebot/2.1; +http://www.google.com/bot.html)" "-"
157.55.39.0 - - [31/Jul/2018:04:46:52 +0200] "GET /wp-content/uploads/2018/03/DIN_A6_Flyer_22.02.2018_1.png HTTP/1.1" 200 205587 www.fc-schnaittach.de "-" "Mozilla/5.0 (compatible; bingbot/2.0; +http://www.bing.com/bingbot.htm)" "-"
5.9.17.0 - - [31/Jul/2018:04:46:53 +0200] "GET /hauptverein/sponsoren/ HTTP/1.1" 200 27408 www.fc-schnaittach.de "-" "Mozilla/5.0 (Macintosh; Intel Mac OS X 10_11_6) AppleWebKit/537.36 (KHTML, like Gecko) Chrome/63.0.3239.132 Safari/537.36" "-"
46.4.83.0 - - [31/Jul/2018:04:46:53 +0200] "GET /vereinsbusprojekt/ HTTP/1.1" 200 26559 www.fc-schnaittach.de "-" "Mozilla/5.0 (Windows NT 10.0; Win64; x64) AppleWebKit/537.36 (KHTML, like Gecko) Chrome/64.0.3282.119 Safari/537.36" "-"
144.76.102.0 - - [31/Jul/2018:04:46:57 +0200] "GET /hauptverein/sponsoren/ HTTP/1.1" 200 27372 www.fc-schnaittach.de "-" "Mozilla/5.0 (Windows NT 10.0; Win64; x64) AppleWebKit/537.36 (KHTML, like Gecko) Chrome/64.0.3282.140 Safari/537.36" "-"
66.249.66.0 - - [31/Jul/2018:04:47:08 +0200] "GET /wp-includes/js/wp-emoji-release.min.js?ver=4.9.6 HTTP/1.1" 200 11721 www.fc-schnaittach.de "https://www.fc-schnaittach.de/category/startseite/" "Mozilla/5.0 AppleWebKit/537.36 (KHTML, like Gecko; compatible; Googlebot/2.1; +http://www.google.com/bot.html) Safari/537.36" "-"
66.249.66.0 - - [31/Jul/2018:04:47:08 +0200] "GET /wp-includes/js/wp-embed.min.js?ver=4.9.6 HTTP/1.1" 200 1398 www.fc-schnaittach.de "https://www.fc-schnaittach.de/category/startseite/" "Mozilla/5.0 AppleWebKit/537.36 (KHTML, like Gecko; compatible; Googlebot/2.1; +http://www.google.com/bot.html) Safari/537.36" "-"
66.249.66.0 - - [31/Jul/2018:04:47:08 +0200] "GET /wp-content/plugins/recently-updated-posts-widget/css/style.css?ver=4.9.6 HTTP/1.1" 200 45 www.fc-schnaittach.de "https://www.fc-schnaittach.de/category/startseite/" "Mozilla/5.0 AppleWebKit/537.36 (KHTML, like Gecko; compatible; Googlebot/2.1; +http://www.google.com/bot.html) Safari/537.36" "-"
66.249.66.0 - - [31/Jul/2018:04:52:01 +0200] "GET /dragon-run-28-07-2018/ HTTP/1.1" 200 6866 www.fc-schnaittach.de "-" "Mozilla/5.0 (compatible; Googlebot/2.1; +http://www.google.com/bot.html)" "-"
66.249.66.0 - - [31/Jul/2018:04:52:53 +0200] "GET / HTTP/1.1" 200 7770 www.fc-schnaittach.de "-" "Mozilla/5.0 (Linux; Android 6.0.1; Nexus 5X Build/MMB29P) AppleWebKit/537.36 (KHTML, like Gecko) Chrome/41.0.2272.96 Mobile Safari/537.36 (compatible; Googlebot/2.1; +http://www.google.com/bot.html)" "-"
207.46.13.0 - - [31/Jul/2018:04:54:31 +0200] "GET /sitemap-pt-page-2017-11.xml HTTP/1.1" 200 496 www.fc-schnaittach.de "-" "Mozilla/5.0 (compatible; bingbot/2.0; +http://www.bing.com/bingbot.htm)" "-"
157.55.39.0 - - [31/Jul/2018:04:54:58 +0200] "GET /wp-content/uploads/2014/12/2MannschaftGruppenbild.jpg HTTP/1.1" 301 291 www.fc-schnaittach.de "-" "Mozilla/5.0 (compatible; bingbot/2.0; +http://www.bing.com/bingbot.htm)" "-"
157.55.39.0 - - [31/Jul/2018:04:55:00 +0200] "GET /wp-content/uploads/2014/12/2MannschaftGruppenbild.jpg HTTP/1.1" 200 424077 www.fc-schnaittach.de "-" "Mozilla/5.0 (compatible; bingbot/2.0; +http://www.bing.com/bingbot.htm)" "-"
88.99.27.0 - - [31/Jul/2018:04:55:54 +0200] "GET /ehrenabend-beim-1-fc-schnaittach/ HTTP/1.1" 200 30170 www.fc-schnaittach.de "-" "Mozilla/5.0 (Windows NT 10.0; Win64; x64) AppleWebKit/537.36 (KHTML, like Gecko) Chrome/64.0.3282.167 Safari/537.36" "-"
5.9.94.0 - - [31/Jul/2018:04:55:55 +0200] "GET /ehrenabend-beim-1-fc-schnaittach/ HTTP/1.1" 200 30206 www.fc-schnaittach.de "-" "Mozilla/5.0 (Macintosh; Intel Mac OS X 1084) AppleWebKit/536.28.10 (KHTML like Gecko) Version/6.0.3 Safari/536.28.10" "-"
157.55.39.0 - - [31/Jul/2018:05:04:04 +0200] "GET /fussball/2-damen/ HTTP/1.1" 200 6621 www.fc-schnaittach.de "-" "Mozilla/5.0 (compatible; bingbot/2.0; +http://www.bing.com/bingbot.htm)" "-"
207.46.13.0 - - [31/Jul/2018:05:09:16 +0200] "GET /wp-content/uploads/2015/04/Ehrenabend-ALLE2.jpg HTTP/1.1" 301 285 www.fc-schnaittach.de "-" "Mozilla/5.0 (compatible; bingbot/2.0; +http://www.bing.com/bingbot.htm)" "-"
207.46.13.0 - - [31/Jul/2018:05:09:17 +0200] "GET /wp-content/uploads/2015/04/Ehrenabend-ALLE2.jpg HTTP/1.1" 200 15594 www.fc-schnaittach.de "-" "Mozilla/5.0 (compatible; bingbot/2.0; +http://www.bing.com/bingbot.htm)" "-"
66.249.66.0 - - [31/Jul/2018:05:11:36 +0200] "GET /sitemap-pt-post-2015-12.xml HTTP/1.1" 200 640 www.fc-schnaittach.de "-" "Mozilla/5.0 (compatible; Googlebot/2.1; +http://www.google.com/bot.html)" "-"
157.55.39.0 - - [31/Jul/2018:05:21:03 +0200] "GET /wp-content/uploads/2014/10/P1160515.jpg HTTP/1.1" 200 480156 www.fc-schnaittach.de "-" "Mozilla/5.0 (compatible; bingbot/2.0; +http://www.bing.com/bingbot.htm)" "-"
217.160.63.0 - - [31/Jul/2018:05:37:48 +0200] "POST /wp-cron.php?doing_wp_cron=1533008268.7025840282440185546875 HTTP/1.1" 301 297 www.fc-schnaittach.de "http://www.fc-schnaittach.de/wp-cron.php?doing_wp_cron=1533008268.7025840282440185546875" "WordPress/4.9.7; https://www.fc-schnaittach.de" "-"
54.36.148.0 - - [31/Jul/2018:05:37:48 +0200] "GET /budo-osterlehrgang-prof-linder-18-19-05-2015/ HTTP/1.1" 404 5770 www.fc-schnaittach.de "-" "Mozilla/5.0 (compatible; AhrefsBot/5.2; +http://ahrefs.com/robot/)" "-"
23.101.169.0 - - [31/Jul/2018:05:38:47 +0200] "GET /faq-dragonrun/ HTTP/1.1" 200 6711 www.fc-schnaittach.de "http://www.bing.com/search?q=www.fe+schnaittach+.de%2Fdragonrun%2F&form=MSNH14&sc=8-4&sp=-1&qs=n&sk=" "Mozilla/5.0 (compatible; MSIE 9.0; Windows NT 6.1; Trident/5.0;  Trident/5.0)" "-"
23.101.169.0 - - [31/Jul/2018:05:38:49 +0200] "GET /wp-content/plugins/contact-form-7/includes/css/styles.css?ver=5.0.2 HTTP/1.1" 200 1683 www.fc-schnaittach.de "https://www.fc-schnaittach.de/faq-dragonrun/" "Mozilla/5.0 (compatible; MSIE 9.0; Windows NT 6.1; Trident/5.0;  Trident/5.0)" "-"
23.101.169.0 - - [31/Jul/2018:05:38:50 +0200] "GET /wp-content/plugins/recently-updated-posts-widget/css/style.css?ver=4.9.7 HTTP/1.1" 200 45 www.fc-schnaittach.de "https://www.fc-schnaittach.de/faq-dragonrun/" "Mozilla/5.0 (compatible; MSIE 9.0; Windows NT 6.1; Trident/5.0;  Trident/5.0)" "-"
23.101.169.0 - - [31/Jul/2018:05:38:51 +0200] "GET /wp-content/plugins/user-access-manager/assets/css/uamLoginForm.css?ver=2.1.11 HTTP/1.1" 200 468 www.fc-schnaittach.de "https://www.fc-schnaittach.de/faq-dragonrun/" "Mozilla/5.0 (compatible; MSIE 9.0; Windows NT 6.1; Trident/5.0;  Trident/5.0)" "-"
23.101.169.0 - - [31/Jul/2018:05:38:51 +0200] "GET /wp-content/plugins/feedzy-rss-feeds/css/feedzy-rss-feeds.css?ver=3.2.10 HTTP/1.1" 200 9822 www.fc-schnaittach.de "https://www.fc-schnaittach.de/faq-dragonrun/" "Mozilla/5.0 (compatible; MSIE 9.0; Windows NT 6.1; Trident/5.0;  Trident/5.0)" "-"
23.101.169.0 - - [31/Jul/2018:05:38:51 +0200] "GET /wp-includes/js/jquery/jquery.js?ver=1.12.4 HTTP/1.1" 200 97184 www.fc-schnaittach.de "https://www.fc-schnaittach.de/faq-dragonrun/" "Mozilla/5.0 (compatible; MSIE 9.0; Windows NT 6.1; Trident/5.0;  Trident/5.0)" "-"
23.101.169.0 - - [31/Jul/2018:05:38:51 +0200] "GET /wp-includes/js/jquery/jquery-migrate.min.js?ver=1.4.1 HTTP/1.1" 200 10056 www.fc-schnaittach.de "https://www.fc-schnaittach.de/faq-dragonrun/" "Mozilla/5.0 (compatible; MSIE 9.0; Windows NT 6.1; Trident/5.0;  Trident/5.0)" "-"
23.101.169.0 - - [31/Jul/2018:05:38:51 +0200] "GET /wp-content/themes/fcs/style.css?ver=1460744932 HTTP/1.1" 200 22587 www.fc-schnaittach.de "https://www.fc-schnaittach.de/faq-dragonrun/" "Mozilla/5.0 (compatible; MSIE 9.0; Windows NT 6.1; Trident/5.0;  Trident/5.0)" "-"
23.101.169.0 - - [31/Jul/2018:05:38:52 +0200] "GET /wp-content/themes/fcs/images/production/FcsWappen.png HTTP/1.1" 200 12482 www.fc-schnaittach.de "https://www.fc-schnaittach.de/faq-dragonrun/" "Mozilla/5.0 (compatible; MSIE 9.0; Windows NT 6.1; Trident/5.0;  Trident/5.0)" "-"
23.101.169.0 - - [31/Jul/2018:05:38:52 +0200] "GET /wp-content/themes/fcs/images/production/FcsWappen.png?ver=1487205002 HTTP/1.1" 200 12482 www.fc-schnaittach.de "https://www.fc-schnaittach.de/faq-dragonrun/" "Mozilla/5.0 (compatible; MSIE 9.0; Windows NT 6.1; Trident/5.0;  Trident/5.0)" "-"
23.101.169.0 - - [31/Jul/2018:05:38:52 +0200] "GET /wp-includes/js/wp-emoji-release.min.js?ver=4.9.7 HTTP/1.1" 200 11721 www.fc-schnaittach.de "https://www.fc-schnaittach.de/faq-dragonrun/" "Mozilla/5.0 (compatible; MSIE 9.0; Windows NT 6.1; Trident/5.0;  Trident/5.0)" "-"
23.101.169.0 - - [31/Jul/2018:05:38:52 +0200] "GET /wp-content/themes/fcs/css/jquery.smartmenus.bootstrap.css?ver=1418749976 HTTP/1.1" 200 3128 www.fc-schnaittach.de "https://www.fc-schnaittach.de/faq-dragonrun/" "Mozilla/5.0 (compatible; MSIE 9.0; Windows NT 6.1; Trident/5.0;  Trident/5.0)" "-"
23.101.169.0 - - [31/Jul/2018:05:38:53 +0200] "GET /wp-content/themes/fcs/js/jquery.smartmenus.min.js?ver=1418750004 HTTP/1.1" 200 22672 www.fc-schnaittach.de "https://www.fc-schnaittach.de/faq-dragonrun/" "Mozilla/5.0 (compatible; MSIE 9.0; Windows NT 6.1; Trident/5.0;  Trident/5.0)" "-"
23.101.169.0 - - [31/Jul/2018:05:38:53 +0200] "GET /wp-content/themes/fcs/js/fcs.js?ver=1442772175 HTTP/1.1" 200 5542 www.fc-schnaittach.de "https://www.fc-schnaittach.de/faq-dragonrun/" "Mozilla/5.0 (compatible; MSIE 9.0; Windows NT 6.1; Trident/5.0;  Trident/5.0)" "-"
23.101.169.0 - - [31/Jul/2018:05:38:54 +0200] "GET /wp-content/themes/fcs/js/jquery.smartmenus.bootstrap.min.js?ver=1418750004 HTTP/1.1" 200 1252 www.fc-schnaittach.de "https://www.fc-schnaittach.de/faq-dragonrun/" "Mozilla/5.0 (compatible; MSIE 9.0; Windows NT 6.1; Trident/5.0;  Trident/5.0)" "-"
23.101.169.0 - - [31/Jul/2018:05:38:54 +0200] "GET /wp-content/plugins/contact-form-7/includes/js/scripts.js?ver=5.0.2 HTTP/1.1" 200 14585 www.fc-schnaittach.de "https://www.fc-schnaittach.de/faq-dragonrun/" "Mozilla/5.0 (compatible; MSIE 9.0; Windows NT 6.1; Trident/5.0;  Trident/5.0)" "-"
23.101.169.0 - - [31/Jul/2018:05:38:54 +0200] "GET /wp-includes/js/wp-embed.min.js?ver=4.9.7 HTTP/1.1" 200 1398 www.fc-schnaittach.de "https://www.fc-schnaittach.de/faq-dragonrun/" "Mozilla/5.0 (compatible; MSIE 9.0; Windows NT 6.1; Trident/5.0;  Trident/5.0)" "-"
217.160.63.0 - - [31/Jul/2018:05:43:00 +0200] "POST /wp-cron.php?doing_wp_cron=1533008580.8832850456237792968750 HTTP/1.1" 301 297 www.fc-schnaittach.de "http://www.fc-schnaittach.de/wp-cron.php?doing_wp_cron=1533008580.8832850456237792968750" "WordPress/4.9.7; https://www.fc-schnaittach.de" "-"
66.249.66.0 - - [31/Jul/2018:05:43:00 +0200] "GET /sitemap-pt-page-2017-06.xml HTTP/1.1" 200 499 www.fc-schnaittach.de "-" "Mozilla/5.0 (compatible; Googlebot/2.1; +http://www.google.com/bot.html)" "-"
217.160.63.0 - - [31/Jul/2018:05:46:46 +0200] "POST /wp-cron.php?doing_wp_cron=1533008806.3786010742187500000000 HTTP/1.1" 200 23 www.fc-schnaittach.de "https://www.fc-schnaittach.de/wp-cron.php?doing_wp_cron=1533008806.3786010742187500000000" "WordPress/4.9.7; https://www.fc-schnaittach.de" "-"
109.162.122.0 - - [31/Jul/2018:05:46:46 +0200] "POST /wp-login.php HTTP/1.1" 200 1367 www.fc-schnaittach.de "https://www.fc-schnaittach.de/wp-login.php" "Mozilla/5.0 (Windows NT 10.0; WOW64) AppleWebKit/537.36 (KHTML, like Gecko) Chrome/53.0.2785.143 Safari/537.36" "-"
109.162.122.0 - - [31/Jul/2018:05:46:47 +0200] "GET /wp-admin/ HTTP/1.1" 302 23 www.fc-schnaittach.de "https://www.fc-schnaittach.de/wp-admin/" "Mozilla/5.0 (Windows NT 10.0; WOW64) AppleWebKit/537.36 (KHTML, like Gecko) Chrome/53.0.2785.143 Safari/537.36" "-"
216.244.66.0 - - [31/Jul/2018:05:47:36 +0200] "GET /robots.txt HTTP/1.1" 301 248 www.fc-schnaittach.de "-" "Mozilla/5.0 (compatible; DotBot/1.1; http://www.opensiteexplorer.org/dotbot, help@moz.com)" "-"
216.244.66.0 - - [31/Jul/2018:05:47:40 +0200] "GET /robots.txt HTTP/1.1" 200 35 www.fc-schnaittach.de "-" "Mozilla/5.0 (compatible; DotBot/1.1; http://www.opensiteexplorer.org/dotbot, help@moz.com)" "-"
207.46.13.0 - - [31/Jul/2018:05:47:48 +0200] "GET /hauptverein/mitgliedschaft/fc-schnaittach-satzung-21-03-2015-din-a5-final/ HTTP/1.1" 200 5902 www.fc-schnaittach.de "-" "Mozilla/5.0 (compatible; bingbot/2.0; +http://www.bing.com/bingbot.htm)" "-"
87.250.233.0 - - [31/Jul/2018:05:56:22 +0200] "GET /robots.txt HTTP/1.1" 301 248 fc-schnaittach.de "-" "Mozilla/5.0 (compatible; YandexBot/3.0; +http://yandex.com/bots)" "-"
5.45.203.0 - - [31/Jul/2018:05:56:26 +0200] "GET / HTTP/1.1" 301 238 fc-schnaittach.de "-" "Mozilla/5.0 (compatible; YandexBot/3.0; +http://yandex.com/bots)" "-"
