217.160.63.0 - - [02/Aug/2018:14:24:19 +0200] "POST /wp-cron.php?doing_wp_cron=1533212659.0324640274047851562500 HTTP/1.1" 301 297 www.fc-schnaittach.de "http://www.fc-schnaittach.de/wp-cron.php?doing_wp_cron=1533212659.0324640274047851562500" "WordPress/4.9.7; https://www.fc-schnaittach.de" "-"
85.25.210.0 - - [02/Aug/2018:14:24:19 +0200] "GET /wp-includes/js/wp-emoji-release.min.js?ver=4.9.7 HTTP/1.1" 301 286 www.fc-schnaittach.de "http://www.fc-schnaittach.de/hauptverein/vereinsbus/" "Mozilla/5.0 (Windows NT 6.1; WOW64) AppleWebKit/537.36 (KHTML, like Gecko) Chrome/37.0.2062.120 Safari/537.36" "-"
85.25.210.0 - - [02/Aug/2018:14:24:19 +0200] "GET /wp-content/plugins/contact-form-7/includes/css/styles.css?ver=5.0.2 HTTP/1.1" 301 305 www.fc-schnaittach.de "http://www.fc-schnaittach.de/hauptverein/vereinsbus/" "Mozilla/5.0 (Windows NT 6.1; WOW64) AppleWebKit/537.36 (KHTML, like Gecko) Chrome/37.0.2062.120 Safari/537.36" "-"
85.25.210.0 - - [02/Aug/2018:14:24:19 +0200] "GET /wp-content/plugins/feedzy-rss-feeds/css/feedzy-rss-feeds.css?ver=3.2.10 HTTP/1.1" 301 309 www.fc-schnaittach.de "http://www.fc-schnaittach.de/hauptverein/vereinsbus/" "Mozilla/5.0 (Windows NT 6.1; WOW64) AppleWebKit/537.36 (KHTML, like Gecko) Chrome/37.0.2062.120 Safari/537.36" "-"
85.25.210.0 - - [02/Aug/2018:14:24:19 +0200] "GET /wp-content/plugins/recently-updated-posts-widget/css/style.css?ver=4.9.7 HTTP/1.1" 301 310 www.fc-schnaittach.de "http://www.fc-schnaittach.de/hauptverein/vereinsbus/" "Mozilla/5.0 (Windows NT 6.1; WOW64) AppleWebKit/537.36 (KHTML, like Gecko) Chrome/37.0.2062.120 Safari/537.36" "-"
85.25.210.0 - - [02/Aug/2018:14:24:19 +0200] "GET /wp-includes/js/wp-emoji-release.min.js?ver=4.9.7 HTTP/1.1" 200 11721 www.fc-schnaittach.de "http://www.fc-schnaittach.de/hauptverein/vereinsbus/" "Mozilla/5.0 (Windows NT 6.1; WOW64) AppleWebKit/537.36 (KHTML, like Gecko) Chrome/37.0.2062.120 Safari/537.36" "-"
85.25.210.0 - - [02/Aug/2018:14:24:19 +0200] "GET /wp-content/plugins/contact-form-7/includes/css/styles.css?ver=5.0.2 HTTP/1.1" 200 1683 www.fc-schnaittach.de "http://www.fc-schnaittach.de/hauptverein/vereinsbus/" "Mozilla/5.0 (Windows NT 6.1; WOW64) AppleWebKit/537.36 (KHTML, like Gecko) Chrome/37.0.2062.120 Safari/537.36" "-"
85.25.210.0 - - [02/Aug/2018:14:24:20 +0200] "GET /wp-content/plugins/user-access-manager/assets/css/uamLoginForm.css?ver=2.1.11 HTTP/1.1" 301 315 www.fc-schnaittach.de "http://www.fc-schnaittach.de/hauptverein/vereinsbus/" "Mozilla/5.0 (Windows NT 6.1; WOW64) AppleWebKit/537.36 (KHTML, like Gecko) Chrome/37.0.2062.120 Safari/537.36" "-"
85.25.210.0 - - [02/Aug/2018:14:24:20 +0200] "GET /wp-content/plugins/feedzy-rss-feeds/css/feedzy-rss-feeds.css?ver=3.2.10 HTTP/1.1" 200 9822 www.fc-schnaittach.de "http://www.fc-schnaittach.de/hauptverein/vereinsbus/" "Mozilla/5.0 (Windows NT 6.1; WOW64) AppleWebKit/537.36 (KHTML, like Gecko) Chrome/37.0.2062.120 Safari/537.36" "-"
85.25.210.0 - - [02/Aug/2018:14:24:20 +0200] "GET /wp-includes/js/jquery/jquery.js?ver=1.12.4 HTTP/1.1" 301 280 www.fc-schnaittach.de "http://www.fc-schnaittach.de/hauptverein/vereinsbus/" "Mozilla/5.0 (Windows NT 6.1; WOW64) AppleWebKit/537.36 (KHTML, like Gecko) Chrome/37.0.2062.120 Safari/537.36" "-"
85.25.210.0 - - [02/Aug/2018:14:24:20 +0200] "GET /wp-content/plugins/recently-updated-posts-widget/css/style.css?ver=4.9.7 HTTP/1.1" 200 45 www.fc-schnaittach.de "http://www.fc-schnaittach.de/hauptverein/vereinsbus/" "Mozilla/5.0 (Windows NT 6.1; WOW64) AppleWebKit/537.36 (KHTML, like Gecko) Chrome/37.0.2062.120 Safari/537.36" "-"
85.25.210.0 - - [02/Aug/2018:14:24:20 +0200] "GET /wp-includes/js/jquery/jquery-migrate.min.js?ver=1.4.1 HTTP/1.1" 301 291 www.fc-schnaittach.de "http://www.fc-schnaittach.de/hauptverein/vereinsbus/" "Mozilla/5.0 (Windows NT 6.1; WOW64) AppleWebKit/537.36 (KHTML, like Gecko) Chrome/37.0.2062.120 Safari/537.36" "-"
85.25.210.0 - - [02/Aug/2018:14:24:20 +0200] "GET /wp-content/plugins/user-access-manager/assets/css/uamLoginForm.css?ver=2.1.11 HTTP/1.1" 200 468 www.fc-schnaittach.de "http://www.fc-schnaittach.de/hauptverein/vereinsbus/" "Mozilla/5.0 (Windows NT 6.1; WOW64) AppleWebKit/537.36 (KHTML, like Gecko) Chrome/37.0.2062.120 Safari/537.36" "-"
85.25.210.0 - - [02/Aug/2018:14:24:20 +0200] "GET /wp-content/themes/fcs/style.css?ver=1460744932 HTTP/1.1" 301 284 www.fc-schnaittach.de "http://www.fc-schnaittach.de/hauptverein/vereinsbus/" "Mozilla/5.0 (Windows NT 6.1; WOW64) AppleWebKit/537.36 (KHTML, like Gecko) Chrome/37.0.2062.120 Safari/537.36" "-"
85.25.210.0 - - [02/Aug/2018:14:24:20 +0200] "GET /wp-content/themes/fcs/css/jquery.smartmenus.bootstrap.css?ver=1418749976 HTTP/1.1" 301 310 www.fc-schnaittach.de "http://www.fc-schnaittach.de/hauptverein/vereinsbus/" "Mozilla/5.0 (Windows NT 6.1; WOW64) AppleWebKit/537.36 (KHTML, like Gecko) Chrome/37.0.2062.120 Safari/537.36" "-"
85.25.210.0 - - [02/Aug/2018:14:24:20 +0200] "GET /wp-content/themes/fcs/js/jquery.smartmenus.min.js?ver=1418750004 HTTP/1.1" 301 302 www.fc-schnaittach.de "http://www.fc-schnaittach.de/hauptverein/vereinsbus/" "Mozilla/5.0 (Windows NT 6.1; WOW64) AppleWebKit/537.36 (KHTML, like Gecko) Chrome/37.0.2062.120 Safari/537.36" "-"
85.25.210.0 - - [02/Aug/2018:14:24:20 +0200] "GET /wp-includes/js/jquery/jquery.js?ver=1.12.4 HTTP/1.1" 200 97184 www.fc-schnaittach.de "http://www.fc-schnaittach.de/hauptverein/vereinsbus/" "Mozilla/5.0 (Windows NT 6.1; WOW64) AppleWebKit/537.36 (KHTML, like Gecko) Chrome/37.0.2062.120 Safari/537.36" "-"
85.25.210.0 - - [02/Aug/2018:14:24:21 +0200] "GET /wp-content/themes/fcs/js/jquery.smartmenus.bootstrap.min.js?ver=1418750004 HTTP/1.1" 301 312 www.fc-schnaittach.de "http://www.fc-schnaittach.de/hauptverein/vereinsbus/" "Mozilla/5.0 (Windows NT 6.1; WOW64) AppleWebKit/537.36 (KHTML, like Gecko) Chrome/37.0.2062.120 Safari/537.36" "-"
85.25.210.0 - - [02/Aug/2018:14:24:21 +0200] "GET /wp-includes/js/wp-embed.min.js?ver=4.9.7 HTTP/1.1" 301 278 www.fc-schnaittach.de "http://www.fc-schnaittach.de/hauptverein/vereinsbus/" "Mozilla/5.0 (Windows NT 6.1; WOW64) AppleWebKit/537.36 (KHTML, like Gecko) Chrome/37.0.2062.120 Safari/537.36" "-"
85.25.210.0 - - [02/Aug/2018:14:24:21 +0200] "GET /wp-includes/js/jquery/jquery-migrate.min.js?ver=1.4.1 HTTP/1.1" 200 10056 www.fc-schnaittach.de "http://www.fc-schnaittach.de/hauptverein/vereinsbus/" "Mozilla/5.0 (Windows NT 6.1; WOW64) AppleWebKit/537.36 (KHTML, like Gecko) Chrome/37.0.2062.120 Safari/537.36" "-"
85.25.210.0 - - [02/Aug/2018:14:24:21 +0200] "GET /wp-content/plugins/contact-form-7/includes/js/scripts.js?ver=5.0.2 HTTP/1.1" 301 304 www.fc-schnaittach.de "http://www.fc-schnaittach.de/hauptverein/vereinsbus/" "Mozilla/5.0 (Windows NT 6.1; WOW64) AppleWebKit/537.36 (KHTML, like Gecko) Chrome/37.0.2062.120 Safari/537.36" "-"
85.25.210.0 - - [02/Aug/2018:14:24:21 +0200] "GET /wp-content/themes/fcs/js/fcs.js?ver=1442772175 HTTP/1.1" 301 284 www.fc-schnaittach.de "http://www.fc-schnaittach.de/hauptverein/vereinsbus/" "Mozilla/5.0 (Windows NT 6.1; WOW64) AppleWebKit/537.36 (KHTML, like Gecko) Chrome/37.0.2062.120 Safari/537.36" "-"
85.25.210.0 - - [02/Aug/2018:14:24:21 +0200] "GET /wp-content/themes/fcs/images/production/FcsWappen.png HTTP/1.1" 301 291 www.fc-schnaittach.de "http://www.fc-schnaittach.de/hauptverein/vereinsbus/" "Mozilla/5.0 (Windows NT 6.1; WOW64) AppleWebKit/537.36 (KHTML, like Gecko) Chrome/37.0.2062.120 Safari/537.36" "-"
85.25.210.0 - - [02/Aug/2018:14:24:21 +0200] "GET /wp-content/themes/fcs/style.css?ver=1460744932 HTTP/1.1" 200 22587 www.fc-schnaittach.de "http://www.fc-schnaittach.de/hauptverein/vereinsbus/" "Mozilla/5.0 (Windows NT 6.1; WOW64) AppleWebKit/537.36 (KHTML, like Gecko) Chrome/37.0.2062.120 Safari/537.36" "-"
85.25.210.0 - - [02/Aug/2018:14:24:21 +0200] "GET /wp-content/themes/fcs/css/jquery.smartmenus.bootstrap.css?ver=1418749976 HTTP/1.1" 200 3128 www.fc-schnaittach.de "http://www.fc-schnaittach.de/hauptverein/vereinsbus/" "Mozilla/5.0 (Windows NT 6.1; WOW64) AppleWebKit/537.36 (KHTML, like Gecko) Chrome/37.0.2062.120 Safari/537.36" "-"
85.25.210.0 - - [02/Aug/2018:14:24:21 +0200] "GET /wp-content/themes/fcs/images/production/FcsWappen.png?ver=1487205002 HTTP/1.1" 301 306 www.fc-schnaittach.de "http://www.fc-schnaittach.de/hauptverein/vereinsbus/" "Mozilla/5.0 (Windows NT 6.1; WOW64) AppleWebKit/537.36 (KHTML, like Gecko) Chrome/37.0.2062.120 Safari/537.36" "-"
85.25.210.0 - - [02/Aug/2018:14:24:22 +0200] "GET /wp-content/themes/fcs/js/jquery.smartmenus.min.js?ver=1418750004 HTTP/1.1" 200 22672 www.fc-schnaittach.de "http://www.fc-schnaittach.de/hauptverein/vereinsbus/" "Mozilla/5.0 (Windows NT 6.1; WOW64) AppleWebKit/537.36 (KHTML, like Gecko) Chrome/37.0.2062.120 Safari/537.36" "-"
85.25.210.0 - - [02/Aug/2018:14:24:22 +0200] "GET /wp-content/themes/fcs/js/jquery.smartmenus.bootstrap.min.js?ver=1418750004 HTTP/1.1" 200 1252 www.fc-schnaittach.de "http://www.fc-schnaittach.de/hauptverein/vereinsbus/" "Mozilla/5.0 (Windows NT 6.1; WOW64) AppleWebKit/537.36 (KHTML, like Gecko) Chrome/37.0.2062.120 Safari/537.36" "-"
85.25.210.0 - - [02/Aug/2018:14:24:22 +0200] "GET /wp-includes/js/wp-embed.min.js?ver=4.9.7 HTTP/1.1" 200 1398 www.fc-schnaittach.de "http://www.fc-schnaittach.de/hauptverein/vereinsbus/" "Mozilla/5.0 (Windows NT 6.1; WOW64) AppleWebKit/537.36 (KHTML, like Gecko) Chrome/37.0.2062.120 Safari/537.36" "-"
85.25.210.0 - - [02/Aug/2018:14:24:22 +0200] "GET /wp-content/plugins/contact-form-7/includes/js/scripts.js?ver=5.0.2 HTTP/1.1" 200 14585 www.fc-schnaittach.de "http://www.fc-schnaittach.de/hauptverein/vereinsbus/" "Mozilla/5.0 (Windows NT 6.1; WOW64) AppleWebKit/537.36 (KHTML, like Gecko) Chrome/37.0.2062.120 Safari/537.36" "-"
85.25.210.0 - - [02/Aug/2018:14:24:22 +0200] "GET /wp-content/themes/fcs/js/fcs.js?ver=1442772175 HTTP/1.1" 200 5542 www.fc-schnaittach.de "http://www.fc-schnaittach.de/hauptverein/vereinsbus/" "Mozilla/5.0 (Windows NT 6.1; WOW64) AppleWebKit/537.36 (KHTML, like Gecko) Chrome/37.0.2062.120 Safari/537.36" "-"
85.25.210.0 - - [02/Aug/2018:14:24:22 +0200] "GET /wp-content/themes/fcs/images/production/FcsWappen.png HTTP/1.1" 200 12482 www.fc-schnaittach.de "http://www.fc-schnaittach.de/hauptverein/vereinsbus/" "Mozilla/5.0 (Windows NT 6.1; WOW64) AppleWebKit/537.36 (KHTML, like Gecko) Chrome/37.0.2062.120 Safari/537.36" "-"
85.25.210.0 - - [02/Aug/2018:14:24:22 +0200] "GET /wp-content/themes/fcs/images/production/FcsWappen.png?ver=1487205002 HTTP/1.1" 200 12482 www.fc-schnaittach.de "http://www.fc-schnaittach.de/hauptverein/vereinsbus/" "Mozilla/5.0 (Windows NT 6.1; WOW64) AppleWebKit/537.36 (KHTML, like Gecko) Chrome/37.0.2062.120 Safari/537.36" "-"
85.25.210.0 - - [02/Aug/2018:14:24:24 +0200] "GET /wp-content/plugins/contact-form-7/images/ajax-loader.gif HTTP/1.1" 200 847 www.fc-schnaittach.de "http://www.fc-schnaittach.de/hauptverein/vereinsbus/" "Mozilla/5.0 (Windows NT 6.1; WOW64) AppleWebKit/537.36 (KHTML, like Gecko) Chrome/37.0.2062.120 Safari/537.36" "-"
85.25.210.0 - - [02/Aug/2018:14:24:24 +0200] "GET /wp-json/contact-form-7/v1/contact-forms/980/refill HTTP/1.1" 200 25 www.fc-schnaittach.de "http://www.fc-schnaittach.de/hauptverein/vereinsbus/" "Mozilla/5.0 (Windows NT 6.1; WOW64) AppleWebKit/537.36 (KHTML, like Gecko) Chrome/37.0.2062.120 Safari/537.36" "-"
85.25.210.0 - - [02/Aug/2018:14:24:24 +0200] "GET /hauptverein/vereinsbus/ HTTP/1.1" 200 7084 www.fc-schnaittach.de "-" "Mozilla/5.0 (compatible; adscanner/)" "-"
207.46.13.0 - - [02/Aug/2018:14:25:43 +0200] "GET /wp-content/uploads/2014/10/Patryk_Wasenczuk.jpg HTTP/1.1" 301 285 www.fc-schnaittach.de "-" "Mozilla/5.0 (compatible; bingbot/2.0; +http://www.bing.com/bingbot.htm)" "-"
207.46.13.0 - - [02/Aug/2018:14:25:44 +0200] "GET /wp-content/uploads/2014/10/Patryk_Wasenczuk.jpg HTTP/1.1" 200 955542 www.fc-schnaittach.de "-" "Mozilla/5.0 (compatible; bingbot/2.0; +http://www.bing.com/bingbot.htm)" "-"
52.175.195.0 - - [02/Aug/2018:14:28:27 +0200] "HEAD / HTTP/1.1" 301 - www.fc-schnaittach.de "-" "HTTPing v2.4" "-"
217.160.63.0 - - [02/Aug/2018:14:30:01 +0200] "POST /wp-cron.php?doing_wp_cron=1533213001.1744289398193359375000 HTTP/1.1" 200 23 www.fc-schnaittach.de "https://www.fc-schnaittach.de/wp-cron.php?doing_wp_cron=1533213001.1744289398193359375000" "WordPress/4.9.7; https://www.fc-schnaittach.de" "-"
66.249.66.0 - - [02/Aug/2018:14:30:01 +0200] "GET /page-sitemap.xml HTTP/1.1" 200 5391 www.fc-schnaittach.de "-" "Mozilla/5.0 (compatible; Googlebot/2.1; +http://www.google.com/bot.html)" "-"
194.187.170.0 - - [02/Aug/2018:14:33:19 +0200] "GET /hauptverein/geschichte/ HTTP/1.1" 200 8066 www.fc-schnaittach.de "-" "Mozilla/5.0 (compatible; Qwantify/2.4w; +https://www.qwant.com/)/2.4w" "-"
84.181.164.0 - - [02/Aug/2018:14:35:31 +0200] "GET / HTTP/1.1" 301 238 www.fc-schnaittach.de "-" "Mozilla/5.0 (Windows NT 6.1; Win64; x64; rv:61.0) Gecko/20100101 Firefox/61.0" "-"
84.181.164.0 - - [02/Aug/2018:14:35:32 +0200] "GET / HTTP/1.1" 200 7770 www.fc-schnaittach.de "-" "Mozilla/5.0 (Windows NT 6.1; Win64; x64; rv:61.0) Gecko/20100101 Firefox/61.0" "-"
84.181.164.0 - - [02/Aug/2018:14:35:32 +0200] "GET /wp-content/plugins/contact-form-7/includes/css/styles.css?ver=5.0.2 HTTP/1.1" 200 1683 www.fc-schnaittach.de "https://www.fc-schnaittach.de/" "Mozilla/5.0 (Windows NT 6.1; Win64; x64; rv:61.0) Gecko/20100101 Firefox/61.0" "-"
84.181.164.0 - - [02/Aug/2018:14:35:32 +0200] "GET /wp-content/plugins/feedzy-rss-feeds/css/feedzy-rss-feeds.css?ver=3.2.10 HTTP/1.1" 200 9822 www.fc-schnaittach.de "https://www.fc-schnaittach.de/" "Mozilla/5.0 (Windows NT 6.1; Win64; x64; rv:61.0) Gecko/20100101 Firefox/61.0" "-"
84.181.164.0 - - [02/Aug/2018:14:35:32 +0200] "GET /wp-content/plugins/recently-updated-posts-widget/css/style.css?ver=4.9.7 HTTP/1.1" 200 45 www.fc-schnaittach.de "https://www.fc-schnaittach.de/" "Mozilla/5.0 (Windows NT 6.1; Win64; x64; rv:61.0) Gecko/20100101 Firefox/61.0" "-"
84.181.164.0 - - [02/Aug/2018:14:35:32 +0200] "GET /wp-content/plugins/user-access-manager/assets/css/uamLoginForm.css?ver=2.1.11 HTTP/1.1" 200 468 www.fc-schnaittach.de "https://www.fc-schnaittach.de/" "Mozilla/5.0 (Windows NT 6.1; Win64; x64; rv:61.0) Gecko/20100101 Firefox/61.0" "-"
84.181.164.0 - - [02/Aug/2018:14:35:32 +0200] "GET /wp-includes/js/jquery/jquery.js?ver=1.12.4 HTTP/1.1" 200 97184 www.fc-schnaittach.de "https://www.fc-schnaittach.de/" "Mozilla/5.0 (Windows NT 6.1; Win64; x64; rv:61.0) Gecko/20100101 Firefox/61.0" "-"
84.181.164.0 - - [02/Aug/2018:14:35:32 +0200] "GET /wp-includes/js/jquery/jquery-migrate.min.js?ver=1.4.1 HTTP/1.1" 200 10056 www.fc-schnaittach.de "https://www.fc-schnaittach.de/" "Mozilla/5.0 (Windows NT 6.1; Win64; x64; rv:61.0) Gecko/20100101 Firefox/61.0" "-"
84.181.164.0 - - [02/Aug/2018:14:35:32 +0200] "GET /wp-content/themes/fcs/css/jquery.smartmenus.bootstrap.css?ver=1418749976 HTTP/1.1" 200 3128 www.fc-schnaittach.de "https://www.fc-schnaittach.de/" "Mozilla/5.0 (Windows NT 6.1; Win64; x64; rv:61.0) Gecko/20100101 Firefox/61.0" "-"
84.181.164.0 - - [02/Aug/2018:14:35:32 +0200] "GET /wp-content/themes/fcs/style.css?ver=1460744932 HTTP/1.1" 200 22587 www.fc-schnaittach.de "https://www.fc-schnaittach.de/" "Mozilla/5.0 (Windows NT 6.1; Win64; x64; rv:61.0) Gecko/20100101 Firefox/61.0" "-"
84.181.164.0 - - [02/Aug/2018:14:35:32 +0200] "GET /wp-content/themes/fcs/images/production/FcsWappen.png?ver=1487205002 HTTP/1.1" 200 12482 www.fc-schnaittach.de "https://www.fc-schnaittach.de/" "Mozilla/5.0 (Windows NT 6.1; Win64; x64; rv:61.0) Gecko/20100101 Firefox/61.0" "-"
84.181.164.0 - - [02/Aug/2018:14:35:32 +0200] "GET /wp-content/themes/fcs/images/production/Transparent.png?ver=1487205002 HTTP/1.1" 200 124 www.fc-schnaittach.de "https://www.fc-schnaittach.de/" "Mozilla/5.0 (Windows NT 6.1; Win64; x64; rv:61.0) Gecko/20100101 Firefox/61.0" "-"
84.181.164.0 - - [02/Aug/2018:14:35:32 +0200] "GET /wp-content/themes/fcs/images/production/Transparent.png HTTP/1.1" 200 124 www.fc-schnaittach.de "https://www.fc-schnaittach.de/" "Mozilla/5.0 (Windows NT 6.1; Win64; x64; rv:61.0) Gecko/20100101 Firefox/61.0" "-"
84.181.164.0 - - [02/Aug/2018:14:35:33 +0200] "GET /wp-content/themes/fcs/images/production/FcsWappen.png HTTP/1.1" 200 12482 www.fc-schnaittach.de "https://www.fc-schnaittach.de/" "Mozilla/5.0 (Windows NT 6.1; Win64; x64; rv:61.0) Gecko/20100101 Firefox/61.0" "-"
84.181.164.0 - - [02/Aug/2018:14:35:33 +0200] "GET /wp-content/themes/fcs/js/fcs.js?ver=1442772175 HTTP/1.1" 200 5542 www.fc-schnaittach.de "https://www.fc-schnaittach.de/" "Mozilla/5.0 (Windows NT 6.1; Win64; x64; rv:61.0) Gecko/20100101 Firefox/61.0" "-"
84.181.164.0 - - [02/Aug/2018:14:35:33 +0200] "GET /wp-content/themes/fcs/js/jquery.smartmenus.min.js?ver=1418750004 HTTP/1.1" 200 22672 www.fc-schnaittach.de "https://www.fc-schnaittach.de/" "Mozilla/5.0 (Windows NT 6.1; Win64; x64; rv:61.0) Gecko/20100101 Firefox/61.0" "-"
84.181.164.0 - - [02/Aug/2018:14:35:33 +0200] "GET /wp-content/themes/fcs/js/jquery.smartmenus.bootstrap.min.js?ver=1418750004 HTTP/1.1" 200 1252 www.fc-schnaittach.de "https://www.fc-schnaittach.de/" "Mozilla/5.0 (Windows NT 6.1; Win64; x64; rv:61.0) Gecko/20100101 Firefox/61.0" "-"
84.181.164.0 - - [02/Aug/2018:14:35:33 +0200] "GET /wp-content/plugins/contact-form-7/includes/js/scripts.js?ver=5.0.2 HTTP/1.1" 200 14585 www.fc-schnaittach.de "https://www.fc-schnaittach.de/" "Mozilla/5.0 (Windows NT 6.1; Win64; x64; rv:61.0) Gecko/20100101 Firefox/61.0" "-"
84.181.164.0 - - [02/Aug/2018:14:35:33 +0200] "GET /wp-includes/js/wp-embed.min.js?ver=4.9.7 HTTP/1.1" 200 1398 www.fc-schnaittach.de "https://www.fc-schnaittach.de/" "Mozilla/5.0 (Windows NT 6.1; Win64; x64; rv:61.0) Gecko/20100101 Firefox/61.0" "-"
84.181.164.0 - - [02/Aug/2018:14:35:41 +0200] "GET /wp-includes/js/wp-emoji-release.min.js?ver=4.9.7 HTTP/1.1" 200 11721 www.fc-schnaittach.de "https://www.fc-schnaittach.de/" "Mozilla/5.0 (Windows NT 6.1; Win64; x64; rv:61.0) Gecko/20100101 Firefox/61.0" "-"
84.181.164.0 - - [02/Aug/2018:14:35:42 +0200] "GET /wp-content/themes/fcs/images/production/Tischtennis_Production.jpg?ver=1487205002 HTTP/1.1" 200 16063 www.fc-schnaittach.de "https://www.fc-schnaittach.de/" "Mozilla/5.0 (Windows NT 6.1; Win64; x64; rv:61.0) Gecko/20100101 Firefox/61.0" "-"
84.181.164.0 - - [02/Aug/2018:14:35:42 +0200] "GET /wp-content/themes/fcs/images/production/Fussball_Production.jpg?ver=1487205002 HTTP/1.1" 200 24902 www.fc-schnaittach.de "https://www.fc-schnaittach.de/" "Mozilla/5.0 (Windows NT 6.1; Win64; x64; rv:61.0) Gecko/20100101 Firefox/61.0" "-"
84.181.164.0 - - [02/Aug/2018:14:35:42 +0200] "GET /wp-content/themes/fcs/images/production/Budo_Production.jpg?ver=1487205003 HTTP/1.1" 200 9924 www.fc-schnaittach.de "https://www.fc-schnaittach.de/" "Mozilla/5.0 (Windows NT 6.1; Win64; x64; rv:61.0) Gecko/20100101 Firefox/61.0" "-"
84.181.164.0 - - [02/Aug/2018:14:35:42 +0200] "GET /wp-content/themes/fcs/images/production/Wandern_Production.jpg?ver=1487205003 HTTP/1.1" 200 16247 www.fc-schnaittach.de "https://www.fc-schnaittach.de/" "Mozilla/5.0 (Windows NT 6.1; Win64; x64; rv:61.0) Gecko/20100101 Firefox/61.0" "-"
84.181.164.0 - - [02/Aug/2018:14:35:42 +0200] "GET /wp-content/themes/fcs/images/production/Zumba_Production.jpg?ver=1487205003 HTTP/1.1" 200 54365 www.fc-schnaittach.de "https://www.fc-schnaittach.de/" "Mozilla/5.0 (Windows NT 6.1; Win64; x64; rv:61.0) Gecko/20100101 Firefox/61.0" "-"
84.181.164.0 - - [02/Aug/2018:14:35:42 +0200] "GET /wp-content/themes/fcs/images/production/Karate_Production.jpg?ver=1487205002 HTTP/1.1" 200 16055 www.fc-schnaittach.de "https://www.fc-schnaittach.de/" "Mozilla/5.0 (Windows NT 6.1; Win64; x64; rv:61.0) Gecko/20100101 Firefox/61.0" "-"
84.181.164.0 - - [02/Aug/2018:14:35:42 +0200] "GET /wp-content/uploads/2018/05/SAM_1762-002-300x225.jpg HTTP/1.1" 200 22206 www.fc-schnaittach.de "https://www.fc-schnaittach.de/" "Mozilla/5.0 (Windows NT 6.1; Win64; x64; rv:61.0) Gecko/20100101 Firefox/61.0" "-"
84.181.164.0 - - [02/Aug/2018:14:35:42 +0200] "GET /wp-content/uploads/2018/05/Small_Wall_1-300x300.jpg HTTP/1.1" 200 25990 www.fc-schnaittach.de "https://www.fc-schnaittach.de/" "Mozilla/5.0 (Windows NT 6.1; Win64; x64; rv:61.0) Gecko/20100101 Firefox/61.0" "-"
84.181.164.0 - - [02/Aug/2018:14:35:42 +0200] "GET /wp-content/themes/fcs/images/production/WappenThumbnail.png HTTP/1.1" 200 13158 www.fc-schnaittach.de "https://www.fc-schnaittach.de/" "Mozilla/5.0 (Windows NT 6.1; Win64; x64; rv:61.0) Gecko/20100101 Firefox/61.0" "-"
84.181.164.0 - - [02/Aug/2018:14:35:42 +0200] "GET /wp-content/uploads/2017/09/SAM_1659-300x225.jpg HTTP/1.1" 200 20551 www.fc-schnaittach.de "https://www.fc-schnaittach.de/" "Mozilla/5.0 (Windows NT 6.1; Win64; x64; rv:61.0) Gecko/20100101 Firefox/61.0" "-"
84.181.164.0 - - [02/Aug/2018:14:35:42 +0200] "GET /page/2/ HTTP/1.1" 200 7788 www.fc-schnaittach.de "https://www.fc-schnaittach.de/" "Mozilla/5.0 (Windows NT 6.1; Win64; x64; rv:61.0) Gecko/20100101 Firefox/61.0" "-"
84.181.164.0 - - [02/Aug/2018:14:35:42 +0200] "GET /wp-content/themes/fcs/images/production/FcsWappen.ico?ver=1420564287 HTTP/1.1" 200 4606 www.fc-schnaittach.de "-" "Mozilla/5.0 (Windows NT 6.1; Win64; x64; rv:61.0) Gecko/20100101 Firefox/61.0" "-"
84.181.164.0 - - [02/Aug/2018:14:35:45 +0200] "GET /1-mannschaft/ HTTP/1.1" 301 23 www.fc-schnaittach.de "https://www.fc-schnaittach.de/" "Mozilla/5.0 (Windows NT 6.1; Win64; x64; rv:61.0) Gecko/20100101 Firefox/61.0" "-"
84.181.164.0 - - [02/Aug/2018:14:35:45 +0200] "GET /fussball/1-mannschaft/ HTTP/1.1" 200 7402 www.fc-schnaittach.de "https://www.fc-schnaittach.de/" "Mozilla/5.0 (Windows NT 6.1; Win64; x64; rv:61.0) Gecko/20100101 Firefox/61.0" "-"
84.181.164.0 - - [02/Aug/2018:14:35:46 +0200] "GET /wp-content/plugins/contact-form-7/includes/css/styles.css?ver=5.0.2 HTTP/1.1" 200 1683 www.fc-schnaittach.de "https://www.fc-schnaittach.de/fussball/1-mannschaft/" "Mozilla/5.0 (Windows NT 6.1; Win64; x64; rv:61.0) Gecko/20100101 Firefox/61.0" "-"
84.181.164.0 - - [02/Aug/2018:14:35:46 +0200] "GET /wp-content/plugins/recently-updated-posts-widget/css/style.css?ver=4.9.7 HTTP/1.1" 200 45 www.fc-schnaittach.de "https://www.fc-schnaittach.de/fussball/1-mannschaft/" "Mozilla/5.0 (Windows NT 6.1; Win64; x64; rv:61.0) Gecko/20100101 Firefox/61.0" "-"
84.181.164.0 - - [02/Aug/2018:14:35:46 +0200] "GET /wp-content/plugins/user-access-manager/assets/css/uamLoginForm.css?ver=2.1.11 HTTP/1.1" 200 468 www.fc-schnaittach.de "https://www.fc-schnaittach.de/fussball/1-mannschaft/" "Mozilla/5.0 (Windows NT 6.1; Win64; x64; rv:61.0) Gecko/20100101 Firefox/61.0" "-"
84.181.164.0 - - [02/Aug/2018:14:35:46 +0200] "GET /wp-includes/js/jquery/jquery.js?ver=1.12.4 HTTP/1.1" 200 97184 www.fc-schnaittach.de "https://www.fc-schnaittach.de/fussball/1-mannschaft/" "Mozilla/5.0 (Windows NT 6.1; Win64; x64; rv:61.0) Gecko/20100101 Firefox/61.0" "-"
84.181.164.0 - - [02/Aug/2018:14:35:46 +0200] "GET /wp-includes/js/jquery/jquery-migrate.min.js?ver=1.4.1 HTTP/1.1" 200 10056 www.fc-schnaittach.de "https://www.fc-schnaittach.de/fussball/1-mannschaft/" "Mozilla/5.0 (Windows NT 6.1; Win64; x64; rv:61.0) Gecko/20100101 Firefox/61.0" "-"
84.181.164.0 - - [02/Aug/2018:14:35:46 +0200] "GET /wp-content/uploads/2015/04/BFV.png HTTP/1.1" 301 272 www.fc-schnaittach.de "-" "Mozilla/5.0 (Windows NT 6.1; Win64; x64; rv:61.0) Gecko/20100101 Firefox/61.0" "-"
84.181.164.0 - - [02/Aug/2018:14:35:46 +0200] "GET /wp-content/uploads/2015/04/feedIcon.png HTTP/1.1" 301 277 www.fc-schnaittach.de "-" "Mozilla/5.0 (Windows NT 6.1; Win64; x64; rv:61.0) Gecko/20100101 Firefox/61.0" "-"
84.181.164.0 - - [02/Aug/2018:14:35:46 +0200] "GET /wp-content/uploads/2015/04/BFV.png HTTP/1.1" 200 5443 www.fc-schnaittach.de "-" "Mozilla/5.0 (Windows NT 6.1; Win64; x64; rv:61.0) Gecko/20100101 Firefox/61.0" "-"
84.181.164.0 - - [02/Aug/2018:14:35:46 +0200] "GET /wp-content/uploads/2015/04/feedIcon.png HTTP/1.1" 200 1211 www.fc-schnaittach.de "-" "Mozilla/5.0 (Windows NT 6.1; Win64; x64; rv:61.0) Gecko/20100101 Firefox/61.0" "-"
84.181.164.0 - - [02/Aug/2018:14:36:17 +0200] "GET /fussball/1-mannschaft/ HTTP/1.1" 200 7403 www.fc-schnaittach.de "https://www.fc-schnaittach.de/fussball/1-mannschaft/" "Mozilla/5.0 (Windows NT 6.1; Win64; x64; rv:61.0) Gecko/20100101 Firefox/61.0" "-"
84.181.164.0 - - [02/Aug/2018:14:36:17 +0200] "GET /wp-content/uploads/2015/04/BFV.png HTTP/1.1" 301 272 www.fc-schnaittach.de "-" "Mozilla/5.0 (Windows NT 6.1; Win64; x64; rv:61.0) Gecko/20100101 Firefox/61.0" "-"
84.181.164.0 - - [02/Aug/2018:14:36:46 +0200] "GET /fussball/1-mannschaft/ HTTP/1.1" 200 7403 www.fc-schnaittach.de "https://www.fc-schnaittach.de/fussball/1-mannschaft/" "Mozilla/5.0 (Windows NT 6.1; Win64; x64; rv:61.0) Gecko/20100101 Firefox/61.0" "-"
84.181.164.0 - - [02/Aug/2018:14:36:47 +0200] "GET /wp-includes/js/jquery/jquery-migrate.min.js?ver=1.4.1 HTTP/1.1" 200 10056 www.fc-schnaittach.de "https://www.fc-schnaittach.de/fussball/1-mannschaft/" "Mozilla/5.0 (Windows NT 6.1; Win64; x64; rv:61.0) Gecko/20100101 Firefox/61.0" "-"
84.181.164.0 - - [02/Aug/2018:14:36:47 +0200] "GET /wp-content/themes/fcs/css/jquery.smartmenus.bootstrap.css?ver=1418749976 HTTP/1.1" 200 3128 www.fc-schnaittach.de "https://www.fc-schnaittach.de/fussball/1-mannschaft/" "Mozilla/5.0 (Windows NT 6.1; Win64; x64; rv:61.0) Gecko/20100101 Firefox/61.0" "-"
84.181.164.0 - - [02/Aug/2018:14:36:48 +0200] "GET /wp-content/uploads/2015/04/feedIcon.png HTTP/1.1" 200 1211 www.fc-schnaittach.de "-" "Mozilla/5.0 (Windows NT 6.1; Win64; x64; rv:61.0) Gecko/20100101 Firefox/61.0" "-"
84.181.164.0 - - [02/Aug/2018:14:37:03 +0200] "GET /category/news/hauptverein/ HTTP/1.1" 200 8373 www.fc-schnaittach.de "https://www.fc-schnaittach.de/fussball/1-mannschaft/" "Mozilla/5.0 (Windows NT 6.1; Win64; x64; rv:61.0) Gecko/20100101 Firefox/61.0" "-"
84.181.164.0 - - [02/Aug/2018:14:37:04 +0200] "GET /wp-content/uploads/2017/06/Sporterlebnistag_04-4-300x189.jpg HTTP/1.1" 200 17229 www.fc-schnaittach.de "https://www.fc-schnaittach.de/category/news/hauptverein/" "Mozilla/5.0 (Windows NT 6.1; Win64; x64; rv:61.0) Gecko/20100101 Firefox/61.0" "-"
84.181.164.0 - - [02/Aug/2018:14:37:04 +0200] "GET /category/news/hauptverein/page/2/ HTTP/1.1" 200 7141 www.fc-schnaittach.de "https://www.fc-schnaittach.de/category/news/hauptverein/" "Mozilla/5.0 (Windows NT 6.1; Win64; x64; rv:61.0) Gecko/20100101 Firefox/61.0" "-"
157.157.130.0 - - [02/Aug/2018:14:37:05 +0200] "GET /wordpress/x.php HTTP/1.1" 200 3 fc-schnaittach.de "http://site.ru" "Mozilla/5.0 (Windows; U; Windows NT 5.1; en-US) AppleWebKit/533.4 (KHTML, like Gecko) Chrome/5.0.375.99 Safari/533.4" "-"
84.181.164.0 - - [02/Aug/2018:14:37:10 +0200] "GET /wp-content/uploads/2016/01/DFB-Logo_4c_zweiz-mittig_pos_06-300x255.jpg HTTP/1.1" 200 17777 www.fc-schnaittach.de "https://www.fc-schnaittach.de/category/news/hauptverein/" "Mozilla/5.0 (Windows NT 6.1; Win64; x64; rv:61.0) Gecko/20100101 Firefox/61.0" "-"
84.181.164.0 - - [02/Aug/2018:14:37:10 +0200] "GET /wp-content/uploads/2015/12/Julius-Hirsch-Preis-2015-194x300.jpg HTTP/1.1" 200 12371 www.fc-schnaittach.de "https://www.fc-schnaittach.de/category/news/hauptverein/" "Mozilla/5.0 (Windows NT 6.1; Win64; x64; rv:61.0) Gecko/20100101 Firefox/61.0" "-"
84.181.164.0 - - [02/Aug/2018:14:37:14 +0200] "GET /wp-content/uploads/2015/10/Aktion-Spenderstein-162x300.jpg HTTP/1.1" 200 20583 www.fc-schnaittach.de "https://www.fc-schnaittach.de/category/news/hauptverein/" "Mozilla/5.0 (Windows NT 6.1; Win64; x64; rv:61.0) Gecko/20100101 Firefox/61.0" "-"
84.181.164.0 - - [02/Aug/2018:14:37:17 +0200] "GET /wp-content/uploads/2015/06/WP_20150626_16_06_47_Pro-300x169.jpg HTTP/1.1" 200 13558 www.fc-schnaittach.de "https://www.fc-schnaittach.de/category/news/hauptverein/" "Mozilla/5.0 (Windows NT 6.1; Win64; x64; rv:61.0) Gecko/20100101 Firefox/61.0" "-"
84.181.164.0 - - [02/Aug/2018:14:37:18 +0200] "GET /wp-content/uploads/2015/01/DSC00624-300x200.jpg HTTP/1.1" 200 19354 www.fc-schnaittach.de "https://www.fc-schnaittach.de/category/news/hauptverein/" "Mozilla/5.0 (Windows NT 6.1; Win64; x64; rv:61.0) Gecko/20100101 Firefox/61.0" "-"
84.181.164.0 - - [02/Aug/2018:14:37:20 +0200] "GET /wp-content/uploads/2015/01/Satzung-300x225.png HTTP/1.1" 200 11258 www.fc-schnaittach.de "https://www.fc-schnaittach.de/category/news/hauptverein/" "Mozilla/5.0 (Windows NT 6.1; Win64; x64; rv:61.0) Gecko/20100101 Firefox/61.0" "-"
84.181.164.0 - - [02/Aug/2018:14:37:44 +0200] "GET /hauptverein/geschichte/ HTTP/1.1" 200 8062 www.fc-schnaittach.de "https://www.fc-schnaittach.de/category/news/hauptverein/" "Mozilla/5.0 (Windows NT 6.1; Win64; x64; rv:61.0) Gecko/20100101 Firefox/61.0" "-"
84.181.164.0 - - [02/Aug/2018:14:37:44 +0200] "GET /wp-content/uploads/2015/04/FCS-2-Mannschaft-Meister-19-300x225.jpg HTTP/1.1" 200 23895 www.fc-schnaittach.de "https://www.fc-schnaittach.de/hauptverein/geschichte/" "Mozilla/5.0 (Windows NT 6.1; Win64; x64; rv:61.0) Gecko/20100101 Firefox/61.0" "-"
84.181.164.0 - - [02/Aug/2018:14:37:44 +0200] "GET /wp-content/uploads/2015/04/FCS-1-Mannschaft-1961-2-300x201.jpg HTTP/1.1" 200 18857 www.fc-schnaittach.de "https://www.fc-schnaittach.de/hauptverein/geschichte/" "Mozilla/5.0 (Windows NT 6.1; Win64; x64; rv:61.0) Gecko/20100101 Firefox/61.0" "-"
84.181.164.0 - - [02/Aug/2018:14:37:45 +0200] "GET /wp-content/uploads/2015/04/2-Mannschaft-1960-1-300x201.jpg HTTP/1.1" 200 20819 www.fc-schnaittach.de "https://www.fc-schnaittach.de/hauptverein/geschichte/" "Mozilla/5.0 (Windows NT 6.1; Win64; x64; rv:61.0) Gecko/20100101 Firefox/61.0" "-"
84.181.164.0 - - [02/Aug/2018:14:37:45 +0200] "GET /wp-content/uploads/2015/04/1.Mannschaft-1955-300x214.jpg HTTP/1.1" 200 24384 www.fc-schnaittach.de "https://www.fc-schnaittach.de/hauptverein/geschichte/" "Mozilla/5.0 (Windows NT 6.1; Win64; x64; rv:61.0) Gecko/20100101 Firefox/61.0" "-"
84.181.164.0 - - [02/Aug/2018:14:37:45 +0200] "GET /wp-content/uploads/2015/04/FCS-1Jugend-1959-300x209.gif HTTP/1.1" 301 293 www.fc-schnaittach.de "-" "Mozilla/5.0 (Windows NT 6.1; Win64; x64; rv:61.0) Gecko/20100101 Firefox/61.0" "-"
84.181.164.0 - - [02/Aug/2018:14:37:45 +0200] "GET /wp-content/uploads/2015/04/FCS-1Jugend-1959-300x209.gif HTTP/1.1" 200 33426 www.fc-schnaittach.de "-" "Mozilla/5.0 (Windows NT 6.1; Win64; x64; rv:61.0) Gecko/20100101 Firefox/61.0" "-"
194.187.170.0 - - [02/Aug/2018:14:39:09 +0200] "GET /fussball/damen/ HTTP/1.1" 200 8165 www.fc-schnaittach.de "-" "Mozilla/5.0 (compatible; Qwantify/2.4w; +https://www.qwant.com/)/2.4w" "-"
194.187.170.0 - - [02/Aug/2018:14:40:08 +0200] "GET /hauptverein/sportheim/ HTTP/1.1" 200 6332 www.fc-schnaittach.de "-" "Mozilla/5.0 (compatible; Qwantify/2.4w; +https://www.qwant.com/)/2.4w" "-"
194.187.170.0 - - [02/Aug/2018:14:40:32 +0200] "GET /category/news/fussball/ HTTP/1.1" 200 9674 www.fc-schnaittach.de "-" "Mozilla/5.0 (compatible; Qwantify/2.4w; +https://www.qwant.com/)/2.4w" "-"
2a03:2880:2100:: - - [02/Aug/2018:14:42:29 +0200] "GET /wp-content/uploads/2018/03/DIN_A6_Flyer_22.02.2018_1.png HTTP/1.1" 200 205587 www.fc-schnaittach.de "-" "facebookexternalhit/1.1 (+http://www.facebook.com/externalhit_uatext.php)" "-"
85.25.210.0 - - [02/Aug/2018:14:42:38 +0200] "GET /robots.txt HTTP/1.1" 301 248 www.fc-schnaittach.de "-" "Mozilla/5.0 (Windows NT 6.1; WOW64) AppleWebKit/537.36 (KHTML, like Gecko) Chrome/37.0.2062.120 Safari/537.36" "-"
85.25.210.0 - - [02/Aug/2018:14:42:39 +0200] "GET /robots.txt HTTP/1.1" 200 35 www.fc-schnaittach.de "-" "Mozilla/5.0 (Windows NT 6.1; WOW64) AppleWebKit/537.36 (KHTML, like Gecko) Chrome/37.0.2062.120 Safari/537.36" "-"
85.25.210.0 - - [02/Aug/2018:14:42:39 +0200] "GET /robots.txt HTTP/1.1" 301 248 www.fc-schnaittach.de "-" "Mozilla/5.0 (compatible; adscanner/)" "-"
85.25.210.0 - - [02/Aug/2018:14:42:40 +0200] "GET /robots.txt HTTP/1.1" 200 35 www.fc-schnaittach.de "-" "Mozilla/5.0 (Windows NT 6.1; WOW64) AppleWebKit/537.36 (KHTML, like Gecko) Chrome/37.0.2062.120 Safari/537.36" "-"
85.25.210.0 - - [02/Aug/2018:14:42:41 +0200] "GET /robots.txt HTTP/1.1" 200 35 www.fc-schnaittach.de "-" "Mozilla/5.0 (compatible; adscanner/)" "-"
85.25.210.0 - - [02/Aug/2018:14:42:41 +0200] "GET /wp-content/uploads/2018/05/Small_Wall_1-300x300.jpg HTTP/1.1" 301 289 www.fc-schnaittach.de "-" "Mozilla/5.0 (compatible; adscanner/)" "-"
85.25.210.0 - - [02/Aug/2018:14:42:42 +0200] "GET /wp-content/uploads/2018/05/Small_Wall_1-300x300.jpg HTTP/1.1" 200 25990 www.fc-schnaittach.de "-" "Mozilla/5.0 (Windows NT 6.1; WOW64) AppleWebKit/537.36 (KHTML, like Gecko) Chrome/37.0.2062.120 Safari/537.36" "-"
94.130.71.0 - - [02/Aug/2018:14:42:42 +0200] "GET /wp-content/uploads/2018/05/Small_Wall_1-300x300.jpg HTTP/1.1" 200 25990 www.fc-schnaittach.de "-" "Java/1.8.0_151" "-"
85.25.210.0 - - [02/Aug/2018:14:42:44 +0200] "GET /wp-content/uploads/2018/05/Small_Wall_1-300x300.jpg HTTP/1.1" 200 25990 www.fc-schnaittach.de "-" "Mozilla/5.0 (compatible; adscanner/)" "-"
194.187.170.0 - - [02/Aug/2018:14:42:46 +0200] "GET /wp-content/uploads/2015/05/Budo_Info_zur_Hallennutzung_1.pdf HTTP/1.1" 301 298 www.fc-schnaittach.de "-" "Mozilla/5.0 (compatible; Qwantify/2.4w; +https://www.qwant.com/)/2.4w" "-"
194.187.170.0 - - [02/Aug/2018:14:42:46 +0200] "GET /wp-content/uploads/2015/05/Budo_Info_zur_Hallennutzung_1.pdf HTTP/1.1" 200 486653 www.fc-schnaittach.de "-" "Mozilla/5.0 (compatible; Qwantify/2.4w; +https://www.qwant.com/)/2.4w" "-"
194.187.170.0 - - [02/Aug/2018:14:48:43 +0200] "GET /category/news/100-jahre/ HTTP/1.1" 200 6675 www.fc-schnaittach.de "-" "Mozilla/5.0 (compatible; Qwantify/2.4w; +https://www.qwant.com/)/2.4w" "-"
194.187.170.0 - - [02/Aug/2018:14:48:55 +0200] "GET /hauptverein/mitgliedschaft/ HTTP/1.1" 200 6550 www.fc-schnaittach.de "-" "Mozilla/5.0 (compatible; Qwantify/2.4w; +https://www.qwant.com/)/2.4w" "-"
216.244.66.0 - - [02/Aug/2018:14:48:57 +0200] "GET /robots.txt HTTP/1.1" 301 248 www.fc-schnaittach.de "-" "Mozilla/5.0 (compatible; DotBot/1.1; http://www.opensiteexplorer.org/dotbot, help@moz.com)" "-"
216.244.66.0 - - [02/Aug/2018:14:49:00 +0200] "GET /robots.txt HTTP/1.1" 200 35 www.fc-schnaittach.de "-" "Mozilla/5.0 (compatible; DotBot/1.1; http://www.opensiteexplorer.org/dotbot, help@moz.com)" "-"
46.118.125.0 - - [02/Aug/2018:14:54:26 +0200] "GET /fussball/damen/ HTTP/1.1" 200 34403 www.fc-schnaittach.de "http://xn----8sblgmbj1a1bk8l.xn----161-4vemb6cjl7anbaea3afninj.xn--p1ai/" "Mozilla/4.0 (compatible; MSIE 6.0; Windows NT 5.0; T312461)" "-"
46.118.125.0 - - [02/Aug/2018:14:54:28 +0200] "GET /fussball/damen/ HTTP/1.1" 200 34403 www.fc-schnaittach.de "http://xn----8sblgmbj1a1bk8l.xn----161-4vemb6cjl7anbaea3afninj.xn--p1ai/" "Mozilla/4.0 (compatible; MSIE 6.0; Windows NT 5.0; T312461)" "-"
66.249.66.0 - - [02/Aug/2018:14:54:32 +0200] "GET /vorbereitungsplan-saison-20162017/feed/ HTTP/1.1" 200 550 www.fc-schnaittach.de "-" "Mozilla/5.0 (Linux; Android 6.0.1; Nexus 5X Build/MMB29P) AppleWebKit/537.36 (KHTML, like Gecko) Chrome/41.0.2272.96 Mobile Safari/537.36 (compatible; Googlebot/2.1; +http://www.google.com/bot.html)" "-"
194.187.170.0 - - [02/Aug/2018:14:56:10 +0200] "GET /category/news/ HTTP/1.1" 200 8504 www.fc-schnaittach.de "-" "Mozilla/5.0 (compatible; Qwantify/2.4w; +https://www.qwant.com/)/2.4w" "-"
194.187.170.0 - - [02/Aug/2018:14:56:32 +0200] "GET /karate/ HTTP/1.1" 200 8450 www.fc-schnaittach.de "-" "Mozilla/5.0 (compatible; Qwantify/2.4w; +https://www.qwant.com/)/2.4w" "-"
207.46.13.0 - - [02/Aug/2018:14:59:35 +0200] "GET /wp-content/uploads/2016/11/Tamara-Holfelder-2.jpg HTTP/1.1" 301 287 www.fc-schnaittach.de "-" "Mozilla/5.0 (compatible; bingbot/2.0; +http://www.bing.com/bingbot.htm)" "-"
207.46.13.0 - - [02/Aug/2018:14:59:36 +0200] "GET /wp-content/uploads/2016/11/Tamara-Holfelder-2.jpg HTTP/1.1" 200 574878 www.fc-schnaittach.de "-" "Mozilla/5.0 (compatible; bingbot/2.0; +http://www.bing.com/bingbot.htm)" "-"
66.249.66.0 - - [02/Aug/2018:15:01:05 +0200] "GET /tag/werbepartner/ HTTP/1.1" 200 6144 www.fc-schnaittach.de "-" "Mozilla/5.0 (Linux; Android 6.0.1; Nexus 5X Build/MMB29P) AppleWebKit/537.36 (KHTML, like Gecko) Chrome/41.0.2272.96 Mobile Safari/537.36 (compatible; Googlebot/2.1; +http://www.google.com/bot.html)" "-"
178.159.37.0 - - [02/Aug/2018:15:02:28 +0200] "GET /fussball/damen/ HTTP/1.1" 200 34403 www.fc-schnaittach.de "https://impotentik.com/" "Mozilla/4.0 (compatible; MSIE 6.0; Windows NT 5.1; SV1; FunWebProducts)" "-"
178.159.37.0 - - [02/Aug/2018:15:02:29 +0200] "GET /fussball/damen/ HTTP/1.1" 200 34403 www.fc-schnaittach.de "https://impotentik.com/" "Mozilla/4.0 (compatible; MSIE 6.0; Windows NT 5.1; SV1; FunWebProducts)" "-"
178.159.37.0 - - [02/Aug/2018:15:02:29 +0200] "GET /fussball/damen/ HTTP/1.1" 200 34403 www.fc-schnaittach.de "https://impotentik.com/" "Mozilla/4.0 (compatible; MSIE 6.0; Windows NT 5.1; SV1; FunWebProducts)" "-"
194.187.170.0 - - [02/Aug/2018:15:02:35 +0200] "GET /fussball/damen/ HTTP/1.1" 200 8168 www.fc-schnaittach.de "-" "Mozilla/5.0 (compatible; Qwantify/2.4w; +https://www.qwant.com/)/2.4w" "-"
194.187.170.0 - - [02/Aug/2018:15:03:10 +0200] "GET /fussball/2-damen/ HTTP/1.1" 200 6621 www.fc-schnaittach.de "-" "Mozilla/5.0 (compatible; Qwantify/2.4w; +https://www.qwant.com/)/2.4w" "-"
194.187.170.0 - - [02/Aug/2018:15:04:51 +0200] "GET /category/news/wandern/ HTTP/1.1" 200 7132 www.fc-schnaittach.de "-" "Mozilla/5.0 (compatible; Qwantify/2.4w; +https://www.qwant.com/)/2.4w" "-"
54.36.148.0 - - [02/Aug/2018:15:05:28 +0200] "GET /wp-content/uploads/2014/10/A_Tesch.jpg HTTP/1.1" 200 125279 www.fc-schnaittach.de "-" "Mozilla/5.0 (compatible; AhrefsBot/5.2; +http://ahrefs.com/robot/)" "-"
194.187.170.0 - - [02/Aug/2018:15:12:52 +0200] "GET /budo/ HTTP/1.1" 200 7432 www.fc-schnaittach.de "-" "Mozilla/5.0 (compatible; Qwantify/2.4w; +https://www.qwant.com/)/2.4w" "-"
216.244.66.0 - - [02/Aug/2018:15:13:13 +0200] "GET /robots.txt HTTP/1.1" 301 248 www.fc-schnaittach.de "-" "Mozilla/5.0 (compatible; DotBot/1.1; http://www.opensiteexplorer.org/dotbot, help@moz.com)" "-"
216.244.66.0 - - [02/Aug/2018:15:13:16 +0200] "GET /robots.txt HTTP/1.1" 200 35 www.fc-schnaittach.de "-" "Mozilla/5.0 (compatible; DotBot/1.1; http://www.opensiteexplorer.org/dotbot, help@moz.com)" "-"
194.187.170.0 - - [02/Aug/2018:15:17:16 +0200] "GET /vorbereitungsplan-der-1-2-damenmannschaft-sommer-2017/ HTTP/1.1" 200 6550 www.fc-schnaittach.de "-" "Mozilla/5.0 (compatible; Qwantify/2.4w; +https://www.qwant.com/)/2.4w" "-"
88.99.27.0 - - [02/Aug/2018:15:26:34 +0200] "GET /vorrundenberichtdertischtennisabteilung/ HTTP/1.1" 200 23438 www.fc-schnaittach.de "-" "Mozilla/5.0 (Windows NT 10.0; Win64; x64; rv:58.0) Gecko/20100101 Firefox/58.0" "-"
5.9.112.0 - - [02/Aug/2018:15:26:34 +0200] "GET /tischtennis/herren-2/ HTTP/1.1" 200 28022 www.fc-schnaittach.de "-" "Mozilla/5.0 (Macintosh; Intel Mac OS X 10_12_6) AppleWebKit/537.36 (KHTML, like Gecko) Chrome/63.0.3239.132 Safari/537.36" "-"
88.99.27.0 - - [02/Aug/2018:15:26:34 +0200] "GET /ehrenabend-beim-1-fc-schnaittach/ HTTP/1.1" 200 30170 www.fc-schnaittach.de "-" "Mozilla/5.0 (Windows NT 6.1; Win64; x64) AppleWebKit/537.36 (KHTML, like Gecko) Chrome/63.0.3239.132 Safari/537.36" "-"
78.46.156.0 - - [02/Aug/2018:15:26:34 +0200] "GET /ansprechpartner/tischtennis/ HTTP/1.1" 200 26050 www.fc-schnaittach.de "-" "Mozilla/5.0 (Macintosh; Intel Mac OS X 10_6_8) AppleWebKit/534.58.2 (KHTML, like Gecko) Version/5.1.8 Safari/534.58.2" "-"
217.160.63.0 - - [02/Aug/2018:15:26:35 +0200] "POST /wp-cron.php?doing_wp_cron=1533216394.9788820743560791015625 HTTP/1.1" 301 297 www.fc-schnaittach.de "http://www.fc-schnaittach.de/wp-cron.php?doing_wp_cron=1533216394.9788820743560791015625" "WordPress/4.9.7; https://www.fc-schnaittach.de" "-"
194.187.170.0 - - [02/Aug/2018:15:26:57 +0200] "GET /wp-content/uploads/2015/05/Budo_Info_zur_Hallennutzung_1.pdf HTTP/1.1" 200 486653 www.fc-schnaittach.de "-" "Mozilla/5.0 (compatible; Qwantify/2.4w; +https://www.qwant.com/)/2.4w" "-"
217.160.63.0 - - [02/Aug/2018:15:27:36 +0200] "POST /wp-cron.php?doing_wp_cron=1533216456.3586709499359130859375 HTTP/1.1" 200 23 www.fc-schnaittach.de "https://www.fc-schnaittach.de/wp-cron.php?doing_wp_cron=1533216456.3586709499359130859375" "WordPress/4.9.7; https://www.fc-schnaittach.de" "-"
194.187.170.0 - - [02/Aug/2018:15:27:36 +0200] "GET /tischtennis/herren-3/ HTTP/1.1" 200 6907 www.fc-schnaittach.de "-" "Mozilla/5.0 (compatible; Qwantify/2.4w; +https://www.qwant.com/)/2.4w" "-"
207.46.13.0 - - [02/Aug/2018:15:27:39 +0200] "GET /wp-content/uploads/2015/04/1.Mannschaft-1955.jpg HTTP/1.1" 301 286 www.fc-schnaittach.de "-" "Mozilla/5.0 (compatible; bingbot/2.0; +http://www.bing.com/bingbot.htm)" "-"
207.46.13.0 - - [02/Aug/2018:15:27:40 +0200] "GET /wp-content/uploads/2015/04/1.Mannschaft-1955.jpg HTTP/1.1" 200 47064 www.fc-schnaittach.de "-" "Mozilla/5.0 (compatible; bingbot/2.0; +http://www.bing.com/bingbot.htm)" "-"
194.187.170.0 - - [02/Aug/2018:15:28:08 +0200] "GET /fussball/2-mannschaft/ HTTP/1.1" 200 9351 www.fc-schnaittach.de "-" "Mozilla/5.0 (compatible; Qwantify/2.4w; +https://www.qwant.com/)/2.4w" "-"
207.46.13.0 - - [02/Aug/2018:15:30:00 +0200] "GET /wp-content/uploads/2016/12/IMG_9926.jpg HTTP/1.1" 301 277 www.fc-schnaittach.de "-" "Mozilla/5.0 (compatible; bingbot/2.0; +http://www.bing.com/bingbot.htm)" "-"
207.46.13.0 - - [02/Aug/2018:15:30:01 +0200] "GET /wp-content/uploads/2016/12/IMG_9926.jpg HTTP/1.1" 200 1315924 www.fc-schnaittach.de "-" "Mozilla/5.0 (compatible; bingbot/2.0; +http://www.bing.com/bingbot.htm)" "-"
207.46.13.0 - - [02/Aug/2018:15:30:05 +0200] "GET /robots.txt HTTP/1.1" 200 35 www.fc-schnaittach.de "-" "Mozilla/5.0 (compatible; bingbot/2.0; +http://www.bing.com/bingbot.htm)" "-"
194.187.170.0 - - [02/Aug/2018:15:33:39 +0200] "GET /ansprechpartner/verein/ HTTP/1.1" 200 7096 www.fc-schnaittach.de "-" "Mozilla/5.0 (compatible; Qwantify/2.4w; +https://www.qwant.com/)/2.4w" "-"
66.249.66.0 - - [02/Aug/2018:15:36:58 +0200] "GET /karate-teilnahme-an-der-bezirksmeisterschaft-2015/ HTTP/1.1" 200 7617 www.fc-schnaittach.de "-" "Mozilla/5.0 (compatible; Googlebot/2.1; +http://www.google.com/bot.html)" "-"
207.46.13.0 - - [02/Aug/2018:15:37:01 +0200] "GET /wp-content/uploads/2016/11/Luisa-Pfisterer.jpg HTTP/1.1" 301 284 www.fc-schnaittach.de "-" "Mozilla/5.0 (compatible; bingbot/2.0; +http://www.bing.com/bingbot.htm)" "-"
207.46.13.0 - - [02/Aug/2018:15:37:02 +0200] "GET /wp-content/uploads/2016/11/Luisa-Pfisterer.jpg HTTP/1.1" 200 1058920 www.fc-schnaittach.de "-" "Mozilla/5.0 (compatible; bingbot/2.0; +http://www.bing.com/bingbot.htm)" "-"
216.244.66.0 - - [02/Aug/2018:15:37:46 +0200] "GET /robots.txt HTTP/1.1" 301 248 www.fc-schnaittach.de "-" "Mozilla/5.0 (compatible; DotBot/1.1; http://www.opensiteexplorer.org/dotbot, help@moz.com)" "-"
216.244.66.0 - - [02/Aug/2018:15:37:50 +0200] "GET /robots.txt HTTP/1.1" 200 35 www.fc-schnaittach.de "-" "Mozilla/5.0 (compatible; DotBot/1.1; http://www.opensiteexplorer.org/dotbot, help@moz.com)" "-"
66.249.66.0 - - [02/Aug/2018:15:43:22 +0200] "GET /fussball/damen/ HTTP/1.1" 200 8165 www.fc-schnaittach.de "-" "Mozilla/5.0 (compatible; Googlebot/2.1; +http://www.google.com/bot.html)" "-"
194.187.170.0 - - [02/Aug/2018:15:45:08 +0200] "GET /g-jugend/ HTTP/1.1" 200 7169 www.fc-schnaittach.de "-" "Mozilla/5.0 (compatible; Qwantify/2.4w; +https://www.qwant.com/)/2.4w" "-"
188.193.26.0 - - [02/Aug/2018:15:47:17 +0200] "GET / HTTP/1.1" 301 238 fc-schnaittach.de "-" "Mozilla/5.0 (Windows NT 6.1; WOW64; rv:23.0) Gecko/20100101 Firefox/23.0" "-"
46.229.168.0 - - [02/Aug/2018:15:47:18 +0200] "GET /robots.txt HTTP/1.1" 301 248 fc-schnaittach.de "-" "Mozilla/5.0 (compatible; SemrushBot/2~bl; +http://www.semrush.com/bot.html)" "-"
188.193.26.0 - - [02/Aug/2018:15:47:18 +0200] "GET / HTTP/1.1" 200 39792 www.fc-schnaittach.de "-" "Mozilla/5.0 (Windows NT 6.1; WOW64; rv:23.0) Gecko/20100101 Firefox/23.0" "-"
194.187.170.0 - - [02/Aug/2018:15:47:45 +0200] "GET /trainingsplan-sommer-2017/ HTTP/1.1" 200 6577 www.fc-schnaittach.de "-" "Mozilla/5.0 (compatible; Qwantify/2.4w; +https://www.qwant.com/)/2.4w" "-"
46.229.168.0 - - [02/Aug/2018:15:48:26 +0200] "GET /robots.txt HTTP/1.1" 200 35 www.fc-schnaittach.de "-" "Mozilla/5.0 (compatible; SemrushBot/2~bl; +http://www.semrush.com/bot.html)" "-"
194.187.170.0 - - [02/Aug/2018:15:49:43 +0200] "GET /tag/goldene-raute/ HTTP/1.1" 200 6303 www.fc-schnaittach.de "-" "Mozilla/5.0 (compatible; Qwantify/2.4w; +https://www.qwant.com/)/2.4w" "-"
194.187.170.0 - - [02/Aug/2018:15:49:46 +0200] "GET /category/news/wandern/ HTTP/1.1" 200 7124 www.fc-schnaittach.de "-" "Mozilla/5.0 (compatible; Qwantify/2.4w; +https://www.qwant.com/)/2.4w" "-"
54.36.148.0 - - [02/Aug/2018:15:50:38 +0200] "GET /fussball/1-mannschaft/facebook-news/ HTTP/1.1" 200 6939 www.fc-schnaittach.de "-" "Mozilla/5.0 (compatible; AhrefsBot/5.2; +http://ahrefs.com/robot/)" "-"
62.138.0.0 - - [02/Aug/2018:15:52:48 +0200] "GET /robots.txt HTTP/1.1" 301 248 www.fc-schnaittach.de "-" "Mozilla/5.0 (compatible; adscanner/)" "-"
62.138.0.0 - - [02/Aug/2018:15:52:48 +0200] "GET /robots.txt HTTP/1.1" 200 35 www.fc-schnaittach.de "-" "Mozilla/5.0 (compatible; adscanner/)" "-"
62.138.0.0 - - [02/Aug/2018:15:52:48 +0200] "GET /wp-content/uploads/2018/07/IMG_0096.jpg HTTP/1.1" 301 277 www.fc-schnaittach.de "-" "Mozilla/5.0 (compatible; adscanner/)" "-"
62.138.0.0 - - [02/Aug/2018:15:52:48 +0200] "GET /wp-content/uploads/2018/07/IMG_0096.jpg HTTP/1.1" 200 1770888 www.fc-schnaittach.de "-" "Mozilla/5.0 (compatible; adscanner/)" "-"
54.36.148.0 - - [02/Aug/2018:15:53:05 +0200] "GET /wp-content/uploads/2014/10/P1160547.jpg HTTP/1.1" 200 476495 www.fc-schnaittach.de "-" "Mozilla/5.0 (compatible; AhrefsBot/5.2; +http://ahrefs.com/robot/)" "-"
13.82.188.0 - - [02/Aug/2018:15:53:26 +0200] "HEAD / HTTP/1.1" 301 - www.fc-schnaittach.de "-" "HTTPing v2.4" "-"
66.249.66.0 - - [02/Aug/2018:15:59:04 +0200] "GET /robots.txt HTTP/1.1" 404 1363 www.s520810972.online.de "-" "Mozilla/5.0 (compatible; Googlebot/2.1; +http://www.google.com/bot.html)" "-"
66.249.66.0 - - [02/Aug/2018:15:59:04 +0200] "GET /sitemap.xml HTTP/1.1" 404 1363 www.s520810972.online.de "-" "Mozilla/5.0 (compatible; Googlebot/2.1; +http://www.google.com/bot.html)" "-"
216.244.66.0 - - [02/Aug/2018:16:02:15 +0200] "GET /robots.txt HTTP/1.1" 301 248 www.fc-schnaittach.de "-" "Mozilla/5.0 (compatible; DotBot/1.1; http://www.opensiteexplorer.org/dotbot, help@moz.com)" "-"
216.244.66.0 - - [02/Aug/2018:16:02:18 +0200] "GET /robots.txt HTTP/1.1" 200 35 www.fc-schnaittach.de "-" "Mozilla/5.0 (compatible; DotBot/1.1; http://www.opensiteexplorer.org/dotbot, help@moz.com)" "-"
66.249.66.0 - - [02/Aug/2018:16:02:32 +0200] "GET /sitemap-pt-nav_menu_item-2017-07.xml HTTP/1.1" 200 494 www.fc-schnaittach.de "-" "Mozilla/5.0 (compatible; Googlebot/2.1; +http://www.google.com/bot.html)" "-"
157.55.39.0 - - [02/Aug/2018:16:05:49 +0200] "GET /author-sitemap.xml HTTP/1.1" 200 576 www.fc-schnaittach.de "-" "Mozilla/5.0 (compatible; bingbot/2.0; +http://www.bing.com/bingbot.htm)" "-"
46.229.168.0 - - [02/Aug/2018:16:06:57 +0200] "GET /1-mannschaft/nachrichten-aus-der-liga-kreisliga-erlangen-pegnitzgrund-2 HTTP/1.1" 301 23 fc-schnaittach.de "-" "Mozilla/5.0 (compatible; SemrushBot/2~bl; +http://www.semrush.com/bot.html)" "-"
46.229.168.0 - - [02/Aug/2018:16:06:58 +0200] "GET /robots.txt HTTP/1.1" 200 35 www.fc-schnaittach.de "-" "Mozilla/5.0 (compatible; SemrushBot/2~bl; +http://www.semrush.com/bot.html)" "-"
194.187.170.0 - - [02/Aug/2018:16:07:57 +0200] "GET /fussball/2-damen/ HTTP/1.1" 200 6626 www.fc-schnaittach.de "-" "Mozilla/5.0 (compatible; Qwantify/2.4w; +https://www.qwant.com/)/2.4w" "-"
194.187.170.0 - - [02/Aug/2018:16:09:14 +0200] "GET /hauptverein/geschichte/ HTTP/1.1" 200 8062 www.fc-schnaittach.de "-" "Mozilla/5.0 (compatible; Qwantify/2.4w; +https://www.qwant.com/)/2.4w" "-"
194.187.170.0 - - [02/Aug/2018:16:11:11 +0200] "GET /e3-jugend/ HTTP/1.1" 200 7211 www.fc-schnaittach.de "-" "Mozilla/5.0 (compatible; Qwantify/2.4w; +https://www.qwant.com/)/2.4w" "-"
194.187.170.0 - - [02/Aug/2018:16:11:25 +0200] "GET /category/news/karate/ HTTP/1.1" 200 6430 www.fc-schnaittach.de "-" "Mozilla/5.0 (compatible; Qwantify/2.4w; +https://www.qwant.com/)/2.4w" "-"
207.46.13.0 - - [02/Aug/2018:16:12:03 +0200] "GET /wp-content/uploads/2014/10/M_Paszek.jpg HTTP/1.1" 301 277 www.fc-schnaittach.de "-" "Mozilla/5.0 (compatible; bingbot/2.0; +http://www.bing.com/bingbot.htm)" "-"
207.46.13.0 - - [02/Aug/2018:16:12:04 +0200] "GET /wp-content/uploads/2014/10/M_Paszek.jpg HTTP/1.1" 200 116125 www.fc-schnaittach.de "-" "Mozilla/5.0 (compatible; bingbot/2.0; +http://www.bing.com/bingbot.htm)" "-"
54.36.148.0 - - [02/Aug/2018:16:12:21 +0200] "GET /wp-content/uploads/2016/12/IMG_9912.jpg HTTP/1.1" 200 1300784 www.fc-schnaittach.de "-" "Mozilla/5.0 (compatible; AhrefsBot/5.2; +http://ahrefs.com/robot/)" "-"
194.187.170.0 - - [02/Aug/2018:16:12:56 +0200] "GET /tischtennis/damen/ HTTP/1.1" 200 6792 www.fc-schnaittach.de "-" "Mozilla/5.0 (compatible; Qwantify/2.4w; +https://www.qwant.com/)/2.4w" "-"
66.249.66.0 - - [02/Aug/2018:16:18:47 +0200] "GET /sitemap-pt-post-2016-12.xml HTTP/1.1" 200 597 www.fc-schnaittach.de "-" "Mozilla/5.0 (compatible; Googlebot/2.1; +http://www.google.com/bot.html)" "-"
194.187.170.0 - - [02/Aug/2018:16:19:20 +0200] "GET /budo/ HTTP/1.1" 200 7436 www.fc-schnaittach.de "-" "Mozilla/5.0 (compatible; Qwantify/2.4w; +https://www.qwant.com/)/2.4w" "-"
207.46.13.0 - - [02/Aug/2018:16:21:50 +0200] "GET /fussball/1-mannschaft/facebook-news/ HTTP/1.1" 200 6935 www.fc-schnaittach.de "-" "Mozilla/5.0 (compatible; bingbot/2.0; +http://www.bing.com/bingbot.htm)" "-"
207.46.13.0 - - [02/Aug/2018:16:21:55 +0200] "GET /wp-content/themes/fcs/js/jquery.smartmenus.min.js?ver=1418750004 HTTP/1.1" 200 22672 www.fc-schnaittach.de "-" "Mozilla/5.0 (compatible; bingbot/2.0; +http://www.bing.com/bingbot.htm)" "-"
