79.221.121.0 - - [03/Aug/2018:15:58:00 +0200] "GET /wp-content/plugins/recently-updated-posts-widget/css/style.css?ver=4.9.8 HTTP/1.1" 304 - www.fc-schnaittach.de "https://www.fc-schnaittach.de/fussball/1-mannschaft/" "Mozilla/5.0 (Windows NT 6.1; WOW64; Trident/7.0; rv:11.0) like Gecko" "-"
79.221.121.0 - - [03/Aug/2018:15:58:00 +0200] "GET /wp-content/plugins/user-access-manager/assets/css/uamLoginForm.css?ver=2.1.11 HTTP/1.1" 304 - www.fc-schnaittach.de "https://www.fc-schnaittach.de/fussball/1-mannschaft/" "Mozilla/5.0 (Windows NT 6.1; WOW64; Trident/7.0; rv:11.0) like Gecko" "-"
79.221.121.0 - - [03/Aug/2018:15:58:00 +0200] "GET /wp-includes/js/jquery/jquery.js?ver=1.12.4 HTTP/1.1" 304 - www.fc-schnaittach.de "https://www.fc-schnaittach.de/fussball/1-mannschaft/" "Mozilla/5.0 (Windows NT 6.1; WOW64; Trident/7.0; rv:11.0) like Gecko" "-"
79.221.121.0 - - [03/Aug/2018:15:58:00 +0200] "GET /wp-includes/js/jquery/jquery-migrate.min.js?ver=1.4.1 HTTP/1.1" 304 - www.fc-schnaittach.de "https://www.fc-schnaittach.de/fussball/1-mannschaft/" "Mozilla/5.0 (Windows NT 6.1; WOW64; Trident/7.0; rv:11.0) like Gecko" "-"
79.221.121.0 - - [03/Aug/2018:15:58:00 +0200] "GET /wp-content/themes/fcs/css/jquery.smartmenus.bootstrap.css?ver=1418749976 HTTP/1.1" 304 - www.fc-schnaittach.de "https://www.fc-schnaittach.de/fussball/1-mannschaft/" "Mozilla/5.0 (Windows NT 6.1; WOW64; Trident/7.0; rv:11.0) like Gecko" "-"
79.221.121.0 - - [03/Aug/2018:15:58:01 +0200] "GET /wp-content/themes/fcs/style.css?ver=1460744932 HTTP/1.1" 304 - www.fc-schnaittach.de "https://www.fc-schnaittach.de/fussball/1-mannschaft/" "Mozilla/5.0 (Windows NT 6.1; WOW64; Trident/7.0; rv:11.0) like Gecko" "-"
79.221.121.0 - - [03/Aug/2018:15:58:01 +0200] "GET /wp-content/themes/fcs/images/production/FcsWappen.png?ver=1487205002 HTTP/1.1" 304 - www.fc-schnaittach.de "https://www.fc-schnaittach.de/fussball/1-mannschaft/" "Mozilla/5.0 (Windows NT 6.1; WOW64; Trident/7.0; rv:11.0) like Gecko" "-"
79.221.121.0 - - [03/Aug/2018:15:58:01 +0200] "GET /wp-content/themes/fcs/images/production/FcsWappen.png HTTP/1.1" 304 - www.fc-schnaittach.de "https://www.fc-schnaittach.de/fussball/1-mannschaft/" "Mozilla/5.0 (Windows NT 6.1; WOW64; Trident/7.0; rv:11.0) like Gecko" "-"
79.221.121.0 - - [03/Aug/2018:15:58:01 +0200] "GET /wp-content/uploads/2015/04/BFV.png HTTP/1.1" 301 272 www.fc-schnaittach.de "-" "Mozilla/5.0 (Windows NT 6.1; WOW64; Trident/7.0; rv:11.0) like Gecko" "-"
79.221.121.0 - - [03/Aug/2018:15:58:01 +0200] "GET /wp-content/uploads/2015/04/feedIcon.png HTTP/1.1" 301 277 www.fc-schnaittach.de "-" "Mozilla/5.0 (Windows NT 6.1; WOW64; Trident/7.0; rv:11.0) like Gecko" "-"
79.221.121.0 - - [03/Aug/2018:15:58:01 +0200] "GET /wp-content/uploads/2015/04/BFV.png HTTP/1.1" 304 - www.fc-schnaittach.de "-" "Mozilla/5.0 (Windows NT 6.1; WOW64; Trident/7.0; rv:11.0) like Gecko" "-"
79.221.121.0 - - [03/Aug/2018:15:58:02 +0200] "GET /wp-content/uploads/2015/04/feedIcon.png HTTP/1.1" 304 - www.fc-schnaittach.de "-" "Mozilla/5.0 (Windows NT 6.1; WOW64; Trident/7.0; rv:11.0) like Gecko" "-"
79.221.121.0 - - [03/Aug/2018:15:58:02 +0200] "GET /wp-content/themes/fcs/js/fcs.js?ver=1442772175 HTTP/1.1" 304 - www.fc-schnaittach.de "https://www.fc-schnaittach.de/fussball/1-mannschaft/" "Mozilla/5.0 (Windows NT 6.1; WOW64; Trident/7.0; rv:11.0) like Gecko" "-"
79.221.121.0 - - [03/Aug/2018:15:58:02 +0200] "GET /wp-content/themes/fcs/js/jquery.smartmenus.min.js?ver=1418750004 HTTP/1.1" 304 - www.fc-schnaittach.de "https://www.fc-schnaittach.de/fussball/1-mannschaft/" "Mozilla/5.0 (Windows NT 6.1; WOW64; Trident/7.0; rv:11.0) like Gecko" "-"
79.221.121.0 - - [03/Aug/2018:15:58:02 +0200] "GET /wp-content/themes/fcs/js/jquery.smartmenus.bootstrap.min.js?ver=1418750004 HTTP/1.1" 304 - www.fc-schnaittach.de "https://www.fc-schnaittach.de/fussball/1-mannschaft/" "Mozilla/5.0 (Windows NT 6.1; WOW64; Trident/7.0; rv:11.0) like Gecko" "-"
79.221.121.0 - - [03/Aug/2018:15:58:02 +0200] "GET /wp-content/plugins/contact-form-7/includes/js/scripts.js?ver=5.0.2 HTTP/1.1" 304 - www.fc-schnaittach.de "https://www.fc-schnaittach.de/fussball/1-mannschaft/" "Mozilla/5.0 (Windows NT 6.1; WOW64; Trident/7.0; rv:11.0) like Gecko" "-"
79.221.121.0 - - [03/Aug/2018:15:58:02 +0200] "GET /wp-includes/js/wp-embed.min.js?ver=4.9.8 HTTP/1.1" 304 - www.fc-schnaittach.de "https://www.fc-schnaittach.de/fussball/1-mannschaft/" "Mozilla/5.0 (Windows NT 6.1; WOW64; Trident/7.0; rv:11.0) like Gecko" "-"
79.221.121.0 - - [03/Aug/2018:15:59:00 +0200] "GET /fussball/damen/spielplan-tabelle/ HTTP/1.1" 200 6781 www.fc-schnaittach.de "https://www.fc-schnaittach.de/fussball/1-mannschaft/" "Mozilla/5.0 (Windows NT 6.1; WOW64; Trident/7.0; rv:11.0) like Gecko" "-"
79.221.121.0 - - [03/Aug/2018:15:59:07 +0200] "GET /fussball/1-mannschaft/nachrichten-aus-der-liga-kreisliga-erlangen-pegnitzgrund-2/ HTTP/1.1" 200 8212 www.fc-schnaittach.de "https://www.fc-schnaittach.de/fussball/damen/spielplan-tabelle/" "Mozilla/5.0 (Windows NT 6.1; WOW64; Trident/7.0; rv:11.0) like Gecko" "-"
79.221.121.0 - - [03/Aug/2018:15:59:08 +0200] "GET /wp-content/themes/fcs/images/fussball.jpg HTTP/1.1" 301 279 www.fc-schnaittach.de "-" "Mozilla/5.0 (Windows NT 6.1; WOW64; Trident/7.0; rv:11.0) like Gecko" "-"
79.221.121.0 - - [03/Aug/2018:15:59:09 +0200] "GET /wp-content/themes/fcs/images/fussball.jpg HTTP/1.1" 200 26126 www.fc-schnaittach.de "-" "Mozilla/5.0 (Windows NT 6.1; WOW64; Trident/7.0; rv:11.0) like Gecko" "-"
157.55.39.0 - - [03/Aug/2018:15:59:19 +0200] "GET /wp-content/uploads/2018/06/9.jpg HTTP/1.1" 200 205874 www.fc-schnaittach.de "-" "Mozilla/5.0 (compatible; bingbot/2.0; +http://www.bing.com/bingbot.htm)" "-"
157.55.39.0 - - [03/Aug/2018:16:06:35 +0200] "GET /tischtennis/ HTTP/1.1" 200 6023 www.fc-schnaittach.de "-" "Mozilla/5.0 (compatible; bingbot/2.0; +http://www.bing.com/bingbot.htm)" "-"
151.80.39.0 - - [03/Aug/2018:16:07:27 +0200] "GET /terminplan-2015/ HTTP/1.1" 301 23 www.fc-schnaittach.de "-" "Mozilla/5.0 (compatible; AhrefsBot/5.2; +http://ahrefs.com/robot/)" "-"
207.46.13.0 - - [03/Aug/2018:16:10:33 +0200] "GET /wp-content/themes/fcs/images/production/Wandern_Production.jpg?ver=1487205003 HTTP/1.1" 200 16247 www.fc-schnaittach.de "-" "Mozilla/5.0 (compatible; bingbot/2.0; +http://www.bing.com/bingbot.htm)" "-"
157.55.39.0 - - [03/Aug/2018:16:16:22 +0200] "GET /veranstaltungsart/1-mannschaft/ HTTP/1.1" 200 7692 www.fc-schnaittach.de "-" "Mozilla/5.0 (compatible; bingbot/2.0; +http://www.bing.com/bingbot.htm)" "-"
217.160.63.0 - - [03/Aug/2018:16:23:06 +0200] "POST /wp-cron.php?doing_wp_cron=1533306186.5808410644531250000000 HTTP/1.1" 200 23 www.fc-schnaittach.de "https://www.fc-schnaittach.de/wp-cron.php?doing_wp_cron=1533306186.5808410644531250000000" "WordPress/4.9.8; https://www.fc-schnaittach.de" "-"
66.249.66.0 - - [03/Aug/2018:16:23:06 +0200] "GET /sitemap-pt-page-2015-05.xml HTTP/1.1" 200 607 www.fc-schnaittach.de "-" "Mozilla/5.0 (compatible; Googlebot/2.1; +http://www.google.com/bot.html)" "-"
66.249.66.0 - - [03/Aug/2018:16:26:15 +0200] "GET /sitemap-pt-page-2017-08.xml HTTP/1.1" 200 586 www.fc-schnaittach.de "-" "Mozilla/5.0 (compatible; Googlebot/2.1; +http://www.google.com/bot.html)" "-"
5.248.253.0 - - [03/Aug/2018:16:35:29 +0200] "GET /fussball/damen/ HTTP/1.1" 200 34396 www.fc-schnaittach.de "https://balkanfarma.org/" "Mozilla/4.0 (compatible; MSIE 6.0; Windows XP)" "-"
5.248.253.0 - - [03/Aug/2018:16:35:30 +0200] "GET /fussball/damen/ HTTP/1.1" 200 34396 www.fc-schnaittach.de "https://balkanfarma.org/" "Mozilla/4.0 (compatible; MSIE 6.0; Windows XP)" "-"
5.248.253.0 - - [03/Aug/2018:16:35:30 +0200] "GET /fussball/damen/ HTTP/1.1" 200 34396 www.fc-schnaittach.de "https://balkanfarma.org/" "Mozilla/4.0 (compatible; MSIE 6.0; Windows XP)" "-"
66.249.66.0 - - [03/Aug/2018:16:37:01 +0200] "GET /budo-freundschaftstraining-in-erlangen-30-10/ HTTP/1.1" 404 5767 www.fc-schnaittach.de "-" "Mozilla/5.0 (Linux; Android 6.0.1; Nexus 5X Build/MMB29P) AppleWebKit/537.36 (KHTML, like Gecko) Chrome/41.0.2272.96 Mobile Safari/537.36 (compatible; Googlebot/2.1; +http://www.google.com/bot.html)" "-"
207.46.13.0 - - [03/Aug/2018:16:37:29 +0200] "GET /wp-content/uploads/2015/03/SAM_0365-768x1024.jpg HTTP/1.1" 301 286 www.fc-schnaittach.de "-" "Mozilla/5.0 (compatible; bingbot/2.0; +http://www.bing.com/bingbot.htm)" "-"
207.46.13.0 - - [03/Aug/2018:16:37:30 +0200] "GET /wp-content/uploads/2015/03/SAM_0365-768x1024.jpg HTTP/1.1" 200 81702 www.fc-schnaittach.de "-" "Mozilla/5.0 (compatible; bingbot/2.0; +http://www.bing.com/bingbot.htm)" "-"
207.46.13.0 - - [03/Aug/2018:16:40:40 +0200] "GET /category/news/tischtennis/ HTTP/1.1" 200 6619 www.fc-schnaittach.de "-" "Mozilla/5.0 (compatible; bingbot/2.0; +http://www.bing.com/bingbot.htm)" "-"
66.249.66.0 - - [03/Aug/2018:16:41:55 +0200] "GET /wp-includes/js/wp-emoji-release.min.js?ver=4.9.4 HTTP/1.1" 301 286 www.fc-schnaittach.de "http://www.fc-schnaittach.de/fussball/1-mannschaft/nachrichten-aus-der-liga-kreisliga-erlangen-pegnitzgrund-2/" "Mozilla/5.0 AppleWebKit/537.36 (KHTML, like Gecko; compatible; Googlebot/2.1; +http://www.google.com/bot.html) Safari/537.36" "-"
66.249.66.0 - - [03/Aug/2018:16:41:55 +0200] "GET /wp-content/plugins/feedzy-rss-feeds/css/feedzy-rss-feeds.css?ver=3.2.9 HTTP/1.1" 301 308 www.fc-schnaittach.de "http://www.fc-schnaittach.de/fussball/1-mannschaft/nachrichten-aus-der-liga-kreisliga-erlangen-pegnitzgrund-2/" "Mozilla/5.0 AppleWebKit/537.36 (KHTML, like Gecko; compatible; Googlebot/2.1; +http://www.google.com/bot.html) Safari/537.36" "-"
66.249.66.0 - - [03/Aug/2018:16:41:56 +0200] "GET /wp-includes/js/wp-embed.min.js?ver=4.9.4 HTTP/1.1" 301 278 www.fc-schnaittach.de "http://www.fc-schnaittach.de/fussball/1-mannschaft/nachrichten-aus-der-liga-kreisliga-erlangen-pegnitzgrund-2/" "Mozilla/5.0 AppleWebKit/537.36 (KHTML, like Gecko; compatible; Googlebot/2.1; +http://www.google.com/bot.html) Safari/537.36" "-"
207.46.13.0 - - [03/Aug/2018:16:43:15 +0200] "GET /dragonrun/attachment/17/ HTTP/1.1" 200 195 www.fc-schnaittach.de "-" "Mozilla/5.0 (compatible; bingbot/2.0; +http://www.bing.com/bingbot.htm)" "-"
13.82.188.0 - - [03/Aug/2018:16:56:36 +0200] "HEAD / HTTP/1.1" 301 - www.fc-schnaittach.de "-" "HTTPing v2.4" "-"
66.249.66.0 - - [03/Aug/2018:17:01:12 +0200] "GET /vorstandstermine-2016/ HTTP/1.1" 404 5767 www.fc-schnaittach.de "-" "Mozilla/5.0 (compatible; Googlebot/2.1; +http://www.google.com/bot.html)" "-"
54.36.149.0 - - [03/Aug/2018:17:02:15 +0200] "GET /wp-content/uploads/2015/04/P4197519.jpg HTTP/1.1" 200 291524 www.fc-schnaittach.de "-" "Mozilla/5.0 (compatible; AhrefsBot/5.2; +http://ahrefs.com/robot/)" "-"
85.25.210.0 - - [03/Aug/2018:17:06:24 +0200] "GET /robots.txt HTTP/1.1" 301 248 www.fc-schnaittach.de "-" "Mozilla/5.0 (compatible; adscanner/)" "-"
85.25.210.0 - - [03/Aug/2018:17:06:25 +0200] "GET /robots.txt HTTP/1.1" 200 35 www.fc-schnaittach.de "-" "Mozilla/5.0 (compatible; adscanner/)" "-"
85.25.210.0 - - [03/Aug/2018:17:06:25 +0200] "GET /wp-content/uploads/2018/07/26-150x150.jpg HTTP/1.1" 301 279 www.fc-schnaittach.de "-" "Mozilla/5.0 (compatible; adscanner/)" "-"
85.25.210.0 - - [03/Aug/2018:17:06:25 +0200] "GET /wp-content/uploads/2018/07/26-150x150.jpg HTTP/1.1" 200 5852 www.fc-schnaittach.de "-" "Mozilla/5.0 (compatible; adscanner/)" "-"
66.249.66.0 - - [03/Aug/2018:17:08:28 +0200] "GET /sitemap-pt-post-2016-01.xml HTTP/1.1" 200 696 www.fc-schnaittach.de "-" "Mozilla/5.0 (compatible; Googlebot/2.1; +http://www.google.com/bot.html)" "-"
66.249.66.0 - - [03/Aug/2018:17:16:48 +0200] "GET /sitemap-pt-page-2015-07.xml HTTP/1.1" 200 604 www.fc-schnaittach.de "-" "Mozilla/5.0 (compatible; Googlebot/2.1; +http://www.google.com/bot.html)" "-"
54.36.149.0 - - [03/Aug/2018:17:17:54 +0200] "GET /hauptverein/vereinsbus/feed/ HTTP/1.1" 200 544 www.fc-schnaittach.de "-" "Mozilla/5.0 (compatible; AhrefsBot/5.2; +http://ahrefs.com/robot/)" "-"
54.36.148.0 - - [03/Aug/2018:17:19:05 +0200] "GET /wp-content/uploads/2015/02/DSC02793.jpg HTTP/1.1" 200 132491 www.fc-schnaittach.de "-" "Mozilla/5.0 (compatible; AhrefsBot/5.2; +http://ahrefs.com/robot/)" "-"
207.46.13.0 - - [03/Aug/2018:17:23:37 +0200] "GET /wp-content/uploads/2014/10/R_Ziegler-260x300.jpg HTTP/1.1" 301 286 www.fc-schnaittach.de "-" "Mozilla/5.0 (compatible; bingbot/2.0; +http://www.bing.com/bingbot.htm)" "-"
207.46.13.0 - - [03/Aug/2018:17:23:39 +0200] "GET /wp-content/uploads/2014/10/R_Ziegler-260x300.jpg HTTP/1.1" 200 21500 www.fc-schnaittach.de "-" "Mozilla/5.0 (compatible; bingbot/2.0; +http://www.bing.com/bingbot.htm)" "-"
217.160.63.0 - - [03/Aug/2018:17:27:19 +0200] "POST /wp-cron.php?doing_wp_cron=1533310039.5766639709472656250000 HTTP/1.1" 200 23 www.fc-schnaittach.de "https://www.fc-schnaittach.de/wp-cron.php?doing_wp_cron=1533310039.5766639709472656250000" "WordPress/4.9.8; https://www.fc-schnaittach.de" "-"
66.249.66.0 - - [03/Aug/2018:17:27:19 +0200] "GET / HTTP/1.1" 301 23 fc-schnaittach.de "-" "Mozilla/5.0 (compatible; Googlebot/2.1; +http://www.google.com/bot.html)" "-"
66.249.66.0 - - [03/Aug/2018:17:27:20 +0200] "GET / HTTP/1.1" 301 238 fc-schnaittach.de "-" "Mozilla/5.0 (compatible; Googlebot/2.1; +http://www.google.com/bot.html)" "-"
54.36.148.0 - - [03/Aug/2018:17:34:04 +0200] "GET /fussball/1-mannschaft/ HTTP/1.1" 200 7401 www.fc-schnaittach.de "-" "Mozilla/5.0 (compatible; AhrefsBot/5.2; +http://ahrefs.com/robot/)" "-"
46.119.6.0 - - [03/Aug/2018:17:37:02 +0200] "POST /wp-login.php HTTP/1.1" 200 1370 www.fc-schnaittach.de "https://www.fc-schnaittach.de/wp-login.php" "Mozilla/5.0 (Windows NT 10.0; WOW64) AppleWebKit/537.36 (KHTML, like Gecko) Chrome/53.0.2785.143 Safari/537.36" "-"
46.119.6.0 - - [03/Aug/2018:17:37:02 +0200] "GET /wp-admin/ HTTP/1.1" 302 23 www.fc-schnaittach.de "https://www.fc-schnaittach.de/wp-admin/" "Mozilla/5.0 (Windows NT 10.0; WOW64) AppleWebKit/537.36 (KHTML, like Gecko) Chrome/53.0.2785.143 Safari/537.36" "-"
46.119.6.0 - - [03/Aug/2018:17:37:14 +0200] "POST /wp-login.php HTTP/1.1" 200 1366 www.fc-schnaittach.de "https://www.fc-schnaittach.de/wp-login.php" "Mozilla/5.0 (Windows NT 10.0; WOW64) AppleWebKit/537.36 (KHTML, like Gecko) Chrome/53.0.2785.143 Safari/537.36" "-"
46.119.6.0 - - [03/Aug/2018:17:37:15 +0200] "GET /wp-admin/ HTTP/1.1" 302 23 www.fc-schnaittach.de "https://www.fc-schnaittach.de/wp-admin/" "Mozilla/5.0 (Windows NT 10.0; WOW64) AppleWebKit/537.36 (KHTML, like Gecko) Chrome/53.0.2785.143 Safari/537.36" "-"
77.75.76.0 - - [03/Aug/2018:17:41:26 +0200] "GET /robots.txt HTTP/1.1" 200 35 www.fc-schnaittach.de "-" "Mozilla/5.0 (compatible; SeznamBot/3.2; +http://napoveda.seznam.cz/en/seznambot-intro/)" "-"
2a02:598:: - - [03/Aug/2018:17:41:27 +0200] "GET /wp-content/uploads/2018/06/13.jpg HTTP/1.1" 200 178618 www.fc-schnaittach.de "-" "Mozilla/5.0 (compatible; SeznamBot/3.2; +http://napoveda.seznam.cz/en/seznambot-intro/)" "-"
77.75.76.0 - - [03/Aug/2018:17:41:27 +0200] "GET /robots.txt HTTP/1.1" 301 248 www.fc-schnaittach.de "-" "Mozilla/5.0 (compatible; SeznamBot/3.2; +http://napoveda.seznam.cz/en/seznambot-intro/)" "-"
2a02:598:: - - [03/Aug/2018:17:41:28 +0200] "GET /wp-content/uploads/2015/08/IMG_6470-300x225.jpg HTTP/1.1" 301 285 www.fc-schnaittach.de "-" "Mozilla/5.0 (compatible; SeznamBot/3.2; +http://napoveda.seznam.cz/en/seznambot-intro/)" "-"
207.46.13.0 - - [03/Aug/2018:17:44:42 +0200] "GET /wp-content/uploads/2014/10/R_Ziegler-260x300.jpg HTTP/1.1" 301 286 www.fc-schnaittach.de "-" "Mozilla/5.0 (compatible; bingbot/2.0; +http://www.bing.com/bingbot.htm)" "-"
207.46.13.0 - - [03/Aug/2018:17:44:43 +0200] "GET /wp-content/uploads/2014/10/R_Ziegler-260x300.jpg HTTP/1.1" 200 21500 www.fc-schnaittach.de "-" "Mozilla/5.0 (compatible; bingbot/2.0; +http://www.bing.com/bingbot.htm)" "-"
207.46.13.0 - - [03/Aug/2018:17:48:59 +0200] "GET /budo/ HTTP/1.1" 200 7430 www.fc-schnaittach.de "-" "Mozilla/5.0 (compatible; bingbot/2.0; +http://www.bing.com/bingbot.htm)" "-"
216.244.66.0 - - [03/Aug/2018:17:49:08 +0200] "GET /robots.txt HTTP/1.1" 301 248 www.fc-schnaittach.de "-" "Mozilla/5.0 (compatible; DotBot/1.1; http://www.opensiteexplorer.org/dotbot, help@moz.com)" "-"
216.244.66.0 - - [03/Aug/2018:17:49:12 +0200] "GET /robots.txt HTTP/1.1" 200 35 www.fc-schnaittach.de "-" "Mozilla/5.0 (compatible; DotBot/1.1; http://www.opensiteexplorer.org/dotbot, help@moz.com)" "-"
207.46.13.0 - - [03/Aug/2018:18:11:34 +0200] "GET /fussball/ HTTP/1.1" 200 6514 www.fc-schnaittach.de "-" "Mozilla/5.0 (compatible; bingbot/2.0; +http://www.bing.com/bingbot.htm)" "-"
207.46.13.0 - - [03/Aug/2018:18:13:32 +0200] "GET /tag/jahresfahrt/ HTTP/1.1" 200 5695 www.fc-schnaittach.de "-" "Mozilla/5.0 (compatible; bingbot/2.0; +http://www.bing.com/bingbot.htm)" "-"
216.244.66.0 - - [03/Aug/2018:18:13:45 +0200] "GET /robots.txt HTTP/1.1" 301 248 www.fc-schnaittach.de "-" "Mozilla/5.0 (compatible; DotBot/1.1; http://www.opensiteexplorer.org/dotbot, help@moz.com)" "-"
216.244.66.0 - - [03/Aug/2018:18:13:49 +0200] "GET /robots.txt HTTP/1.1" 200 35 www.fc-schnaittach.de "-" "Mozilla/5.0 (compatible; DotBot/1.1; http://www.opensiteexplorer.org/dotbot, help@moz.com)" "-"
54.36.148.0 - - [03/Aug/2018:18:13:51 +0200] "GET /einladung-zur-mitgliederversammlung-18-03-2016/feed/ HTTP/1.1" 200 556 www.fc-schnaittach.de "-" "Mozilla/5.0 (compatible; AhrefsBot/5.2; +http://ahrefs.com/robot/)" "-"
157.55.39.0 - - [03/Aug/2018:18:17:25 +0200] "GET /ehrenabend-beim-1-fc-schnaittach/ HTTP/1.1" 200 8109 www.fc-schnaittach.de "-" "Mozilla/5.0 (compatible; bingbot/2.0; +http://www.bing.com/bingbot.htm)" "-"
66.249.66.0 - - [03/Aug/2018:18:23:16 +0200] "GET /fcs-ii-fc-eckenhaid-ii-32-20-09-2015/ HTTP/1.1" 404 5768 www.fc-schnaittach.de "-" "Mozilla/5.0 (compatible; Googlebot/2.1; +http://www.google.com/bot.html)" "-"
217.160.63.0 - - [03/Aug/2018:18:23:17 +0200] "POST /wp-cron.php?doing_wp_cron=1533313397.5590240955352783203125 HTTP/1.1" 301 297 www.fc-schnaittach.de "http://www.fc-schnaittach.de/wp-cron.php?doing_wp_cron=1533313397.5590240955352783203125" "WordPress/4.9.8; https://www.fc-schnaittach.de" "-"
91.55.102.0 - - [03/Aug/2018:18:23:49 +0200] "GET /wp-content/uploads/2018/05/Small_Wall_1-300x300.jpg HTTP/1.1" 200 25990 www.fc-schnaittach.de "https://www.google.de/" "Mozilla/5.0 (Windows NT 6.1) AppleWebKit/537.36 (KHTML, like Gecko) Chrome/61.0.3163.100 Safari/537.36" "-"
91.55.102.0 - - [03/Aug/2018:18:25:24 +0200] "GET /wp-content/uploads/2015/04/FCS-1-Mannschaft-1961-2.jpg HTTP/1.1" 301 292 www.fc-schnaittach.de "https://www.google.de/" "Mozilla/5.0 (Windows NT 6.1) AppleWebKit/537.36 (KHTML, like Gecko) Chrome/61.0.3163.100 Safari/537.36" "-"
91.55.102.0 - - [03/Aug/2018:18:25:24 +0200] "GET /wp-content/uploads/2015/04/FCS-1-Mannschaft-1961-2.jpg HTTP/1.1" 200 34637 www.fc-schnaittach.de "https://www.google.de/" "Mozilla/5.0 (Windows NT 6.1) AppleWebKit/537.36 (KHTML, like Gecko) Chrome/61.0.3163.100 Safari/537.36" "-"
217.160.63.0 - - [03/Aug/2018:18:25:32 +0200] "HEAD /wp-content/uploads/2015/08/IMG_6453-300x225.jpg HTTP/1.1" 301 - www.fc-schnaittach.de "https://www.fc-schnaittach.de" "Mozilla/5.0 (compatible; MSIE 9.0; Windows NT 6.1; WOW64; Trident/5.0)" "-"
217.160.63.0 - - [03/Aug/2018:18:25:32 +0200] "HEAD /wp-content/uploads/2015/08/IMG_6453-300x225.jpg HTTP/1.1" 200 - www.fc-schnaittach.de "https://www.fc-schnaittach.de" "Mozilla/5.0 (compatible; MSIE 9.0; Windows NT 6.1; WOW64; Trident/5.0)" "-"
91.55.102.0 - - [03/Aug/2018:18:25:32 +0200] "GET /hauptverein/geschichte/ HTTP/1.1" 200 8060 www.fc-schnaittach.de "https://www.google.de/" "Mozilla/5.0 (Windows NT 6.1) AppleWebKit/537.36 (KHTML, like Gecko) Chrome/61.0.3163.100 Safari/537.36" "-"
217.160.63.0 - - [03/Aug/2018:18:25:32 +0200] "POST /wp-cron.php?doing_wp_cron=1533313532.5243270397186279296875 HTTP/1.1" 200 23 www.fc-schnaittach.de "https://www.fc-schnaittach.de/wp-cron.php?doing_wp_cron=1533313532.5243270397186279296875" "WordPress/4.9.8; https://www.fc-schnaittach.de" "-"
91.55.102.0 - - [03/Aug/2018:18:25:33 +0200] "GET /wp-content/plugins/contact-form-7/includes/css/styles.css?ver=5.0.2 HTTP/1.1" 200 1683 www.fc-schnaittach.de "https://www.fc-schnaittach.de/hauptverein/geschichte/" "Mozilla/5.0 (Windows NT 6.1) AppleWebKit/537.36 (KHTML, like Gecko) Chrome/61.0.3163.100 Safari/537.36" "-"
91.55.102.0 - - [03/Aug/2018:18:25:33 +0200] "GET /wp-content/plugins/feedzy-rss-feeds/css/feedzy-rss-feeds.css?ver=3.2.10 HTTP/1.1" 200 9822 www.fc-schnaittach.de "https://www.fc-schnaittach.de/hauptverein/geschichte/" "Mozilla/5.0 (Windows NT 6.1) AppleWebKit/537.36 (KHTML, like Gecko) Chrome/61.0.3163.100 Safari/537.36" "-"
91.55.102.0 - - [03/Aug/2018:18:25:33 +0200] "GET /wp-content/plugins/recently-updated-posts-widget/css/style.css?ver=4.9.8 HTTP/1.1" 200 45 www.fc-schnaittach.de "https://www.fc-schnaittach.de/hauptverein/geschichte/" "Mozilla/5.0 (Windows NT 6.1) AppleWebKit/537.36 (KHTML, like Gecko) Chrome/61.0.3163.100 Safari/537.36" "-"
91.55.102.0 - - [03/Aug/2018:18:25:33 +0200] "GET /wp-content/plugins/user-access-manager/assets/css/uamLoginForm.css?ver=2.1.11 HTTP/1.1" 200 468 www.fc-schnaittach.de "https://www.fc-schnaittach.de/hauptverein/geschichte/" "Mozilla/5.0 (Windows NT 6.1) AppleWebKit/537.36 (KHTML, like Gecko) Chrome/61.0.3163.100 Safari/537.36" "-"
91.55.102.0 - - [03/Aug/2018:18:25:33 +0200] "GET /wp-includes/js/jquery/jquery.js?ver=1.12.4 HTTP/1.1" 200 97184 www.fc-schnaittach.de "https://www.fc-schnaittach.de/hauptverein/geschichte/" "Mozilla/5.0 (Windows NT 6.1) AppleWebKit/537.36 (KHTML, like Gecko) Chrome/61.0.3163.100 Safari/537.36" "-"
91.55.102.0 - - [03/Aug/2018:18:25:33 +0200] "GET /wp-includes/js/jquery/jquery-migrate.min.js?ver=1.4.1 HTTP/1.1" 200 10056 www.fc-schnaittach.de "https://www.fc-schnaittach.de/hauptverein/geschichte/" "Mozilla/5.0 (Windows NT 6.1) AppleWebKit/537.36 (KHTML, like Gecko) Chrome/61.0.3163.100 Safari/537.36" "-"
91.55.102.0 - - [03/Aug/2018:18:25:33 +0200] "GET /wp-content/themes/fcs/css/jquery.smartmenus.bootstrap.css?ver=1418749976 HTTP/1.1" 200 3128 www.fc-schnaittach.de "https://www.fc-schnaittach.de/hauptverein/geschichte/" "Mozilla/5.0 (Windows NT 6.1) AppleWebKit/537.36 (KHTML, like Gecko) Chrome/61.0.3163.100 Safari/537.36" "-"
91.55.102.0 - - [03/Aug/2018:18:25:34 +0200] "GET /wp-content/themes/fcs/style.css?ver=1460744932 HTTP/1.1" 200 22587 www.fc-schnaittach.de "https://www.fc-schnaittach.de/hauptverein/geschichte/" "Mozilla/5.0 (Windows NT 6.1) AppleWebKit/537.36 (KHTML, like Gecko) Chrome/61.0.3163.100 Safari/537.36" "-"
91.55.102.0 - - [03/Aug/2018:18:25:34 +0200] "GET /wp-content/themes/fcs/js/fcs.js?ver=1442772175 HTTP/1.1" 200 5542 www.fc-schnaittach.de "https://www.fc-schnaittach.de/hauptverein/geschichte/" "Mozilla/5.0 (Windows NT 6.1) AppleWebKit/537.36 (KHTML, like Gecko) Chrome/61.0.3163.100 Safari/537.36" "-"
91.55.102.0 - - [03/Aug/2018:18:25:34 +0200] "GET /wp-content/themes/fcs/js/jquery.smartmenus.min.js?ver=1418750004 HTTP/1.1" 200 22672 www.fc-schnaittach.de "https://www.fc-schnaittach.de/hauptverein/geschichte/" "Mozilla/5.0 (Windows NT 6.1) AppleWebKit/537.36 (KHTML, like Gecko) Chrome/61.0.3163.100 Safari/537.36" "-"
91.55.102.0 - - [03/Aug/2018:18:25:34 +0200] "GET /wp-content/themes/fcs/js/jquery.smartmenus.bootstrap.min.js?ver=1418750004 HTTP/1.1" 200 1252 www.fc-schnaittach.de "https://www.fc-schnaittach.de/hauptverein/geschichte/" "Mozilla/5.0 (Windows NT 6.1) AppleWebKit/537.36 (KHTML, like Gecko) Chrome/61.0.3163.100 Safari/537.36" "-"
91.55.102.0 - - [03/Aug/2018:18:25:34 +0200] "GET /wp-content/plugins/contact-form-7/includes/js/scripts.js?ver=5.0.2 HTTP/1.1" 200 14585 www.fc-schnaittach.de "https://www.fc-schnaittach.de/hauptverein/geschichte/" "Mozilla/5.0 (Windows NT 6.1) AppleWebKit/537.36 (KHTML, like Gecko) Chrome/61.0.3163.100 Safari/537.36" "-"
91.55.102.0 - - [03/Aug/2018:18:25:34 +0200] "GET /wp-includes/js/wp-embed.min.js?ver=4.9.8 HTTP/1.1" 200 1398 www.fc-schnaittach.de "https://www.fc-schnaittach.de/hauptverein/geschichte/" "Mozilla/5.0 (Windows NT 6.1) AppleWebKit/537.36 (KHTML, like Gecko) Chrome/61.0.3163.100 Safari/537.36" "-"
91.55.102.0 - - [03/Aug/2018:18:25:34 +0200] "GET /wp-content/themes/fcs/images/production/FcsWappen.png?ver=1487205002 HTTP/1.1" 200 12482 www.fc-schnaittach.de "https://www.fc-schnaittach.de/hauptverein/geschichte/" "Mozilla/5.0 (Windows NT 6.1) AppleWebKit/537.36 (KHTML, like Gecko) Chrome/61.0.3163.100 Safari/537.36" "-"
91.55.102.0 - - [03/Aug/2018:18:25:34 +0200] "GET /wp-content/uploads/2015/04/FCS-1-Mannschaft-1961-2-300x201.jpg HTTP/1.1" 200 18857 www.fc-schnaittach.de "https://www.fc-schnaittach.de/hauptverein/geschichte/" "Mozilla/5.0 (Windows NT 6.1) AppleWebKit/537.36 (KHTML, like Gecko) Chrome/61.0.3163.100 Safari/537.36" "-"
91.55.102.0 - - [03/Aug/2018:18:25:34 +0200] "GET /wp-content/uploads/2015/04/FCS-1Jugend-1959-300x209.gif HTTP/1.1" 301 293 www.fc-schnaittach.de "-" "Mozilla/5.0 (Windows NT 6.1) AppleWebKit/537.36 (KHTML, like Gecko) Chrome/61.0.3163.100 Safari/537.36" "-"
91.55.102.0 - - [03/Aug/2018:18:25:34 +0200] "GET /wp-content/uploads/2015/04/FCS-2-Mannschaft-Meister-19-300x225.jpg HTTP/1.1" 200 23895 www.fc-schnaittach.de "https://www.fc-schnaittach.de/hauptverein/geschichte/" "Mozilla/5.0 (Windows NT 6.1) AppleWebKit/537.36 (KHTML, like Gecko) Chrome/61.0.3163.100 Safari/537.36" "-"
91.55.102.0 - - [03/Aug/2018:18:25:34 +0200] "GET /wp-content/uploads/2015/04/2-Mannschaft-1960-1-300x201.jpg HTTP/1.1" 200 20819 www.fc-schnaittach.de "https://www.fc-schnaittach.de/hauptverein/geschichte/" "Mozilla/5.0 (Windows NT 6.1) AppleWebKit/537.36 (KHTML, like Gecko) Chrome/61.0.3163.100 Safari/537.36" "-"
91.55.102.0 - - [03/Aug/2018:18:25:34 +0200] "GET /wp-content/uploads/2015/04/1.Mannschaft-1955-300x214.jpg HTTP/1.1" 200 24384 www.fc-schnaittach.de "https://www.fc-schnaittach.de/hauptverein/geschichte/" "Mozilla/5.0 (Windows NT 6.1) AppleWebKit/537.36 (KHTML, like Gecko) Chrome/61.0.3163.100 Safari/537.36" "-"
91.55.102.0 - - [03/Aug/2018:18:25:34 +0200] "GET /wp-content/themes/fcs/images/production/FcsWappen.png HTTP/1.1" 200 12482 www.fc-schnaittach.de "https://www.fc-schnaittach.de/hauptverein/geschichte/" "Mozilla/5.0 (Windows NT 6.1) AppleWebKit/537.36 (KHTML, like Gecko) Chrome/61.0.3163.100 Safari/537.36" "-"
91.55.102.0 - - [03/Aug/2018:18:25:34 +0200] "GET /wp-includes/js/wp-emoji-release.min.js?ver=4.9.8 HTTP/1.1" 200 12026 www.fc-schnaittach.de "https://www.fc-schnaittach.de/hauptverein/geschichte/" "Mozilla/5.0 (Windows NT 6.1) AppleWebKit/537.36 (KHTML, like Gecko) Chrome/61.0.3163.100 Safari/537.36" "-"
91.55.102.0 - - [03/Aug/2018:18:25:34 +0200] "GET /wp-content/uploads/2015/04/FCS-1Jugend-1959-300x209.gif HTTP/1.1" 200 33426 www.fc-schnaittach.de "-" "Mozilla/5.0 (Windows NT 6.1) AppleWebKit/537.36 (KHTML, like Gecko) Chrome/61.0.3163.100 Safari/537.36" "-"
91.55.102.0 - - [03/Aug/2018:18:25:34 +0200] "GET /wp-content/themes/fcs/images/production/FcsWappen.ico?ver=1420564287 HTTP/1.1" 200 4606 www.fc-schnaittach.de "https://www.fc-schnaittach.de/hauptverein/geschichte/" "Mozilla/5.0 (Windows NT 6.1) AppleWebKit/537.36 (KHTML, like Gecko) Chrome/61.0.3163.100 Safari/537.36" "-"
217.160.63.0 - - [03/Aug/2018:18:25:34 +0200] "HEAD /wp-content/uploads/2014/12/DSC04741.jpg HTTP/1.1" 301 - www.fc-schnaittach.de "https://www.fc-schnaittach.de" "Mozilla/5.0 (compatible; MSIE 9.0; Windows NT 6.1; WOW64; Trident/5.0)" "-"
217.160.63.0 - - [03/Aug/2018:18:25:34 +0200] "HEAD /wp-content/uploads/2014/12/DSC04741.jpg HTTP/1.1" 200 - www.fc-schnaittach.de "https://www.fc-schnaittach.de" "Mozilla/5.0 (compatible; MSIE 9.0; Windows NT 6.1; WOW64; Trident/5.0)" "-"
217.160.63.0 - - [03/Aug/2018:18:25:36 +0200] "HEAD /wp-content/uploads/2015/01/IMG-20161004-WA0002.jpg HTTP/1.1" 301 - www.fc-schnaittach.de "https://www.fc-schnaittach.de" "Mozilla/5.0 (compatible; MSIE 9.0; Windows NT 6.1; WOW64; Trident/5.0)" "-"
217.160.63.0 - - [03/Aug/2018:18:25:36 +0200] "HEAD /wp-content/uploads/2015/01/IMG-20161004-WA0002.jpg HTTP/1.1" 200 - www.fc-schnaittach.de "https://www.fc-schnaittach.de" "Mozilla/5.0 (compatible; MSIE 9.0; Windows NT 6.1; WOW64; Trident/5.0)" "-"
217.160.63.0 - - [03/Aug/2018:18:25:38 +0200] "HEAD /wp-content/uploads/2016/11/FCS_MW41076_online.jpg HTTP/1.1" 301 - www.fc-schnaittach.de "https://www.fc-schnaittach.de" "Mozilla/5.0 (compatible; MSIE 9.0; Windows NT 6.1; WOW64; Trident/5.0)" "-"
217.160.63.0 - - [03/Aug/2018:18:25:38 +0200] "HEAD /wp-content/uploads/2016/11/FCS_MW41076_online.jpg HTTP/1.1" 200 - www.fc-schnaittach.de "https://www.fc-schnaittach.de" "Mozilla/5.0 (compatible; MSIE 9.0; Windows NT 6.1; WOW64; Trident/5.0)" "-"
217.160.63.0 - - [03/Aug/2018:18:25:42 +0200] "HEAD /wp-content/uploads/2015/10/Aktion-Spenderstein-162x300.jpg HTTP/1.1" 301 - www.fc-schnaittach.de "https://www.fc-schnaittach.de" "Mozilla/5.0 (compatible; MSIE 9.0; Windows NT 6.1; WOW64; Trident/5.0)" "-"
217.160.63.0 - - [03/Aug/2018:18:25:42 +0200] "HEAD /wp-content/uploads/2015/10/Aktion-Spenderstein-162x300.jpg HTTP/1.1" 200 - www.fc-schnaittach.de "https://www.fc-schnaittach.de" "Mozilla/5.0 (compatible; MSIE 9.0; Windows NT 6.1; WOW64; Trident/5.0)" "-"
217.160.63.0 - - [03/Aug/2018:18:25:47 +0200] "HEAD /wp-content/uploads/2014/12/DSC04741-1.jpg HTTP/1.1" 301 - www.fc-schnaittach.de "https://www.fc-schnaittach.de" "Mozilla/5.0 (compatible; MSIE 9.0; Windows NT 6.1; WOW64; Trident/5.0)" "-"
217.160.63.0 - - [03/Aug/2018:18:25:47 +0200] "HEAD /wp-content/uploads/2014/12/DSC04741-1.jpg HTTP/1.1" 200 - www.fc-schnaittach.de "https://www.fc-schnaittach.de" "Mozilla/5.0 (compatible; MSIE 9.0; Windows NT 6.1; WOW64; Trident/5.0)" "-"
217.160.63.0 - - [03/Aug/2018:18:25:52 +0200] "HEAD /wp-content/uploads/2018/04/Seite01.jpg HTTP/1.1" 200 - www.fc-schnaittach.de "https://www.fc-schnaittach.de" "Mozilla/5.0 (compatible; MSIE 9.0; Windows NT 6.1; WOW64; Trident/5.0)" "-"
217.160.63.0 - - [03/Aug/2018:18:25:57 +0200] "HEAD /wp-content/uploads/2014/10/2-Mannschaft.jpeg HTTP/1.1" 301 - www.fc-schnaittach.de "https://www.fc-schnaittach.de" "Mozilla/5.0 (compatible; MSIE 9.0; Windows NT 6.1; WOW64; Trident/5.0)" "-"
217.160.63.0 - - [03/Aug/2018:18:25:57 +0200] "HEAD /wp-content/uploads/2014/10/2-Mannschaft.jpeg HTTP/1.1" 200 - www.fc-schnaittach.de "https://www.fc-schnaittach.de" "Mozilla/5.0 (compatible; MSIE 9.0; Windows NT 6.1; WOW64; Trident/5.0)" "-"
217.160.63.0 - - [03/Aug/2018:18:26:02 +0200] "HEAD /wp-content/uploads/2015/06/20150613_115859-1024x592.jpg HTTP/1.1" 301 - www.fc-schnaittach.de "https://www.fc-schnaittach.de" "Mozilla/5.0 (compatible; MSIE 9.0; Windows NT 6.1; WOW64; Trident/5.0)" "-"
217.160.63.0 - - [03/Aug/2018:18:26:02 +0200] "HEAD /wp-content/uploads/2015/06/20150613_115859-1024x592.jpg HTTP/1.1" 200 - www.fc-schnaittach.de "https://www.fc-schnaittach.de" "Mozilla/5.0 (compatible; MSIE 9.0; Windows NT 6.1; WOW64; Trident/5.0)" "-"
217.160.63.0 - - [03/Aug/2018:18:26:07 +0200] "HEAD /wp-content/uploads/2014/10/Pr%C3%BCfungsanmeldung_13.6.2015.pdf HTTP/1.1" 301 - www.fc-schnaittach.de "https://www.fc-schnaittach.de" "Mozilla/5.0 (compatible; MSIE 9.0; Windows NT 6.1; WOW64; Trident/5.0)" "-"
217.160.63.0 - - [03/Aug/2018:18:26:07 +0200] "HEAD /wp-content/uploads/2014/10/Pr%c3%bcfungsanmeldung_13.6.2015.pdf HTTP/1.1" 200 - www.fc-schnaittach.de "https://www.fc-schnaittach.de" "Mozilla/5.0 (compatible; MSIE 9.0; Windows NT 6.1; WOW64; Trident/5.0)" "-"
217.160.63.0 - - [03/Aug/2018:18:26:12 +0200] "HEAD /guideline-ocr-dragon-run/ HTTP/1.1" 200 - www.fc-schnaittach.de "https://www.fc-schnaittach.de" "Mozilla/5.0 (compatible; MSIE 9.0; Windows NT 6.1; WOW64; Trident/5.0)" "-"
217.160.63.0 - - [03/Aug/2018:18:26:18 +0200] "HEAD /wp-content/uploads/2015/06/FOvfGhvzlY9EcbZ8-300x169.jpg HTTP/1.1" 301 - www.fc-schnaittach.de "https://www.fc-schnaittach.de" "Mozilla/5.0 (compatible; MSIE 9.0; Windows NT 6.1; WOW64; Trident/5.0)" "-"
217.160.63.0 - - [03/Aug/2018:18:26:18 +0200] "HEAD /wp-content/uploads/2015/06/FOvfGhvzlY9EcbZ8-300x169.jpg HTTP/1.1" 200 - www.fc-schnaittach.de "https://www.fc-schnaittach.de" "Mozilla/5.0 (compatible; MSIE 9.0; Windows NT 6.1; WOW64; Trident/5.0)" "-"
207.46.13.0 - - [03/Aug/2018:18:27:15 +0200] "GET /dragonrun/ HTTP/1.1" 200 11383 www.fc-schnaittach.de "-" "Mozilla/5.0 (compatible; bingbot/2.0; +http://www.bing.com/bingbot.htm)" "-"
54.36.148.0 - - [03/Aug/2018:18:31:05 +0200] "GET /wp-content/uploads/2014/12/13731508269647197.jpg HTTP/1.1" 200 125988 www.fc-schnaittach.de "-" "Mozilla/5.0 (compatible; AhrefsBot/5.2; +http://ahrefs.com/robot/)" "-"
178.137.161.0 - - [03/Aug/2018:18:31:42 +0200] "GET /fussball/damen/ HTTP/1.1" 200 34396 www.fc-schnaittach.de "http://viagra-soft.ru/" "Mozilla/3.0 (compatible; WebCapture 2.0; Auto; Windows)" "-"
178.137.161.0 - - [03/Aug/2018:18:31:46 +0200] "GET /fussball/damen/ HTTP/1.1" 200 34396 www.fc-schnaittach.de "http://viagra-soft.ru/" "Mozilla/3.0 (compatible; WebCapture 2.0; Auto; Windows)" "-"
178.137.161.0 - - [03/Aug/2018:18:31:47 +0200] "GET /fussball/damen/ HTTP/1.1" 200 34396 www.fc-schnaittach.de "http://viagra-soft.ru/" "Mozilla/3.0 (compatible; WebCapture 2.0; Auto; Windows)" "-"
217.160.63.0 - - [03/Aug/2018:18:40:51 +0200] "POST /wp-cron.php?doing_wp_cron=1533314451.7036669254302978515625 HTTP/1.1" 200 23 www.fc-schnaittach.de "https://www.fc-schnaittach.de/wp-cron.php?doing_wp_cron=1533314451.7036669254302978515625" "WordPress/4.9.8; https://www.fc-schnaittach.de" "-"
207.46.13.0 - - [03/Aug/2018:18:40:51 +0200] "GET /maifeiertag-2017/ HTTP/1.1" 200 6760 www.fc-schnaittach.de "-" "Mozilla/5.0 (compatible; bingbot/2.0; +http://www.bing.com/bingbot.htm)" "-"
54.36.149.0 - - [03/Aug/2018:18:42:00 +0200] "GET /wp-content/uploads/2015/04/P4197672.jpg HTTP/1.1" 301 277 www.fc-schnaittach.de "-" "Mozilla/5.0 (compatible; AhrefsBot/5.2; +http://ahrefs.com/robot/)" "-"
157.55.39.0 - - [03/Aug/2018:18:56:08 +0200] "GET /wp-content/uploads/2015/06/20150613_115859.jpg HTTP/1.1" 200 95119 www.fc-schnaittach.de "-" "Mozilla/5.0 (compatible; bingbot/2.0; +http://www.bing.com/bingbot.htm)" "-"
163.172.4.0 - - [03/Aug/2018:18:57:24 +0200] "GET / HTTP/1.1" 301 238 fc-schnaittach.de "http://fc-schnaittach.de/" "Mozilla/5.0 (Windows NT 10.0; Win64; x64) AppleWebKit/537.36 (KHTML, like Gecko) Chrome/57.0.2987.133 Safari/537.36" "-"
163.172.4.0 - - [03/Aug/2018:18:57:24 +0200] "GET / HTTP/1.1" 200 7768 www.fc-schnaittach.de "https://www.fc-schnaittach.de/" "Mozilla/5.0 (Windows NT 10.0; Win64; x64) AppleWebKit/537.36 (KHTML, like Gecko) Chrome/58.0.3029.110 Safari/537.36" "-"
77.220.215.0 - - [03/Aug/2018:18:59:12 +0200] "HEAD / HTTP/1.1" 301 - www.fc-schnaittach.de "http://filter-ot-zheleza.ru/filtry-dlya-ochistki-vody-iz-skvazhiny.html" "Mozilla/5.0 (compatible; MSIE3.00; Windows 2008)" "-"
77.220.213.0 - - [03/Aug/2018:18:59:12 +0200] "HEAD / HTTP/1.1" 301 - www.fc-schnaittach.de "https://leeboyrussia.com/shebneraspredeliteli" "Mozilla/5.0 (compatible; MSIE2.00; Windows 2002)" "-"
185.203.240.0 - - [03/Aug/2018:18:59:12 +0200] "HEAD / HTTP/1.1" 301 - www.fc-schnaittach.de "https://buhproffi.ru/spravka/dokumenty-fizlits/inn" "Mozilla/3.0 (compatible; MSIE4.00; Windows 2005)" "-"
77.220.214.0 - - [03/Aug/2018:18:59:13 +0200] "HEAD / HTTP/1.1" 301 - www.fc-schnaittach.de "https://procrafts.ru/santehnik.php" "Mozilla/3.0 (compatible; MSIE6.00; Windows 2008)" "-"
185.209.20.0 - - [03/Aug/2018:18:59:13 +0200] "HEAD / HTTP/1.1" 301 - www.fc-schnaittach.de "http://shoprybalka.ru/194-blesny-williams-wabler-40" "Mozilla/4.0 (compatible; MSIE2.00; Windows 2004)" "-"
185.154.13.0 - - [03/Aug/2018:18:59:13 +0200] "HEAD / HTTP/1.1" 301 - www.fc-schnaittach.de "https://baikalinvestbank-24.ru/poleznye-stati/kak-vygodno-kupit-mashinu-v-kredit.html" "Mozilla/5.0 (compatible; MSIE3.00; Windows 2002)" "-"
212.86.109.0 - - [03/Aug/2018:18:59:13 +0200] "HEAD / HTTP/1.1" 301 - www.fc-schnaittach.de "https://dent-home.ru/uslugi/vyiezd-stomatologa-za-predelyi-mkad" "Mozilla/2.0 (compatible; MSIE7.00; Windows 2007)" "-"
178.159.39.0 - - [03/Aug/2018:18:59:14 +0200] "HEAD / HTTP/1.1" 301 - www.fc-schnaittach.de "http://www.groshi-kredut.com.ua/trast-bank-online-zayavka-na-kredut.html" "Mozilla/8.0 (compatible; MSIE4.00; Windows 2005)" "-"
194.187.170.0 - - [03/Aug/2018:18:59:37 +0200] "GET /robots.txt HTTP/1.1" 301 248 www.fc-schnaittach.de "-" "Mozilla/5.0 (compatible; Qwantify/2.4w; +https://www.qwant.com/)/2.4w" "-"
194.187.170.0 - - [03/Aug/2018:18:59:37 +0200] "GET /robots.txt HTTP/1.1" 200 35 www.fc-schnaittach.de "-" "Mozilla/5.0 (compatible; Qwantify/2.4w; +https://www.qwant.com/)/2.4w" "-"
194.187.170.0 - - [03/Aug/2018:18:59:37 +0200] "GET /fussball/1-mannschaft/facebook-news/ HTTP/1.1" 200 6938 www.fc-schnaittach.de "-" "Mozilla/5.0 (compatible; Qwantify/2.4w; +https://www.qwant.com/)/2.4w" "-"
207.46.13.0 - - [03/Aug/2018:19:00:09 +0200] "GET /ansprechpartner/tischtennis/ HTTP/1.1" 200 6230 www.fc-schnaittach.de "-" "Mozilla/5.0 (compatible; bingbot/2.0; +http://www.bing.com/bingbot.htm)" "-"
77.75.78.0 - - [03/Aug/2018:19:01:46 +0200] "GET /robots.txt HTTP/1.1" 200 35 www.fc-schnaittach.de "-" "Mozilla/5.0 (compatible; SeznamBot/3.2; +http://napoveda.seznam.cz/en/seznambot-intro/)" "-"
2a02:598:: - - [03/Aug/2018:19:01:46 +0200] "GET /wp-content/uploads/2015/04/click-TT.png HTTP/1.1" 200 4109 www.fc-schnaittach.de "-" "Mozilla/5.0 (compatible; SeznamBot/3.2; +http://napoveda.seznam.cz/en/seznambot-intro/)" "-"
77.75.78.0 - - [03/Aug/2018:19:01:46 +0200] "GET /robots.txt HTTP/1.1" 301 248 www.fc-schnaittach.de "-" "Mozilla/5.0 (compatible; SeznamBot/3.2; +http://napoveda.seznam.cz/en/seznambot-intro/)" "-"
2a02:598:: - - [03/Aug/2018:19:01:47 +0200] "GET /karate/ HTTP/1.1" 200 8451 www.fc-schnaittach.de "-" "Mozilla/5.0 (compatible; SeznamBot/3.2; +http://napoveda.seznam.cz/en/seznambot-intro/)" "-"
178.159.43.0 - - [03/Aug/2018:19:03:51 +0200] "HEAD / HTTP/1.1" 301 - www.fc-schnaittach.de "http://www.xn--90acjmaltae3acm.xn--p1acf/site/list?search_city=moscow_sale_client" "Mozilla/2.0 (compatible; MSIE7.00; Windows 2002)" "-"
194.187.170.0 - - [03/Aug/2018:19:04:33 +0200] "GET /robots.txt HTTP/1.1" 200 35 www.fc-schnaittach.de "-" "Mozilla/5.0 (compatible; Qwantify/2.4w; +https://www.qwant.com/)/2.4w" "-"
194.187.170.0 - - [03/Aug/2018:19:04:33 +0200] "GET /wp-content/uploads/2015/12/Programm-Budo_FJ_2016.pdf HTTP/1.1" 200 131156 www.fc-schnaittach.de "-" "Mozilla/5.0 (compatible; Qwantify/2.4w; +https://www.qwant.com/)/2.4w" "-"
81.88.49.0 - - [03/Aug/2018:19:06:35 +0200] "GET /wp-admin/includes/class-wp-plugins-list-admin.php HTTP/1.1" 200 3 fc-schnaittach.de "http://site.ru" "Mozilla/5.0 (Windows; U; Windows NT 5.1; en-US) AppleWebKit/533.4 (KHTML, like Gecko) Chrome/5.0.375.99 Safari/533.4" "-"
81.88.49.0 - - [03/Aug/2018:19:06:38 +0200] "GET /wp-admin/includes/class-wp-plugins-list-admin.php HTTP/1.1" 200 3 fc-schnaittach.de "http://site.ru" "Mozilla/5.0 (Windows; U; Windows NT 5.1; en-US) AppleWebKit/533.4 (KHTML, like Gecko) Chrome/5.0.375.99 Safari/533.4" "-"
52.175.195.0 - - [03/Aug/2018:19:08:49 +0200] "HEAD / HTTP/1.1" 301 - www.fc-schnaittach.de "-" "HTTPing v2.4" "-"
85.25.210.0 - - [03/Aug/2018:19:09:55 +0200] "GET /robots.txt HTTP/1.1" 301 248 www.fc-schnaittach.de "-" "Mozilla/5.0 (compatible; adscanner/)" "-"
85.25.210.0 - - [03/Aug/2018:19:09:56 +0200] "GET /robots.txt HTTP/1.1" 200 35 www.fc-schnaittach.de "-" "Mozilla/5.0 (compatible; adscanner/)" "-"
85.25.210.0 - - [03/Aug/2018:19:09:56 +0200] "GET /wp-content/uploads/2018/07/25-768x768.jpg HTTP/1.1" 301 279 www.fc-schnaittach.de "-" "Mozilla/5.0 (compatible; adscanner/)" "-"
85.25.210.0 - - [03/Aug/2018:19:09:57 +0200] "GET /wp-content/uploads/2018/07/25-768x768.jpg HTTP/1.1" 200 147793 www.fc-schnaittach.de "-" "Mozilla/5.0 (compatible; adscanner/)" "-"
66.249.66.0 - - [03/Aug/2018:19:13:40 +0200] "GET /dragonrun/ HTTP/1.1" 200 11383 www.fc-schnaittach.de "-" "Mozilla/5.0 (Linux; Android 6.0.1; Nexus 5X Build/MMB29P) AppleWebKit/537.36 (KHTML, like Gecko) Chrome/41.0.2272.96 Mobile Safari/537.36 (compatible; Googlebot/2.1; +http://www.google.com/bot.html)" "-"
217.160.63.0 - - [03/Aug/2018:19:13:40 +0200] "POST /wp-cron.php?doing_wp_cron=1533316420.7499010562896728515625 HTTP/1.1" 200 23 www.fc-schnaittach.de "https://www.fc-schnaittach.de/wp-cron.php?doing_wp_cron=1533316420.7499010562896728515625" "WordPress/4.9.8; https://www.fc-schnaittach.de" "-"
84.131.122.0 - - [03/Aug/2018:19:18:35 +0200] "GET /wp-content/themes/fcs/images/production/Fussball_Production.jpg?ver=1487205002 HTTP/1.1" 200 24902 www.fc-schnaittach.de "-" "Mozilla/5.0 (Linux; Android 7.0; HUAWEI VNS-L31 Build/HUAWEIVNS-L31; wv) AppleWebKit/537.36 (KHTML, like Gecko) Version/4.0 Chrome/67.0.3396.87 Mobile Safari/537.36 GSA/8.13.15.21.arm64" "-"
207.46.13.0 - - [03/Aug/2018:19:18:45 +0200] "GET /wp-includes/js/wp-emoji-release.min.js?ver=4.9.8 HTTP/1.1" 200 12026 www.fc-schnaittach.de "-" "Mozilla/5.0 (compatible; bingbot/2.0; +http://www.bing.com/bingbot.htm)" "-"
2a01:598:8800:: - - [03/Aug/2018:19:20:22 +0200] "GET /fussball/3-mannschaft/ HTTP/1.1" 200 6617 www.fc-schnaittach.de "android-app://com.google.android.googlequicksearchbox/https/www.google.com" "Mozilla/5.0 (Linux; Android 8.0.0; SM-G950F Build/R16NW) AppleWebKit/537.36 (KHTML, like Gecko) Chrome/67.0.3396.87 Mobile Safari/537.36" "-"
2a01:598:8800:: - - [03/Aug/2018:19:20:23 +0200] "GET /wp-content/plugins/feedzy-rss-feeds/css/feedzy-rss-feeds.css?ver=3.2.10 HTTP/1.1" 200 9822 www.fc-schnaittach.de "https://www.fc-schnaittach.de/fussball/3-mannschaft/" "Mozilla/5.0 (Linux; Android 8.0.0; SM-G950F Build/R16NW) AppleWebKit/537.36 (KHTML, like Gecko) Chrome/67.0.3396.87 Mobile Safari/537.36" "-"
2a01:598:8800:: - - [03/Aug/2018:19:20:23 +0200] "GET /wp-content/plugins/recently-updated-posts-widget/css/style.css?ver=4.9.8 HTTP/1.1" 200 45 www.fc-schnaittach.de "https://www.fc-schnaittach.de/fussball/3-mannschaft/" "Mozilla/5.0 (Linux; Android 8.0.0; SM-G950F Build/R16NW) AppleWebKit/537.36 (KHTML, like Gecko) Chrome/67.0.3396.87 Mobile Safari/537.36" "-"
2a01:598:8800:: - - [03/Aug/2018:19:20:23 +0200] "GET /wp-includes/js/jquery/jquery.js?ver=1.12.4 HTTP/1.1" 200 97184 www.fc-schnaittach.de "https://www.fc-schnaittach.de/fussball/3-mannschaft/" "Mozilla/5.0 (Linux; Android 8.0.0; SM-G950F Build/R16NW) AppleWebKit/537.36 (KHTML, like Gecko) Chrome/67.0.3396.87 Mobile Safari/537.36" "-"
2a01:598:8800:: - - [03/Aug/2018:19:20:23 +0200] "GET /wp-includes/js/jquery/jquery-migrate.min.js?ver=1.4.1 HTTP/1.1" 200 10056 www.fc-schnaittach.de "https://www.fc-schnaittach.de/fussball/3-mannschaft/" "Mozilla/5.0 (Linux; Android 8.0.0; SM-G950F Build/R16NW) AppleWebKit/537.36 (KHTML, like Gecko) Chrome/67.0.3396.87 Mobile Safari/537.36" "-"
2a01:598:8800:: - - [03/Aug/2018:19:20:23 +0200] "GET /wp-content/themes/fcs/style.css?ver=1460744932 HTTP/1.1" 200 22587 www.fc-schnaittach.de "https://www.fc-schnaittach.de/fussball/3-mannschaft/" "Mozilla/5.0 (Linux; Android 8.0.0; SM-G950F Build/R16NW) AppleWebKit/537.36 (KHTML, like Gecko) Chrome/67.0.3396.87 Mobile Safari/537.36" "-"
2a01:598:8800:: - - [03/Aug/2018:19:20:23 +0200] "GET /wp-content/themes/fcs/images/production/FcsWappen.png HTTP/1.1" 200 12482 www.fc-schnaittach.de "https://www.fc-schnaittach.de/fussball/3-mannschaft/" "Mozilla/5.0 (Linux; Android 8.0.0; SM-G950F Build/R16NW) AppleWebKit/537.36 (KHTML, like Gecko) Chrome/67.0.3396.87 Mobile Safari/537.36" "-"
2a01:598:8800:: - - [03/Aug/2018:19:20:23 +0200] "GET /wp-content/themes/fcs/images/production/FcsWappen.png?ver=1487205002 HTTP/1.1" 200 12482 www.fc-schnaittach.de "https://www.fc-schnaittach.de/fussball/3-mannschaft/" "Mozilla/5.0 (Linux; Android 8.0.0; SM-G950F Build/R16NW) AppleWebKit/537.36 (KHTML, like Gecko) Chrome/67.0.3396.87 Mobile Safari/537.36" "-"
2a01:598:8800:: - - [03/Aug/2018:19:20:25 +0200] "GET /wp-content/themes/fcs/js/fcs.js?ver=1442772175 HTTP/1.1" 200 5542 www.fc-schnaittach.de "https://www.fc-schnaittach.de/fussball/3-mannschaft/" "Mozilla/5.0 (Linux; Android 8.0.0; SM-G950F Build/R16NW) AppleWebKit/537.36 (KHTML, like Gecko) Chrome/67.0.3396.87 Mobile Safari/537.36" "-"
2a01:598:8800:: - - [03/Aug/2018:19:20:25 +0200] "GET /wp-content/themes/fcs/js/jquery.smartmenus.min.js?ver=1418750004 HTTP/1.1" 200 22672 www.fc-schnaittach.de "https://www.fc-schnaittach.de/fussball/3-mannschaft/" "Mozilla/5.0 (Linux; Android 8.0.0; SM-G950F Build/R16NW) AppleWebKit/537.36 (KHTML, like Gecko) Chrome/67.0.3396.87 Mobile Safari/537.36" "-"
2a01:598:8800:: - - [03/Aug/2018:19:20:26 +0200] "GET /wp-content/plugins/contact-form-7/includes/js/scripts.js?ver=5.0.2 HTTP/1.1" 200 14585 www.fc-schnaittach.de "https://www.fc-schnaittach.de/fussball/3-mannschaft/" "Mozilla/5.0 (Linux; Android 8.0.0; SM-G950F Build/R16NW) AppleWebKit/537.36 (KHTML, like Gecko) Chrome/67.0.3396.87 Mobile Safari/537.36" "-"
2a01:598:8800:: - - [03/Aug/2018:19:20:26 +0200] "GET /wp-includes/js/wp-embed.min.js?ver=4.9.8 HTTP/1.1" 200 1398 www.fc-schnaittach.de "https://www.fc-schnaittach.de/fussball/3-mannschaft/" "Mozilla/5.0 (Linux; Android 8.0.0; SM-G950F Build/R16NW) AppleWebKit/537.36 (KHTML, like Gecko) Chrome/67.0.3396.87 Mobile Safari/537.36" "-"
2a01:598:8800:: - - [03/Aug/2018:19:20:26 +0200] "GET /wp-includes/js/wp-emoji-release.min.js?ver=4.9.8 HTTP/1.1" 200 12026 www.fc-schnaittach.de "https://www.fc-schnaittach.de/fussball/3-mannschaft/" "Mozilla/5.0 (Linux; Android 8.0.0; SM-G950F Build/R16NW) AppleWebKit/537.36 (KHTML, like Gecko) Chrome/67.0.3396.87 Mobile Safari/537.36" "-"
2a01:598:8800:: - - [03/Aug/2018:19:20:27 +0200] "GET /wp-content/themes/fcs/images/production/FcsWappenMobileBookmark.png?ver=1487205003 HTTP/1.1" 200 12628 www.fc-schnaittach.de "https://www.fc-schnaittach.de/fussball/3-mannschaft/" "Mozilla/5.0 (Linux; Android 8.0.0; SM-G950F Build/R16NW) AppleWebKit/537.36 (KHTML, like Gecko) Chrome/67.0.3396.87 Mobile Safari/537.36" "-"
85.25.210.0 - - [03/Aug/2018:19:22:54 +0200] "GET /robots.txt HTTP/1.1" 301 248 www.fc-schnaittach.de "-" "Mozilla/5.0 (Windows NT 6.1; WOW64) AppleWebKit/537.36 (KHTML, like Gecko) Chrome/37.0.2062.120 Safari/537.36" "-"
85.25.210.0 - - [03/Aug/2018:19:22:54 +0200] "GET /robots.txt HTTP/1.1" 200 35 www.fc-schnaittach.de "-" "Mozilla/5.0 (Windows NT 6.1; WOW64) AppleWebKit/537.36 (KHTML, like Gecko) Chrome/37.0.2062.120 Safari/537.36" "-"
85.25.210.0 - - [03/Aug/2018:19:22:55 +0200] "GET /robots.txt HTTP/1.1" 301 248 www.fc-schnaittach.de "-" "Mozilla/5.0 (compatible; adscanner/)" "-"
85.25.210.0 - - [03/Aug/2018:19:22:55 +0200] "GET /robots.txt HTTP/1.1" 200 35 www.fc-schnaittach.de "-" "Mozilla/5.0 (Windows NT 6.1; WOW64) AppleWebKit/537.36 (KHTML, like Gecko) Chrome/37.0.2062.120 Safari/537.36" "-"
85.25.210.0 - - [03/Aug/2018:19:22:55 +0200] "GET /robots.txt HTTP/1.1" 200 35 www.fc-schnaittach.de "-" "Mozilla/5.0 (compatible; adscanner/)" "-"
85.25.210.0 - - [03/Aug/2018:19:22:55 +0200] "GET /wp-content/uploads/2018/05/6-300x225.jpg HTTP/1.1" 301 278 www.fc-schnaittach.de "-" "Mozilla/5.0 (compatible; adscanner/)" "-"
85.25.210.0 - - [03/Aug/2018:19:22:55 +0200] "GET /wp-content/uploads/2018/05/6-300x225.jpg HTTP/1.1" 200 22079 www.fc-schnaittach.de "-" "Mozilla/5.0 (Windows NT 6.1; WOW64) AppleWebKit/537.36 (KHTML, like Gecko) Chrome/37.0.2062.120 Safari/537.36" "-"
94.130.71.0 - - [03/Aug/2018:19:22:56 +0200] "GET /wp-content/uploads/2018/05/6-300x225.jpg HTTP/1.1" 200 22079 www.fc-schnaittach.de "-" "Java/1.8.0_151" "-"
85.25.210.0 - - [03/Aug/2018:19:22:56 +0200] "GET /wp-content/uploads/2018/05/6-300x225.jpg HTTP/1.1" 200 22079 www.fc-schnaittach.de "-" "Mozilla/5.0 (compatible; adscanner/)" "-"
194.67.207.0 - - [03/Aug/2018:19:24:47 +0200] "HEAD / HTTP/1.1" 301 - www.fc-schnaittach.de "https://tdmarket.by/katalog/elektroinstrument/elektrootvertki-i-shurupoverty/" "Mozilla/5.0 (compatible; MSIE2.00; Windows 2005)" "-"
185.5.249.0 - - [03/Aug/2018:19:24:47 +0200] "HEAD / HTTP/1.1" 301 - www.fc-schnaittach.de "http://igrodetka.ru/cat/interactive-toys/fingerlings/" "Mozilla/3.0 (compatible; MSIE5.00; Windows 2003)" "-"
193.124.176.0 - - [03/Aug/2018:19:24:47 +0200] "HEAD / HTTP/1.1" 301 - www.fc-schnaittach.de "http://vsevn.ru/" "Mozilla/8.0 (compatible; MSIE6.00; Windows 2006)" "-"
194.67.210.0 - - [03/Aug/2018:19:24:48 +0200] "HEAD / HTTP/1.1" 301 - www.fc-schnaittach.de "https://www.allcryptonews.com/vyvedenie-sredstv-iz-advcash-obzor-i-harakteristika-raznyh-sposobov/" "Mozilla/2.0 (compatible; MSIE5.00; Windows 2007)" "-"
194.67.207.0 - - [03/Aug/2018:19:24:48 +0200] "HEAD / HTTP/1.1" 301 - www.fc-schnaittach.de "https://yahozyajka.ru/stirka/kak-pravilno-stirat" "Mozilla/6.0 (compatible; MSIE5.00; Windows 2007)" "-"
185.125.219.0 - - [03/Aug/2018:19:24:48 +0200] "HEAD / HTTP/1.1" 301 - www.fc-schnaittach.de "https://tsc-koleso.ru/catalog/tires/bridgestone/" "Mozilla/5.0 (compatible; MSIE5.00; Windows 2002)" "-"
185.125.219.0 - - [03/Aug/2018:19:26:53 +0200] "HEAD / HTTP/1.1" 301 - www.fc-schnaittach.de "http://chistoastana.kz/" "Mozilla/7.0 (compatible; MSIE2.00; Windows 2004)" "-"
193.124.190.0 - - [03/Aug/2018:19:26:55 +0200] "HEAD / HTTP/1.1" 301 - www.fc-schnaittach.de "https://kvakva.kz/" "Mozilla/5.0 (compatible; MSIE6.00; Windows 2003)" "-"
216.244.66.0 - - [03/Aug/2018:19:27:43 +0200] "GET /robots.txt HTTP/1.1" 301 248 www.fc-schnaittach.de "-" "Mozilla/5.0 (compatible; DotBot/1.1; http://www.opensiteexplorer.org/dotbot, help@moz.com)" "-"
216.244.66.0 - - [03/Aug/2018:19:27:46 +0200] "GET /robots.txt HTTP/1.1" 200 35 www.fc-schnaittach.de "-" "Mozilla/5.0 (compatible; DotBot/1.1; http://www.opensiteexplorer.org/dotbot, help@moz.com)" "-"
193.124.179.0 - - [03/Aug/2018:19:31:29 +0200] "HEAD / HTTP/1.1" 301 - www.fc-schnaittach.de "https://erastudio.kz/kvakalen/" "Mozilla/8.0 (compatible; MSIE4.00; Windows 2006)" "-"
