46.235.158.0 - - [31/Jul/2018:11:16:11 +0200] "GET /wp-content/uploads/2018/05/4-1.jpg HTTP/1.1" 200 165674 www.fc-schnaittach.de "https://www.fc-schnaittach.de/dragonrun/" "Mozilla/5.0 (Windows NT 6.1; WOW64; Trident/7.0; rv:11.0) like Gecko" "-"
46.235.158.0 - - [31/Jul/2018:11:16:12 +0200] "GET /wp-content/uploads/2018/06/6.jpg HTTP/1.1" 200 79659 www.fc-schnaittach.de "https://www.fc-schnaittach.de/dragonrun/" "Mozilla/5.0 (Windows NT 6.1; WOW64; Trident/7.0; rv:11.0) like Gecko" "-"
46.235.158.0 - - [31/Jul/2018:11:16:14 +0200] "GET /wp-content/uploads/2018/06/9.jpg HTTP/1.1" 200 205874 www.fc-schnaittach.de "https://www.fc-schnaittach.de/dragonrun/" "Mozilla/5.0 (Windows NT 6.1; WOW64; Trident/7.0; rv:11.0) like Gecko" "-"
46.235.158.0 - - [31/Jul/2018:11:16:15 +0200] "GET /wp-content/uploads/2018/07/19.jpg HTTP/1.1" 200 201270 www.fc-schnaittach.de "https://www.fc-schnaittach.de/dragonrun/" "Mozilla/5.0 (Windows NT 6.1; WOW64; Trident/7.0; rv:11.0) like Gecko" "-"
46.235.158.0 - - [31/Jul/2018:11:16:16 +0200] "GET /wp-content/uploads/2018/06/10.jpg HTTP/1.1" 200 233243 www.fc-schnaittach.de "https://www.fc-schnaittach.de/dragonrun/" "Mozilla/5.0 (Windows NT 6.1; WOW64; Trident/7.0; rv:11.0) like Gecko" "-"
46.235.158.0 - - [31/Jul/2018:11:16:18 +0200] "GET /wp-content/uploads/2018/06/11.jpg HTTP/1.1" 200 256190 www.fc-schnaittach.de "https://www.fc-schnaittach.de/dragonrun/" "Mozilla/5.0 (Windows NT 6.1; WOW64; Trident/7.0; rv:11.0) like Gecko" "-"
46.235.158.0 - - [31/Jul/2018:11:16:19 +0200] "GET /wp-content/uploads/2018/06/12.jpg HTTP/1.1" 200 153432 www.fc-schnaittach.de "https://www.fc-schnaittach.de/dragonrun/" "Mozilla/5.0 (Windows NT 6.1; WOW64; Trident/7.0; rv:11.0) like Gecko" "-"
46.235.158.0 - - [31/Jul/2018:11:16:25 +0200] "GET /wp-content/uploads/2018/06/15.jpg HTTP/1.1" 200 273093 www.fc-schnaittach.de "https://www.fc-schnaittach.de/dragonrun/" "Mozilla/5.0 (Windows NT 6.1; WOW64; Trident/7.0; rv:11.0) like Gecko" "-"
157.55.39.0 - - [31/Jul/2018:11:16:25 +0200] "GET /wp-content/uploads/2015/03/SAM_0362.jpg HTTP/1.1" 301 277 www.fc-schnaittach.de "-" "Mozilla/5.0 (compatible; bingbot/2.0; +http://www.bing.com/bingbot.htm)" "-"
46.235.158.0 - - [31/Jul/2018:11:16:26 +0200] "GET /wp-content/uploads/2018/06/17.jpg HTTP/1.1" 200 104650 www.fc-schnaittach.de "https://www.fc-schnaittach.de/dragonrun/" "Mozilla/5.0 (Windows NT 6.1; WOW64; Trident/7.0; rv:11.0) like Gecko" "-"
157.55.39.0 - - [31/Jul/2018:11:16:27 +0200] "GET /wp-content/uploads/2015/03/SAM_0362.jpg HTTP/1.1" 200 123062 www.fc-schnaittach.de "-" "Mozilla/5.0 (compatible; bingbot/2.0; +http://www.bing.com/bingbot.htm)" "-"
46.235.158.0 - - [31/Jul/2018:11:16:27 +0200] "GET /wp-content/uploads/2018/07/25.jpg HTTP/1.1" 200 184764 www.fc-schnaittach.de "https://www.fc-schnaittach.de/dragonrun/" "Mozilla/5.0 (Windows NT 6.1; WOW64; Trident/7.0; rv:11.0) like Gecko" "-"
46.235.158.0 - - [31/Jul/2018:11:16:28 +0200] "GET /wp-content/uploads/2018/07/20.jpg HTTP/1.1" 200 282163 www.fc-schnaittach.de "https://www.fc-schnaittach.de/dragonrun/" "Mozilla/5.0 (Windows NT 6.1; WOW64; Trident/7.0; rv:11.0) like Gecko" "-"
46.235.158.0 - - [31/Jul/2018:11:16:29 +0200] "GET /wp-content/uploads/2018/07/IMG_0056.jpg HTTP/1.1" 200 2256743 www.fc-schnaittach.de "https://www.fc-schnaittach.de/dragonrun/" "Mozilla/5.0 (Windows NT 6.1; WOW64; Trident/7.0; rv:11.0) like Gecko" "-"
46.235.158.0 - - [31/Jul/2018:11:16:30 +0200] "GET /wp-content/uploads/2018/07/IMG_0095.jpg HTTP/1.1" 200 2631968 www.fc-schnaittach.de "https://www.fc-schnaittach.de/dragonrun/" "Mozilla/5.0 (Windows NT 6.1; WOW64; Trident/7.0; rv:11.0) like Gecko" "-"
46.235.158.0 - - [31/Jul/2018:11:16:33 +0200] "GET /wp-content/uploads/2018/07/26.jpg HTTP/1.1" 200 238913 www.fc-schnaittach.de "https://www.fc-schnaittach.de/dragonrun/" "Mozilla/5.0 (Windows NT 6.1; WOW64; Trident/7.0; rv:11.0) like Gecko" "-"
46.235.158.0 - - [31/Jul/2018:11:16:37 +0200] "GET /wp-content/uploads/2018/07/27.jpg HTTP/1.1" 200 783628 www.fc-schnaittach.de "https://www.fc-schnaittach.de/dragonrun/" "Mozilla/5.0 (Windows NT 6.1; WOW64; Trident/7.0; rv:11.0) like Gecko" "-"
46.235.158.0 - - [31/Jul/2018:11:16:41 +0200] "GET /wp-content/uploads/2018/07/IMG_0003.jpg HTTP/1.1" 200 1676518 www.fc-schnaittach.de "https://www.fc-schnaittach.de/dragonrun/" "Mozilla/5.0 (Windows NT 6.1; WOW64; Trident/7.0; rv:11.0) like Gecko" "-"
46.235.158.0 - - [31/Jul/2018:11:16:43 +0200] "GET /wp-content/uploads/2018/04/Werbebanner_1.jpg HTTP/1.1" 200 193604 www.fc-schnaittach.de "https://www.fc-schnaittach.de/dragonrun/" "Mozilla/5.0 (Windows NT 6.1; WOW64; Trident/7.0; rv:11.0) like Gecko" "-"
46.235.158.0 - - [31/Jul/2018:11:16:44 +0200] "GET /wp-content/uploads/2018/07/30.jpg HTTP/1.1" 200 424313 www.fc-schnaittach.de "https://www.fc-schnaittach.de/dragonrun/" "Mozilla/5.0 (Windows NT 6.1; WOW64; Trident/7.0; rv:11.0) like Gecko" "-"
46.235.158.0 - - [31/Jul/2018:11:16:46 +0200] "GET /wp-content/uploads/2018/07/31.jpg HTTP/1.1" 200 277283 www.fc-schnaittach.de "https://www.fc-schnaittach.de/dragonrun/" "Mozilla/5.0 (Windows NT 6.1; WOW64; Trident/7.0; rv:11.0) like Gecko" "-"
46.235.158.0 - - [31/Jul/2018:11:17:21 +0200] "GET /wp-content/uploads/2018/06/Hindernisverteilung-2.png HTTP/1.1" 200 772223 www.fc-schnaittach.de "https://www.fc-schnaittach.de/dragonrun/" "Mozilla/5.0 (Windows NT 6.1; WOW64; Trident/7.0; rv:11.0) like Gecko" "-"
46.235.158.0 - - [31/Jul/2018:11:17:23 +0200] "GET /wp-content/uploads/2018/05/Dragonzone_1.png HTTP/1.1" 200 329526 www.fc-schnaittach.de "https://www.fc-schnaittach.de/dragonrun/" "Mozilla/5.0 (Windows NT 6.1; WOW64; Trident/7.0; rv:11.0) like Gecko" "-"
46.235.158.0 - - [31/Jul/2018:11:17:26 +0200] "GET /wp-content/uploads/2018/06/SBC-Flyer-Spendenziel-2018.png HTTP/1.1" 200 218519 www.fc-schnaittach.de "https://www.fc-schnaittach.de/dragonrun/" "Mozilla/5.0 (Windows NT 6.1; WOW64; Trident/7.0; rv:11.0) like Gecko" "-"
46.235.158.0 - - [31/Jul/2018:11:17:27 +0200] "GET /wp-content/uploads/2018/06/DragonRun-Shirt_2.png HTTP/1.1" 200 782623 www.fc-schnaittach.de "https://www.fc-schnaittach.de/dragonrun/" "Mozilla/5.0 (Windows NT 6.1; WOW64; Trident/7.0; rv:11.0) like Gecko" "-"
46.235.158.0 - - [31/Jul/2018:11:18:54 +0200] "GET /ansprechpartner/verein/ HTTP/1.1" 200 7097 www.fc-schnaittach.de "https://www.fc-schnaittach.de/dragonrun/" "Mozilla/5.0 (Windows NT 6.1; WOW64; Trident/7.0; rv:11.0) like Gecko" "-"
145.253.69.0 - - [31/Jul/2018:11:19:29 +0200] "GET /wp-content/themes/fcs/images/production/Fussball_Production.jpg?ver=1487205002 HTTP/1.1" 200 24902 www.fc-schnaittach.de "https://www.google.com/" "Mozilla/5.0 (Windows NT 6.1; Win64; x64; rv:61.0) Gecko/20100101 Firefox/61.0" "-"
13.82.188.0 - - [31/Jul/2018:11:20:25 +0200] "HEAD / HTTP/1.1" 301 - www.fc-schnaittach.de "-" "HTTPing v2.4" "-"
52.175.195.0 - - [31/Jul/2018:11:21:19 +0200] "HEAD / HTTP/1.1" 301 - www.fc-schnaittach.de "-" "HTTPing v2.4" "-"
207.46.13.0 - - [31/Jul/2018:11:22:35 +0200] "GET /wp-content/uploads/2015/02/DSC02793.jpg HTTP/1.1" 301 277 www.fc-schnaittach.de "-" "Mozilla/5.0 (compatible; bingbot/2.0; +http://www.bing.com/bingbot.htm)" "-"
207.46.13.0 - - [31/Jul/2018:11:22:38 +0200] "GET /wp-content/uploads/2015/02/DSC02793.jpg HTTP/1.1" 200 132491 www.fc-schnaittach.de "-" "Mozilla/5.0 (compatible; bingbot/2.0; +http://www.bing.com/bingbot.htm)" "-"
54.36.148.0 - - [31/Jul/2018:11:22:59 +0200] "GET /wp-content/uploads/2014/10/P_Wilde.jpg HTTP/1.1" 200 113529 www.fc-schnaittach.de "-" "Mozilla/5.0 (compatible; AhrefsBot/5.2; +http://ahrefs.com/robot/)" "-"
207.46.13.0 - - [31/Jul/2018:11:23:09 +0200] "GET /wp-content/themes/fcs/images/production/Transparent.png?ver=1420564286 HTTP/1.1" 301 308 www.fc-schnaittach.de "-" "Mozilla/5.0 (compatible; bingbot/2.0; +http://www.bing.com/bingbot.htm)" "-"
207.46.13.0 - - [31/Jul/2018:11:23:11 +0200] "GET /wp-content/themes/fcs/images/production/Transparent.png?ver=1420564286 HTTP/1.1" 200 124 www.fc-schnaittach.de "-" "Mozilla/5.0 (compatible; bingbot/2.0; +http://www.bing.com/bingbot.htm)" "-"
144.76.22.0 - - [31/Jul/2018:11:24:30 +0200] "GET /robots.txt HTTP/1.1" 301 248 www.fc-schnaittach.de "-" "Mozilla/5.0 (Windows; U; Windows NT 6.0; en-GB; rv:1.0; trendictionbot0.5.0; trendiction search; http://www.trendiction.de/bot; please let us know of any problems; web at trendiction.com) Gecko/20071127 Firefox/50.0" "-"
144.76.22.0 - - [31/Jul/2018:11:24:32 +0200] "GET /robots.txt HTTP/1.1" 200 35 www.fc-schnaittach.de "http://www.fc-schnaittach.de/robots.txt" "Mozilla/5.0 (Windows; U; Windows NT 6.0; en-GB; rv:1.0; trendictionbot0.5.0; trendiction search; http://www.trendiction.de/bot; please let us know of any problems; web at trendiction.com) Gecko/20071127 Firefox/50.0" "-"
144.76.22.0 - - [31/Jul/2018:11:24:34 +0200] "GET /category/news/wandern/comments/feed/ HTTP/1.1" 301 23 www.fc-schnaittach.de "-" "Mozilla/5.0 (Windows; U; Windows NT 6.0; en-GB; rv:1.0; trendictionbot0.5.0; trendiction search; http://www.trendiction.de/bot; please let us know of any problems; web at trendiction.com) Gecko/20071127 Firefox/50.0" "-"
217.160.63.0 - - [31/Jul/2018:11:24:35 +0200] "POST /wp-cron.php?doing_wp_cron=1533029074.9629631042480468750000 HTTP/1.1" 301 297 www.fc-schnaittach.de "http://www.fc-schnaittach.de/wp-cron.php?doing_wp_cron=1533029074.9629631042480468750000" "WordPress/4.9.7; https://www.fc-schnaittach.de" "-"
144.76.22.0 - - [31/Jul/2018:11:24:37 +0200] "GET /category/news/wandern/feed/ HTTP/1.1" 200 5624 www.fc-schnaittach.de "http://www.fc-schnaittach.de/category/news/wandern/comments/feed/" "Mozilla/5.0 (Windows; U; Windows NT 6.0; en-GB; rv:1.0; trendictionbot0.5.0; trendiction search; http://www.trendiction.de/bot; please let us know of any problems; web at trendiction.com) Gecko/20071127 Firefox/50.0" "-"
207.46.13.0 - - [31/Jul/2018:11:24:39 +0200] "GET /wp-content/uploads/2015/04/FCS-1Jugend-1959.gif HTTP/1.1" 301 285 www.fc-schnaittach.de "-" "Mozilla/5.0 (compatible; bingbot/2.0; +http://www.bing.com/bingbot.htm)" "-"
144.76.22.0 - - [31/Jul/2018:11:24:40 +0200] "GET /maiausflug-der-wanderabteilung-des-1-fc-schnaittach/ HTTP/1.1" 200 7137 www.fc-schnaittach.de "-" "Mozilla/5.0 (Windows; U; Windows NT 6.0; en-GB; rv:1.0; trendictionbot0.5.0; trendiction search; http://www.trendiction.de/bot; please let us know of any problems; web at trendiction.com) Gecko/20071127 Firefox/50.0" "-"
207.46.13.0 - - [31/Jul/2018:11:24:41 +0200] "GET /wp-content/uploads/2015/04/FCS-1Jugend-1959.gif HTTP/1.1" 200 272823 www.fc-schnaittach.de "-" "Mozilla/5.0 (compatible; bingbot/2.0; +http://www.bing.com/bingbot.htm)" "-"
144.76.22.0 - - [31/Jul/2018:11:24:42 +0200] "GET /wp-content/uploads/2018/05/SAM_1762-002-1024x768.jpg HTTP/1.1" 200 179377 www.fc-schnaittach.de "https://www.fc-schnaittach.de/maiausflug-der-wanderabteilung-des-1-fc-schnaittach/" "Mozilla/5.0 (Windows; U; Windows NT 6.0; en-GB; rv:1.0; trendictionbot0.5.0; trendiction search; http://www.trendiction.de/bot; please let us know of any problems; web at trendiction.com) Gecko/20071127 Firefox/50.0" "-"
207.46.13.0 - - [31/Jul/2018:11:27:53 +0200] "GET /category/news/wandern/ HTTP/1.1" 200 7124 www.fc-schnaittach.de "-" "Mozilla/5.0 (compatible; bingbot/2.0; +http://www.bing.com/bingbot.htm)" "-"
217.160.63.0 - - [31/Jul/2018:11:27:54 +0200] "HEAD /wp-content/uploads/2018/05/Dragonzone_1-1024x738.png HTTP/1.1" 200 - www.fc-schnaittach.de "https://www.fc-schnaittach.de" "Mozilla/5.0 (compatible; MSIE 9.0; Windows NT 6.1; WOW64; Trident/5.0)" "-"
207.46.13.0 - - [31/Jul/2018:11:27:55 +0200] "GET /category/news/tischtennis/ HTTP/1.1" 200 6619 www.fc-schnaittach.de "-" "Mozilla/5.0 (compatible; bingbot/2.0; +http://www.bing.com/bingbot.htm)" "-"
207.46.13.0 - - [31/Jul/2018:11:27:55 +0200] "GET / HTTP/1.1" 200 7770 www.fc-schnaittach.de "-" "Mozilla/5.0 (compatible; bingbot/2.0; +http://www.bing.com/bingbot.htm)" "-"
217.160.63.0 - - [31/Jul/2018:11:27:56 +0200] "HEAD /wp-content/uploads/2018/05/6-300x225.jpg HTTP/1.1" 200 - www.fc-schnaittach.de "https://www.fc-schnaittach.de" "Mozilla/5.0 (compatible; MSIE 9.0; Windows NT 6.1; WOW64; Trident/5.0)" "-"
207.46.13.0 - - [31/Jul/2018:11:27:56 +0200] "GET /category/news/hauptverein/ HTTP/1.1" 200 8372 www.fc-schnaittach.de "-" "Mozilla/5.0 (compatible; bingbot/2.0; +http://www.bing.com/bingbot.htm)" "-"
207.46.13.0 - - [31/Jul/2018:11:27:56 +0200] "GET /category/news/fussball/page/2/ HTTP/1.1" 200 7572 www.fc-schnaittach.de "-" "Mozilla/5.0 (compatible; bingbot/2.0; +http://www.bing.com/bingbot.htm)" "-"
207.46.13.0 - - [31/Jul/2018:11:27:57 +0200] "GET /ansprechpartner/verein/ HTTP/1.1" 200 7097 www.fc-schnaittach.de "-" "Mozilla/5.0 (compatible; bingbot/2.0; +http://www.bing.com/bingbot.htm)" "-"
207.46.13.0 - - [31/Jul/2018:11:27:57 +0200] "GET /budo-weihnachtsfeier-2016/ HTTP/1.1" 200 8408 www.fc-schnaittach.de "-" "Mozilla/5.0 (compatible; bingbot/2.0; +http://www.bing.com/bingbot.htm)" "-"
217.160.63.0 - - [31/Jul/2018:11:27:58 +0200] "HEAD /wp-content/uploads/2018/05/3-1.jpg HTTP/1.1" 200 - www.fc-schnaittach.de "https://www.fc-schnaittach.de" "Mozilla/5.0 (compatible; MSIE 9.0; Windows NT 6.1; WOW64; Trident/5.0)" "-"
207.46.13.0 - - [31/Jul/2018:11:27:58 +0200] "GET /budo/ HTTP/1.1" 200 7433 www.fc-schnaittach.de "-" "Mozilla/5.0 (compatible; bingbot/2.0; +http://www.bing.com/bingbot.htm)" "-"
207.46.13.0 - - [31/Jul/2018:11:27:58 +0200] "GET /wechsel-in-der-sportlichen-leitung-unserer-1-mannschaft/ HTTP/1.1" 200 6856 www.fc-schnaittach.de "-" "Mozilla/5.0 (compatible; bingbot/2.0; +http://www.bing.com/bingbot.htm)" "-"
207.46.13.0 - - [31/Jul/2018:11:27:59 +0200] "GET /tag/sportgelaende/ HTTP/1.1" 200 6024 www.fc-schnaittach.de "-" "Mozilla/5.0 (compatible; bingbot/2.0; +http://www.bing.com/bingbot.htm)" "-"
217.160.63.0 - - [31/Jul/2018:11:28:00 +0200] "HEAD /wp-content/uploads/2018/05/4-300x300.jpg HTTP/1.1" 200 - www.fc-schnaittach.de "https://www.fc-schnaittach.de" "Mozilla/5.0 (compatible; MSIE 9.0; Windows NT 6.1; WOW64; Trident/5.0)" "-"
217.160.63.0 - - [31/Jul/2018:11:27:53 +0200] "POST /wp-cron.php?doing_wp_cron=1533029273.7233328819274902343750 HTTP/1.1" 200 23 www.fc-schnaittach.de "https://www.fc-schnaittach.de/wp-cron.php?doing_wp_cron=1533029273.7233328819274902343750" "WordPress/4.9.7; https://www.fc-schnaittach.de" "-"
207.46.13.0 - - [31/Jul/2018:11:28:00 +0200] "GET /tag/bilder/ HTTP/1.1" 200 6024 www.fc-schnaittach.de "-" "Mozilla/5.0 (compatible; bingbot/2.0; +http://www.bing.com/bingbot.htm)" "-"
207.46.13.0 - - [31/Jul/2018:11:28:00 +0200] "GET /author/mirzel/ HTTP/1.1" 200 7683 www.fc-schnaittach.de "-" "Mozilla/5.0 (compatible; bingbot/2.0; +http://www.bing.com/bingbot.htm)" "-"
207.46.13.0 - - [31/Jul/2018:11:28:01 +0200] "GET /karate/ HTTP/1.1" 200 8451 www.fc-schnaittach.de "-" "Mozilla/5.0 (compatible; bingbot/2.0; +http://www.bing.com/bingbot.htm)" "-"
207.46.13.0 - - [31/Jul/2018:11:28:01 +0200] "GET /budo/terminplan-2015/ HTTP/1.1" 200 6113 www.fc-schnaittach.de "-" "Mozilla/5.0 (compatible; bingbot/2.0; +http://www.bing.com/bingbot.htm)" "-"
207.46.13.0 - - [31/Jul/2018:11:28:02 +0200] "GET /dragonrun/attachment/10/ HTTP/1.1" 200 195 www.fc-schnaittach.de "-" "Mozilla/5.0 (compatible; bingbot/2.0; +http://www.bing.com/bingbot.htm)" "-"
207.46.13.0 - - [31/Jul/2018:11:28:02 +0200] "GET /dragonrun/7-2/ HTTP/1.1" 200 195 www.fc-schnaittach.de "-" "Mozilla/5.0 (compatible; bingbot/2.0; +http://www.bing.com/bingbot.htm)" "-"
207.46.13.0 - - [31/Jul/2018:11:28:03 +0200] "GET /dragonrun/6-2/ HTTP/1.1" 200 195 www.fc-schnaittach.de "-" "Mozilla/5.0 (compatible; bingbot/2.0; +http://www.bing.com/bingbot.htm)" "-"
217.160.63.0 - - [31/Jul/2018:11:28:04 +0200] "HEAD /wp-content/uploads/2018/05/7.jpg HTTP/1.1" 200 - www.fc-schnaittach.de "https://www.fc-schnaittach.de" "Mozilla/5.0 (compatible; MSIE 9.0; Windows NT 6.1; WOW64; Trident/5.0)" "-"
217.160.63.0 - - [31/Jul/2018:11:28:09 +0200] "HEAD /wp-content/uploads/2018/05/4.jpg HTTP/1.1" 200 - www.fc-schnaittach.de "https://www.fc-schnaittach.de" "Mozilla/5.0 (compatible; MSIE 9.0; Windows NT 6.1; WOW64; Trident/5.0)" "-"
157.55.39.0 - - [31/Jul/2018:11:28:09 +0200] "GET /dragon-run-kids/ HTTP/1.1" 200 6493 www.fc-schnaittach.de "-" "Mozilla/5.0 (compatible; bingbot/2.0; +http://www.bing.com/bingbot.htm)" "-"
157.55.39.0 - - [31/Jul/2018:11:28:10 +0200] "GET /dragon-run-28-07-2018/ HTTP/1.1" 200 6865 www.fc-schnaittach.de "-" "Mozilla/5.0 (compatible; bingbot/2.0; +http://www.bing.com/bingbot.htm)" "-"
157.55.39.0 - - [31/Jul/2018:11:28:11 +0200] "GET /author/thierauf/ HTTP/1.1" 200 7690 www.fc-schnaittach.de "-" "Mozilla/5.0 (compatible; bingbot/2.0; +http://www.bing.com/bingbot.htm)" "-"
157.55.39.0 - - [31/Jul/2018:11:28:11 +0200] "GET /ansprechpartner/fussball/ HTTP/1.1" 200 8178 www.fc-schnaittach.de "-" "Mozilla/5.0 (compatible; bingbot/2.0; +http://www.bing.com/bingbot.htm)" "-"
157.55.39.0 - - [31/Jul/2018:11:28:12 +0200] "GET /author/alexander/ HTTP/1.1" 200 7694 www.fc-schnaittach.de "-" "Mozilla/5.0 (compatible; bingbot/2.0; +http://www.bing.com/bingbot.htm)" "-"
157.55.39.0 - - [31/Jul/2018:11:28:12 +0200] "GET /author/fc-schnaittach/ HTTP/1.1" 200 7697 www.fc-schnaittach.de "-" "Mozilla/5.0 (compatible; bingbot/2.0; +http://www.bing.com/bingbot.htm)" "-"
157.55.39.0 - - [31/Jul/2018:11:28:13 +0200] "GET /author/kornek/ HTTP/1.1" 200 7691 www.fc-schnaittach.de "-" "Mozilla/5.0 (compatible; bingbot/2.0; +http://www.bing.com/bingbot.htm)" "-"
217.160.63.0 - - [31/Jul/2018:11:28:14 +0200] "HEAD /wp-content/uploads/2018/05/3-1-300x300.jpg HTTP/1.1" 200 - www.fc-schnaittach.de "https://www.fc-schnaittach.de" "Mozilla/5.0 (compatible; MSIE 9.0; Windows NT 6.1; WOW64; Trident/5.0)" "-"
157.55.39.0 - - [31/Jul/2018:11:28:14 +0200] "GET /wp-login.php?redirect_to=/dragonrun/ HTTP/1.1" 200 1265 www.fc-schnaittach.de "-" "Mozilla/5.0 (compatible; bingbot/2.0; +http://www.bing.com/bingbot.htm)" "-"
157.55.39.0 - - [31/Jul/2018:11:28:14 +0200] "GET /wp-content/uploads/2014/10/FCS-Aufnahmeantrag-SEPA-1.pdf HTTP/1.1" 200 24585 www.fc-schnaittach.de "-" "Mozilla/5.0 (compatible; bingbot/2.0; +http://www.bing.com/bingbot.htm)" "-"
157.55.39.0 - - [31/Jul/2018:11:28:15 +0200] "GET /category/news/fussball/2-mannschaft/ HTTP/1.1" 200 6706 www.fc-schnaittach.de "-" "Mozilla/5.0 (compatible; bingbot/2.0; +http://www.bing.com/bingbot.htm)" "-"
157.55.39.0 - - [31/Jul/2018:11:28:15 +0200] "GET /sporterlebnistag-am-1-juni/ HTTP/1.1" 200 6480 www.fc-schnaittach.de "-" "Mozilla/5.0 (compatible; bingbot/2.0; +http://www.bing.com/bingbot.htm)" "-"
157.55.39.0 - - [31/Jul/2018:11:28:16 +0200] "GET /planung-pruefung-fruehjahr-2016/ HTTP/1.1" 200 6969 www.fc-schnaittach.de "-" "Mozilla/5.0 (compatible; bingbot/2.0; +http://www.bing.com/bingbot.htm)" "-"
157.55.39.0 - - [31/Jul/2018:11:28:16 +0200] "GET /jahresplanung-2016/kalender-2016_1/ HTTP/1.1" 200 5908 www.fc-schnaittach.de "-" "Mozilla/5.0 (compatible; bingbot/2.0; +http://www.bing.com/bingbot.htm)" "-"
157.55.39.0 - - [31/Jul/2018:11:28:17 +0200] "GET /hauptverein/geschichte/ HTTP/1.1" 200 8061 www.fc-schnaittach.de "-" "Mozilla/5.0 (compatible; bingbot/2.0; +http://www.bing.com/bingbot.htm)" "-"
157.55.39.0 - - [31/Jul/2018:11:28:17 +0200] "GET /fussball/1-mannschaft/trainingsauftakt-saison-1617/ HTTP/1.1" 200 7593 www.fc-schnaittach.de "-" "Mozilla/5.0 (compatible; bingbot/2.0; +http://www.bing.com/bingbot.htm)" "-"
157.55.39.0 - - [31/Jul/2018:11:28:18 +0200] "GET /fussball/1-mannschaft/nachrichten-aus-der-liga-kreisliga-erlangen-pegnitzgrund-2/ HTTP/1.1" 200 8215 www.fc-schnaittach.de "-" "Mozilla/5.0 (compatible; bingbot/2.0; +http://www.bing.com/bingbot.htm)" "-"
217.160.63.0 - - [31/Jul/2018:11:28:19 +0200] "HEAD /wp-content/uploads/2018/05/6.jpg HTTP/1.1" 200 - www.fc-schnaittach.de "https://www.fc-schnaittach.de" "Mozilla/5.0 (compatible; MSIE 9.0; Windows NT 6.1; WOW64; Trident/5.0)" "-"
157.55.39.0 - - [31/Jul/2018:11:28:19 +0200] "GET /faq-dragonrun/ HTTP/1.1" 200 6709 www.fc-schnaittach.de "-" "Mozilla/5.0 (compatible; bingbot/2.0; +http://www.bing.com/bingbot.htm)" "-"
157.55.39.0 - - [31/Jul/2018:11:28:19 +0200] "GET /f3-jugend/ HTTP/1.1" 200 7261 www.fc-schnaittach.de "-" "Mozilla/5.0 (compatible; bingbot/2.0; +http://www.bing.com/bingbot.htm)" "-"
157.55.39.0 - - [31/Jul/2018:11:28:20 +0200] "GET /category/news/budo/ HTTP/1.1" 200 7185 www.fc-schnaittach.de "-" "Mozilla/5.0 (compatible; bingbot/2.0; +http://www.bing.com/bingbot.htm)" "-"
157.55.39.0 - - [31/Jul/2018:11:28:20 +0200] "GET /category/news/100-jahre/ HTTP/1.1" 200 6676 www.fc-schnaittach.de "-" "Mozilla/5.0 (compatible; bingbot/2.0; +http://www.bing.com/bingbot.htm)" "-"
217.160.63.0 - - [31/Jul/2018:11:28:24 +0200] "HEAD /wp-content/uploads/2018/05/Dragonzone_1.png HTTP/1.1" 200 - www.fc-schnaittach.de "https://www.fc-schnaittach.de" "Mozilla/5.0 (compatible; MSIE 9.0; Windows NT 6.1; WOW64; Trident/5.0)" "-"
157.55.39.0 - - [31/Jul/2018:11:28:37 +0200] "GET /dragonrun/4-3/ HTTP/1.1" 200 196 www.fc-schnaittach.de "-" "Mozilla/5.0 (compatible; bingbot/2.0; +http://www.bing.com/bingbot.htm)" "-"
157.55.39.0 - - [31/Jul/2018:11:28:38 +0200] "GET /category/news/page/3/ HTTP/1.1" 200 8257 www.fc-schnaittach.de "-" "Mozilla/5.0 (compatible; bingbot/2.0; +http://www.bing.com/bingbot.htm)" "-"
157.55.39.0 - - [31/Jul/2018:11:28:38 +0200] "GET /maiausflug-der-wanderabteilung-des-1-fc-schnaittach/ HTTP/1.1" 200 7138 www.fc-schnaittach.de "-" "Mozilla/5.0 (compatible; bingbot/2.0; +http://www.bing.com/bingbot.htm)" "-"
157.55.39.0 - - [31/Jul/2018:11:28:39 +0200] "GET /hauptverein/terminvorschau/ HTTP/1.1" 404 5763 www.fc-schnaittach.de "-" "Mozilla/5.0 (compatible; bingbot/2.0; +http://www.bing.com/bingbot.htm)" "-"
157.55.39.0 - - [31/Jul/2018:11:28:40 +0200] "GET /hauptverein/mitgliedschaft/ HTTP/1.1" 200 6549 www.fc-schnaittach.de "-" "Mozilla/5.0 (compatible; bingbot/2.0; +http://www.bing.com/bingbot.htm)" "-"
157.55.39.0 - - [31/Jul/2018:11:28:41 +0200] "GET /g-jugend/ HTTP/1.1" 200 7169 www.fc-schnaittach.de "-" "Mozilla/5.0 (compatible; bingbot/2.0; +http://www.bing.com/bingbot.htm)" "-"
157.55.39.0 - - [31/Jul/2018:11:28:42 +0200] "GET /fussball/2-mannschaft/ HTTP/1.1" 200 9346 www.fc-schnaittach.de "-" "Mozilla/5.0 (compatible; bingbot/2.0; +http://www.bing.com/bingbot.htm)" "-"
207.46.13.0 - - [31/Jul/2018:11:28:42 +0200] "GET /category/news/page/5/ HTTP/1.1" 200 6460 www.fc-schnaittach.de "-" "Mozilla/5.0 (compatible; bingbot/2.0; +http://www.bing.com/bingbot.htm)" "-"
157.55.39.0 - - [31/Jul/2018:11:28:43 +0200] "GET /dragonrun/attachment/14/ HTTP/1.1" 200 196 www.fc-schnaittach.de "-" "Mozilla/5.0 (compatible; bingbot/2.0; +http://www.bing.com/bingbot.htm)" "-"
207.46.13.0 - - [31/Jul/2018:11:28:43 +0200] "GET /category/news/page/2/ HTTP/1.1" 200 8711 www.fc-schnaittach.de "-" "Mozilla/5.0 (compatible; bingbot/2.0; +http://www.bing.com/bingbot.htm)" "-"
157.55.39.0 - - [31/Jul/2018:11:28:44 +0200] "GET /dragonrun/attachment/13/ HTTP/1.1" 200 195 www.fc-schnaittach.de "-" "Mozilla/5.0 (compatible; bingbot/2.0; +http://www.bing.com/bingbot.htm)" "-"
207.46.13.0 - - [31/Jul/2018:11:28:44 +0200] "GET /category/news/fussball/jugend/ HTTP/1.1" 200 6538 www.fc-schnaittach.de "-" "Mozilla/5.0 (compatible; bingbot/2.0; +http://www.bing.com/bingbot.htm)" "-"
157.55.39.0 - - [31/Jul/2018:11:28:44 +0200] "GET /dragonrun/9-2/ HTTP/1.1" 200 195 www.fc-schnaittach.de "-" "Mozilla/5.0 (compatible; bingbot/2.0; +http://www.bing.com/bingbot.htm)" "-"
207.46.13.0 - - [31/Jul/2018:11:28:44 +0200] "GET /category/news/fussball/frauen/ HTTP/1.1" 200 6467 www.fc-schnaittach.de "-" "Mozilla/5.0 (compatible; bingbot/2.0; +http://www.bing.com/bingbot.htm)" "-"
207.46.13.0 - - [31/Jul/2018:11:28:45 +0200] "GET /category/news/fussball/2-mannschaft/spielberichte/ HTTP/1.1" 200 7234 www.fc-schnaittach.de "-" "Mozilla/5.0 (compatible; bingbot/2.0; +http://www.bing.com/bingbot.htm)" "-"
207.46.13.0 - - [31/Jul/2018:11:28:46 +0200] "GET /veranstaltungsart/1-mannschaft/ HTTP/1.1" 200 7695 www.fc-schnaittach.de "-" "Mozilla/5.0 (compatible; bingbot/2.0; +http://www.bing.com/bingbot.htm)" "-"
207.46.13.0 - - [31/Jul/2018:11:28:47 +0200] "GET /category/news/fussball/ HTTP/1.1" 200 9675 www.fc-schnaittach.de "-" "Mozilla/5.0 (compatible; bingbot/2.0; +http://www.bing.com/bingbot.htm)" "-"
207.46.13.0 - - [31/Jul/2018:11:28:47 +0200] "GET /impressum/ HTTP/1.1" 200 8310 www.fc-schnaittach.de "-" "Mozilla/5.0 (compatible; bingbot/2.0; +http://www.bing.com/bingbot.htm)" "-"
207.46.13.0 - - [31/Jul/2018:11:28:48 +0200] "GET /guertelpruefung-fruehjahr-2016-tagesplan/ HTTP/1.1" 200 6270 www.fc-schnaittach.de "-" "Mozilla/5.0 (compatible; bingbot/2.0; +http://www.bing.com/bingbot.htm)" "-"
207.46.13.0 - - [31/Jul/2018:11:28:49 +0200] "GET /category/news/ HTTP/1.1" 200 8497 www.fc-schnaittach.de "-" "Mozilla/5.0 (compatible; bingbot/2.0; +http://www.bing.com/bingbot.htm)" "-"
207.46.13.0 - - [31/Jul/2018:11:28:50 +0200] "GET /tischtennis/damen/ HTTP/1.1" 200 6791 www.fc-schnaittach.de "-" "Mozilla/5.0 (compatible; bingbot/2.0; +http://www.bing.com/bingbot.htm)" "-"
207.46.13.0 - - [31/Jul/2018:11:28:51 +0200] "GET /fussball/1-mannschaft/ HTTP/1.1" 200 7402 www.fc-schnaittach.de "-" "Mozilla/5.0 (compatible; bingbot/2.0; +http://www.bing.com/bingbot.htm)" "-"
207.46.13.0 - - [31/Jul/2018:11:28:52 +0200] "GET /ehrenabend-beim-1-fc-schnaittach/ HTTP/1.1" 200 8113 www.fc-schnaittach.de "-" "Mozilla/5.0 (compatible; bingbot/2.0; +http://www.bing.com/bingbot.htm)" "-"
207.46.13.0 - - [31/Jul/2018:11:28:53 +0200] "GET /author/pfister/ HTTP/1.1" 200 7693 www.fc-schnaittach.de "-" "Mozilla/5.0 (compatible; bingbot/2.0; +http://www.bing.com/bingbot.htm)" "-"
207.46.13.0 - - [31/Jul/2018:11:28:55 +0200] "GET /e3-jugend/ HTTP/1.1" 200 7210 www.fc-schnaittach.de "-" "Mozilla/5.0 (compatible; bingbot/2.0; +http://www.bing.com/bingbot.htm)" "-"
207.46.13.0 - - [31/Jul/2018:11:28:56 +0200] "GET /dragonrun/attachment/15/ HTTP/1.1" 200 196 www.fc-schnaittach.de "-" "Mozilla/5.0 (compatible; bingbot/2.0; +http://www.bing.com/bingbot.htm)" "-"
157.55.39.0 - - [31/Jul/2018:11:29:39 +0200] "GET /wp-content/uploads/2016/01/Tagesablauf_FJ_2016.jpg HTTP/1.1" 301 288 www.fc-schnaittach.de "-" "Mozilla/5.0 (compatible; bingbot/2.0; +http://www.bing.com/bingbot.htm)" "-"
157.55.39.0 - - [31/Jul/2018:11:29:43 +0200] "GET /wp-content/uploads/2016/01/Tagesablauf_FJ_2016.jpg HTTP/1.1" 200 67326 www.fc-schnaittach.de "-" "Mozilla/5.0 (compatible; bingbot/2.0; +http://www.bing.com/bingbot.htm)" "-"
157.55.39.0 - - [31/Jul/2018:11:30:14 +0200] "GET /wp-content/uploads/2016/11/Stefanie-Roberts.jpg HTTP/1.1" 301 285 www.fc-schnaittach.de "-" "Mozilla/5.0 (compatible; bingbot/2.0; +http://www.bing.com/bingbot.htm)" "-"
157.55.39.0 - - [31/Jul/2018:11:30:15 +0200] "GET /wp-content/uploads/2016/11/Stefanie-Roberts.jpg HTTP/1.1" 200 966619 www.fc-schnaittach.de "-" "Mozilla/5.0 (compatible; bingbot/2.0; +http://www.bing.com/bingbot.htm)" "-"
13.82.188.0 - - [31/Jul/2018:11:30:25 +0200] "HEAD / HTTP/1.1" 301 - www.fc-schnaittach.de "-" "HTTPing v2.4" "-"
157.55.39.0 - - [31/Jul/2018:11:30:44 +0200] "GET /wp-content/uploads/2016/12/IMG_9931.jpg HTTP/1.1" 301 277 www.fc-schnaittach.de "-" "Mozilla/5.0 (compatible; bingbot/2.0; +http://www.bing.com/bingbot.htm)" "-"
157.55.39.0 - - [31/Jul/2018:11:30:45 +0200] "GET /wp-content/uploads/2016/12/IMG_9931.jpg HTTP/1.1" 200 1414715 www.fc-schnaittach.de "-" "Mozilla/5.0 (compatible; bingbot/2.0; +http://www.bing.com/bingbot.htm)" "-"
52.175.195.0 - - [31/Jul/2018:11:31:53 +0200] "HEAD / HTTP/1.1" 301 - www.fc-schnaittach.de "-" "HTTPing v2.4" "-"
216.244.66.0 - - [31/Jul/2018:11:33:34 +0200] "GET /robots.txt HTTP/1.1" 301 248 www.fc-schnaittach.de "-" "Mozilla/5.0 (compatible; DotBot/1.1; http://www.opensiteexplorer.org/dotbot, help@moz.com)" "-"
216.244.66.0 - - [31/Jul/2018:11:33:37 +0200] "GET /robots.txt HTTP/1.1" 200 35 www.fc-schnaittach.de "-" "Mozilla/5.0 (compatible; DotBot/1.1; http://www.opensiteexplorer.org/dotbot, help@moz.com)" "-"
66.249.66.0 - - [31/Jul/2018:11:36:04 +0200] "GET /fussball/2-mannschaft/ HTTP/1.1" 200 9350 www.fc-schnaittach.de "-" "Mozilla/5.0 (Linux; Android 6.0.1; Nexus 5X Build/MMB29P) AppleWebKit/537.36 (KHTML, like Gecko) Chrome/41.0.2272.96 Mobile Safari/537.36 (compatible; Googlebot/2.1; +http://www.google.com/bot.html)" "-"
66.249.66.0 - - [31/Jul/2018:11:36:08 +0200] "GET /wp-content/plugins/user-access-manager/assets/css/uamLoginForm.css?ver=2.1.11 HTTP/1.1" 301 315 www.fc-schnaittach.de "http://www.fc-schnaittach.de/fussball/2-mannschaft/" "Mozilla/5.0 (Linux; Android 6.0.1; Nexus 5X Build/MMB29P) AppleWebKit/537.36 (KHTML, like Gecko) Chrome/41.0.2272.96 Mobile Safari/537.36 (compatible; Googlebot/2.1; +http://www.google.com/bot.html)" "-"
66.249.66.0 - - [31/Jul/2018:11:37:20 +0200] "GET /veranstaltungsart/1-mannschaft/ HTTP/1.1" 200 7695 www.fc-schnaittach.de "-" "Mozilla/5.0 (compatible; Googlebot/2.1; +http://www.google.com/bot.html)" "-"
13.82.188.0 - - [31/Jul/2018:11:40:30 +0200] "HEAD / HTTP/1.1" 301 - www.fc-schnaittach.de "-" "HTTPing v2.4" "-"
193.201.224.0 - - [31/Jul/2018:11:40:34 +0200] "GET /wp-content/themes/wumblr/themify/js/utils.js HTTP/1.1" 301 23 fc-schnaittach.de "http://fc-schnaittach.de/wp-content/themes/wumblr/themify/js/utils.js" "Mozilla/5.0 (Windows NT 6.1; WOW64) AppleWebKit/537.36 (KHTML, like Gecko) Chrome/42.0.2311.152 Safari/537.36" "-"
193.201.224.0 - - [31/Jul/2018:11:40:35 +0200] "GET /wp-content/themes/wumblr/themify/js/utils.js HTTP/1.1" 404 5769 www.fc-schnaittach.de "http://fc-schnaittach.de/wp-content/themes/wumblr/themify/js/utils.js" "Mozilla/5.0 (Windows NT 6.1; WOW64) AppleWebKit/537.36 (KHTML, like Gecko) Chrome/42.0.2311.152 Safari/537.36" "-"
52.175.195.0 - - [31/Jul/2018:11:41:43 +0200] "HEAD / HTTP/1.1" 301 - www.fc-schnaittach.de "-" "HTTPing v2.4" "-"
157.55.39.0 - - [31/Jul/2018:11:43:46 +0200] "GET /wp-content/uploads/2015/03/Denise-Hanisch.jpg HTTP/1.1" 301 283 www.fc-schnaittach.de "-" "Mozilla/5.0 (compatible; bingbot/2.0; +http://www.bing.com/bingbot.htm)" "-"
157.55.39.0 - - [31/Jul/2018:11:43:47 +0200] "GET /wp-content/uploads/2015/03/Denise-Hanisch.jpg HTTP/1.1" 200 718819 www.fc-schnaittach.de "-" "Mozilla/5.0 (compatible; bingbot/2.0; +http://www.bing.com/bingbot.htm)" "-"
82.140.11.0 - - [31/Jul/2018:11:43:51 +0200] "GET /wp-content/uploads/2014/12/TT-Herren3.jpg HTTP/1.1" 301 279 www.fc-schnaittach.de "https://www.google.de/" "Mozilla/5.0 (Windows NT 10.0; Win64; x64) AppleWebKit/537.36 (KHTML, like Gecko) Chrome/64.0.3282.140 Safari/537.36 Edge/17.17134" "-"
82.140.11.0 - - [31/Jul/2018:11:43:52 +0200] "GET /wp-content/uploads/2014/12/TT-Herren3.jpg HTTP/1.1" 200 90394 www.fc-schnaittach.de "https://www.google.de/" "Mozilla/5.0 (Windows NT 10.0; Win64; x64) AppleWebKit/537.36 (KHTML, like Gecko) Chrome/64.0.3282.140 Safari/537.36 Edge/17.17134" "-"
66.249.66.0 - - [31/Jul/2018:11:47:58 +0200] "GET /neugruendungderbudoabteilung/ HTTP/1.1" 200 6904 www.fc-schnaittach.de "-" "Mozilla/5.0 (compatible; Googlebot/2.1; +http://www.google.com/bot.html)" "-"
52.175.195.0 - - [31/Jul/2018:11:52:08 +0200] "HEAD / HTTP/1.1" 301 - www.fc-schnaittach.de "-" "HTTPing v2.4" "-"
13.82.188.0 - - [31/Jul/2018:11:52:22 +0200] "HEAD / HTTP/1.1" 301 - www.fc-schnaittach.de "-" "HTTPing v2.4" "-"
157.55.39.0 - - [31/Jul/2018:11:52:40 +0200] "GET /wp-content/uploads/2014/12/13731508269647197.jpg HTTP/1.1" 301 286 www.fc-schnaittach.de "-" "Mozilla/5.0 (compatible; bingbot/2.0; +http://www.bing.com/bingbot.htm)" "-"
157.55.39.0 - - [31/Jul/2018:11:52:41 +0200] "GET /wp-content/uploads/2014/12/13731508269647197.jpg HTTP/1.1" 200 125988 www.fc-schnaittach.de "-" "Mozilla/5.0 (compatible; bingbot/2.0; +http://www.bing.com/bingbot.htm)" "-"
52.175.195.0 - - [31/Jul/2018:12:03:08 +0200] "HEAD / HTTP/1.1" 301 - www.fc-schnaittach.de "-" "HTTPing v2.4" "-"
178.137.88.0 - - [31/Jul/2018:12:03:08 +0200] "GET / HTTP/1.1" 301 238 fc-schnaittach.de "-" "Mozilla/5.0 (Windows NT 10.0; Win64; x64) AppleWebKit/537.36 (KHTML, like Gecko) Chrome/63.0.3239.132 Safari/537.36" "-"
157.55.39.0 - - [31/Jul/2018:12:03:10 +0200] "GET /fussball/1-mannschaft/ HTTP/1.1" 200 7402 www.fc-schnaittach.de "-" "Mozilla/5.0 (compatible; bingbot/2.0; +http://www.bing.com/bingbot.htm)" "-"
157.55.39.0 - - [31/Jul/2018:12:03:14 +0200] "GET /wp-content/plugins/recently-updated-posts-widget/css/style.css?ver=4.9.7 HTTP/1.1" 301 310 www.fc-schnaittach.de "-" "Mozilla/5.0 (compatible; bingbot/2.0; +http://www.bing.com/bingbot.htm)" "-"
157.55.39.0 - - [31/Jul/2018:12:03:15 +0200] "GET /wp-content/plugins/recently-updated-posts-widget/css/style.css?ver=4.9.7 HTTP/1.1" 200 45 www.fc-schnaittach.de "-" "Mozilla/5.0 (compatible; bingbot/2.0; +http://www.bing.com/bingbot.htm)" "-"
157.55.39.0 - - [31/Jul/2018:12:03:15 +0200] "GET /wp-content/plugins/user-access-manager/assets/css/uamLoginForm.css?ver=2.1.11 HTTP/1.1" 301 315 www.fc-schnaittach.de "-" "Mozilla/5.0 (compatible; bingbot/2.0; +http://www.bing.com/bingbot.htm)" "-"
157.55.39.0 - - [31/Jul/2018:12:03:16 +0200] "GET /wp-content/plugins/user-access-manager/assets/css/uamLoginForm.css?ver=2.1.11 HTTP/1.1" 200 468 www.fc-schnaittach.de "-" "Mozilla/5.0 (compatible; bingbot/2.0; +http://www.bing.com/bingbot.htm)" "-"
157.55.39.0 - - [31/Jul/2018:12:03:17 +0200] "GET /wp-content/themes/fcs/style.css?ver=1460744932 HTTP/1.1" 301 284 www.fc-schnaittach.de "-" "Mozilla/5.0 (compatible; bingbot/2.0; +http://www.bing.com/bingbot.htm)" "-"
207.46.13.0 - - [31/Jul/2018:12:03:19 +0200] "GET /wp-content/plugins/contact-form-7/includes/css/styles.css?ver=5.0.2 HTTP/1.1" 301 305 www.fc-schnaittach.de "-" "Mozilla/5.0 (compatible; bingbot/2.0; +http://www.bing.com/bingbot.htm)" "-"
207.46.13.0 - - [31/Jul/2018:12:03:22 +0200] "GET /wp-content/plugins/contact-form-7/includes/css/styles.css?ver=5.0.2 HTTP/1.1" 200 1683 www.fc-schnaittach.de "-" "Mozilla/5.0 (compatible; bingbot/2.0; +http://www.bing.com/bingbot.htm)" "-"
207.46.13.0 - - [31/Jul/2018:12:03:23 +0200] "GET /wp-includes/js/jquery/jquery-migrate.min.js?ver=1.4.1 HTTP/1.1" 301 291 www.fc-schnaittach.de "-" "Mozilla/5.0 (compatible; bingbot/2.0; +http://www.bing.com/bingbot.htm)" "-"
207.46.13.0 - - [31/Jul/2018:12:03:25 +0200] "GET /wp-includes/js/jquery/jquery-migrate.min.js?ver=1.4.1 HTTP/1.1" 200 10056 www.fc-schnaittach.de "-" "Mozilla/5.0 (compatible; bingbot/2.0; +http://www.bing.com/bingbot.htm)" "-"
207.46.13.0 - - [31/Jul/2018:12:03:25 +0200] "GET /wp-content/themes/fcs/js/fcs.js?ver=1442772175 HTTP/1.1" 301 284 www.fc-schnaittach.de "-" "Mozilla/5.0 (compatible; bingbot/2.0; +http://www.bing.com/bingbot.htm)" "-"
157.55.39.0 - - [31/Jul/2018:12:03:27 +0200] "GET /wp-content/themes/fcs/style.css?ver=1460744932 HTTP/1.1" 200 22587 www.fc-schnaittach.de "-" "Mozilla/5.0 (compatible; bingbot/2.0; +http://www.bing.com/bingbot.htm)" "-"
207.46.13.0 - - [31/Jul/2018:12:03:28 +0200] "GET /wp-content/themes/fcs/js/fcs.js?ver=1442772175 HTTP/1.1" 200 5542 www.fc-schnaittach.de "-" "Mozilla/5.0 (compatible; bingbot/2.0; +http://www.bing.com/bingbot.htm)" "-"
207.46.13.0 - - [31/Jul/2018:12:03:30 +0200] "GET /wp-content/themes/fcs/js/jquery.smartmenus.bootstrap.min.js?ver=1418750004 HTTP/1.1" 301 312 www.fc-schnaittach.de "-" "Mozilla/5.0 (compatible; bingbot/2.0; +http://www.bing.com/bingbot.htm)" "-"
207.46.13.0 - - [31/Jul/2018:12:03:32 +0200] "GET /wp-content/plugins/feedzy-rss-feeds/css/feedzy-rss-feeds.css?ver=3.2.10 HTTP/1.1" 301 309 www.fc-schnaittach.de "-" "Mozilla/5.0 (compatible; bingbot/2.0; +http://www.bing.com/bingbot.htm)" "-"
207.46.13.0 - - [31/Jul/2018:12:03:32 +0200] "GET /wp-content/plugins/feedzy-rss-feeds/css/feedzy-rss-feeds.css?ver=3.2.10 HTTP/1.1" 200 9822 www.fc-schnaittach.de "-" "Mozilla/5.0 (compatible; bingbot/2.0; +http://www.bing.com/bingbot.htm)" "-"
207.46.13.0 - - [31/Jul/2018:12:03:33 +0200] "GET /wp-includes/js/jquery/jquery.js?ver=1.12.4 HTTP/1.1" 301 280 www.fc-schnaittach.de "-" "Mozilla/5.0 (compatible; bingbot/2.0; +http://www.bing.com/bingbot.htm)" "-"
207.46.13.0 - - [31/Jul/2018:12:03:33 +0200] "GET /wp-includes/js/jquery/jquery.js?ver=1.12.4 HTTP/1.1" 200 97184 www.fc-schnaittach.de "-" "Mozilla/5.0 (compatible; bingbot/2.0; +http://www.bing.com/bingbot.htm)" "-"
13.82.188.0 - - [31/Jul/2018:12:03:34 +0200] "HEAD / HTTP/1.1" 301 - www.fc-schnaittach.de "-" "HTTPing v2.4" "-"
207.46.13.0 - - [31/Jul/2018:12:03:38 +0200] "GET /wp-content/themes/fcs/js/jquery.smartmenus.bootstrap.min.js?ver=1418750004 HTTP/1.1" 200 1252 www.fc-schnaittach.de "-" "Mozilla/5.0 (compatible; bingbot/2.0; +http://www.bing.com/bingbot.htm)" "-"
207.46.13.0 - - [31/Jul/2018:12:03:39 +0200] "GET /wp-content/plugins/contact-form-7/includes/js/scripts.js?ver=5.0.2 HTTP/1.1" 301 304 www.fc-schnaittach.de "-" "Mozilla/5.0 (compatible; bingbot/2.0; +http://www.bing.com/bingbot.htm)" "-"
207.46.13.0 - - [31/Jul/2018:12:03:42 +0200] "GET /wp-content/plugins/contact-form-7/includes/js/scripts.js?ver=5.0.2 HTTP/1.1" 200 14585 www.fc-schnaittach.de "-" "Mozilla/5.0 (compatible; bingbot/2.0; +http://www.bing.com/bingbot.htm)" "-"
207.46.13.0 - - [31/Jul/2018:12:03:44 +0200] "GET /wp-content/themes/fcs/css/jquery.smartmenus.bootstrap.css?ver=1418749976 HTTP/1.1" 301 310 www.fc-schnaittach.de "-" "Mozilla/5.0 (compatible; bingbot/2.0; +http://www.bing.com/bingbot.htm)" "-"
207.46.13.0 - - [31/Jul/2018:12:03:45 +0200] "GET /wp-content/themes/fcs/js/jquery.smartmenus.min.js?ver=1418750004 HTTP/1.1" 301 302 www.fc-schnaittach.de "-" "Mozilla/5.0 (compatible; bingbot/2.0; +http://www.bing.com/bingbot.htm)" "-"
207.46.13.0 - - [31/Jul/2018:12:03:47 +0200] "GET /wp-content/themes/fcs/js/jquery.smartmenus.min.js?ver=1418750004 HTTP/1.1" 200 22672 www.fc-schnaittach.de "-" "Mozilla/5.0 (compatible; bingbot/2.0; +http://www.bing.com/bingbot.htm)" "-"
207.46.13.0 - - [31/Jul/2018:12:03:47 +0200] "GET /wp-content/themes/fcs/css/jquery.smartmenus.bootstrap.css?ver=1418749976 HTTP/1.1" 200 3128 www.fc-schnaittach.de "-" "Mozilla/5.0 (compatible; bingbot/2.0; +http://www.bing.com/bingbot.htm)" "-"
157.55.39.0 - - [31/Jul/2018:12:03:50 +0200] "GET /wp-content/uploads/2017/09/SAM_1629-300x225.jpg HTTP/1.1" 301 285 www.fc-schnaittach.de "-" "Mozilla/5.0 (compatible; bingbot/2.0; +http://www.bing.com/bingbot.htm)" "-"
157.55.39.0 - - [31/Jul/2018:12:03:51 +0200] "GET /wp-content/uploads/2017/09/SAM_1629-300x225.jpg HTTP/1.1" 200 22068 www.fc-schnaittach.de "-" "Mozilla/5.0 (compatible; bingbot/2.0; +http://www.bing.com/bingbot.htm)" "-"
157.55.39.0 - - [31/Jul/2018:12:07:59 +0200] "GET /wp-content/uploads/2015/03/P1020630.jpg HTTP/1.1" 200 28073 www.fc-schnaittach.de "-" "Mozilla/5.0 (compatible; bingbot/2.0; +http://www.bing.com/bingbot.htm)" "-"
52.175.195.0 - - [31/Jul/2018:12:14:03 +0200] "HEAD / HTTP/1.1" 301 - www.fc-schnaittach.de "-" "HTTPing v2.4" "-"
13.82.188.0 - - [31/Jul/2018:12:14:10 +0200] "HEAD / HTTP/1.1" 301 - www.fc-schnaittach.de "-" "HTTPing v2.4" "-"
157.55.39.0 - - [31/Jul/2018:12:15:40 +0200] "GET /wp-content/uploads/2015/03/Jasmin-M%C3%BCller-300x225.jpg HTTP/1.1" 301 295 www.fc-schnaittach.de "-" "Mozilla/5.0 (compatible; bingbot/2.0; +http://www.bing.com/bingbot.htm)" "-"
157.55.39.0 - - [31/Jul/2018:12:15:41 +0200] "GET /wp-content/uploads/2015/03/Jasmin-M%c3%bcller-300x225.jpg HTTP/1.1" 200 17177 www.fc-schnaittach.de "-" "Mozilla/5.0 (compatible; bingbot/2.0; +http://www.bing.com/bingbot.htm)" "-"
157.55.39.0 - - [31/Jul/2018:12:15:57 +0200] "GET /wp-content/uploads/2018/05/4-1.jpg HTTP/1.1" 200 165674 www.fc-schnaittach.de "-" "Mozilla/5.0 (compatible; bingbot/2.0; +http://www.bing.com/bingbot.htm)" "-"
77.88.9.0 - - [31/Jul/2018:12:18:18 +0200] "GET /robots.txt HTTP/1.1" 404 1363 www.s520810972.online.de "-" "Mozilla/5.0 (compatible; YandexBot/3.0; +http://yandex.com/bots)" "-"
5.45.203.0 - - [31/Jul/2018:12:18:18 +0200] "GET /robots.txt HTTP/1.1" 404 1363 s520810972.online.de "-" "Mozilla/5.0 (compatible; YandexBot/3.0; +http://yandex.com/bots)" "-"
77.88.9.0 - - [31/Jul/2018:12:18:22 +0200] "GET / HTTP/1.1" 200 229 www.s520810972.online.de "-" "Mozilla/5.0 (compatible; YandexBot/3.0; +http://yandex.com/bots)" "-"
5.45.203.0 - - [31/Jul/2018:12:18:22 +0200] "GET / HTTP/1.1" 200 229 s520810972.online.de "-" "Mozilla/5.0 (compatible; YandexBot/3.0; +http://yandex.com/bots)" "-"
2a00:e50:f100:: - - [31/Jul/2018:12:20:07 +0200] "GET /dragonrun/ HTTP/1.1" 200 11392 www.fc-schnaittach.de "-" "Mozilla/5.0 (Windows NT 6.1; Win64; x64) AppleWebKit/537.36 (KHTML, like Gecko) Chrome/67.0.3396.99 Safari/537.36" "-"
2a00:e50:f100:: - - [31/Jul/2018:12:20:07 +0200] "GET /wp-content/plugins/contact-form-7/includes/css/styles.css?ver=5.0.2 HTTP/1.1" 301 305 www.fc-schnaittach.de "http://www.fc-schnaittach.de/dragonrun/" "Mozilla/5.0 (Windows NT 6.1; Win64; x64) AppleWebKit/537.36 (KHTML, like Gecko) Chrome/67.0.3396.99 Safari/537.36" "-"
2a00:e50:f100:: - - [31/Jul/2018:12:20:08 +0200] "GET /wp-content/plugins/feedzy-rss-feeds/css/feedzy-rss-feeds.css?ver=3.2.10 HTTP/1.1" 301 309 www.fc-schnaittach.de "http://www.fc-schnaittach.de/dragonrun/" "Mozilla/5.0 (Windows NT 6.1; Win64; x64) AppleWebKit/537.36 (KHTML, like Gecko) Chrome/67.0.3396.99 Safari/537.36" "-"
2a00:e50:f100:: - - [31/Jul/2018:12:20:08 +0200] "GET /wp-content/plugins/recently-updated-posts-widget/css/style.css?ver=4.9.7 HTTP/1.1" 301 310 www.fc-schnaittach.de "http://www.fc-schnaittach.de/dragonrun/" "Mozilla/5.0 (Windows NT 6.1; Win64; x64) AppleWebKit/537.36 (KHTML, like Gecko) Chrome/67.0.3396.99 Safari/537.36" "-"
2a00:e50:f100:: - - [31/Jul/2018:12:20:08 +0200] "GET /wp-content/plugins/user-access-manager/assets/css/uamLoginForm.css?ver=2.1.11 HTTP/1.1" 301 315 www.fc-schnaittach.de "http://www.fc-schnaittach.de/dragonrun/" "Mozilla/5.0 (Windows NT 6.1; Win64; x64) AppleWebKit/537.36 (KHTML, like Gecko) Chrome/67.0.3396.99 Safari/537.36" "-"
2a00:e50:f100:: - - [31/Jul/2018:12:20:08 +0200] "GET /wp-content/themes/fcs/css/jquery.smartmenus.bootstrap.css?ver=1418749976 HTTP/1.1" 301 310 www.fc-schnaittach.de "http://www.fc-schnaittach.de/dragonrun/" "Mozilla/5.0 (Windows NT 6.1; Win64; x64) AppleWebKit/537.36 (KHTML, like Gecko) Chrome/67.0.3396.99 Safari/537.36" "-"
2a00:e50:f100:: - - [31/Jul/2018:12:20:08 +0200] "GET /wp-content/themes/fcs/style.css?ver=1460744932 HTTP/1.1" 301 284 www.fc-schnaittach.de "http://www.fc-schnaittach.de/dragonrun/" "Mozilla/5.0 (Windows NT 6.1; Win64; x64) AppleWebKit/537.36 (KHTML, like Gecko) Chrome/67.0.3396.99 Safari/537.36" "-"
2a00:e50:f100:: - - [31/Jul/2018:12:20:08 +0200] "GET /wp-includes/js/jquery/jquery.js?ver=1.12.4 HTTP/1.1" 301 280 www.fc-schnaittach.de "http://www.fc-schnaittach.de/dragonrun/" "Mozilla/5.0 (Windows NT 6.1; Win64; x64) AppleWebKit/537.36 (KHTML, like Gecko) Chrome/67.0.3396.99 Safari/537.36" "-"
2a00:e50:f100:: - - [31/Jul/2018:12:20:08 +0200] "GET /wp-includes/js/jquery/jquery-migrate.min.js?ver=1.4.1 HTTP/1.1" 301 291 www.fc-schnaittach.de "http://www.fc-schnaittach.de/dragonrun/" "Mozilla/5.0 (Windows NT 6.1; Win64; x64) AppleWebKit/537.36 (KHTML, like Gecko) Chrome/67.0.3396.99 Safari/537.36" "-"
2a00:e50:f100:: - - [31/Jul/2018:12:20:08 +0200] "GET /wp-content/plugins/contact-form-7/includes/css/styles.css?ver=5.0.2 HTTP/1.1" 200 1683 www.fc-schnaittach.de "http://www.fc-schnaittach.de/dragonrun/" "Mozilla/5.0 (Windows NT 6.1; Win64; x64) AppleWebKit/537.36 (KHTML, like Gecko) Chrome/67.0.3396.99 Safari/537.36" "-"
2a00:e50:f100:: - - [31/Jul/2018:12:20:08 +0200] "GET /wp-content/plugins/recently-updated-posts-widget/css/style.css?ver=4.9.7 HTTP/1.1" 200 45 www.fc-schnaittach.de "http://www.fc-schnaittach.de/dragonrun/" "Mozilla/5.0 (Windows NT 6.1; Win64; x64) AppleWebKit/537.36 (KHTML, like Gecko) Chrome/67.0.3396.99 Safari/537.36" "-"
2a00:e50:f100:: - - [31/Jul/2018:12:20:08 +0200] "GET /wp-content/plugins/feedzy-rss-feeds/css/feedzy-rss-feeds.css?ver=3.2.10 HTTP/1.1" 200 9822 www.fc-schnaittach.de "http://www.fc-schnaittach.de/dragonrun/" "Mozilla/5.0 (Windows NT 6.1; Win64; x64) AppleWebKit/537.36 (KHTML, like Gecko) Chrome/67.0.3396.99 Safari/537.36" "-"
2a00:e50:f100:: - - [31/Jul/2018:12:20:08 +0200] "GET /wp-content/uploads/2018/07/30-300x199.jpg HTTP/1.1" 200 15645 www.fc-schnaittach.de "http://www.fc-schnaittach.de/dragonrun/" "Mozilla/5.0 (Windows NT 6.1; Win64; x64) AppleWebKit/537.36 (KHTML, like Gecko) Chrome/67.0.3396.99 Safari/537.36" "-"
2a00:e50:f100:: - - [31/Jul/2018:12:20:08 +0200] "GET /wp-content/plugins/user-access-manager/assets/css/uamLoginForm.css?ver=2.1.11 HTTP/1.1" 200 468 www.fc-schnaittach.de "http://www.fc-schnaittach.de/dragonrun/" "Mozilla/5.0 (Windows NT 6.1; Win64; x64) AppleWebKit/537.36 (KHTML, like Gecko) Chrome/67.0.3396.99 Safari/537.36" "-"
2a00:e50:f100:: - - [31/Jul/2018:12:20:08 +0200] "GET /wp-content/themes/fcs/css/jquery.smartmenus.bootstrap.css?ver=1418749976 HTTP/1.1" 200 3128 www.fc-schnaittach.de "http://www.fc-schnaittach.de/dragonrun/" "Mozilla/5.0 (Windows NT 6.1; Win64; x64) AppleWebKit/537.36 (KHTML, like Gecko) Chrome/67.0.3396.99 Safari/537.36" "-"
2a00:e50:f100:: - - [31/Jul/2018:12:20:08 +0200] "GET /wp-content/themes/fcs/style.css?ver=1460744932 HTTP/1.1" 200 22587 www.fc-schnaittach.de "http://www.fc-schnaittach.de/dragonrun/" "Mozilla/5.0 (Windows NT 6.1; Win64; x64) AppleWebKit/537.36 (KHTML, like Gecko) Chrome/67.0.3396.99 Safari/537.36" "-"
2a00:e50:f100:: - - [31/Jul/2018:12:20:08 +0200] "GET /wp-includes/js/jquery/jquery.js?ver=1.12.4 HTTP/1.1" 200 97184 www.fc-schnaittach.de "http://www.fc-schnaittach.de/dragonrun/" "Mozilla/5.0 (Windows NT 6.1; Win64; x64) AppleWebKit/537.36 (KHTML, like Gecko) Chrome/67.0.3396.99 Safari/537.36" "-"
2a00:e50:f100:: - - [31/Jul/2018:12:20:08 +0200] "GET /wp-includes/js/jquery/jquery-migrate.min.js?ver=1.4.1 HTTP/1.1" 200 10056 www.fc-schnaittach.de "http://www.fc-schnaittach.de/dragonrun/" "Mozilla/5.0 (Windows NT 6.1; Win64; x64) AppleWebKit/537.36 (KHTML, like Gecko) Chrome/67.0.3396.99 Safari/537.36" "-"
2a00:e50:f100:: - - [31/Jul/2018:12:20:08 +0200] "GET /wp-content/themes/fcs/images/production/FcsWappen.png?ver=1487205002 HTTP/1.1" 301 306 www.fc-schnaittach.de "http://www.fc-schnaittach.de/dragonrun/" "Mozilla/5.0 (Windows NT 6.1; Win64; x64) AppleWebKit/537.36 (KHTML, like Gecko) Chrome/67.0.3396.99 Safari/537.36" "-"
2a00:e50:f100:: - - [31/Jul/2018:12:20:08 +0200] "GET /wp-content/themes/fcs/images/production/FcsWappen.png?ver=1487205002 HTTP/1.1" 200 12482 www.fc-schnaittach.de "http://www.fc-schnaittach.de/dragonrun/" "Mozilla/5.0 (Windows NT 6.1; Win64; x64) AppleWebKit/537.36 (KHTML, like Gecko) Chrome/67.0.3396.99 Safari/537.36" "-"
2a00:e50:f100:: - - [31/Jul/2018:12:20:08 +0200] "GET /wp-content/themes/fcs/js/fcs.js?ver=1442772175 HTTP/1.1" 301 284 www.fc-schnaittach.de "http://www.fc-schnaittach.de/dragonrun/" "Mozilla/5.0 (Windows NT 6.1; Win64; x64) AppleWebKit/537.36 (KHTML, like Gecko) Chrome/67.0.3396.99 Safari/537.36" "-"
2a00:e50:f100:: - - [31/Jul/2018:12:20:08 +0200] "GET /wp-content/themes/fcs/js/jquery.smartmenus.min.js?ver=1418750004 HTTP/1.1" 301 302 www.fc-schnaittach.de "http://www.fc-schnaittach.de/dragonrun/" "Mozilla/5.0 (Windows NT 6.1; Win64; x64) AppleWebKit/537.36 (KHTML, like Gecko) Chrome/67.0.3396.99 Safari/537.36" "-"
2a00:e50:f100:: - - [31/Jul/2018:12:20:08 +0200] "GET /wp-content/themes/fcs/js/jquery.smartmenus.bootstrap.min.js?ver=1418750004 HTTP/1.1" 301 312 www.fc-schnaittach.de "http://www.fc-schnaittach.de/dragonrun/" "Mozilla/5.0 (Windows NT 6.1; Win64; x64) AppleWebKit/537.36 (KHTML, like Gecko) Chrome/67.0.3396.99 Safari/537.36" "-"
2a00:e50:f100:: - - [31/Jul/2018:12:20:08 +0200] "GET /wp-content/plugins/contact-form-7/includes/js/scripts.js?ver=5.0.2 HTTP/1.1" 301 304 www.fc-schnaittach.de "http://www.fc-schnaittach.de/dragonrun/" "Mozilla/5.0 (Windows NT 6.1; Win64; x64) AppleWebKit/537.36 (KHTML, like Gecko) Chrome/67.0.3396.99 Safari/537.36" "-"
2a00:e50:f100:: - - [31/Jul/2018:12:20:08 +0200] "GET /wp-content/uploads/2018/07/31-300x199.jpg HTTP/1.1" 200 16830 www.fc-schnaittach.de "http://www.fc-schnaittach.de/dragonrun/" "Mozilla/5.0 (Windows NT 6.1; Win64; x64) AppleWebKit/537.36 (KHTML, like Gecko) Chrome/67.0.3396.99 Safari/537.36" "-"
2a00:e50:f100:: - - [31/Jul/2018:12:20:08 +0200] "GET /wp-includes/js/wp-embed.min.js?ver=4.9.7 HTTP/1.1" 301 278 www.fc-schnaittach.de "http://www.fc-schnaittach.de/dragonrun/" "Mozilla/5.0 (Windows NT 6.1; Win64; x64) AppleWebKit/537.36 (KHTML, like Gecko) Chrome/67.0.3396.99 Safari/537.36" "-"
2a00:e50:f100:: - - [31/Jul/2018:12:20:08 +0200] "GET /wp-content/uploads/2018/07/33-300x200.jpg HTTP/1.1" 200 17500 www.fc-schnaittach.de "http://www.fc-schnaittach.de/dragonrun/" "Mozilla/5.0 (Windows NT 6.1; Win64; x64) AppleWebKit/537.36 (KHTML, like Gecko) Chrome/67.0.3396.99 Safari/537.36" "-"
2a00:e50:f100:: - - [31/Jul/2018:12:20:08 +0200] "GET /wp-content/uploads/2018/07/34-271x300.jpg HTTP/1.1" 200 19627 www.fc-schnaittach.de "http://www.fc-schnaittach.de/dragonrun/" "Mozilla/5.0 (Windows NT 6.1; Win64; x64) AppleWebKit/537.36 (KHTML, like Gecko) Chrome/67.0.3396.99 Safari/537.36" "-"
2a00:e50:f100:: - - [31/Jul/2018:12:20:08 +0200] "GET /wp-content/uploads/2018/07/36-1024x383.jpg HTTP/1.1" 200 61172 www.fc-schnaittach.de "http://www.fc-schnaittach.de/dragonrun/" "Mozilla/5.0 (Windows NT 6.1; Win64; x64) AppleWebKit/537.36 (KHTML, like Gecko) Chrome/67.0.3396.99 Safari/537.36" "-"
2a00:e50:f100:: - - [31/Jul/2018:12:20:09 +0200] "GET /wp-content/uploads/2018/04/A3-Poster-724x1024.jpeg HTTP/1.1" 200 148817 www.fc-schnaittach.de "http://www.fc-schnaittach.de/dragonrun/" "Mozilla/5.0 (Windows NT 6.1; Win64; x64) AppleWebKit/537.36 (KHTML, like Gecko) Chrome/67.0.3396.99 Safari/537.36" "-"
