2.247.255.0 - - [07/Aug/2018:02:29:11 +0200] "GET /wp-content/themes/fcs/images/production/FcsWappen.png?ver=1487205002 HTTP/1.1" 200 12482 www.fc-schnaittach.de "https://www.fc-schnaittach.de/hauptverein/sportheim/" "Mozilla/5.0 (Linux; U; Android 4.3; de-de; GT-I9300 Build/JSS15J) AppleWebKit/534.30 (KHTML, like Gecko) Version/4.0 Mobile Safari/534.30 ACHEETAHI/1" "-"
2.247.255.0 - - [07/Aug/2018:02:29:11 +0200] "GET /wp-content/themes/fcs/images/production/FcsWappen.png HTTP/1.1" 200 12482 www.fc-schnaittach.de "https://www.fc-schnaittach.de/hauptverein/sportheim/" "Mozilla/5.0 (Linux; U; Android 4.3; de-de; GT-I9300 Build/JSS15J) AppleWebKit/534.30 (KHTML, like Gecko) Version/4.0 Mobile Safari/534.30 ACHEETAHI/1" "-"
2.247.255.0 - - [07/Aug/2018:02:29:11 +0200] "GET /wp-content/uploads/2016/01/Werbung-Sportheim-300x173.png HTTP/1.1" 404 5767 www.fc-schnaittach.de "-" "Mozilla/5.0 (Linux; U; Android 4.3; de-de; GT-I9300 Build/JSS15J) AppleWebKit/534.30 (KHTML, like Gecko) Version/4.0 Mobile Safari/534.30 ACHEETAHI/1" "-"
2.247.255.0 - - [07/Aug/2018:02:29:13 +0200] "GET /wp-content/themes/fcs/images/production/FcsWappen.ico?ver=1420564287 HTTP/1.1" 200 4606 www.fc-schnaittach.de "https://www.fc-schnaittach.de/hauptverein/sportheim/" "Mozilla/5.0 (Linux; U; Android 4.3; de-de; GT-I9300 Build/JSS15J) AppleWebKit/534.30 (KHTML, like Gecko) Version/4.0 Mobile Safari/534.30 ACHEETAHI/1" "-"
2.247.255.0 - - [07/Aug/2018:02:29:14 +0200] "GET /wp-content/themes/fcs/images/production/FcsWappenMobileBookmark.png?ver=1487205003 HTTP/1.1" 200 12628 www.fc-schnaittach.de "-" "Dalvik/1.6.0 (Linux; U; Android 4.3; GT-I9300 Build/JSS15J)" "-"
77.75.78.0 - - [07/Aug/2018:02:31:42 +0200] "GET /robots.txt HTTP/1.1" 200 35 www.fc-schnaittach.de "-" "Mozilla/5.0 (compatible; SeznamBot/3.2; +http://napoveda.seznam.cz/en/seznambot-intro/)" "-"
2a02:598:: - - [07/Aug/2018:02:31:43 +0200] "GET /wp-content/uploads/2017/09/SAM_1629-300x225.jpg HTTP/1.1" 200 22068 www.fc-schnaittach.de "-" "Mozilla/5.0 (compatible; SeznamBot/3.2; +http://napoveda.seznam.cz/en/seznambot-intro/)" "-"
2a02:598:: - - [07/Aug/2018:02:31:43 +0200] "GET /wp-content/uploads/2018/05/3-1-300x300.jpg HTTP/1.1" 200 26946 www.fc-schnaittach.de "-" "Mozilla/5.0 (compatible; SeznamBot/3.2; +http://napoveda.seznam.cz/en/seznambot-intro/)" "-"
207.46.13.0 - - [07/Aug/2018:02:31:46 +0200] "GET /hauptverein/sportheim/ HTTP/1.1" 200 6333 www.fc-schnaittach.de "-" "Mozilla/5.0 (compatible; bingbot/2.0; +http://www.bing.com/bingbot.htm)" "-"
207.46.13.0 - - [07/Aug/2018:02:34:36 +0200] "GET /wp-content/plugins/feedzy-rss-feeds/css/feedzy-rss-feeds.css?ver=3.2.10 HTTP/1.1" 301 309 www.fc-schnaittach.de "-" "Mozilla/5.0 (compatible; bingbot/2.0; +http://www.bing.com/bingbot.htm)" "-"
207.46.13.0 - - [07/Aug/2018:02:34:37 +0200] "GET /wp-content/plugins/feedzy-rss-feeds/css/feedzy-rss-feeds.css?ver=3.2.10 HTTP/1.1" 200 9822 www.fc-schnaittach.de "-" "Mozilla/5.0 (compatible; bingbot/2.0; +http://www.bing.com/bingbot.htm)" "-"
207.46.13.0 - - [07/Aug/2018:02:34:37 +0200] "GET /wp-content/plugins/user-access-manager/assets/css/uamLoginForm.css?ver=2.1.11 HTTP/1.1" 301 315 www.fc-schnaittach.de "-" "Mozilla/5.0 (compatible; bingbot/2.0; +http://www.bing.com/bingbot.htm)" "-"
207.46.13.0 - - [07/Aug/2018:02:34:38 +0200] "GET /wp-content/plugins/user-access-manager/assets/css/uamLoginForm.css?ver=2.1.11 HTTP/1.1" 200 468 www.fc-schnaittach.de "-" "Mozilla/5.0 (compatible; bingbot/2.0; +http://www.bing.com/bingbot.htm)" "-"
157.55.39.0 - - [07/Aug/2018:02:34:38 +0200] "GET /robots.txt HTTP/1.1" 200 35 www.fc-schnaittach.de "-" "Mozilla/5.0 (compatible; bingbot/2.0; +http://www.bing.com/bingbot.htm)" "-"
207.46.13.0 - - [07/Aug/2018:02:34:39 +0200] "GET /wp-content/themes/fcs/style.css?ver=1460744932 HTTP/1.1" 301 284 www.fc-schnaittach.de "-" "Mozilla/5.0 (compatible; bingbot/2.0; +http://www.bing.com/bingbot.htm)" "-"
157.55.39.0 - - [07/Aug/2018:02:34:40 +0200] "GET /wp-content/plugins/contact-form-7/includes/css/styles.css?ver=5.0.2 HTTP/1.1" 301 305 www.fc-schnaittach.de "-" "Mozilla/5.0 (compatible; bingbot/2.0; +http://www.bing.com/bingbot.htm)" "-"
157.55.39.0 - - [07/Aug/2018:02:34:41 +0200] "GET /wp-content/plugins/contact-form-7/includes/css/styles.css?ver=5.0.2 HTTP/1.1" 200 1683 www.fc-schnaittach.de "-" "Mozilla/5.0 (compatible; bingbot/2.0; +http://www.bing.com/bingbot.htm)" "-"
157.55.39.0 - - [07/Aug/2018:02:34:41 +0200] "GET /wp-content/plugins/recently-updated-posts-widget/css/style.css?ver=4.9.8 HTTP/1.1" 301 310 www.fc-schnaittach.de "-" "Mozilla/5.0 (compatible; bingbot/2.0; +http://www.bing.com/bingbot.htm)" "-"
157.55.39.0 - - [07/Aug/2018:02:34:42 +0200] "GET /wp-content/plugins/recently-updated-posts-widget/css/style.css?ver=4.9.8 HTTP/1.1" 200 45 www.fc-schnaittach.de "-" "Mozilla/5.0 (compatible; bingbot/2.0; +http://www.bing.com/bingbot.htm)" "-"
157.55.39.0 - - [07/Aug/2018:02:34:42 +0200] "GET /wp-content/themes/fcs/css/jquery.smartmenus.bootstrap.css?ver=1418749976 HTTP/1.1" 301 310 www.fc-schnaittach.de "-" "Mozilla/5.0 (compatible; bingbot/2.0; +http://www.bing.com/bingbot.htm)" "-"
157.55.39.0 - - [07/Aug/2018:02:34:43 +0200] "GET /wp-content/themes/fcs/css/jquery.smartmenus.bootstrap.css?ver=1418749976 HTTP/1.1" 200 3128 www.fc-schnaittach.de "-" "Mozilla/5.0 (compatible; bingbot/2.0; +http://www.bing.com/bingbot.htm)" "-"
157.55.39.0 - - [07/Aug/2018:02:34:43 +0200] "GET /wp-includes/js/jquery/jquery-migrate.min.js?ver=1.4.1 HTTP/1.1" 301 291 www.fc-schnaittach.de "-" "Mozilla/5.0 (compatible; bingbot/2.0; +http://www.bing.com/bingbot.htm)" "-"
157.55.39.0 - - [07/Aug/2018:02:34:44 +0200] "GET /wp-includes/js/jquery/jquery-migrate.min.js?ver=1.4.1 HTTP/1.1" 200 10056 www.fc-schnaittach.de "-" "Mozilla/5.0 (compatible; bingbot/2.0; +http://www.bing.com/bingbot.htm)" "-"
157.55.39.0 - - [07/Aug/2018:02:34:44 +0200] "GET /wp-content/themes/fcs/js/fcs.js?ver=1442772175 HTTP/1.1" 301 284 www.fc-schnaittach.de "-" "Mozilla/5.0 (compatible; bingbot/2.0; +http://www.bing.com/bingbot.htm)" "-"
207.46.13.0 - - [07/Aug/2018:02:34:50 +0200] "GET /wp-content/themes/fcs/style.css?ver=1460744932 HTTP/1.1" 200 22587 www.fc-schnaittach.de "-" "Mozilla/5.0 (compatible; bingbot/2.0; +http://www.bing.com/bingbot.htm)" "-"
207.46.13.0 - - [07/Aug/2018:02:34:50 +0200] "GET /wp-includes/js/jquery/jquery.js?ver=1.12.4 HTTP/1.1" 301 280 www.fc-schnaittach.de "-" "Mozilla/5.0 (compatible; bingbot/2.0; +http://www.bing.com/bingbot.htm)" "-"
207.46.13.0 - - [07/Aug/2018:02:34:51 +0200] "GET /wp-includes/js/jquery/jquery.js?ver=1.12.4 HTTP/1.1" 200 97184 www.fc-schnaittach.de "-" "Mozilla/5.0 (compatible; bingbot/2.0; +http://www.bing.com/bingbot.htm)" "-"
157.55.39.0 - - [07/Aug/2018:02:34:55 +0200] "GET /wp-content/themes/fcs/js/fcs.js?ver=1442772175 HTTP/1.1" 200 5542 www.fc-schnaittach.de "-" "Mozilla/5.0 (compatible; bingbot/2.0; +http://www.bing.com/bingbot.htm)" "-"
157.55.39.0 - - [07/Aug/2018:02:34:55 +0200] "GET /wp-content/themes/fcs/js/jquery.smartmenus.min.js?ver=1418750004 HTTP/1.1" 301 302 www.fc-schnaittach.de "-" "Mozilla/5.0 (compatible; bingbot/2.0; +http://www.bing.com/bingbot.htm)" "-"
157.55.39.0 - - [07/Aug/2018:02:34:56 +0200] "GET /wp-content/themes/fcs/js/jquery.smartmenus.min.js?ver=1418750004 HTTP/1.1" 200 22672 www.fc-schnaittach.de "-" "Mozilla/5.0 (compatible; bingbot/2.0; +http://www.bing.com/bingbot.htm)" "-"
157.55.39.0 - - [07/Aug/2018:02:34:56 +0200] "GET /wp-content/themes/fcs/js/jquery.smartmenus.bootstrap.min.js?ver=1418750004 HTTP/1.1" 301 312 www.fc-schnaittach.de "-" "Mozilla/5.0 (compatible; bingbot/2.0; +http://www.bing.com/bingbot.htm)" "-"
157.55.39.0 - - [07/Aug/2018:02:34:57 +0200] "GET /wp-content/themes/fcs/js/jquery.smartmenus.bootstrap.min.js?ver=1418750004 HTTP/1.1" 200 1252 www.fc-schnaittach.de "-" "Mozilla/5.0 (compatible; bingbot/2.0; +http://www.bing.com/bingbot.htm)" "-"
157.55.39.0 - - [07/Aug/2018:02:34:57 +0200] "GET /wp-content/plugins/contact-form-7/includes/js/scripts.js?ver=5.0.2 HTTP/1.1" 301 304 www.fc-schnaittach.de "-" "Mozilla/5.0 (compatible; bingbot/2.0; +http://www.bing.com/bingbot.htm)" "-"
157.55.39.0 - - [07/Aug/2018:02:34:58 +0200] "GET /wp-content/plugins/contact-form-7/includes/js/scripts.js?ver=5.0.2 HTTP/1.1" 200 14585 www.fc-schnaittach.de "-" "Mozilla/5.0 (compatible; bingbot/2.0; +http://www.bing.com/bingbot.htm)" "-"
157.55.39.0 - - [07/Aug/2018:02:34:59 +0200] "GET /wp-includes/js/wp-embed.min.js?ver=4.9.8 HTTP/1.1" 301 278 www.fc-schnaittach.de "-" "Mozilla/5.0 (compatible; bingbot/2.0; +http://www.bing.com/bingbot.htm)" "-"
157.55.39.0 - - [07/Aug/2018:02:34:59 +0200] "GET /wp-includes/js/wp-embed.min.js?ver=4.9.8 HTTP/1.1" 200 1398 www.fc-schnaittach.de "-" "Mozilla/5.0 (compatible; bingbot/2.0; +http://www.bing.com/bingbot.htm)" "-"
27.76.240.0 - - [07/Aug/2018:02:38:16 +0200] "POST /wp-login.php HTTP/1.1" 200 1673 www.fc-schnaittach.de "https://www.fc-schnaittach.de/wp-login.php" "Mozilla/5.0 (Windows NT 5.0) AppleWebKit/533.07.50 (KHTML, like Gecko) Version/4.6.1 Safari/532.15" "-"
207.46.13.0 - - [07/Aug/2018:02:38:42 +0200] "GET /category/news/budo/feed/ HTTP/1.1" 200 3921 www.fc-schnaittach.de "-" "Mozilla/5.0 (compatible; bingbot/2.0; +http://www.bing.com/bingbot.htm)" "-"
66.249.66.0 - - [07/Aug/2018:02:43:03 +0200] "GET /sitemap-pt-contactperson-2018-04.xml HTTP/1.1" 200 499 www.fc-schnaittach.de "-" "Mozilla/5.0 (compatible; Googlebot/2.1; +http://www.google.com/bot.html)" "-"
116.107.10.0 - - [07/Aug/2018:02:46:59 +0200] "POST /wp-login.php HTTP/1.1" 200 1670 www.fc-schnaittach.de "https://www.fc-schnaittach.de/wp-login.php" "Mozilla/5.0 (Windows NT 6.0) AppleWebKit/534.04.67 (KHTML, like Gecko) Version/4.6.1 Safari/533.21" "-"
113.183.214.0 - - [07/Aug/2018:02:56:52 +0200] "POST /wp-login.php HTTP/1.1" 200 1669 www.fc-schnaittach.de "https://www.fc-schnaittach.de/wp-login.php" "Mozilla/5.0 (Windows NT 6.3; WOW64) AppleWebKit/534.07.54 (KHTML, like Gecko) Chrome/57.5.0512.4240 Safari/534.46" "-"
216.244.66.0 - - [07/Aug/2018:02:57:58 +0200] "GET /robots.txt HTTP/1.1" 301 248 www.fc-schnaittach.de "-" "Mozilla/5.0 (compatible; DotBot/1.1; http://www.opensiteexplorer.org/dotbot, help@moz.com)" "-"
216.244.66.0 - - [07/Aug/2018:02:58:00 +0200] "GET /robots.txt HTTP/1.1" 200 35 www.fc-schnaittach.de "-" "Mozilla/5.0 (compatible; DotBot/1.1; http://www.opensiteexplorer.org/dotbot, help@moz.com)" "-"
2001:ee0:4000:: - - [07/Aug/2018:03:06:46 +0200] "POST /wp-login.php HTTP/1.1" 200 1673 www.fc-schnaittach.de "https://www.fc-schnaittach.de/wp-login.php" "Mozilla/5.0 (Windows NT 10.0; WOW64) AppleWebKit/535.25.78 (KHTML, like Gecko) Chrome/54.8.3782.8054 Safari/531.96" "-"
40.77.167.0 - - [07/Aug/2018:03:07:55 +0200] "GET /attachment-sitemap.xml HTTP/1.1" 200 12645 www.fc-schnaittach.de "-" "Mozilla/5.0 (compatible; bingbot/2.0; +http://www.bing.com/bingbot.htm)" "-"
52.175.195.0 - - [07/Aug/2018:03:12:07 +0200] "HEAD / HTTP/1.1" 301 - www.fc-schnaittach.de "-" "HTTPing v2.4" "-"
27.76.230.0 - - [07/Aug/2018:03:16:51 +0200] "POST /wp-login.php HTTP/1.1" 200 1672 www.fc-schnaittach.de "https://www.fc-schnaittach.de/wp-login.php" "Mozilla/5.0 (Windows NT 10.0; WOW64; rv:45.64.17) Gecko/20176229 Firefox/45.64.17" "-"
77.75.76.0 - - [07/Aug/2018:03:17:15 +0200] "GET /robots.txt HTTP/1.1" 200 35 www.fc-schnaittach.de "-" "Mozilla/5.0 (compatible; SeznamBot/3.2; +http://napoveda.seznam.cz/en/seznambot-intro/)" "-"
2a02:598:: - - [07/Aug/2018:03:17:16 +0200] "GET /wp-content/uploads/2018/05/Small_Wall_1-300x300.jpg HTTP/1.1" 200 25990 www.fc-schnaittach.de "-" "Mozilla/5.0 (compatible; SeznamBot/3.2; +http://napoveda.seznam.cz/en/seznambot-intro/)" "-"
2a02:598:: - - [07/Aug/2018:03:17:16 +0200] "GET /wp-content/uploads/2015/08/IMG_6491-300x225.jpg HTTP/1.1" 200 12878 www.fc-schnaittach.de "-" "Mozilla/5.0 (compatible; SeznamBot/3.2; +http://napoveda.seznam.cz/en/seznambot-intro/)" "-"
66.249.66.0 - - [07/Aug/2018:03:18:01 +0200] "GET /robots.txt HTTP/1.1" 301 248 www.fc-schnaittach.de "-" "Mozilla/5.0 (compatible; Googlebot/2.1; +http://www.google.com/bot.html)" "-"
66.249.66.0 - - [07/Aug/2018:03:18:02 +0200] "GET /robots.txt HTTP/1.1" 200 35 www.fc-schnaittach.de "-" "Mozilla/5.0 (compatible; Googlebot/2.1; +http://www.google.com/bot.html)" "-"
66.249.66.0 - - [07/Aug/2018:03:18:20 +0200] "GET /wp-includes/js/wp-emoji-release.min.js?ver=4.9.5 HTTP/1.1" 301 286 www.fc-schnaittach.de "http://www.fc-schnaittach.de/category/news/hauptverein/" "Mozilla/5.0 AppleWebKit/537.36 (KHTML, like Gecko; compatible; Googlebot/2.1; +http://www.google.com/bot.html) Safari/537.36" "-"
66.249.66.0 - - [07/Aug/2018:03:18:20 +0200] "GET /wp-content/plugins/recently-updated-posts-widget/css/style.css?ver=4.9.5 HTTP/1.1" 301 310 www.fc-schnaittach.de "http://www.fc-schnaittach.de/category/news/hauptverein/" "Mozilla/5.0 AppleWebKit/537.36 (KHTML, like Gecko; compatible; Googlebot/2.1; +http://www.google.com/bot.html) Safari/537.36" "-"
66.249.66.0 - - [07/Aug/2018:03:18:21 +0200] "GET /wp-includes/js/wp-embed.min.js?ver=4.9.5 HTTP/1.1" 301 278 www.fc-schnaittach.de "http://www.fc-schnaittach.de/category/news/hauptverein/" "Mozilla/5.0 AppleWebKit/537.36 (KHTML, like Gecko; compatible; Googlebot/2.1; +http://www.google.com/bot.html) Safari/537.36" "-"
2402:800:6100:: - - [07/Aug/2018:03:26:45 +0200] "POST /wp-login.php HTTP/1.1" 200 1673 www.fc-schnaittach.de "https://www.fc-schnaittach.de/wp-login.php" "Mozilla/5.0 (Windows NT 6.2; WOW64; x64) AppleWebKit/530.60.17 (KHTML, like Gecko) Chrome/55.1.5822.0550 Safari/532.09 OPR/41.9.4009.9737" "-"
217.160.63.0 - - [07/Aug/2018:03:26:46 +0200] "POST /wp-cron.php?doing_wp_cron=1533605206.1495759487152099609375 HTTP/1.1" 200 23 www.fc-schnaittach.de "https://www.fc-schnaittach.de/wp-cron.php?doing_wp_cron=1533605206.1495759487152099609375" "WordPress/4.9.8; https://www.fc-schnaittach.de" "-"
54.194.118.0 - - [07/Aug/2018:03:30:57 +0200] "GET /robots.txt HTTP/1.1" 301 248 www.fc-schnaittach.de "-" "AHC/2.0" "-"
54.194.118.0 - - [07/Aug/2018:03:30:57 +0200] "GET /robots.txt HTTP/1.1" 200 35 www.fc-schnaittach.de "-" "AHC/2.0" "-"
52.212.248.0 - - [07/Aug/2018:03:30:57 +0200] "GET /fussball/1-mannschaft/nachrichten-aus-der-liga-kreisliga-erlangen-pegnitzgrund-2/ HTTP/1.1" 200 37274 www.fc-schnaittach.de "-" "Mozilla/5.0 (iPhone; CPU iPhone OS 8_3 like Mac OS X) AppleWebKit/600.1.4 (KHTML, like Gecko) Version/8.0 Mobile/12F70 Safari/600.1. 4 (compatible; HyScore/1.0; +https://hyscore.io/crawler/)" "-"
178.137.95.0 - - [07/Aug/2018:03:33:56 +0200] "GET /fussball/damen/ HTTP/1.1" 200 34396 www.fc-schnaittach.de "http://purchasepillsnorx.com/" "Mozilla/4.0 (compatible; MSIE 6.0; Windows NT 5.1; SV1; InfoPath.1)" "-"
178.137.95.0 - - [07/Aug/2018:03:33:58 +0200] "GET /fussball/damen/ HTTP/1.1" 200 34396 www.fc-schnaittach.de "http://purchasepillsnorx.com/" "Mozilla/4.0 (compatible; MSIE 6.0; Windows NT 5.1; SV1; InfoPath.1)" "-"
207.46.13.0 - - [07/Aug/2018:03:35:43 +0200] "GET /wp-includes/js/wp-emoji-release.min.js?ver=4.9.8 HTTP/1.1" 301 286 www.fc-schnaittach.de "-" "Mozilla/5.0 (compatible; bingbot/2.0; +http://www.bing.com/bingbot.htm)" "-"
207.46.13.0 - - [07/Aug/2018:03:35:45 +0200] "GET /wp-includes/js/wp-emoji-release.min.js?ver=4.9.8 HTTP/1.1" 200 12026 www.fc-schnaittach.de "-" "Mozilla/5.0 (compatible; bingbot/2.0; +http://www.bing.com/bingbot.htm)" "-"
77.220.215.0 - - [07/Aug/2018:03:37:49 +0200] "HEAD / HTTP/1.1" 301 - www.fc-schnaittach.de "https://www.rodecs.com.ua/product-details/penal-dlya-vannoy-godi" "Mozilla/2.0 (compatible; MSIE4.00; Windows 2007)" "-"
212.86.109.0 - - [07/Aug/2018:03:37:49 +0200] "HEAD / HTTP/1.1" 301 - www.fc-schnaittach.de "https://autorazborka.kiev.ua/news/307/59/remont-i-razborka-shkoda-na-teremkah" "Mozilla/7.0 (compatible; MSIE6.00; Windows 2009)" "-"
178.159.39.0 - - [07/Aug/2018:03:37:49 +0200] "HEAD / HTTP/1.1" 301 - www.fc-schnaittach.de "https://dekka-msk.ru/sale" "Mozilla/5.0 (compatible; MSIE6.00; Windows 2006)" "-"
14.231.246.0 - - [07/Aug/2018:03:38:58 +0200] "POST /wp-login.php HTTP/1.1" 200 1672 www.fc-schnaittach.de "https://www.fc-schnaittach.de/wp-login.php" "Mozilla/5.0 (Windows NT 5.1; WOW64; x64) AppleWebKit/531.72.29 (KHTML, like Gecko) Chrome/56.1.6094.1722 Safari/532.01 OPR/42.0.5371.0009" "-"
14.187.13.0 - - [07/Aug/2018:03:38:58 +0200] "POST /wp-login.php HTTP/1.1" 200 1672 www.fc-schnaittach.de "https://www.fc-schnaittach.de/wp-login.php" "Mozilla/5.0 (Windows NT 5.1; WOW64; x64) AppleWebKit/531.72.29 (KHTML, like Gecko) Chrome/56.1.6094.1722 Safari/532.01 OPR/42.0.5371.0009" "-"
66.249.66.0 - - [07/Aug/2018:03:40:38 +0200] "GET /fussball/damen/facebook-news/ HTTP/1.1" 200 6948 www.fc-schnaittach.de "-" "Mozilla/5.0 (compatible; Googlebot/2.1; +http://www.google.com/bot.html)" "-"
66.249.66.0 - - [07/Aug/2018:03:41:05 +0200] "GET /ehrenabend-beim-1-fc-schnaittach/ HTTP/1.1" 200 8113 www.fc-schnaittach.de "-" "Mozilla/5.0 (compatible; Googlebot/2.1; +http://www.google.com/bot.html)" "-"
123.20.123.0 - - [07/Aug/2018:03:57:50 +0200] "POST /wp-login.php HTTP/1.1" 200 1669 www.fc-schnaittach.de "https://www.fc-schnaittach.de/wp-login.php" "Mozilla/5.0 () AppleWebKit/533.05.58 (KHTML, like Gecko) Chrome/53.6.1758.6020 Safari/530.76 Edge/34.72099" "-"
198.38.82.0 - - [07/Aug/2018:04:02:37 +0200] "GET /wp-content/uploads/Marvins.php HTTP/1.1" 200 3 fc-schnaittach.de "http://site.ru" "Mozilla/5.0 (Windows; U; Windows NT 5.1; en-US) AppleWebKit/533.4 (KHTML, like Gecko) Chrome/5.0.375.99 Safari/533.4" "-"
77.75.78.0 - - [07/Aug/2018:04:02:49 +0200] "GET /robots.txt HTTP/1.1" 200 35 www.fc-schnaittach.de "-" "Mozilla/5.0 (compatible; SeznamBot/3.2; +http://napoveda.seznam.cz/en/seznambot-intro/)" "-"
2a02:598:: - - [07/Aug/2018:04:02:49 +0200] "GET /wp-content/uploads/2018/04/A3-Poster-724x1024.jpeg HTTP/1.1" 200 148817 www.fc-schnaittach.de "-" "Mozilla/5.0 (compatible; SeznamBot/3.2; +http://napoveda.seznam.cz/en/seznambot-intro/)" "-"
2a02:598:: - - [07/Aug/2018:04:02:49 +0200] "GET /wp-content/uploads/2018/06/13-300x300.jpg HTTP/1.1" 200 27363 www.fc-schnaittach.de "-" "Mozilla/5.0 (compatible; SeznamBot/3.2; +http://napoveda.seznam.cz/en/seznambot-intro/)" "-"
14.187.211.0 - - [07/Aug/2018:04:08:34 +0200] "POST /wp-login.php HTTP/1.1" 200 1673 www.fc-schnaittach.de "https://www.fc-schnaittach.de/wp-login.php" "Mozilla/5.0 (Macintosh; Intel Mac OS X 10_29_76) AppleWebKit/531.70.27 (KHTML, like Gecko) Chrome/55.1.6866.1594 Safari/532.09 Edge/36.04155" "-"
185.125.219.0 - - [07/Aug/2018:04:10:20 +0200] "HEAD / HTTP/1.1" 301 - www.fc-schnaittach.de "https://www.bravica.me/ru/" "Mozilla/6.0 (compatible; MSIE6.00; Windows 2004)" "-"
194.67.210.0 - - [07/Aug/2018:04:10:20 +0200] "HEAD / HTTP/1.1" 301 - www.fc-schnaittach.de "https://www.bravica.news/ru/" "Mozilla/4.0 (compatible; MSIE5.00; Windows 2007)" "-"
194.67.207.0 - - [07/Aug/2018:04:10:20 +0200] "HEAD / HTTP/1.1" 301 - www.fc-schnaittach.de "https://www.bravica.pro/ru/" "Mozilla/3.0 (compatible; MSIE3.00; Windows 2003)" "-"
194.67.207.0 - - [07/Aug/2018:04:10:21 +0200] "HEAD / HTTP/1.1" 301 - www.fc-schnaittach.de "https://www.bravica.com/ru/" "Mozilla/7.0 (compatible; MSIE5.00; Windows 2003)" "-"
185.5.249.0 - - [07/Aug/2018:04:10:21 +0200] "HEAD / HTTP/1.1" 301 - www.fc-schnaittach.de "https://www.bravica.su/" "Mozilla/8.0 (compatible; MSIE6.00; Windows 2004)" "-"
148.64.56.0 - - [07/Aug/2018:04:10:39 +0200] "GET /robots.txt HTTP/1.1" 301 248 www.fc-schnaittach.de "-" "Mozilla/5.0 (compatible; GrapeshotCrawler/2.0; +http://www.grapeshot.co.uk/crawler.php)" "-"
148.64.56.0 - - [07/Aug/2018:04:10:40 +0200] "GET /robots.txt HTTP/1.1" 200 35 www.fc-schnaittach.de "-" "Mozilla/5.0 (compatible; GrapeshotCrawler/2.0; +http://www.grapeshot.co.uk/crawler.php)" "-"
148.64.56.0 - - [07/Aug/2018:04:10:48 +0200] "GET /fussball/1-mannschaft/nachrichten-aus-der-liga-kreisliga-erlangen-pegnitzgrund-2/ HTTP/1.1" 200 8215 www.fc-schnaittach.de "-" "Mozilla/5.0 (compatible; GrapeshotCrawler/2.0; +http://www.grapeshot.co.uk/crawler.php)" "-"
66.249.66.0 - - [07/Aug/2018:04:12:00 +0200] "GET /wp-content/plugins/feedzy-rss-feeds/css/feedzy-rss-feeds.css?ver=3.1.8 HTTP/1.1" 301 308 www.fc-schnaittach.de "http://www.fc-schnaittach.de/fussball/3-mannschaft/" "Mozilla/5.0 (Linux; Android 6.0.1; Nexus 5X Build/MMB29P) AppleWebKit/537.36 (KHTML, like Gecko) Chrome/41.0.2272.96 Mobile Safari/537.36 (compatible; Googlebot/2.1; +http://www.google.com/bot.html)" "-"
66.249.66.0 - - [07/Aug/2018:04:12:02 +0200] "GET /wp-content/plugins/user-access-manager/assets/css/uamLoginForm.css?ver=2.0.12 HTTP/1.1" 301 315 www.fc-schnaittach.de "http://www.fc-schnaittach.de/fussball/3-mannschaft/" "Mozilla/5.0 (Linux; Android 6.0.1; Nexus 5X Build/MMB29P) AppleWebKit/537.36 (KHTML, like Gecko) Chrome/41.0.2272.96 Mobile Safari/537.36 (compatible; Googlebot/2.1; +http://www.google.com/bot.html)" "-"
66.249.66.0 - - [07/Aug/2018:04:12:03 +0200] "GET /wp-includes/js/wp-emoji-release.min.js?ver=4.8 HTTP/1.1" 200 12026 www.fc-schnaittach.de "http://www.fc-schnaittach.de/fussball/3-mannschaft/" "Mozilla/5.0 (Linux; Android 6.0.1; Nexus 5X Build/MMB29P) AppleWebKit/537.36 (KHTML, like Gecko) Chrome/41.0.2272.96 Mobile Safari/537.36 (compatible; Googlebot/2.1; +http://www.google.com/bot.html)" "-"
66.249.66.0 - - [07/Aug/2018:04:12:05 +0200] "GET /wp-content/plugins/contact-form-7/includes/css/styles.css?ver=4.8 HTTP/1.1" 200 1683 www.fc-schnaittach.de "http://www.fc-schnaittach.de/fussball/3-mannschaft/" "Mozilla/5.0 (Linux; Android 6.0.1; Nexus 5X Build/MMB29P) AppleWebKit/537.36 (KHTML, like Gecko) Chrome/41.0.2272.96 Mobile Safari/537.36 (compatible; Googlebot/2.1; +http://www.google.com/bot.html)" "-"
66.249.66.0 - - [07/Aug/2018:04:12:06 +0200] "GET /wp-content/plugins/feedzy-rss-feeds/css/feedzy-rss-feeds.css?ver=3.1.8 HTTP/1.1" 200 9822 www.fc-schnaittach.de "http://www.fc-schnaittach.de/fussball/3-mannschaft/" "Mozilla/5.0 (Linux; Android 6.0.1; Nexus 5X Build/MMB29P) AppleWebKit/537.36 (KHTML, like Gecko) Chrome/41.0.2272.96 Mobile Safari/537.36 (compatible; Googlebot/2.1; +http://www.google.com/bot.html)" "-"
66.249.66.0 - - [07/Aug/2018:04:12:08 +0200] "GET /wp-content/plugins/contact-form-7/includes/js/scripts.js?ver=4.8 HTTP/1.1" 200 14585 www.fc-schnaittach.de "http://www.fc-schnaittach.de/fussball/3-mannschaft/" "Mozilla/5.0 (Linux; Android 6.0.1; Nexus 5X Build/MMB29P) AppleWebKit/537.36 (KHTML, like Gecko) Chrome/41.0.2272.96 Mobile Safari/537.36 (compatible; Googlebot/2.1; +http://www.google.com/bot.html)" "-"
66.249.66.0 - - [07/Aug/2018:04:12:08 +0200] "GET /wp-includes/js/wp-embed.min.js?ver=4.8 HTTP/1.1" 200 1398 www.fc-schnaittach.de "http://www.fc-schnaittach.de/fussball/3-mannschaft/" "Mozilla/5.0 (Linux; Android 6.0.1; Nexus 5X Build/MMB29P) AppleWebKit/537.36 (KHTML, like Gecko) Chrome/41.0.2272.96 Mobile Safari/537.36 (compatible; Googlebot/2.1; +http://www.google.com/bot.html)" "-"
66.249.66.0 - - [07/Aug/2018:04:12:09 +0200] "GET /wp-content/plugins/user-access-manager/assets/css/uamLoginForm.css?ver=2.0.12 HTTP/1.1" 200 468 www.fc-schnaittach.de "http://www.fc-schnaittach.de/fussball/3-mannschaft/" "Mozilla/5.0 (Linux; Android 6.0.1; Nexus 5X Build/MMB29P) AppleWebKit/537.36 (KHTML, like Gecko) Chrome/41.0.2272.96 Mobile Safari/537.36 (compatible; Googlebot/2.1; +http://www.google.com/bot.html)" "-"
2a03:2880:: - - [07/Aug/2018:04:33:24 +0200] "GET /wp-content/uploads/2018/03/DIN_A6_Flyer_22.02.2018_1.png HTTP/1.1" 200 205587 www.fc-schnaittach.de "-" "facebookexternalhit/1.1 (+http://www.facebook.com/externalhit_uatext.php)" "-"
14.187.58.0 - - [07/Aug/2018:04:37:04 +0200] "POST /wp-login.php HTTP/1.1" 200 1669 www.fc-schnaittach.de "https://www.fc-schnaittach.de/wp-login.php" "Mozilla/5.0 (Windows NT 6.3; WOW64) AppleWebKit/534.05.52 (KHTML, like Gecko) Chrome/57.5.9345.4073 Safari/534.44" "-"
217.160.63.0 - - [07/Aug/2018:04:37:04 +0200] "POST /wp-cron.php?doing_wp_cron=1533609424.7264609336853027343750 HTTP/1.1" 200 23 www.fc-schnaittach.de "https://www.fc-schnaittach.de/wp-cron.php?doing_wp_cron=1533609424.7264609336853027343750" "WordPress/4.9.8; https://www.fc-schnaittach.de" "-"
217.160.63.0 - - [07/Aug/2018:04:37:05 +0200] "HEAD /wp-content/uploads/2018/04/Werbebanner_1.jpg HTTP/1.1" 200 - www.fc-schnaittach.de "https://www.fc-schnaittach.de" "Mozilla/5.0 (compatible; MSIE 9.0; Windows NT 6.1; WOW64; Trident/5.0)" "-"
217.160.63.0 - - [07/Aug/2018:04:37:07 +0200] "HEAD /wp-content/uploads/2018/04/Werbebanner_1-300x300.jpg HTTP/1.1" 200 - www.fc-schnaittach.de "https://www.fc-schnaittach.de" "Mozilla/5.0 (compatible; MSIE 9.0; Windows NT 6.1; WOW64; Trident/5.0)" "-"
66.249.66.0 - - [07/Aug/2018:04:44:19 +0200] "GET /wp-content/plugins/feedzy-rss-feeds/css/feedzy-rss-feeds.css?ver=3.2.8 HTTP/1.1" 200 9822 www.fc-schnaittach.de "https://www.fc-schnaittach.de/jahresplanung-2016/" "Mozilla/5.0 AppleWebKit/537.36 (KHTML, like Gecko; compatible; Googlebot/2.1; +http://www.google.com/bot.html) Safari/537.36" "-"
66.249.66.0 - - [07/Aug/2018:04:44:19 +0200] "GET /wp-content/plugins/recently-updated-posts-widget/css/style.css?ver=4.9.4 HTTP/1.1" 200 45 www.fc-schnaittach.de "https://www.fc-schnaittach.de/jahresplanung-2016/" "Mozilla/5.0 AppleWebKit/537.36 (KHTML, like Gecko; compatible; Googlebot/2.1; +http://www.google.com/bot.html) Safari/537.36" "-"
66.249.66.0 - - [07/Aug/2018:04:44:19 +0200] "GET /wp-content/plugins/contact-form-7/includes/js/scripts.js?ver=5.0.1 HTTP/1.1" 200 14585 www.fc-schnaittach.de "https://www.fc-schnaittach.de/jahresplanung-2016/" "Mozilla/5.0 AppleWebKit/537.36 (KHTML, like Gecko; compatible; Googlebot/2.1; +http://www.google.com/bot.html) Safari/537.36" "-"
66.249.66.0 - - [07/Aug/2018:04:44:19 +0200] "GET /wp-includes/js/wp-emoji-release.min.js?ver=4.9.4 HTTP/1.1" 200 12026 www.fc-schnaittach.de "https://www.fc-schnaittach.de/jahresplanung-2016/" "Mozilla/5.0 AppleWebKit/537.36 (KHTML, like Gecko; compatible; Googlebot/2.1; +http://www.google.com/bot.html) Safari/537.36" "-"
66.249.66.0 - - [07/Aug/2018:04:44:19 +0200] "GET /wp-content/plugins/contact-form-7/includes/css/styles.css?ver=5.0.1 HTTP/1.1" 200 1683 www.fc-schnaittach.de "https://www.fc-schnaittach.de/jahresplanung-2016/" "Mozilla/5.0 AppleWebKit/537.36 (KHTML, like Gecko; compatible; Googlebot/2.1; +http://www.google.com/bot.html) Safari/537.36" "-"
14.162.159.0 - - [07/Aug/2018:04:47:02 +0200] "POST /wp-login.php HTTP/1.1" 200 1672 www.fc-schnaittach.de "https://www.fc-schnaittach.de/wp-login.php" "Mozilla/5.0 (Windows NT 6.2; WOW64; x64) AppleWebKit/531.86.39 (KHTML, like Gecko) Chrome/56.3.8852.4124 Safari/534.47 OPR/44.5.0575.5847" "-"
14.186.134.0 - - [07/Aug/2018:04:55:55 +0200] "POST /wp-login.php HTTP/1.1" 200 1671 www.fc-schnaittach.de "https://www.fc-schnaittach.de/wp-login.php" "Mozilla/5.0 (Macintosh; Intel Mac OS X 10_39_82) AppleWebKit/532.88.41 (KHTML, like Gecko) Chrome/57.4.9080.4352 Safari/534.59" "-"
85.25.210.0 - - [07/Aug/2018:05:02:00 +0200] "GET /robots.txt HTTP/1.1" 301 248 www.fc-schnaittach.de "-" "Mozilla/5.0 (compatible; adscanner/)" "-"
85.25.210.0 - - [07/Aug/2018:05:02:00 +0200] "GET /robots.txt HTTP/1.1" 200 35 www.fc-schnaittach.de "-" "Mozilla/5.0 (compatible; adscanner/)" "-"
85.25.210.0 - - [07/Aug/2018:05:02:00 +0200] "GET /wp-content/uploads/2018/07/IMG_0095-150x150.jpg HTTP/1.1" 301 285 www.fc-schnaittach.de "-" "Mozilla/5.0 (compatible; adscanner/)" "-"
85.25.210.0 - - [07/Aug/2018:05:02:01 +0200] "GET /wp-content/uploads/2018/07/IMG_0095-150x150.jpg HTTP/1.1" 200 8343 www.fc-schnaittach.de "-" "Mozilla/5.0 (compatible; adscanner/)" "-"
117.6.52.0 - - [07/Aug/2018:05:04:06 +0200] "POST /wp-login.php HTTP/1.1" 200 1671 www.fc-schnaittach.de "https://www.fc-schnaittach.de/wp-login.php" "Mozilla/5.0 (Windows NT 6.2; WOW64; x64) AppleWebKit/531.84.37 (KHTML, like Gecko) Chrome/56.3.9620.4993 Safari/534.45 OPR/44.5.0443.5715" "-"
216.244.66.0 - - [07/Aug/2018:05:04:45 +0200] "GET /robots.txt HTTP/1.1" 301 248 www.fc-schnaittach.de "-" "Mozilla/5.0 (compatible; DotBot/1.1; http://www.opensiteexplorer.org/dotbot, help@moz.com)" "-"
216.244.66.0 - - [07/Aug/2018:05:04:49 +0200] "GET /robots.txt HTTP/1.1" 200 35 www.fc-schnaittach.de "-" "Mozilla/5.0 (compatible; DotBot/1.1; http://www.opensiteexplorer.org/dotbot, help@moz.com)" "-"
40.77.167.0 - - [07/Aug/2018:05:12:30 +0200] "GET /sitemap-pt-page-2017-08.xml HTTP/1.1" 200 586 www.fc-schnaittach.de "-" "Mozilla/5.0 (compatible; bingbot/2.0; +http://www.bing.com/bingbot.htm)" "-"
82.165.74.0 - - [07/Aug/2018:05:15:05 +0200] "GET /wp-includes/js/tinymce/skins/wordpress/images/Meuhy.php HTTP/1.1" 200 3 fc-schnaittach.de "http://site.ru" "Mozilla/5.0 (Windows; U; Windows NT 5.1; en-US) AppleWebKit/533.4 (KHTML, like Gecko) Chrome/5.0.375.99 Safari/533.4" "-"
82.165.74.0 - - [07/Aug/2018:05:15:14 +0200] "GET /wp-includes/js/tinymce/skins/wordpress/images/Meuhy.php HTTP/1.1" 200 3 fc-schnaittach.de "http://site.ru" "Mozilla/5.0 (Windows; U; Windows NT 5.1; en-US) AppleWebKit/533.4 (KHTML, like Gecko) Chrome/5.0.375.99 Safari/533.4" "-"
207.46.13.0 - - [07/Aug/2018:05:15:34 +0200] "GET /schirmherr/ HTTP/1.1" 200 6236 www.fc-schnaittach.de "-" "Mozilla/5.0 (compatible; bingbot/2.0; +http://www.bing.com/bingbot.htm)" "-"
123.21.135.0 - - [07/Aug/2018:05:21:01 +0200] "POST /wp-login.php HTTP/1.1" 200 1669 www.fc-schnaittach.de "https://www.fc-schnaittach.de/wp-login.php" "Mozilla/5.0 (Windows NT 6.2; WOW64; x64) AppleWebKit/530.62.19 (KHTML, like Gecko) Chrome/55.1.5028.0756 Safari/532.01 OPR/41.9.4305.9033" "-"
77.75.79.0 - - [07/Aug/2018:05:26:46 +0200] "GET /robots.txt HTTP/1.1" 200 35 www.fc-schnaittach.de "-" "Mozilla/5.0 (compatible; SeznamBot/3.2; +http://napoveda.seznam.cz/en/seznambot-intro/)" "-"
2a02:598:: - - [07/Aug/2018:05:26:46 +0200] "GET /wp-content/uploads/2018/05/4-1-300x300.jpg HTTP/1.1" 200 25204 www.fc-schnaittach.de "-" "Mozilla/5.0 (compatible; SeznamBot/3.2; +http://napoveda.seznam.cz/en/seznambot-intro/)" "-"
2a02:598:: - - [07/Aug/2018:05:26:47 +0200] "GET /wp-content/uploads/2018/06/9-300x300.jpg HTTP/1.1" 200 28078 www.fc-schnaittach.de "-" "Mozilla/5.0 (compatible; SeznamBot/3.2; +http://napoveda.seznam.cz/en/seznambot-intro/)" "-"
2001:ee0:4100:: - - [07/Aug/2018:05:28:43 +0200] "POST /wp-login.php HTTP/1.1" 200 1669 www.fc-schnaittach.de "https://www.fc-schnaittach.de/wp-login.php" "Mozilla/5.0 (Macintosh; U; Intel Mac OS X 10_48_85) AppleWebKit/532.89.36 (KHTML, like Gecko) Chrome/56.2.7756.2584 Safari/533.19 Edge/36.13054" "-"
217.160.63.0 - - [07/Aug/2018:05:28:44 +0200] "POST /wp-cron.php?doing_wp_cron=1533612523.9493999481201171875000 HTTP/1.1" 200 23 www.fc-schnaittach.de "https://www.fc-schnaittach.de/wp-cron.php?doing_wp_cron=1533612523.9493999481201171875000" "WordPress/4.9.8; https://www.fc-schnaittach.de" "-"
2001:ee0:4100:: - - [07/Aug/2018:05:36:42 +0200] "POST /wp-login.php HTTP/1.1" 200 1670 www.fc-schnaittach.de "https://www.fc-schnaittach.de/wp-login.php" "Mozilla/5.0 (Windows NT 6.0) AppleWebKit/533.05.42 (KHTML, like Gecko) Chrome/57.4.9314.3041 Safari/533.34" "-"
13.82.188.0 - - [07/Aug/2018:05:37:36 +0200] "HEAD / HTTP/1.1" 301 - www.fc-schnaittach.de "-" "HTTPing v2.4" "-"
66.249.66.0 - - [07/Aug/2018:05:40:52 +0200] "GET /post-sitemap.xml HTTP/1.1" 200 3083 www.fc-schnaittach.de "-" "Mozilla/5.0 (compatible; Googlebot/2.1; +http://www.google.com/bot.html)" "-"
40.77.167.0 - - [07/Aug/2018:05:42:12 +0200] "GET /vorbereitungsplan-der-1-2-damenmannschaft-sommer-2017/ HTTP/1.1" 200 6549 www.fc-schnaittach.de "-" "Mozilla/5.0 (compatible; bingbot/2.0; +http://www.bing.com/bingbot.htm)" "-"
40.77.167.0 - - [07/Aug/2018:05:42:25 +0200] "GET /robots.txt HTTP/1.1" 301 248 www.fc-schnaittach.de "-" "Mozilla/5.0 (compatible; bingbot/2.0; +http://www.bing.com/bingbot.htm)" "-"
40.77.167.0 - - [07/Aug/2018:05:42:28 +0200] "GET /robots.txt HTTP/1.1" 200 35 www.fc-schnaittach.de "-" "Mozilla/5.0 (compatible; bingbot/2.0; +http://www.bing.com/bingbot.htm)" "-"
207.46.13.0 - - [07/Aug/2018:05:42:35 +0200] "GET /wp-content/plugins/feedzy-rss-feeds/css/feedzy-rss-feeds.css?ver=3.2.10 HTTP/1.1" 301 309 www.fc-schnaittach.de "-" "Mozilla/5.0 (compatible; bingbot/2.0; +http://www.bing.com/bingbot.htm)" "-"
207.46.13.0 - - [07/Aug/2018:05:42:35 +0200] "GET /wp-content/plugins/feedzy-rss-feeds/css/feedzy-rss-feeds.css?ver=3.2.10 HTTP/1.1" 200 9822 www.fc-schnaittach.de "-" "Mozilla/5.0 (compatible; bingbot/2.0; +http://www.bing.com/bingbot.htm)" "-"
207.46.13.0 - - [07/Aug/2018:05:42:36 +0200] "GET /wp-content/plugins/user-access-manager/assets/css/uamLoginForm.css?ver=2.1.11 HTTP/1.1" 301 315 www.fc-schnaittach.de "-" "Mozilla/5.0 (compatible; bingbot/2.0; +http://www.bing.com/bingbot.htm)" "-"
207.46.13.0 - - [07/Aug/2018:05:42:36 +0200] "GET /wp-content/plugins/user-access-manager/assets/css/uamLoginForm.css?ver=2.1.11 HTTP/1.1" 200 468 www.fc-schnaittach.de "-" "Mozilla/5.0 (compatible; bingbot/2.0; +http://www.bing.com/bingbot.htm)" "-"
207.46.13.0 - - [07/Aug/2018:05:42:37 +0200] "GET /wp-content/themes/fcs/style.css?ver=1460744932 HTTP/1.1" 301 284 www.fc-schnaittach.de "-" "Mozilla/5.0 (compatible; bingbot/2.0; +http://www.bing.com/bingbot.htm)" "-"
207.46.13.0 - - [07/Aug/2018:05:42:40 +0200] "GET /wp-content/themes/fcs/style.css?ver=1460744932 HTTP/1.1" 200 22587 www.fc-schnaittach.de "-" "Mozilla/5.0 (compatible; bingbot/2.0; +http://www.bing.com/bingbot.htm)" "-"
207.46.13.0 - - [07/Aug/2018:05:42:41 +0200] "GET /wp-includes/js/jquery/jquery.js?ver=1.12.4 HTTP/1.1" 301 280 www.fc-schnaittach.de "-" "Mozilla/5.0 (compatible; bingbot/2.0; +http://www.bing.com/bingbot.htm)" "-"
207.46.13.0 - - [07/Aug/2018:05:42:41 +0200] "GET /wp-includes/js/jquery/jquery.js?ver=1.12.4 HTTP/1.1" 200 97184 www.fc-schnaittach.de "-" "Mozilla/5.0 (compatible; bingbot/2.0; +http://www.bing.com/bingbot.htm)" "-"
157.55.39.0 - - [07/Aug/2018:05:42:44 +0200] "GET /wp-content/plugins/contact-form-7/includes/css/styles.css?ver=5.0.2 HTTP/1.1" 301 305 www.fc-schnaittach.de "-" "Mozilla/5.0 (compatible; bingbot/2.0; +http://www.bing.com/bingbot.htm)" "-"
157.55.39.0 - - [07/Aug/2018:05:42:45 +0200] "GET /wp-content/plugins/contact-form-7/includes/css/styles.css?ver=5.0.2 HTTP/1.1" 200 1683 www.fc-schnaittach.de "-" "Mozilla/5.0 (compatible; bingbot/2.0; +http://www.bing.com/bingbot.htm)" "-"
157.55.39.0 - - [07/Aug/2018:05:42:46 +0200] "GET /wp-content/plugins/recently-updated-posts-widget/css/style.css?ver=4.9.8 HTTP/1.1" 301 310 www.fc-schnaittach.de "-" "Mozilla/5.0 (compatible; bingbot/2.0; +http://www.bing.com/bingbot.htm)" "-"
157.55.39.0 - - [07/Aug/2018:05:42:47 +0200] "GET /wp-content/plugins/recently-updated-posts-widget/css/style.css?ver=4.9.8 HTTP/1.1" 200 45 www.fc-schnaittach.de "-" "Mozilla/5.0 (compatible; bingbot/2.0; +http://www.bing.com/bingbot.htm)" "-"
157.55.39.0 - - [07/Aug/2018:05:42:47 +0200] "GET /wp-content/themes/fcs/css/jquery.smartmenus.bootstrap.css?ver=1418749976 HTTP/1.1" 301 310 www.fc-schnaittach.de "-" "Mozilla/5.0 (compatible; bingbot/2.0; +http://www.bing.com/bingbot.htm)" "-"
157.55.39.0 - - [07/Aug/2018:05:42:48 +0200] "GET /wp-content/themes/fcs/css/jquery.smartmenus.bootstrap.css?ver=1418749976 HTTP/1.1" 200 3128 www.fc-schnaittach.de "-" "Mozilla/5.0 (compatible; bingbot/2.0; +http://www.bing.com/bingbot.htm)" "-"
157.55.39.0 - - [07/Aug/2018:05:42:48 +0200] "GET /wp-includes/js/jquery/jquery-migrate.min.js?ver=1.4.1 HTTP/1.1" 301 291 www.fc-schnaittach.de "-" "Mozilla/5.0 (compatible; bingbot/2.0; +http://www.bing.com/bingbot.htm)" "-"
157.55.39.0 - - [07/Aug/2018:05:42:49 +0200] "GET /wp-includes/js/jquery/jquery-migrate.min.js?ver=1.4.1 HTTP/1.1" 200 10056 www.fc-schnaittach.de "-" "Mozilla/5.0 (compatible; bingbot/2.0; +http://www.bing.com/bingbot.htm)" "-"
157.55.39.0 - - [07/Aug/2018:05:42:49 +0200] "GET /wp-content/themes/fcs/js/fcs.js?ver=1442772175 HTTP/1.1" 301 284 www.fc-schnaittach.de "-" "Mozilla/5.0 (compatible; bingbot/2.0; +http://www.bing.com/bingbot.htm)" "-"
157.55.39.0 - - [07/Aug/2018:05:42:54 +0200] "GET /wp-content/themes/fcs/js/fcs.js?ver=1442772175 HTTP/1.1" 200 5542 www.fc-schnaittach.de "-" "Mozilla/5.0 (compatible; bingbot/2.0; +http://www.bing.com/bingbot.htm)" "-"
157.55.39.0 - - [07/Aug/2018:05:42:54 +0200] "GET /wp-content/themes/fcs/js/jquery.smartmenus.min.js?ver=1418750004 HTTP/1.1" 301 302 www.fc-schnaittach.de "-" "Mozilla/5.0 (compatible; bingbot/2.0; +http://www.bing.com/bingbot.htm)" "-"
157.55.39.0 - - [07/Aug/2018:05:42:55 +0200] "GET /wp-content/themes/fcs/js/jquery.smartmenus.min.js?ver=1418750004 HTTP/1.1" 200 22672 www.fc-schnaittach.de "-" "Mozilla/5.0 (compatible; bingbot/2.0; +http://www.bing.com/bingbot.htm)" "-"
157.55.39.0 - - [07/Aug/2018:05:42:55 +0200] "GET /wp-content/themes/fcs/js/jquery.smartmenus.bootstrap.min.js?ver=1418750004 HTTP/1.1" 301 312 www.fc-schnaittach.de "-" "Mozilla/5.0 (compatible; bingbot/2.0; +http://www.bing.com/bingbot.htm)" "-"
157.55.39.0 - - [07/Aug/2018:05:42:56 +0200] "GET /wp-content/themes/fcs/js/jquery.smartmenus.bootstrap.min.js?ver=1418750004 HTTP/1.1" 200 1252 www.fc-schnaittach.de "-" "Mozilla/5.0 (compatible; bingbot/2.0; +http://www.bing.com/bingbot.htm)" "-"
157.55.39.0 - - [07/Aug/2018:05:42:56 +0200] "GET /wp-content/plugins/contact-form-7/includes/js/scripts.js?ver=5.0.2 HTTP/1.1" 301 304 www.fc-schnaittach.de "-" "Mozilla/5.0 (compatible; bingbot/2.0; +http://www.bing.com/bingbot.htm)" "-"
157.55.39.0 - - [07/Aug/2018:05:42:57 +0200] "GET /wp-content/plugins/contact-form-7/includes/js/scripts.js?ver=5.0.2 HTTP/1.1" 200 14585 www.fc-schnaittach.de "-" "Mozilla/5.0 (compatible; bingbot/2.0; +http://www.bing.com/bingbot.htm)" "-"
157.55.39.0 - - [07/Aug/2018:05:43:00 +0200] "GET /wp-includes/js/wp-embed.min.js?ver=4.9.8 HTTP/1.1" 301 278 www.fc-schnaittach.de "-" "Mozilla/5.0 (compatible; bingbot/2.0; +http://www.bing.com/bingbot.htm)" "-"
157.55.39.0 - - [07/Aug/2018:05:43:01 +0200] "GET /wp-includes/js/wp-embed.min.js?ver=4.9.8 HTTP/1.1" 200 1398 www.fc-schnaittach.de "-" "Mozilla/5.0 (compatible; bingbot/2.0; +http://www.bing.com/bingbot.htm)" "-"
116.101.74.0 - - [07/Aug/2018:05:44:34 +0200] "POST /wp-login.php HTTP/1.1" 200 1669 www.fc-schnaittach.de "https://www.fc-schnaittach.de/wp-login.php" "Mozilla/5.0 (Macintosh; U; PPC Mac OS X 10_55_08) AppleWebKit/534.04.67 (KHTML, like Gecko) Chrome/53.6.1687.6950 Safari/530.75 Edge/34.70381" "-"
185.203.240.0 - - [07/Aug/2018:05:44:43 +0200] "HEAD / HTTP/1.1" 301 - www.fc-schnaittach.de "http://electro-tobacco.com/komplektuyushie/zarjadnye/" "Mozilla/5.0 (compatible; MSIE5.00; Windows 2007)" "-"
77.220.213.0 - - [07/Aug/2018:05:44:43 +0200] "HEAD / HTTP/1.1" 301 - www.fc-schnaittach.de "http://senoopt.pro" "Mozilla/5.0 (compatible; MSIE6.00; Windows 2002)" "-"
77.220.214.0 - - [07/Aug/2018:05:44:43 +0200] "HEAD / HTTP/1.1" 301 - www.fc-schnaittach.de "https://bankrotperm.ru" "Mozilla/5.0 (compatible; MSIE5.00; Windows 2003)" "-"
185.209.20.0 - - [07/Aug/2018:05:44:43 +0200] "HEAD / HTTP/1.1" 301 - www.fc-schnaittach.de "https://sxtoys.pro/kosmetika/" "Mozilla/8.0 (compatible; MSIE2.00; Windows 2005)" "-"
185.154.13.0 - - [07/Aug/2018:05:44:43 +0200] "HEAD / HTTP/1.1" 301 - www.fc-schnaittach.de "https://www.bravica.online/ru/" "Mozilla/7.0 (compatible; MSIE6.00; Windows 2003)" "-"
178.159.43.0 - - [07/Aug/2018:05:48:23 +0200] "HEAD / HTTP/1.1" 301 - www.fc-schnaittach.de "https://kovrenok.ru/catalog/kovry-v-ofisnoe-pomeshchenie/" "Mozilla/6.0 (compatible; MSIE2.00; Windows 2004)" "-"
66.249.66.0 - - [07/Aug/2018:05:52:23 +0200] "GET /vereinsbusprojekt/ HTTP/1.1" 200 6541 www.fc-schnaittach.de "-" "Mozilla/5.0 (compatible; Googlebot/2.1; +http://www.google.com/bot.html)" "-"
14.169.228.0 - - [07/Aug/2018:05:53:34 +0200] "POST /wp-login.php HTTP/1.1" 200 1672 www.fc-schnaittach.de "https://www.fc-schnaittach.de/wp-login.php" "Mozilla/5.0 (Macintosh; U; Intel Mac OS X 10_40_93) AppleWebKit/533.99.52 (KHTML, like Gecko) Chrome/57.5.0115.5487 Safari/530.60 Edge/34.65662" "-"
13.82.188.0 - - [07/Aug/2018:05:55:36 +0200] "HEAD / HTTP/1.1" 301 - www.fc-schnaittach.de "-" "HTTPing v2.4" "-"
13.82.188.0 - - [07/Aug/2018:05:58:49 +0200] "HEAD / HTTP/1.1" 301 - www.fc-schnaittach.de "-" "HTTPing v2.4" "-"
207.46.13.0 - - [07/Aug/2018:05:59:37 +0200] "GET /weihnachtsfeier-2016/ HTTP/1.1" 200 6933 www.fc-schnaittach.de "-" "Mozilla/5.0 (compatible; bingbot/2.0; +http://www.bing.com/bingbot.htm)" "-"
62.2.217.0 - - [07/Aug/2018:06:01:03 +0200] "GET /Dragonrun HTTP/1.1" 301 23 fc-schnaittach.de "http://www.laufkalender24.de/" "Mozilla/5.0 (Windows NT 6.1; WOW64; Trident/7.0; rv:11.0) like Gecko" "-"
62.2.217.0 - - [07/Aug/2018:06:01:04 +0200] "GET /Dragonrun/ HTTP/1.1" 200 11389 www.fc-schnaittach.de "http://www.laufkalender24.de/" "Mozilla/5.0 (Windows NT 6.1; WOW64; Trident/7.0; rv:11.0) like Gecko" "-"
85.25.210.0 - - [07/Aug/2018:06:01:45 +0200] "GET /robots.txt HTTP/1.1" 301 248 www.fc-schnaittach.de "-" "Mozilla/5.0 (compatible; adscanner/)" "-"
85.25.210.0 - - [07/Aug/2018:06:01:45 +0200] "GET /robots.txt HTTP/1.1" 200 35 www.fc-schnaittach.de "-" "Mozilla/5.0 (compatible; adscanner/)" "-"
85.25.210.0 - - [07/Aug/2018:06:01:45 +0200] "GET /wp-content/uploads/2018/07/36-1024x383.jpg HTTP/1.1" 301 280 www.fc-schnaittach.de "-" "Mozilla/5.0 (compatible; adscanner/)" "-"
85.25.210.0 - - [07/Aug/2018:06:01:45 +0200] "GET /wp-content/uploads/2018/07/36-1024x383.jpg HTTP/1.1" 200 61172 www.fc-schnaittach.de "-" "Mozilla/5.0 (compatible; adscanner/)" "-"
77.75.78.0 - - [07/Aug/2018:06:04:18 +0200] "GET /robots.txt HTTP/1.1" 200 35 www.fc-schnaittach.de "-" "Mozilla/5.0 (compatible; SeznamBot/3.2; +http://napoveda.seznam.cz/en/seznambot-intro/)" "-"
2a02:598:: - - [07/Aug/2018:06:04:18 +0200] "GET /wp-content/themes/fcs/images/production/Transparent.png?ver=1487205002 HTTP/1.1" 200 124 www.fc-schnaittach.de "-" "Mozilla/5.0 (compatible; SeznamBot/3.2; +http://napoveda.seznam.cz/en/seznambot-intro/)" "-"
2a02:598:: - - [07/Aug/2018:06:04:18 +0200] "GET /wp-content/uploads/2018/04/Werbebanner_1-300x300.jpg HTTP/1.1" 200 28954 www.fc-schnaittach.de "-" "Mozilla/5.0 (compatible; SeznamBot/3.2; +http://napoveda.seznam.cz/en/seznambot-intro/)" "-"
207.46.13.0 - - [07/Aug/2018:06:06:18 +0200] "GET /sitemap-pt-contactperson-2017-06.xml HTTP/1.1" 200 496 www.fc-schnaittach.de "-" "Mozilla/5.0 (compatible; bingbot/2.0; +http://www.bing.com/bingbot.htm)" "-"
14.186.175.0 - - [07/Aug/2018:06:08:48 +0200] "POST /wp-login.php HTTP/1.1" 200 1673 www.fc-schnaittach.de "https://www.fc-schnaittach.de/wp-login.php" "Mozilla/5.0 (Windows NT 5.0) AppleWebKit/533.03.55 (KHTML, like Gecko) Version/4.6.1 Safari/532.10" "-"
13.82.188.0 - - [07/Aug/2018:06:11:46 +0200] "HEAD / HTTP/1.1" 301 - www.fc-schnaittach.de "-" "HTTPing v2.4" "-"
2402:800:6100:: - - [07/Aug/2018:06:16:11 +0200] "POST /wp-login.php HTTP/1.1" 200 1671 www.fc-schnaittach.de "https://www.fc-schnaittach.de/wp-login.php" "Mozilla/5.0 (Windows NT 10.0; WOW64) AppleWebKit/536.31.84 (KHTML, like Gecko) Chrome/54.8.3336.9608 Safari/531.92" "-"
40.77.167.0 - - [07/Aug/2018:06:19:25 +0200] "GET /wp-content/uploads/2015/03/Anabell-von-Scanzoni-199x300.jpg HTTP/1.1" 301 297 www.fc-schnaittach.de "-" "Mozilla/5.0 (compatible; bingbot/2.0; +http://www.bing.com/bingbot.htm)" "-"
40.77.167.0 - - [07/Aug/2018:06:19:26 +0200] "GET /wp-content/uploads/2015/03/Anabell-von-Scanzoni-199x300.jpg HTTP/1.1" 200 10486 www.fc-schnaittach.de "-" "Mozilla/5.0 (compatible; bingbot/2.0; +http://www.bing.com/bingbot.htm)" "-"
207.46.13.0 - - [07/Aug/2018:06:19:43 +0200] "GET /tischtennis/herren-2/ HTTP/1.1" 200 6762 www.fc-schnaittach.de "-" "Mozilla/5.0 (compatible; bingbot/2.0; +http://www.bing.com/bingbot.htm)" "-"
13.82.188.0 - - [07/Aug/2018:06:23:52 +0200] "HEAD / HTTP/1.1" 301 - www.fc-schnaittach.de "-" "HTTPing v2.4" "-"
217.160.63.0 - - [07/Aug/2018:06:23:57 +0200] "POST /wp-cron.php?doing_wp_cron=1533615837.5032908916473388671875 HTTP/1.1" 200 23 www.fc-schnaittach.de "https://www.fc-schnaittach.de/wp-cron.php?doing_wp_cron=1533615837.5032908916473388671875" "WordPress/4.9.8; https://www.fc-schnaittach.de" "-"
14.186.56.0 - - [07/Aug/2018:06:23:57 +0200] "POST /wp-login.php HTTP/1.1" 200 1670 www.fc-schnaittach.de "https://www.fc-schnaittach.de/wp-login.php" "Mozilla/5.0 (Windows NT 6.0) AppleWebKit/534.08.55 (KHTML, like Gecko) Chrome/57.4.9607.4335 Safari/533.38" "-"
207.46.13.0 - - [07/Aug/2018:06:24:03 +0200] "GET /wp-content/uploads/2015/03/P1020716.jpg HTTP/1.1" 301 277 www.fc-schnaittach.de "-" "Mozilla/5.0 (compatible; bingbot/2.0; +http://www.bing.com/bingbot.htm)" "-"
207.46.13.0 - - [07/Aug/2018:06:24:06 +0200] "GET /wp-content/uploads/2015/03/P1020716.jpg HTTP/1.1" 200 28289 www.fc-schnaittach.de "-" "Mozilla/5.0 (compatible; bingbot/2.0; +http://www.bing.com/bingbot.htm)" "-"
13.82.188.0 - - [07/Aug/2018:06:24:58 +0200] "HEAD / HTTP/1.1" 301 - www.fc-schnaittach.de "-" "HTTPing v2.4" "-"
207.46.13.0 - - [07/Aug/2018:06:29:20 +0200] "GET /wp-content/uploads/2015/03/P1020610.jpg HTTP/1.1" 301 277 www.fc-schnaittach.de "-" "Mozilla/5.0 (compatible; bingbot/2.0; +http://www.bing.com/bingbot.htm)" "-"
207.46.13.0 - - [07/Aug/2018:06:29:21 +0200] "GET /wp-content/uploads/2015/03/P1020610.jpg HTTP/1.1" 200 38297 www.fc-schnaittach.de "-" "Mozilla/5.0 (compatible; bingbot/2.0; +http://www.bing.com/bingbot.htm)" "-"
222.252.43.0 - - [07/Aug/2018:06:33:01 +0200] "POST /wp-login.php HTTP/1.1" 200 1673 www.fc-schnaittach.de "https://www.fc-schnaittach.de/wp-login.php" "Mozilla/5.0 (Windows NT 6.3; WOW64) AppleWebKit/534.09.56 (KHTML, like Gecko) Chrome/57.4.9708.4436 Safari/534.48" "-"
5.9.106.0 - - [07/Aug/2018:06:40:38 +0200] "GET /ehrungen-beim-1-fc-schnaittach/ HTTP/1.1" 200 28785 www.fc-schnaittach.de "-" "Mozilla/5.0 (Macintosh; Intel Mac OS X 107) AppleWebKit/534.48.3 (KHTML like Gecko) Version/5.1 Safari/534.48.3" "-"
136.243.17.0 - - [07/Aug/2018:06:40:38 +0200] "GET /ehrungen-beim-1-fc-schnaittach/ HTTP/1.1" 200 28821 www.fc-schnaittach.de "-" "Mozilla/5.0 (compatible; MSIE 10.0; Windows NT 6.1; Trident/4.0; InfoPath.2; SV1; .NET CLR 2.0.50727; WOW64)" "-"
14.186.15.0 - - [07/Aug/2018:06:41:48 +0200] "POST /wp-login.php HTTP/1.1" 200 1673 www.fc-schnaittach.de "https://www.fc-schnaittach.de/wp-login.php" "Mozilla/5.0 (Windows NT 10.0; WOW64; rv:45.66.19) Gecko/20178747 Firefox/45.66.19" "-"
157.55.39.0 - - [07/Aug/2018:06:43:36 +0200] "GET /wp-content/plugins/contact-form-7/includes/css/styles.css?ver=5.0.2 HTTP/1.1" 301 305 www.fc-schnaittach.de "-" "Mozilla/5.0 (compatible; bingbot/2.0; +http://www.bing.com/bingbot.htm)" "-"
157.55.39.0 - - [07/Aug/2018:06:43:37 +0200] "GET /wp-content/plugins/contact-form-7/includes/css/styles.css?ver=5.0.2 HTTP/1.1" 200 1683 www.fc-schnaittach.de "-" "Mozilla/5.0 (compatible; bingbot/2.0; +http://www.bing.com/bingbot.htm)" "-"
157.55.39.0 - - [07/Aug/2018:06:43:38 +0200] "GET /wp-content/plugins/contact-form-7/includes/js/scripts.js?ver=5.0.2 HTTP/1.1" 301 304 www.fc-schnaittach.de "-" "Mozilla/5.0 (compatible; bingbot/2.0; +http://www.bing.com/bingbot.htm)" "-"
157.55.39.0 - - [07/Aug/2018:06:43:39 +0200] "GET /wp-content/plugins/contact-form-7/includes/js/scripts.js?ver=5.0.2 HTTP/1.1" 200 14585 www.fc-schnaittach.de "-" "Mozilla/5.0 (compatible; bingbot/2.0; +http://www.bing.com/bingbot.htm)" "-"
157.55.39.0 - - [07/Aug/2018:06:43:39 +0200] "GET /wp-content/plugins/recently-updated-posts-widget/css/style.css?ver=4.9.8 HTTP/1.1" 301 310 www.fc-schnaittach.de "-" "Mozilla/5.0 (compatible; bingbot/2.0; +http://www.bing.com/bingbot.htm)" "-"
157.55.39.0 - - [07/Aug/2018:06:43:40 +0200] "GET /wp-content/plugins/recently-updated-posts-widget/css/style.css?ver=4.9.8 HTTP/1.1" 200 45 www.fc-schnaittach.de "-" "Mozilla/5.0 (compatible; bingbot/2.0; +http://www.bing.com/bingbot.htm)" "-"
157.55.39.0 - - [07/Aug/2018:06:43:40 +0200] "GET /wp-content/themes/fcs/css/jquery.smartmenus.bootstrap.css?ver=1418749976 HTTP/1.1" 301 310 www.fc-schnaittach.de "-" "Mozilla/5.0 (compatible; bingbot/2.0; +http://www.bing.com/bingbot.htm)" "-"
157.55.39.0 - - [07/Aug/2018:06:43:41 +0200] "GET /wp-content/themes/fcs/css/jquery.smartmenus.bootstrap.css?ver=1418749976 HTTP/1.1" 200 3128 www.fc-schnaittach.de "-" "Mozilla/5.0 (compatible; bingbot/2.0; +http://www.bing.com/bingbot.htm)" "-"
157.55.39.0 - - [07/Aug/2018:06:43:42 +0200] "GET /wp-content/themes/fcs/js/fcs.js?ver=1442772175 HTTP/1.1" 301 284 www.fc-schnaittach.de "-" "Mozilla/5.0 (compatible; bingbot/2.0; +http://www.bing.com/bingbot.htm)" "-"
207.46.13.0 - - [07/Aug/2018:06:43:44 +0200] "GET /wp-content/plugins/user-access-manager/assets/css/uamLoginForm.css?ver=2.1.11 HTTP/1.1" 301 315 www.fc-schnaittach.de "-" "Mozilla/5.0 (compatible; bingbot/2.0; +http://www.bing.com/bingbot.htm)" "-"
207.46.13.0 - - [07/Aug/2018:06:43:45 +0200] "GET /wp-content/plugins/user-access-manager/assets/css/uamLoginForm.css?ver=2.1.11 HTTP/1.1" 200 468 www.fc-schnaittach.de "-" "Mozilla/5.0 (compatible; bingbot/2.0; +http://www.bing.com/bingbot.htm)" "-"
207.46.13.0 - - [07/Aug/2018:06:43:45 +0200] "GET /wp-content/themes/fcs/style.css?ver=1460744932 HTTP/1.1" 301 284 www.fc-schnaittach.de "-" "Mozilla/5.0 (compatible; bingbot/2.0; +http://www.bing.com/bingbot.htm)" "-"
207.46.13.0 - - [07/Aug/2018:06:43:46 +0200] "GET /wp-content/themes/fcs/style.css?ver=1460744932 HTTP/1.1" 200 22587 www.fc-schnaittach.de "-" "Mozilla/5.0 (compatible; bingbot/2.0; +http://www.bing.com/bingbot.htm)" "-"
66.249.66.0 - - [07/Aug/2018:06:43:47 +0200] "GET /wp-content/uploads/2018/05/Rock_your_hair_Chevy_1-300x300.png HTTP/1.1" 304 - www.fc-schnaittach.de "-" "Googlebot-Image/1.0" "-"
216.244.66.0 - - [07/Aug/2018:06:43:47 +0200] "GET /robots.txt HTTP/1.1" 301 248 www.fc-schnaittach.de "-" "Mozilla/5.0 (compatible; DotBot/1.1; http://www.opensiteexplorer.org/dotbot, help@moz.com)" "-"
