77.75.78.0 - - [06/Aug/2018:00:02:03 +0200] "GET /robots.txt HTTP/1.1" 200 35 www.fc-schnaittach.de "-" "Mozilla/5.0 (compatible; SeznamBot/3.2; +http://napoveda.seznam.cz/en/seznambot-intro/)" "-"
2a02:598:: - - [06/Aug/2018:00:02:04 +0200] "GET /wp-content/uploads/2015/04/pdf_small.png HTTP/1.1" 200 2381 www.fc-schnaittach.de "-" "Mozilla/5.0 (compatible; SeznamBot/3.2; +http://napoveda.seznam.cz/en/seznambot-intro/)" "-"
2a02:598:: - - [06/Aug/2018:00:02:05 +0200] "GET /wp-content/uploads/2014/12/DSC04741.jpg HTTP/1.1" 200 5855449 www.fc-schnaittach.de "-" "Mozilla/5.0 (compatible; SeznamBot/3.2; +http://napoveda.seznam.cz/en/seznambot-intro/)" "-"
77.75.78.0 - - [06/Aug/2018:00:02:06 +0200] "GET /robots.txt HTTP/1.1" 301 248 www.fc-schnaittach.de "-" "Mozilla/5.0 (compatible; SeznamBot/3.2; +http://napoveda.seznam.cz/en/seznambot-intro/)" "-"
2a02:598:: - - [06/Aug/2018:00:02:06 +0200] "GET /fussball/damen/ HTTP/1.1" 200 8166 www.fc-schnaittach.de "-" "Mozilla/5.0 (compatible; SeznamBot/3.2; +http://napoveda.seznam.cz/en/seznambot-intro/)" "-"
66.249.66.0 - - [06/Aug/2018:00:05:18 +0200] "GET /karate-teilnahme-an-der-bezirksmeisterschaft-2015/ HTTP/1.1" 200 7615 www.fc-schnaittach.de "-" "Mozilla/5.0 (compatible; Googlebot/2.1; +http://www.google.com/bot.html)" "-"
207.46.13.0 - - [06/Aug/2018:00:12:31 +0200] "GET /hauptverein/kontakt/ HTTP/1.1" 200 6936 www.fc-schnaittach.de "-" "Mozilla/5.0 (compatible; bingbot/2.0; +http://www.bing.com/bingbot.htm)" "-"
217.160.63.0 - - [06/Aug/2018:00:12:32 +0200] "POST /wp-cron.php?doing_wp_cron=1533507152.1232450008392333984375 HTTP/1.1" 200 23 www.fc-schnaittach.de "https://www.fc-schnaittach.de/wp-cron.php?doing_wp_cron=1533507152.1232450008392333984375" "WordPress/4.9.8; https://www.fc-schnaittach.de" "-"
138.201.30.0 - - [06/Aug/2018:00:18:58 +0200] "GET /robots.txt HTTP/1.1" 200 35 www.fc-schnaittach.de "http://www.fc-schnaittach.de/robots.txt" "Mozilla/5.0 (compatible; SEOkicks; +https://www.seokicks.de/robot.html)" "-"
138.201.30.0 - - [06/Aug/2018:00:18:59 +0200] "GET / HTTP/1.1" 200 7767 www.fc-schnaittach.de "http://www.fc-schnaittach.de/" "Mozilla/5.0 (compatible; SEOkicks; +https://www.seokicks.de/robot.html)" "-"
138.201.30.0 - - [06/Aug/2018:00:19:05 +0200] "GET /dragonrun/ HTTP/1.1" 200 11383 www.fc-schnaittach.de "http://www.schwengler.de/volksl_f.html" "Mozilla/5.0 (compatible; SEOkicks; +https://www.seokicks.de/robot.html)" "-"
138.201.30.0 - - [06/Aug/2018:00:19:09 +0200] "GET /?p=2547 HTTP/1.1" 301 23 www.fc-schnaittach.de "https://www.fc-schnaittach.de/dragonrun/" "Mozilla/5.0 (compatible; SEOkicks; +https://www.seokicks.de/robot.html)" "-"
138.201.30.0 - - [06/Aug/2018:00:19:24 +0200] "GET /wp-json/oembed/1.0/embed?url=https%3A%2F%2Fwww.fc-schnaittach.de%2Fdragonrun%2F HTTP/1.1" 200 1224 www.fc-schnaittach.de "https://www.fc-schnaittach.de/dragonrun/" "Mozilla/5.0 (compatible; SEOkicks; +https://www.seokicks.de/robot.html)" "-"
138.201.30.0 - - [06/Aug/2018:00:19:27 +0200] "GET /wp-json/oembed/1.0/embed?url=https%3A%2F%2Fwww.fc-schnaittach.de%2Fdragonrun%2F&format=xml HTTP/1.1" 200 1366 www.fc-schnaittach.de "https://www.fc-schnaittach.de/dragonrun/" "Mozilla/5.0 (compatible; SEOkicks; +https://www.seokicks.de/robot.html)" "-"
138.201.30.0 - - [06/Aug/2018:00:19:28 +0200] "GET /wp-content/themes/fcs/images/production/FcsWappen.ico?ver=1420564287 HTTP/1.1" 200 4606 www.fc-schnaittach.de "https://www.fc-schnaittach.de/" "Mozilla/5.0 (compatible; SEOkicks; +https://www.seokicks.de/robot.html)" "-"
138.201.30.0 - - [06/Aug/2018:00:19:29 +0200] "GET /wp-content/themes/fcs/images/production/FcsWappenMobileBookmark.png?ver=1487205003 HTTP/1.1" 200 12628 www.fc-schnaittach.de "https://www.fc-schnaittach.de/" "Mozilla/5.0 (compatible; SEOkicks; +https://www.seokicks.de/robot.html)" "-"
138.201.30.0 - - [06/Aug/2018:00:19:31 +0200] "GET /page/2/ HTTP/1.1" 200 7787 www.fc-schnaittach.de "https://www.fc-schnaittach.de/" "Mozilla/5.0 (compatible; SEOkicks; +https://www.seokicks.de/robot.html)" "-"
138.201.30.0 - - [06/Aug/2018:00:19:34 +0200] "GET /wp-content/plugins/contact-form-7/includes/css/styles.css?ver=5.0.2 HTTP/1.1" 200 1683 www.fc-schnaittach.de "https://www.fc-schnaittach.de/" "Mozilla/5.0 (compatible; SEOkicks; +https://www.seokicks.de/robot.html)" "-"
207.46.13.0 - - [06/Aug/2018:00:21:52 +0200] "GET /tagesausflug-nach-volkach/ HTTP/1.1" 200 7273 www.fc-schnaittach.de "-" "Mozilla/5.0 (compatible; bingbot/2.0; +http://www.bing.com/bingbot.htm)" "-"
66.249.66.0 - - [06/Aug/2018:00:22:52 +0200] "GET /wp-content/uploads/2018/07/19.jpg HTTP/1.1" 304 - www.fc-schnaittach.de "-" "Googlebot-Image/1.0" "-"
207.46.13.0 - - [06/Aug/2018:00:22:53 +0200] "GET /wp-content/uploads/2017/06/Sporterlebnistag_04-4.jpg HTTP/1.1" 301 290 www.fc-schnaittach.de "-" "Mozilla/5.0 (compatible; bingbot/2.0; +http://www.bing.com/bingbot.htm)" "-"
207.46.13.0 - - [06/Aug/2018:00:22:54 +0200] "GET /wp-content/uploads/2017/06/Sporterlebnistag_04-4.jpg HTTP/1.1" 200 247821 www.fc-schnaittach.de "-" "Mozilla/5.0 (compatible; bingbot/2.0; +http://www.bing.com/bingbot.htm)" "-"
85.25.210.0 - - [06/Aug/2018:00:23:00 +0200] "GET /robots.txt HTTP/1.1" 301 248 www.fc-schnaittach.de "-" "Mozilla/5.0 (Windows NT 6.1; WOW64) AppleWebKit/537.36 (KHTML, like Gecko) Chrome/37.0.2062.120 Safari/537.36" "-"
85.25.210.0 - - [06/Aug/2018:00:23:00 +0200] "GET /robots.txt HTTP/1.1" 200 35 www.fc-schnaittach.de "-" "Mozilla/5.0 (Windows NT 6.1; WOW64) AppleWebKit/537.36 (KHTML, like Gecko) Chrome/37.0.2062.120 Safari/537.36" "-"
85.25.210.0 - - [06/Aug/2018:00:23:00 +0200] "GET /robots.txt HTTP/1.1" 301 248 www.fc-schnaittach.de "-" "Mozilla/5.0 (compatible; adscanner/)" "-"
85.25.210.0 - - [06/Aug/2018:00:23:02 +0200] "GET /robots.txt HTTP/1.1" 200 35 www.fc-schnaittach.de "-" "Mozilla/5.0 (Windows NT 6.1; WOW64) AppleWebKit/537.36 (KHTML, like Gecko) Chrome/37.0.2062.120 Safari/537.36" "-"
85.25.210.0 - - [06/Aug/2018:00:23:02 +0200] "GET /robots.txt HTTP/1.1" 200 35 www.fc-schnaittach.de "-" "Mozilla/5.0 (compatible; adscanner/)" "-"
85.25.210.0 - - [06/Aug/2018:00:23:03 +0200] "GET /wp-content/uploads/2018/07/IMG_0056-1024x1024.jpg HTTP/1.1" 301 287 www.fc-schnaittach.de "-" "Mozilla/5.0 (compatible; adscanner/)" "-"
85.25.210.0 - - [06/Aug/2018:00:23:04 +0200] "GET /wp-content/uploads/2018/07/IMG_0056-1024x1024.jpg HTTP/1.1" 200 271385 www.fc-schnaittach.de "-" "Mozilla/5.0 (Windows NT 6.1; WOW64) AppleWebKit/537.36 (KHTML, like Gecko) Chrome/37.0.2062.120 Safari/537.36" "-"
94.130.71.0 - - [06/Aug/2018:00:23:05 +0200] "GET /wp-content/uploads/2018/07/IMG_0056-1024x1024.jpg HTTP/1.1" 200 271385 www.fc-schnaittach.de "-" "Java/1.8.0_151" "-"
85.25.210.0 - - [06/Aug/2018:00:23:06 +0200] "GET /wp-content/uploads/2018/07/IMG_0056-1024x1024.jpg HTTP/1.1" 200 271385 www.fc-schnaittach.de "-" "Mozilla/5.0 (compatible; adscanner/)" "-"
13.82.188.0 - - [06/Aug/2018:00:25:57 +0200] "HEAD / HTTP/1.1" 301 - www.fc-schnaittach.de "-" "HTTPing v2.4" "-"
217.160.63.0 - - [06/Aug/2018:00:32:21 +0200] "POST /wp-cron.php?doing_wp_cron=1533508341.6248469352722167968750 HTTP/1.1" 200 23 www.fc-schnaittach.de "https://www.fc-schnaittach.de/wp-cron.php?doing_wp_cron=1533508341.6248469352722167968750" "WordPress/4.9.8; https://www.fc-schnaittach.de" "-"
207.46.13.0 - - [06/Aug/2018:00:32:21 +0200] "GET /ansprechpartner/fussball/ HTTP/1.1" 200 8177 www.fc-schnaittach.de "-" "Mozilla/5.0 (compatible; bingbot/2.0; +http://www.bing.com/bingbot.htm)" "-"
216.244.66.0 - - [06/Aug/2018:00:32:55 +0200] "GET /robots.txt HTTP/1.1" 301 248 www.fc-schnaittach.de "-" "Mozilla/5.0 (compatible; DotBot/1.1; http://www.opensiteexplorer.org/dotbot, help@moz.com)" "-"
216.244.66.0 - - [06/Aug/2018:00:32:57 +0200] "GET /robots.txt HTTP/1.1" 200 35 www.fc-schnaittach.de "-" "Mozilla/5.0 (compatible; DotBot/1.1; http://www.opensiteexplorer.org/dotbot, help@moz.com)" "-"
157.55.39.0 - - [06/Aug/2018:00:39:28 +0200] "GET /fussball/1-mannschaft/ HTTP/1.1" 200 7401 www.fc-schnaittach.de "-" "Mozilla/5.0 (compatible; bingbot/2.0; +http://www.bing.com/bingbot.htm)" "-"
66.249.66.0 - - [06/Aug/2018:00:40:21 +0200] "GET / HTTP/1.1" 200 7768 www.fc-schnaittach.de "-" "Mozilla/5.0 (Linux; Android 6.0.1; Nexus 5X Build/MMB29P) AppleWebKit/537.36 (KHTML, like Gecko) Chrome/41.0.2272.96 Mobile Safari/537.36 (compatible; Googlebot/2.1; +http://www.google.com/bot.html)" "-"
85.25.210.0 - - [06/Aug/2018:00:40:38 +0200] "GET /robots.txt HTTP/1.1" 301 248 www.fc-schnaittach.de "-" "Mozilla/5.0 (compatible; adscanner/)" "-"
85.25.210.0 - - [06/Aug/2018:00:40:38 +0200] "GET /robots.txt HTTP/1.1" 200 35 www.fc-schnaittach.de "-" "Mozilla/5.0 (compatible; adscanner/)" "-"
85.25.210.0 - - [06/Aug/2018:00:40:38 +0200] "GET /wp-content/uploads/2018/06/17-300x300.jpg HTTP/1.1" 301 279 www.fc-schnaittach.de "-" "Mozilla/5.0 (compatible; adscanner/)" "-"
85.25.210.0 - - [06/Aug/2018:00:40:38 +0200] "GET /wp-content/uploads/2018/06/17-300x300.jpg HTTP/1.1" 200 25422 www.fc-schnaittach.de "-" "Mozilla/5.0 (compatible; adscanner/)" "-"
66.249.66.0 - - [06/Aug/2018:00:41:10 +0200] "GET / HTTP/1.1" 301 238 www.fc-schnaittach.de "-" "Mozilla/5.0 (Linux; Android 6.0.1; Nexus 5X Build/MMB29P) AppleWebKit/537.36 (KHTML, like Gecko) Chrome/41.0.2272.96 Mobile Safari/537.36 (compatible; Googlebot/2.1; +http://www.google.com/bot.html)" "-"
85.25.210.0 - - [06/Aug/2018:00:44:47 +0200] "GET /robots.txt HTTP/1.1" 301 248 www.fc-schnaittach.de "-" "Mozilla/5.0 (Windows NT 6.1; WOW64) AppleWebKit/537.36 (KHTML, like Gecko) Chrome/37.0.2062.120 Safari/537.36" "-"
85.25.210.0 - - [06/Aug/2018:00:44:47 +0200] "GET /robots.txt HTTP/1.1" 200 35 www.fc-schnaittach.de "-" "Mozilla/5.0 (Windows NT 6.1; WOW64) AppleWebKit/537.36 (KHTML, like Gecko) Chrome/37.0.2062.120 Safari/537.36" "-"
85.25.210.0 - - [06/Aug/2018:00:44:49 +0200] "GET /robots.txt HTTP/1.1" 301 248 www.fc-schnaittach.de "-" "Mozilla/5.0 (compatible; adscanner/)" "-"
85.25.210.0 - - [06/Aug/2018:00:44:50 +0200] "GET /robots.txt HTTP/1.1" 200 35 www.fc-schnaittach.de "-" "Mozilla/5.0 (Windows NT 6.1; WOW64) AppleWebKit/537.36 (KHTML, like Gecko) Chrome/37.0.2062.120 Safari/537.36" "-"
85.25.210.0 - - [06/Aug/2018:00:44:50 +0200] "GET /robots.txt HTTP/1.1" 200 35 www.fc-schnaittach.de "-" "Mozilla/5.0 (compatible; adscanner/)" "-"
85.25.210.0 - - [06/Aug/2018:00:44:50 +0200] "GET /wp-content/uploads/2016/11/Denise-Hanisch-225x300.jpg HTTP/1.1" 301 291 www.fc-schnaittach.de "-" "Mozilla/5.0 (compatible; adscanner/)" "-"
85.25.210.0 - - [06/Aug/2018:00:44:52 +0200] "GET /wp-content/uploads/2016/11/Denise-Hanisch-225x300.jpg HTTP/1.1" 200 16662 www.fc-schnaittach.de "-" "Mozilla/5.0 (Windows NT 6.1; WOW64) AppleWebKit/537.36 (KHTML, like Gecko) Chrome/37.0.2062.120 Safari/537.36" "-"
94.130.71.0 - - [06/Aug/2018:00:44:52 +0200] "GET /wp-content/uploads/2016/11/Denise-Hanisch-225x300.jpg HTTP/1.1" 200 16662 www.fc-schnaittach.de "-" "Java/1.8.0_151" "-"
85.25.210.0 - - [06/Aug/2018:00:44:53 +0200] "GET /wp-content/uploads/2016/11/Denise-Hanisch-225x300.jpg HTTP/1.1" 200 16662 www.fc-schnaittach.de "-" "Mozilla/5.0 (compatible; adscanner/)" "-"
157.55.39.0 - - [06/Aug/2018:00:47:26 +0200] "GET /category/news/karate/ HTTP/1.1" 200 6423 www.fc-schnaittach.de "-" "Mozilla/5.0 (compatible; bingbot/2.0; +http://www.bing.com/bingbot.htm)" "-"
66.249.66.0 - - [06/Aug/2018:00:49:32 +0200] "GET /g-jugend/ HTTP/1.1" 200 7168 www.fc-schnaittach.de "-" "Mozilla/5.0 (Linux; Android 6.0.1; Nexus 5X Build/MMB29P) AppleWebKit/537.36 (KHTML, like Gecko) Chrome/41.0.2272.96 Mobile Safari/537.36 (compatible; Googlebot/2.1; +http://www.google.com/bot.html)" "-"
77.75.78.0 - - [06/Aug/2018:00:53:23 +0200] "GET /robots.txt HTTP/1.1" 200 35 fc-schnaittach.de "-" "Mozilla/5.0 (compatible; SeznamBot/3.2; +http://napoveda.seznam.cz/en/seznambot-intro/)" "-"
2a02:598:: - - [06/Aug/2018:00:53:23 +0200] "GET /wp-content/uploads/2015/01/IMG-20161004-WA0002.jpg HTTP/1.1" 200 322930 fc-schnaittach.de "-" "Mozilla/5.0 (compatible; SeznamBot/3.2; +http://napoveda.seznam.cz/en/seznambot-intro/)" "-"
77.75.78.0 - - [06/Aug/2018:00:53:24 +0200] "GET /robots.txt HTTP/1.1" 200 35 www.fc-schnaittach.de "-" "Mozilla/5.0 (compatible; SeznamBot/3.2; +http://napoveda.seznam.cz/en/seznambot-intro/)" "-"
2a02:598:: - - [06/Aug/2018:00:53:24 +0200] "GET /wp-content/uploads/2015/04/FCS-1Jugend-1959.gif HTTP/1.1" 200 272823 www.fc-schnaittach.de "-" "Mozilla/5.0 (compatible; SeznamBot/3.2; +http://napoveda.seznam.cz/en/seznambot-intro/)" "-"
5.9.94.0 - - [06/Aug/2018:01:03:38 +0200] "GET /ehrungen-beim-1-fc-schnaittach/ HTTP/1.1" 200 28821 www.fc-schnaittach.de "-" "Mozilla/5.0 (X11; Linux x86_64) AppleWebKit/537.36 (KHTML, like Gecko) Chrome/63.0.3239.132 Safari/537.36" "-"
78.46.156.0 - - [06/Aug/2018:01:03:39 +0200] "GET /ehrungen-beim-1-fc-schnaittach/ HTTP/1.1" 200 28785 www.fc-schnaittach.de "-" "Mozilla/5.0 (Macintosh; Intel Mac OS X 10.13; rv:58.0) Gecko/20100101 Firefox/58.0" "-"
66.249.66.0 - - [06/Aug/2018:01:06:50 +0200] "GET /sitemap-pt-nav_menu_item-2015-01.xml HTTP/1.1" 200 500 fc-schnaittach.de "-" "Mozilla/5.0 (compatible; Googlebot/2.1; +http://www.google.com/bot.html)" "-"
217.255.6.0 - - [06/Aug/2018:01:08:23 +0200] "GET /wp-content/uploads/2016/11/Jasmin-M%C3%BCller.jpg HTTP/1.1" 301 287 www.fc-schnaittach.de "https://www.bing.com/" "Mozilla/5.0 (Windows NT 10.0; Win64; x64) AppleWebKit/537.36 (KHTML, like Gecko) Chrome/64.0.3282.140 Safari/537.36 Edge/17.17134" "-"
217.255.6.0 - - [06/Aug/2018:01:08:23 +0200] "GET /wp-content/uploads/2016/11/Jasmin-M%c3%bcller.jpg HTTP/1.1" 200 955116 www.fc-schnaittach.de "https://www.bing.com/" "Mozilla/5.0 (Windows NT 10.0; Win64; x64) AppleWebKit/537.36 (KHTML, like Gecko) Chrome/64.0.3282.140 Safari/537.36 Edge/17.17134" "-"
207.46.13.0 - - [06/Aug/2018:01:11:27 +0200] "GET /wp-content/uploads/2014/10/C_Ohlw%C3%A4rther.jpg HTTP/1.1" 301 286 www.fc-schnaittach.de "-" "Mozilla/5.0 (compatible; bingbot/2.0; +http://www.bing.com/bingbot.htm)" "-"
207.46.13.0 - - [06/Aug/2018:01:11:28 +0200] "GET /wp-content/uploads/2014/10/C_Ohlw%c3%a4rther.jpg HTTP/1.1" 200 121025 www.fc-schnaittach.de "-" "Mozilla/5.0 (compatible; bingbot/2.0; +http://www.bing.com/bingbot.htm)" "-"
217.160.63.0 - - [06/Aug/2018:01:21:21 +0200] "POST /wp-cron.php?doing_wp_cron=1533511281.8428719043731689453125 HTTP/1.1" 301 297 www.fc-schnaittach.de "http://www.fc-schnaittach.de/wp-cron.php?doing_wp_cron=1533511281.8428719043731689453125" "WordPress/4.9.8; https://www.fc-schnaittach.de" "-"
66.249.66.0 - - [06/Aug/2018:01:21:21 +0200] "GET /sitemap-pt-page-2016-07.xml HTTP/1.1" 200 495 www.fc-schnaittach.de "-" "Mozilla/5.0 (compatible; Googlebot/2.1; +http://www.google.com/bot.html)" "-"
217.160.63.0 - - [06/Aug/2018:01:26:47 +0200] "POST /wp-cron.php?doing_wp_cron=1533511607.9236741065979003906250 HTTP/1.1" 200 23 www.fc-schnaittach.de "https://www.fc-schnaittach.de/wp-cron.php?doing_wp_cron=1533511607.9236741065979003906250" "WordPress/4.9.8; https://www.fc-schnaittach.de" "-"
66.249.66.0 - - [06/Aug/2018:01:26:47 +0200] "GET /hauptverein/sportheim/ HTTP/1.1" 200 6330 www.fc-schnaittach.de "-" "Mozilla/5.0 (compatible; Googlebot/2.1; +http://www.google.com/bot.html)" "-"
54.36.149.0 - - [06/Aug/2018:01:33:00 +0200] "GET /vorbereitungsplan-damen-rueckrunde-20162017/feed/ HTTP/1.1" 200 556 www.fc-schnaittach.de "-" "Mozilla/5.0 (compatible; AhrefsBot/5.2; +http://ahrefs.com/robot/)" "-"
66.249.66.0 - - [06/Aug/2018:01:34:57 +0200] "GET /wp-content/themes/fcs/images/production/FcsWappenMobileBookmark.png?ver=1487205003 HTTP/1.1" 200 12628 www.fc-schnaittach.de "-" "Googlebot-Image/1.0" "-"
188.240.208.0 - - [06/Aug/2018:01:37:28 +0200] "GET /wp-content/themes/fcs/index.php HTTP/1.1" 200 290 www.fc-schnaittach.de "-" "Mozilla/5.0 (Windows NT 6.1; Win64; x64) AppleWebKit/537.36 (KHTML, like Gecko) Chrome/62.0.3202.94 Safari/537.36" "-"
188.240.208.0 - - [06/Aug/2018:01:37:28 +0200] "GET /wp-content/themes/fcs/header.php HTTP/1.1" 200 324 www.fc-schnaittach.de "-" "Mozilla/5.0 (Windows NT 6.1; Win64; x64) AppleWebKit/537.36 (KHTML, like Gecko) Chrome/62.0.3202.94 Safari/537.36" "-"
188.240.208.0 - - [06/Aug/2018:01:37:28 +0200] "GET /wp-content/themes/fcs/archive.php HTTP/1.1" 200 23467 www.fc-schnaittach.de "-" "Mozilla/5.0 (Windows NT 6.1; Win64; x64) AppleWebKit/537.36 (KHTML, like Gecko) Chrome/62.0.3202.94 Safari/537.36" "-"
188.240.208.0 - - [06/Aug/2018:01:37:29 +0200] "GET /wp-content/themes/fcs/404.php HTTP/1.1" 200 286 www.fc-schnaittach.de "-" "Mozilla/5.0 (Windows NT 6.1; Win64; x64) AppleWebKit/537.36 (KHTML, like Gecko) Chrome/62.0.3202.94 Safari/537.36" "-"
188.240.208.0 - - [06/Aug/2018:01:37:29 +0200] "GET /wp-content/themes/fcs/wp-cros.php HTTP/1.1" 200 23467 www.fc-schnaittach.de "-" "Mozilla/5.0 (Windows NT 6.1; Win64; x64) AppleWebKit/537.36 (KHTML, like Gecko) Chrome/62.0.3202.94 Safari/537.36" "-"
66.249.66.0 - - [06/Aug/2018:01:38:07 +0200] "GET /wp-content/themes/fcs/images/production/FcsWappen.ico?ver=1420564287 HTTP/1.1" 200 4606 www.fc-schnaittach.de "-" "Googlebot-Image/1.0" "-"
66.249.66.0 - - [06/Aug/2018:01:43:22 +0200] "GET /sitemap-pt-page-2017-07.xml HTTP/1.1" 200 624 www.fc-schnaittach.de "-" "Mozilla/5.0 (compatible; Googlebot/2.1; +http://www.google.com/bot.html)" "-"
138.201.30.0 - - [06/Aug/2018:01:46:31 +0200] "GET /hauptverein/vereinsbus/ HTTP/1.1" 200 7083 www.fc-schnaittach.de "-" "Mozilla/5.0 (compatible; SEOkicks; +https://www.seokicks.de/robot.html)" "-"
138.201.30.0 - - [06/Aug/2018:01:46:33 +0200] "GET /wp-content/themes/fcs/images/production/FcsWappen.ico?ver=1420564287 HTTP/1.1" 301 306 www.fc-schnaittach.de "http://www.fc-schnaittach.de/hauptverein/vereinsbus/" "Mozilla/5.0 (compatible; SEOkicks; +https://www.seokicks.de/robot.html)" "-"
138.201.30.0 - - [06/Aug/2018:01:46:56 +0200] "GET /wp-content/themes/fcs/images/production/FcsWappenMobileBookmark.png?ver=1487205003 HTTP/1.1" 301 320 www.fc-schnaittach.de "http://www.fc-schnaittach.de/hauptverein/vereinsbus/" "Mozilla/5.0 (compatible; SEOkicks; +https://www.seokicks.de/robot.html)" "-"
138.201.30.0 - - [06/Aug/2018:01:46:57 +0200] "GET /wp-content/plugins/contact-form-7/includes/css/styles.css?ver=5.0.2 HTTP/1.1" 301 305 www.fc-schnaittach.de "http://www.fc-schnaittach.de/hauptverein/vereinsbus/" "Mozilla/5.0 (compatible; SEOkicks; +https://www.seokicks.de/robot.html)" "-"
138.201.30.0 - - [06/Aug/2018:01:46:59 +0200] "GET /wp-content/plugins/feedzy-rss-feeds/css/feedzy-rss-feeds.css?ver=3.2.10 HTTP/1.1" 301 309 www.fc-schnaittach.de "http://www.fc-schnaittach.de/hauptverein/vereinsbus/" "Mozilla/5.0 (compatible; SEOkicks; +https://www.seokicks.de/robot.html)" "-"
138.201.30.0 - - [06/Aug/2018:01:47:16 +0200] "GET /wp-content/plugins/recently-updated-posts-widget/css/style.css?ver=4.9.8 HTTP/1.1" 301 310 www.fc-schnaittach.de "http://www.fc-schnaittach.de/hauptverein/vereinsbus/" "Mozilla/5.0 (compatible; SEOkicks; +https://www.seokicks.de/robot.html)" "-"
138.201.30.0 - - [06/Aug/2018:01:47:17 +0200] "GET /wp-content/plugins/user-access-manager/assets/css/uamLoginForm.css?ver=2.1.11 HTTP/1.1" 301 315 www.fc-schnaittach.de "http://www.fc-schnaittach.de/hauptverein/vereinsbus/" "Mozilla/5.0 (compatible; SEOkicks; +https://www.seokicks.de/robot.html)" "-"
136.243.83.0 - - [06/Aug/2018:01:47:49 +0200] "GET /robots.txt HTTP/1.1" 200 35 www.fc-schnaittach.de "-" "Mozilla/5.0 (compatible; MetaJobBot; http://www.metajob.de/crawler)" "-"
136.243.83.0 - - [06/Aug/2018:01:47:49 +0200] "GET /maifeiertag-2017/ HTTP/1.1" 200 6760 www.fc-schnaittach.de "-" "Mozilla/5.0 (compatible; MetaJobBot; http://www.metajob.de/crawler)" "-"
54.36.149.0 - - [06/Aug/2018:01:58:11 +0200] "GET /category/news/100-jahre/ HTTP/1.1" 200 6679 www.fc-schnaittach.de "-" "Mozilla/5.0 (compatible; AhrefsBot/5.2; +http://ahrefs.com/robot/)" "-"
54.36.150.0 - - [06/Aug/2018:02:09:04 +0200] "GET /robots.txt HTTP/1.1" 200 35 www.fc-schnaittach.de "-" "Mozilla/5.0 (compatible; AhrefsBot/5.2; +http://ahrefs.com/robot/)" "-"
54.36.148.0 - - [06/Aug/2018:02:09:04 +0200] "GET /tag/osterlehrgang/feed/ HTTP/1.1" 200 596 www.fc-schnaittach.de "-" "Mozilla/5.0 (compatible; AhrefsBot/5.2; +http://ahrefs.com/robot/)" "-"
216.244.66.0 - - [06/Aug/2018:02:11:55 +0200] "GET /robots.txt HTTP/1.1" 301 248 www.fc-schnaittach.de "-" "Mozilla/5.0 (compatible; DotBot/1.1; http://www.opensiteexplorer.org/dotbot, help@moz.com)" "-"
216.244.66.0 - - [06/Aug/2018:02:11:58 +0200] "GET /robots.txt HTTP/1.1" 200 35 www.fc-schnaittach.de "-" "Mozilla/5.0 (compatible; DotBot/1.1; http://www.opensiteexplorer.org/dotbot, help@moz.com)" "-"
54.36.149.0 - - [06/Aug/2018:02:17:33 +0200] "GET /tag/spende/ HTTP/1.1" 200 5697 www.fc-schnaittach.de "-" "Mozilla/5.0 (compatible; AhrefsBot/5.2; +http://ahrefs.com/robot/)" "-"
5.248.253.0 - - [06/Aug/2018:02:17:37 +0200] "GET /fussball/damen/ HTTP/1.1" 200 34396 www.fc-schnaittach.de "https://atleticpharm.org/" "Mozilla/4.0 (compatible; MSIE 6.0; Windows XP)" "-"
5.248.253.0 - - [06/Aug/2018:02:17:37 +0200] "GET /fussball/damen/ HTTP/1.1" 200 34396 www.fc-schnaittach.de "https://atleticpharm.org/" "Mozilla/4.0 (compatible; MSIE 6.0; Windows XP)" "-"
5.248.253.0 - - [06/Aug/2018:02:17:38 +0200] "GET /fussball/damen/ HTTP/1.1" 200 34396 www.fc-schnaittach.de "https://atleticpharm.org/" "Mozilla/4.0 (compatible; MSIE 6.0; Windows XP)" "-"
52.175.195.0 - - [06/Aug/2018:02:24:18 +0200] "HEAD / HTTP/1.1" 301 - www.fc-schnaittach.de "-" "HTTPing v2.4" "-"
54.36.148.0 - - [06/Aug/2018:02:29:55 +0200] "GET /hauptverein/sponsoren/ HTTP/1.1" 200 6566 www.fc-schnaittach.de "-" "Mozilla/5.0 (compatible; AhrefsBot/5.2; +http://ahrefs.com/robot/)" "-"
217.160.63.0 - - [06/Aug/2018:02:29:56 +0200] "POST /wp-cron.php?doing_wp_cron=1533515396.0882489681243896484375 HTTP/1.1" 200 23 www.fc-schnaittach.de "https://www.fc-schnaittach.de/wp-cron.php?doing_wp_cron=1533515396.0882489681243896484375" "WordPress/4.9.8; https://www.fc-schnaittach.de" "-"
66.249.66.0 - - [06/Aug/2018:02:34:02 +0200] "GET /sitemap-pt-post-2017-10.xml HTTP/1.1" 200 595 www.fc-schnaittach.de "-" "Mozilla/5.0 (compatible; Googlebot/2.1; +http://www.google.com/bot.html)" "-"
216.244.66.0 - - [06/Aug/2018:02:36:38 +0200] "GET /robots.txt HTTP/1.1" 301 248 www.fc-schnaittach.de "-" "Mozilla/5.0 (compatible; DotBot/1.1; http://www.opensiteexplorer.org/dotbot, help@moz.com)" "-"
216.244.66.0 - - [06/Aug/2018:02:36:41 +0200] "GET /robots.txt HTTP/1.1" 200 35 www.fc-schnaittach.de "-" "Mozilla/5.0 (compatible; DotBot/1.1; http://www.opensiteexplorer.org/dotbot, help@moz.com)" "-"
85.25.210.0 - - [06/Aug/2018:02:43:17 +0200] "GET /robots.txt HTTP/1.1" 301 248 www.fc-schnaittach.de "-" "Mozilla/5.0 (Windows NT 6.1; WOW64) AppleWebKit/537.36 (KHTML, like Gecko) Chrome/37.0.2062.120 Safari/537.36" "-"
85.25.210.0 - - [06/Aug/2018:02:43:17 +0200] "GET /robots.txt HTTP/1.1" 200 35 www.fc-schnaittach.de "-" "Mozilla/5.0 (Windows NT 6.1; WOW64) AppleWebKit/537.36 (KHTML, like Gecko) Chrome/37.0.2062.120 Safari/537.36" "-"
85.25.210.0 - - [06/Aug/2018:02:43:18 +0200] "GET /robots.txt HTTP/1.1" 301 248 www.fc-schnaittach.de "-" "Mozilla/5.0 (compatible; adscanner/)" "-"
85.25.210.0 - - [06/Aug/2018:02:43:19 +0200] "GET /robots.txt HTTP/1.1" 200 35 www.fc-schnaittach.de "-" "Mozilla/5.0 (Windows NT 6.1; WOW64) AppleWebKit/537.36 (KHTML, like Gecko) Chrome/37.0.2062.120 Safari/537.36" "-"
77.75.78.0 - - [06/Aug/2018:02:43:20 +0200] "GET /robots.txt HTTP/1.1" 200 35 www.fc-schnaittach.de "-" "Mozilla/5.0 (compatible; SeznamBot/3.2; +http://napoveda.seznam.cz/en/seznambot-intro/)" "-"
2a02:598:: - - [06/Aug/2018:02:43:20 +0200] "GET /wp-content/uploads/2018/06/DragonRun-Shirt_2.png HTTP/1.1" 200 782623 www.fc-schnaittach.de "-" "Mozilla/5.0 (compatible; SeznamBot/3.2; +http://napoveda.seznam.cz/en/seznambot-intro/)" "-"
2a02:598:: - - [06/Aug/2018:02:43:21 +0200] "GET /wp-content/uploads/2018/05/4.jpg HTTP/1.1" 200 449777 www.fc-schnaittach.de "-" "Mozilla/5.0 (compatible; SeznamBot/3.2; +http://napoveda.seznam.cz/en/seznambot-intro/)" "-"
85.25.210.0 - - [06/Aug/2018:02:43:22 +0200] "GET /robots.txt HTTP/1.1" 200 35 www.fc-schnaittach.de "-" "Mozilla/5.0 (compatible; adscanner/)" "-"
85.25.210.0 - - [06/Aug/2018:02:43:23 +0200] "GET /wp-content/uploads/2014/10/P1160507.jpg HTTP/1.1" 301 277 www.fc-schnaittach.de "-" "Mozilla/5.0 (Windows NT 6.1; WOW64) AppleWebKit/537.36 (KHTML, like Gecko) Chrome/37.0.2062.120 Safari/537.36" "-"
85.25.210.0 - - [06/Aug/2018:02:43:25 +0200] "GET /wp-content/uploads/2014/10/P1160507.jpg HTTP/1.1" 200 395988 www.fc-schnaittach.de "-" "Mozilla/5.0 (Windows NT 6.1; WOW64) AppleWebKit/537.36 (KHTML, like Gecko) Chrome/37.0.2062.120 Safari/537.36" "-"
85.25.210.0 - - [06/Aug/2018:02:43:26 +0200] "GET /wp-content/uploads/2014/10/P1160507.jpg HTTP/1.1" 301 277 www.fc-schnaittach.de "-" "Java/1.8.0_151" "-"
85.25.210.0 - - [06/Aug/2018:02:43:26 +0200] "GET /wp-content/uploads/2014/10/P1160507.jpg HTTP/1.1" 301 277 www.fc-schnaittach.de "-" "Mozilla/5.0 (compatible; adscanner/)" "-"
85.25.210.0 - - [06/Aug/2018:02:43:28 +0200] "GET /wp-content/uploads/2014/10/P1160507.jpg HTTP/1.1" 200 395988 www.fc-schnaittach.de "-" "Mozilla/5.0 (Windows NT 6.1; WOW64) AppleWebKit/537.36 (KHTML, like Gecko) Chrome/37.0.2062.120 Safari/537.36" "-"
94.130.71.0 - - [06/Aug/2018:02:43:29 +0200] "GET /wp-content/uploads/2014/10/P1160507.jpg HTTP/1.1" 200 395988 www.fc-schnaittach.de "-" "Java/1.8.0_151" "-"
85.25.210.0 - - [06/Aug/2018:02:43:30 +0200] "GET /wp-content/uploads/2014/10/P1160507.jpg HTTP/1.1" 200 395988 www.fc-schnaittach.de "-" "Mozilla/5.0 (compatible; adscanner/)" "-"
66.249.66.0 - - [06/Aug/2018:02:46:34 +0200] "GET /g-jugend/ HTTP/1.1" 200 7168 www.fc-schnaittach.de "-" "Mozilla/5.0 (Linux; Android 6.0.1; Nexus 5X Build/MMB29P) AppleWebKit/537.36 (KHTML, like Gecko) Chrome/41.0.2272.96 Mobile Safari/537.36 (compatible; Googlebot/2.1; +http://www.google.com/bot.html)" "-"
66.249.66.0 - - [06/Aug/2018:02:47:09 +0200] "GET /g-jugend/feed/ HTTP/1.1" 200 542 www.fc-schnaittach.de "-" "Mozilla/5.0 (Linux; Android 6.0.1; Nexus 5X Build/MMB29P) AppleWebKit/537.36 (KHTML, like Gecko) Chrome/41.0.2272.96 Mobile Safari/537.36 (compatible; Googlebot/2.1; +http://www.google.com/bot.html)" "-"
66.249.66.0 - - [06/Aug/2018:02:50:29 +0200] "GET /wp-content/themes/fcs/images/production/Zumba_Production.jpg?ver=1487205003 HTTP/1.1" 304 - www.fc-schnaittach.de "-" "Googlebot-Image/1.0" "-"
77.75.78.0 - - [06/Aug/2018:02:54:27 +0200] "GET /robots.txt HTTP/1.1" 200 35 www.fc-schnaittach.de "-" "Mozilla/5.0 (compatible; SeznamBot/3.2; +http://napoveda.seznam.cz/en/seznambot-intro/)" "-"
2a02:598:: - - [06/Aug/2018:02:54:28 +0200] "GET /wp-content/uploads/2018/05/Small_Wall_1.jpg HTTP/1.1" 200 1683847 www.fc-schnaittach.de "-" "Mozilla/5.0 (compatible; SeznamBot/3.2; +http://napoveda.seznam.cz/en/seznambot-intro/)" "-"
2a02:598:: - - [06/Aug/2018:02:54:28 +0200] "GET /wp-content/uploads/2018/06/17-300x300.jpg HTTP/1.1" 200 25422 www.fc-schnaittach.de "-" "Mozilla/5.0 (compatible; SeznamBot/3.2; +http://napoveda.seznam.cz/en/seznambot-intro/)" "-"
46.118.125.0 - - [06/Aug/2018:02:55:09 +0200] "GET /fussball/damen/ HTTP/1.1" 200 34396 www.fc-schnaittach.de "https://balkanfarma.org/" "Mozilla/4.0 (compatible; MSIE 6.0; Windows NT 5.0; APC; .NET CLR 1.0.3705; .NET CLR 1.1.4322; .NET CLR 2.0.50215; InfoPath.1)" "-"
85.25.210.0 - - [06/Aug/2018:03:00:00 +0200] "GET /robots.txt HTTP/1.1" 301 248 www.fc-schnaittach.de "-" "Mozilla/5.0 (Windows NT 6.1; WOW64) AppleWebKit/537.36 (KHTML, like Gecko) Chrome/37.0.2062.120 Safari/537.36" "-"
85.25.210.0 - - [06/Aug/2018:03:00:00 +0200] "GET /robots.txt HTTP/1.1" 200 35 www.fc-schnaittach.de "-" "Mozilla/5.0 (Windows NT 6.1; WOW64) AppleWebKit/537.36 (KHTML, like Gecko) Chrome/37.0.2062.120 Safari/537.36" "-"
85.25.210.0 - - [06/Aug/2018:03:00:00 +0200] "GET /robots.txt HTTP/1.1" 301 248 www.fc-schnaittach.de "-" "Mozilla/5.0 (compatible; adscanner/)" "-"
85.25.210.0 - - [06/Aug/2018:03:00:03 +0200] "GET /robots.txt HTTP/1.1" 200 35 www.fc-schnaittach.de "-" "Mozilla/5.0 (Windows NT 6.1; WOW64) AppleWebKit/537.36 (KHTML, like Gecko) Chrome/37.0.2062.120 Safari/537.36" "-"
85.25.210.0 - - [06/Aug/2018:03:00:03 +0200] "GET /robots.txt HTTP/1.1" 200 35 www.fc-schnaittach.de "-" "Mozilla/5.0 (compatible; adscanner/)" "-"
85.25.210.0 - - [06/Aug/2018:03:00:03 +0200] "GET /wp-content/uploads/2014/10/P1160502-250x300.jpg HTTP/1.1" 301 285 www.fc-schnaittach.de "-" "Mozilla/5.0 (compatible; adscanner/)" "-"
85.25.210.0 - - [06/Aug/2018:03:00:05 +0200] "GET /wp-content/uploads/2014/10/P1160502-250x300.jpg HTTP/1.1" 200 14514 www.fc-schnaittach.de "-" "Mozilla/5.0 (Windows NT 6.1; WOW64) AppleWebKit/537.36 (KHTML, like Gecko) Chrome/37.0.2062.120 Safari/537.36" "-"
94.130.71.0 - - [06/Aug/2018:03:00:05 +0200] "GET /wp-content/uploads/2014/10/P1160502-250x300.jpg HTTP/1.1" 200 14514 www.fc-schnaittach.de "-" "Java/1.8.0_151" "-"
85.25.210.0 - - [06/Aug/2018:03:00:06 +0200] "GET /wp-content/uploads/2014/10/P1160502-250x300.jpg HTTP/1.1" 200 14514 www.fc-schnaittach.de "-" "Mozilla/5.0 (compatible; adscanner/)" "-"
85.25.210.0 - - [06/Aug/2018:03:02:21 +0200] "GET /robots.txt HTTP/1.1" 301 248 www.fc-schnaittach.de "-" "Mozilla/5.0 (Windows NT 6.1; WOW64) AppleWebKit/537.36 (KHTML, like Gecko) Chrome/37.0.2062.120 Safari/537.36" "-"
85.25.210.0 - - [06/Aug/2018:03:02:21 +0200] "GET /robots.txt HTTP/1.1" 200 35 www.fc-schnaittach.de "-" "Mozilla/5.0 (Windows NT 6.1; WOW64) AppleWebKit/537.36 (KHTML, like Gecko) Chrome/37.0.2062.120 Safari/537.36" "-"
85.25.210.0 - - [06/Aug/2018:03:02:23 +0200] "GET /robots.txt HTTP/1.1" 301 248 www.fc-schnaittach.de "-" "Mozilla/5.0 (compatible; adscanner/)" "-"
85.25.210.0 - - [06/Aug/2018:03:02:24 +0200] "GET /robots.txt HTTP/1.1" 200 35 www.fc-schnaittach.de "-" "Mozilla/5.0 (Windows NT 6.1; WOW64) AppleWebKit/537.36 (KHTML, like Gecko) Chrome/37.0.2062.120 Safari/537.36" "-"
85.25.210.0 - - [06/Aug/2018:03:02:24 +0200] "GET /robots.txt HTTP/1.1" 200 35 www.fc-schnaittach.de "-" "Mozilla/5.0 (compatible; adscanner/)" "-"
85.25.210.0 - - [06/Aug/2018:03:02:24 +0200] "GET /wp-content/uploads/2015/03/Nadine-Vogl-768x574.jpg HTTP/1.1" 301 288 www.fc-schnaittach.de "-" "Mozilla/5.0 (compatible; adscanner/)" "-"
85.25.210.0 - - [06/Aug/2018:03:02:26 +0200] "GET /wp-content/uploads/2015/03/Nadine-Vogl-768x574.jpg HTTP/1.1" 200 77245 www.fc-schnaittach.de "-" "Mozilla/5.0 (Windows NT 6.1; WOW64) AppleWebKit/537.36 (KHTML, like Gecko) Chrome/37.0.2062.120 Safari/537.36" "-"
94.130.71.0 - - [06/Aug/2018:03:02:26 +0200] "GET /wp-content/uploads/2015/03/Nadine-Vogl-768x574.jpg HTTP/1.1" 200 77245 www.fc-schnaittach.de "-" "Java/1.8.0_151" "-"
85.25.210.0 - - [06/Aug/2018:03:02:27 +0200] "GET /wp-content/uploads/2015/03/Nadine-Vogl-768x574.jpg HTTP/1.1" 200 77245 www.fc-schnaittach.de "-" "Mozilla/5.0 (compatible; adscanner/)" "-"
78.46.94.0 - - [06/Aug/2018:03:03:14 +0200] "GET /hauptverein/geschichte/ HTTP/1.1" 200 35073 www.fc-schnaittach.de "-" "Mozilla/5.0 (Macintosh; U; Intel Mac OS X 10_5_8; zh-cn) AppleWebKit/533.18.1 (KHTML, like Gecko) Version/5.0.2 Safari/533.18.5" "-"
178.159.37.0 - - [06/Aug/2018:03:07:38 +0200] "GET /fussball/damen/ HTTP/1.1" 200 34396 www.fc-schnaittach.de "https://impotentik.com/" "Mozilla/4.0 (compatible; MSIE 6.0; Windows NT 5.1; SV1; FunWebProducts)" "-"
178.159.37.0 - - [06/Aug/2018:03:07:39 +0200] "GET /fussball/damen/ HTTP/1.1" 200 34396 www.fc-schnaittach.de "https://impotentik.com/" "Mozilla/4.0 (compatible; MSIE 6.0; Windows NT 5.1; SV1; FunWebProducts)" "-"
178.159.37.0 - - [06/Aug/2018:03:07:39 +0200] "GET /fussball/damen/ HTTP/1.1" 200 34396 www.fc-schnaittach.de "https://impotentik.com/" "Mozilla/4.0 (compatible; MSIE 6.0; Windows NT 5.1; SV1; FunWebProducts)" "-"
54.36.148.0 - - [06/Aug/2018:03:14:00 +0200] "GET /tag/bilder/ HTTP/1.1" 200 6028 www.fc-schnaittach.de "-" "Mozilla/5.0 (compatible; AhrefsBot/5.2; +http://ahrefs.com/robot/)" "-"
13.82.188.0 - - [06/Aug/2018:03:14:03 +0200] "HEAD / HTTP/1.1" 301 - www.fc-schnaittach.de "-" "HTTPing v2.4" "-"
178.10.86.0 - - [06/Aug/2018:03:14:24 +0200] "GET /wechsel-in-der-sportlichen-leitung-unserer-1-mannschaft/ HTTP/1.1" 200 6857 www.fc-schnaittach.de "https://www.google.de/" "Mozilla/5.0 (iPhone; CPU iPhone OS 11_4_1 like Mac OS X) AppleWebKit/605.1.15 (KHTML, like Gecko) Version/11.0 Mobile/15E148 Safari/604.1" "-"
178.10.86.0 - - [06/Aug/2018:03:14:24 +0200] "GET /wp-includes/js/wp-emoji-release.min.js?ver=4.9.8 HTTP/1.1" 200 12026 www.fc-schnaittach.de "https://www.fc-schnaittach.de/wechsel-in-der-sportlichen-leitung-unserer-1-mannschaft/" "Mozilla/5.0 (iPhone; CPU iPhone OS 11_4_1 like Mac OS X) AppleWebKit/605.1.15 (KHTML, like Gecko) Version/11.0 Mobile/15E148 Safari/604.1" "-"
178.10.86.0 - - [06/Aug/2018:03:14:24 +0200] "GET /wp-content/plugins/contact-form-7/includes/css/styles.css?ver=5.0.2 HTTP/1.1" 200 1683 www.fc-schnaittach.de "https://www.fc-schnaittach.de/wechsel-in-der-sportlichen-leitung-unserer-1-mannschaft/" "Mozilla/5.0 (iPhone; CPU iPhone OS 11_4_1 like Mac OS X) AppleWebKit/605.1.15 (KHTML, like Gecko) Version/11.0 Mobile/15E148 Safari/604.1" "-"
178.10.86.0 - - [06/Aug/2018:03:14:24 +0200] "GET /wp-content/plugins/recently-updated-posts-widget/css/style.css?ver=4.9.8 HTTP/1.1" 200 45 www.fc-schnaittach.de "https://www.fc-schnaittach.de/wechsel-in-der-sportlichen-leitung-unserer-1-mannschaft/" "Mozilla/5.0 (iPhone; CPU iPhone OS 11_4_1 like Mac OS X) AppleWebKit/605.1.15 (KHTML, like Gecko) Version/11.0 Mobile/15E148 Safari/604.1" "-"
178.10.86.0 - - [06/Aug/2018:03:14:24 +0200] "GET /wp-content/plugins/user-access-manager/assets/css/uamLoginForm.css?ver=2.1.11 HTTP/1.1" 200 468 www.fc-schnaittach.de "https://www.fc-schnaittach.de/wechsel-in-der-sportlichen-leitung-unserer-1-mannschaft/" "Mozilla/5.0 (iPhone; CPU iPhone OS 11_4_1 like Mac OS X) AppleWebKit/605.1.15 (KHTML, like Gecko) Version/11.0 Mobile/15E148 Safari/604.1" "-"
178.10.86.0 - - [06/Aug/2018:03:14:24 +0200] "GET /wp-includes/js/jquery/jquery-migrate.min.js?ver=1.4.1 HTTP/1.1" 200 10056 www.fc-schnaittach.de "https://www.fc-schnaittach.de/wechsel-in-der-sportlichen-leitung-unserer-1-mannschaft/" "Mozilla/5.0 (iPhone; CPU iPhone OS 11_4_1 like Mac OS X) AppleWebKit/605.1.15 (KHTML, like Gecko) Version/11.0 Mobile/15E148 Safari/604.1" "-"
178.10.86.0 - - [06/Aug/2018:03:14:24 +0200] "GET /wp-content/themes/fcs/css/jquery.smartmenus.bootstrap.css?ver=1418749976 HTTP/1.1" 200 3128 www.fc-schnaittach.de "https://www.fc-schnaittach.de/wechsel-in-der-sportlichen-leitung-unserer-1-mannschaft/" "Mozilla/5.0 (iPhone; CPU iPhone OS 11_4_1 like Mac OS X) AppleWebKit/605.1.15 (KHTML, like Gecko) Version/11.0 Mobile/15E148 Safari/604.1" "-"
178.10.86.0 - - [06/Aug/2018:03:14:24 +0200] "GET /wp-content/uploads/2016/05/NeuerTrainier.jpg HTTP/1.1" 200 223815 www.fc-schnaittach.de "https://www.fc-schnaittach.de/wechsel-in-der-sportlichen-leitung-unserer-1-mannschaft/" "Mozilla/5.0 (iPhone; CPU iPhone OS 11_4_1 like Mac OS X) AppleWebKit/605.1.15 (KHTML, like Gecko) Version/11.0 Mobile/15E148 Safari/604.1" "-"
178.10.86.0 - - [06/Aug/2018:03:14:24 +0200] "GET /wp-content/themes/fcs/images/production/FcsWappen.png HTTP/1.1" 200 12482 www.fc-schnaittach.de "https://www.fc-schnaittach.de/wechsel-in-der-sportlichen-leitung-unserer-1-mannschaft/" "Mozilla/5.0 (iPhone; CPU iPhone OS 11_4_1 like Mac OS X) AppleWebKit/605.1.15 (KHTML, like Gecko) Version/11.0 Mobile/15E148 Safari/604.1" "-"
178.10.86.0 - - [06/Aug/2018:03:14:24 +0200] "GET /wp-content/themes/fcs/js/fcs.js?ver=1442772175 HTTP/1.1" 200 5542 www.fc-schnaittach.de "https://www.fc-schnaittach.de/wechsel-in-der-sportlichen-leitung-unserer-1-mannschaft/" "Mozilla/5.0 (iPhone; CPU iPhone OS 11_4_1 like Mac OS X) AppleWebKit/605.1.15 (KHTML, like Gecko) Version/11.0 Mobile/15E148 Safari/604.1" "-"
178.10.86.0 - - [06/Aug/2018:03:14:24 +0200] "GET /wp-content/themes/fcs/js/jquery.smartmenus.min.js?ver=1418750004 HTTP/1.1" 200 22672 www.fc-schnaittach.de "https://www.fc-schnaittach.de/wechsel-in-der-sportlichen-leitung-unserer-1-mannschaft/" "Mozilla/5.0 (iPhone; CPU iPhone OS 11_4_1 like Mac OS X) AppleWebKit/605.1.15 (KHTML, like Gecko) Version/11.0 Mobile/15E148 Safari/604.1" "-"
178.10.86.0 - - [06/Aug/2018:03:14:24 +0200] "GET /wp-content/themes/fcs/js/jquery.smartmenus.bootstrap.min.js?ver=1418750004 HTTP/1.1" 200 1252 www.fc-schnaittach.de "https://www.fc-schnaittach.de/wechsel-in-der-sportlichen-leitung-unserer-1-mannschaft/" "Mozilla/5.0 (iPhone; CPU iPhone OS 11_4_1 like Mac OS X) AppleWebKit/605.1.15 (KHTML, like Gecko) Version/11.0 Mobile/15E148 Safari/604.1" "-"
178.10.86.0 - - [06/Aug/2018:03:14:24 +0200] "GET /wp-includes/js/wp-embed.min.js?ver=4.9.8 HTTP/1.1" 200 1398 www.fc-schnaittach.de "https://www.fc-schnaittach.de/wechsel-in-der-sportlichen-leitung-unserer-1-mannschaft/" "Mozilla/5.0 (iPhone; CPU iPhone OS 11_4_1 like Mac OS X) AppleWebKit/605.1.15 (KHTML, like Gecko) Version/11.0 Mobile/15E148 Safari/604.1" "-"
178.10.86.0 - - [06/Aug/2018:03:14:55 +0200] "GET / HTTP/1.1" 200 7769 www.fc-schnaittach.de "https://www.google.de/" "Mozilla/5.0 (iPhone; CPU iPhone OS 11_4_1 like Mac OS X) AppleWebKit/605.1.15 (KHTML, like Gecko) Version/11.0 Mobile/15E148 Safari/604.1" "-"
178.10.86.0 - - [06/Aug/2018:03:14:56 +0200] "GET /wp-content/themes/fcs/images/production/Transparent.png?ver=1487205002 HTTP/1.1" 200 124 www.fc-schnaittach.de "https://www.fc-schnaittach.de/" "Mozilla/5.0 (iPhone; CPU iPhone OS 11_4_1 like Mac OS X) AppleWebKit/605.1.15 (KHTML, like Gecko) Version/11.0 Mobile/15E148 Safari/604.1" "-"
178.10.86.0 - - [06/Aug/2018:03:14:56 +0200] "GET /wp-content/themes/fcs/images/production/Transparent.png HTTP/1.1" 200 124 www.fc-schnaittach.de "https://www.fc-schnaittach.de/" "Mozilla/5.0 (iPhone; CPU iPhone OS 11_4_1 like Mac OS X) AppleWebKit/605.1.15 (KHTML, like Gecko) Version/11.0 Mobile/15E148 Safari/604.1" "-"
178.10.86.0 - - [06/Aug/2018:03:14:56 +0200] "GET /wp-content/themes/fcs/images/production/Tischtennis_Production.jpg?ver=1487205002 HTTP/1.1" 200 16063 www.fc-schnaittach.de "https://www.fc-schnaittach.de/" "Mozilla/5.0 (iPhone; CPU iPhone OS 11_4_1 like Mac OS X) AppleWebKit/605.1.15 (KHTML, like Gecko) Version/11.0 Mobile/15E148 Safari/604.1" "-"
178.10.86.0 - - [06/Aug/2018:03:14:56 +0200] "GET /wp-content/themes/fcs/images/production/Fussball_Production.jpg?ver=1487205002 HTTP/1.1" 200 24902 www.fc-schnaittach.de "https://www.fc-schnaittach.de/" "Mozilla/5.0 (iPhone; CPU iPhone OS 11_4_1 like Mac OS X) AppleWebKit/605.1.15 (KHTML, like Gecko) Version/11.0 Mobile/15E148 Safari/604.1" "-"
178.10.86.0 - - [06/Aug/2018:03:14:56 +0200] "GET /wp-content/themes/fcs/images/production/Wandern_Production.jpg?ver=1487205003 HTTP/1.1" 200 16247 www.fc-schnaittach.de "https://www.fc-schnaittach.de/" "Mozilla/5.0 (iPhone; CPU iPhone OS 11_4_1 like Mac OS X) AppleWebKit/605.1.15 (KHTML, like Gecko) Version/11.0 Mobile/15E148 Safari/604.1" "-"
178.10.86.0 - - [06/Aug/2018:03:14:56 +0200] "GET /wp-content/themes/fcs/images/production/Budo_Production.jpg?ver=1487205003 HTTP/1.1" 200 9924 www.fc-schnaittach.de "https://www.fc-schnaittach.de/" "Mozilla/5.0 (iPhone; CPU iPhone OS 11_4_1 like Mac OS X) AppleWebKit/605.1.15 (KHTML, like Gecko) Version/11.0 Mobile/15E148 Safari/604.1" "-"
178.10.86.0 - - [06/Aug/2018:03:14:56 +0200] "GET /wp-content/themes/fcs/images/production/Zumba_Production.jpg?ver=1487205003 HTTP/1.1" 200 54365 www.fc-schnaittach.de "https://www.fc-schnaittach.de/" "Mozilla/5.0 (iPhone; CPU iPhone OS 11_4_1 like Mac OS X) AppleWebKit/605.1.15 (KHTML, like Gecko) Version/11.0 Mobile/15E148 Safari/604.1" "-"
178.10.86.0 - - [06/Aug/2018:03:14:56 +0200] "GET /wp-content/themes/fcs/images/production/Karate_Production.jpg?ver=1487205002 HTTP/1.1" 200 16055 www.fc-schnaittach.de "https://www.fc-schnaittach.de/" "Mozilla/5.0 (iPhone; CPU iPhone OS 11_4_1 like Mac OS X) AppleWebKit/605.1.15 (KHTML, like Gecko) Version/11.0 Mobile/15E148 Safari/604.1" "-"
178.10.86.0 - - [06/Aug/2018:03:14:56 +0200] "GET /wp-content/uploads/2018/05/SAM_1762-002-300x225.jpg HTTP/1.1" 200 22206 www.fc-schnaittach.de "https://www.fc-schnaittach.de/" "Mozilla/5.0 (iPhone; CPU iPhone OS 11_4_1 like Mac OS X) AppleWebKit/605.1.15 (KHTML, like Gecko) Version/11.0 Mobile/15E148 Safari/604.1" "-"
178.10.86.0 - - [06/Aug/2018:03:14:58 +0200] "GET /1-mannschaft/ HTTP/1.1" 301 23 www.fc-schnaittach.de "https://www.fc-schnaittach.de/" "Mozilla/5.0 (iPhone; CPU iPhone OS 11_4_1 like Mac OS X) AppleWebKit/605.1.15 (KHTML, like Gecko) Version/11.0 Mobile/15E148 Safari/604.1" "-"
178.10.86.0 - - [06/Aug/2018:03:14:59 +0200] "GET /fussball/1-mannschaft/ HTTP/1.1" 200 7400 www.fc-schnaittach.de "https://www.fc-schnaittach.de/" "Mozilla/5.0 (iPhone; CPU iPhone OS 11_4_1 like Mac OS X) AppleWebKit/605.1.15 (KHTML, like Gecko) Version/11.0 Mobile/15E148 Safari/604.1" "-"
178.10.86.0 - - [06/Aug/2018:03:14:59 +0200] "GET /wp-content/uploads/2015/04/BFV.png HTTP/1.1" 301 272 www.fc-schnaittach.de "-" "Mozilla/5.0 (iPhone; CPU iPhone OS 11_4_1 like Mac OS X) AppleWebKit/605.1.15 (KHTML, like Gecko) Version/11.0 Mobile/15E148 Safari/604.1" "-"
178.10.86.0 - - [06/Aug/2018:03:14:59 +0200] "GET /wp-content/uploads/2015/04/feedIcon.png HTTP/1.1" 301 277 www.fc-schnaittach.de "-" "Mozilla/5.0 (iPhone; CPU iPhone OS 11_4_1 like Mac OS X) AppleWebKit/605.1.15 (KHTML, like Gecko) Version/11.0 Mobile/15E148 Safari/604.1" "-"
178.10.86.0 - - [06/Aug/2018:03:14:59 +0200] "GET /wp-content/uploads/2015/04/feedIcon.png HTTP/1.1" 200 1211 www.fc-schnaittach.de "-" "Mozilla/5.0 (iPhone; CPU iPhone OS 11_4_1 like Mac OS X) AppleWebKit/605.1.15 (KHTML, like Gecko) Version/11.0 Mobile/15E148 Safari/604.1" "-"
178.10.86.0 - - [06/Aug/2018:03:14:59 +0200] "GET /wp-content/uploads/2015/04/BFV.png HTTP/1.1" 200 5443 www.fc-schnaittach.de "-" "Mozilla/5.0 (iPhone; CPU iPhone OS 11_4_1 like Mac OS X) AppleWebKit/605.1.15 (KHTML, like Gecko) Version/11.0 Mobile/15E148 Safari/604.1" "-"
178.10.86.0 - - [06/Aug/2018:03:15:04 +0200] "GET /category/news/fussball/ HTTP/1.1" 200 9672 www.fc-schnaittach.de "https://www.fc-schnaittach.de/fussball/1-mannschaft/" "Mozilla/5.0 (iPhone; CPU iPhone OS 11_4_1 like Mac OS X) AppleWebKit/605.1.15 (KHTML, like Gecko) Version/11.0 Mobile/15E148 Safari/604.1" "-"
178.10.86.0 - - [06/Aug/2018:03:15:05 +0200] "GET /wp-content/themes/fcs/images/production/WappenThumbnail.png HTTP/1.1" 200 13158 www.fc-schnaittach.de "https://www.fc-schnaittach.de/category/news/fussball/" "Mozilla/5.0 (iPhone; CPU iPhone OS 11_4_1 like Mac OS X) AppleWebKit/605.1.15 (KHTML, like Gecko) Version/11.0 Mobile/15E148 Safari/604.1" "-"
178.10.86.0 - - [06/Aug/2018:03:15:16 +0200] "GET /wp-content/uploads/2017/06/Sporterlebnistag_04-4-300x189.jpg HTTP/1.1" 200 17229 www.fc-schnaittach.de "https://www.fc-schnaittach.de/category/news/fussball/" "Mozilla/5.0 (iPhone; CPU iPhone OS 11_4_1 like Mac OS X) AppleWebKit/605.1.15 (KHTML, like Gecko) Version/11.0 Mobile/15E148 Safari/604.1" "-"
178.10.86.0 - - [06/Aug/2018:03:15:24 +0200] "GET /wp-content/uploads/2016/05/NeuerTrainier2-1-300x225.jpg HTTP/1.1" 200 18279 www.fc-schnaittach.de "https://www.fc-schnaittach.de/category/news/fussball/" "Mozilla/5.0 (iPhone; CPU iPhone OS 11_4_1 like Mac OS X) AppleWebKit/605.1.15 (KHTML, like Gecko) Version/11.0 Mobile/15E148 Safari/604.1" "-"
178.10.86.0 - - [06/Aug/2018:03:15:24 +0200] "GET /wp-content/uploads/2016/01/DFB-Logo_4c_zweiz-mittig_pos_06-300x255.jpg HTTP/1.1" 200 17777 www.fc-schnaittach.de "https://www.fc-schnaittach.de/category/news/fussball/" "Mozilla/5.0 (iPhone; CPU iPhone OS 11_4_1 like Mac OS X) AppleWebKit/605.1.15 (KHTML, like Gecko) Version/11.0 Mobile/15E148 Safari/604.1" "-"
178.10.86.0 - - [06/Aug/2018:03:15:29 +0200] "GET /fussball/1-mannschaft/facebook-news/ HTTP/1.1" 200 6932 www.fc-schnaittach.de "https://www.fc-schnaittach.de/category/news/fussball/" "Mozilla/5.0 (iPhone; CPU iPhone OS 11_4_1 like Mac OS X) AppleWebKit/605.1.15 (KHTML, like Gecko) Version/11.0 Mobile/15E148 Safari/604.1" "-"
157.55.39.0 - - [06/Aug/2018:03:19:48 +0200] "GET /wp-content/uploads/2015/03/P1020683.jpg HTTP/1.1" 301 277 www.fc-schnaittach.de "-" "Mozilla/5.0 (compatible; bingbot/2.0; +http://www.bing.com/bingbot.htm)" "-"
157.55.39.0 - - [06/Aug/2018:03:19:49 +0200] "GET /wp-content/uploads/2015/03/P1020683.jpg HTTP/1.1" 200 25610 www.fc-schnaittach.de "-" "Mozilla/5.0 (compatible; bingbot/2.0; +http://www.bing.com/bingbot.htm)" "-"
66.249.93.0 - - [06/Aug/2018:03:24:09 +0200] "GET / HTTP/1.1" 301 238 fc-schnaittach.de "-" "Mozilla/5.0 (X11; Linux x86_64) AppleWebKit/537.36 (KHTML, like Gecko) Chrome/49.0.2623.75 Safari/537.36 Google Favicon" "-"
217.160.63.0 - - [06/Aug/2018:03:24:09 +0200] "POST /wp-cron.php?doing_wp_cron=1533518649.5597789287567138671875 HTTP/1.1" 200 23 www.fc-schnaittach.de "https://www.fc-schnaittach.de/wp-cron.php?doing_wp_cron=1533518649.5597789287567138671875" "WordPress/4.9.8; https://www.fc-schnaittach.de" "-"
66.249.93.0 - - [06/Aug/2018:03:24:09 +0200] "GET / HTTP/1.1" 200 7768 www.fc-schnaittach.de "-" "Mozilla/5.0 (X11; Linux x86_64) AppleWebKit/537.36 (KHTML, like Gecko) Chrome/49.0.2623.75 Safari/537.36 Google Favicon" "-"
66.249.93.0 - - [06/Aug/2018:03:24:10 +0200] "GET /wp-content/themes/fcs/images/production/FcsWappen.ico?ver=1420564287 HTTP/1.1" 200 4606 www.fc-schnaittach.de "-" "Mozilla/5.0 (X11; Linux x86_64) AppleWebKit/537.36 (KHTML, like Gecko) Chrome/49.0.2623.75 Safari/537.36 Google Favicon" "-"
54.36.148.0 - - [06/Aug/2018:03:25:22 +0200] "GET /tag/sponsoren/feed/ HTTP/1.1" 200 1427 www.fc-schnaittach.de "-" "Mozilla/5.0 (compatible; AhrefsBot/5.2; +http://ahrefs.com/robot/)" "-"
157.55.39.0 - - [06/Aug/2018:03:25:50 +0200] "GET /wp-content/uploads/2015/03/P1020609.jpg HTTP/1.1" 301 277 www.fc-schnaittach.de "-" "Mozilla/5.0 (compatible; bingbot/2.0; +http://www.bing.com/bingbot.htm)" "-"
54.36.148.0 - - [06/Aug/2018:03:25:50 +0200] "GET /wp-content/uploads/2018/06/12.jpg HTTP/1.1" 200 153432 www.fc-schnaittach.de "-" "Mozilla/5.0 (compatible; AhrefsBot/5.2; +http://ahrefs.com/robot/)" "-"
157.55.39.0 - - [06/Aug/2018:03:25:51 +0200] "GET /wp-content/uploads/2015/03/P1020609.jpg HTTP/1.1" 200 29137 www.fc-schnaittach.de "-" "Mozilla/5.0 (compatible; bingbot/2.0; +http://www.bing.com/bingbot.htm)" "-"
185.203.240.0 - - [06/Aug/2018:03:26:38 +0200] "HEAD / HTTP/1.1" 301 - www.fc-schnaittach.de "https://www.rodecs.com.ua/products/vanni-otdelnostoyaschie" "Mozilla/4.0 (compatible; MSIE2.00; Windows 2008)" "-"
77.220.215.0 - - [06/Aug/2018:03:26:38 +0200] "HEAD / HTTP/1.1" 301 - www.fc-schnaittach.de "https://autorazborka.kiev.ua/Products/3/kommutator" "Mozilla/2.0 (compatible; MSIE2.00; Windows 2005)" "-"
207.46.13.0 - - [06/Aug/2018:03:28:50 +0200] "GET /weihnachtsfeier-2016/ HTTP/1.1" 200 6934 www.fc-schnaittach.de "-" "Mozilla/5.0 (compatible; bingbot/2.0; +http://www.bing.com/bingbot.htm)" "-"
185.209.20.0 - - [06/Aug/2018:03:30:03 +0200] "HEAD / HTTP/1.1" 301 - www.fc-schnaittach.de "https://best-mam.ru/bortiki-v-krovatku-akciya-dnya-30/301-bamper-v-krovatku-sool-car-rozovyj.html" "Mozilla/7.0 (compatible; MSIE2.00; Windows 2006)" "-"
2a03:2880:3100:: - - [06/Aug/2018:03:45:35 +0200] "GET /wp-content/uploads/2018/03/DIN_A6_Flyer_22.02.2018_1.png HTTP/1.1" 200 205587 www.fc-schnaittach.de "-" "facebookexternalhit/1.1 (+http://www.facebook.com/externalhit_uatext.php)" "-"
207.46.13.0 - - [06/Aug/2018:03:46:15 +0200] "GET /wp-content/uploads/2014/10/P1160487.jpg HTTP/1.1" 301 277 www.fc-schnaittach.de "-" "Mozilla/5.0 (compatible; bingbot/2.0; +http://www.bing.com/bingbot.htm)" "-"
207.46.13.0 - - [06/Aug/2018:03:46:16 +0200] "GET /wp-content/uploads/2014/10/P1160487.jpg HTTP/1.1" 200 487239 www.fc-schnaittach.de "-" "Mozilla/5.0 (compatible; bingbot/2.0; +http://www.bing.com/bingbot.htm)" "-"
85.25.210.0 - - [06/Aug/2018:03:56:57 +0200] "GET /robots.txt HTTP/1.1" 301 248 www.fc-schnaittach.de "-" "Mozilla/5.0 (Windows NT 6.1; WOW64) AppleWebKit/537.36 (KHTML, like Gecko) Chrome/37.0.2062.120 Safari/537.36" "-"
85.25.210.0 - - [06/Aug/2018:03:56:57 +0200] "GET /robots.txt HTTP/1.1" 200 35 www.fc-schnaittach.de "-" "Mozilla/5.0 (Windows NT 6.1; WOW64) AppleWebKit/537.36 (KHTML, like Gecko) Chrome/37.0.2062.120 Safari/537.36" "-"
85.25.210.0 - - [06/Aug/2018:03:56:58 +0200] "GET /robots.txt HTTP/1.1" 301 248 www.fc-schnaittach.de "-" "Mozilla/5.0 (compatible; adscanner/)" "-"
85.25.210.0 - - [06/Aug/2018:03:57:00 +0200] "GET /robots.txt HTTP/1.1" 200 35 www.fc-schnaittach.de "-" "Mozilla/5.0 (Windows NT 6.1; WOW64) AppleWebKit/537.36 (KHTML, like Gecko) Chrome/37.0.2062.120 Safari/537.36" "-"
85.25.210.0 - - [06/Aug/2018:03:57:00 +0200] "GET /robots.txt HTTP/1.1" 200 35 www.fc-schnaittach.de "-" "Mozilla/5.0 (compatible; adscanner/)" "-"
85.25.210.0 - - [06/Aug/2018:03:57:01 +0200] "GET /wp-content/uploads/2018/06/12-768x768.jpg HTTP/1.1" 301 279 www.fc-schnaittach.de "-" "Mozilla/5.0 (compatible; adscanner/)" "-"
85.25.210.0 - - [06/Aug/2018:03:57:03 +0200] "GET /wp-content/uploads/2018/06/12-768x768.jpg HTTP/1.1" 200 128116 www.fc-schnaittach.de "-" "Mozilla/5.0 (Windows NT 6.1; WOW64) AppleWebKit/537.36 (KHTML, like Gecko) Chrome/37.0.2062.120 Safari/537.36" "-"
94.130.71.0 - - [06/Aug/2018:03:57:04 +0200] "GET /wp-content/uploads/2018/06/12-768x768.jpg HTTP/1.1" 200 128116 www.fc-schnaittach.de "-" "Java/1.8.0_151" "-"
85.25.210.0 - - [06/Aug/2018:03:57:04 +0200] "GET /wp-content/uploads/2018/06/12-768x768.jpg HTTP/1.1" 200 128116 www.fc-schnaittach.de "-" "Mozilla/5.0 (compatible; adscanner/)" "-"
40.77.167.0 - - [06/Aug/2018:03:59:39 +0200] "GET /wp-content/uploads/2014/10/DSC03512-e1430394723773.jpg HTTP/1.1" 301 292 www.fc-schnaittach.de "-" "Mozilla/5.0 (compatible; bingbot/2.0; +http://www.bing.com/bingbot.htm)" "-"
