2001:16b8:2600:: - - [04/Aug/2018:07:25:12 +0200] "GET /wp-content/uploads/2018/07/34.jpg HTTP/1.1" 200 73090 www.fc-schnaittach.de "https://www.fc-schnaittach.de/dragonrun/" "Mozilla/5.0 (Linux; Android 8.0.0; SAMSUNG SM-A600FN Build/R16NW) AppleWebKit/537.36 (KHTML, like Gecko) SamsungBrowser/7.2 Chrome/59.0.3071.125 Mobile Safari/537.36" "-"
2001:16b8:2600:: - - [04/Aug/2018:07:25:12 +0200] "GET /wp-content/uploads/2018/07/36-768x287.jpg HTTP/1.1" 200 39248 www.fc-schnaittach.de "https://www.fc-schnaittach.de/dragonrun/" "Mozilla/5.0 (Linux; Android 8.0.0; SAMSUNG SM-A600FN Build/R16NW) AppleWebKit/537.36 (KHTML, like Gecko) SamsungBrowser/7.2 Chrome/59.0.3071.125 Mobile Safari/537.36" "-"
2001:16b8:2600:: - - [04/Aug/2018:07:25:12 +0200] "GET /wp-content/uploads/2018/03/Gel%C3%A4ndekarte_8-768x445.png HTTP/1.1" 200 263795 www.fc-schnaittach.de "https://www.fc-schnaittach.de/dragonrun/" "Mozilla/5.0 (Linux; Android 8.0.0; SAMSUNG SM-A600FN Build/R16NW) AppleWebKit/537.36 (KHTML, like Gecko) SamsungBrowser/7.2 Chrome/59.0.3071.125 Mobile Safari/537.36" "-"
2001:16b8:2600:: - - [04/Aug/2018:07:25:12 +0200] "GET /wp-content/uploads/2018/05/Dragonzone_1-768x554.png HTTP/1.1" 200 337224 www.fc-schnaittach.de "https://www.fc-schnaittach.de/dragonrun/" "Mozilla/5.0 (Linux; Android 8.0.0; SAMSUNG SM-A600FN Build/R16NW) AppleWebKit/537.36 (KHTML, like Gecko) SamsungBrowser/7.2 Chrome/59.0.3071.125 Mobile Safari/537.36" "-"
2001:16b8:2600:: - - [04/Aug/2018:07:25:12 +0200] "GET /wp-content/uploads/2018/06/Hindernisverteilung-2-768x576.png HTTP/1.1" 200 365228 www.fc-schnaittach.de "https://www.fc-schnaittach.de/dragonrun/" "Mozilla/5.0 (Linux; Android 8.0.0; SAMSUNG SM-A600FN Build/R16NW) AppleWebKit/537.36 (KHTML, like Gecko) SamsungBrowser/7.2 Chrome/59.0.3071.125 Mobile Safari/537.36" "-"
2001:16b8:2600:: - - [04/Aug/2018:07:25:12 +0200] "GET /wp-content/uploads/2018/06/SBC-Flyer-Spendenziel-2018-300x224.png HTTP/1.1" 200 37803 www.fc-schnaittach.de "https://www.fc-schnaittach.de/dragonrun/" "Mozilla/5.0 (Linux; Android 8.0.0; SAMSUNG SM-A600FN Build/R16NW) AppleWebKit/537.36 (KHTML, like Gecko) SamsungBrowser/7.2 Chrome/59.0.3071.125 Mobile Safari/537.36" "-"
2001:16b8:2600:: - - [04/Aug/2018:07:25:12 +0200] "GET /wp-content/uploads/2018/06/DragonRun-Shirt_2-768x472.png HTTP/1.1" 200 114082 www.fc-schnaittach.de "https://www.fc-schnaittach.de/dragonrun/" "Mozilla/5.0 (Linux; Android 8.0.0; SAMSUNG SM-A600FN Build/R16NW) AppleWebKit/537.36 (KHTML, like Gecko) SamsungBrowser/7.2 Chrome/59.0.3071.125 Mobile Safari/537.36" "-"
2001:16b8:2600:: - - [04/Aug/2018:07:25:12 +0200] "GET /wp-content/uploads/2018/06/13-768x768.jpg HTTP/1.1" 200 134948 www.fc-schnaittach.de "https://www.fc-schnaittach.de/dragonrun/" "Mozilla/5.0 (Linux; Android 8.0.0; SAMSUNG SM-A600FN Build/R16NW) AppleWebKit/537.36 (KHTML, like Gecko) SamsungBrowser/7.2 Chrome/59.0.3071.125 Mobile Safari/537.36" "-"
2001:16b8:2600:: - - [04/Aug/2018:07:25:12 +0200] "GET /wp-content/uploads/2018/07/21-768x768.jpg HTTP/1.1" 200 161778 www.fc-schnaittach.de "https://www.fc-schnaittach.de/dragonrun/" "Mozilla/5.0 (Linux; Android 8.0.0; SAMSUNG SM-A600FN Build/R16NW) AppleWebKit/537.36 (KHTML, like Gecko) SamsungBrowser/7.2 Chrome/59.0.3071.125 Mobile Safari/537.36" "-"
2001:16b8:2600:: - - [04/Aug/2018:07:25:12 +0200] "GET /wp-content/uploads/2018/05/Small_Wall_1-768x768.jpg HTTP/1.1" 200 126002 www.fc-schnaittach.de "https://www.fc-schnaittach.de/dragonrun/" "Mozilla/5.0 (Linux; Android 8.0.0; SAMSUNG SM-A600FN Build/R16NW) AppleWebKit/537.36 (KHTML, like Gecko) SamsungBrowser/7.2 Chrome/59.0.3071.125 Mobile Safari/537.36" "-"
217.160.63.0 - - [04/Aug/2018:07:25:12 +0200] "HEAD /wp-content/uploads/2018/06/13-300x300.jpg HTTP/1.1" 200 - www.fc-schnaittach.de "https://www.fc-schnaittach.de" "Mozilla/5.0 (compatible; MSIE 9.0; Windows NT 6.1; WOW64; Trident/5.0)" "-"
2001:16b8:2600:: - - [04/Aug/2018:07:25:12 +0200] "GET /wp-content/uploads/2018/05/Rock_your_hair_Chevy_1-768x768.png HTTP/1.1" 200 733340 www.fc-schnaittach.de "https://www.fc-schnaittach.de/dragonrun/" "Mozilla/5.0 (Linux; Android 8.0.0; SAMSUNG SM-A600FN Build/R16NW) AppleWebKit/537.36 (KHTML, like Gecko) SamsungBrowser/7.2 Chrome/59.0.3071.125 Mobile Safari/537.36" "-"
2001:16b8:2600:: - - [04/Aug/2018:07:25:12 +0200] "GET /wp-content/uploads/2018/05/3-1-768x768.jpg HTTP/1.1" 200 144876 www.fc-schnaittach.de "https://www.fc-schnaittach.de/dragonrun/" "Mozilla/5.0 (Linux; Android 8.0.0; SAMSUNG SM-A600FN Build/R16NW) AppleWebKit/537.36 (KHTML, like Gecko) SamsungBrowser/7.2 Chrome/59.0.3071.125 Mobile Safari/537.36" "-"
2001:16b8:2600:: - - [04/Aug/2018:07:25:12 +0200] "GET /wp-content/uploads/2018/05/4-768x770.jpg HTTP/1.1" 200 123516 www.fc-schnaittach.de "https://www.fc-schnaittach.de/dragonrun/" "Mozilla/5.0 (Linux; Android 8.0.0; SAMSUNG SM-A600FN Build/R16NW) AppleWebKit/537.36 (KHTML, like Gecko) SamsungBrowser/7.2 Chrome/59.0.3071.125 Mobile Safari/537.36" "-"
2001:16b8:2600:: - - [04/Aug/2018:07:25:13 +0200] "GET /wp-content/uploads/2018/07/23.jpg HTTP/1.1" 200 119173 www.fc-schnaittach.de "https://www.fc-schnaittach.de/dragonrun/" "Mozilla/5.0 (Linux; Android 8.0.0; SAMSUNG SM-A600FN Build/R16NW) AppleWebKit/537.36 (KHTML, like Gecko) SamsungBrowser/7.2 Chrome/59.0.3071.125 Mobile Safari/537.36" "-"
2001:16b8:2600:: - - [04/Aug/2018:07:25:13 +0200] "GET /wp-content/uploads/2018/05/6-768x576.jpg HTTP/1.1" 200 126531 www.fc-schnaittach.de "https://www.fc-schnaittach.de/dragonrun/" "Mozilla/5.0 (Linux; Android 8.0.0; SAMSUNG SM-A600FN Build/R16NW) AppleWebKit/537.36 (KHTML, like Gecko) SamsungBrowser/7.2 Chrome/59.0.3071.125 Mobile Safari/537.36" "-"
2001:16b8:2600:: - - [04/Aug/2018:07:25:13 +0200] "GET /wp-content/uploads/2018/05/4-1-768x768.jpg HTTP/1.1" 200 129805 www.fc-schnaittach.de "https://www.fc-schnaittach.de/dragonrun/" "Mozilla/5.0 (Linux; Android 8.0.0; SAMSUNG SM-A600FN Build/R16NW) AppleWebKit/537.36 (KHTML, like Gecko) SamsungBrowser/7.2 Chrome/59.0.3071.125 Mobile Safari/537.36" "-"
2001:16b8:2600:: - - [04/Aug/2018:07:25:13 +0200] "GET /wp-content/uploads/2018/06/6.jpg HTTP/1.1" 200 79659 www.fc-schnaittach.de "https://www.fc-schnaittach.de/dragonrun/" "Mozilla/5.0 (Linux; Android 8.0.0; SAMSUNG SM-A600FN Build/R16NW) AppleWebKit/537.36 (KHTML, like Gecko) SamsungBrowser/7.2 Chrome/59.0.3071.125 Mobile Safari/537.36" "-"
2001:16b8:2600:: - - [04/Aug/2018:07:25:13 +0200] "GET /wp-content/uploads/2018/06/9-768x768.jpg HTTP/1.1" 200 152896 www.fc-schnaittach.de "https://www.fc-schnaittach.de/dragonrun/" "Mozilla/5.0 (Linux; Android 8.0.0; SAMSUNG SM-A600FN Build/R16NW) AppleWebKit/537.36 (KHTML, like Gecko) SamsungBrowser/7.2 Chrome/59.0.3071.125 Mobile Safari/537.36" "-"
2001:16b8:2600:: - - [04/Aug/2018:07:25:13 +0200] "GET /wp-content/uploads/2018/07/19.jpg HTTP/1.1" 200 201270 www.fc-schnaittach.de "https://www.fc-schnaittach.de/dragonrun/" "Mozilla/5.0 (Linux; Android 8.0.0; SAMSUNG SM-A600FN Build/R16NW) AppleWebKit/537.36 (KHTML, like Gecko) SamsungBrowser/7.2 Chrome/59.0.3071.125 Mobile Safari/537.36" "-"
2001:16b8:2600:: - - [04/Aug/2018:07:25:13 +0200] "GET /wp-content/uploads/2018/06/10-768x768.jpg HTTP/1.1" 200 179182 www.fc-schnaittach.de "https://www.fc-schnaittach.de/dragonrun/" "Mozilla/5.0 (Linux; Android 8.0.0; SAMSUNG SM-A600FN Build/R16NW) AppleWebKit/537.36 (KHTML, like Gecko) SamsungBrowser/7.2 Chrome/59.0.3071.125 Mobile Safari/537.36" "-"
2001:16b8:2600:: - - [04/Aug/2018:07:25:13 +0200] "GET /wp-content/uploads/2018/06/11-768x768.jpg HTTP/1.1" 200 173835 www.fc-schnaittach.de "https://www.fc-schnaittach.de/dragonrun/" "Mozilla/5.0 (Linux; Android 8.0.0; SAMSUNG SM-A600FN Build/R16NW) AppleWebKit/537.36 (KHTML, like Gecko) SamsungBrowser/7.2 Chrome/59.0.3071.125 Mobile Safari/537.36" "-"
2001:16b8:2600:: - - [04/Aug/2018:07:25:13 +0200] "GET /wp-content/uploads/2018/06/12-768x768.jpg HTTP/1.1" 200 128116 www.fc-schnaittach.de "https://www.fc-schnaittach.de/dragonrun/" "Mozilla/5.0 (Linux; Android 8.0.0; SAMSUNG SM-A600FN Build/R16NW) AppleWebKit/537.36 (KHTML, like Gecko) SamsungBrowser/7.2 Chrome/59.0.3071.125 Mobile Safari/537.36" "-"
2001:16b8:2600:: - - [04/Aug/2018:07:25:13 +0200] "GET /wp-content/uploads/2018/06/15-768x766.jpg HTTP/1.1" 200 175244 www.fc-schnaittach.de "https://www.fc-schnaittach.de/dragonrun/" "Mozilla/5.0 (Linux; Android 8.0.0; SAMSUNG SM-A600FN Build/R16NW) AppleWebKit/537.36 (KHTML, like Gecko) SamsungBrowser/7.2 Chrome/59.0.3071.125 Mobile Safari/537.36" "-"
2001:16b8:2600:: - - [04/Aug/2018:07:25:13 +0200] "GET /wp-content/uploads/2018/06/17-768x768.jpg HTTP/1.1" 200 90438 www.fc-schnaittach.de "https://www.fc-schnaittach.de/dragonrun/" "Mozilla/5.0 (Linux; Android 8.0.0; SAMSUNG SM-A600FN Build/R16NW) AppleWebKit/537.36 (KHTML, like Gecko) SamsungBrowser/7.2 Chrome/59.0.3071.125 Mobile Safari/537.36" "-"
2001:16b8:2600:: - - [04/Aug/2018:07:25:13 +0200] "GET /wp-content/uploads/2018/07/25-768x768.jpg HTTP/1.1" 200 147793 www.fc-schnaittach.de "https://www.fc-schnaittach.de/dragonrun/" "Mozilla/5.0 (Linux; Android 8.0.0; SAMSUNG SM-A600FN Build/R16NW) AppleWebKit/537.36 (KHTML, like Gecko) SamsungBrowser/7.2 Chrome/59.0.3071.125 Mobile Safari/537.36" "-"
2001:16b8:2600:: - - [04/Aug/2018:07:25:13 +0200] "GET /wp-content/uploads/2018/07/20-768x768.jpg HTTP/1.1" 200 212788 www.fc-schnaittach.de "https://www.fc-schnaittach.de/dragonrun/" "Mozilla/5.0 (Linux; Android 8.0.0; SAMSUNG SM-A600FN Build/R16NW) AppleWebKit/537.36 (KHTML, like Gecko) SamsungBrowser/7.2 Chrome/59.0.3071.125 Mobile Safari/537.36" "-"
2001:16b8:2600:: - - [04/Aug/2018:07:25:14 +0200] "GET /wp-content/uploads/2018/07/IMG_0056-768x768.jpg HTTP/1.1" 200 164367 www.fc-schnaittach.de "https://www.fc-schnaittach.de/dragonrun/" "Mozilla/5.0 (Linux; Android 8.0.0; SAMSUNG SM-A600FN Build/R16NW) AppleWebKit/537.36 (KHTML, like Gecko) SamsungBrowser/7.2 Chrome/59.0.3071.125 Mobile Safari/537.36" "-"
2001:16b8:2600:: - - [04/Aug/2018:07:25:14 +0200] "GET /wp-content/uploads/2018/07/IMG_0095-768x768.jpg HTTP/1.1" 200 184969 www.fc-schnaittach.de "https://www.fc-schnaittach.de/dragonrun/" "Mozilla/5.0 (Linux; Android 8.0.0; SAMSUNG SM-A600FN Build/R16NW) AppleWebKit/537.36 (KHTML, like Gecko) SamsungBrowser/7.2 Chrome/59.0.3071.125 Mobile Safari/537.36" "-"
2001:16b8:2600:: - - [04/Aug/2018:07:25:14 +0200] "GET /wp-content/uploads/2018/07/IMG_0096-768x768.jpg HTTP/1.1" 200 209110 www.fc-schnaittach.de "https://www.fc-schnaittach.de/dragonrun/" "Mozilla/5.0 (Linux; Android 8.0.0; SAMSUNG SM-A600FN Build/R16NW) AppleWebKit/537.36 (KHTML, like Gecko) SamsungBrowser/7.2 Chrome/59.0.3071.125 Mobile Safari/537.36" "-"
2001:16b8:2600:: - - [04/Aug/2018:07:25:14 +0200] "GET /wp-content/uploads/2018/07/26-768x769.jpg HTTP/1.1" 200 104865 www.fc-schnaittach.de "https://www.fc-schnaittach.de/dragonrun/" "Mozilla/5.0 (Linux; Android 8.0.0; SAMSUNG SM-A600FN Build/R16NW) AppleWebKit/537.36 (KHTML, like Gecko) SamsungBrowser/7.2 Chrome/59.0.3071.125 Mobile Safari/537.36" "-"
2001:16b8:2600:: - - [04/Aug/2018:07:25:14 +0200] "GET /wp-content/uploads/2018/07/27-768x768.jpg HTTP/1.1" 200 70597 www.fc-schnaittach.de "https://www.fc-schnaittach.de/dragonrun/" "Mozilla/5.0 (Linux; Android 8.0.0; SAMSUNG SM-A600FN Build/R16NW) AppleWebKit/537.36 (KHTML, like Gecko) SamsungBrowser/7.2 Chrome/59.0.3071.125 Mobile Safari/537.36" "-"
2001:16b8:2600:: - - [04/Aug/2018:07:25:14 +0200] "GET /wp-content/uploads/2018/07/IMG_0003-501x1024.jpg HTTP/1.1" 200 150285 www.fc-schnaittach.de "https://www.fc-schnaittach.de/dragonrun/" "Mozilla/5.0 (Linux; Android 8.0.0; SAMSUNG SM-A600FN Build/R16NW) AppleWebKit/537.36 (KHTML, like Gecko) SamsungBrowser/7.2 Chrome/59.0.3071.125 Mobile Safari/537.36" "-"
2001:16b8:2600:: - - [04/Aug/2018:07:25:14 +0200] "GET /wp-content/uploads/2018/04/Werbebanner_1-768x766.jpg HTTP/1.1" 200 153241 www.fc-schnaittach.de "https://www.fc-schnaittach.de/dragonrun/" "Mozilla/5.0 (Linux; Android 8.0.0; SAMSUNG SM-A600FN Build/R16NW) AppleWebKit/537.36 (KHTML, like Gecko) SamsungBrowser/7.2 Chrome/59.0.3071.125 Mobile Safari/537.36" "-"
2001:16b8:2600:: - - [04/Aug/2018:07:25:14 +0200] "GET /wp-includes/js/wp-emoji-release.min.js?ver=4.9.8 HTTP/1.1" 200 12026 www.fc-schnaittach.de "https://www.fc-schnaittach.de/dragonrun/" "Mozilla/5.0 (Linux; Android 8.0.0; SAMSUNG SM-A600FN Build/R16NW) AppleWebKit/537.36 (KHTML, like Gecko) SamsungBrowser/7.2 Chrome/59.0.3071.125 Mobile Safari/537.36" "-"
159.69.51.0 - - [04/Aug/2018:07:32:06 +0200] "GET /robots.txt HTTP/1.1" 301 248 fc-schnaittach.de "-" "Mozilla/5.0 (Windows NT 10.0; WOW64) AppleWebKit/537.36 (KHTML, like Gecko) Chrome/49.0.2623.75 Safari/537.36 OPR/36.0.2130.32" "-"
159.69.51.0 - - [04/Aug/2018:07:32:06 +0200] "GET / HTTP/1.1" 301 238 fc-schnaittach.de "-" "Mozilla/5.0 (Windows NT 10.0; WOW64) AppleWebKit/537.36 (KHTML, like Gecko) Chrome/49.0.2623.75 Safari/537.36 OPR/36.0.2130.32" "-"
159.69.51.0 - - [04/Aug/2018:07:32:06 +0200] "GET /xmlrpc.php?rsd HTTP/1.1" 301 252 fc-schnaittach.de "-" "Mozilla/5.0 (Windows NT 10.0; WOW64) AppleWebKit/537.36 (KHTML, like Gecko) Chrome/49.0.2623.75 Safari/537.36 OPR/36.0.2130.32" "-"
159.69.51.0 - - [04/Aug/2018:07:32:06 +0200] "GET /blog/robots.txt HTTP/1.1" 200 3 fc-schnaittach.de "-" "Mozilla/5.0 (Windows NT 10.0; WOW64) AppleWebKit/537.36 (KHTML, like Gecko) Chrome/49.0.2623.75 Safari/537.36 OPR/36.0.2130.32" "-"
159.69.51.0 - - [04/Aug/2018:07:32:06 +0200] "GET /blog/ HTTP/1.1" 200 3 fc-schnaittach.de "-" "Mozilla/5.0 (Windows NT 10.0; WOW64) AppleWebKit/537.36 (KHTML, like Gecko) Chrome/49.0.2623.75 Safari/537.36 OPR/36.0.2130.32" "-"
159.69.51.0 - - [04/Aug/2018:07:32:06 +0200] "GET /wordpress/ HTTP/1.1" 200 3 fc-schnaittach.de "-" "Mozilla/5.0 (Windows NT 10.0; WOW64) AppleWebKit/537.36 (KHTML, like Gecko) Chrome/49.0.2623.75 Safari/537.36 OPR/36.0.2130.32" "-"
159.69.51.0 - - [04/Aug/2018:07:32:07 +0200] "GET /wp/ HTTP/1.1" 200 3 fc-schnaittach.de "-" "Mozilla/5.0 (Windows NT 10.0; WOW64) AppleWebKit/537.36 (KHTML, like Gecko) Chrome/49.0.2623.75 Safari/537.36 OPR/36.0.2130.32" "-"
77.220.215.0 - - [04/Aug/2018:07:42:45 +0200] "HEAD / HTTP/1.1" 301 - www.fc-schnaittach.de "http://electro-tobacco.com/elektronnie-cigareti/" "Mozilla/4.0 (compatible; MSIE3.00; Windows 2002)" "-"
77.220.213.0 - - [04/Aug/2018:07:42:45 +0200] "HEAD / HTTP/1.1" 301 - www.fc-schnaittach.de "https://kovrenok.ru/catalog/kovry-pranjali-carpet/" "Mozilla/4.0 (compatible; MSIE2.00; Windows 2007)" "-"
185.203.240.0 - - [04/Aug/2018:07:42:45 +0200] "HEAD / HTTP/1.1" 301 - www.fc-schnaittach.de "https://criptoblog.ru/mining/" "Mozilla/2.0 (compatible; MSIE2.00; Windows 2003)" "-"
66.249.66.0 - - [04/Aug/2018:07:47:23 +0200] "GET /tischtennis/ HTTP/1.1" 200 6023 www.fc-schnaittach.de "-" "Mozilla/5.0 (Linux; Android 6.0.1; Nexus 5X Build/MMB29P) AppleWebKit/537.36 (KHTML, like Gecko) Chrome/41.0.2272.96 Mobile Safari/537.36 (compatible; Googlebot/2.1; +http://www.google.com/bot.html)" "-"
178.159.43.0 - - [04/Aug/2018:07:49:32 +0200] "HEAD / HTTP/1.1" 301 - www.fc-schnaittach.de "http://senoopt.pro" "Mozilla/4.0 (compatible; MSIE5.00; Windows 2006)" "-"
157.55.39.0 - - [04/Aug/2018:07:50:57 +0200] "GET /jahresplanung-2016/ HTTP/1.1" 200 6098 www.fc-schnaittach.de "-" "Mozilla/5.0 (compatible; bingbot/2.0; +http://www.bing.com/bingbot.htm)" "-"
207.46.13.0 - - [04/Aug/2018:07:59:31 +0200] "GET /robots.txt HTTP/1.1" 301 248 www.fc-schnaittach.de "-" "Mozilla/5.0 (compatible; bingbot/2.0; +http://www.bing.com/bingbot.htm)" "-"
207.46.13.0 - - [04/Aug/2018:07:59:32 +0200] "GET /robots.txt HTTP/1.1" 200 35 www.fc-schnaittach.de "-" "Mozilla/5.0 (compatible; bingbot/2.0; +http://www.bing.com/bingbot.htm)" "-"
207.46.13.0 - - [04/Aug/2018:08:01:02 +0200] "GET /wp-content/uploads/2016/01/Urkunde-Julius-Hirsch-Preis-2015-page-002-214x300.jpg HTTP/1.1" 301 318 www.fc-schnaittach.de "-" "Mozilla/5.0 (compatible; bingbot/2.0; +http://www.bing.com/bingbot.htm)" "-"
207.46.13.0 - - [04/Aug/2018:08:01:05 +0200] "GET /wp-content/uploads/2016/01/Urkunde-Julius-Hirsch-Preis-2015-page-002-214x300.jpg HTTP/1.1" 200 13579 www.fc-schnaittach.de "-" "Mozilla/5.0 (compatible; bingbot/2.0; +http://www.bing.com/bingbot.htm)" "-"
216.244.66.0 - - [04/Aug/2018:08:02:11 +0200] "GET /robots.txt HTTP/1.1" 301 248 www.fc-schnaittach.de "-" "Mozilla/5.0 (compatible; DotBot/1.1; http://www.opensiteexplorer.org/dotbot, help@moz.com)" "-"
216.244.66.0 - - [04/Aug/2018:08:02:14 +0200] "GET /robots.txt HTTP/1.1" 200 35 www.fc-schnaittach.de "-" "Mozilla/5.0 (compatible; DotBot/1.1; http://www.opensiteexplorer.org/dotbot, help@moz.com)" "-"
207.46.13.0 - - [04/Aug/2018:08:03:33 +0200] "GET /dragonrun/4-3/ HTTP/1.1" 200 194 www.fc-schnaittach.de "-" "Mozilla/5.0 (compatible; bingbot/2.0; +http://www.bing.com/bingbot.htm)" "-"
66.249.66.0 - - [04/Aug/2018:08:08:05 +0200] "GET /fussball/1-mannschaft/galerie/ HTTP/1.1" 200 8821 www.fc-schnaittach.de "-" "Mozilla/5.0 (Linux; Android 6.0.1; Nexus 5X Build/MMB29P) AppleWebKit/537.36 (KHTML, like Gecko) Chrome/41.0.2272.96 Mobile Safari/537.36 (compatible; Googlebot/2.1; +http://www.google.com/bot.html)" "-"
207.46.13.0 - - [04/Aug/2018:08:11:38 +0200] "GET /wp-content/uploads/2016/11/Lea-Britting.jpg HTTP/1.1" 301 281 www.fc-schnaittach.de "-" "Mozilla/5.0 (compatible; bingbot/2.0; +http://www.bing.com/bingbot.htm)" "-"
207.46.13.0 - - [04/Aug/2018:08:11:39 +0200] "GET /wp-content/uploads/2016/11/Lea-Britting.jpg HTTP/1.1" 200 1000122 www.fc-schnaittach.de "-" "Mozilla/5.0 (compatible; bingbot/2.0; +http://www.bing.com/bingbot.htm)" "-"
207.46.13.0 - - [04/Aug/2018:08:14:00 +0200] "GET /dragonrun/3-3/ HTTP/1.1" 200 195 www.fc-schnaittach.de "-" "Mozilla/5.0 (compatible; bingbot/2.0; +http://www.bing.com/bingbot.htm)" "-"
77.75.79.0 - - [04/Aug/2018:08:19:25 +0200] "GET /robots.txt HTTP/1.1" 200 35 www.fc-schnaittach.de "-" "Mozilla/5.0 (compatible; SeznamBot/3.2; +http://napoveda.seznam.cz/en/seznambot-intro/)" "-"
2a02:598:: - - [04/Aug/2018:08:19:26 +0200] "GET /wp-content/uploads/2018/05/Dragonzone_1.png HTTP/1.1" 200 329526 www.fc-schnaittach.de "-" "Mozilla/5.0 (compatible; SeznamBot/3.2; +http://napoveda.seznam.cz/en/seznambot-intro/)" "-"
217.160.63.0 - - [04/Aug/2018:08:23:40 +0200] "POST /wp-cron.php?doing_wp_cron=1533363820.6805450916290283203125 HTTP/1.1" 301 297 www.fc-schnaittach.de "http://www.fc-schnaittach.de/wp-cron.php?doing_wp_cron=1533363820.6805450916290283203125" "WordPress/4.9.8; https://www.fc-schnaittach.de" "-"
54.36.148.0 - - [04/Aug/2018:08:23:40 +0200] "GET /budo-sommerabschluss-mit-freunden/ HTTP/1.1" 200 7207 www.fc-schnaittach.de "-" "Mozilla/5.0 (compatible; AhrefsBot/5.2; +http://ahrefs.com/robot/)" "-"
216.244.66.0 - - [04/Aug/2018:08:26:51 +0200] "GET /robots.txt HTTP/1.1" 301 248 www.fc-schnaittach.de "-" "Mozilla/5.0 (compatible; DotBot/1.1; http://www.opensiteexplorer.org/dotbot, help@moz.com)" "-"
216.244.66.0 - - [04/Aug/2018:08:26:55 +0200] "GET /robots.txt HTTP/1.1" 200 35 www.fc-schnaittach.de "-" "Mozilla/5.0 (compatible; DotBot/1.1; http://www.opensiteexplorer.org/dotbot, help@moz.com)" "-"
217.160.63.0 - - [04/Aug/2018:08:30:01 +0200] "POST /wp-cron.php?doing_wp_cron=1533364201.6412849426269531250000 HTTP/1.1" 301 297 www.fc-schnaittach.de "http://www.fc-schnaittach.de/wp-cron.php?doing_wp_cron=1533364201.6412849426269531250000" "WordPress/4.9.8; https://www.fc-schnaittach.de" "-"
91.134.241.0 - - [04/Aug/2018:08:30:01 +0200] "GET /downloader/ HTTP/1.1" 200 3 fc-schnaittach.de "-" "Mozilla/5.0 (Windows NT 5.1; rv:32.0) Gecko/20100101 Firefox/32.0" "-"
207.46.13.0 - - [04/Aug/2018:08:42:57 +0200] "GET /wp-content/uploads/2014/10/C_Thiem.jpg HTTP/1.1" 301 276 www.fc-schnaittach.de "-" "Mozilla/5.0 (compatible; bingbot/2.0; +http://www.bing.com/bingbot.htm)" "-"
207.46.13.0 - - [04/Aug/2018:08:42:58 +0200] "GET /wp-content/uploads/2014/10/C_Thiem.jpg HTTP/1.1" 200 112163 www.fc-schnaittach.de "-" "Mozilla/5.0 (compatible; bingbot/2.0; +http://www.bing.com/bingbot.htm)" "-"
217.160.63.0 - - [04/Aug/2018:08:50:19 +0200] "POST /wp-cron.php?doing_wp_cron=1533365419.1874289512634277343750 HTTP/1.1" 200 23 www.fc-schnaittach.de "https://www.fc-schnaittach.de/wp-cron.php?doing_wp_cron=1533365419.1874289512634277343750" "WordPress/4.9.8; https://www.fc-schnaittach.de" "-"
66.249.66.0 - - [04/Aug/2018:08:50:19 +0200] "GET /ehrenabend-beim-1-fc-schnaittach/ HTTP/1.1" 200 8110 www.fc-schnaittach.de "-" "Mozilla/5.0 (Linux; Android 6.0.1; Nexus 5X Build/MMB29P) AppleWebKit/537.36 (KHTML, like Gecko) Chrome/41.0.2272.96 Mobile Safari/537.36 (compatible; Googlebot/2.1; +http://www.google.com/bot.html)" "-"
54.36.148.0 - - [04/Aug/2018:08:53:29 +0200] "GET /wp-content/uploads/2014/10/N_Schmitz.jpg HTTP/1.1" 200 136119 www.fc-schnaittach.de "-" "Mozilla/5.0 (compatible; AhrefsBot/5.2; +http://ahrefs.com/robot/)" "-"
77.75.76.0 - - [04/Aug/2018:08:58:14 +0200] "GET /robots.txt HTTP/1.1" 200 35 www.fc-schnaittach.de "-" "Mozilla/5.0 (compatible; SeznamBot/3.2; +http://napoveda.seznam.cz/en/seznambot-intro/)" "-"
2a02:598:: - - [04/Aug/2018:08:58:15 +0200] "GET /wp-content/uploads/2018/06/10.jpg HTTP/1.1" 200 233243 www.fc-schnaittach.de "-" "Mozilla/5.0 (compatible; SeznamBot/3.2; +http://napoveda.seznam.cz/en/seznambot-intro/)" "-"
82.165.74.0 - - [04/Aug/2018:09:02:18 +0200] "GET /feed-auth.php HTTP/1.1" 200 3 fc-schnaittach.de "http://site.ru" "Mozilla/5.0 (Windows; U; Windows NT 5.1; en-US) AppleWebKit/533.4 (KHTML, like Gecko) Chrome/5.0.375.99 Safari/533.4" "-"
66.249.66.0 - - [04/Aug/2018:09:02:38 +0200] "GET / HTTP/1.1" 200 7769 www.fc-schnaittach.de "-" "Mozilla/5.0 (compatible; Googlebot/2.1; +http://www.google.com/bot.html)" "-"
178.159.37.0 - - [04/Aug/2018:09:04:13 +0200] "GET /fussball/damen/ HTTP/1.1" 200 34396 www.fc-schnaittach.de "https://bezprostatita.com/" "Mozilla/4.0 (compatible; MSIE 6.0; Windows 98; Win 9x 4.90; Creative)" "-"
178.159.37.0 - - [04/Aug/2018:09:04:14 +0200] "GET /fussball/damen/ HTTP/1.1" 200 34396 www.fc-schnaittach.de "https://bezprostatita.com/" "Mozilla/4.0 (compatible; MSIE 6.0; Windows 98; Win 9x 4.90; Creative)" "-"
178.159.37.0 - - [04/Aug/2018:09:04:14 +0200] "GET /fussball/damen/ HTTP/1.1" 200 34396 www.fc-schnaittach.de "https://bezprostatita.com/" "Mozilla/4.0 (compatible; MSIE 6.0; Windows 98; Win 9x 4.90; Creative)" "-"
178.159.37.0 - - [04/Aug/2018:09:06:04 +0200] "GET /fussball/damen/ HTTP/1.1" 200 34396 www.fc-schnaittach.de "https://allergija.com/" "Mozilla/4.0 (compatible; MSIE 5.5; Windows NT 5.0)" "-"
178.159.37.0 - - [04/Aug/2018:09:06:04 +0200] "GET /fussball/damen/ HTTP/1.1" 200 34396 www.fc-schnaittach.de "https://allergija.com/" "Mozilla/4.0 (compatible; MSIE 5.5; Windows NT 5.0)" "-"
178.159.37.0 - - [04/Aug/2018:09:06:05 +0200] "GET /fussball/damen/ HTTP/1.1" 200 34396 www.fc-schnaittach.de "https://allergija.com/" "Mozilla/4.0 (compatible; MSIE 5.5; Windows NT 5.0)" "-"
193.124.176.0 - - [04/Aug/2018:09:08:18 +0200] "HEAD / HTTP/1.1" 301 - www.fc-schnaittach.de "http://weddman-lipetsk.ru/fotografy/" "Mozilla/6.0 (compatible; MSIE4.00; Windows 2004)" "-"
194.67.210.0 - - [04/Aug/2018:09:08:18 +0200] "HEAD / HTTP/1.1" 301 - www.fc-schnaittach.de "http://weddman-ufa.ru" "Mozilla/5.0 (compatible; MSIE2.00; Windows 2004)" "-"
185.5.249.0 - - [04/Aug/2018:09:08:19 +0200] "HEAD / HTTP/1.1" 301 - www.fc-schnaittach.de "http://weddman.ru/fotografy/" "Mozilla/3.0 (compatible; MSIE7.00; Windows 2006)" "-"
194.67.207.0 - - [04/Aug/2018:09:08:19 +0200] "HEAD / HTTP/1.1" 301 - www.fc-schnaittach.de "https://bankrotperm.ru" "Mozilla/5.0 (compatible; MSIE4.00; Windows 2002)" "-"
185.125.219.0 - - [04/Aug/2018:09:08:19 +0200] "HEAD / HTTP/1.1" 301 - www.fc-schnaittach.de "https://sxtoys.pro/kosmetika/" "Mozilla/5.0 (compatible; MSIE6.00; Windows 2004)" "-"
193.124.190.0 - - [04/Aug/2018:09:08:19 +0200] "HEAD / HTTP/1.1" 301 - www.fc-schnaittach.de "https://gourmet-shop.ru/caviar/payusnaya-ikra/" "Mozilla/4.0 (compatible; MSIE7.00; Windows 2007)" "-"
207.46.13.0 - - [04/Aug/2018:09:10:10 +0200] "GET /wp-content/uploads/2017/06/Sporterlebnistag_04-4.jpg HTTP/1.1" 301 290 www.fc-schnaittach.de "-" "Mozilla/5.0 (compatible; bingbot/2.0; +http://www.bing.com/bingbot.htm)" "-"
207.46.13.0 - - [04/Aug/2018:09:10:12 +0200] "GET /wp-content/uploads/2017/06/Sporterlebnistag_04-4.jpg HTTP/1.1" 200 247821 www.fc-schnaittach.de "-" "Mozilla/5.0 (compatible; bingbot/2.0; +http://www.bing.com/bingbot.htm)" "-"
178.137.95.0 - - [04/Aug/2018:09:14:56 +0200] "GET /fussball/damen/ HTTP/1.1" 200 34396 www.fc-schnaittach.de "http://money7777.info/" "Mozilla/4.0 (compatible; MSIE 6.0; Windows NT 5.1; SV1; .NET CLR 1.0.3705; .NET CLR 1.1.4322; .NET CLR 2.0.40607)" "-"
178.137.95.0 - - [04/Aug/2018:09:14:57 +0200] "GET /fussball/damen/ HTTP/1.1" 200 34396 www.fc-schnaittach.de "http://money7777.info/" "Mozilla/4.0 (compatible; MSIE 6.0; Windows NT 5.1; SV1; .NET CLR 1.0.3705; .NET CLR 1.1.4322; .NET CLR 2.0.40607)" "-"
178.137.95.0 - - [04/Aug/2018:09:14:58 +0200] "GET /fussball/damen/ HTTP/1.1" 200 34396 www.fc-schnaittach.de "http://money7777.info/" "Mozilla/4.0 (compatible; MSIE 6.0; Windows NT 5.1; SV1; .NET CLR 1.0.3705; .NET CLR 1.1.4322; .NET CLR 2.0.40607)" "-"
66.249.66.0 - - [04/Aug/2018:09:17:14 +0200] "GET /fussball/1-mannschaft/galerie/ HTTP/1.1" 200 8822 www.fc-schnaittach.de "-" "Mozilla/5.0 (Linux; Android 6.0.1; Nexus 5X Build/MMB29P) AppleWebKit/537.36 (KHTML, like Gecko) Chrome/41.0.2272.96 Mobile Safari/537.36 (compatible; Googlebot/2.1; +http://www.google.com/bot.html)" "-"
207.46.13.0 - - [04/Aug/2018:09:21:27 +0200] "GET /dragon-run-kids/ HTTP/1.1" 200 6491 www.fc-schnaittach.de "-" "Mozilla/5.0 (compatible; bingbot/2.0; +http://www.bing.com/bingbot.htm)" "-"
207.46.13.0 - - [04/Aug/2018:09:21:28 +0200] "GET /dragon-run-28-07-2018/ HTTP/1.1" 200 6864 www.fc-schnaittach.de "-" "Mozilla/5.0 (compatible; bingbot/2.0; +http://www.bing.com/bingbot.htm)" "-"
207.46.13.0 - - [04/Aug/2018:09:21:29 +0200] "GET /author/thierauf/ HTTP/1.1" 200 7689 www.fc-schnaittach.de "-" "Mozilla/5.0 (compatible; bingbot/2.0; +http://www.bing.com/bingbot.htm)" "-"
207.46.13.0 - - [04/Aug/2018:09:21:29 +0200] "GET /ansprechpartner/fussball/ HTTP/1.1" 200 8177 www.fc-schnaittach.de "-" "Mozilla/5.0 (compatible; bingbot/2.0; +http://www.bing.com/bingbot.htm)" "-"
207.46.13.0 - - [04/Aug/2018:09:21:30 +0200] "GET /author/alexander/ HTTP/1.1" 200 7692 www.fc-schnaittach.de "-" "Mozilla/5.0 (compatible; bingbot/2.0; +http://www.bing.com/bingbot.htm)" "-"
207.46.13.0 - - [04/Aug/2018:09:21:30 +0200] "GET /author/fc-schnaittach/ HTTP/1.1" 200 7695 www.fc-schnaittach.de "-" "Mozilla/5.0 (compatible; bingbot/2.0; +http://www.bing.com/bingbot.htm)" "-"
207.46.13.0 - - [04/Aug/2018:09:21:31 +0200] "GET /author/kornek/ HTTP/1.1" 200 7689 www.fc-schnaittach.de "-" "Mozilla/5.0 (compatible; bingbot/2.0; +http://www.bing.com/bingbot.htm)" "-"
207.46.13.0 - - [04/Aug/2018:09:21:31 +0200] "GET /wp-login.php?redirect_to=/dragonrun/ HTTP/1.1" 200 1264 www.fc-schnaittach.de "-" "Mozilla/5.0 (compatible; bingbot/2.0; +http://www.bing.com/bingbot.htm)" "-"
207.46.13.0 - - [04/Aug/2018:09:21:32 +0200] "GET /wp-content/uploads/2014/10/FCS-Aufnahmeantrag-SEPA-1.pdf HTTP/1.1" 200 24585 www.fc-schnaittach.de "-" "Mozilla/5.0 (compatible; bingbot/2.0; +http://www.bing.com/bingbot.htm)" "-"
207.46.13.0 - - [04/Aug/2018:09:21:33 +0200] "GET /category/news/fussball/2-mannschaft/ HTTP/1.1" 200 6705 www.fc-schnaittach.de "-" "Mozilla/5.0 (compatible; bingbot/2.0; +http://www.bing.com/bingbot.htm)" "-"
207.46.13.0 - - [04/Aug/2018:09:21:33 +0200] "GET /sporterlebnistag-am-1-juni/ HTTP/1.1" 200 6479 www.fc-schnaittach.de "-" "Mozilla/5.0 (compatible; bingbot/2.0; +http://www.bing.com/bingbot.htm)" "-"
207.46.13.0 - - [04/Aug/2018:09:21:34 +0200] "GET /planung-pruefung-fruehjahr-2016/ HTTP/1.1" 200 6966 www.fc-schnaittach.de "-" "Mozilla/5.0 (compatible; bingbot/2.0; +http://www.bing.com/bingbot.htm)" "-"
207.46.13.0 - - [04/Aug/2018:09:21:34 +0200] "GET /jahresplanung-2016/kalender-2016_1/ HTTP/1.1" 200 5907 www.fc-schnaittach.de "-" "Mozilla/5.0 (compatible; bingbot/2.0; +http://www.bing.com/bingbot.htm)" "-"
207.46.13.0 - - [04/Aug/2018:09:21:35 +0200] "GET /hauptverein/geschichte/ HTTP/1.1" 200 8060 www.fc-schnaittach.de "-" "Mozilla/5.0 (compatible; bingbot/2.0; +http://www.bing.com/bingbot.htm)" "-"
207.46.13.0 - - [04/Aug/2018:09:21:35 +0200] "GET /fussball/1-mannschaft/trainingsauftakt-saison-1617/ HTTP/1.1" 200 7589 www.fc-schnaittach.de "-" "Mozilla/5.0 (compatible; bingbot/2.0; +http://www.bing.com/bingbot.htm)" "-"
207.46.13.0 - - [04/Aug/2018:09:21:36 +0200] "GET /fussball/1-mannschaft/nachrichten-aus-der-liga-kreisliga-erlangen-pegnitzgrund-2/ HTTP/1.1" 200 8213 www.fc-schnaittach.de "-" "Mozilla/5.0 (compatible; bingbot/2.0; +http://www.bing.com/bingbot.htm)" "-"
207.46.13.0 - - [04/Aug/2018:09:21:36 +0200] "GET /faq-dragonrun/ HTTP/1.1" 200 6708 www.fc-schnaittach.de "-" "Mozilla/5.0 (compatible; bingbot/2.0; +http://www.bing.com/bingbot.htm)" "-"
207.46.13.0 - - [04/Aug/2018:09:21:37 +0200] "GET /f3-jugend/ HTTP/1.1" 200 7260 www.fc-schnaittach.de "-" "Mozilla/5.0 (compatible; bingbot/2.0; +http://www.bing.com/bingbot.htm)" "-"
207.46.13.0 - - [04/Aug/2018:09:21:37 +0200] "GET /category/news/budo/ HTTP/1.1" 200 7184 www.fc-schnaittach.de "-" "Mozilla/5.0 (compatible; bingbot/2.0; +http://www.bing.com/bingbot.htm)" "-"
207.46.13.0 - - [04/Aug/2018:09:21:38 +0200] "GET /category/news/100-jahre/ HTTP/1.1" 200 6674 www.fc-schnaittach.de "-" "Mozilla/5.0 (compatible; bingbot/2.0; +http://www.bing.com/bingbot.htm)" "-"
207.46.13.0 - - [04/Aug/2018:09:21:46 +0200] "GET /dragonrun/4-3/ HTTP/1.1" 200 195 www.fc-schnaittach.de "-" "Mozilla/5.0 (compatible; bingbot/2.0; +http://www.bing.com/bingbot.htm)" "-"
207.46.13.0 - - [04/Aug/2018:09:21:46 +0200] "GET /category/news/page/3/ HTTP/1.1" 200 8256 www.fc-schnaittach.de "-" "Mozilla/5.0 (compatible; bingbot/2.0; +http://www.bing.com/bingbot.htm)" "-"
207.46.13.0 - - [04/Aug/2018:09:21:47 +0200] "GET /maiausflug-der-wanderabteilung-des-1-fc-schnaittach/ HTTP/1.1" 200 7138 www.fc-schnaittach.de "-" "Mozilla/5.0 (compatible; bingbot/2.0; +http://www.bing.com/bingbot.htm)" "-"
207.46.13.0 - - [04/Aug/2018:09:21:47 +0200] "GET /hauptverein/terminvorschau/ HTTP/1.1" 404 5762 www.fc-schnaittach.de "-" "Mozilla/5.0 (compatible; bingbot/2.0; +http://www.bing.com/bingbot.htm)" "-"
207.46.13.0 - - [04/Aug/2018:09:21:48 +0200] "GET /hauptverein/mitgliedschaft/ HTTP/1.1" 200 6549 www.fc-schnaittach.de "-" "Mozilla/5.0 (compatible; bingbot/2.0; +http://www.bing.com/bingbot.htm)" "-"
207.46.13.0 - - [04/Aug/2018:09:21:48 +0200] "GET /g-jugend/ HTTP/1.1" 200 7167 www.fc-schnaittach.de "-" "Mozilla/5.0 (compatible; bingbot/2.0; +http://www.bing.com/bingbot.htm)" "-"
207.46.13.0 - - [04/Aug/2018:09:21:49 +0200] "GET /fussball/2-mannschaft/ HTTP/1.1" 200 9345 www.fc-schnaittach.de "-" "Mozilla/5.0 (compatible; bingbot/2.0; +http://www.bing.com/bingbot.htm)" "-"
207.46.13.0 - - [04/Aug/2018:09:21:50 +0200] "GET /dragonrun/attachment/14/ HTTP/1.1" 200 195 www.fc-schnaittach.de "-" "Mozilla/5.0 (compatible; bingbot/2.0; +http://www.bing.com/bingbot.htm)" "-"
207.46.13.0 - - [04/Aug/2018:09:21:50 +0200] "GET /dragonrun/attachment/13/ HTTP/1.1" 200 195 www.fc-schnaittach.de "-" "Mozilla/5.0 (compatible; bingbot/2.0; +http://www.bing.com/bingbot.htm)" "-"
207.46.13.0 - - [04/Aug/2018:09:21:50 +0200] "GET /dragonrun/9-2/ HTTP/1.1" 200 195 www.fc-schnaittach.de "-" "Mozilla/5.0 (compatible; bingbot/2.0; +http://www.bing.com/bingbot.htm)" "-"
54.36.148.0 - - [04/Aug/2018:09:22:57 +0200] "GET /wp-content/uploads/2015/10/2.jpg HTTP/1.1" 200 173166 www.fc-schnaittach.de "-" "Mozilla/5.0 (compatible; AhrefsBot/5.2; +http://ahrefs.com/robot/)" "-"
66.249.66.0 - - [04/Aug/2018:09:28:24 +0200] "GET /dragonrun/ HTTP/1.1" 200 11383 www.fc-schnaittach.de "-" "Mozilla/5.0 (compatible; Googlebot/2.1; +http://www.google.com/bot.html)" "-"
217.160.63.0 - - [04/Aug/2018:09:28:25 +0200] "POST /wp-cron.php?doing_wp_cron=1533367705.0238039493560791015625 HTTP/1.1" 200 23 www.fc-schnaittach.de "https://www.fc-schnaittach.de/wp-cron.php?doing_wp_cron=1533367705.0238039493560791015625" "WordPress/4.9.8; https://www.fc-schnaittach.de" "-"
207.46.13.0 - - [04/Aug/2018:09:33:49 +0200] "GET /wp-content/uploads/2014/10/DSC03549.jpg HTTP/1.1" 301 277 www.fc-schnaittach.de "-" "Mozilla/5.0 (compatible; bingbot/2.0; +http://www.bing.com/bingbot.htm)" "-"
207.46.13.0 - - [04/Aug/2018:09:33:50 +0200] "GET /wp-content/uploads/2014/10/DSC03549.jpg HTTP/1.1" 200 106371 www.fc-schnaittach.de "-" "Mozilla/5.0 (compatible; bingbot/2.0; +http://www.bing.com/bingbot.htm)" "-"
66.249.66.0 - - [04/Aug/2018:09:34:09 +0200] "GET /sitemap-pt-nav_menu_item-2015-01.xml HTTP/1.1" 200 494 www.fc-schnaittach.de "-" "Mozilla/5.0 (compatible; Googlebot/2.1; +http://www.google.com/bot.html)" "-"
178.137.94.0 - - [04/Aug/2018:09:35:46 +0200] "GET /fussball/damen/ HTTP/1.1" 200 34396 www.fc-schnaittach.de "https://ask-yug.com/" "Mozilla/4.0 (compatible; MSIE 6.0; Windows NT 5.1; SV1; FunWebProducts; .NET CLR 1.1.4322; PeoplePal 6.2)" "-"
178.137.94.0 - - [04/Aug/2018:09:35:47 +0200] "GET /fussball/damen/ HTTP/1.1" 200 34396 www.fc-schnaittach.de "https://ask-yug.com/" "Mozilla/4.0 (compatible; MSIE 6.0; Windows NT 5.1; SV1; FunWebProducts; .NET CLR 1.1.4322; PeoplePal 6.2)" "-"
178.137.94.0 - - [04/Aug/2018:09:35:48 +0200] "GET /fussball/damen/ HTTP/1.1" 200 34396 www.fc-schnaittach.de "https://ask-yug.com/" "Mozilla/4.0 (compatible; MSIE 6.0; Windows NT 5.1; SV1; FunWebProducts; .NET CLR 1.1.4322; PeoplePal 6.2)" "-"
52.90.247.0 - - [04/Aug/2018:09:38:15 +0200] "GET /robots.txt HTTP/1.1" 301 248 www.fc-schnaittach.de "-" "IABTechLab Ads.txt Crawler" "-"
52.90.247.0 - - [04/Aug/2018:09:38:15 +0200] "GET /robots.txt HTTP/1.1" 200 35 www.fc-schnaittach.de "-" "IABTechLab Ads.txt Crawler" "-"
52.90.247.0 - - [04/Aug/2018:09:38:15 +0200] "GET /ads.txt HTTP/1.1" 404 5768 www.fc-schnaittach.de "-" "IABTechLab Ads.txt Crawler" "-"
54.36.148.0 - - [04/Aug/2018:09:47:54 +0200] "GET /tag/spende/feed/ HTTP/1.1" 200 592 www.fc-schnaittach.de "-" "Mozilla/5.0 (compatible; AhrefsBot/5.2; +http://ahrefs.com/robot/)" "-"
54.36.149.0 - - [04/Aug/2018:09:50:20 +0200] "GET /hauptverein/anfahrt/ HTTP/1.1" 200 6313 www.fc-schnaittach.de "-" "Mozilla/5.0 (compatible; AhrefsBot/5.2; +http://ahrefs.com/robot/)" "-"
178.137.95.0 - - [04/Aug/2018:09:55:32 +0200] "GET /fussball/damen/ HTTP/1.1" 200 34396 www.fc-schnaittach.de "https://tl.rulate.ru/" "Mozilla/4.0 (compatible; MSIE 6.0; America Online Browser 1.1; rev1.2; Windows NT 5.1; SV1; .NET CLR 1.1.4322)" "-"
217.160.63.0 - - [04/Aug/2018:09:55:33 +0200] "POST /wp-cron.php?doing_wp_cron=1533369333.1429269313812255859375 HTTP/1.1" 301 297 www.fc-schnaittach.de "http://www.fc-schnaittach.de/wp-cron.php?doing_wp_cron=1533369333.1429269313812255859375" "WordPress/4.9.8; https://www.fc-schnaittach.de" "-"
207.46.13.0 - - [04/Aug/2018:09:57:55 +0200] "GET /robots.txt HTTP/1.1" 301 248 www.fc-schnaittach.de "-" "Mozilla/5.0 (compatible; bingbot/2.0; +http://www.bing.com/bingbot.htm)" "-"
207.46.13.0 - - [04/Aug/2018:09:57:56 +0200] "GET /robots.txt HTTP/1.1" 200 35 www.fc-schnaittach.de "-" "Mozilla/5.0 (compatible; bingbot/2.0; +http://www.bing.com/bingbot.htm)" "-"
207.46.13.0 - - [04/Aug/2018:09:57:58 +0200] "GET /robots.txt HTTP/1.1" 200 35 www.fc-schnaittach.de "-" "Mozilla/5.0 (compatible; bingbot/2.0; +http://www.bing.com/bingbot.htm)" "-"
217.160.63.0 - - [04/Aug/2018:09:57:58 +0200] "POST /wp-cron.php?doing_wp_cron=1533369478.3191659450531005859375 HTTP/1.1" 200 23 www.fc-schnaittach.de "https://www.fc-schnaittach.de/wp-cron.php?doing_wp_cron=1533369478.3191659450531005859375" "WordPress/4.9.8; https://www.fc-schnaittach.de" "-"
207.46.13.0 - - [04/Aug/2018:09:57:58 +0200] "GET /fussball/2-mannschaft/galerie-2-mannschaft/img-20150315-wa0008/ HTTP/1.1" 200 195 www.fc-schnaittach.de "-" "Mozilla/5.0 (compatible; bingbot/2.0; +http://www.bing.com/bingbot.htm)" "-"
193.201.224.0 - - [04/Aug/2018:09:59:06 +0200] "GET /wp-content/themes/ThinkResponsive/includes/uploadify/upload_settings_image.php HTTP/1.1" 301 23 fc-schnaittach.de "http://fc-schnaittach.de/wp-content/themes/ThinkResponsive/includes/uploadify/upload_settings_image.php" "Mozilla/5.0 (Windows NT 6.1; WOW64) AppleWebKit/537.36 (KHTML, like Gecko) Chrome/42.0.2311.152 Safari/537.36" "-"
193.201.224.0 - - [04/Aug/2018:09:59:08 +0200] "GET /wp-content/themes/ThinkResponsive/includes/uploadify/upload_settings_image.php HTTP/1.1" 404 5768 www.fc-schnaittach.de "http://fc-schnaittach.de/wp-content/themes/ThinkResponsive/includes/uploadify/upload_settings_image.php" "Mozilla/5.0 (Windows NT 6.1; WOW64) AppleWebKit/537.36 (KHTML, like Gecko) Chrome/42.0.2311.152 Safari/537.36" "-"
216.244.66.0 - - [04/Aug/2018:10:03:42 +0200] "GET /robots.txt HTTP/1.1" 301 248 www.fc-schnaittach.de "-" "Mozilla/5.0 (compatible; DotBot/1.1; http://www.opensiteexplorer.org/dotbot, help@moz.com)" "-"
216.244.66.0 - - [04/Aug/2018:10:03:45 +0200] "GET /robots.txt HTTP/1.1" 200 35 www.fc-schnaittach.de "-" "Mozilla/5.0 (compatible; DotBot/1.1; http://www.opensiteexplorer.org/dotbot, help@moz.com)" "-"
192.158.28.0 - - [04/Aug/2018:10:05:20 +0200] "GET /fussball/2-mannschaft/feed/ HTTP/1.1" 200 545 www.fc-schnaittach.de "-" "-" "-"
192.158.28.0 - - [04/Aug/2018:10:05:20 +0200] "GET /category/news/feed/ HTTP/1.1" 200 10169 www.fc-schnaittach.de "-" "-" "-"
192.158.28.0 - - [04/Aug/2018:10:05:21 +0200] "GET /fussball/1-mannschaft/feed/ HTTP/1.1" 200 546 www.fc-schnaittach.de "-" "-" "-"
192.158.28.0 - - [04/Aug/2018:10:05:21 +0200] "GET /category/news/fussball/feed/ HTTP/1.1" 200 10358 www.fc-schnaittach.de "-" "-" "-"
192.158.28.0 - - [04/Aug/2018:10:05:21 +0200] "GET /category/news/feed/ HTTP/1.1" 200 10169 www.fc-schnaittach.de "-" "-" "-"
192.158.28.0 - - [04/Aug/2018:10:05:21 +0200] "GET /category/news/fussball/feed/ HTTP/1.1" 200 10357 www.fc-schnaittach.de "-" "-" "-"
192.158.28.0 - - [04/Aug/2018:10:05:21 +0200] "GET /fussball/1-mannschaft/feed/ HTTP/1.1" 200 545 www.fc-schnaittach.de "-" "-" "-"
192.158.28.0 - - [04/Aug/2018:10:05:21 +0200] "GET /fussball/2-mannschaft/feed/ HTTP/1.1" 200 545 www.fc-schnaittach.de "-" "-" "-"
192.158.28.0 - - [04/Aug/2018:10:05:22 +0200] "GET /category/news/feed/ HTTP/1.1" 200 10169 www.fc-schnaittach.de "-" "-" "-"
192.158.28.0 - - [04/Aug/2018:10:05:22 +0200] "GET /fussball/2-mannschaft/feed/ HTTP/1.1" 200 545 www.fc-schnaittach.de "-" "-" "-"
192.158.28.0 - - [04/Aug/2018:10:05:22 +0200] "GET /fussball/1-mannschaft/feed/ HTTP/1.1" 200 545 www.fc-schnaittach.de "-" "-" "-"
192.158.28.0 - - [04/Aug/2018:10:05:22 +0200] "GET /category/news/fussball/feed/ HTTP/1.1" 200 10358 www.fc-schnaittach.de "-" "-" "-"
207.46.13.0 - - [04/Aug/2018:10:16:53 +0200] "GET /wp-content/uploads/2015/03/Laura-Merkel-300x225.jpg HTTP/1.1" 301 289 www.fc-schnaittach.de "-" "Mozilla/5.0 (compatible; bingbot/2.0; +http://www.bing.com/bingbot.htm)" "-"
207.46.13.0 - - [04/Aug/2018:10:16:55 +0200] "GET /wp-content/uploads/2015/03/Laura-Merkel-300x225.jpg HTTP/1.1" 200 17284 www.fc-schnaittach.de "-" "Mozilla/5.0 (compatible; bingbot/2.0; +http://www.bing.com/bingbot.htm)" "-"
207.46.13.0 - - [04/Aug/2018:10:20:52 +0200] "GET /wp-content/uploads/2014/10/P1160507.jpg HTTP/1.1" 200 395988 www.fc-schnaittach.de "-" "Mozilla/5.0 (compatible; bingbot/2.0; +http://www.bing.com/bingbot.htm)" "-"
77.75.76.0 - - [04/Aug/2018:10:21:28 +0200] "GET /robots.txt HTTP/1.1" 200 35 www.fc-schnaittach.de "-" "Mozilla/5.0 (compatible; SeznamBot/3.2; +http://napoveda.seznam.cz/en/seznambot-intro/)" "-"
2a02:598:: - - [04/Aug/2018:10:21:28 +0200] "GET /wp-content/uploads/2014/12/DSC04741-1.jpg HTTP/1.1" 200 5855449 www.fc-schnaittach.de "-" "Mozilla/5.0 (compatible; SeznamBot/3.2; +http://napoveda.seznam.cz/en/seznambot-intro/)" "-"
216.244.66.0 - - [04/Aug/2018:10:28:27 +0200] "GET /robots.txt HTTP/1.1" 301 248 www.fc-schnaittach.de "-" "Mozilla/5.0 (compatible; DotBot/1.1; http://www.opensiteexplorer.org/dotbot, help@moz.com)" "-"
216.244.66.0 - - [04/Aug/2018:10:28:31 +0200] "GET /robots.txt HTTP/1.1" 200 35 www.fc-schnaittach.de "-" "Mozilla/5.0 (compatible; DotBot/1.1; http://www.opensiteexplorer.org/dotbot, help@moz.com)" "-"
217.160.63.0 - - [04/Aug/2018:10:30:48 +0200] "POST /wp-cron.php?doing_wp_cron=1533371448.2818980216979980468750 HTTP/1.1" 200 23 www.fc-schnaittach.de "https://www.fc-schnaittach.de/wp-cron.php?doing_wp_cron=1533371448.2818980216979980468750" "WordPress/4.9.8; https://www.fc-schnaittach.de" "-"
54.36.148.0 - - [04/Aug/2018:10:30:48 +0200] "GET /manfred-hofmann-wird-ehrenmitglied/feed/ HTTP/1.1" 200 567 www.fc-schnaittach.de "-" "Mozilla/5.0 (compatible; AhrefsBot/5.2; +http://ahrefs.com/robot/)" "-"
207.46.13.0 - - [04/Aug/2018:10:40:00 +0200] "GET /wp-content/uploads/2014/10/Jonas_Weigel-300x225.jpg HTTP/1.1" 200 14873 www.fc-schnaittach.de "-" "Mozilla/5.0 (compatible; bingbot/2.0; +http://www.bing.com/bingbot.htm)" "-"
2003:ec:6b00:: - - [04/Aug/2018:10:42:06 +0200] "GET / HTTP/1.1" 200 7768 www.fc-schnaittach.de "-" "Mozilla/5.0 (Windows NT 10.0; Win64; x64) AppleWebKit/537.36 (KHTML, like Gecko) Chrome/67.0.3396.99 Safari/537.36" "-"
2003:ec:6b00:: - - [04/Aug/2018:10:42:08 +0200] "GET /1-mannschaft/ HTTP/1.1" 301 23 www.fc-schnaittach.de "https://www.fc-schnaittach.de/" "Mozilla/5.0 (Windows NT 10.0; Win64; x64) AppleWebKit/537.36 (KHTML, like Gecko) Chrome/67.0.3396.99 Safari/537.36" "-"
2003:ec:6b00:: - - [04/Aug/2018:10:42:09 +0200] "GET /fussball/1-mannschaft/ HTTP/1.1" 200 7400 www.fc-schnaittach.de "https://www.fc-schnaittach.de/" "Mozilla/5.0 (Windows NT 10.0; Win64; x64) AppleWebKit/537.36 (KHTML, like Gecko) Chrome/67.0.3396.99 Safari/537.36" "-"
2003:ec:6b00:: - - [04/Aug/2018:10:42:11 +0200] "GET /fussball/2-mannschaft/facebook-news/ HTTP/1.1" 200 6941 www.fc-schnaittach.de "https://www.fc-schnaittach.de/fussball/1-mannschaft/" "Mozilla/5.0 (Windows NT 10.0; Win64; x64) AppleWebKit/537.36 (KHTML, like Gecko) Chrome/67.0.3396.99 Safari/537.36" "-"
84.168.215.0 - - [04/Aug/2018:10:45:07 +0200] "GET / HTTP/1.1" 200 7768 www.fc-schnaittach.de "https://www.google.de/" "Mozilla/5.0 (iPhone; CPU iPhone OS 11_3 like Mac OS X) AppleWebKit/605.1.15 (KHTML, like Gecko) Version/11.0 Mobile/15E148 Safari/604.1" "-"
84.168.215.0 - - [04/Aug/2018:10:45:08 +0200] "GET /wp-includes/js/wp-emoji-release.min.js?ver=4.9.8 HTTP/1.1" 200 12026 www.fc-schnaittach.de "https://www.fc-schnaittach.de/" "Mozilla/5.0 (iPhone; CPU iPhone OS 11_3 like Mac OS X) AppleWebKit/605.1.15 (KHTML, like Gecko) Version/11.0 Mobile/15E148 Safari/604.1" "-"
84.168.215.0 - - [04/Aug/2018:10:45:08 +0200] "GET /wp-content/plugins/contact-form-7/includes/css/styles.css?ver=5.0.2 HTTP/1.1" 200 1683 www.fc-schnaittach.de "https://www.fc-schnaittach.de/" "Mozilla/5.0 (iPhone; CPU iPhone OS 11_3 like Mac OS X) AppleWebKit/605.1.15 (KHTML, like Gecko) Version/11.0 Mobile/15E148 Safari/604.1" "-"
84.168.215.0 - - [04/Aug/2018:10:45:08 +0200] "GET /wp-content/plugins/recently-updated-posts-widget/css/style.css?ver=4.9.8 HTTP/1.1" 200 45 www.fc-schnaittach.de "https://www.fc-schnaittach.de/" "Mozilla/5.0 (iPhone; CPU iPhone OS 11_3 like Mac OS X) AppleWebKit/605.1.15 (KHTML, like Gecko) Version/11.0 Mobile/15E148 Safari/604.1" "-"
84.168.215.0 - - [04/Aug/2018:10:45:08 +0200] "GET /wp-content/plugins/user-access-manager/assets/css/uamLoginForm.css?ver=2.1.11 HTTP/1.1" 200 468 www.fc-schnaittach.de "https://www.fc-schnaittach.de/" "Mozilla/5.0 (iPhone; CPU iPhone OS 11_3 like Mac OS X) AppleWebKit/605.1.15 (KHTML, like Gecko) Version/11.0 Mobile/15E148 Safari/604.1" "-"
84.168.215.0 - - [04/Aug/2018:10:45:08 +0200] "GET /wp-includes/js/jquery/jquery-migrate.min.js?ver=1.4.1 HTTP/1.1" 200 10056 www.fc-schnaittach.de "https://www.fc-schnaittach.de/" "Mozilla/5.0 (iPhone; CPU iPhone OS 11_3 like Mac OS X) AppleWebKit/605.1.15 (KHTML, like Gecko) Version/11.0 Mobile/15E148 Safari/604.1" "-"
84.168.215.0 - - [04/Aug/2018:10:45:08 +0200] "GET /wp-content/themes/fcs/images/production/Transparent.png?ver=1487205002 HTTP/1.1" 200 124 www.fc-schnaittach.de "https://www.fc-schnaittach.de/" "Mozilla/5.0 (iPhone; CPU iPhone OS 11_3 like Mac OS X) AppleWebKit/605.1.15 (KHTML, like Gecko) Version/11.0 Mobile/15E148 Safari/604.1" "-"
84.168.215.0 - - [04/Aug/2018:10:45:08 +0200] "GET /wp-content/themes/fcs/images/production/FcsWappen.png HTTP/1.1" 200 12482 www.fc-schnaittach.de "https://www.fc-schnaittach.de/" "Mozilla/5.0 (iPhone; CPU iPhone OS 11_3 like Mac OS X) AppleWebKit/605.1.15 (KHTML, like Gecko) Version/11.0 Mobile/15E148 Safari/604.1" "-"
84.168.215.0 - - [04/Aug/2018:10:45:08 +0200] "GET /wp-content/themes/fcs/js/jquery.smartmenus.bootstrap.min.js?ver=1418750004 HTTP/1.1" 200 1252 www.fc-schnaittach.de "https://www.fc-schnaittach.de/" "Mozilla/5.0 (iPhone; CPU iPhone OS 11_3 like Mac OS X) AppleWebKit/605.1.15 (KHTML, like Gecko) Version/11.0 Mobile/15E148 Safari/604.1" "-"
84.168.215.0 - - [04/Aug/2018:10:45:08 +0200] "GET /wp-content/plugins/contact-form-7/includes/js/scripts.js?ver=5.0.2 HTTP/1.1" 200 14585 www.fc-schnaittach.de "https://www.fc-schnaittach.de/" "Mozilla/5.0 (iPhone; CPU iPhone OS 11_3 like Mac OS X) AppleWebKit/605.1.15 (KHTML, like Gecko) Version/11.0 Mobile/15E148 Safari/604.1" "-"
84.168.215.0 - - [04/Aug/2018:10:45:08 +0200] "GET /wp-includes/js/wp-embed.min.js?ver=4.9.8 HTTP/1.1" 200 1398 www.fc-schnaittach.de "https://www.fc-schnaittach.de/" "Mozilla/5.0 (iPhone; CPU iPhone OS 11_3 like Mac OS X) AppleWebKit/605.1.15 (KHTML, like Gecko) Version/11.0 Mobile/15E148 Safari/604.1" "-"
84.168.215.0 - - [04/Aug/2018:10:45:09 +0200] "GET /wp-content/themes/fcs/images/production/Budo_Production.jpg?ver=1487205003 HTTP/1.1" 200 9924 www.fc-schnaittach.de "https://www.fc-schnaittach.de/" "Mozilla/5.0 (iPhone; CPU iPhone OS 11_3 like Mac OS X) AppleWebKit/605.1.15 (KHTML, like Gecko) Version/11.0 Mobile/15E148 Safari/604.1" "-"
84.168.215.0 - - [04/Aug/2018:10:45:09 +0200] "GET /wp-content/themes/fcs/images/production/Wandern_Production.jpg?ver=1487205003 HTTP/1.1" 200 16247 www.fc-schnaittach.de "https://www.fc-schnaittach.de/" "Mozilla/5.0 (iPhone; CPU iPhone OS 11_3 like Mac OS X) AppleWebKit/605.1.15 (KHTML, like Gecko) Version/11.0 Mobile/15E148 Safari/604.1" "-"
84.168.215.0 - - [04/Aug/2018:10:45:09 +0200] "GET /wp-content/themes/fcs/images/production/Karate_Production.jpg?ver=1487205002 HTTP/1.1" 200 16055 www.fc-schnaittach.de "https://www.fc-schnaittach.de/" "Mozilla/5.0 (iPhone; CPU iPhone OS 11_3 like Mac OS X) AppleWebKit/605.1.15 (KHTML, like Gecko) Version/11.0 Mobile/15E148 Safari/604.1" "-"
84.168.215.0 - - [04/Aug/2018:10:45:09 +0200] "GET /wp-content/uploads/2018/05/SAM_1762-002-300x225.jpg HTTP/1.1" 200 22206 www.fc-schnaittach.de "https://www.fc-schnaittach.de/" "Mozilla/5.0 (iPhone; CPU iPhone OS 11_3 like Mac OS X) AppleWebKit/605.1.15 (KHTML, like Gecko) Version/11.0 Mobile/15E148 Safari/604.1" "-"
84.168.215.0 - - [04/Aug/2018:10:45:11 +0200] "GET /wp-content/uploads/2018/05/Small_Wall_1-300x300.jpg HTTP/1.1" 200 25990 www.fc-schnaittach.de "https://www.fc-schnaittach.de/" "Mozilla/5.0 (iPhone; CPU iPhone OS 11_3 like Mac OS X) AppleWebKit/605.1.15 (KHTML, like Gecko) Version/11.0 Mobile/15E148 Safari/604.1" "-"
84.168.215.0 - - [04/Aug/2018:10:45:11 +0200] "GET /wp-content/themes/fcs/images/production/WappenThumbnail.png HTTP/1.1" 200 13158 www.fc-schnaittach.de "https://www.fc-schnaittach.de/" "Mozilla/5.0 (iPhone; CPU iPhone OS 11_3 like Mac OS X) AppleWebKit/605.1.15 (KHTML, like Gecko) Version/11.0 Mobile/15E148 Safari/604.1" "-"
207.46.13.0 - - [04/Aug/2018:10:45:11 +0200] "GET /wp-content/uploads/2014/10/P1160507.jpg HTTP/1.1" 200 395988 www.fc-schnaittach.de "-" "Mozilla/5.0 (compatible; bingbot/2.0; +http://www.bing.com/bingbot.htm)" "-"
84.168.215.0 - - [04/Aug/2018:10:45:13 +0200] "GET /wp-content/uploads/2017/09/SAM_1659-300x225.jpg HTTP/1.1" 200 20551 www.fc-schnaittach.de "https://www.fc-schnaittach.de/" "Mozilla/5.0 (iPhone; CPU iPhone OS 11_3 like Mac OS X) AppleWebKit/605.1.15 (KHTML, like Gecko) Version/11.0 Mobile/15E148 Safari/604.1" "-"
84.168.215.0 - - [04/Aug/2018:10:45:21 +0200] "GET /1-mannschaft/ HTTP/1.1" 301 23 www.fc-schnaittach.de "https://www.fc-schnaittach.de/" "Mozilla/5.0 (iPhone; CPU iPhone OS 11_3 like Mac OS X) AppleWebKit/605.1.15 (KHTML, like Gecko) Version/11.0 Mobile/15E148 Safari/604.1" "-"
84.168.215.0 - - [04/Aug/2018:10:45:21 +0200] "GET /fussball/1-mannschaft/ HTTP/1.1" 200 7400 www.fc-schnaittach.de "https://www.fc-schnaittach.de/" "Mozilla/5.0 (iPhone; CPU iPhone OS 11_3 like Mac OS X) AppleWebKit/605.1.15 (KHTML, like Gecko) Version/11.0 Mobile/15E148 Safari/604.1" "-"
84.168.215.0 - - [04/Aug/2018:10:45:22 +0200] "GET /wp-content/uploads/2015/04/BFV.png HTTP/1.1" 301 272 www.fc-schnaittach.de "-" "Mozilla/5.0 (iPhone; CPU iPhone OS 11_3 like Mac OS X) AppleWebKit/605.1.15 (KHTML, like Gecko) Version/11.0 Mobile/15E148 Safari/604.1" "-"
84.168.215.0 - - [04/Aug/2018:10:45:22 +0200] "GET /wp-content/uploads/2015/04/feedIcon.png HTTP/1.1" 301 277 www.fc-schnaittach.de "-" "Mozilla/5.0 (iPhone; CPU iPhone OS 11_3 like Mac OS X) AppleWebKit/605.1.15 (KHTML, like Gecko) Version/11.0 Mobile/15E148 Safari/604.1" "-"
84.168.215.0 - - [04/Aug/2018:10:45:22 +0200] "GET /wp-content/uploads/2015/04/BFV.png HTTP/1.1" 200 5443 www.fc-schnaittach.de "-" "Mozilla/5.0 (iPhone; CPU iPhone OS 11_3 like Mac OS X) AppleWebKit/605.1.15 (KHTML, like Gecko) Version/11.0 Mobile/15E148 Safari/604.1" "-"
84.168.215.0 - - [04/Aug/2018:10:45:22 +0200] "GET /wp-content/uploads/2015/04/feedIcon.png HTTP/1.1" 200 1211 www.fc-schnaittach.de "-" "Mozilla/5.0 (iPhone; CPU iPhone OS 11_3 like Mac OS X) AppleWebKit/605.1.15 (KHTML, like Gecko) Version/11.0 Mobile/15E148 Safari/604.1" "-"
