77.75.77.0 - - [01/Aug/2018:05:07:27 +0200] "GET /robots.txt HTTP/1.1" 200 35 www.fc-schnaittach.de "-" "Mozilla/5.0 (compatible; SeznamBot/3.2; +http://napoveda.seznam.cz/en/seznambot-intro/)" "-"
2a02:598:: - - [01/Aug/2018:05:07:27 +0200] "GET /fcs-ii-fc-roethenbach-10-17-03-2018/ HTTP/1.1" 200 7878 www.fc-schnaittach.de "-" "Mozilla/5.0 (compatible; SeznamBot/3.2; +http://napoveda.seznam.cz/en/seznambot-intro/)" "-"
77.75.77.0 - - [01/Aug/2018:05:07:29 +0200] "GET /robots.txt HTTP/1.1" 301 248 www.fc-schnaittach.de "-" "Mozilla/5.0 (compatible; SeznamBot/3.2; +http://napoveda.seznam.cz/en/seznambot-intro/)" "-"
2a02:598:: - - [01/Aug/2018:05:07:29 +0200] "GET /wp-content/uploads/2017/06/Sporterlebnistag_04-3-724x1024.jpg HTTP/1.1" 301 299 www.fc-schnaittach.de "-" "Mozilla/5.0 (compatible; SeznamBot/3.2; +http://napoveda.seznam.cz/en/seznambot-intro/)" "-"
66.249.66.0 - - [01/Aug/2018:05:07:49 +0200] "GET /wp-content/uploads/2018/07/IMG_0096.jpg HTTP/1.1" 304 - www.fc-schnaittach.de "-" "Googlebot-Image/1.0" "-"
207.46.13.0 - - [01/Aug/2018:05:09:32 +0200] "GET /wp-content/uploads/2014/10/P1018319.jpg HTTP/1.1" 200 1910661 www.fc-schnaittach.de "-" "Mozilla/5.0 (compatible; bingbot/2.0; +http://www.bing.com/bingbot.htm)" "-"
178.137.95.0 - - [01/Aug/2018:05:18:02 +0200] "GET /fussball/damen/ HTTP/1.1" 200 34403 www.fc-schnaittach.de "https://tl.rulate.ru/" "Mozilla/4.0 (compatible; MSIE 6.0; Windows NT 5.1; Q312461)" "-"
66.249.66.0 - - [01/Aug/2018:05:18:33 +0200] "GET /wp-content/uploads/2018/06/DragonRun-Shirt_2.png HTTP/1.1" 304 - www.fc-schnaittach.de "-" "Googlebot-Image/1.0" "-"
194.67.207.0 - - [01/Aug/2018:05:18:58 +0200] "HEAD / HTTP/1.1" 301 - www.fc-schnaittach.de "http://sberbank-online-business.ru" "Mozilla/6.0 (compatible; MSIE7.00; Windows 2008)" "-"
193.124.176.0 - - [01/Aug/2018:05:18:58 +0200] "HEAD / HTTP/1.1" 301 - www.fc-schnaittach.de "https://kvakva.kz/product-category/vans/" "Mozilla/3.0 (compatible; MSIE3.00; Windows 2006)" "-"
185.5.249.0 - - [01/Aug/2018:05:18:58 +0200] "HEAD / HTTP/1.1" 301 - www.fc-schnaittach.de "http://online-citibank.ru" "Mozilla/5.0 (compatible; MSIE5.00; Windows 2003)" "-"
193.124.190.0 - - [01/Aug/2018:05:18:58 +0200] "HEAD / HTTP/1.1" 301 - www.fc-schnaittach.de "http://chistoastana.kz/" "Mozilla/3.0 (compatible; MSIE6.00; Windows 2003)" "-"
185.125.219.0 - - [01/Aug/2018:05:18:58 +0200] "HEAD / HTTP/1.1" 301 - www.fc-schnaittach.de "https://sberbanki-onlajn.ru" "Mozilla/4.0 (compatible; MSIE3.00; Windows 2002)" "-"
185.125.219.0 - - [01/Aug/2018:05:18:58 +0200] "HEAD / HTTP/1.1" 301 - www.fc-schnaittach.de "https://erastudio.kz/portfolio/" "Mozilla/6.0 (compatible; MSIE6.00; Windows 2004)" "-"
194.67.207.0 - - [01/Aug/2018:05:18:58 +0200] "HEAD / HTTP/1.1" 301 - www.fc-schnaittach.de "http://online-trust.ru" "Mozilla/4.0 (compatible; MSIE7.00; Windows 2005)" "-"
216.244.66.0 - - [01/Aug/2018:05:20:02 +0200] "GET /robots.txt HTTP/1.1" 301 248 www.fc-schnaittach.de "-" "Mozilla/5.0 (compatible; DotBot/1.1; http://www.opensiteexplorer.org/dotbot, help@moz.com)" "-"
216.244.66.0 - - [01/Aug/2018:05:20:06 +0200] "GET /robots.txt HTTP/1.1" 200 35 www.fc-schnaittach.de "-" "Mozilla/5.0 (compatible; DotBot/1.1; http://www.opensiteexplorer.org/dotbot, help@moz.com)" "-"
13.82.188.0 - - [01/Aug/2018:05:20:39 +0200] "HEAD / HTTP/1.1" 301 - www.fc-schnaittach.de "-" "HTTPing v2.4" "-"
54.36.148.0 - - [01/Aug/2018:05:21:55 +0200] "GET /wp-content/uploads/2018/07/21.jpg HTTP/1.1" 200 194785 www.fc-schnaittach.de "-" "Mozilla/5.0 (compatible; AhrefsBot/5.2; +http://ahrefs.com/robot/)" "-"
207.46.13.0 - - [01/Aug/2018:05:25:27 +0200] "GET /wp-content/uploads/2014/10/DSC03526-e1430394652407.jpg HTTP/1.1" 301 292 www.fc-schnaittach.de "-" "Mozilla/5.0 (compatible; bingbot/2.0; +http://www.bing.com/bingbot.htm)" "-"
207.46.13.0 - - [01/Aug/2018:05:25:28 +0200] "GET /wp-content/uploads/2014/10/DSC03526-e1430394652407.jpg HTTP/1.1" 200 120309 www.fc-schnaittach.de "-" "Mozilla/5.0 (compatible; bingbot/2.0; +http://www.bing.com/bingbot.htm)" "-"
217.160.63.0 - - [01/Aug/2018:05:27:02 +0200] "POST /wp-cron.php?doing_wp_cron=1533094022.9420111179351806640625 HTTP/1.1" 200 23 www.fc-schnaittach.de "https://www.fc-schnaittach.de/wp-cron.php?doing_wp_cron=1533094022.9420111179351806640625" "WordPress/4.9.7; https://www.fc-schnaittach.de" "-"
157.55.39.0 - - [01/Aug/2018:05:27:02 +0200] "GET /jahresplanung-2016/ HTTP/1.1" 200 6099 www.fc-schnaittach.de "-" "Mozilla/5.0 (compatible; bingbot/2.0; +http://www.bing.com/bingbot.htm)" "-"
207.46.13.0 - - [01/Aug/2018:05:28:30 +0200] "GET /wp-content/uploads/2015/04/2-Mannschaft-1960-1-300x201.jpg HTTP/1.1" 301 296 www.fc-schnaittach.de "-" "Mozilla/5.0 (compatible; bingbot/2.0; +http://www.bing.com/bingbot.htm)" "-"
207.46.13.0 - - [01/Aug/2018:05:28:31 +0200] "GET /wp-content/uploads/2015/04/2-Mannschaft-1960-1-300x201.jpg HTTP/1.1" 200 20819 www.fc-schnaittach.de "-" "Mozilla/5.0 (compatible; bingbot/2.0; +http://www.bing.com/bingbot.htm)" "-"
54.36.148.0 - - [01/Aug/2018:05:30:51 +0200] "GET /fussball/2-mannschaft/galerie-2-mannschaft/ HTTP/1.1" 200 7232 www.fc-schnaittach.de "-" "Mozilla/5.0 (compatible; AhrefsBot/5.2; +http://ahrefs.com/robot/)" "-"
66.249.66.0 - - [01/Aug/2018:05:31:09 +0200] "GET /wp-content/themes/fcs/style.css?ver=1460744932 HTTP/1.1" 301 284 www.fc-schnaittach.de "http://www.fc-schnaittach.de/sporterlebnistag-am-1-juni/" "Mozilla/5.0 AppleWebKit/537.36 (KHTML, like Gecko; compatible; Googlebot/2.1; +http://www.google.com/bot.html) Safari/537.36" "-"
66.249.66.0 - - [01/Aug/2018:05:31:10 +0200] "GET /wp-content/plugins/recently-updated-posts-widget/css/style.css?ver=4.9.4 HTTP/1.1" 301 310 www.fc-schnaittach.de "http://www.fc-schnaittach.de/sporterlebnistag-am-1-juni/" "Mozilla/5.0 AppleWebKit/537.36 (KHTML, like Gecko; compatible; Googlebot/2.1; +http://www.google.com/bot.html) Safari/537.36" "-"
66.249.66.0 - - [01/Aug/2018:05:31:14 +0200] "GET /wp-content/uploads/2018/06/11.jpg HTTP/1.1" 304 - www.fc-schnaittach.de "-" "Googlebot-Image/1.0" "-"
54.36.148.0 - - [01/Aug/2018:05:31:29 +0200] "GET /wp-content/uploads/2018/07/23.jpg HTTP/1.1" 200 119173 www.fc-schnaittach.de "-" "Mozilla/5.0 (compatible; AhrefsBot/5.2; +http://ahrefs.com/robot/)" "-"
52.175.195.0 - - [01/Aug/2018:05:33:12 +0200] "HEAD / HTTP/1.1" 301 - www.fc-schnaittach.de "-" "HTTPing v2.4" "-"
13.82.188.0 - - [01/Aug/2018:05:35:40 +0200] "HEAD / HTTP/1.1" 301 - www.fc-schnaittach.de "-" "HTTPing v2.4" "-"
66.249.66.0 - - [01/Aug/2018:05:35:47 +0200] "GET /wp-content/uploads/2018/06/12.jpg HTTP/1.1" 304 - www.fc-schnaittach.de "-" "Googlebot-Image/1.0" "-"
207.46.13.0 - - [01/Aug/2018:05:37:12 +0200] "GET /julius-hirsch-preis-urkunde/ HTTP/1.1" 200 7565 www.fc-schnaittach.de "-" "Mozilla/5.0 (compatible; bingbot/2.0; +http://www.bing.com/bingbot.htm)" "-"
66.249.66.0 - - [01/Aug/2018:05:38:09 +0200] "GET /wp-content/uploads/2018/06/9.jpg HTTP/1.1" 304 - www.fc-schnaittach.de "-" "Googlebot-Image/1.0" "-"
66.249.66.0 - - [01/Aug/2018:05:39:04 +0200] "GET /tag/probetraining/ HTTP/1.1" 200 6211 www.fc-schnaittach.de "-" "Mozilla/5.0 (Linux; Android 6.0.1; Nexus 5X Build/MMB29P) AppleWebKit/537.36 (KHTML, like Gecko) Chrome/41.0.2272.96 Mobile Safari/537.36 (compatible; Googlebot/2.1; +http://www.google.com/bot.html)" "-"
66.249.66.0 - - [01/Aug/2018:05:44:12 +0200] "GET /fussball/2-mannschaft/ HTTP/1.1" 200 9346 www.fc-schnaittach.de "-" "Mozilla/5.0 (Linux; Android 6.0.1; Nexus 5X Build/MMB29P) AppleWebKit/537.36 (KHTML, like Gecko) Chrome/41.0.2272.96 Mobile Safari/537.36 (compatible; Googlebot/2.1; +http://www.google.com/bot.html)" "-"
66.249.66.0 - - [01/Aug/2018:05:46:30 +0200] "GET /wp-content/uploads/2018/05/3-1.jpg HTTP/1.1" 304 - www.fc-schnaittach.de "-" "Googlebot-Image/1.0" "-"
207.46.13.0 - - [01/Aug/2018:05:47:54 +0200] "GET /wp-content/uploads/2014/10/Mannschaftsbild-16_17-mit-Verantwortlichen-1024x700.jpg HTTP/1.1" 301 320 www.fc-schnaittach.de "-" "Mozilla/5.0 (compatible; bingbot/2.0; +http://www.bing.com/bingbot.htm)" "-"
207.46.13.0 - - [01/Aug/2018:05:47:55 +0200] "GET /wp-content/uploads/2014/10/Mannschaftsbild-16_17-mit-Verantwortlichen-1024x700.jpg HTTP/1.1" 200 220566 www.fc-schnaittach.de "-" "Mozilla/5.0 (compatible; bingbot/2.0; +http://www.bing.com/bingbot.htm)" "-"
54.36.148.0 - - [01/Aug/2018:05:52:41 +0200] "GET /category/news/fussball/frauen/feed/ HTTP/1.1" 200 2183 www.fc-schnaittach.de "-" "Mozilla/5.0 (compatible; AhrefsBot/5.2; +http://ahrefs.com/robot/)" "-"
66.249.66.0 - - [01/Aug/2018:05:54:00 +0200] "GET / HTTP/1.1" 200 7770 www.fc-schnaittach.de "-" "Mozilla/5.0 (compatible; Googlebot/2.1; +http://www.google.com/bot.html)" "-"
207.46.13.0 - - [01/Aug/2018:05:54:53 +0200] "GET /wp-content/uploads/2015/06/WP_20150725_12_46_48_Pro.jpg HTTP/1.1" 301 293 www.fc-schnaittach.de "-" "Mozilla/5.0 (compatible; bingbot/2.0; +http://www.bing.com/bingbot.htm)" "-"
207.46.13.0 - - [01/Aug/2018:05:54:54 +0200] "GET /wp-content/uploads/2015/06/WP_20150725_12_46_48_Pro.jpg HTTP/1.1" 200 62715 www.fc-schnaittach.de "-" "Mozilla/5.0 (compatible; bingbot/2.0; +http://www.bing.com/bingbot.htm)" "-"
66.249.66.0 - - [01/Aug/2018:05:56:07 +0200] "GET /wp-content/uploads/2018/07/20.jpg HTTP/1.1" 304 - www.fc-schnaittach.de "-" "Googlebot-Image/1.0" "-"
66.249.66.0 - - [01/Aug/2018:05:58:01 +0200] "GET /wp-content/uploads/2018/07/26.jpg HTTP/1.1" 304 - www.fc-schnaittach.de "-" "Googlebot-Image/1.0" "-"
66.249.66.0 - - [01/Aug/2018:05:59:07 +0200] "GET /wp-content/uploads/2018/06/17.jpg HTTP/1.1" 304 - www.fc-schnaittach.de "-" "Googlebot-Image/1.0" "-"
66.249.66.0 - - [01/Aug/2018:05:59:08 +0200] "GET /wp-content/uploads/2018/07/IMG_0003.jpg HTTP/1.1" 304 - www.fc-schnaittach.de "-" "Googlebot-Image/1.0" "-"
62.2.217.0 - - [01/Aug/2018:06:01:30 +0200] "GET /Dragonrun HTTP/1.1" 301 23 fc-schnaittach.de "http://www.laufkalender24.de/" "Mozilla/5.0 (Windows NT 6.1; WOW64; Trident/7.0; rv:11.0) like Gecko" "-"
62.2.217.0 - - [01/Aug/2018:06:01:30 +0200] "GET /Dragonrun/ HTTP/1.1" 200 11391 www.fc-schnaittach.de "http://www.laufkalender24.de/" "Mozilla/5.0 (Windows NT 6.1; WOW64; Trident/7.0; rv:11.0) like Gecko" "-"
46.118.125.0 - - [01/Aug/2018:06:05:18 +0200] "GET /fussball/damen/ HTTP/1.1" 200 34403 www.fc-schnaittach.de "http://xn----ctbigni3aj4h.xn--p1ai/" "Mozilla/4.0 (compatible; MSIE 6.0; Windows NT 5.1; SV1; .NET CLR 1.1.4322; XMPP Tiscali Communicator v.10.0.2; .NET CLR 2.0.50727)" "-"
157.55.39.0 - - [01/Aug/2018:06:09:31 +0200] "GET /fussball/1-mannschaft/ HTTP/1.1" 200 7402 www.fc-schnaittach.de "-" "Mozilla/5.0 (compatible; bingbot/2.0; +http://www.bing.com/bingbot.htm)" "-"
66.249.66.0 - - [01/Aug/2018:06:10:48 +0200] "GET / HTTP/1.1" 200 7770 www.fc-schnaittach.de "-" "Mozilla/5.0 (Linux; Android 6.0.1; Nexus 5X Build/MMB29P) AppleWebKit/537.36 (KHTML, like Gecko) Chrome/41.0.2272.96 Mobile Safari/537.36 (compatible; Googlebot/2.1; +http://www.google.com/bot.html)" "-"
77.75.76.0 - - [01/Aug/2018:06:11:25 +0200] "GET /robots.txt HTTP/1.1" 200 35 www.fc-schnaittach.de "-" "Mozilla/5.0 (compatible; SeznamBot/3.2; +http://napoveda.seznam.cz/en/seznambot-intro/)" "-"
2a02:598:: - - [01/Aug/2018:06:11:26 +0200] "GET /maiausflug-der-wanderabteilung-des-1-fc-schnaittach/ HTTP/1.1" 200 7137 www.fc-schnaittach.de "-" "Mozilla/5.0 (compatible; SeznamBot/3.2; +http://napoveda.seznam.cz/en/seznambot-intro/)" "-"
2a02:598:: - - [01/Aug/2018:06:11:27 +0200] "GET /herren-1/ HTTP/1.1" 301 23 www.fc-schnaittach.de "-" "Mozilla/5.0 (compatible; SeznamBot/3.2; +http://napoveda.seznam.cz/en/seznambot-intro/)" "-"
77.75.76.0 - - [01/Aug/2018:06:11:28 +0200] "GET /robots.txt HTTP/1.1" 301 248 www.fc-schnaittach.de "-" "Mozilla/5.0 (compatible; SeznamBot/3.2; +http://napoveda.seznam.cz/en/seznambot-intro/)" "-"
2a02:598:: - - [01/Aug/2018:06:11:29 +0200] "GET /dragonrun/ HTTP/1.1" 200 11390 www.fc-schnaittach.de "-" "Mozilla/5.0 (compatible; SeznamBot/3.2; +http://napoveda.seznam.cz/en/seznambot-intro/)" "-"
66.249.66.0 - - [01/Aug/2018:06:14:42 +0200] "GET /wp-content/uploads/2018/07/25.jpg HTTP/1.1" 304 - www.fc-schnaittach.de "-" "Googlebot-Image/1.0" "-"
66.249.66.0 - - [01/Aug/2018:06:15:03 +0200] "GET /sitemap-pt-post-2015-05.xml HTTP/1.1" 200 605 www.fc-schnaittach.de "-" "Mozilla/5.0 (compatible; Googlebot/2.1; +http://www.google.com/bot.html)" "-"
66.249.66.0 - - [01/Aug/2018:06:16:52 +0200] "GET /wp-content/uploads/2018/05/Small_Wall_1.jpg HTTP/1.1" 304 - www.fc-schnaittach.de "-" "Googlebot-Image/1.0" "-"
66.249.66.0 - - [01/Aug/2018:06:17:07 +0200] "GET /wp-content/uploads/2018/07/21.jpg HTTP/1.1" 304 - www.fc-schnaittach.de "-" "Googlebot-Image/1.0" "-"
66.249.66.0 - - [01/Aug/2018:06:18:17 +0200] "GET /wp-content/uploads/2018/04/Werbebanner_1.jpg HTTP/1.1" 304 - www.fc-schnaittach.de "-" "Googlebot-Image/1.0" "-"
66.249.66.0 - - [01/Aug/2018:06:18:21 +0200] "GET /wp-content/uploads/2018/07/19.jpg HTTP/1.1" 304 - www.fc-schnaittach.de "-" "Googlebot-Image/1.0" "-"
66.249.66.0 - - [01/Aug/2018:06:19:12 +0200] "GET /wp-content/uploads/2018/06/15.jpg HTTP/1.1" 304 - www.fc-schnaittach.de "-" "Googlebot-Image/1.0" "-"
66.249.66.0 - - [01/Aug/2018:06:20:08 +0200] "GET /wp-content/uploads/2018/06/13.jpg HTTP/1.1" 304 - www.fc-schnaittach.de "-" "Googlebot-Image/1.0" "-"
66.249.66.0 - - [01/Aug/2018:06:20:10 +0200] "GET /wp-content/uploads/2018/05/4.jpg HTTP/1.1" 304 - www.fc-schnaittach.de "-" "Googlebot-Image/1.0" "-"
207.46.13.0 - - [01/Aug/2018:06:20:20 +0200] "GET /fussball/ HTTP/1.1" 200 6515 www.fc-schnaittach.de "-" "Mozilla/5.0 (compatible; bingbot/2.0; +http://www.bing.com/bingbot.htm)" "-"
66.249.66.0 - - [01/Aug/2018:06:20:42 +0200] "GET /wp-content/uploads/2018/05/Rock_your_hair_Chevy_1.png HTTP/1.1" 304 - www.fc-schnaittach.de "-" "Googlebot-Image/1.0" "-"
66.249.66.0 - - [01/Aug/2018:06:21:01 +0200] "GET /wp-content/uploads/2018/03/DIN_A6_Flyer_22.02.2018_1.png HTTP/1.1" 304 - www.fc-schnaittach.de "-" "Googlebot-Image/1.0" "-"
66.249.66.0 - - [01/Aug/2018:06:21:04 +0200] "GET /wp-content/uploads/2018/07/27.jpg HTTP/1.1" 304 - www.fc-schnaittach.de "-" "Googlebot-Image/1.0" "-"
66.249.66.0 - - [01/Aug/2018:06:21:05 +0200] "GET /wp-content/uploads/2018/05/Dragonzone_1.png HTTP/1.1" 304 - www.fc-schnaittach.de "-" "Googlebot-Image/1.0" "-"
66.249.66.0 - - [01/Aug/2018:06:21:08 +0200] "GET /wp-content/uploads/2018/06/Hindernisverteilung-2.png HTTP/1.1" 304 - www.fc-schnaittach.de "-" "Googlebot-Image/1.0" "-"
66.249.66.0 - - [01/Aug/2018:06:21:10 +0200] "GET /wp-content/uploads/2018/07/IMG_0056.jpg HTTP/1.1" 304 - www.fc-schnaittach.de "-" "Googlebot-Image/1.0" "-"
66.249.66.0 - - [01/Aug/2018:06:21:16 +0200] "GET /wp-content/uploads/2018/06/10.jpg HTTP/1.1" 304 - www.fc-schnaittach.de "-" "Googlebot-Image/1.0" "-"
66.249.66.0 - - [01/Aug/2018:06:21:18 +0200] "GET /wp-content/uploads/2018/07/IMG_0095.jpg HTTP/1.1" 304 - www.fc-schnaittach.de "-" "Googlebot-Image/1.0" "-"
66.249.66.0 - - [01/Aug/2018:06:23:36 +0200] "GET /wp-content/uploads/2018/04/A3-Poster.jpeg HTTP/1.1" 304 - www.fc-schnaittach.de "-" "Googlebot-Image/1.0" "-"
66.249.66.0 - - [01/Aug/2018:06:23:48 +0200] "GET /wp-content/uploads/2018/03/Gel%C3%A4ndekarte_8.png HTTP/1.1" 304 - www.fc-schnaittach.de "-" "Googlebot-Image/1.0" "-"
66.249.66.0 - - [01/Aug/2018:06:23:52 +0200] "GET /wp-content/uploads/2018/05/6.jpg HTTP/1.1" 304 - www.fc-schnaittach.de "-" "Googlebot-Image/1.0" "-"
66.249.66.0 - - [01/Aug/2018:06:23:59 +0200] "GET /wp-content/uploads/2018/05/4-1.jpg HTTP/1.1" 304 - www.fc-schnaittach.de "-" "Googlebot-Image/1.0" "-"
193.106.30.0 - - [01/Aug/2018:06:28:14 +0200] "POST /wp-content/plugins/contact-form-7/wp-contact-form-7.php HTTP/1.1" 301 293 fc-schnaittach.de "-" "Mozilla/5.0 (Windows NT 6.1; rv:34.0) Gecko/20100101 Firefox/34.0" "-"
193.106.30.0 - - [01/Aug/2018:06:28:20 +0200] "GET /wp-content/plugins/contact-form-7/wp-contact-form-7.php HTTP/1.1" 200 345 www.fc-schnaittach.de "-" "Mozilla/5.0 (Windows NT 6.1; rv:34.0) Gecko/20100101 Firefox/34.0" "-"
13.82.188.0 - - [01/Aug/2018:06:29:58 +0200] "HEAD / HTTP/1.1" 301 - www.fc-schnaittach.de "-" "HTTPing v2.4" "-"
66.249.66.0 - - [01/Aug/2018:06:32:02 +0200] "GET /test/ HTTP/1.1" 404 1363 www.fc-schnaittach.de "-" "Mozilla/5.0 (compatible; Googlebot/2.1; +http://www.google.com/bot.html)" "-"
52.175.195.0 - - [01/Aug/2018:06:33:44 +0200] "HEAD / HTTP/1.1" 301 - www.fc-schnaittach.de "-" "HTTPing v2.4" "-"
18.184.164.0 - - [01/Aug/2018:06:37:28 +0200] "GET /robots.txt HTTP/1.1" 301 248 www.fc-schnaittach.de "-" "python-requests/2.19.1" "-"
18.184.164.0 - - [01/Aug/2018:06:37:28 +0200] "GET /robots.txt HTTP/1.1" 200 35 www.fc-schnaittach.de "-" "python-requests/2.19.1" "-"
18.184.164.0 - - [01/Aug/2018:06:37:28 +0200] "GET / HTTP/1.1" 301 238 www.fc-schnaittach.de "-" "Mozilla/5.0 (Windows NT 6.1) AppleWebKit/537.36 (KHTML, like Gecko) Chrome/41.0.2228.0 Safari/537.36" "-"
18.184.164.0 - - [01/Aug/2018:06:37:28 +0200] "GET / HTTP/1.1" 200 39792 www.fc-schnaittach.de "-" "Mozilla/5.0 (Windows NT 6.1) AppleWebKit/537.36 (KHTML, like Gecko) Chrome/41.0.2228.0 Safari/537.36" "-"
217.160.63.0 - - [01/Aug/2018:06:37:29 +0200] "HEAD /wp-content/uploads/2018/06/13-300x300.jpg HTTP/1.1" 200 - www.fc-schnaittach.de "https://www.fc-schnaittach.de" "Mozilla/5.0 (compatible; MSIE 9.0; Windows NT 6.1; WOW64; Trident/5.0)" "-"
217.160.63.0 - - [01/Aug/2018:06:37:29 +0200] "POST /wp-cron.php?doing_wp_cron=1533098249.0386180877685546875000 HTTP/1.1" 200 23 www.fc-schnaittach.de "https://www.fc-schnaittach.de/wp-cron.php?doing_wp_cron=1533098249.0386180877685546875000" "WordPress/4.9.7; https://www.fc-schnaittach.de" "-"
35.156.234.0 - - [01/Aug/2018:06:37:30 +0200] "GET /robots.txt HTTP/1.1" 301 248 www.fc-schnaittach.de "-" "python-requests/2.19.1" "-"
35.156.234.0 - - [01/Aug/2018:06:37:30 +0200] "GET /robots.txt HTTP/1.1" 200 35 www.fc-schnaittach.de "-" "python-requests/2.19.1" "-"
35.156.234.0 - - [01/Aug/2018:06:37:30 +0200] "GET / HTTP/1.1" 301 238 www.fc-schnaittach.de "-" "Mozilla/5.0 (Windows NT 6.1) AppleWebKit/537.36 (KHTML, like Gecko) Chrome/41.0.2228.0 Safari/537.36" "-"
217.160.63.0 - - [01/Aug/2018:06:37:31 +0200] "HEAD /wp-content/uploads/2018/06/13.jpg HTTP/1.1" 200 - www.fc-schnaittach.de "https://www.fc-schnaittach.de" "Mozilla/5.0 (compatible; MSIE 9.0; Windows NT 6.1; WOW64; Trident/5.0)" "-"
35.156.234.0 - - [01/Aug/2018:06:37:31 +0200] "GET / HTTP/1.1" 200 39792 www.fc-schnaittach.de "-" "Mozilla/5.0 (Windows NT 6.1) AppleWebKit/537.36 (KHTML, like Gecko) Chrome/41.0.2228.0 Safari/537.36" "-"
18.184.164.0 - - [01/Aug/2018:06:37:32 +0200] "GET /hauptverein/kontakt/ HTTP/1.1" 200 29908 www.fc-schnaittach.de "-" "Mozilla/5.0 (Windows NT 6.1) AppleWebKit/537.36 (KHTML, like Gecko) Chrome/41.0.2228.0 Safari/537.36" "-"
18.184.164.0 - - [01/Aug/2018:06:37:32 +0200] "GET / HTTP/1.1" 200 39792 www.fc-schnaittach.de "-" "Mozilla/5.0 (Windows NT 6.1) AppleWebKit/537.36 (KHTML, like Gecko) Chrome/41.0.2228.0 Safari/537.36" "-"
35.156.234.0 - - [01/Aug/2018:06:37:33 +0200] "GET /hauptverein/kontakt/ HTTP/1.1" 200 29908 www.fc-schnaittach.de "-" "Mozilla/5.0 (Windows NT 6.1) AppleWebKit/537.36 (KHTML, like Gecko) Chrome/41.0.2228.0 Safari/537.36" "-"
18.184.164.0 - - [01/Aug/2018:06:37:33 +0200] "GET /category/news/ HTTP/1.1" 200 40030 www.fc-schnaittach.de "-" "Mozilla/5.0 (Windows NT 6.1) AppleWebKit/537.36 (KHTML, like Gecko) Chrome/41.0.2228.0 Safari/537.36" "-"
18.184.164.0 - - [01/Aug/2018:06:37:34 +0200] "GET / HTTP/1.1" 301 238 www.fc-schnaittach.de "-" "Mozilla/5.0 (Windows NT 6.1) AppleWebKit/537.36 (KHTML, like Gecko) Chrome/41.0.2228.0 Safari/537.36" "-"
35.156.234.0 - - [01/Aug/2018:06:37:34 +0200] "GET / HTTP/1.1" 200 39792 www.fc-schnaittach.de "-" "Mozilla/5.0 (Windows NT 6.1) AppleWebKit/537.36 (KHTML, like Gecko) Chrome/41.0.2228.0 Safari/537.36" "-"
18.184.164.0 - - [01/Aug/2018:06:37:34 +0200] "GET / HTTP/1.1" 200 39792 www.fc-schnaittach.de "-" "Mozilla/5.0 (Windows NT 6.1) AppleWebKit/537.36 (KHTML, like Gecko) Chrome/41.0.2228.0 Safari/537.36" "-"
35.156.234.0 - - [01/Aug/2018:06:37:34 +0200] "GET /category/news/ HTTP/1.1" 200 40030 www.fc-schnaittach.de "-" "Mozilla/5.0 (Windows NT 6.1) AppleWebKit/537.36 (KHTML, like Gecko) Chrome/41.0.2228.0 Safari/537.36" "-"
35.156.234.0 - - [01/Aug/2018:06:37:35 +0200] "GET / HTTP/1.1" 301 238 www.fc-schnaittach.de "-" "Mozilla/5.0 (Windows NT 6.1) AppleWebKit/537.36 (KHTML, like Gecko) Chrome/41.0.2228.0 Safari/537.36" "-"
18.184.164.0 - - [01/Aug/2018:06:37:35 +0200] "GET /fussball/1-mannschaft/ HTTP/1.1" 200 32466 www.fc-schnaittach.de "-" "Mozilla/5.0 (Windows NT 6.1) AppleWebKit/537.36 (KHTML, like Gecko) Chrome/41.0.2228.0 Safari/537.36" "-"
35.156.234.0 - - [01/Aug/2018:06:37:35 +0200] "GET / HTTP/1.1" 200 39792 www.fc-schnaittach.de "-" "Mozilla/5.0 (Windows NT 6.1) AppleWebKit/537.36 (KHTML, like Gecko) Chrome/41.0.2228.0 Safari/537.36" "-"
18.184.164.0 - - [01/Aug/2018:06:37:35 +0200] "GET /category/news/fussball/ HTTP/1.1" 200 46930 www.fc-schnaittach.de "-" "Mozilla/5.0 (Windows NT 6.1) AppleWebKit/537.36 (KHTML, like Gecko) Chrome/41.0.2228.0 Safari/537.36" "-"
35.156.234.0 - - [01/Aug/2018:06:37:36 +0200] "GET /fussball/1-mannschaft/ HTTP/1.1" 200 32466 www.fc-schnaittach.de "-" "Mozilla/5.0 (Windows NT 6.1) AppleWebKit/537.36 (KHTML, like Gecko) Chrome/41.0.2228.0 Safari/537.36" "-"
18.184.164.0 - - [01/Aug/2018:06:37:36 +0200] "GET /ansprechpartner/fussball/ HTTP/1.1" 200 37013 www.fc-schnaittach.de "-" "Mozilla/5.0 (Windows NT 6.1) AppleWebKit/537.36 (KHTML, like Gecko) Chrome/41.0.2228.0 Safari/537.36" "-"
35.156.234.0 - - [01/Aug/2018:06:37:36 +0200] "GET /category/news/fussball/ HTTP/1.1" 200 46930 www.fc-schnaittach.de "-" "Mozilla/5.0 (Windows NT 6.1) AppleWebKit/537.36 (KHTML, like Gecko) Chrome/41.0.2228.0 Safari/537.36" "-"
18.184.164.0 - - [01/Aug/2018:06:37:37 +0200] "GET /fussball/2-mannschaft/ HTTP/1.1" 200 49473 www.fc-schnaittach.de "-" "Mozilla/5.0 (Windows NT 6.1) AppleWebKit/537.36 (KHTML, like Gecko) Chrome/41.0.2228.0 Safari/537.36" "-"
35.156.234.0 - - [01/Aug/2018:06:37:37 +0200] "GET /ansprechpartner/fussball/ HTTP/1.1" 200 37013 www.fc-schnaittach.de "-" "Mozilla/5.0 (Windows NT 6.1) AppleWebKit/537.36 (KHTML, like Gecko) Chrome/41.0.2228.0 Safari/537.36" "-"
18.184.164.0 - - [01/Aug/2018:06:37:37 +0200] "GET /fussball/3-mannschaft/ HTTP/1.1" 200 29704 www.fc-schnaittach.de "-" "Mozilla/5.0 (Windows NT 6.1) AppleWebKit/537.36 (KHTML, like Gecko) Chrome/41.0.2228.0 Safari/537.36" "-"
35.156.234.0 - - [01/Aug/2018:06:37:38 +0200] "GET /fussball/2-mannschaft/ HTTP/1.1" 200 49473 www.fc-schnaittach.de "-" "Mozilla/5.0 (Windows NT 6.1) AppleWebKit/537.36 (KHTML, like Gecko) Chrome/41.0.2228.0 Safari/537.36" "-"
18.184.164.0 - - [01/Aug/2018:06:37:38 +0200] "GET /fussball/damen/ HTTP/1.1" 200 34439 www.fc-schnaittach.de "-" "Mozilla/5.0 (Windows NT 6.1) AppleWebKit/537.36 (KHTML, like Gecko) Chrome/41.0.2228.0 Safari/537.36" "-"
35.156.234.0 - - [01/Aug/2018:06:37:38 +0200] "GET /fussball/3-mannschaft/ HTTP/1.1" 200 29704 www.fc-schnaittach.de "-" "Mozilla/5.0 (Windows NT 6.1) AppleWebKit/537.36 (KHTML, like Gecko) Chrome/41.0.2228.0 Safari/537.36" "-"
35.156.234.0 - - [01/Aug/2018:06:37:39 +0200] "GET /fussball/damen/ HTTP/1.1" 200 34439 www.fc-schnaittach.de "-" "Mozilla/5.0 (Windows NT 6.1) AppleWebKit/537.36 (KHTML, like Gecko) Chrome/41.0.2228.0 Safari/537.36" "-"
18.197.102.0 - - [01/Aug/2018:06:39:26 +0200] "GET /robots.txt HTTP/1.1" 301 248 www.fc-schnaittach.de "-" "python-requests/2.19.1" "-"
18.197.102.0 - - [01/Aug/2018:06:39:26 +0200] "GET /robots.txt HTTP/1.1" 200 35 www.fc-schnaittach.de "-" "python-requests/2.19.1" "-"
18.197.102.0 - - [01/Aug/2018:06:39:26 +0200] "GET / HTTP/1.1" 301 238 www.fc-schnaittach.de "-" "Mozilla/5.0 (Windows NT 6.1) AppleWebKit/537.36 (KHTML, like Gecko) Chrome/41.0.2228.0 Safari/537.36" "-"
18.197.102.0 - - [01/Aug/2018:06:39:27 +0200] "GET / HTTP/1.1" 200 39792 www.fc-schnaittach.de "-" "Mozilla/5.0 (Windows NT 6.1) AppleWebKit/537.36 (KHTML, like Gecko) Chrome/41.0.2228.0 Safari/537.36" "-"
18.197.102.0 - - [01/Aug/2018:06:39:30 +0200] "GET /hauptverein/kontakt/ HTTP/1.1" 200 29908 www.fc-schnaittach.de "-" "Mozilla/5.0 (Windows NT 6.1) AppleWebKit/537.36 (KHTML, like Gecko) Chrome/41.0.2228.0 Safari/537.36" "-"
18.197.102.0 - - [01/Aug/2018:06:39:31 +0200] "GET / HTTP/1.1" 200 39792 www.fc-schnaittach.de "-" "Mozilla/5.0 (Windows NT 6.1) AppleWebKit/537.36 (KHTML, like Gecko) Chrome/41.0.2228.0 Safari/537.36" "-"
18.197.102.0 - - [01/Aug/2018:06:39:32 +0200] "GET /category/news/ HTTP/1.1" 200 40030 www.fc-schnaittach.de "-" "Mozilla/5.0 (Windows NT 6.1) AppleWebKit/537.36 (KHTML, like Gecko) Chrome/41.0.2228.0 Safari/537.36" "-"
18.197.102.0 - - [01/Aug/2018:06:39:32 +0200] "GET / HTTP/1.1" 301 238 www.fc-schnaittach.de "-" "Mozilla/5.0 (Windows NT 6.1) AppleWebKit/537.36 (KHTML, like Gecko) Chrome/41.0.2228.0 Safari/537.36" "-"
18.197.102.0 - - [01/Aug/2018:06:39:32 +0200] "GET / HTTP/1.1" 200 39792 www.fc-schnaittach.de "-" "Mozilla/5.0 (Windows NT 6.1) AppleWebKit/537.36 (KHTML, like Gecko) Chrome/41.0.2228.0 Safari/537.36" "-"
18.197.102.0 - - [01/Aug/2018:06:39:33 +0200] "GET /fussball/1-mannschaft/ HTTP/1.1" 200 32466 www.fc-schnaittach.de "-" "Mozilla/5.0 (Windows NT 6.1) AppleWebKit/537.36 (KHTML, like Gecko) Chrome/41.0.2228.0 Safari/537.36" "-"
18.197.102.0 - - [01/Aug/2018:06:39:34 +0200] "GET /category/news/fussball/ HTTP/1.1" 200 46930 www.fc-schnaittach.de "-" "Mozilla/5.0 (Windows NT 6.1) AppleWebKit/537.36 (KHTML, like Gecko) Chrome/41.0.2228.0 Safari/537.36" "-"
18.197.102.0 - - [01/Aug/2018:06:39:34 +0200] "GET /ansprechpartner/fussball/ HTTP/1.1" 200 37013 www.fc-schnaittach.de "-" "Mozilla/5.0 (Windows NT 6.1) AppleWebKit/537.36 (KHTML, like Gecko) Chrome/41.0.2228.0 Safari/537.36" "-"
18.197.102.0 - - [01/Aug/2018:06:39:35 +0200] "GET /fussball/2-mannschaft/ HTTP/1.1" 200 49473 www.fc-schnaittach.de "-" "Mozilla/5.0 (Windows NT 6.1) AppleWebKit/537.36 (KHTML, like Gecko) Chrome/41.0.2228.0 Safari/537.36" "-"
18.197.102.0 - - [01/Aug/2018:06:39:36 +0200] "GET /fussball/3-mannschaft/ HTTP/1.1" 200 29704 www.fc-schnaittach.de "-" "Mozilla/5.0 (Windows NT 6.1) AppleWebKit/537.36 (KHTML, like Gecko) Chrome/41.0.2228.0 Safari/537.36" "-"
18.197.102.0 - - [01/Aug/2018:06:39:36 +0200] "GET /fussball/damen/ HTTP/1.1" 200 34439 www.fc-schnaittach.de "-" "Mozilla/5.0 (Windows NT 6.1) AppleWebKit/537.36 (KHTML, like Gecko) Chrome/41.0.2228.0 Safari/537.36" "-"
54.36.148.0 - - [01/Aug/2018:06:42:30 +0200] "GET /wp-content/uploads/2018/07/IMG_0003.jpg HTTP/1.1" 200 1676518 www.fc-schnaittach.de "-" "Mozilla/5.0 (compatible; AhrefsBot/5.2; +http://ahrefs.com/robot/)" "-"
54.36.149.0 - - [01/Aug/2018:06:44:14 +0200] "GET /wp-content/uploads/2018/06/9.jpg HTTP/1.1" 200 205874 www.fc-schnaittach.de "-" "Mozilla/5.0 (compatible; AhrefsBot/5.2; +http://ahrefs.com/robot/)" "-"
13.82.188.0 - - [01/Aug/2018:06:49:14 +0200] "HEAD / HTTP/1.1" 301 - www.fc-schnaittach.de "-" "HTTPing v2.4" "-"
66.249.66.0 - - [01/Aug/2018:06:50:16 +0200] "GET /2529-2/ HTTP/1.1" 200 5827 www.fc-schnaittach.de "-" "Mozilla/5.0 (compatible; Googlebot/2.1; +http://www.google.com/bot.html)" "-"
180.76.15.0 - - [01/Aug/2018:06:52:34 +0200] "GET / HTTP/1.1" 301 238 www.fc-schnaittach.de "-" "Mozilla/5.0 (compatible; Baiduspider/2.0; +http://www.baidu.com/search/spider.html)" "-"
180.76.15.0 - - [01/Aug/2018:06:52:35 +0200] "GET / HTTP/1.1" 200 39792 www.fc-schnaittach.de "-" "Mozilla/5.0 (compatible; Baiduspider/2.0; +http://www.baidu.com/search/spider.html)" "-"
157.55.39.0 - - [01/Aug/2018:06:57:35 +0200] "GET /wp-content/uploads/2015/06/WP_20150725_12_47_13_Pro.jpg HTTP/1.1" 301 293 www.fc-schnaittach.de "-" "Mozilla/5.0 (compatible; bingbot/2.0; +http://www.bing.com/bingbot.htm)" "-"
157.55.39.0 - - [01/Aug/2018:06:57:37 +0200] "GET /wp-content/uploads/2015/06/WP_20150725_12_47_13_Pro.jpg HTTP/1.1" 200 72937 www.fc-schnaittach.de "-" "Mozilla/5.0 (compatible; bingbot/2.0; +http://www.bing.com/bingbot.htm)" "-"
77.75.76.0 - - [01/Aug/2018:06:59:03 +0200] "GET /robots.txt HTTP/1.1" 200 35 www.fc-schnaittach.de "-" "Mozilla/5.0 (compatible; SeznamBot/3.2; +http://napoveda.seznam.cz/en/seznambot-intro/)" "-"
2a02:598:: - - [01/Aug/2018:06:59:04 +0200] "GET /jahresfahrt-der-wanderabteilung-3/ HTTP/1.1" 200 8105 www.fc-schnaittach.de "-" "Mozilla/5.0 (compatible; SeznamBot/3.2; +http://napoveda.seznam.cz/en/seznambot-intro/)" "-"
77.75.76.0 - - [01/Aug/2018:06:59:06 +0200] "GET /robots.txt HTTP/1.1" 301 248 www.fc-schnaittach.de "-" "Mozilla/5.0 (compatible; SeznamBot/3.2; +http://napoveda.seznam.cz/en/seznambot-intro/)" "-"
2a02:598:: - - [01/Aug/2018:06:59:06 +0200] "GET /category/news/ HTTP/1.1" 200 8504 www.fc-schnaittach.de "-" "Mozilla/5.0 (compatible; SeznamBot/3.2; +http://napoveda.seznam.cz/en/seznambot-intro/)" "-"
207.46.13.0 - - [01/Aug/2018:06:59:23 +0200] "GET /dragonrun/werbebanner_1/ HTTP/1.1" 200 195 www.fc-schnaittach.de "-" "Mozilla/5.0 (compatible; bingbot/2.0; +http://www.bing.com/bingbot.htm)" "-"
52.175.195.0 - - [01/Aug/2018:07:02:41 +0200] "HEAD / HTTP/1.1" 301 - www.fc-schnaittach.de "-" "HTTPing v2.4" "-"
2001:a62:600:: - - [01/Aug/2018:07:03:16 +0200] "GET /wp-content/uploads/2014/12/DSC_0009.jpg HTTP/1.1" 200 162412 www.fc-schnaittach.de "-" "Mozilla/5.0 (Windows NT 10.0; Win64; x64; rv:61.0) Gecko/20100101 Firefox/61.0" "-"
66.249.66.0 - - [01/Aug/2018:07:05:01 +0200] "GET /dragonrun/ HTTP/1.1" 200 11384 www.fc-schnaittach.de "-" "Mozilla/5.0 (Linux; Android 6.0.1; Nexus 5X Build/MMB29P) AppleWebKit/537.36 (KHTML, like Gecko) Chrome/41.0.2272.96 Mobile Safari/537.36 (compatible; Googlebot/2.1; +http://www.google.com/bot.html)" "-"
157.55.39.0 - - [01/Aug/2018:07:05:47 +0200] "GET /wp-content/uploads/2015/03/Ramona-Dotzler.jpg HTTP/1.1" 301 283 www.fc-schnaittach.de "-" "Mozilla/5.0 (compatible; bingbot/2.0; +http://www.bing.com/bingbot.htm)" "-"
157.55.39.0 - - [01/Aug/2018:07:05:48 +0200] "GET /wp-content/uploads/2015/03/Ramona-Dotzler.jpg HTTP/1.1" 200 69799 www.fc-schnaittach.de "-" "Mozilla/5.0 (compatible; bingbot/2.0; +http://www.bing.com/bingbot.htm)" "-"
46.118.125.0 - - [01/Aug/2018:07:15:04 +0200] "GET /fussball/damen/ HTTP/1.1" 200 34403 www.fc-schnaittach.de "http://moneyzzz.ru/" "Mozilla/4.0 (compatible; MSIE 6.0; Windows NT 5.2; Win64; x64; SV1; .NET CLR 2.0.50727)" "-"
66.249.66.0 - - [01/Aug/2018:07:16:20 +0200] "GET /budo-weihnachtsfeier-2016/ HTTP/1.1" 200 8409 www.fc-schnaittach.de "-" "Mozilla/5.0 (compatible; Googlebot/2.1; +http://www.google.com/bot.html)" "-"
2a03:2880:: - - [01/Aug/2018:07:17:48 +0200] "GET /wp-content/uploads/2018/05/Small_Wall_1-1024x1024.jpg HTTP/1.1" 200 208539 www.fc-schnaittach.de "-" "facebookexternalhit/1.1 (+http://www.facebook.com/externalhit_uatext.php)" "-"
52.175.195.0 - - [01/Aug/2018:07:19:08 +0200] "HEAD / HTTP/1.1" 301 - www.fc-schnaittach.de "-" "HTTPing v2.4" "-"
217.160.63.0 - - [01/Aug/2018:07:22:58 +0200] "POST /wp-cron.php?doing_wp_cron=1533100978.7480230331420898437500 HTTP/1.1" 301 297 www.fc-schnaittach.de "http://www.fc-schnaittach.de/wp-cron.php?doing_wp_cron=1533100978.7480230331420898437500" "WordPress/4.9.7; https://www.fc-schnaittach.de" "-"
54.36.149.0 - - [01/Aug/2018:07:22:58 +0200] "GET /budo-termine-fuer-2015/ HTTP/1.1" 404 5769 www.fc-schnaittach.de "-" "Mozilla/5.0 (compatible; AhrefsBot/5.2; +http://ahrefs.com/robot/)" "-"
52.175.195.0 - - [01/Aug/2018:07:23:12 +0200] "HEAD / HTTP/1.1" 301 - www.fc-schnaittach.de "-" "HTTPing v2.4" "-"
207.46.13.0 - - [01/Aug/2018:07:25:43 +0200] "GET /wp-content/uploads/2014/10/M_Paszek.jpg HTTP/1.1" 301 277 www.fc-schnaittach.de "-" "Mozilla/5.0 (compatible; bingbot/2.0; +http://www.bing.com/bingbot.htm)" "-"
207.46.13.0 - - [01/Aug/2018:07:25:44 +0200] "GET /wp-content/uploads/2014/10/M_Paszek.jpg HTTP/1.1" 200 116125 www.fc-schnaittach.de "-" "Mozilla/5.0 (compatible; bingbot/2.0; +http://www.bing.com/bingbot.htm)" "-"
66.249.66.0 - - [01/Aug/2018:07:25:50 +0200] "GET /unterstuetzt-unsere-mannschaften/ HTTP/1.1" 200 6422 www.fc-schnaittach.de "-" "Mozilla/5.0 (compatible; Googlebot/2.1; +http://www.google.com/bot.html)" "-"
217.160.63.0 - - [01/Aug/2018:07:25:50 +0200] "POST /wp-cron.php?doing_wp_cron=1533101150.6017689704895019531250 HTTP/1.1" 200 23 www.fc-schnaittach.de "https://www.fc-schnaittach.de/wp-cron.php?doing_wp_cron=1533101150.6017689704895019531250" "WordPress/4.9.7; https://www.fc-schnaittach.de" "-"
216.244.66.0 - - [01/Aug/2018:07:26:11 +0200] "GET /robots.txt HTTP/1.1" 301 248 www.fc-schnaittach.de "-" "Mozilla/5.0 (compatible; DotBot/1.1; http://www.opensiteexplorer.org/dotbot, help@moz.com)" "-"
216.244.66.0 - - [01/Aug/2018:07:26:14 +0200] "GET /robots.txt HTTP/1.1" 200 35 www.fc-schnaittach.de "-" "Mozilla/5.0 (compatible; DotBot/1.1; http://www.opensiteexplorer.org/dotbot, help@moz.com)" "-"
66.249.66.0 - - [01/Aug/2018:07:27:28 +0200] "GET /wp-content/uploads/2016/11/Sonja-Ebi.jpg HTTP/1.1" 304 - www.fc-schnaittach.de "-" "Googlebot-Image/1.0" "-"
178.137.161.0 - - [01/Aug/2018:07:27:44 +0200] "GET /fussball/damen/ HTTP/1.1" 200 34403 www.fc-schnaittach.de "http://viagra-soft.ru/" "Mozilla/4.0 (compatible; MSIE 6.0; Update a; AOL 6.0; Windows 98)" "-"
178.137.161.0 - - [01/Aug/2018:07:27:46 +0200] "GET /fussball/damen/ HTTP/1.1" 200 34403 www.fc-schnaittach.de "http://viagra-soft.ru/" "Mozilla/4.0 (compatible; MSIE 6.0; Update a; AOL 6.0; Windows 98)" "-"
178.137.161.0 - - [01/Aug/2018:07:27:49 +0200] "GET /fussball/damen/ HTTP/1.1" 200 34403 www.fc-schnaittach.de "http://viagra-soft.ru/" "Mozilla/4.0 (compatible; MSIE 6.0; Update a; AOL 6.0; Windows 98)" "-"
178.137.161.0 - - [01/Aug/2018:07:27:49 +0200] "GET /fussball/damen/ HTTP/1.1" 200 34403 www.fc-schnaittach.de "http://viagra-soft.ru/" "Mozilla/4.0 (compatible; MSIE 6.0; Update a; AOL 6.0; Windows 98)" "-"
207.46.13.0 - - [01/Aug/2018:07:33:38 +0200] "GET /wp-content/uploads/2015/03/Nadine-Vogl.jpg HTTP/1.1" 200 64963 www.fc-schnaittach.de "-" "Mozilla/5.0 (compatible; bingbot/2.0; +http://www.bing.com/bingbot.htm)" "-"
54.36.148.0 - - [01/Aug/2018:07:35:31 +0200] "GET /maiausflug-der-wanderabteilung-2016/feed/ HTTP/1.1" 200 549 www.fc-schnaittach.de "-" "Mozilla/5.0 (compatible; AhrefsBot/5.2; +http://ahrefs.com/robot/)" "-"
54.36.148.0 - - [01/Aug/2018:07:37:32 +0200] "GET /wp-content/uploads/2016/12/Ascot.png HTTP/1.1" 301 274 www.fc-schnaittach.de "-" "Mozilla/5.0 (compatible; AhrefsBot/5.2; +http://ahrefs.com/robot/)" "-"
207.46.13.0 - - [01/Aug/2018:07:42:27 +0200] "GET /robots.txt HTTP/1.1" 200 35 www.fc-schnaittach.de "-" "Mozilla/5.0 (compatible; bingbot/2.0; +http://www.bing.com/bingbot.htm)" "-"
207.46.13.0 - - [01/Aug/2018:07:42:29 +0200] "GET /g-jugend/ HTTP/1.1" 200 7169 www.fc-schnaittach.de "-" "Mozilla/5.0 (compatible; bingbot/2.0; +http://www.bing.com/bingbot.htm)" "-"
77.220.213.0 - - [01/Aug/2018:07:42:46 +0200] "HEAD / HTTP/1.1" 301 - www.fc-schnaittach.de "https://avto-oligarh.ru" "Mozilla/2.0 (compatible; MSIE7.00; Windows 2009)" "-"
185.154.13.0 - - [01/Aug/2018:07:42:47 +0200] "HEAD / HTTP/1.1" 301 - www.fc-schnaittach.de "https://www.my-floor.in.ua/product/laminat-palacco" "Mozilla/7.0 (compatible; MSIE3.00; Windows 2007)" "-"
185.209.20.0 - - [01/Aug/2018:07:42:47 +0200] "HEAD / HTTP/1.1" 301 - www.fc-schnaittach.de "http://angel777.kz" "Mozilla/2.0 (compatible; MSIE5.00; Windows 2002)" "-"
77.220.214.0 - - [01/Aug/2018:07:42:47 +0200] "HEAD / HTTP/1.1" 301 - www.fc-schnaittach.de "https://vk.com/chelrestoran" "Mozilla/4.0 (compatible; MSIE7.00; Windows 2004)" "-"
178.159.39.0 - - [01/Aug/2018:07:42:47 +0200] "HEAD / HTTP/1.1" 301 - www.fc-schnaittach.de "https://volond.com/articles/humor/191-kak-rozhdayutsya-mify-i-skazki" "Mozilla/7.0 (compatible; MSIE4.00; Windows 2005)" "-"
178.159.43.0 - - [01/Aug/2018:07:42:49 +0200] "HEAD / HTTP/1.1" 301 - www.fc-schnaittach.de "https://potolki5.by/natyazhnoj-potolok-v-gostinuyu/" "Mozilla/8.0 (compatible; MSIE4.00; Windows 2009)" "-"
66.249.66.0 - - [01/Aug/2018:07:43:03 +0200] "GET /loesungsfindung-fuer-das-ferientraining/ HTTP/1.1" 200 6270 www.fc-schnaittach.de "-" "Mozilla/5.0 (compatible; Googlebot/2.1; +http://www.google.com/bot.html)" "-"
2a01:598:9000:: - - [01/Aug/2018:07:49:58 +0200] "GET /dragonrun/ HTTP/1.1" 200 11385 www.fc-schnaittach.de "https://www.google.de/" "Mozilla/5.0 (iPhone; CPU iPhone OS 11_4 like Mac OS X) AppleWebKit/605.1.15 (KHTML, like Gecko) Version/11.0 Mobile/15E148 Safari/604.1" "-"
2a01:598:9000:: - - [01/Aug/2018:07:49:58 +0200] "GET /wp-includes/js/wp-emoji-release.min.js?ver=4.9.7 HTTP/1.1" 200 11721 www.fc-schnaittach.de "https://www.fc-schnaittach.de/dragonrun/" "Mozilla/5.0 (iPhone; CPU iPhone OS 11_4 like Mac OS X) AppleWebKit/605.1.15 (KHTML, like Gecko) Version/11.0 Mobile/15E148 Safari/604.1" "-"
2a01:598:9000:: - - [01/Aug/2018:07:49:58 +0200] "GET /wp-content/plugins/contact-form-7/includes/css/styles.css?ver=5.0.2 HTTP/1.1" 200 1683 www.fc-schnaittach.de "https://www.fc-schnaittach.de/dragonrun/" "Mozilla/5.0 (iPhone; CPU iPhone OS 11_4 like Mac OS X) AppleWebKit/605.1.15 (KHTML, like Gecko) Version/11.0 Mobile/15E148 Safari/604.1" "-"
2a01:598:9000:: - - [01/Aug/2018:07:49:59 +0200] "GET /wp-content/plugins/feedzy-rss-feeds/css/feedzy-rss-feeds.css?ver=3.2.10 HTTP/1.1" 200 9822 www.fc-schnaittach.de "https://www.fc-schnaittach.de/dragonrun/" "Mozilla/5.0 (iPhone; CPU iPhone OS 11_4 like Mac OS X) AppleWebKit/605.1.15 (KHTML, like Gecko) Version/11.0 Mobile/15E148 Safari/604.1" "-"
2a01:598:9000:: - - [01/Aug/2018:07:49:59 +0200] "GET /wp-content/plugins/recently-updated-posts-widget/css/style.css?ver=4.9.7 HTTP/1.1" 200 45 www.fc-schnaittach.de "https://www.fc-schnaittach.de/dragonrun/" "Mozilla/5.0 (iPhone; CPU iPhone OS 11_4 like Mac OS X) AppleWebKit/605.1.15 (KHTML, like Gecko) Version/11.0 Mobile/15E148 Safari/604.1" "-"
2a01:598:9000:: - - [01/Aug/2018:07:49:59 +0200] "GET /wp-content/plugins/user-access-manager/assets/css/uamLoginForm.css?ver=2.1.11 HTTP/1.1" 200 468 www.fc-schnaittach.de "https://www.fc-schnaittach.de/dragonrun/" "Mozilla/5.0 (iPhone; CPU iPhone OS 11_4 like Mac OS X) AppleWebKit/605.1.15 (KHTML, like Gecko) Version/11.0 Mobile/15E148 Safari/604.1" "-"
2a01:598:9000:: - - [01/Aug/2018:07:49:59 +0200] "GET /wp-content/uploads/2018/07/30-768x509.jpg HTTP/1.1" 200 81235 www.fc-schnaittach.de "https://www.fc-schnaittach.de/dragonrun/" "Mozilla/5.0 (iPhone; CPU iPhone OS 11_4 like Mac OS X) AppleWebKit/605.1.15 (KHTML, like Gecko) Version/11.0 Mobile/15E148 Safari/604.1" "-"
2a01:598:9000:: - - [01/Aug/2018:07:49:59 +0200] "GET /wp-includes/js/jquery/jquery.js?ver=1.12.4 HTTP/1.1" 200 97184 www.fc-schnaittach.de "https://www.fc-schnaittach.de/dragonrun/" "Mozilla/5.0 (iPhone; CPU iPhone OS 11_4 like Mac OS X) AppleWebKit/605.1.15 (KHTML, like Gecko) Version/11.0 Mobile/15E148 Safari/604.1" "-"
2a01:598:9000:: - - [01/Aug/2018:07:49:59 +0200] "GET /wp-includes/js/jquery/jquery-migrate.min.js?ver=1.4.1 HTTP/1.1" 200 10056 www.fc-schnaittach.de "https://www.fc-schnaittach.de/dragonrun/" "Mozilla/5.0 (iPhone; CPU iPhone OS 11_4 like Mac OS X) AppleWebKit/605.1.15 (KHTML, like Gecko) Version/11.0 Mobile/15E148 Safari/604.1" "-"
2a01:598:9000:: - - [01/Aug/2018:07:49:59 +0200] "GET /wp-content/uploads/2018/07/31-768x509.jpg HTTP/1.1" 200 67664 www.fc-schnaittach.de "https://www.fc-schnaittach.de/dragonrun/" "Mozilla/5.0 (iPhone; CPU iPhone OS 11_4 like Mac OS X) AppleWebKit/605.1.15 (KHTML, like Gecko) Version/11.0 Mobile/15E148 Safari/604.1" "-"
2a01:598:9000:: - - [01/Aug/2018:07:49:59 +0200] "GET /wp-content/themes/fcs/css/jquery.smartmenus.bootstrap.css?ver=1418749976 HTTP/1.1" 200 3128 www.fc-schnaittach.de "https://www.fc-schnaittach.de/dragonrun/" "Mozilla/5.0 (iPhone; CPU iPhone OS 11_4 like Mac OS X) AppleWebKit/605.1.15 (KHTML, like Gecko) Version/11.0 Mobile/15E148 Safari/604.1" "-"
2a01:598:9000:: - - [01/Aug/2018:07:49:59 +0200] "GET /wp-content/uploads/2018/07/33-768x513.jpg HTTP/1.1" 200 77620 www.fc-schnaittach.de "https://www.fc-schnaittach.de/dragonrun/" "Mozilla/5.0 (iPhone; CPU iPhone OS 11_4 like Mac OS X) AppleWebKit/605.1.15 (KHTML, like Gecko) Version/11.0 Mobile/15E148 Safari/604.1" "-"
2a01:598:9000:: - - [01/Aug/2018:07:49:59 +0200] "GET /wp-content/themes/fcs/style.css?ver=1460744932 HTTP/1.1" 200 22587 www.fc-schnaittach.de "https://www.fc-schnaittach.de/dragonrun/" "Mozilla/5.0 (iPhone; CPU iPhone OS 11_4 like Mac OS X) AppleWebKit/605.1.15 (KHTML, like Gecko) Version/11.0 Mobile/15E148 Safari/604.1" "-"
2a01:598:9000:: - - [01/Aug/2018:07:49:59 +0200] "GET /wp-content/themes/fcs/images/production/FcsWappen.png?ver=1487205002 HTTP/1.1" 200 12482 www.fc-schnaittach.de "https://www.fc-schnaittach.de/dragonrun/" "Mozilla/5.0 (iPhone; CPU iPhone OS 11_4 like Mac OS X) AppleWebKit/605.1.15 (KHTML, like Gecko) Version/11.0 Mobile/15E148 Safari/604.1" "-"
2a01:598:9000:: - - [01/Aug/2018:07:49:59 +0200] "GET /wp-content/uploads/2018/07/34.jpg HTTP/1.1" 200 73090 www.fc-schnaittach.de "https://www.fc-schnaittach.de/dragonrun/" "Mozilla/5.0 (iPhone; CPU iPhone OS 11_4 like Mac OS X) AppleWebKit/605.1.15 (KHTML, like Gecko) Version/11.0 Mobile/15E148 Safari/604.1" "-"
2a01:598:9000:: - - [01/Aug/2018:07:49:59 +0200] "GET /wp-content/uploads/2018/07/36-768x287.jpg HTTP/1.1" 200 39248 www.fc-schnaittach.de "https://www.fc-schnaittach.de/dragonrun/" "Mozilla/5.0 (iPhone; CPU iPhone OS 11_4 like Mac OS X) AppleWebKit/605.1.15 (KHTML, like Gecko) Version/11.0 Mobile/15E148 Safari/604.1" "-"
2a01:598:9000:: - - [01/Aug/2018:07:49:59 +0200] "GET /wp-content/uploads/2018/04/A3-Poster-724x1024.jpeg HTTP/1.1" 200 148817 www.fc-schnaittach.de "https://www.fc-schnaittach.de/dragonrun/" "Mozilla/5.0 (iPhone; CPU iPhone OS 11_4 like Mac OS X) AppleWebKit/605.1.15 (KHTML, like Gecko) Version/11.0 Mobile/15E148 Safari/604.1" "-"
2a01:598:9000:: - - [01/Aug/2018:07:49:59 +0200] "GET /wp-content/uploads/2018/03/Gel%C3%A4ndekarte_8-768x445.png HTTP/1.1" 200 263795 www.fc-schnaittach.de "https://www.fc-schnaittach.de/dragonrun/" "Mozilla/5.0 (iPhone; CPU iPhone OS 11_4 like Mac OS X) AppleWebKit/605.1.15 (KHTML, like Gecko) Version/11.0 Mobile/15E148 Safari/604.1" "-"
2a01:598:9000:: - - [01/Aug/2018:07:49:59 +0200] "GET /wp-content/uploads/2018/06/Hindernisverteilung-2-768x576.png HTTP/1.1" 200 365228 www.fc-schnaittach.de "https://www.fc-schnaittach.de/dragonrun/" "Mozilla/5.0 (iPhone; CPU iPhone OS 11_4 like Mac OS X) AppleWebKit/605.1.15 (KHTML, like Gecko) Version/11.0 Mobile/15E148 Safari/604.1" "-"
2a01:598:9000:: - - [01/Aug/2018:07:49:59 +0200] "GET /wp-content/uploads/2018/05/Dragonzone_1-768x554.png HTTP/1.1" 200 337224 www.fc-schnaittach.de "https://www.fc-schnaittach.de/dragonrun/" "Mozilla/5.0 (iPhone; CPU iPhone OS 11_4 like Mac OS X) AppleWebKit/605.1.15 (KHTML, like Gecko) Version/11.0 Mobile/15E148 Safari/604.1" "-"
2a01:598:9000:: - - [01/Aug/2018:07:49:59 +0200] "GET /wp-content/uploads/2018/06/SBC-Flyer-Spendenziel-2018-300x224.png HTTP/1.1" 200 37803 www.fc-schnaittach.de "https://www.fc-schnaittach.de/dragonrun/" "Mozilla/5.0 (iPhone; CPU iPhone OS 11_4 like Mac OS X) AppleWebKit/605.1.15 (KHTML, like Gecko) Version/11.0 Mobile/15E148 Safari/604.1" "-"
2a01:598:9000:: - - [01/Aug/2018:07:49:59 +0200] "GET /wp-content/uploads/2018/06/DragonRun-Shirt_2-768x472.png HTTP/1.1" 200 114082 www.fc-schnaittach.de "https://www.fc-schnaittach.de/dragonrun/" "Mozilla/5.0 (iPhone; CPU iPhone OS 11_4 like Mac OS X) AppleWebKit/605.1.15 (KHTML, like Gecko) Version/11.0 Mobile/15E148 Safari/604.1" "-"
2a01:598:9000:: - - [01/Aug/2018:07:49:59 +0200] "GET /wp-content/uploads/2018/06/13-768x768.jpg HTTP/1.1" 200 134948 www.fc-schnaittach.de "https://www.fc-schnaittach.de/dragonrun/" "Mozilla/5.0 (iPhone; CPU iPhone OS 11_4 like Mac OS X) AppleWebKit/605.1.15 (KHTML, like Gecko) Version/11.0 Mobile/15E148 Safari/604.1" "-"
2a01:598:9000:: - - [01/Aug/2018:07:49:59 +0200] "GET /wp-content/uploads/2018/07/21-768x768.jpg HTTP/1.1" 200 161778 www.fc-schnaittach.de "https://www.fc-schnaittach.de/dragonrun/" "Mozilla/5.0 (iPhone; CPU iPhone OS 11_4 like Mac OS X) AppleWebKit/605.1.15 (KHTML, like Gecko) Version/11.0 Mobile/15E148 Safari/604.1" "-"
2a01:598:9000:: - - [01/Aug/2018:07:49:59 +0200] "GET /wp-content/uploads/2018/05/Small_Wall_1-768x768.jpg HTTP/1.1" 200 126002 www.fc-schnaittach.de "https://www.fc-schnaittach.de/dragonrun/" "Mozilla/5.0 (iPhone; CPU iPhone OS 11_4 like Mac OS X) AppleWebKit/605.1.15 (KHTML, like Gecko) Version/11.0 Mobile/15E148 Safari/604.1" "-"
2a01:598:9000:: - - [01/Aug/2018:07:49:59 +0200] "GET /wp-content/uploads/2018/05/Rock_your_hair_Chevy_1-768x768.png HTTP/1.1" 200 733340 www.fc-schnaittach.de "https://www.fc-schnaittach.de/dragonrun/" "Mozilla/5.0 (iPhone; CPU iPhone OS 11_4 like Mac OS X) AppleWebKit/605.1.15 (KHTML, like Gecko) Version/11.0 Mobile/15E148 Safari/604.1" "-"
2a01:598:9000:: - - [01/Aug/2018:07:49:59 +0200] "GET /wp-content/uploads/2018/05/3-1-768x768.jpg HTTP/1.1" 200 144876 www.fc-schnaittach.de "https://www.fc-schnaittach.de/dragonrun/" "Mozilla/5.0 (iPhone; CPU iPhone OS 11_4 like Mac OS X) AppleWebKit/605.1.15 (KHTML, like Gecko) Version/11.0 Mobile/15E148 Safari/604.1" "-"
2a01:598:9000:: - - [01/Aug/2018:07:49:59 +0200] "GET /wp-content/uploads/2018/05/4-768x770.jpg HTTP/1.1" 200 123516 www.fc-schnaittach.de "https://www.fc-schnaittach.de/dragonrun/" "Mozilla/5.0 (iPhone; CPU iPhone OS 11_4 like Mac OS X) AppleWebKit/605.1.15 (KHTML, like Gecko) Version/11.0 Mobile/15E148 Safari/604.1" "-"
2a01:598:9000:: - - [01/Aug/2018:07:49:59 +0200] "GET /wp-content/uploads/2018/07/23.jpg HTTP/1.1" 200 119173 www.fc-schnaittach.de "https://www.fc-schnaittach.de/dragonrun/" "Mozilla/5.0 (iPhone; CPU iPhone OS 11_4 like Mac OS X) AppleWebKit/605.1.15 (KHTML, like Gecko) Version/11.0 Mobile/15E148 Safari/604.1" "-"
2a01:598:9000:: - - [01/Aug/2018:07:50:00 +0200] "GET /wp-content/uploads/2018/05/6-768x576.jpg HTTP/1.1" 200 126531 www.fc-schnaittach.de "https://www.fc-schnaittach.de/dragonrun/" "Mozilla/5.0 (iPhone; CPU iPhone OS 11_4 like Mac OS X) AppleWebKit/605.1.15 (KHTML, like Gecko) Version/11.0 Mobile/15E148 Safari/604.1" "-"
2a01:598:9000:: - - [01/Aug/2018:07:50:00 +0200] "GET /wp-content/uploads/2018/05/4-1-768x768.jpg HTTP/1.1" 200 129805 www.fc-schnaittach.de "https://www.fc-schnaittach.de/dragonrun/" "Mozilla/5.0 (iPhone; CPU iPhone OS 11_4 like Mac OS X) AppleWebKit/605.1.15 (KHTML, like Gecko) Version/11.0 Mobile/15E148 Safari/604.1" "-"
2a01:598:9000:: - - [01/Aug/2018:07:50:00 +0200] "GET /wp-content/uploads/2018/06/6.jpg HTTP/1.1" 200 79659 www.fc-schnaittach.de "https://www.fc-schnaittach.de/dragonrun/" "Mozilla/5.0 (iPhone; CPU iPhone OS 11_4 like Mac OS X) AppleWebKit/605.1.15 (KHTML, like Gecko) Version/11.0 Mobile/15E148 Safari/604.1" "-"
2a01:598:9000:: - - [01/Aug/2018:07:50:00 +0200] "GET /wp-content/uploads/2018/06/9-768x768.jpg HTTP/1.1" 200 152896 www.fc-schnaittach.de "https://www.fc-schnaittach.de/dragonrun/" "Mozilla/5.0 (iPhone; CPU iPhone OS 11_4 like Mac OS X) AppleWebKit/605.1.15 (KHTML, like Gecko) Version/11.0 Mobile/15E148 Safari/604.1" "-"
2a01:598:9000:: - - [01/Aug/2018:07:50:00 +0200] "GET /wp-content/uploads/2018/07/19.jpg HTTP/1.1" 200 201270 www.fc-schnaittach.de "https://www.fc-schnaittach.de/dragonrun/" "Mozilla/5.0 (iPhone; CPU iPhone OS 11_4 like Mac OS X) AppleWebKit/605.1.15 (KHTML, like Gecko) Version/11.0 Mobile/15E148 Safari/604.1" "-"
2a01:598:9000:: - - [01/Aug/2018:07:50:00 +0200] "GET /wp-content/uploads/2018/06/10-768x768.jpg HTTP/1.1" 200 179182 www.fc-schnaittach.de "https://www.fc-schnaittach.de/dragonrun/" "Mozilla/5.0 (iPhone; CPU iPhone OS 11_4 like Mac OS X) AppleWebKit/605.1.15 (KHTML, like Gecko) Version/11.0 Mobile/15E148 Safari/604.1" "-"
2a01:598:9000:: - - [01/Aug/2018:07:50:00 +0200] "GET /wp-content/uploads/2018/06/11-768x768.jpg HTTP/1.1" 200 173835 www.fc-schnaittach.de "https://www.fc-schnaittach.de/dragonrun/" "Mozilla/5.0 (iPhone; CPU iPhone OS 11_4 like Mac OS X) AppleWebKit/605.1.15 (KHTML, like Gecko) Version/11.0 Mobile/15E148 Safari/604.1" "-"
2a01:598:9000:: - - [01/Aug/2018:07:50:00 +0200] "GET /wp-content/uploads/2018/06/12-768x768.jpg HTTP/1.1" 200 128116 www.fc-schnaittach.de "https://www.fc-schnaittach.de/dragonrun/" "Mozilla/5.0 (iPhone; CPU iPhone OS 11_4 like Mac OS X) AppleWebKit/605.1.15 (KHTML, like Gecko) Version/11.0 Mobile/15E148 Safari/604.1" "-"
2a01:598:9000:: - - [01/Aug/2018:07:50:00 +0200] "GET /wp-content/uploads/2018/06/15-768x766.jpg HTTP/1.1" 200 175244 www.fc-schnaittach.de "https://www.fc-schnaittach.de/dragonrun/" "Mozilla/5.0 (iPhone; CPU iPhone OS 11_4 like Mac OS X) AppleWebKit/605.1.15 (KHTML, like Gecko) Version/11.0 Mobile/15E148 Safari/604.1" "-"
2a01:598:9000:: - - [01/Aug/2018:07:50:00 +0200] "GET /wp-content/uploads/2018/06/17-768x768.jpg HTTP/1.1" 200 90438 www.fc-schnaittach.de "https://www.fc-schnaittach.de/dragonrun/" "Mozilla/5.0 (iPhone; CPU iPhone OS 11_4 like Mac OS X) AppleWebKit/605.1.15 (KHTML, like Gecko) Version/11.0 Mobile/15E148 Safari/604.1" "-"
2a01:598:9000:: - - [01/Aug/2018:07:50:00 +0200] "GET /wp-content/uploads/2018/07/25-768x768.jpg HTTP/1.1" 200 147793 www.fc-schnaittach.de "https://www.fc-schnaittach.de/dragonrun/" "Mozilla/5.0 (iPhone; CPU iPhone OS 11_4 like Mac OS X) AppleWebKit/605.1.15 (KHTML, like Gecko) Version/11.0 Mobile/15E148 Safari/604.1" "-"
2a01:598:9000:: - - [01/Aug/2018:07:50:00 +0200] "GET /wp-content/uploads/2018/07/20-768x768.jpg HTTP/1.1" 200 212788 www.fc-schnaittach.de "https://www.fc-schnaittach.de/dragonrun/" "Mozilla/5.0 (iPhone; CPU iPhone OS 11_4 like Mac OS X) AppleWebKit/605.1.15 (KHTML, like Gecko) Version/11.0 Mobile/15E148 Safari/604.1" "-"
