40.77.167.0 - - [06/Aug/2018:03:59:40 +0200] "GET /wp-content/uploads/2014/10/DSC03512-e1430394723773.jpg HTTP/1.1" 200 121054 www.fc-schnaittach.de "-" "Mozilla/5.0 (compatible; bingbot/2.0; +http://www.bing.com/bingbot.htm)" "-"
194.67.207.0 - - [06/Aug/2018:04:03:07 +0200] "HEAD / HTTP/1.1" 301 - www.fc-schnaittach.de "https://www.bravica.online/ru/" "Mozilla/6.0 (compatible; MSIE5.00; Windows 2009)" "-"
194.67.210.0 - - [06/Aug/2018:04:03:07 +0200] "HEAD / HTTP/1.1" 301 - www.fc-schnaittach.de "https://www.bravica.net/ru/" "Mozilla/8.0 (compatible; MSIE7.00; Windows 2008)" "-"
185.5.249.0 - - [06/Aug/2018:04:03:08 +0200] "HEAD / HTTP/1.1" 301 - www.fc-schnaittach.de "https://www.bravica.biz/ru/" "Mozilla/6.0 (compatible; MSIE7.00; Windows 2004)" "-"
194.67.207.0 - - [06/Aug/2018:04:03:08 +0200] "HEAD / HTTP/1.1" 301 - www.fc-schnaittach.de "https://www.bravica.ru" "Mozilla/3.0 (compatible; MSIE2.00; Windows 2004)" "-"
66.249.66.0 - - [06/Aug/2018:04:07:21 +0200] "GET /wp-content/uploads/2018/06/SBC-Flyer-Spendenziel-2018.png HTTP/1.1" 304 - www.fc-schnaittach.de "-" "Googlebot-Image/1.0" "-"
216.244.66.0 - - [06/Aug/2018:04:16:27 +0200] "GET /robots.txt HTTP/1.1" 301 248 www.fc-schnaittach.de "-" "Mozilla/5.0 (compatible; DotBot/1.1; http://www.opensiteexplorer.org/dotbot, help@moz.com)" "-"
216.244.66.0 - - [06/Aug/2018:04:16:29 +0200] "GET /robots.txt HTTP/1.1" 200 35 www.fc-schnaittach.de "-" "Mozilla/5.0 (compatible; DotBot/1.1; http://www.opensiteexplorer.org/dotbot, help@moz.com)" "-"
207.46.13.0 - - [06/Aug/2018:04:19:08 +0200] "GET /wp-content/uploads/2014/10/P1160481.jpg HTTP/1.1" 200 485884 www.fc-schnaittach.de "-" "Mozilla/5.0 (compatible; bingbot/2.0; +http://www.bing.com/bingbot.htm)" "-"
66.249.66.0 - - [06/Aug/2018:04:20:24 +0200] "GET /budo/zeitungsbericht-pegnitzzeitung/ HTTP/1.1" 200 6065 www.fc-schnaittach.de "-" "Mozilla/5.0 (compatible; Googlebot/2.1; +http://www.google.com/bot.html)" "-"
54.36.148.0 - - [06/Aug/2018:04:27:13 +0200] "GET /wp-content/uploads/2018/06/7.jpg HTTP/1.1" 200 213558 www.fc-schnaittach.de "-" "Mozilla/5.0 (compatible; AhrefsBot/5.2; +http://ahrefs.com/robot/)" "-"
207.46.13.0 - - [06/Aug/2018:04:37:06 +0200] "GET /dragonrun/ HTTP/1.1" 200 11383 www.fc-schnaittach.de "-" "Mozilla/5.0 (compatible; bingbot/2.0; +http://www.bing.com/bingbot.htm)" "-"
217.160.63.0 - - [06/Aug/2018:04:37:06 +0200] "POST /wp-cron.php?doing_wp_cron=1533523026.9071700572967529296875 HTTP/1.1" 200 23 www.fc-schnaittach.de "https://www.fc-schnaittach.de/wp-cron.php?doing_wp_cron=1533523026.9071700572967529296875" "WordPress/4.9.8; https://www.fc-schnaittach.de" "-"
217.160.63.0 - - [06/Aug/2018:04:37:07 +0200] "HEAD /wp-content/uploads/2015/03/Budo_Terminplan_12.03.2015_2.pdf HTTP/1.1" 301 - www.fc-schnaittach.de "https://www.fc-schnaittach.de" "Mozilla/5.0 (compatible; MSIE 9.0; Windows NT 6.1; WOW64; Trident/5.0)" "-"
217.160.63.0 - - [06/Aug/2018:04:37:07 +0200] "HEAD /wp-content/uploads/2015/03/Budo_Terminplan_12.03.2015_2.pdf HTTP/1.1" 200 - www.fc-schnaittach.de "https://www.fc-schnaittach.de" "Mozilla/5.0 (compatible; MSIE 9.0; Windows NT 6.1; WOW64; Trident/5.0)" "-"
217.160.63.0 - - [06/Aug/2018:04:37:09 +0200] "HEAD /wp-content/uploads/2015/02/UnterschriftVorstand1.png HTTP/1.1" 301 - www.fc-schnaittach.de "https://www.fc-schnaittach.de" "Mozilla/5.0 (compatible; MSIE 9.0; Windows NT 6.1; WOW64; Trident/5.0)" "-"
217.160.63.0 - - [06/Aug/2018:04:37:09 +0200] "HEAD /wp-content/uploads/2015/02/UnterschriftVorstand1.png HTTP/1.1" 200 - www.fc-schnaittach.de "https://www.fc-schnaittach.de" "Mozilla/5.0 (compatible; MSIE 9.0; Windows NT 6.1; WOW64; Trident/5.0)" "-"
217.160.63.0 - - [06/Aug/2018:04:37:11 +0200] "HEAD /wp-content/uploads/2016/12/IMG_9915.jpg HTTP/1.1" 301 - www.fc-schnaittach.de "https://www.fc-schnaittach.de" "Mozilla/5.0 (compatible; MSIE 9.0; Windows NT 6.1; WOW64; Trident/5.0)" "-"
217.160.63.0 - - [06/Aug/2018:04:37:11 +0200] "HEAD /wp-content/uploads/2016/12/IMG_9915.jpg HTTP/1.1" 200 - www.fc-schnaittach.de "https://www.fc-schnaittach.de" "Mozilla/5.0 (compatible; MSIE 9.0; Windows NT 6.1; WOW64; Trident/5.0)" "-"
207.46.13.0 - - [06/Aug/2018:04:37:11 +0200] "GET /wp-includes/js/jquery/jquery-migrate.min.js?ver=1.4.1 HTTP/1.1" 200 10056 www.fc-schnaittach.de "-" "Mozilla/5.0 (compatible; bingbot/2.0; +http://www.bing.com/bingbot.htm)" "-"
207.46.13.0 - - [06/Aug/2018:04:37:12 +0200] "GET /wp-content/themes/fcs/js/jquery.smartmenus.min.js?ver=1418750004 HTTP/1.1" 200 22672 www.fc-schnaittach.de "-" "Mozilla/5.0 (compatible; bingbot/2.0; +http://www.bing.com/bingbot.htm)" "-"
217.160.63.0 - - [06/Aug/2018:04:37:13 +0200] "HEAD /wp-content/uploads/2016/01/WF2016_1-300x225.jpg HTTP/1.1" 301 - www.fc-schnaittach.de "https://www.fc-schnaittach.de" "Mozilla/5.0 (compatible; MSIE 9.0; Windows NT 6.1; WOW64; Trident/5.0)" "-"
217.160.63.0 - - [06/Aug/2018:04:37:13 +0200] "HEAD /wp-content/uploads/2016/01/WF2016_1-300x225.jpg HTTP/1.1" 200 - www.fc-schnaittach.de "https://www.fc-schnaittach.de" "Mozilla/5.0 (compatible; MSIE 9.0; Windows NT 6.1; WOW64; Trident/5.0)" "-"
157.55.39.0 - - [06/Aug/2018:04:37:16 +0200] "GET /wp-content/plugins/contact-form-7/includes/js/scripts.js?ver=5.0.2 HTTP/1.1" 200 14585 www.fc-schnaittach.de "-" "Mozilla/5.0 (compatible; bingbot/2.0; +http://www.bing.com/bingbot.htm)" "-"
217.160.63.0 - - [06/Aug/2018:04:37:17 +0200] "HEAD /wp-content/uploads/2016/01/Urkunde-Julius-Hirsch-Preis-2015-page-002-214x300.jpg HTTP/1.1" 301 - www.fc-schnaittach.de "https://www.fc-schnaittach.de" "Mozilla/5.0 (compatible; MSIE 9.0; Windows NT 6.1; WOW64; Trident/5.0)" "-"
217.160.63.0 - - [06/Aug/2018:04:37:17 +0200] "HEAD /wp-content/uploads/2016/01/Urkunde-Julius-Hirsch-Preis-2015-page-002-214x300.jpg HTTP/1.1" 200 - www.fc-schnaittach.de "https://www.fc-schnaittach.de" "Mozilla/5.0 (compatible; MSIE 9.0; Windows NT 6.1; WOW64; Trident/5.0)" "-"
217.160.63.0 - - [06/Aug/2018:04:37:22 +0200] "HEAD /budo-weihnachtsfeier-2016/ HTTP/1.1" 200 - www.fc-schnaittach.de "https://www.fc-schnaittach.de" "Mozilla/5.0 (compatible; MSIE 9.0; Windows NT 6.1; WOW64; Trident/5.0)" "-"
217.160.63.0 - - [06/Aug/2018:04:37:27 +0200] "HEAD /wp-content/uploads/2016/12/IMG_9907-150x150.jpg HTTP/1.1" 301 - www.fc-schnaittach.de "https://www.fc-schnaittach.de" "Mozilla/5.0 (compatible; MSIE 9.0; Windows NT 6.1; WOW64; Trident/5.0)" "-"
217.160.63.0 - - [06/Aug/2018:04:37:27 +0200] "HEAD /wp-content/uploads/2016/12/IMG_9907-150x150.jpg HTTP/1.1" 200 - www.fc-schnaittach.de "https://www.fc-schnaittach.de" "Mozilla/5.0 (compatible; MSIE 9.0; Windows NT 6.1; WOW64; Trident/5.0)" "-"
217.160.63.0 - - [06/Aug/2018:04:37:32 +0200] "HEAD /pruefungsvorbereitung-mit-chris-grupe-baku-20-03-15/ HTTP/1.1" 200 - www.fc-schnaittach.de "https://www.fc-schnaittach.de" "Mozilla/5.0 (compatible; MSIE 9.0; Windows NT 6.1; WOW64; Trident/5.0)" "-"
216.244.66.0 - - [06/Aug/2018:04:41:32 +0200] "GET /robots.txt HTTP/1.1" 301 248 www.fc-schnaittach.de "-" "Mozilla/5.0 (compatible; DotBot/1.1; http://www.opensiteexplorer.org/dotbot, help@moz.com)" "-"
216.244.66.0 - - [06/Aug/2018:04:41:35 +0200] "GET /robots.txt HTTP/1.1" 200 35 www.fc-schnaittach.de "-" "Mozilla/5.0 (compatible; DotBot/1.1; http://www.opensiteexplorer.org/dotbot, help@moz.com)" "-"
85.25.210.0 - - [06/Aug/2018:04:50:58 +0200] "GET /robots.txt HTTP/1.1" 301 248 www.fc-schnaittach.de "-" "Mozilla/5.0 (Windows NT 6.1; WOW64) AppleWebKit/537.36 (KHTML, like Gecko) Chrome/37.0.2062.120 Safari/537.36" "-"
85.25.210.0 - - [06/Aug/2018:04:51:00 +0200] "GET /robots.txt HTTP/1.1" 200 35 www.fc-schnaittach.de "-" "Mozilla/5.0 (Windows NT 6.1; WOW64) AppleWebKit/537.36 (KHTML, like Gecko) Chrome/37.0.2062.120 Safari/537.36" "-"
85.25.210.0 - - [06/Aug/2018:04:51:02 +0200] "GET /robots.txt HTTP/1.1" 301 248 www.fc-schnaittach.de "-" "Mozilla/5.0 (compatible; adscanner/)" "-"
85.25.210.0 - - [06/Aug/2018:04:51:03 +0200] "GET /robots.txt HTTP/1.1" 200 35 www.fc-schnaittach.de "-" "Mozilla/5.0 (Windows NT 6.1; WOW64) AppleWebKit/537.36 (KHTML, like Gecko) Chrome/37.0.2062.120 Safari/537.36" "-"
85.25.210.0 - - [06/Aug/2018:04:51:03 +0200] "GET /robots.txt HTTP/1.1" 200 35 www.fc-schnaittach.de "-" "Mozilla/5.0 (compatible; adscanner/)" "-"
85.25.210.0 - - [06/Aug/2018:04:51:03 +0200] "GET /wp-content/uploads/2014/10/P1160498-1024x1009.jpg HTTP/1.1" 301 287 www.fc-schnaittach.de "-" "Mozilla/5.0 (compatible; adscanner/)" "-"
85.25.210.0 - - [06/Aug/2018:04:51:05 +0200] "GET /wp-content/uploads/2014/10/P1160498-1024x1009.jpg HTTP/1.1" 200 107373 www.fc-schnaittach.de "-" "Mozilla/5.0 (Windows NT 6.1; WOW64) AppleWebKit/537.36 (KHTML, like Gecko) Chrome/37.0.2062.120 Safari/537.36" "-"
94.130.71.0 - - [06/Aug/2018:04:51:06 +0200] "GET /wp-content/uploads/2014/10/P1160498-1024x1009.jpg HTTP/1.1" 200 107373 www.fc-schnaittach.de "-" "Java/1.8.0_151" "-"
85.25.210.0 - - [06/Aug/2018:04:51:06 +0200] "GET /wp-content/uploads/2014/10/P1160498-1024x1009.jpg HTTP/1.1" 200 107373 www.fc-schnaittach.de "-" "Mozilla/5.0 (compatible; adscanner/)" "-"
66.249.66.0 - - [06/Aug/2018:04:55:03 +0200] "GET /wp-includes/js/wp-emoji-release.min.js?ver=4.9.7 HTTP/1.1" 200 12026 www.fc-schnaittach.de "https://www.fc-schnaittach.de/" "Mozilla/5.0 AppleWebKit/537.36 (KHTML, like Gecko; compatible; Googlebot/2.1; +http://www.google.com/bot.html) Safari/537.36" "-"
66.249.66.0 - - [06/Aug/2018:04:55:03 +0200] "GET /wp-content/plugins/recently-updated-posts-widget/css/style.css?ver=4.9.7 HTTP/1.1" 200 45 www.fc-schnaittach.de "https://www.fc-schnaittach.de/" "Mozilla/5.0 AppleWebKit/537.36 (KHTML, like Gecko; compatible; Googlebot/2.1; +http://www.google.com/bot.html) Safari/537.36" "-"
66.249.66.0 - - [06/Aug/2018:04:55:03 +0200] "GET /wp-includes/js/wp-embed.min.js?ver=4.9.7 HTTP/1.1" 200 1398 www.fc-schnaittach.de "https://www.fc-schnaittach.de/" "Mozilla/5.0 AppleWebKit/537.36 (KHTML, like Gecko; compatible; Googlebot/2.1; +http://www.google.com/bot.html) Safari/537.36" "-"
66.249.66.0 - - [06/Aug/2018:04:59:39 +0200] "GET /wp-content/themes/fcs/images/production/Fussball_Production.jpg?ver=1487205002 HTTP/1.1" 304 - www.fc-schnaittach.de "-" "Googlebot-Image/1.0" "-"
157.55.39.0 - - [06/Aug/2018:05:05:27 +0200] "GET /wp-content/uploads/2018/05/3-1.jpg HTTP/1.1" 200 559121 www.fc-schnaittach.de "-" "Mozilla/5.0 (compatible; bingbot/2.0; +http://www.bing.com/bingbot.htm)" "-"
216.244.66.0 - - [06/Aug/2018:05:06:42 +0200] "GET /robots.txt HTTP/1.1" 301 248 www.fc-schnaittach.de "-" "Mozilla/5.0 (compatible; DotBot/1.1; http://www.opensiteexplorer.org/dotbot, help@moz.com)" "-"
216.244.66.0 - - [06/Aug/2018:05:06:45 +0200] "GET /robots.txt HTTP/1.1" 200 35 www.fc-schnaittach.de "-" "Mozilla/5.0 (compatible; DotBot/1.1; http://www.opensiteexplorer.org/dotbot, help@moz.com)" "-"
85.25.210.0 - - [06/Aug/2018:05:06:54 +0200] "GET /robots.txt HTTP/1.1" 301 248 www.fc-schnaittach.de "-" "Mozilla/5.0 (Windows NT 6.1; WOW64) AppleWebKit/537.36 (KHTML, like Gecko) Chrome/37.0.2062.120 Safari/537.36" "-"
85.25.210.0 - - [06/Aug/2018:05:06:55 +0200] "GET /robots.txt HTTP/1.1" 200 35 www.fc-schnaittach.de "-" "Mozilla/5.0 (Windows NT 6.1; WOW64) AppleWebKit/537.36 (KHTML, like Gecko) Chrome/37.0.2062.120 Safari/537.36" "-"
85.25.210.0 - - [06/Aug/2018:05:06:56 +0200] "GET /robots.txt HTTP/1.1" 301 248 www.fc-schnaittach.de "-" "Mozilla/5.0 (compatible; adscanner/)" "-"
85.25.210.0 - - [06/Aug/2018:05:06:59 +0200] "GET /robots.txt HTTP/1.1" 200 35 www.fc-schnaittach.de "-" "Mozilla/5.0 (Windows NT 6.1; WOW64) AppleWebKit/537.36 (KHTML, like Gecko) Chrome/37.0.2062.120 Safari/537.36" "-"
85.25.210.0 - - [06/Aug/2018:05:07:00 +0200] "GET /robots.txt HTTP/1.1" 200 35 www.fc-schnaittach.de "-" "Mozilla/5.0 (compatible; adscanner/)" "-"
85.25.210.0 - - [06/Aug/2018:05:07:00 +0200] "GET /wp-content/uploads/2014/10/P1160490-225x300.jpg HTTP/1.1" 301 285 www.fc-schnaittach.de "-" "Mozilla/5.0 (compatible; adscanner/)" "-"
85.25.210.0 - - [06/Aug/2018:05:07:01 +0200] "GET /wp-content/uploads/2014/10/P1160490-225x300.jpg HTTP/1.1" 200 13825 www.fc-schnaittach.de "-" "Mozilla/5.0 (Windows NT 6.1; WOW64) AppleWebKit/537.36 (KHTML, like Gecko) Chrome/37.0.2062.120 Safari/537.36" "-"
94.130.71.0 - - [06/Aug/2018:05:07:01 +0200] "GET /wp-content/uploads/2014/10/P1160490-225x300.jpg HTTP/1.1" 200 13825 www.fc-schnaittach.de "-" "Java/1.8.0_151" "-"
85.25.210.0 - - [06/Aug/2018:05:07:02 +0200] "GET /wp-content/uploads/2014/10/P1160490-225x300.jpg HTTP/1.1" 200 13825 www.fc-schnaittach.de "-" "Mozilla/5.0 (compatible; adscanner/)" "-"
85.25.210.0 - - [06/Aug/2018:05:07:04 +0200] "GET /robots.txt HTTP/1.1" 301 248 www.fc-schnaittach.de "-" "Mozilla/5.0 (Windows NT 6.1; WOW64) AppleWebKit/537.36 (KHTML, like Gecko) Chrome/37.0.2062.120 Safari/537.36" "-"
85.25.210.0 - - [06/Aug/2018:05:07:05 +0200] "GET /robots.txt HTTP/1.1" 200 35 www.fc-schnaittach.de "-" "Mozilla/5.0 (Windows NT 6.1; WOW64) AppleWebKit/537.36 (KHTML, like Gecko) Chrome/37.0.2062.120 Safari/537.36" "-"
85.25.210.0 - - [06/Aug/2018:05:07:09 +0200] "GET /robots.txt HTTP/1.1" 301 248 www.fc-schnaittach.de "-" "Mozilla/5.0 (compatible; adscanner/)" "-"
85.25.210.0 - - [06/Aug/2018:05:07:10 +0200] "GET /robots.txt HTTP/1.1" 200 35 www.fc-schnaittach.de "-" "Mozilla/5.0 (Windows NT 6.1; WOW64) AppleWebKit/537.36 (KHTML, like Gecko) Chrome/37.0.2062.120 Safari/537.36" "-"
85.25.210.0 - - [06/Aug/2018:05:07:12 +0200] "GET /robots.txt HTTP/1.1" 200 35 www.fc-schnaittach.de "-" "Mozilla/5.0 (compatible; adscanner/)" "-"
85.25.210.0 - - [06/Aug/2018:05:07:12 +0200] "GET /wp-content/uploads/2014/10/P1160485-899x1024.jpg HTTP/1.1" 301 286 www.fc-schnaittach.de "-" "Mozilla/5.0 (compatible; adscanner/)" "-"
85.25.210.0 - - [06/Aug/2018:05:07:14 +0200] "GET /wp-content/uploads/2014/10/P1160485-899x1024.jpg HTTP/1.1" 200 91185 www.fc-schnaittach.de "-" "Mozilla/5.0 (Windows NT 6.1; WOW64) AppleWebKit/537.36 (KHTML, like Gecko) Chrome/37.0.2062.120 Safari/537.36" "-"
94.130.71.0 - - [06/Aug/2018:05:07:15 +0200] "GET /wp-content/uploads/2014/10/P1160485-899x1024.jpg HTTP/1.1" 200 91185 www.fc-schnaittach.de "-" "Java/1.8.0_151" "-"
85.25.210.0 - - [06/Aug/2018:05:07:15 +0200] "GET /wp-content/uploads/2014/10/P1160485-899x1024.jpg HTTP/1.1" 200 91185 www.fc-schnaittach.de "-" "Mozilla/5.0 (compatible; adscanner/)" "-"
77.75.79.0 - - [06/Aug/2018:05:10:24 +0200] "GET /robots.txt HTTP/1.1" 200 35 www.fc-schnaittach.de "-" "Mozilla/5.0 (compatible; SeznamBot/3.2; +http://napoveda.seznam.cz/en/seznambot-intro/)" "-"
2a02:598:: - - [06/Aug/2018:05:10:24 +0200] "GET /wp-content/uploads/2014/12/13731508269647197-300x200.jpg HTTP/1.1" 200 10642 www.fc-schnaittach.de "-" "Mozilla/5.0 (compatible; SeznamBot/3.2; +http://napoveda.seznam.cz/en/seznambot-intro/)" "-"
2a02:598:: - - [06/Aug/2018:05:10:25 +0200] "GET /wp-content/uploads/2014/10/2-Mannschaft-300x225.jpeg HTTP/1.1" 200 15252 www.fc-schnaittach.de "-" "Mozilla/5.0 (compatible; SeznamBot/3.2; +http://napoveda.seznam.cz/en/seznambot-intro/)" "-"
66.249.66.0 - - [06/Aug/2018:05:12:53 +0200] "GET /datenschutzerklaerung/ HTTP/1.1" 200 15826 www.fc-schnaittach.de "-" "Mozilla/5.0 (compatible; Googlebot/2.1; +http://www.google.com/bot.html)" "-"
157.55.39.0 - - [06/Aug/2018:05:15:35 +0200] "GET /wp-content/uploads/2015/03/P1020761.jpg HTTP/1.1" 301 277 www.fc-schnaittach.de "-" "Mozilla/5.0 (compatible; bingbot/2.0; +http://www.bing.com/bingbot.htm)" "-"
157.55.39.0 - - [06/Aug/2018:05:15:36 +0200] "GET /wp-content/uploads/2015/03/P1020761.jpg HTTP/1.1" 200 47750 www.fc-schnaittach.de "-" "Mozilla/5.0 (compatible; bingbot/2.0; +http://www.bing.com/bingbot.htm)" "-"
66.249.66.0 - - [06/Aug/2018:05:16:59 +0200] "GET /sitemap-pt-contactperson-2016-05.xml HTTP/1.1" 200 495 www.fc-schnaittach.de "-" "Mozilla/5.0 (compatible; Googlebot/2.1; +http://www.google.com/bot.html)" "-"
85.25.210.0 - - [06/Aug/2018:05:23:43 +0200] "GET /robots.txt HTTP/1.1" 301 248 www.fc-schnaittach.de "-" "Mozilla/5.0 (Windows NT 6.1; WOW64) AppleWebKit/537.36 (KHTML, like Gecko) Chrome/37.0.2062.120 Safari/537.36" "-"
85.25.210.0 - - [06/Aug/2018:05:23:44 +0200] "GET /robots.txt HTTP/1.1" 200 35 www.fc-schnaittach.de "-" "Mozilla/5.0 (Windows NT 6.1; WOW64) AppleWebKit/537.36 (KHTML, like Gecko) Chrome/37.0.2062.120 Safari/537.36" "-"
85.25.210.0 - - [06/Aug/2018:05:23:44 +0200] "GET /robots.txt HTTP/1.1" 301 248 www.fc-schnaittach.de "-" "Mozilla/5.0 (compatible; adscanner/)" "-"
85.25.210.0 - - [06/Aug/2018:05:23:47 +0200] "GET /robots.txt HTTP/1.1" 200 35 www.fc-schnaittach.de "-" "Mozilla/5.0 (Windows NT 6.1; WOW64) AppleWebKit/537.36 (KHTML, like Gecko) Chrome/37.0.2062.120 Safari/537.36" "-"
85.25.210.0 - - [06/Aug/2018:05:23:48 +0200] "GET /robots.txt HTTP/1.1" 200 35 www.fc-schnaittach.de "-" "Mozilla/5.0 (compatible; adscanner/)" "-"
85.25.210.0 - - [06/Aug/2018:05:23:49 +0200] "GET /wp-content/uploads/2014/10/P1160507-300x279.jpg HTTP/1.1" 301 285 www.fc-schnaittach.de "-" "Mozilla/5.0 (compatible; adscanner/)" "-"
85.25.210.0 - - [06/Aug/2018:05:23:51 +0200] "GET /wp-content/uploads/2014/10/P1160507-300x279.jpg HTTP/1.1" 200 14767 www.fc-schnaittach.de "-" "Mozilla/5.0 (Windows NT 6.1; WOW64) AppleWebKit/537.36 (KHTML, like Gecko) Chrome/37.0.2062.120 Safari/537.36" "-"
94.130.71.0 - - [06/Aug/2018:05:23:52 +0200] "GET /wp-content/uploads/2014/10/P1160507-300x279.jpg HTTP/1.1" 200 14767 www.fc-schnaittach.de "-" "Java/1.8.0_151" "-"
85.25.210.0 - - [06/Aug/2018:05:23:52 +0200] "GET /wp-content/uploads/2014/10/P1160507-300x279.jpg HTTP/1.1" 200 14767 www.fc-schnaittach.de "-" "Mozilla/5.0 (compatible; adscanner/)" "-"
85.25.210.0 - - [06/Aug/2018:05:24:36 +0200] "GET /robots.txt HTTP/1.1" 301 248 www.fc-schnaittach.de "-" "Mozilla/5.0 (Windows NT 6.1; WOW64) AppleWebKit/537.36 (KHTML, like Gecko) Chrome/37.0.2062.120 Safari/537.36" "-"
85.25.210.0 - - [06/Aug/2018:05:24:36 +0200] "GET /robots.txt HTTP/1.1" 200 35 www.fc-schnaittach.de "-" "Mozilla/5.0 (Windows NT 6.1; WOW64) AppleWebKit/537.36 (KHTML, like Gecko) Chrome/37.0.2062.120 Safari/537.36" "-"
85.25.210.0 - - [06/Aug/2018:05:24:37 +0200] "GET /robots.txt HTTP/1.1" 301 248 www.fc-schnaittach.de "-" "Mozilla/5.0 (compatible; adscanner/)" "-"
85.25.210.0 - - [06/Aug/2018:05:24:38 +0200] "GET /robots.txt HTTP/1.1" 200 35 www.fc-schnaittach.de "-" "Mozilla/5.0 (Windows NT 6.1; WOW64) AppleWebKit/537.36 (KHTML, like Gecko) Chrome/37.0.2062.120 Safari/537.36" "-"
85.25.210.0 - - [06/Aug/2018:05:24:41 +0200] "GET /robots.txt HTTP/1.1" 200 35 www.fc-schnaittach.de "-" "Mozilla/5.0 (compatible; adscanner/)" "-"
85.25.210.0 - - [06/Aug/2018:05:24:42 +0200] "GET /wp-content/uploads/2016/10/20170420_150851.jpg HTTP/1.1" 301 284 www.fc-schnaittach.de "-" "Mozilla/5.0 (compatible; adscanner/)" "-"
85.25.210.0 - - [06/Aug/2018:05:24:43 +0200] "GET /wp-content/uploads/2016/10/20170420_150851.jpg HTTP/1.1" 200 104972 www.fc-schnaittach.de "-" "Mozilla/5.0 (Windows NT 6.1; WOW64) AppleWebKit/537.36 (KHTML, like Gecko) Chrome/37.0.2062.120 Safari/537.36" "-"
94.130.71.0 - - [06/Aug/2018:05:24:44 +0200] "GET /wp-content/uploads/2016/10/20170420_150851.jpg HTTP/1.1" 200 104972 www.fc-schnaittach.de "-" "Java/1.8.0_151" "-"
85.25.210.0 - - [06/Aug/2018:05:24:45 +0200] "GET /wp-content/uploads/2016/10/20170420_150851.jpg HTTP/1.1" 200 104972 www.fc-schnaittach.de "-" "Mozilla/5.0 (compatible; adscanner/)" "-"
216.244.66.0 - - [06/Aug/2018:05:31:36 +0200] "GET /robots.txt HTTP/1.1" 301 248 www.fc-schnaittach.de "-" "Mozilla/5.0 (compatible; DotBot/1.1; http://www.opensiteexplorer.org/dotbot, help@moz.com)" "-"
216.244.66.0 - - [06/Aug/2018:05:31:40 +0200] "GET /robots.txt HTTP/1.1" 200 35 www.fc-schnaittach.de "-" "Mozilla/5.0 (compatible; DotBot/1.1; http://www.opensiteexplorer.org/dotbot, help@moz.com)" "-"
207.46.13.0 - - [06/Aug/2018:05:32:05 +0200] "GET /wp-content/uploads/2015/01/FCS-Neufassung-Satzung-DIN-A5.pdf HTTP/1.1" 301 298 www.fc-schnaittach.de "-" "Mozilla/5.0 (compatible; bingbot/2.0; +http://www.bing.com/bingbot.htm)" "-"
207.46.13.0 - - [06/Aug/2018:05:36:10 +0200] "GET /wp-content/uploads/2018/06/DragonRun-Shirt_2.png HTTP/1.1" 200 782623 www.fc-schnaittach.de "-" "Mozilla/5.0 (compatible; bingbot/2.0; +http://www.bing.com/bingbot.htm)" "-"
77.220.213.0 - - [06/Aug/2018:05:37:04 +0200] "HEAD / HTTP/1.1" 301 - www.fc-schnaittach.de "https://avto-oligarh.ru" "Mozilla/6.0 (compatible; MSIE4.00; Windows 2008)" "-"
212.86.109.0 - - [06/Aug/2018:05:37:05 +0200] "HEAD / HTTP/1.1" 301 - www.fc-schnaittach.de "https://criptoblog.ru/review/" "Mozilla/3.0 (compatible; MSIE3.00; Windows 2006)" "-"
77.220.214.0 - - [06/Aug/2018:05:37:05 +0200] "HEAD / HTTP/1.1" 301 - www.fc-schnaittach.de "https://kovrenok.ru/catalog/kovry-tibet-120l-w-and-s/" "Mozilla/3.0 (compatible; MSIE6.00; Windows 2006)" "-"
178.159.39.0 - - [06/Aug/2018:05:37:05 +0200] "HEAD / HTTP/1.1" 301 - www.fc-schnaittach.de "https://dekka-msk.ru/29-kostyumy" "Mozilla/2.0 (compatible; MSIE3.00; Windows 2005)" "-"
40.77.188.0 - - [06/Aug/2018:05:38:14 +0200] "GET /wp-includes/js/wp-emoji-release.min.js?ver=4.9.8 HTTP/1.1" 200 12026 www.fc-schnaittach.de "-" "Mozilla/5.0 (Windows NT 6.1; WOW64) AppleWebKit/534+ (KHTML, like Gecko) BingPreview/1.0b" "-"
207.46.13.0 - - [06/Aug/2018:05:39:01 +0200] "GET /vorbereitungsplan-der-1-2-damenmannschaft-sommer-2017/ HTTP/1.1" 200 6543 www.fc-schnaittach.de "-" "Mozilla/5.0 (compatible; bingbot/2.0; +http://www.bing.com/bingbot.htm)" "-"
217.160.63.0 - - [06/Aug/2018:05:39:01 +0200] "POST /wp-cron.php?doing_wp_cron=1533526741.6897718906402587890625 HTTP/1.1" 200 23 www.fc-schnaittach.de "https://www.fc-schnaittach.de/wp-cron.php?doing_wp_cron=1533526741.6897718906402587890625" "WordPress/4.9.8; https://www.fc-schnaittach.de" "-"
217.160.63.0 - - [06/Aug/2018:05:39:02 +0200] "HEAD /wp-content/uploads/2018/05/4-1.jpg HTTP/1.1" 200 - www.fc-schnaittach.de "https://www.fc-schnaittach.de" "Mozilla/5.0 (compatible; MSIE 9.0; Windows NT 6.1; WOW64; Trident/5.0)" "-"
217.160.63.0 - - [06/Aug/2018:05:39:04 +0200] "HEAD /wp-content/uploads/2018/05/4-1-300x300.jpg HTTP/1.1" 200 - www.fc-schnaittach.de "https://www.fc-schnaittach.de" "Mozilla/5.0 (compatible; MSIE 9.0; Windows NT 6.1; WOW64; Trident/5.0)" "-"
185.154.13.0 - - [06/Aug/2018:05:39:14 +0200] "HEAD / HTTP/1.1" 301 - www.fc-schnaittach.de "https://www.allcryptonews.com/" "Mozilla/7.0 (compatible; MSIE3.00; Windows 2005)" "-"
85.25.210.0 - - [06/Aug/2018:05:43:39 +0200] "GET /robots.txt HTTP/1.1" 301 248 www.fc-schnaittach.de "-" "Mozilla/5.0 (Windows NT 6.1; WOW64) AppleWebKit/537.36 (KHTML, like Gecko) Chrome/37.0.2062.120 Safari/537.36" "-"
85.25.210.0 - - [06/Aug/2018:05:43:39 +0200] "GET /robots.txt HTTP/1.1" 200 35 www.fc-schnaittach.de "-" "Mozilla/5.0 (Windows NT 6.1; WOW64) AppleWebKit/537.36 (KHTML, like Gecko) Chrome/37.0.2062.120 Safari/537.36" "-"
85.25.210.0 - - [06/Aug/2018:05:43:40 +0200] "GET /robots.txt HTTP/1.1" 301 248 www.fc-schnaittach.de "-" "Mozilla/5.0 (compatible; adscanner/)" "-"
85.25.210.0 - - [06/Aug/2018:05:43:42 +0200] "GET /robots.txt HTTP/1.1" 200 35 www.fc-schnaittach.de "-" "Mozilla/5.0 (Windows NT 6.1; WOW64) AppleWebKit/537.36 (KHTML, like Gecko) Chrome/37.0.2062.120 Safari/537.36" "-"
85.25.210.0 - - [06/Aug/2018:05:43:43 +0200] "GET /robots.txt HTTP/1.1" 200 35 www.fc-schnaittach.de "-" "Mozilla/5.0 (compatible; adscanner/)" "-"
85.25.210.0 - - [06/Aug/2018:05:43:45 +0200] "GET /wp-content/uploads/2014/10/P1160524.jpg HTTP/1.1" 301 277 www.fc-schnaittach.de "-" "Mozilla/5.0 (Windows NT 6.1; WOW64) AppleWebKit/537.36 (KHTML, like Gecko) Chrome/37.0.2062.120 Safari/537.36" "-"
85.25.210.0 - - [06/Aug/2018:05:43:45 +0200] "GET /wp-content/uploads/2014/10/P1160524.jpg HTTP/1.1" 200 435596 www.fc-schnaittach.de "-" "Mozilla/5.0 (Windows NT 6.1; WOW64) AppleWebKit/537.36 (KHTML, like Gecko) Chrome/37.0.2062.120 Safari/537.36" "-"
85.25.210.0 - - [06/Aug/2018:05:43:46 +0200] "GET /wp-content/uploads/2014/10/P1160524.jpg HTTP/1.1" 301 277 www.fc-schnaittach.de "-" "Java/1.8.0_151" "-"
85.25.210.0 - - [06/Aug/2018:05:43:46 +0200] "GET /wp-content/uploads/2014/10/P1160524.jpg HTTP/1.1" 301 277 www.fc-schnaittach.de "-" "Mozilla/5.0 (compatible; adscanner/)" "-"
85.25.210.0 - - [06/Aug/2018:05:43:47 +0200] "GET /wp-content/uploads/2014/10/P1160524.jpg HTTP/1.1" 200 435596 www.fc-schnaittach.de "-" "Mozilla/5.0 (Windows NT 6.1; WOW64) AppleWebKit/537.36 (KHTML, like Gecko) Chrome/37.0.2062.120 Safari/537.36" "-"
94.130.71.0 - - [06/Aug/2018:05:43:48 +0200] "GET /wp-content/uploads/2014/10/P1160524.jpg HTTP/1.1" 200 435596 www.fc-schnaittach.de "-" "Java/1.8.0_151" "-"
85.25.210.0 - - [06/Aug/2018:05:43:48 +0200] "GET /wp-content/uploads/2014/10/P1160524.jpg HTTP/1.1" 200 435596 www.fc-schnaittach.de "-" "Mozilla/5.0 (compatible; adscanner/)" "-"
216.244.66.0 - - [06/Aug/2018:05:45:15 +0200] "GET /budo/zeitungsbericht-pegnitzzeitung/feed/ HTTP/1.1" 200 995 www.fc-schnaittach.de "-" "Mozilla/5.0 (compatible; DotBot/1.1; http://www.opensiteexplorer.org/dotbot, help@moz.com)" "-"
148.251.237.0 - - [06/Aug/2018:05:45:47 +0200] "GET /budo/kickboxen-guertelpruefung-13-06-2015/ HTTP/1.1" 200 34901 www.fc-schnaittach.de "-" "Mozilla/5.0 (X11; Linux x86_64) AppleWebKit/537.36 (KHTML, like Gecko) Chrome/64.0.3282.119 Safari/537.36" "-"
178.159.43.0 - - [06/Aug/2018:05:48:29 +0200] "HEAD / HTTP/1.1" 301 - www.fc-schnaittach.de "http://vsevn.ru/category/it-razlichnye-sovety-i-rekomendacii" "Mozilla/3.0 (compatible; MSIE3.00; Windows 2004)" "-"
195.201.174.0 - - [06/Aug/2018:05:51:12 +0200] "GET /robots.txt HTTP/1.1" 301 248 fc-schnaittach.de "-" "Mozilla/5.0 (Windows NT 10.0; Win64; x64; rv:48.0) Gecko/20100101 Firefox/48.0" "-"
195.201.174.0 - - [06/Aug/2018:05:51:12 +0200] "GET /xmlrpc.php?rsd HTTP/1.1" 301 252 fc-schnaittach.de "-" "Mozilla/5.0 (Windows NT 10.0; Win64; x64; rv:48.0) Gecko/20100101 Firefox/48.0" "-"
195.201.174.0 - - [06/Aug/2018:05:51:12 +0200] "GET / HTTP/1.1" 301 238 fc-schnaittach.de "-" "Mozilla/5.0 (Windows NT 10.0; Win64; x64; rv:48.0) Gecko/20100101 Firefox/48.0" "-"
195.201.174.0 - - [06/Aug/2018:05:51:12 +0200] "GET /blog/robots.txt HTTP/1.1" 200 3 fc-schnaittach.de "-" "Mozilla/5.0 (Windows NT 10.0; Win64; x64; rv:48.0) Gecko/20100101 Firefox/48.0" "-"
195.201.174.0 - - [06/Aug/2018:05:51:12 +0200] "GET /blog/ HTTP/1.1" 200 3 fc-schnaittach.de "-" "Mozilla/5.0 (Windows NT 10.0; Win64; x64; rv:48.0) Gecko/20100101 Firefox/48.0" "-"
195.201.174.0 - - [06/Aug/2018:05:51:12 +0200] "GET /wordpress/ HTTP/1.1" 200 3 fc-schnaittach.de "-" "Mozilla/5.0 (Windows NT 10.0; Win64; x64; rv:48.0) Gecko/20100101 Firefox/48.0" "-"
195.201.174.0 - - [06/Aug/2018:05:51:13 +0200] "GET /wp/ HTTP/1.1" 200 3 fc-schnaittach.de "-" "Mozilla/5.0 (Windows NT 10.0; Win64; x64; rv:48.0) Gecko/20100101 Firefox/48.0" "-"
178.137.161.0 - - [06/Aug/2018:05:52:31 +0200] "GET /fussball/damen/ HTTP/1.1" 200 34396 www.fc-schnaittach.de "http://viagra-soft.ru/" "Opera/9.00 (Windows NT 4.0; U; en)" "-"
178.137.161.0 - - [06/Aug/2018:05:52:32 +0200] "GET /fussball/damen/ HTTP/1.1" 200 34396 www.fc-schnaittach.de "http://viagra-soft.ru/" "Opera/9.00 (Windows NT 4.0; U; en)" "-"
178.137.161.0 - - [06/Aug/2018:05:52:33 +0200] "GET /fussball/damen/ HTTP/1.1" 200 34396 www.fc-schnaittach.de "http://viagra-soft.ru/" "Opera/9.00 (Windows NT 4.0; U; en)" "-"
178.137.161.0 - - [06/Aug/2018:05:52:34 +0200] "GET /fussball/damen/ HTTP/1.1" 200 34396 www.fc-schnaittach.de "http://viagra-soft.ru/" "Opera/9.00 (Windows NT 4.0; U; en)" "-"
111.118.215.0 - - [06/Aug/2018:05:54:43 +0200] "POST /xmlrpc.php HTTP/1.1" 301 248 fc-schnaittach.de "-" "Mozilla/5.0 (Windows; U; Windows NT 5.1; en-US; rv:1.9.0.1) Gecko/2008070208 Firefox/3.0.1" "-"
216.244.66.0 - - [06/Aug/2018:05:56:40 +0200] "GET /robots.txt HTTP/1.1" 301 248 www.fc-schnaittach.de "-" "Mozilla/5.0 (compatible; DotBot/1.1; http://www.opensiteexplorer.org/dotbot, help@moz.com)" "-"
216.244.66.0 - - [06/Aug/2018:05:56:43 +0200] "GET /robots.txt HTTP/1.1" 200 35 www.fc-schnaittach.de "-" "Mozilla/5.0 (compatible; DotBot/1.1; http://www.opensiteexplorer.org/dotbot, help@moz.com)" "-"
52.175.195.0 - - [06/Aug/2018:05:57:49 +0200] "HEAD / HTTP/1.1" 301 - www.fc-schnaittach.de "-" "HTTPing v2.4" "-"
66.249.66.0 - - [06/Aug/2018:05:59:32 +0200] "GET /fcs-ii-tsv-rueckersdorf-ii-51-10-03-2018/ HTTP/1.1" 200 7724 www.fc-schnaittach.de "-" "Mozilla/5.0 (compatible; Googlebot/2.1; +http://www.google.com/bot.html)" "-"
62.2.217.0 - - [06/Aug/2018:06:01:07 +0200] "GET /Dragonrun HTTP/1.1" 301 23 fc-schnaittach.de "http://www.laufkalender24.de/" "Mozilla/5.0 (Windows NT 6.1; WOW64; Trident/7.0; rv:11.0) like Gecko" "-"
62.2.217.0 - - [06/Aug/2018:06:01:08 +0200] "GET /Dragonrun/ HTTP/1.1" 200 11389 www.fc-schnaittach.de "http://www.laufkalender24.de/" "Mozilla/5.0 (Windows NT 6.1; WOW64; Trident/7.0; rv:11.0) like Gecko" "-"
66.249.66.0 - - [06/Aug/2018:06:07:29 +0200] "GET /favicon.ico HTTP/1.1" 200 3 www.fc-schnaittach.de "-" "Googlebot-Image/1.0" "-"
40.77.167.0 - - [06/Aug/2018:06:10:12 +0200] "GET /wp-content/uploads/2016/11/Denise-Hanisch.jpg HTTP/1.1" 200 993256 www.fc-schnaittach.de "-" "Mozilla/5.0 (compatible; bingbot/2.0; +http://www.bing.com/bingbot.htm)" "-"
54.36.148.0 - - [06/Aug/2018:06:10:24 +0200] "GET /1593-2/feed/ HTTP/1.1" 200 533 www.fc-schnaittach.de "-" "Mozilla/5.0 (compatible; AhrefsBot/5.2; +http://ahrefs.com/robot/)" "-"
66.249.66.0 - - [06/Aug/2018:06:10:51 +0200] "GET /robots.txt HTTP/1.1" 200 35 fc-schnaittach.de "-" "Mozilla/5.0 (compatible; Googlebot/2.1; +http://www.google.com/bot.html)" "-"
66.249.66.0 - - [06/Aug/2018:06:10:51 +0200] "GET / HTTP/1.1" 301 23 fc-schnaittach.de "-" "Mozilla/5.0 (Linux; Android 6.0.1; Nexus 5X Build/MMB29P) AppleWebKit/537.36 (KHTML, like Gecko) Chrome/41.0.2272.96 Mobile Safari/537.36 (compatible; Googlebot/2.1; +http://www.google.com/bot.html)" "-"
66.249.66.0 - - [06/Aug/2018:06:10:52 +0200] "GET / HTTP/1.1" 301 238 fc-schnaittach.de "-" "Mozilla/5.0 (Linux; Android 6.0.1; Nexus 5X Build/MMB29P) AppleWebKit/537.36 (KHTML, like Gecko) Chrome/41.0.2272.96 Mobile Safari/537.36 (compatible; Googlebot/2.1; +http://www.google.com/bot.html)" "-"
157.55.39.0 - - [06/Aug/2018:06:12:06 +0200] "GET /wp-content/uploads/2016/11/Amelie-Raum.jpg HTTP/1.1" 301 280 www.fc-schnaittach.de "-" "Mozilla/5.0 (compatible; bingbot/2.0; +http://www.bing.com/bingbot.htm)" "-"
157.55.39.0 - - [06/Aug/2018:06:12:07 +0200] "GET /wp-content/uploads/2016/11/Amelie-Raum.jpg HTTP/1.1" 200 1075787 www.fc-schnaittach.de "-" "Mozilla/5.0 (compatible; bingbot/2.0; +http://www.bing.com/bingbot.htm)" "-"
54.36.148.0 - - [06/Aug/2018:06:16:27 +0200] "GET /category/news/100-jahre/feed/ HTTP/1.1" 200 1488 www.fc-schnaittach.de "-" "Mozilla/5.0 (compatible; AhrefsBot/5.2; +http://ahrefs.com/robot/)" "-"
85.25.210.0 - - [06/Aug/2018:06:17:19 +0200] "GET /robots.txt HTTP/1.1" 301 248 www.fc-schnaittach.de "-" "Mozilla/5.0 (Windows NT 6.1; WOW64) AppleWebKit/537.36 (KHTML, like Gecko) Chrome/37.0.2062.120 Safari/537.36" "-"
85.25.210.0 - - [06/Aug/2018:06:17:24 +0200] "GET /robots.txt HTTP/1.1" 301 248 www.fc-schnaittach.de "-" "Mozilla/5.0 (compatible; adscanner/)" "-"
85.25.210.0 - - [06/Aug/2018:06:17:26 +0200] "GET /robots.txt HTTP/1.1" 200 35 www.fc-schnaittach.de "-" "Mozilla/5.0 (Windows NT 6.1; WOW64) AppleWebKit/537.36 (KHTML, like Gecko) Chrome/37.0.2062.120 Safari/537.36" "-"
85.25.210.0 - - [06/Aug/2018:06:17:27 +0200] "GET /robots.txt HTTP/1.1" 200 35 www.fc-schnaittach.de "-" "Mozilla/5.0 (compatible; adscanner/)" "-"
85.25.210.0 - - [06/Aug/2018:06:17:29 +0200] "GET /wp-content/uploads/2014/10/P1160515.jpg HTTP/1.1" 301 277 www.fc-schnaittach.de "-" "Mozilla/5.0 (Windows NT 6.1; WOW64) AppleWebKit/537.36 (KHTML, like Gecko) Chrome/37.0.2062.120 Safari/537.36" "-"
85.25.210.0 - - [06/Aug/2018:06:17:29 +0200] "GET /wp-content/uploads/2014/10/P1160515.jpg HTTP/1.1" 200 480156 www.fc-schnaittach.de "-" "Mozilla/5.0 (Windows NT 6.1; WOW64) AppleWebKit/537.36 (KHTML, like Gecko) Chrome/37.0.2062.120 Safari/537.36" "-"
85.25.210.0 - - [06/Aug/2018:06:17:31 +0200] "GET /wp-content/uploads/2014/10/P1160515.jpg HTTP/1.1" 301 277 www.fc-schnaittach.de "-" "Java/1.8.0_151" "-"
85.25.210.0 - - [06/Aug/2018:06:17:31 +0200] "GET /wp-content/uploads/2014/10/P1160515.jpg HTTP/1.1" 301 277 www.fc-schnaittach.de "-" "Mozilla/5.0 (compatible; adscanner/)" "-"
85.25.210.0 - - [06/Aug/2018:06:17:32 +0200] "GET /wp-content/uploads/2014/10/P1160515.jpg HTTP/1.1" 200 480156 www.fc-schnaittach.de "-" "Mozilla/5.0 (Windows NT 6.1; WOW64) AppleWebKit/537.36 (KHTML, like Gecko) Chrome/37.0.2062.120 Safari/537.36" "-"
94.130.71.0 - - [06/Aug/2018:06:17:33 +0200] "GET /wp-content/uploads/2014/10/P1160515.jpg HTTP/1.1" 200 480156 www.fc-schnaittach.de "-" "Java/1.8.0_151" "-"
85.25.210.0 - - [06/Aug/2018:06:17:36 +0200] "GET /wp-content/uploads/2014/10/P1160515.jpg HTTP/1.1" 200 480156 www.fc-schnaittach.de "-" "Mozilla/5.0 (compatible; adscanner/)" "-"
216.244.66.0 - - [06/Aug/2018:06:21:17 +0200] "GET /robots.txt HTTP/1.1" 301 248 www.fc-schnaittach.de "-" "Mozilla/5.0 (compatible; DotBot/1.1; http://www.opensiteexplorer.org/dotbot, help@moz.com)" "-"
216.244.66.0 - - [06/Aug/2018:06:21:19 +0200] "GET /robots.txt HTTP/1.1" 200 35 www.fc-schnaittach.de "-" "Mozilla/5.0 (compatible; DotBot/1.1; http://www.opensiteexplorer.org/dotbot, help@moz.com)" "-"
207.46.13.0 - - [06/Aug/2018:06:30:55 +0200] "GET /weihnachtsfeier-2016/ HTTP/1.1" 200 6934 www.fc-schnaittach.de "-" "Mozilla/5.0 (compatible; bingbot/2.0; +http://www.bing.com/bingbot.htm)" "-"
217.160.63.0 - - [06/Aug/2018:06:30:56 +0200] "POST /wp-cron.php?doing_wp_cron=1533529856.1569700241088867187500 HTTP/1.1" 301 297 www.fc-schnaittach.de "http://www.fc-schnaittach.de/wp-cron.php?doing_wp_cron=1533529856.1569700241088867187500" "WordPress/4.9.8; https://www.fc-schnaittach.de" "-"
185.125.219.0 - - [06/Aug/2018:06:32:30 +0200] "HEAD / HTTP/1.1" 301 - www.fc-schnaittach.de "https://www.bravica.su" "Mozilla/8.0 (compatible; MSIE5.00; Windows 2003)" "-"
77.75.78.0 - - [06/Aug/2018:06:32:34 +0200] "GET /robots.txt HTTP/1.1" 200 35 www.fc-schnaittach.de "-" "Mozilla/5.0 (compatible; SeznamBot/3.2; +http://napoveda.seznam.cz/en/seznambot-intro/)" "-"
2a02:598:: - - [06/Aug/2018:06:32:34 +0200] "GET /wp-content/uploads/2016/11/FCS_MW41076_online.jpg HTTP/1.1" 200 480662 www.fc-schnaittach.de "-" "Mozilla/5.0 (compatible; SeznamBot/3.2; +http://napoveda.seznam.cz/en/seznambot-intro/)" "-"
2a02:598:: - - [06/Aug/2018:06:32:35 +0200] "GET /wp-content/uploads/2018/06/8-300x300.jpg HTTP/1.1" 200 26189 www.fc-schnaittach.de "-" "Mozilla/5.0 (compatible; SeznamBot/3.2; +http://napoveda.seznam.cz/en/seznambot-intro/)" "-"
85.25.210.0 - - [06/Aug/2018:06:38:03 +0200] "GET /robots.txt HTTP/1.1" 301 248 www.fc-schnaittach.de "-" "Mozilla/5.0 (Windows NT 6.1; WOW64) AppleWebKit/537.36 (KHTML, like Gecko) Chrome/37.0.2062.120 Safari/537.36" "-"
85.25.210.0 - - [06/Aug/2018:06:38:03 +0200] "GET /robots.txt HTTP/1.1" 200 35 www.fc-schnaittach.de "-" "Mozilla/5.0 (Windows NT 6.1; WOW64) AppleWebKit/537.36 (KHTML, like Gecko) Chrome/37.0.2062.120 Safari/537.36" "-"
85.25.210.0 - - [06/Aug/2018:06:38:03 +0200] "GET /robots.txt HTTP/1.1" 301 248 www.fc-schnaittach.de "-" "Mozilla/5.0 (compatible; adscanner/)" "-"
85.25.210.0 - - [06/Aug/2018:06:38:06 +0200] "GET /robots.txt HTTP/1.1" 200 35 www.fc-schnaittach.de "-" "Mozilla/5.0 (Windows NT 6.1; WOW64) AppleWebKit/537.36 (KHTML, like Gecko) Chrome/37.0.2062.120 Safari/537.36" "-"
85.25.210.0 - - [06/Aug/2018:06:38:06 +0200] "GET /robots.txt HTTP/1.1" 200 35 www.fc-schnaittach.de "-" "Mozilla/5.0 (compatible; adscanner/)" "-"
85.25.210.0 - - [06/Aug/2018:06:38:06 +0200] "GET /wp-content/uploads/2014/10/P1160507-768x715.jpg HTTP/1.1" 301 285 www.fc-schnaittach.de "-" "Mozilla/5.0 (compatible; adscanner/)" "-"
85.25.210.0 - - [06/Aug/2018:06:38:11 +0200] "GET /wp-content/uploads/2014/10/P1160507-768x715.jpg HTTP/1.1" 200 54516 www.fc-schnaittach.de "-" "Mozilla/5.0 (Windows NT 6.1; WOW64) AppleWebKit/537.36 (KHTML, like Gecko) Chrome/37.0.2062.120 Safari/537.36" "-"
94.130.71.0 - - [06/Aug/2018:06:38:11 +0200] "GET /wp-content/uploads/2014/10/P1160507-768x715.jpg HTTP/1.1" 200 54516 www.fc-schnaittach.de "-" "Java/1.8.0_151" "-"
85.25.210.0 - - [06/Aug/2018:06:38:13 +0200] "GET /wp-content/uploads/2014/10/P1160507-768x715.jpg HTTP/1.1" 200 54516 www.fc-schnaittach.de "-" "Mozilla/5.0 (compatible; adscanner/)" "-"
217.160.63.0 - - [06/Aug/2018:06:42:59 +0200] "POST /wp-cron.php?doing_wp_cron=1533530579.4862899780273437500000 HTTP/1.1" 301 297 www.fc-schnaittach.de "http://www.fc-schnaittach.de/wp-cron.php?doing_wp_cron=1533530579.4862899780273437500000" "WordPress/4.9.8; https://www.fc-schnaittach.de" "-"
212.227.22.0 - - [06/Aug/2018:06:42:59 +0200] "GET /feed HTTP/1.1" 301 23 www.fc-schnaittach.de "" "Zend_Http_Client" "-"
212.227.22.0 - - [06/Aug/2018:06:42:59 +0200] "GET /feed/ HTTP/1.1" 200 10157 www.fc-schnaittach.de "" "Zend_Http_Client" "-"
197.234.221.0 - - [06/Aug/2018:06:48:38 +0200] "GET /wp-content/themes/fcs/images/production/FcsWappen.ico?ver=1420564287 HTTP/1.1" 200 4606 www.fc-schnaittach.de "-" "Mozilla/5.0 (Windows NT 6.1; Win64; x64; rv:61.0) Gecko/20100101 Firefox/61.0" "-"
217.160.63.0 - - [06/Aug/2018:06:56:13 +0200] "POST /wp-cron.php?doing_wp_cron=1533531373.2766120433807373046875 HTTP/1.1" 200 23 www.fc-schnaittach.de "https://www.fc-schnaittach.de/wp-cron.php?doing_wp_cron=1533531373.2766120433807373046875" "WordPress/4.9.8; https://www.fc-schnaittach.de" "-"
54.36.148.0 - - [06/Aug/2018:06:56:13 +0200] "GET /julius-hirsch-preis-urkunde/feed/ HTTP/1.1" 200 572 www.fc-schnaittach.de "-" "Mozilla/5.0 (compatible; AhrefsBot/5.2; +http://ahrefs.com/robot/)" "-"
66.249.66.0 - - [06/Aug/2018:06:56:37 +0200] "GET /wp-content/uploads/2018/04/A3-Poster.jpeg HTTP/1.1" 304 - www.fc-schnaittach.de "-" "Googlebot-Image/1.0" "-"
217.7.79.0 - - [06/Aug/2018:06:59:18 +0200] "GET /wp-content/uploads/2018/05/Small_Wall_1-1024x1024.jpg HTTP/1.1" 200 208539 www.fc-schnaittach.de "-" "Mozilla/5.0 (Windows NT 6.1; rv:61.0) Gecko/20100101 Firefox/61.0" "-"
138.201.200.0 - - [06/Aug/2018:07:01:49 +0200] "GET / HTTP/1.1" 301 238 www.fc-schnaittach.de "-" "Mozilla/5.0 (Windows; U; Windows NT 6.1; de; rv:1.9.2.12) Gecko/20101026 Firefox/3.6.12" "-"
138.201.200.0 - - [06/Aug/2018:07:01:49 +0200] "GET / HTTP/1.1" 301 238 www.fc-schnaittach.de "-" "Mozilla/5.0 (Windows; U; Windows NT 6.1; de; rv:1.9.2.12) Gecko/20101026 Firefox/3.6.12" "-"
138.201.200.0 - - [06/Aug/2018:07:01:50 +0200] "GET / HTTP/1.1" 301 238 fc-schnaittach.de "-" "Mozilla/5.0 (Windows; U; Windows NT 6.1; de; rv:1.9.2.12) Gecko/20101026 Firefox/3.6.12" "-"
138.201.200.0 - - [06/Aug/2018:07:01:50 +0200] "GET / HTTP/1.1" 301 238 fc-schnaittach.de "-" "Mozilla/5.0 (Windows; U; Windows NT 6.1; de; rv:1.9.2.12) Gecko/20101026 Firefox/3.6.12" "-"
138.201.200.0 - - [06/Aug/2018:07:01:50 +0200] "GET / HTTP/1.1" 301 238 www.fc-schnaittach.de "-" "Mozilla/5.0 (Windows; U; Windows NT 6.1; de; rv:1.9.2.12) Gecko/20101026 Firefox/3.6.12" "-"
138.201.200.0 - - [06/Aug/2018:07:01:50 +0200] "GET / HTTP/1.1" 301 238 www.fc-schnaittach.de "-" "Mozilla/5.0 (Windows; U; Windows NT 6.1; de; rv:1.9.2.12) Gecko/20101026 Firefox/3.6.12" "-"
138.201.200.0 - - [06/Aug/2018:07:01:50 +0200] "GET / HTTP/1.1" 301 238 fc-schnaittach.de "-" "Mozilla/5.0 (Windows; U; Windows NT 6.1; de; rv:1.9.2.12) Gecko/20101026 Firefox/3.6.12" "-"
138.201.200.0 - - [06/Aug/2018:07:01:50 +0200] "GET / HTTP/1.1" 301 238 fc-schnaittach.de "-" "Mozilla/5.0 (Windows; U; Windows NT 6.1; de; rv:1.9.2.12) Gecko/20101026 Firefox/3.6.12" "-"
138.201.200.0 - - [06/Aug/2018:07:01:50 +0200] "GET / HTTP/1.1" 301 238 fc-schnaittach.de "-" "Mozilla/5.0 (Windows; U; Windows NT 6.1; de; rv:1.9.2.12) Gecko/20101026 Firefox/3.6.12" "-"
138.201.200.0 - - [06/Aug/2018:07:01:50 +0200] "GET / HTTP/1.1" 301 238 fc-schnaittach.de "-" "Mozilla/5.0 (Windows; U; Windows NT 6.1; de; rv:1.9.2.12) Gecko/20101026 Firefox/3.6.12" "-"
138.201.200.0 - - [06/Aug/2018:07:01:50 +0200] "GET / HTTP/1.1" 301 238 www.fc-schnaittach.de "-" "Mozilla/5.0 (Windows; U; Windows NT 6.1; de; rv:1.9.2.12) Gecko/20101026 Firefox/3.6.12" "-"
138.201.200.0 - - [06/Aug/2018:07:01:50 +0200] "GET / HTTP/1.1" 301 238 www.fc-schnaittach.de "-" "Mozilla/5.0 (Windows; U; Windows NT 6.1; de; rv:1.9.2.12) Gecko/20101026 Firefox/3.6.12" "-"
138.201.200.0 - - [06/Aug/2018:07:01:50 +0200] "GET / HTTP/1.1" 301 238 fc-schnaittach.de "-" "Mozilla/5.0 (Windows; U; Windows NT 6.1; de; rv:1.9.2.12) Gecko/20101026 Firefox/3.6.12" "-"
138.201.200.0 - - [06/Aug/2018:07:01:50 +0200] "GET / HTTP/1.1" 301 238 fc-schnaittach.de "-" "Mozilla/5.0 (Windows; U; Windows NT 6.1; de; rv:1.9.2.12) Gecko/20101026 Firefox/3.6.12" "-"
138.201.200.0 - - [06/Aug/2018:07:01:50 +0200] "GET / HTTP/1.1" 301 238 www.fc-schnaittach.de "-" "Mozilla/5.0 (Windows; U; Windows NT 6.1; de; rv:1.9.2.12) Gecko/20101026 Firefox/3.6.12" "-"
138.201.200.0 - - [06/Aug/2018:07:01:50 +0200] "GET / HTTP/1.1" 301 238 www.fc-schnaittach.de "-" "Mozilla/5.0 (Windows; U; Windows NT 6.1; de; rv:1.9.2.12) Gecko/20101026 Firefox/3.6.12" "-"
207.46.13.0 - - [06/Aug/2018:07:03:53 +0200] "GET /sporterlebnistag-am-1-juni/sporterlebnistag_04-3/ HTTP/1.1" 200 195 www.fc-schnaittach.de "-" "Mozilla/5.0 (compatible; bingbot/2.0; +http://www.bing.com/bingbot.htm)" "-"
207.46.13.0 - - [06/Aug/2018:07:08:49 +0200] "GET /wp-content/uploads/2016/11/Stefanie-Panusch.jpg HTTP/1.1" 301 285 www.fc-schnaittach.de "-" "Mozilla/5.0 (compatible; bingbot/2.0; +http://www.bing.com/bingbot.htm)" "-"
207.46.13.0 - - [06/Aug/2018:07:08:51 +0200] "GET /wp-content/uploads/2016/11/Stefanie-Panusch.jpg HTTP/1.1" 200 883473 www.fc-schnaittach.de "-" "Mozilla/5.0 (compatible; bingbot/2.0; +http://www.bing.com/bingbot.htm)" "-"
216.244.66.0 - - [06/Aug/2018:07:10:47 +0200] "GET /robots.txt HTTP/1.1" 301 248 www.fc-schnaittach.de "-" "Mozilla/5.0 (compatible; DotBot/1.1; http://www.opensiteexplorer.org/dotbot, help@moz.com)" "-"
216.244.66.0 - - [06/Aug/2018:07:10:50 +0200] "GET /robots.txt HTTP/1.1" 200 35 www.fc-schnaittach.de "-" "Mozilla/5.0 (compatible; DotBot/1.1; http://www.opensiteexplorer.org/dotbot, help@moz.com)" "-"
195.200.70.0 - - [06/Aug/2018:07:11:11 +0200] "GET /dragonrun/ HTTP/1.1" 200 11382 www.fc-schnaittach.de "http://www.schwengler.de/volksl_f.html" "Mozilla/5.0 (Windows NT 6.1; Trident/7.0; rv:11.0) like Gecko" "-"
195.200.70.0 - - [06/Aug/2018:07:11:12 +0200] "GET /wp-content/plugins/contact-form-7/includes/css/styles.css?ver=5.0.2 HTTP/1.1" 200 1683 www.fc-schnaittach.de "https://www.fc-schnaittach.de/dragonrun/" "Mozilla/5.0 (Windows NT 6.1; Trident/7.0; rv:11.0) like Gecko" "-"
195.200.70.0 - - [06/Aug/2018:07:11:12 +0200] "GET /wp-content/plugins/user-access-manager/assets/css/uamLoginForm.css?ver=2.1.11 HTTP/1.1" 200 468 www.fc-schnaittach.de "https://www.fc-schnaittach.de/dragonrun/" "Mozilla/5.0 (Windows NT 6.1; Trident/7.0; rv:11.0) like Gecko" "-"
195.200.70.0 - - [06/Aug/2018:07:11:12 +0200] "GET /wp-content/themes/fcs/css/jquery.smartmenus.bootstrap.css?ver=1418749976 HTTP/1.1" 200 3128 www.fc-schnaittach.de "https://www.fc-schnaittach.de/dragonrun/" "Mozilla/5.0 (Windows NT 6.1; Trident/7.0; rv:11.0) like Gecko" "-"
195.200.70.0 - - [06/Aug/2018:07:11:12 +0200] "GET /wp-content/plugins/feedzy-rss-feeds/css/feedzy-rss-feeds.css?ver=3.2.10 HTTP/1.1" 200 9822 www.fc-schnaittach.de "https://www.fc-schnaittach.de/dragonrun/" "Mozilla/5.0 (Windows NT 6.1; Trident/7.0; rv:11.0) like Gecko" "-"
195.200.70.0 - - [06/Aug/2018:07:11:12 +0200] "GET /wp-content/plugins/recently-updated-posts-widget/css/style.css?ver=4.9.8 HTTP/1.1" 200 45 www.fc-schnaittach.de "https://www.fc-schnaittach.de/dragonrun/" "Mozilla/5.0 (Windows NT 6.1; Trident/7.0; rv:11.0) like Gecko" "-"
195.200.70.0 - - [06/Aug/2018:07:11:12 +0200] "GET /wp-includes/js/jquery/jquery.js?ver=1.12.4 HTTP/1.1" 200 97184 www.fc-schnaittach.de "https://www.fc-schnaittach.de/dragonrun/" "Mozilla/5.0 (Windows NT 6.1; Trident/7.0; rv:11.0) like Gecko" "-"
195.200.70.0 - - [06/Aug/2018:07:11:12 +0200] "GET /wp-content/themes/fcs/images/production/FcsWappen.png?ver=1487205002 HTTP/1.1" 200 12482 www.fc-schnaittach.de "https://www.fc-schnaittach.de/dragonrun/" "Mozilla/5.0 (Windows NT 6.1; Trident/7.0; rv:11.0) like Gecko" "-"
195.200.70.0 - - [06/Aug/2018:07:11:12 +0200] "GET /wp-includes/js/jquery/jquery-migrate.min.js?ver=1.4.1 HTTP/1.1" 200 10056 www.fc-schnaittach.de "https://www.fc-schnaittach.de/dragonrun/" "Mozilla/5.0 (Windows NT 6.1; Trident/7.0; rv:11.0) like Gecko" "-"
195.200.70.0 - - [06/Aug/2018:07:11:12 +0200] "GET /wp-content/uploads/2018/07/30-300x199.jpg HTTP/1.1" 200 15645 www.fc-schnaittach.de "https://www.fc-schnaittach.de/dragonrun/" "Mozilla/5.0 (Windows NT 6.1; Trident/7.0; rv:11.0) like Gecko" "-"
195.200.70.0 - - [06/Aug/2018:07:11:12 +0200] "GET /wp-content/themes/fcs/style.css?ver=1460744932 HTTP/1.1" 200 22587 www.fc-schnaittach.de "https://www.fc-schnaittach.de/dragonrun/" "Mozilla/5.0 (Windows NT 6.1; Trident/7.0; rv:11.0) like Gecko" "-"
195.200.70.0 - - [06/Aug/2018:07:11:12 +0200] "GET /wp-includes/js/wp-emoji-release.min.js?ver=4.9.8 HTTP/1.1" 200 12026 www.fc-schnaittach.de "https://www.fc-schnaittach.de/dragonrun/" "Mozilla/5.0 (Windows NT 6.1; Trident/7.0; rv:11.0) like Gecko" "-"
195.200.70.0 - - [06/Aug/2018:07:11:12 +0200] "GET /wp-content/uploads/2018/07/31-300x199.jpg HTTP/1.1" 200 16830 www.fc-schnaittach.de "https://www.fc-schnaittach.de/dragonrun/" "Mozilla/5.0 (Windows NT 6.1; Trident/7.0; rv:11.0) like Gecko" "-"
195.200.70.0 - - [06/Aug/2018:07:11:12 +0200] "GET /wp-content/uploads/2018/07/33-300x200.jpg HTTP/1.1" 200 17500 www.fc-schnaittach.de "https://www.fc-schnaittach.de/dragonrun/" "Mozilla/5.0 (Windows NT 6.1; Trident/7.0; rv:11.0) like Gecko" "-"
195.200.70.0 - - [06/Aug/2018:07:11:12 +0200] "GET /wp-content/uploads/2018/06/Hindernisverteilung-2-1024x768.png HTTP/1.1" 200 573287 www.fc-schnaittach.de "https://www.fc-schnaittach.de/dragonrun/" "Mozilla/5.0 (Windows NT 6.1; Trident/7.0; rv:11.0) like Gecko" "-"
195.200.70.0 - - [06/Aug/2018:07:11:12 +0200] "GET /wp-content/uploads/2018/06/DragonRun-Shirt_2-300x184.png HTTP/1.1" 200 24477 www.fc-schnaittach.de "https://www.fc-schnaittach.de/dragonrun/" "Mozilla/5.0 (Windows NT 6.1; Trident/7.0; rv:11.0) like Gecko" "-"
195.200.70.0 - - [06/Aug/2018:07:11:12 +0200] "GET /wp-content/uploads/2018/05/Dragonzone_1-1024x738.png HTTP/1.1" 200 589429 www.fc-schnaittach.de "https://www.fc-schnaittach.de/dragonrun/" "Mozilla/5.0 (Windows NT 6.1; Trident/7.0; rv:11.0) like Gecko" "-"
195.200.70.0 - - [06/Aug/2018:07:11:12 +0200] "GET /wp-content/uploads/2018/06/13-300x300.jpg HTTP/1.1" 200 27363 www.fc-schnaittach.de "https://www.fc-schnaittach.de/dragonrun/" "Mozilla/5.0 (Windows NT 6.1; Trident/7.0; rv:11.0) like Gecko" "-"
195.200.70.0 - - [06/Aug/2018:07:11:12 +0200] "GET /wp-content/uploads/2018/07/36-1024x383.jpg HTTP/1.1" 200 61172 www.fc-schnaittach.de "https://www.fc-schnaittach.de/dragonrun/" "Mozilla/5.0 (Windows NT 6.1; Trident/7.0; rv:11.0) like Gecko" "-"
195.200.70.0 - - [06/Aug/2018:07:11:12 +0200] "GET /wp-content/uploads/2018/04/A3-Poster-724x1024.jpeg HTTP/1.1" 200 148817 www.fc-schnaittach.de "https://www.fc-schnaittach.de/dragonrun/" "Mozilla/5.0 (Windows NT 6.1; Trident/7.0; rv:11.0) like Gecko" "-"
195.200.70.0 - - [06/Aug/2018:07:11:12 +0200] "GET /wp-content/uploads/2018/06/6-300x300.jpg HTTP/1.1" 200 27247 www.fc-schnaittach.de "https://www.fc-schnaittach.de/dragonrun/" "Mozilla/5.0 (Windows NT 6.1; Trident/7.0; rv:11.0) like Gecko" "-"
195.200.70.0 - - [06/Aug/2018:07:11:12 +0200] "GET /wp-content/uploads/2018/05/6-300x225.jpg HTTP/1.1" 200 22079 www.fc-schnaittach.de "https://www.fc-schnaittach.de/dragonrun/" "Mozilla/5.0 (Windows NT 6.1; Trident/7.0; rv:11.0) like Gecko" "-"
195.200.70.0 - - [06/Aug/2018:07:11:12 +0200] "GET /wp-content/uploads/2018/07/34-271x300.jpg HTTP/1.1" 200 19627 www.fc-schnaittach.de "https://www.fc-schnaittach.de/dragonrun/" "Mozilla/5.0 (Windows NT 6.1; Trident/7.0; rv:11.0) like Gecko" "-"
195.200.70.0 - - [06/Aug/2018:07:11:12 +0200] "GET /wp-content/uploads/2018/03/Gel%C3%A4ndekarte_8-1024x594.png HTTP/1.1" 200 378336 www.fc-schnaittach.de "https://www.fc-schnaittach.de/dragonrun/" "Mozilla/5.0 (Windows NT 6.1; Trident/7.0; rv:11.0) like Gecko" "-"
195.200.70.0 - - [06/Aug/2018:07:11:12 +0200] "GET /wp-content/uploads/2018/06/SBC-Flyer-Spendenziel-2018-150x150.png HTTP/1.1" 200 15250 www.fc-schnaittach.de "https://www.fc-schnaittach.de/dragonrun/" "Mozilla/5.0 (Windows NT 6.1; Trident/7.0; rv:11.0) like Gecko" "-"
195.200.70.0 - - [06/Aug/2018:07:11:12 +0200] "GET /wp-content/uploads/2018/07/21-300x300.jpg HTTP/1.1" 200 33010 www.fc-schnaittach.de "https://www.fc-schnaittach.de/dragonrun/" "Mozilla/5.0 (Windows NT 6.1; Trident/7.0; rv:11.0) like Gecko" "-"
195.200.70.0 - - [06/Aug/2018:07:11:12 +0200] "GET /wp-content/uploads/2018/05/Small_Wall_1-300x300.jpg HTTP/1.1" 200 25990 www.fc-schnaittach.de "https://www.fc-schnaittach.de/dragonrun/" "Mozilla/5.0 (Windows NT 6.1; Trident/7.0; rv:11.0) like Gecko" "-"
195.200.70.0 - - [06/Aug/2018:07:11:12 +0200] "GET /wp-content/uploads/2018/06/12-300x300.jpg HTTP/1.1" 200 28994 www.fc-schnaittach.de "https://www.fc-schnaittach.de/dragonrun/" "Mozilla/5.0 (Windows NT 6.1; Trident/7.0; rv:11.0) like Gecko" "-"
195.200.70.0 - - [06/Aug/2018:07:11:12 +0200] "GET /wp-content/uploads/2018/06/15-300x300.jpg HTTP/1.1" 200 31712 www.fc-schnaittach.de "https://www.fc-schnaittach.de/dragonrun/" "Mozilla/5.0 (Windows NT 6.1; Trident/7.0; rv:11.0) like Gecko" "-"
195.200.70.0 - - [06/Aug/2018:07:11:12 +0200] "GET /wp-content/uploads/2018/05/Rock_your_hair_Chevy_1-300x300.png HTTP/1.1" 200 163841 www.fc-schnaittach.de "https://www.fc-schnaittach.de/dragonrun/" "Mozilla/5.0 (Windows NT 6.1; Trident/7.0; rv:11.0) like Gecko" "-"
