157.55.39.0 - - [01/Aug/2018:00:07:37 +0200] "GET /wp-content/uploads/2016/02/fahnesmall.jpg HTTP/1.1" 301 279 www.fc-schnaittach.de "-" "Mozilla/5.0 (compatible; bingbot/2.0; +http://www.bing.com/bingbot.htm)" "-"
157.55.39.0 - - [01/Aug/2018:00:07:38 +0200] "GET /wp-content/uploads/2016/02/fahnesmall.jpg HTTP/1.1" 200 178324 www.fc-schnaittach.de "-" "Mozilla/5.0 (compatible; bingbot/2.0; +http://www.bing.com/bingbot.htm)" "-"
157.55.39.0 - - [01/Aug/2018:00:09:19 +0200] "GET /robots.txt HTTP/1.1" 301 248 www.fc-schnaittach.de "-" "Mozilla/5.0 (compatible; bingbot/2.0; +http://www.bing.com/bingbot.htm)" "-"
157.55.39.0 - - [01/Aug/2018:00:09:20 +0200] "GET /robots.txt HTTP/1.1" 200 35 www.fc-schnaittach.de "-" "Mozilla/5.0 (compatible; bingbot/2.0; +http://www.bing.com/bingbot.htm)" "-"
157.55.39.0 - - [01/Aug/2018:00:09:28 +0200] "GET /wp-content/uploads/2015/03/P1020525-204x300.jpg HTTP/1.1" 200 15260 www.fc-schnaittach.de "-" "Mozilla/5.0 (compatible; bingbot/2.0; +http://www.bing.com/bingbot.htm)" "-"
157.55.39.0 - - [01/Aug/2018:00:09:28 +0200] "GET /wp-content/uploads/2015/03/P1020529-300x225.jpg HTTP/1.1" 200 17876 www.fc-schnaittach.de "-" "Mozilla/5.0 (compatible; bingbot/2.0; +http://www.bing.com/bingbot.htm)" "-"
157.55.39.0 - - [01/Aug/2018:00:09:32 +0200] "GET /wp-content/uploads/2015/03/P1020508-300x225.jpg HTTP/1.1" 200 19457 www.fc-schnaittach.de "-" "Mozilla/5.0 (compatible; bingbot/2.0; +http://www.bing.com/bingbot.htm)" "-"
207.46.13.0 - - [01/Aug/2018:00:09:37 +0200] "GET /wp-content/themes/fcs/images/production/FcsWappen.png?ver=1487205002 HTTP/1.1" 200 12482 www.fc-schnaittach.de "-" "Mozilla/5.0 (compatible; bingbot/2.0; +http://www.bing.com/bingbot.htm)" "-"
207.46.13.0 - - [01/Aug/2018:00:09:37 +0200] "GET /wp-content/uploads/2015/03/P1020522-300x225.jpg HTTP/1.1" 200 17426 www.fc-schnaittach.de "-" "Mozilla/5.0 (compatible; bingbot/2.0; +http://www.bing.com/bingbot.htm)" "-"
95.163.255.0 - - [01/Aug/2018:00:11:12 +0200] "GET /robots.txt HTTP/1.1" 301 248 www.fc-schnaittach.de "-" "Mozilla/5.0 (compatible; Linux x86_64; Mail.RU_Bot/2.0; +http://go.mail.ru/help/robots)" "-"
217.160.63.0 - - [01/Aug/2018:00:11:31 +0200] "POST /wp-cron.php?doing_wp_cron=1533075091.5455069541931152343750 HTTP/1.1" 301 297 www.fc-schnaittach.de "http://www.fc-schnaittach.de/wp-cron.php?doing_wp_cron=1533075091.5455069541931152343750" "WordPress/4.9.7; https://www.fc-schnaittach.de" "-"
95.163.255.0 - - [01/Aug/2018:00:11:31 +0200] "GET /sitemap-tax-category.xml HTTP/1.1" 200 829 www.fc-schnaittach.de "-" "Mozilla/5.0 (compatible; Linux x86_64; Mail.RU_Bot/2.0; +http://go.mail.ru/help/robots)" "-"
217.160.63.0 - - [01/Aug/2018:00:15:55 +0200] "POST /wp-cron.php?doing_wp_cron=1533075355.5378859043121337890625 HTTP/1.1" 301 297 www.fc-schnaittach.de "http://www.fc-schnaittach.de/wp-cron.php?doing_wp_cron=1533075355.5378859043121337890625" "WordPress/4.9.7; https://www.fc-schnaittach.de" "-"
5.9.106.0 - - [01/Aug/2018:00:15:55 +0200] "GET /hauptverein/geschichte/ HTTP/1.1" 200 35080 www.fc-schnaittach.de "-" "Mozilla/5.0 (Windows NT 10.0; Win64; x64) AppleWebKit/537.36 (KHTML, like Gecko) Chrome/64.0.3282.119 Safari/537.36" "-"
217.160.63.0 - - [01/Aug/2018:00:17:27 +0200] "POST /wp-cron.php?doing_wp_cron=1533075447.8922910690307617187500 HTTP/1.1" 200 23 www.fc-schnaittach.de "https://www.fc-schnaittach.de/wp-cron.php?doing_wp_cron=1533075447.8922910690307617187500" "WordPress/4.9.7; https://www.fc-schnaittach.de" "-"
66.249.66.0 - - [01/Aug/2018:00:17:27 +0200] "GET /fussball/damen/mannschaft/ HTTP/1.1" 200 9191 www.fc-schnaittach.de "-" "Mozilla/5.0 (Linux; Android 6.0.1; Nexus 5X Build/MMB29P) AppleWebKit/537.36 (KHTML, like Gecko) Chrome/41.0.2272.96 Mobile Safari/537.36 (compatible; Googlebot/2.1; +http://www.google.com/bot.html)" "-"
13.82.188.0 - - [01/Aug/2018:00:29:02 +0200] "HEAD / HTTP/1.1" 301 - www.fc-schnaittach.de "-" "HTTPing v2.4" "-"
13.82.188.0 - - [01/Aug/2018:00:31:36 +0200] "HEAD / HTTP/1.1" 301 - www.fc-schnaittach.de "-" "HTTPing v2.4" "-"
217.160.63.0 - - [01/Aug/2018:00:31:59 +0200] "POST /wp-cron.php?doing_wp_cron=1533076319.5371849536895751953125 HTTP/1.1" 301 297 www.fc-schnaittach.de "http://www.fc-schnaittach.de/wp-cron.php?doing_wp_cron=1533076319.5371849536895751953125" "WordPress/4.9.7; https://www.fc-schnaittach.de" "-"
178.137.94.0 - - [01/Aug/2018:00:31:59 +0200] "GET /fussball/damen/ HTTP/1.1" 200 34403 www.fc-schnaittach.de "https://rybalka-opt.ru/" "Mozilla/4.0 (compatible; MSIE 6.0; Windows NT 5.1; en) Opera 9.0" "-"
178.137.94.0 - - [01/Aug/2018:00:32:00 +0200] "GET /fussball/damen/ HTTP/1.1" 200 34403 www.fc-schnaittach.de "https://rybalka-opt.ru/" "Mozilla/4.0 (compatible; MSIE 6.0; Windows NT 5.1; en) Opera 9.0" "-"
178.137.94.0 - - [01/Aug/2018:00:32:01 +0200] "GET /fussball/damen/ HTTP/1.1" 200 34403 www.fc-schnaittach.de "https://rybalka-opt.ru/" "Mozilla/4.0 (compatible; MSIE 6.0; Windows NT 5.1; en) Opera 9.0" "-"
217.160.63.0 - - [01/Aug/2018:00:33:19 +0200] "POST /wp-cron.php?doing_wp_cron=1533076399.4137649536132812500000 HTTP/1.1" 200 23 www.fc-schnaittach.de "https://www.fc-schnaittach.de/wp-cron.php?doing_wp_cron=1533076399.4137649536132812500000" "WordPress/4.9.7; https://www.fc-schnaittach.de" "-"
157.55.39.0 - - [01/Aug/2018:00:33:19 +0200] "GET /dragonrun/3-3/ HTTP/1.1" 200 194 www.fc-schnaittach.de "-" "Mozilla/5.0 (compatible; bingbot/2.0; +http://www.bing.com/bingbot.htm)" "-"
157.55.39.0 - - [01/Aug/2018:00:37:06 +0200] "GET /category/news/karate/ HTTP/1.1" 200 6425 www.fc-schnaittach.de "-" "Mozilla/5.0 (compatible; bingbot/2.0; +http://www.bing.com/bingbot.htm)" "-"
54.36.148.0 - - [01/Aug/2018:00:37:26 +0200] "GET /tischtennis/damen/feed/ HTTP/1.1" 200 541 www.fc-schnaittach.de "-" "Mozilla/5.0 (compatible; AhrefsBot/5.2; +http://ahrefs.com/robot/)" "-"
66.249.66.0 - - [01/Aug/2018:00:39:54 +0200] "GET /dragonrun/ HTTP/1.1" 200 11385 www.fc-schnaittach.de "-" "Mozilla/5.0 (Linux; Android 6.0.1; Nexus 5X Build/MMB29P) AppleWebKit/537.36 (KHTML, like Gecko) Chrome/41.0.2272.96 Mobile Safari/537.36 (compatible; Googlebot/2.1; +http://www.google.com/bot.html)" "-"
66.249.66.0 - - [01/Aug/2018:00:44:03 +0200] "GET /veranstaltungsart/1-mannschaft/ HTTP/1.1" 200 7694 www.fc-schnaittach.de "-" "Mozilla/5.0 (Linux; Android 6.0.1; Nexus 5X Build/MMB29P) AppleWebKit/537.36 (KHTML, like Gecko) Chrome/41.0.2272.96 Mobile Safari/537.36 (compatible; Googlebot/2.1; +http://www.google.com/bot.html)" "-"
157.55.39.0 - - [01/Aug/2018:00:44:21 +0200] "GET /ansprechpartner/fussball/ HTTP/1.1" 200 8179 www.fc-schnaittach.de "-" "Mozilla/5.0 (compatible; bingbot/2.0; +http://www.bing.com/bingbot.htm)" "-"
157.55.39.0 - - [01/Aug/2018:00:46:19 +0200] "GET /wp-content/uploads/2015/03/Syna-Luther.jpg HTTP/1.1" 301 280 www.fc-schnaittach.de "-" "Mozilla/5.0 (compatible; bingbot/2.0; +http://www.bing.com/bingbot.htm)" "-"
157.55.39.0 - - [01/Aug/2018:00:46:20 +0200] "GET /wp-content/uploads/2015/03/Syna-Luther.jpg HTTP/1.1" 200 60085 www.fc-schnaittach.de "-" "Mozilla/5.0 (compatible; bingbot/2.0; +http://www.bing.com/bingbot.htm)" "-"
136.243.83.0 - - [01/Aug/2018:00:48:08 +0200] "GET /robots.txt HTTP/1.1" 200 35 www.fc-schnaittach.de "-" "Mozilla/5.0 (compatible; MetaJobBot; http://www.metajob.de/crawler)" "-"
136.243.83.0 - - [01/Aug/2018:00:48:08 +0200] "GET /impressum/ HTTP/1.1" 200 8309 www.fc-schnaittach.de "-" "Mozilla/5.0 (compatible; MetaJobBot; http://www.metajob.de/crawler)" "-"
85.25.210.0 - - [01/Aug/2018:00:49:03 +0200] "GET /robots.txt HTTP/1.1" 301 248 www.fc-schnaittach.de "-" "Mozilla/5.0 (Windows NT 6.1; WOW64) AppleWebKit/537.36 (KHTML, like Gecko) Chrome/37.0.2062.120 Safari/537.36" "-"
85.25.210.0 - - [01/Aug/2018:00:49:03 +0200] "GET /robots.txt HTTP/1.1" 200 35 www.fc-schnaittach.de "-" "Mozilla/5.0 (Windows NT 6.1; WOW64) AppleWebKit/537.36 (KHTML, like Gecko) Chrome/37.0.2062.120 Safari/537.36" "-"
85.25.210.0 - - [01/Aug/2018:00:49:05 +0200] "GET /robots.txt HTTP/1.1" 301 248 www.fc-schnaittach.de "-" "Mozilla/5.0 (compatible; adscanner/)" "-"
85.25.210.0 - - [01/Aug/2018:00:49:05 +0200] "GET /robots.txt HTTP/1.1" 200 35 www.fc-schnaittach.de "-" "Mozilla/5.0 (Windows NT 6.1; WOW64) AppleWebKit/537.36 (KHTML, like Gecko) Chrome/37.0.2062.120 Safari/537.36" "-"
85.25.210.0 - - [01/Aug/2018:00:49:06 +0200] "GET /robots.txt HTTP/1.1" 200 35 www.fc-schnaittach.de "-" "Mozilla/5.0 (compatible; adscanner/)" "-"
85.25.210.0 - - [01/Aug/2018:00:49:06 +0200] "GET /wp-content/uploads/2017/06/Sporterlebnistag_04-4-300x189.jpg HTTP/1.1" 301 298 www.fc-schnaittach.de "-" "Mozilla/5.0 (compatible; adscanner/)" "-"
85.25.210.0 - - [01/Aug/2018:00:49:11 +0200] "GET /wp-content/uploads/2017/06/Sporterlebnistag_04-4-300x189.jpg HTTP/1.1" 200 17229 www.fc-schnaittach.de "-" "Mozilla/5.0 (Windows NT 6.1; WOW64) AppleWebKit/537.36 (KHTML, like Gecko) Chrome/37.0.2062.120 Safari/537.36" "-"
94.130.71.0 - - [01/Aug/2018:00:49:11 +0200] "GET /wp-content/uploads/2017/06/Sporterlebnistag_04-4-300x189.jpg HTTP/1.1" 200 17229 www.fc-schnaittach.de "-" "Java/1.8.0_151" "-"
85.25.210.0 - - [01/Aug/2018:00:49:11 +0200] "GET /wp-content/uploads/2017/06/Sporterlebnistag_04-4-300x189.jpg HTTP/1.1" 200 17229 www.fc-schnaittach.de "-" "Mozilla/5.0 (compatible; adscanner/)" "-"
157.55.39.0 - - [01/Aug/2018:00:49:16 +0200] "GET /category/news/tischtennis/ HTTP/1.1" 200 6620 www.fc-schnaittach.de "-" "Mozilla/5.0 (compatible; bingbot/2.0; +http://www.bing.com/bingbot.htm)" "-"
13.82.188.0 - - [01/Aug/2018:00:50:15 +0200] "HEAD / HTTP/1.1" 301 - www.fc-schnaittach.de "-" "HTTPing v2.4" "-"
66.249.66.0 - - [01/Aug/2018:00:52:31 +0200] "GET /wp-content/uploads/2015/10/1.jpg HTTP/1.1" 301 270 www.fc-schnaittach.de "-" "Googlebot-Image/1.0" "-"
66.249.66.0 - - [01/Aug/2018:00:52:32 +0200] "GET /wp-content/uploads/2015/10/1.jpg HTTP/1.1" 200 154876 www.fc-schnaittach.de "-" "Googlebot-Image/1.0" "-"
66.249.66.0 - - [01/Aug/2018:00:52:40 +0200] "GET /wp-content/uploads/2015/10/3.jpg HTTP/1.1" 301 270 www.fc-schnaittach.de "-" "Googlebot-Image/1.0" "-"
66.249.66.0 - - [01/Aug/2018:00:52:41 +0200] "GET /wp-content/uploads/2015/10/IMG_6673-1024x768.jpg HTTP/1.1" 301 286 www.fc-schnaittach.de "-" "Googlebot-Image/1.0" "-"
66.249.66.0 - - [01/Aug/2018:00:52:41 +0200] "GET /wp-content/uploads/2015/10/3.jpg HTTP/1.1" 200 169752 www.fc-schnaittach.de "-" "Googlebot-Image/1.0" "-"
66.249.66.0 - - [01/Aug/2018:00:52:41 +0200] "GET /wp-content/uploads/2015/10/IMG_6673-1024x768.jpg HTTP/1.1" 200 160821 www.fc-schnaittach.de "-" "Googlebot-Image/1.0" "-"
52.175.195.0 - - [01/Aug/2018:00:53:51 +0200] "HEAD / HTTP/1.1" 301 - www.fc-schnaittach.de "-" "HTTPing v2.4" "-"
66.249.66.0 - - [01/Aug/2018:00:59:47 +0200] "GET /category/news/fussball/2-mannschaft/spielberichte/ HTTP/1.1" 200 7233 www.fc-schnaittach.de "-" "Mozilla/5.0 (compatible; Googlebot/2.1; +http://www.google.com/bot.html)" "-"
109.162.122.0 - - [01/Aug/2018:01:03:39 +0200] "POST /wp-login.php HTTP/1.1" 200 1366 www.fc-schnaittach.de "https://www.fc-schnaittach.de/wp-login.php" "Mozilla/5.0 (Windows NT 10.0; WOW64) AppleWebKit/537.36 (KHTML, like Gecko) Chrome/53.0.2785.143 Safari/537.36" "-"
109.162.122.0 - - [01/Aug/2018:01:03:40 +0200] "GET /wp-admin/ HTTP/1.1" 302 23 www.fc-schnaittach.de "https://www.fc-schnaittach.de/wp-admin/" "Mozilla/5.0 (Windows NT 10.0; WOW64) AppleWebKit/537.36 (KHTML, like Gecko) Chrome/53.0.2785.143 Safari/537.36" "-"
207.46.13.0 - - [01/Aug/2018:01:04:22 +0200] "GET /jahresplanung-2016/ HTTP/1.1" 200 6099 www.fc-schnaittach.de "-" "Mozilla/5.0 (compatible; bingbot/2.0; +http://www.bing.com/bingbot.htm)" "-"
217.160.63.0 - - [01/Aug/2018:01:09:36 +0200] "POST /wp-cron.php?doing_wp_cron=1533078576.4258570671081542968750 HTTP/1.1" 301 297 www.fc-schnaittach.de "http://www.fc-schnaittach.de/wp-cron.php?doing_wp_cron=1533078576.4258570671081542968750" "WordPress/4.9.7; https://www.fc-schnaittach.de" "-"
178.137.94.0 - - [01/Aug/2018:01:09:36 +0200] "GET /fussball/damen/ HTTP/1.1" 200 34403 www.fc-schnaittach.de "http://www.tsatu.edu.ua/" "Mozilla/4.0 (compatible; MSIE 6.0; Windows NT 5.1; FREE; .NET CLR 1.1.4322)" "-"
178.137.94.0 - - [01/Aug/2018:01:09:36 +0200] "GET /fussball/damen/ HTTP/1.1" 200 34403 www.fc-schnaittach.de "http://www.tsatu.edu.ua/" "Mozilla/4.0 (compatible; MSIE 6.0; Windows NT 5.1; FREE; .NET CLR 1.1.4322)" "-"
217.160.63.0 - - [01/Aug/2018:01:15:23 +0200] "POST /wp-cron.php?doing_wp_cron=1533078923.9301021099090576171875 HTTP/1.1" 301 297 www.fc-schnaittach.de "http://www.fc-schnaittach.de/wp-cron.php?doing_wp_cron=1533078923.9301021099090576171875" "WordPress/4.9.7; https://www.fc-schnaittach.de" "-"
148.251.50.0 - - [01/Aug/2018:01:15:23 +0200] "GET /hauptverein/geschichte/ HTTP/1.1" 200 35080 www.fc-schnaittach.de "-" "Mozilla/5.0 (Macintosh; Intel Mac OS X 10_12_6) AppleWebKit/604.4.7 (KHTML, like Gecko) Version/11.0.2 Safari/604.4.7" "-"
157.55.39.0 - - [01/Aug/2018:01:18:53 +0200] "GET /wp-content/uploads/2017/09/SAM_1659.jpg HTTP/1.1" 200 2921506 www.fc-schnaittach.de "-" "Mozilla/5.0 (compatible; bingbot/2.0; +http://www.bing.com/bingbot.htm)" "-"
157.55.39.0 - - [01/Aug/2018:01:18:57 +0200] "GET /hauptverein/anfahrt/ HTTP/1.1" 200 6314 www.fc-schnaittach.de "-" "Mozilla/5.0 (compatible; bingbot/2.0; +http://www.bing.com/bingbot.htm)" "-"
217.160.63.0 - - [01/Aug/2018:01:18:58 +0200] "POST /wp-cron.php?doing_wp_cron=1533079138.1330649852752685546875 HTTP/1.1" 301 297 www.fc-schnaittach.de "http://www.fc-schnaittach.de/wp-cron.php?doing_wp_cron=1533079138.1330649852752685546875" "WordPress/4.9.7; https://www.fc-schnaittach.de" "-"
66.249.66.0 - - [01/Aug/2018:01:19:09 +0200] "GET /sitemap-pt-nav_menu_item-2016-02.xml HTTP/1.1" 200 495 www.fc-schnaittach.de "-" "Mozilla/5.0 (compatible; Googlebot/2.1; +http://www.google.com/bot.html)" "-"
85.25.210.0 - - [01/Aug/2018:01:21:11 +0200] "GET /robots.txt HTTP/1.1" 301 248 www.fc-schnaittach.de "-" "Mozilla/5.0 (Windows NT 6.1; WOW64) AppleWebKit/537.36 (KHTML, like Gecko) Chrome/37.0.2062.120 Safari/537.36" "-"
85.25.210.0 - - [01/Aug/2018:01:21:11 +0200] "GET /robots.txt HTTP/1.1" 200 35 www.fc-schnaittach.de "-" "Mozilla/5.0 (Windows NT 6.1; WOW64) AppleWebKit/537.36 (KHTML, like Gecko) Chrome/37.0.2062.120 Safari/537.36" "-"
85.25.210.0 - - [01/Aug/2018:01:21:12 +0200] "GET /robots.txt HTTP/1.1" 301 248 www.fc-schnaittach.de "-" "Mozilla/5.0 (compatible; adscanner/)" "-"
85.25.210.0 - - [01/Aug/2018:01:21:14 +0200] "GET /robots.txt HTTP/1.1" 200 35 www.fc-schnaittach.de "-" "Mozilla/5.0 (Windows NT 6.1; WOW64) AppleWebKit/537.36 (KHTML, like Gecko) Chrome/37.0.2062.120 Safari/537.36" "-"
85.25.210.0 - - [01/Aug/2018:01:21:15 +0200] "GET /robots.txt HTTP/1.1" 200 35 www.fc-schnaittach.de "-" "Mozilla/5.0 (compatible; adscanner/)" "-"
85.25.210.0 - - [01/Aug/2018:01:21:15 +0200] "GET /wp-content/themes/fcs/images/production/WappenThumbnail.png HTTP/1.1" 301 297 www.fc-schnaittach.de "-" "Mozilla/5.0 (compatible; adscanner/)" "-"
85.25.210.0 - - [01/Aug/2018:01:21:16 +0200] "GET /wp-content/themes/fcs/images/production/WappenThumbnail.png HTTP/1.1" 200 13158 www.fc-schnaittach.de "-" "Mozilla/5.0 (Windows NT 6.1; WOW64) AppleWebKit/537.36 (KHTML, like Gecko) Chrome/37.0.2062.120 Safari/537.36" "-"
94.130.71.0 - - [01/Aug/2018:01:21:17 +0200] "GET /wp-content/themes/fcs/images/production/WappenThumbnail.png HTTP/1.1" 200 13158 www.fc-schnaittach.de "-" "Java/1.8.0_151" "-"
85.25.210.0 - - [01/Aug/2018:01:21:17 +0200] "GET /wp-content/themes/fcs/images/production/WappenThumbnail.png HTTP/1.1" 200 13158 www.fc-schnaittach.de "-" "Mozilla/5.0 (compatible; adscanner/)" "-"
216.244.66.0 - - [01/Aug/2018:01:24:05 +0200] "GET /robots.txt HTTP/1.1" 301 248 www.fc-schnaittach.de "-" "Mozilla/5.0 (compatible; DotBot/1.1; http://www.opensiteexplorer.org/dotbot, help@moz.com)" "-"
52.175.195.0 - - [01/Aug/2018:01:24:05 +0200] "HEAD / HTTP/1.1" 301 - www.fc-schnaittach.de "-" "HTTPing v2.4" "-"
216.244.66.0 - - [01/Aug/2018:01:24:08 +0200] "GET /robots.txt HTTP/1.1" 200 35 www.fc-schnaittach.de "-" "Mozilla/5.0 (compatible; DotBot/1.1; http://www.opensiteexplorer.org/dotbot, help@moz.com)" "-"
35.159.10.0 - - [01/Aug/2018:01:24:16 +0200] "GET /robots.txt HTTP/1.1" 301 248 www.fc-schnaittach.de "-" "Mozilla/5.0 (compatible; tracemyfile/1.0; +bot@tracemyfile.com)" "-"
35.159.10.0 - - [01/Aug/2018:01:24:16 +0200] "GET /robots.txt HTTP/1.1" 200 35 www.fc-schnaittach.de "-" "Mozilla/5.0 (compatible; tracemyfile/1.0; +bot@tracemyfile.com)" "-"
35.159.10.0 - - [01/Aug/2018:01:24:16 +0200] "GET / HTTP/1.1" 301 238 www.fc-schnaittach.de "-" "Mozilla/5.0 (compatible; tracemyfile/1.0; +bot@tracemyfile.com)" "-"
217.160.63.0 - - [01/Aug/2018:01:24:16 +0200] "POST /wp-cron.php?doing_wp_cron=1533079456.6866829395294189453125 HTTP/1.1" 200 23 www.fc-schnaittach.de "https://www.fc-schnaittach.de/wp-cron.php?doing_wp_cron=1533079456.6866829395294189453125" "WordPress/4.9.7; https://www.fc-schnaittach.de" "-"
35.159.10.0 - - [01/Aug/2018:01:24:16 +0200] "GET / HTTP/1.1" 200 7770 www.fc-schnaittach.de "-" "Mozilla/5.0 (compatible; tracemyfile/1.0; +bot@tracemyfile.com)" "-"
157.55.39.0 - - [01/Aug/2018:01:32:25 +0200] "GET /wp-content/uploads/2015/11/Budo-Logo_20.06.2014_7x7cm.jpg HTTP/1.1" 301 295 www.fc-schnaittach.de "-" "Mozilla/5.0 (compatible; bingbot/2.0; +http://www.bing.com/bingbot.htm)" "-"
157.55.39.0 - - [01/Aug/2018:01:32:27 +0200] "GET /wp-content/uploads/2015/11/Budo-Logo_20.06.2014_7x7cm.jpg HTTP/1.1" 200 23065 www.fc-schnaittach.de "-" "Mozilla/5.0 (compatible; bingbot/2.0; +http://www.bing.com/bingbot.htm)" "-"
52.175.195.0 - - [01/Aug/2018:01:34:18 +0200] "HEAD / HTTP/1.1" 301 - www.fc-schnaittach.de "-" "HTTPing v2.4" "-"
88.198.43.0 - - [01/Aug/2018:01:34:35 +0200] "GET /tischtennis/damen/ HTTP/1.1" 200 28805 www.fc-schnaittach.de "-" "Mozilla/5.0 (Macintosh; Intel Mac OS X 10_12_6) AppleWebKit/537.36 (KHTML, like Gecko) Chrome/64.0.3282.140 Safari/537.36" "-"
66.249.66.0 - - [01/Aug/2018:01:35:03 +0200] "GET /sitemap-pt-page-2016-08.xml HTTP/1.1" 200 617 www.fc-schnaittach.de "-" "Mozilla/5.0 (compatible; Googlebot/2.1; +http://www.google.com/bot.html)" "-"
157.55.39.0 - - [01/Aug/2018:01:40:33 +0200] "GET /jahresfahrt-der-wanderabteilung-3/ HTTP/1.1" 200 8105 www.fc-schnaittach.de "-" "Mozilla/5.0 (compatible; bingbot/2.0; +http://www.bing.com/bingbot.htm)" "-"
52.175.195.0 - - [01/Aug/2018:01:41:33 +0200] "HEAD / HTTP/1.1" 301 - www.fc-schnaittach.de "-" "HTTPing v2.4" "-"
13.82.188.0 - - [01/Aug/2018:01:45:54 +0200] "HEAD / HTTP/1.1" 301 - www.fc-schnaittach.de "-" "HTTPing v2.4" "-"
85.25.210.0 - - [01/Aug/2018:01:51:35 +0200] "GET /robots.txt HTTP/1.1" 301 248 www.fc-schnaittach.de "-" "Mozilla/5.0 (Windows NT 6.1; WOW64) AppleWebKit/537.36 (KHTML, like Gecko) Chrome/37.0.2062.120 Safari/537.36" "-"
85.25.210.0 - - [01/Aug/2018:01:51:40 +0200] "GET /robots.txt HTTP/1.1" 301 248 www.fc-schnaittach.de "-" "Mozilla/5.0 (compatible; adscanner/)" "-"
85.25.210.0 - - [01/Aug/2018:01:51:41 +0200] "GET /robots.txt HTTP/1.1" 200 35 www.fc-schnaittach.de "-" "Mozilla/5.0 (Windows NT 6.1; WOW64) AppleWebKit/537.36 (KHTML, like Gecko) Chrome/37.0.2062.120 Safari/537.36" "-"
85.25.210.0 - - [01/Aug/2018:01:51:41 +0200] "GET /robots.txt HTTP/1.1" 200 35 www.fc-schnaittach.de "-" "Mozilla/5.0 (compatible; adscanner/)" "-"
85.25.210.0 - - [01/Aug/2018:01:51:42 +0200] "GET /tischtennis/damen/ HTTP/1.1" 200 6793 www.fc-schnaittach.de "-" "Mozilla/5.0 (Windows NT 6.1; WOW64) AppleWebKit/537.36 (KHTML, like Gecko) Chrome/37.0.2062.120 Safari/537.36" "-"
85.25.210.0 - - [01/Aug/2018:01:51:42 +0200] "GET /wp-includes/js/wp-emoji-release.min.js?ver=4.9.7 HTTP/1.1" 301 286 www.fc-schnaittach.de "http://www.fc-schnaittach.de/tischtennis/damen/" "Mozilla/5.0 (Windows NT 6.1; WOW64) AppleWebKit/537.36 (KHTML, like Gecko) Chrome/37.0.2062.120 Safari/537.36" "-"
85.25.210.0 - - [01/Aug/2018:01:51:42 +0200] "GET /wp-content/plugins/recently-updated-posts-widget/css/style.css?ver=4.9.7 HTTP/1.1" 301 310 www.fc-schnaittach.de "http://www.fc-schnaittach.de/tischtennis/damen/" "Mozilla/5.0 (Windows NT 6.1; WOW64) AppleWebKit/537.36 (KHTML, like Gecko) Chrome/37.0.2062.120 Safari/537.36" "-"
85.25.210.0 - - [01/Aug/2018:01:51:43 +0200] "GET /wp-includes/js/jquery/jquery.js?ver=1.12.4 HTTP/1.1" 301 280 www.fc-schnaittach.de "http://www.fc-schnaittach.de/tischtennis/damen/" "Mozilla/5.0 (Windows NT 6.1; WOW64) AppleWebKit/537.36 (KHTML, like Gecko) Chrome/37.0.2062.120 Safari/537.36" "-"
85.25.210.0 - - [01/Aug/2018:01:51:43 +0200] "GET /wp-includes/js/jquery/jquery-migrate.min.js?ver=1.4.1 HTTP/1.1" 301 291 www.fc-schnaittach.de "http://www.fc-schnaittach.de/tischtennis/damen/" "Mozilla/5.0 (Windows NT 6.1; WOW64) AppleWebKit/537.36 (KHTML, like Gecko) Chrome/37.0.2062.120 Safari/537.36" "-"
85.25.210.0 - - [01/Aug/2018:01:51:43 +0200] "GET /wp-content/themes/fcs/css/jquery.smartmenus.bootstrap.css?ver=1418749976 HTTP/1.1" 301 310 www.fc-schnaittach.de "http://www.fc-schnaittach.de/tischtennis/damen/" "Mozilla/5.0 (Windows NT 6.1; WOW64) AppleWebKit/537.36 (KHTML, like Gecko) Chrome/37.0.2062.120 Safari/537.36" "-"
85.25.210.0 - - [01/Aug/2018:01:51:43 +0200] "GET /wp-content/themes/fcs/js/fcs.js?ver=1442772175 HTTP/1.1" 301 284 www.fc-schnaittach.de "http://www.fc-schnaittach.de/tischtennis/damen/" "Mozilla/5.0 (Windows NT 6.1; WOW64) AppleWebKit/537.36 (KHTML, like Gecko) Chrome/37.0.2062.120 Safari/537.36" "-"
85.25.210.0 - - [01/Aug/2018:01:51:43 +0200] "GET /wp-content/themes/fcs/style.css?ver=1460744932 HTTP/1.1" 301 284 www.fc-schnaittach.de "http://www.fc-schnaittach.de/tischtennis/damen/" "Mozilla/5.0 (Windows NT 6.1; WOW64) AppleWebKit/537.36 (KHTML, like Gecko) Chrome/37.0.2062.120 Safari/537.36" "-"
85.25.210.0 - - [01/Aug/2018:01:51:43 +0200] "GET /wp-includes/js/wp-emoji-release.min.js?ver=4.9.7 HTTP/1.1" 200 11721 www.fc-schnaittach.de "http://www.fc-schnaittach.de/tischtennis/damen/" "Mozilla/5.0 (Windows NT 6.1; WOW64) AppleWebKit/537.36 (KHTML, like Gecko) Chrome/37.0.2062.120 Safari/537.36" "-"
85.25.210.0 - - [01/Aug/2018:01:51:43 +0200] "GET /wp-content/plugins/recently-updated-posts-widget/css/style.css?ver=4.9.7 HTTP/1.1" 200 45 www.fc-schnaittach.de "http://www.fc-schnaittach.de/tischtennis/damen/" "Mozilla/5.0 (Windows NT 6.1; WOW64) AppleWebKit/537.36 (KHTML, like Gecko) Chrome/37.0.2062.120 Safari/537.36" "-"
85.25.210.0 - - [01/Aug/2018:01:51:43 +0200] "GET /wp-content/themes/fcs/js/jquery.smartmenus.bootstrap.min.js?ver=1418750004 HTTP/1.1" 301 312 www.fc-schnaittach.de "http://www.fc-schnaittach.de/tischtennis/damen/" "Mozilla/5.0 (Windows NT 6.1; WOW64) AppleWebKit/537.36 (KHTML, like Gecko) Chrome/37.0.2062.120 Safari/537.36" "-"
85.25.210.0 - - [01/Aug/2018:01:51:43 +0200] "GET /wp-includes/js/jquery/jquery.js?ver=1.12.4 HTTP/1.1" 200 97184 www.fc-schnaittach.de "http://www.fc-schnaittach.de/tischtennis/damen/" "Mozilla/5.0 (Windows NT 6.1; WOW64) AppleWebKit/537.36 (KHTML, like Gecko) Chrome/37.0.2062.120 Safari/537.36" "-"
85.25.210.0 - - [01/Aug/2018:01:51:43 +0200] "GET /wp-content/themes/fcs/js/jquery.smartmenus.min.js?ver=1418750004 HTTP/1.1" 301 302 www.fc-schnaittach.de "http://www.fc-schnaittach.de/tischtennis/damen/" "Mozilla/5.0 (Windows NT 6.1; WOW64) AppleWebKit/537.36 (KHTML, like Gecko) Chrome/37.0.2062.120 Safari/537.36" "-"
85.25.210.0 - - [01/Aug/2018:01:51:44 +0200] "GET /wp-includes/js/jquery/jquery-migrate.min.js?ver=1.4.1 HTTP/1.1" 200 10056 www.fc-schnaittach.de "http://www.fc-schnaittach.de/tischtennis/damen/" "Mozilla/5.0 (Windows NT 6.1; WOW64) AppleWebKit/537.36 (KHTML, like Gecko) Chrome/37.0.2062.120 Safari/537.36" "-"
85.25.210.0 - - [01/Aug/2018:01:51:44 +0200] "GET /wp-content/themes/fcs/css/jquery.smartmenus.bootstrap.css?ver=1418749976 HTTP/1.1" 200 3128 www.fc-schnaittach.de "http://www.fc-schnaittach.de/tischtennis/damen/" "Mozilla/5.0 (Windows NT 6.1; WOW64) AppleWebKit/537.36 (KHTML, like Gecko) Chrome/37.0.2062.120 Safari/537.36" "-"
85.25.210.0 - - [01/Aug/2018:01:51:44 +0200] "GET /wp-content/plugins/contact-form-7/includes/js/scripts.js?ver=5.0.2 HTTP/1.1" 301 304 www.fc-schnaittach.de "http://www.fc-schnaittach.de/tischtennis/damen/" "Mozilla/5.0 (Windows NT 6.1; WOW64) AppleWebKit/537.36 (KHTML, like Gecko) Chrome/37.0.2062.120 Safari/537.36" "-"
85.25.210.0 - - [01/Aug/2018:01:51:44 +0200] "GET /wp-content/plugins/user-access-manager/assets/css/uamLoginForm.css?ver=2.1.11 HTTP/1.1" 301 315 www.fc-schnaittach.de "http://www.fc-schnaittach.de/tischtennis/damen/" "Mozilla/5.0 (Windows NT 6.1; WOW64) AppleWebKit/537.36 (KHTML, like Gecko) Chrome/37.0.2062.120 Safari/537.36" "-"
85.25.210.0 - - [01/Aug/2018:01:51:44 +0200] "GET /wp-includes/js/wp-embed.min.js?ver=4.9.7 HTTP/1.1" 301 278 www.fc-schnaittach.de "http://www.fc-schnaittach.de/tischtennis/damen/" "Mozilla/5.0 (Windows NT 6.1; WOW64) AppleWebKit/537.36 (KHTML, like Gecko) Chrome/37.0.2062.120 Safari/537.36" "-"
85.25.210.0 - - [01/Aug/2018:01:51:44 +0200] "GET /wp-content/themes/fcs/js/fcs.js?ver=1442772175 HTTP/1.1" 200 5542 www.fc-schnaittach.de "http://www.fc-schnaittach.de/tischtennis/damen/" "Mozilla/5.0 (Windows NT 6.1; WOW64) AppleWebKit/537.36 (KHTML, like Gecko) Chrome/37.0.2062.120 Safari/537.36" "-"
85.25.210.0 - - [01/Aug/2018:01:51:44 +0200] "GET /wp-content/themes/fcs/style.css?ver=1460744932 HTTP/1.1" 200 22587 www.fc-schnaittach.de "http://www.fc-schnaittach.de/tischtennis/damen/" "Mozilla/5.0 (Windows NT 6.1; WOW64) AppleWebKit/537.36 (KHTML, like Gecko) Chrome/37.0.2062.120 Safari/537.36" "-"
85.25.210.0 - - [01/Aug/2018:01:51:44 +0200] "GET /wp-content/themes/fcs/js/jquery.smartmenus.bootstrap.min.js?ver=1418750004 HTTP/1.1" 200 1252 www.fc-schnaittach.de "http://www.fc-schnaittach.de/tischtennis/damen/" "Mozilla/5.0 (Windows NT 6.1; WOW64) AppleWebKit/537.36 (KHTML, like Gecko) Chrome/37.0.2062.120 Safari/537.36" "-"
85.25.210.0 - - [01/Aug/2018:01:51:44 +0200] "GET /wp-content/themes/fcs/js/jquery.smartmenus.min.js?ver=1418750004 HTTP/1.1" 200 22672 www.fc-schnaittach.de "http://www.fc-schnaittach.de/tischtennis/damen/" "Mozilla/5.0 (Windows NT 6.1; WOW64) AppleWebKit/537.36 (KHTML, like Gecko) Chrome/37.0.2062.120 Safari/537.36" "-"
85.25.210.0 - - [01/Aug/2018:01:51:45 +0200] "GET /wp-content/plugins/contact-form-7/includes/css/styles.css?ver=5.0.2 HTTP/1.1" 301 305 www.fc-schnaittach.de "http://www.fc-schnaittach.de/tischtennis/damen/" "Mozilla/5.0 (Windows NT 6.1; WOW64) AppleWebKit/537.36 (KHTML, like Gecko) Chrome/37.0.2062.120 Safari/537.36" "-"
85.25.210.0 - - [01/Aug/2018:01:51:45 +0200] "GET /wp-content/plugins/feedzy-rss-feeds/css/feedzy-rss-feeds.css?ver=3.2.10 HTTP/1.1" 301 309 www.fc-schnaittach.de "http://www.fc-schnaittach.de/tischtennis/damen/" "Mozilla/5.0 (Windows NT 6.1; WOW64) AppleWebKit/537.36 (KHTML, like Gecko) Chrome/37.0.2062.120 Safari/537.36" "-"
85.25.210.0 - - [01/Aug/2018:01:51:45 +0200] "GET /wp-includes/js/wp-embed.min.js?ver=4.9.7 HTTP/1.1" 200 1398 www.fc-schnaittach.de "http://www.fc-schnaittach.de/tischtennis/damen/" "Mozilla/5.0 (Windows NT 6.1; WOW64) AppleWebKit/537.36 (KHTML, like Gecko) Chrome/37.0.2062.120 Safari/537.36" "-"
85.25.210.0 - - [01/Aug/2018:01:51:45 +0200] "GET /wp-content/plugins/contact-form-7/includes/js/scripts.js?ver=5.0.2 HTTP/1.1" 200 14585 www.fc-schnaittach.de "http://www.fc-schnaittach.de/tischtennis/damen/" "Mozilla/5.0 (Windows NT 6.1; WOW64) AppleWebKit/537.36 (KHTML, like Gecko) Chrome/37.0.2062.120 Safari/537.36" "-"
85.25.210.0 - - [01/Aug/2018:01:51:46 +0200] "GET /wp-content/plugins/user-access-manager/assets/css/uamLoginForm.css?ver=2.1.11 HTTP/1.1" 200 468 www.fc-schnaittach.de "http://www.fc-schnaittach.de/tischtennis/damen/" "Mozilla/5.0 (Windows NT 6.1; WOW64) AppleWebKit/537.36 (KHTML, like Gecko) Chrome/37.0.2062.120 Safari/537.36" "-"
85.25.210.0 - - [01/Aug/2018:01:51:46 +0200] "GET /wp-content/plugins/contact-form-7/includes/css/styles.css?ver=5.0.2 HTTP/1.1" 200 1683 www.fc-schnaittach.de "http://www.fc-schnaittach.de/tischtennis/damen/" "Mozilla/5.0 (Windows NT 6.1; WOW64) AppleWebKit/537.36 (KHTML, like Gecko) Chrome/37.0.2062.120 Safari/537.36" "-"
85.25.210.0 - - [01/Aug/2018:01:51:46 +0200] "GET /wp-content/plugins/feedzy-rss-feeds/css/feedzy-rss-feeds.css?ver=3.2.10 HTTP/1.1" 200 9822 www.fc-schnaittach.de "http://www.fc-schnaittach.de/tischtennis/damen/" "Mozilla/5.0 (Windows NT 6.1; WOW64) AppleWebKit/537.36 (KHTML, like Gecko) Chrome/37.0.2062.120 Safari/537.36" "-"
85.25.210.0 - - [01/Aug/2018:01:51:49 +0200] "GET /wp-content/themes/fcs/images/production/FcsWappen.png?ver=1487205002 HTTP/1.1" 301 306 www.fc-schnaittach.de "http://www.fc-schnaittach.de/tischtennis/damen/" "Mozilla/5.0 (Windows NT 6.1; WOW64) AppleWebKit/537.36 (KHTML, like Gecko) Chrome/37.0.2062.120 Safari/537.36" "-"
85.25.210.0 - - [01/Aug/2018:01:51:49 +0200] "GET /wp-content/uploads/2014/12/tt-2017-300x201.jpg HTTP/1.1" 301 284 www.fc-schnaittach.de "http://www.fc-schnaittach.de/tischtennis/damen/" "Mozilla/5.0 (Windows NT 6.1; WOW64) AppleWebKit/537.36 (KHTML, like Gecko) Chrome/37.0.2062.120 Safari/537.36" "-"
85.25.210.0 - - [01/Aug/2018:01:51:49 +0200] "GET /wp-content/uploads/2014/12/13731508269647197-300x200.jpg HTTP/1.1" 301 294 www.fc-schnaittach.de "http://www.fc-schnaittach.de/tischtennis/damen/" "Mozilla/5.0 (Windows NT 6.1; WOW64) AppleWebKit/537.36 (KHTML, like Gecko) Chrome/37.0.2062.120 Safari/537.36" "-"
85.25.210.0 - - [01/Aug/2018:01:51:49 +0200] "GET /wp-content/themes/fcs/images/production/FcsWappen.png HTTP/1.1" 301 291 www.fc-schnaittach.de "http://www.fc-schnaittach.de/tischtennis/damen/" "Mozilla/5.0 (Windows NT 6.1; WOW64) AppleWebKit/537.36 (KHTML, like Gecko) Chrome/37.0.2062.120 Safari/537.36" "-"
85.25.210.0 - - [01/Aug/2018:01:51:49 +0200] "GET /wp-content/uploads/2015/04/click-TT.png HTTP/1.1" 301 277 www.fc-schnaittach.de "http://www.fc-schnaittach.de/tischtennis/damen/" "Mozilla/5.0 (Windows NT 6.1; WOW64) AppleWebKit/537.36 (KHTML, like Gecko) Chrome/37.0.2062.120 Safari/537.36" "-"
85.25.210.0 - - [01/Aug/2018:01:51:51 +0200] "GET /wp-content/themes/fcs/images/production/FcsWappen.png?ver=1487205002 HTTP/1.1" 200 12482 www.fc-schnaittach.de "http://www.fc-schnaittach.de/tischtennis/damen/" "Mozilla/5.0 (Windows NT 6.1; WOW64) AppleWebKit/537.36 (KHTML, like Gecko) Chrome/37.0.2062.120 Safari/537.36" "-"
85.25.210.0 - - [01/Aug/2018:01:51:51 +0200] "GET /wp-content/uploads/2014/12/tt-2017-300x201.jpg HTTP/1.1" 200 11440 www.fc-schnaittach.de "http://www.fc-schnaittach.de/tischtennis/damen/" "Mozilla/5.0 (Windows NT 6.1; WOW64) AppleWebKit/537.36 (KHTML, like Gecko) Chrome/37.0.2062.120 Safari/537.36" "-"
85.25.210.0 - - [01/Aug/2018:01:51:51 +0200] "GET /wp-content/uploads/2014/12/13731508269647197-300x200.jpg HTTP/1.1" 200 10642 www.fc-schnaittach.de "http://www.fc-schnaittach.de/tischtennis/damen/" "Mozilla/5.0 (Windows NT 6.1; WOW64) AppleWebKit/537.36 (KHTML, like Gecko) Chrome/37.0.2062.120 Safari/537.36" "-"
85.25.210.0 - - [01/Aug/2018:01:51:51 +0200] "GET /wp-content/uploads/2015/04/click-TT.png HTTP/1.1" 200 4109 www.fc-schnaittach.de "http://www.fc-schnaittach.de/tischtennis/damen/" "Mozilla/5.0 (Windows NT 6.1; WOW64) AppleWebKit/537.36 (KHTML, like Gecko) Chrome/37.0.2062.120 Safari/537.36" "-"
85.25.210.0 - - [01/Aug/2018:01:51:52 +0200] "GET /wp-content/themes/fcs/images/production/FcsWappen.png HTTP/1.1" 200 12482 www.fc-schnaittach.de "http://www.fc-schnaittach.de/tischtennis/damen/" "Mozilla/5.0 (Windows NT 6.1; WOW64) AppleWebKit/537.36 (KHTML, like Gecko) Chrome/37.0.2062.120 Safari/537.36" "-"
85.25.210.0 - - [01/Aug/2018:01:52:00 +0200] "GET /tischtennis/damen/ HTTP/1.1" 200 6793 www.fc-schnaittach.de "-" "Mozilla/5.0 (compatible; adscanner/)" "-"
52.175.195.0 - - [01/Aug/2018:02:07:18 +0200] "HEAD / HTTP/1.1" 301 - www.fc-schnaittach.de "-" "HTTPing v2.4" "-"
157.55.39.0 - - [01/Aug/2018:02:09:05 +0200] "GET /wp-content/uploads/2015/06/20150613_115606.jpg HTTP/1.1" 301 284 www.fc-schnaittach.de "-" "Mozilla/5.0 (compatible; bingbot/2.0; +http://www.bing.com/bingbot.htm)" "-"
157.55.39.0 - - [01/Aug/2018:02:09:06 +0200] "GET /wp-content/uploads/2015/06/20150613_115606.jpg HTTP/1.1" 200 68058 www.fc-schnaittach.de "-" "Mozilla/5.0 (compatible; bingbot/2.0; +http://www.bing.com/bingbot.htm)" "-"
207.46.13.0 - - [01/Aug/2018:02:09:53 +0200] "GET /wp-content/uploads/2016/01/Tagesablauf_FJ_2016-724x1024.jpg HTTP/1.1" 301 297 www.fc-schnaittach.de "-" "Mozilla/5.0 (compatible; bingbot/2.0; +http://www.bing.com/bingbot.htm)" "-"
207.46.13.0 - - [01/Aug/2018:02:09:54 +0200] "GET /wp-content/uploads/2016/01/Tagesablauf_FJ_2016-724x1024.jpg HTTP/1.1" 200 80775 www.fc-schnaittach.de "-" "Mozilla/5.0 (compatible; bingbot/2.0; +http://www.bing.com/bingbot.htm)" "-"
77.220.213.0 - - [01/Aug/2018:02:10:46 +0200] "HEAD / HTTP/1.1" 301 - www.fc-schnaittach.de "https://avto-oligarh.ru" "Mozilla/8.0 (compatible; MSIE4.00; Windows 2004)" "-"
185.154.13.0 - - [01/Aug/2018:02:10:46 +0200] "HEAD / HTTP/1.1" 301 - www.fc-schnaittach.de "https://www.my-floor.in.ua/product/laminat-syraya-stal" "Mozilla/3.0 (compatible; MSIE3.00; Windows 2009)" "-"
77.220.214.0 - - [01/Aug/2018:02:10:46 +0200] "HEAD / HTTP/1.1" 301 - www.fc-schnaittach.de "https://vk.com/chelrestoran" "Mozilla/3.0 (compatible; MSIE4.00; Windows 2008)" "-"
185.209.20.0 - - [01/Aug/2018:02:10:47 +0200] "HEAD / HTTP/1.1" 301 - www.fc-schnaittach.de "http://angel777.kz" "Mozilla/2.0 (compatible; MSIE5.00; Windows 2006)" "-"
178.159.39.0 - - [01/Aug/2018:02:10:47 +0200] "HEAD / HTTP/1.1" 301 - www.fc-schnaittach.de "https://volond.com/articles/humor/651-pyanomu-lyubaya-nosha-po-plechu" "Mozilla/6.0 (compatible; MSIE7.00; Windows 2006)" "-"
216.244.66.0 - - [01/Aug/2018:02:12:42 +0200] "GET /robots.txt HTTP/1.1" 301 248 www.fc-schnaittach.de "-" "Mozilla/5.0 (compatible; DotBot/1.1; http://www.opensiteexplorer.org/dotbot, help@moz.com)" "-"
216.244.66.0 - - [01/Aug/2018:02:12:46 +0200] "GET /robots.txt HTTP/1.1" 200 35 www.fc-schnaittach.de "-" "Mozilla/5.0 (compatible; DotBot/1.1; http://www.opensiteexplorer.org/dotbot, help@moz.com)" "-"
157.55.39.0 - - [01/Aug/2018:02:17:00 +0200] "GET /tischtennis/damen/tt-2017/ HTTP/1.1" 200 194 www.fc-schnaittach.de "-" "Mozilla/5.0 (compatible; bingbot/2.0; +http://www.bing.com/bingbot.htm)" "-"
178.159.43.0 - - [01/Aug/2018:02:17:15 +0200] "HEAD / HTTP/1.1" 301 - www.fc-schnaittach.de "https://potolki5.by/natyazhnoj-potolok-v-spalnyu/" "Mozilla/7.0 (compatible; MSIE6.00; Windows 2009)" "-"
13.82.188.0 - - [01/Aug/2018:02:19:55 +0200] "HEAD / HTTP/1.1" 301 - www.fc-schnaittach.de "-" "HTTPing v2.4" "-"
52.175.195.0 - - [01/Aug/2018:02:31:51 +0200] "HEAD / HTTP/1.1" 301 - www.fc-schnaittach.de "-" "HTTPing v2.4" "-"
217.160.63.0 - - [01/Aug/2018:02:32:03 +0200] "HEAD /wp-content/uploads/2018/04/Werbebanner_1.jpg HTTP/1.1" 200 - www.fc-schnaittach.de "https://www.fc-schnaittach.de" "Mozilla/5.0 (compatible; MSIE 9.0; Windows NT 6.1; WOW64; Trident/5.0)" "-"
217.160.63.0 - - [01/Aug/2018:02:32:03 +0200] "POST /wp-cron.php?doing_wp_cron=1533083523.6486330032348632812500 HTTP/1.1" 200 23 www.fc-schnaittach.de "https://www.fc-schnaittach.de/wp-cron.php?doing_wp_cron=1533083523.6486330032348632812500" "WordPress/4.9.7; https://www.fc-schnaittach.de" "-"
66.249.66.0 - - [01/Aug/2018:02:32:03 +0200] "GET /fussball/3-mannschaft/ HTTP/1.1" 200 6619 www.fc-schnaittach.de "-" "Mozilla/5.0 (compatible; Googlebot/2.1; +http://www.google.com/bot.html)" "-"
217.160.63.0 - - [01/Aug/2018:02:32:05 +0200] "HEAD /wp-content/uploads/2018/04/Werbebanner_1-300x300.jpg HTTP/1.1" 200 - www.fc-schnaittach.de "https://www.fc-schnaittach.de" "Mozilla/5.0 (compatible; MSIE 9.0; Windows NT 6.1; WOW64; Trident/5.0)" "-"
52.175.195.0 - - [01/Aug/2018:02:39:47 +0200] "HEAD / HTTP/1.1" 301 - www.fc-schnaittach.de "-" "HTTPing v2.4" "-"
66.249.66.0 - - [01/Aug/2018:02:40:34 +0200] "GET /dragonrun/ HTTP/1.1" 200 11385 www.fc-schnaittach.de "-" "Mozilla/5.0 (Linux; Android 6.0.1; Nexus 5X Build/MMB29P) AppleWebKit/537.36 (KHTML, like Gecko) Chrome/41.0.2272.96 Mobile Safari/537.36 (compatible; Googlebot/2.1; +http://www.google.com/bot.html)" "-"
66.249.66.0 - - [01/Aug/2018:02:44:41 +0200] "GET /category/news/fussball/2-mannschaft/ HTTP/1.1" 200 6707 www.fc-schnaittach.de "-" "Mozilla/5.0 (Linux; Android 6.0.1; Nexus 5X Build/MMB29P) AppleWebKit/537.36 (KHTML, like Gecko) Chrome/41.0.2272.96 Mobile Safari/537.36 (compatible; Googlebot/2.1; +http://www.google.com/bot.html)" "-"
13.82.188.0 - - [01/Aug/2018:02:45:40 +0200] "HEAD / HTTP/1.1" 301 - www.fc-schnaittach.de "-" "HTTPing v2.4" "-"
54.36.148.0 - - [01/Aug/2018:02:48:14 +0200] "GET /fussball/2-mannschaft/galerie-2-mannschaft/feed/ HTTP/1.1" 200 553 www.fc-schnaittach.de "-" "Mozilla/5.0 (compatible; AhrefsBot/5.2; +http://ahrefs.com/robot/)" "-"
194.67.210.0 - - [01/Aug/2018:02:50:30 +0200] "HEAD / HTTP/1.1" 301 - www.fc-schnaittach.de "http://www.kazan.kontaktor.su/shkafy-silovye.html" "Mozilla/8.0 (compatible; MSIE4.00; Windows 2002)" "-"
66.249.66.0 - - [01/Aug/2018:02:52:52 +0200] "GET /budo-guertelpruefung-erfolgreich-durchgezogen/ HTTP/1.1" 200 6111 www.fc-schnaittach.de "-" "Mozilla/5.0 (compatible; Googlebot/2.1; +http://www.google.com/bot.html)" "-"
66.249.66.0 - - [01/Aug/2018:02:55:15 +0200] "GET / HTTP/1.1" 200 7770 www.fc-schnaittach.de "-" "Mozilla/5.0 (Linux; Android 6.0.1; Nexus 5X Build/MMB29P) AppleWebKit/537.36 (KHTML, like Gecko) Chrome/41.0.2272.96 Mobile Safari/537.36 (compatible; Googlebot/2.1; +http://www.google.com/bot.html)" "-"
157.55.39.0 - - [01/Aug/2018:03:03:53 +0200] "GET /wp-content/uploads/2014/10/Fabio_Oswald.jpg HTTP/1.1" 301 281 www.fc-schnaittach.de "-" "Mozilla/5.0 (compatible; bingbot/2.0; +http://www.bing.com/bingbot.htm)" "-"
157.55.39.0 - - [01/Aug/2018:03:03:55 +0200] "GET /wp-content/uploads/2014/10/Fabio_Oswald.jpg HTTP/1.1" 200 1144675 www.fc-schnaittach.de "-" "Mozilla/5.0 (compatible; bingbot/2.0; +http://www.bing.com/bingbot.htm)" "-"
157.55.39.0 - - [01/Aug/2018:03:08:11 +0200] "GET /wp-content/uploads/2015/11/Budo-Logo_20.06.2014_7x7cm.jpg HTTP/1.1" 200 23065 www.fc-schnaittach.de "-" "Mozilla/5.0 (compatible; bingbot/2.0; +http://www.bing.com/bingbot.htm)" "-"
66.249.66.0 - - [01/Aug/2018:03:12:31 +0200] "GET /attachment-sitemap.xml HTTP/1.1" 200 12644 www.fc-schnaittach.de "-" "Mozilla/5.0 (compatible; Googlebot/2.1; +http://www.google.com/bot.html)" "-"
157.55.39.0 - - [01/Aug/2018:03:15:18 +0200] "GET /wp-content/uploads/2015/03/Jasmin-M%C3%BCller-300x225.jpg HTTP/1.1" 301 295 www.fc-schnaittach.de "-" "Mozilla/5.0 (compatible; bingbot/2.0; +http://www.bing.com/bingbot.htm)" "-"
157.55.39.0 - - [01/Aug/2018:03:15:20 +0200] "GET /wp-content/uploads/2015/03/Jasmin-M%c3%bcller-300x225.jpg HTTP/1.1" 200 17177 www.fc-schnaittach.de "-" "Mozilla/5.0 (compatible; bingbot/2.0; +http://www.bing.com/bingbot.htm)" "-"
77.75.76.0 - - [01/Aug/2018:03:15:35 +0200] "GET /robots.txt HTTP/1.1" 200 35 fc-schnaittach.de "-" "Mozilla/5.0 (compatible; SeznamBot/3.2; +http://napoveda.seznam.cz/en/seznambot-intro/)" "-"
2a02:598:: - - [01/Aug/2018:03:15:36 +0200] "GET /wp-content/themes/fcs/images/production/Transparent.png HTTP/1.1" 304 - fc-schnaittach.de "-" "Mozilla/5.0 (compatible; SeznamBot/3.2; +http://napoveda.seznam.cz/en/seznambot-intro/)" "-"
77.75.76.0 - - [01/Aug/2018:03:15:37 +0200] "GET /robots.txt HTTP/1.1" 301 248 www.fc-schnaittach.de "-" "Mozilla/5.0 (compatible; SeznamBot/3.2; +http://napoveda.seznam.cz/en/seznambot-intro/)" "-"
2a02:598:: - - [01/Aug/2018:03:15:37 +0200] "GET /wp-content/uploads/2014/12/DSC04741-1.jpg HTTP/1.1" 301 279 www.fc-schnaittach.de "-" "Mozilla/5.0 (compatible; SeznamBot/3.2; +http://napoveda.seznam.cz/en/seznambot-intro/)" "-"
46.118.125.0 - - [01/Aug/2018:03:17:24 +0200] "GET /fussball/damen/ HTTP/1.1" 200 34403 www.fc-schnaittach.de "https://supermama.top/" "Mozilla/4.0 (compatible; MSIE 6.0; Windows NT 5.1; .NET CLR 1.1.4322)" "-"
46.118.125.0 - - [01/Aug/2018:03:17:26 +0200] "GET /fussball/damen/ HTTP/1.1" 200 34403 www.fc-schnaittach.de "https://supermama.top/" "Mozilla/4.0 (compatible; MSIE 6.0; Windows NT 5.1; .NET CLR 1.1.4322)" "-"
217.160.63.0 - - [01/Aug/2018:03:33:07 +0200] "POST /wp-cron.php?doing_wp_cron=1533087187.8697268962860107421875 HTTP/1.1" 200 23 www.fc-schnaittach.de "https://www.fc-schnaittach.de/wp-cron.php?doing_wp_cron=1533087187.8697268962860107421875" "WordPress/4.9.7; https://www.fc-schnaittach.de" "-"
207.46.13.0 - - [01/Aug/2018:03:33:07 +0200] "GET /hauptverein/sportheim/ HTTP/1.1" 200 6332 www.fc-schnaittach.de "-" "Mozilla/5.0 (compatible; bingbot/2.0; +http://www.bing.com/bingbot.htm)" "-"
13.82.188.0 - - [01/Aug/2018:03:34:08 +0200] "HEAD / HTTP/1.1" 301 - www.fc-schnaittach.de "-" "HTTPing v2.4" "-"
66.249.66.0 - - [01/Aug/2018:03:35:20 +0200] "GET /dragonrun/attachment/30/ HTTP/1.1" 200 194 www.fc-schnaittach.de "-" "Mozilla/5.0 (compatible; Googlebot/2.1; +http://www.google.com/bot.html)" "-"
216.244.66.0 - - [01/Aug/2018:03:42:02 +0200] "GET /robots.txt HTTP/1.1" 301 248 www.fc-schnaittach.de "-" "Mozilla/5.0 (compatible; DotBot/1.1; http://www.opensiteexplorer.org/dotbot, help@moz.com)" "-"
216.244.66.0 - - [01/Aug/2018:03:42:06 +0200] "GET /robots.txt HTTP/1.1" 200 35 www.fc-schnaittach.de "-" "Mozilla/5.0 (compatible; DotBot/1.1; http://www.opensiteexplorer.org/dotbot, help@moz.com)" "-"
66.249.66.0 - - [01/Aug/2018:03:43:09 +0200] "GET /dragonrun/attachment/36/ HTTP/1.1" 200 195 www.fc-schnaittach.de "-" "Mozilla/5.0 (compatible; Googlebot/2.1; +http://www.google.com/bot.html)" "-"
207.46.13.0 - - [01/Aug/2018:03:50:21 +0200] "GET /fussball/1-mannschaft/facebook-news/ HTTP/1.1" 200 6935 www.fc-schnaittach.de "-" "Mozilla/5.0 (compatible; bingbot/2.0; +http://www.bing.com/bingbot.htm)" "-"
157.55.39.0 - - [01/Aug/2018:03:53:14 +0200] "GET /wp-content/uploads/2014/10/Stefan_Schmid.jpg HTTP/1.1" 301 282 www.fc-schnaittach.de "-" "Mozilla/5.0 (compatible; bingbot/2.0; +http://www.bing.com/bingbot.htm)" "-"
157.55.39.0 - - [01/Aug/2018:03:53:15 +0200] "GET /wp-content/uploads/2014/10/Stefan_Schmid.jpg HTTP/1.1" 200 1182201 www.fc-schnaittach.de "-" "Mozilla/5.0 (compatible; bingbot/2.0; +http://www.bing.com/bingbot.htm)" "-"
66.249.66.0 - - [01/Aug/2018:03:55:18 +0200] "GET /dragonrun/attachment/34/ HTTP/1.1" 200 195 www.fc-schnaittach.de "-" "Mozilla/5.0 (compatible; Googlebot/2.1; +http://www.google.com/bot.html)" "-"
66.249.66.0 - - [01/Aug/2018:04:01:39 +0200] "GET /wp-content/uploads/2018/07/23.jpg HTTP/1.1" 304 - www.fc-schnaittach.de "-" "Googlebot-Image/1.0" "-"
66.249.66.0 - - [01/Aug/2018:04:06:39 +0200] "GET /wp-content/uploads/2018/06/SBC-Flyer-Spendenziel-2018.png HTTP/1.1" 304 - www.fc-schnaittach.de "-" "Googlebot-Image/1.0" "-"
176.10.99.0 - - [01/Aug/2018:04:14:14 +0200] "GET / HTTP/1.1" 301 238 fc-schnaittach.de "AfD-Verbotsverfahren_JETZT!" "AfD-Verbotsverfahren JETZT!" "-"
176.10.99.0 - - [01/Aug/2018:04:14:27 +0200] "GET / HTTP/1.1" 200 7770 www.fc-schnaittach.de "AfD-Verbotsverfahren_JETZT!" "AfD-Verbotsverfahren JETZT!" "-"
185.203.240.0 - - [01/Aug/2018:04:15:22 +0200] "HEAD / HTTP/1.1" 301 - www.fc-schnaittach.de "https://tonerbox.kz/g292025-zapravka-kartridzhej" "Mozilla/4.0 (compatible; MSIE4.00; Windows 2007)" "-"
77.220.215.0 - - [01/Aug/2018:04:15:22 +0200] "HEAD / HTTP/1.1" 301 - www.fc-schnaittach.de "https://konica.kz/printers-konica-pro" "Mozilla/5.0 (compatible; MSIE7.00; Windows 2003)" "-"
212.86.109.0 - - [01/Aug/2018:04:15:23 +0200] "HEAD / HTTP/1.1" 301 - www.fc-schnaittach.de "https://kovrenok.ru/catalog/kovry-pop-up/" "Mozilla/3.0 (compatible; MSIE3.00; Windows 2004)" "-"
5.196.87.0 - - [01/Aug/2018:04:20:02 +0200] "GET /wp-content/uploads/2015/03/SAM_0358.jpg HTTP/1.1" 301 277 www.fc-schnaittach.de "-" "Mozilla/5.0 (compatible; AhrefsBot/5.2; +http://ahrefs.com/robot/)" "-"
66.249.66.0 - - [01/Aug/2018:04:20:21 +0200] "GET /guideline-ocr-dragon-run/ HTTP/1.1" 200 7301 www.fc-schnaittach.de "-" "Mozilla/5.0 (Linux; Android 6.0.1; Nexus 5X Build/MMB29P) AppleWebKit/537.36 (KHTML, like Gecko) Chrome/41.0.2272.96 Mobile Safari/537.36 (compatible; Googlebot/2.1; +http://www.google.com/bot.html)" "-"
217.160.63.0 - - [01/Aug/2018:04:24:23 +0200] "POST /wp-cron.php?doing_wp_cron=1533090263.5767600536346435546875 HTTP/1.1" 200 23 www.fc-schnaittach.de "https://www.fc-schnaittach.de/wp-cron.php?doing_wp_cron=1533090263.5767600536346435546875" "WordPress/4.9.7; https://www.fc-schnaittach.de" "-"
207.46.13.0 - - [01/Aug/2018:04:24:23 +0200] "GET /hauptverein/kontakt/ HTTP/1.1" 200 6936 www.fc-schnaittach.de "-" "Mozilla/5.0 (compatible; bingbot/2.0; +http://www.bing.com/bingbot.htm)" "-"
40.77.188.0 - - [01/Aug/2018:04:24:27 +0200] "GET /wp-json/contact-form-7/v1/contact-forms/717/refill HTTP/1.1" 200 5 www.fc-schnaittach.de "-" "Mozilla/5.0 (Windows NT 6.1; WOW64) AppleWebKit/534+ (KHTML, like Gecko) BingPreview/1.0b" "-"
66.249.66.0 - - [01/Aug/2018:04:29:37 +0200] "GET /dragonrun/attachment/33/ HTTP/1.1" 200 195 www.fc-schnaittach.de "-" "Mozilla/5.0 (compatible; Googlebot/2.1; +http://www.google.com/bot.html)" "-"
66.249.66.0 - - [01/Aug/2018:04:33:14 +0200] "GET /wp-content/uploads/2015/10/2-150x150.jpg HTTP/1.1" 301 278 www.fc-schnaittach.de "-" "Googlebot-Image/1.0" "-"
66.249.66.0 - - [01/Aug/2018:04:33:14 +0200] "GET /wp-content/uploads/2015/10/2-150x150.jpg HTTP/1.1" 200 11935 www.fc-schnaittach.de "-" "Googlebot-Image/1.0" "-"
54.36.148.0 - - [01/Aug/2018:04:35:58 +0200] "GET /wp-content/uploads/2018/07/26.jpg HTTP/1.1" 200 238913 www.fc-schnaittach.de "-" "Mozilla/5.0 (compatible; AhrefsBot/5.2; +http://ahrefs.com/robot/)" "-"
13.82.188.0 - - [01/Aug/2018:04:36:53 +0200] "HEAD / HTTP/1.1" 301 - www.fc-schnaittach.de "-" "HTTPing v2.4" "-"
157.55.39.0 - - [01/Aug/2018:04:38:13 +0200] "GET /wp-content/uploads/2014/12/TT-Herren3.jpg HTTP/1.1" 301 279 www.fc-schnaittach.de "-" "Mozilla/5.0 (compatible; bingbot/2.0; +http://www.bing.com/bingbot.htm)" "-"
157.55.39.0 - - [01/Aug/2018:04:38:14 +0200] "GET /wp-content/uploads/2014/12/TT-Herren3.jpg HTTP/1.1" 200 90394 www.fc-schnaittach.de "-" "Mozilla/5.0 (compatible; bingbot/2.0; +http://www.bing.com/bingbot.htm)" "-"
207.46.13.0 - - [01/Aug/2018:04:40:35 +0200] "GET /budo/ HTTP/1.1" 200 7432 www.fc-schnaittach.de "-" "Mozilla/5.0 (compatible; bingbot/2.0; +http://www.bing.com/bingbot.htm)" "-"
157.55.39.0 - - [01/Aug/2018:04:41:59 +0200] "GET /dragonrun/4-2/ HTTP/1.1" 200 195 www.fc-schnaittach.de "-" "Mozilla/5.0 (compatible; bingbot/2.0; +http://www.bing.com/bingbot.htm)" "-"
66.249.66.0 - - [01/Aug/2018:04:43:33 +0200] "GET / HTTP/1.1" 200 7770 www.fc-schnaittach.de "-" "Mozilla/5.0 (Linux; Android 6.0.1; Nexus 5X Build/MMB29P) AppleWebKit/537.36 (KHTML, like Gecko) Chrome/41.0.2272.96 Mobile Safari/537.36 (compatible; Googlebot/2.1; +http://www.google.com/bot.html)" "-"
66.249.66.0 - - [01/Aug/2018:04:44:27 +0200] "GET /dragonrun/ HTTP/1.1" 200 11385 www.fc-schnaittach.de "-" "Mozilla/5.0 (Linux; Android 6.0.1; Nexus 5X Build/MMB29P) AppleWebKit/537.36 (KHTML, like Gecko) Chrome/41.0.2272.96 Mobile Safari/537.36 (compatible; Googlebot/2.1; +http://www.google.com/bot.html)" "-"
66.249.66.0 - - [01/Aug/2018:04:51:57 +0200] "GET /wp-content/uploads/2018/06/6.jpg HTTP/1.1" 304 - www.fc-schnaittach.de "-" "Googlebot-Image/1.0" "-"
13.57.233.0 - - [01/Aug/2018:04:52:13 +0200] "GET / HTTP/1.1" 200 7770 www.fc-schnaittach.de "-" "Mozilla/5.0 (Macintosh; Intel Mac OS X 10_12_6) AppleWebKit/537.36 (KHTML, like Gecko) Chrome/61.0.3163.100 Safari/537.36" "-"
95.163.255.0 - - [01/Aug/2018:04:52:46 +0200] "GET /robots.txt HTTP/1.1" 301 248 www.fc-schnaittach.de "-" "Mozilla/5.0 (compatible; Linux x86_64; Mail.RU_Bot/2.0; +http://go.mail.ru/help/robots)" "-"
95.163.255.0 - - [01/Aug/2018:04:52:50 +0200] "GET /sitemap-misc.xml HTTP/1.1" 200 578 www.fc-schnaittach.de "-" "Mozilla/5.0 (compatible; Linux x86_64; Mail.RU_Bot/2.0; +http://go.mail.ru/help/robots)" "-"
207.46.13.0 - - [01/Aug/2018:04:53:16 +0200] "GET /wp-content/uploads/2014/10/DSC03503-e1430394776625.jpg HTTP/1.1" 301 292 www.fc-schnaittach.de "-" "Mozilla/5.0 (compatible; bingbot/2.0; +http://www.bing.com/bingbot.htm)" "-"
207.46.13.0 - - [01/Aug/2018:04:53:17 +0200] "GET /wp-content/uploads/2014/10/DSC03503-e1430394776625.jpg HTTP/1.1" 200 128439 www.fc-schnaittach.de "-" "Mozilla/5.0 (compatible; bingbot/2.0; +http://www.bing.com/bingbot.htm)" "-"
216.244.66.0 - - [01/Aug/2018:04:55:27 +0200] "GET /robots.txt HTTP/1.1" 301 248 www.fc-schnaittach.de "-" "Mozilla/5.0 (compatible; DotBot/1.1; http://www.opensiteexplorer.org/dotbot, help@moz.com)" "-"
216.244.66.0 - - [01/Aug/2018:04:55:29 +0200] "GET /robots.txt HTTP/1.1" 200 35 www.fc-schnaittach.de "-" "Mozilla/5.0 (compatible; DotBot/1.1; http://www.opensiteexplorer.org/dotbot, help@moz.com)" "-"
66.249.66.0 - - [01/Aug/2018:05:01:54 +0200] "GET /sitemap-pt-post-2016-10.xml HTTP/1.1" 200 492 www.fc-schnaittach.de "-" "Mozilla/5.0 (compatible; Googlebot/2.1; +http://www.google.com/bot.html)" "-"
52.175.195.0 - - [01/Aug/2018:05:01:57 +0200] "HEAD / HTTP/1.1" 301 - www.fc-schnaittach.de "-" "HTTPing v2.4" "-"
207.46.13.0 - - [01/Aug/2018:05:02:58 +0200] "GET /category/news/tischtennis/ HTTP/1.1" 200 6625 www.fc-schnaittach.de "-" "Mozilla/5.0 (compatible; bingbot/2.0; +http://www.bing.com/bingbot.htm)" "-"
52.175.195.0 - - [01/Aug/2018:05:03:58 +0200] "HEAD / HTTP/1.1" 301 - www.fc-schnaittach.de "-" "HTTPing v2.4" "-"
77.75.77.0 - - [01/Aug/2018:05:07:26 +0200] "GET /robots.txt HTTP/1.1" 200 35 fc-schnaittach.de "-" "Mozilla/5.0 (compatible; SeznamBot/3.2; +http://napoveda.seznam.cz/en/seznambot-intro/)" "-"
2a02:598:: - - [01/Aug/2018:05:07:27 +0200] "GET /wp-content/uploads/2015/04/FCS-2-Mannschaft-Meister-19-300x225.jpg HTTP/1.1" 304 - fc-schnaittach.de "-" "Mozilla/5.0 (compatible; SeznamBot/3.2; +http://napoveda.seznam.cz/en/seznambot-intro/)" "-"
